E0826 00:34:53.946120 3692118 slow_operation_alarm.cc:73] Constant folding an instruction is taking > 1s:

  %dot = f64[1280,1024]{1,0} dot(%constant.14, %constant.15), lhs_contracting_dims={1}, rhs_contracting_dims={0}, operand_precision={highest,highest}, metadata={op_name="jit(prev_of)/dot_general" stack_frame_id=13}

This isn't necessarily a bug; constant-folding is inherently a trade-off between compilation time and speed at runtime. XLA has some guards that attempt to keep constant folding from taking too long, but fundamentally you'll always be able to come up with an input program that takes a long time.

If you'd like to file a bug, run with envvar XLA_FLAGS=--xla_dump_to=/tmp/foo and attach the results.
E0826 00:34:54.120940 3692013 slow_operation_alarm.cc:140] The operation took 1.17490418s
Constant folding an instruction is taking > 1s:

  %dot = f64[1280,1024]{1,0} dot(%constant.14, %constant.15), lhs_contracting_dims={1}, rhs_contracting_dims={0}, operand_precision={highest,highest}, metadata={op_name="jit(prev_of)/dot_general" stack_frame_id=13}

This isn't necessarily a bug; constant-folding is inherently a trade-off between compilation time and speed at runtime. XLA has some guards that attempt to keep constant folding from taking too long, but fundamentally you'll always be able to come up with an input program that takes a long time.

If you'd like to file a bug, run with envvar XLA_FLAGS=--xla_dump_to=/tmp/foo and attach the results.
E0826 00:34:57.389089 3692118 slow_operation_alarm.cc:73] Constant folding an instruction is taking > 2s:

  %dot_general.11 = f64[1280,1024]{1,0} dot(%constant.46, %constant.29), lhs_contracting_dims={1}, rhs_contracting_dims={0}, operand_precision={highest,highest}, metadata={op_name="jit(prev_of)/dot_general" stack_frame_id=13}

This isn't necessarily a bug; constant-folding is inherently a trade-off between compilation time and speed at runtime. XLA has some guards that attempt to keep constant folding from taking too long, but fundamentally you'll always be able to come up with an input program that takes a long time.

If you'd like to file a bug, run with envvar XLA_FLAGS=--xla_dump_to=/tmp/foo and attach the results.
E0826 00:35:07.661534 3692013 slow_operation_alarm.cc:140] The operation took 12.272525682s
Constant folding an instruction is taking > 2s:

  %dot_general.11 = f64[1280,1024]{1,0} dot(%constant.46, %constant.29), lhs_contracting_dims={1}, rhs_contracting_dims={0}, operand_precision={highest,highest}, metadata={op_name="jit(prev_of)/dot_general" stack_frame_id=13}

This isn't necessarily a bug; constant-folding is inherently a trade-off between compilation time and speed at runtime. XLA has some guards that attempt to keep constant folding from taking too long, but fundamentally you'll always be able to come up with an input program that takes a long time.

If you'd like to file a bug, run with envvar XLA_FLAGS=--xla_dump_to=/tmp/foo and attach the results.
E0826 00:35:11.734379 3692118 slow_operation_alarm.cc:73] Constant folding an instruction is taking > 4s:

  %dot_general.12 = f64[1280,512]{1,0} dot(%constant.54, %constant.30), lhs_contracting_dims={1}, rhs_contracting_dims={0}, operand_precision={highest,highest}, metadata={op_name="jit(prev_of)/dot_general" stack_frame_id=15}

This isn't necessarily a bug; constant-folding is inherently a trade-off between compilation time and speed at runtime. XLA has some guards that attempt to keep constant folding from taking too long, but fundamentally you'll always be able to come up with an input program that takes a long time.

If you'd like to file a bug, run with envvar XLA_FLAGS=--xla_dump_to=/tmp/foo and attach the results.
E0826 00:35:13.906762 3692013 slow_operation_alarm.cc:140] The operation took 6.17245994s
Constant folding an instruction is taking > 4s:

  %dot_general.12 = f64[1280,512]{1,0} dot(%constant.54, %constant.30), lhs_contracting_dims={1}, rhs_contracting_dims={0}, operand_precision={highest,highest}, metadata={op_name="jit(prev_of)/dot_general" stack_frame_id=15}

This isn't necessarily a bug; constant-folding is inherently a trade-off between compilation time and speed at runtime. XLA has some guards that attempt to keep constant folding from taking too long, but fundamentally you'll always be able to come up with an input program that takes a long time.

If you'd like to file a bug, run with envvar XLA_FLAGS=--xla_dump_to=/tmp/foo and attach the results.
E0826 00:35:24.943761 3692118 slow_operation_alarm.cc:73] Constant folding an instruction is taking > 8s:

  %dot_general.43 = f64[1280,1024]{1,0} dot(%constant.96, %constant.54), lhs_contracting_dims={1}, rhs_contracting_dims={0}, operand_precision={highest,highest}, metadata={op_name="jit(rJ)/dot_general" stack_frame_id=18}

This isn't necessarily a bug; constant-folding is inherently a trade-off between compilation time and speed at runtime. XLA has some guards that attempt to keep constant folding from taking too long, but fundamentally you'll always be able to come up with an input program that takes a long time.

If you'd like to file a bug, run with envvar XLA_FLAGS=--xla_dump_to=/tmp/foo and attach the results.
E0826 00:35:29.319463 3692013 slow_operation_alarm.cc:140] The operation took 12.375778562s
Constant folding an instruction is taking > 8s:

  %dot_general.43 = f64[1280,1024]{1,0} dot(%constant.96, %constant.54), lhs_contracting_dims={1}, rhs_contracting_dims={0}, operand_precision={highest,highest}, metadata={op_name="jit(rJ)/dot_general" stack_frame_id=18}

This isn't necessarily a bug; constant-folding is inherently a trade-off between compilation time and speed at runtime. XLA has some guards that attempt to keep constant folding from taking too long, but fundamentally you'll always be able to come up with an input program that takes a long time.

If you'd like to file a bug, run with envvar XLA_FLAGS=--xla_dump_to=/tmp/foo and attach the results.
E0826 00:50:03.775977 3692118 slow_operation_alarm.cc:73] Constant folding an instruction is taking > 16s:

  %dot_general.11 = f64[5120,1024]{1,0} dot(%constant.46, %constant.29), lhs_contracting_dims={1}, rhs_contracting_dims={0}, operand_precision={highest,highest}, metadata={op_name="jit(prev_of)/dot_general" stack_frame_id=13}

This isn't necessarily a bug; constant-folding is inherently a trade-off between compilation time and speed at runtime. XLA has some guards that attempt to keep constant folding from taking too long, but fundamentally you'll always be able to come up with an input program that takes a long time.

If you'd like to file a bug, run with envvar XLA_FLAGS=--xla_dump_to=/tmp/foo and attach the results.
E0826 00:50:38.030445 3692013 slow_operation_alarm.cc:140] The operation took 50.254546579s
Constant folding an instruction is taking > 16s:

  %dot_general.11 = f64[5120,1024]{1,0} dot(%constant.46, %constant.29), lhs_contracting_dims={1}, rhs_contracting_dims={0}, operand_precision={highest,highest}, metadata={op_name="jit(prev_of)/dot_general" stack_frame_id=13}

This isn't necessarily a bug; constant-folding is inherently a trade-off between compilation time and speed at runtime. XLA has some guards that attempt to keep constant folding from taking too long, but fundamentally you'll always be able to come up with an input program that takes a long time.

If you'd like to file a bug, run with envvar XLA_FLAGS=--xla_dump_to=/tmp/foo and attach the results.
E0826 00:51:47.694106 3692118 slow_operation_alarm.cc:73] Constant folding an instruction is taking > 32s:

  %dot_general.43 = f64[5120,1024]{1,0} dot(%constant.96, %constant.54), lhs_contracting_dims={1}, rhs_contracting_dims={0}, operand_precision={highest,highest}, metadata={op_name="jit(rJ)/dot_general" stack_frame_id=18}

This isn't necessarily a bug; constant-folding is inherently a trade-off between compilation time and speed at runtime. XLA has some guards that attempt to keep constant folding from taking too long, but fundamentally you'll always be able to come up with an input program that takes a long time.

If you'd like to file a bug, run with envvar XLA_FLAGS=--xla_dump_to=/tmp/foo and attach the results.
E0826 00:52:06.249609 3692013 slow_operation_alarm.cc:140] The operation took 50.555598685s
Constant folding an instruction is taking > 32s:

  %dot_general.43 = f64[5120,1024]{1,0} dot(%constant.96, %constant.54), lhs_contracting_dims={1}, rhs_contracting_dims={0}, operand_precision={highest,highest}, metadata={op_name="jit(rJ)/dot_general" stack_frame_id=18}

This isn't necessarily a bug; constant-folding is inherently a trade-off between compilation time and speed at runtime. XLA has some guards that attempt to keep constant folding from taking too long, but fundamentally you'll always be able to come up with an input program that takes a long time.

If you'd like to file a bug, run with envvar XLA_FLAGS=--xla_dump_to=/tmp/foo and attach the results.
E0826 00:58:22.216329 3692118 slow_operation_alarm.cc:73] 
********************************
[Compiling module input_reduce_fusion.2 for GPU] Very slow compile? If you want to file a bug, run with envvar XLA_FLAGS=--xla_dump_to=/tmp/foo and attach the results.
********************************
E0826 01:02:45.454754 3692117 slow_operation_alarm.cc:140] The operation took 6m23.238544565s

********************************
[Compiling module input_reduce_fusion.2 for GPU] Very slow compile? If you want to file a bug, run with envvar XLA_FLAGS=--xla_dump_to=/tmp/foo and attach the results.
********************************
