host=pax106 job=4288827 config=configs/panel_heat64.json jax_fraction=0.6
NVIDIA A100 80GB PCIe, GPU-958eaf8d-bc37-c972-8632-fe73352de1ac, 81920 MiB
10.235.106.30:/projects/paralab  4.6T  4.2T  367G  93% /cluster/tufts/paralab
jax_backend=gpu
[13:56:53] building heat 64
torch_backend=cuda NVIDIA A100 80GB PCIe
[13:57:06] accuracy pass: 16 arms x 64 cases
[13:57:13] case 0: nmrom_accurate_R320_linear_cn=0.0295%, nmrom_fast_R128_linear_cn=0.0375%, fom_cncg_dt0.025_rtol1e-6_NAMED=0.0294%, fom_cncg_dt0.025_rtol1e-4=0.0353%, fom_cncg_dt0.025_rtol1e-3=0.4941%, fom_cncg_dt0.025_rtol1e-2=1.2609%, fom_cncg_dt0.05_rtol1e-4=0.1187%, fom_cncg_dt0.05_rtol1e-3=0.1484%, fom_cncg_dt0.05_rtol1e-2=1.5671%, fom_cncg_dt0.1_rtol1e-4=0.4883%, fom_cncg_dt0.1_rtol1e-3=0.4912%, fom_cncg_dt0.1_rtol1e-2=1.2831%, op_deeponet_don-s=5.0889%, op_fno_fno-l=1.7563%, op_transolver_tsol-s=3.5274%, op_unet_unet-l=1.3315%
[13:57:14] case 8: nmrom_accurate_R320_linear_cn=0.0225%, nmrom_fast_R128_linear_cn=0.2412%, fom_cncg_dt0.025_rtol1e-6_NAMED=0.0211%, fom_cncg_dt0.025_rtol1e-4=0.0259%, fom_cncg_dt0.025_rtol1e-3=0.6173%, fom_cncg_dt0.025_rtol1e-2=1.1081%, fom_cncg_dt0.05_rtol1e-4=0.0862%, fom_cncg_dt0.05_rtol1e-3=0.1196%, fom_cncg_dt0.05_rtol1e-2=1.3506%, fom_cncg_dt0.1_rtol1e-4=0.3473%, fom_cncg_dt0.1_rtol1e-3=0.3547%, fom_cncg_dt0.1_rtol1e-2=1.1931%, op_deeponet_don-s=10.5840%, op_fno_fno-l=4.5346%, op_transolver_tsol-s=3.2189%, op_unet_unet-l=3.5831%
[13:57:15] case 16: nmrom_accurate_R320_linear_cn=0.0277%, nmrom_fast_R128_linear_cn=0.1097%, fom_cncg_dt0.025_rtol1e-6_NAMED=0.0274%, fom_cncg_dt0.025_rtol1e-4=0.0327%, fom_cncg_dt0.025_rtol1e-3=0.5095%, fom_cncg_dt0.025_rtol1e-2=1.3530%, fom_cncg_dt0.05_rtol1e-4=0.1108%, fom_cncg_dt0.05_rtol1e-3=0.1432%, fom_cncg_dt0.05_rtol1e-2=1.5095%, fom_cncg_dt0.1_rtol1e-4=0.4553%, fom_cncg_dt0.1_rtol1e-3=0.4568%, fom_cncg_dt0.1_rtol1e-2=1.3677%, op_deeponet_don-s=7.1324%, op_fno_fno-l=3.3564%, op_transolver_tsol-s=5.8666%, op_unet_unet-l=3.3002%
[13:57:16] case 24: nmrom_accurate_R320_linear_cn=0.0572%, nmrom_fast_R128_linear_cn=0.5655%, fom_cncg_dt0.025_rtol1e-6_NAMED=0.0543%, fom_cncg_dt0.025_rtol1e-4=0.0610%, fom_cncg_dt0.025_rtol1e-3=0.5017%, fom_cncg_dt0.025_rtol1e-2=1.5702%, fom_cncg_dt0.05_rtol1e-4=0.2218%, fom_cncg_dt0.05_rtol1e-3=0.2440%, fom_cncg_dt0.05_rtol1e-2=1.8288%, fom_cncg_dt0.1_rtol1e-4=0.9840%, fom_cncg_dt0.1_rtol1e-3=0.9837%, fom_cncg_dt0.1_rtol1e-2=1.1801%, op_deeponet_don-s=19.0240%, op_fno_fno-l=3.5931%, op_transolver_tsol-s=4.1159%, op_unet_unet-l=2.2023%
[13:57:18] case 32: nmrom_accurate_R320_linear_cn=0.0244%, nmrom_fast_R128_linear_cn=0.0731%, fom_cncg_dt0.025_rtol1e-6_NAMED=0.0242%, fom_cncg_dt0.025_rtol1e-4=0.0292%, fom_cncg_dt0.025_rtol1e-3=0.5645%, fom_cncg_dt0.025_rtol1e-2=1.0865%, fom_cncg_dt0.05_rtol1e-4=0.0976%, fom_cncg_dt0.05_rtol1e-3=0.1362%, fom_cncg_dt0.05_rtol1e-2=1.4141%, fom_cncg_dt0.1_rtol1e-4=0.4004%, fom_cncg_dt0.1_rtol1e-3=0.4014%, fom_cncg_dt0.1_rtol1e-2=1.5922%, op_deeponet_don-s=5.0784%, op_fno_fno-l=2.9724%, op_transolver_tsol-s=3.2813%, op_unet_unet-l=2.3516%
[13:57:19] case 40: nmrom_accurate_R320_linear_cn=0.0227%, nmrom_fast_R128_linear_cn=0.2935%, fom_cncg_dt0.025_rtol1e-6_NAMED=0.0210%, fom_cncg_dt0.025_rtol1e-4=0.0257%, fom_cncg_dt0.025_rtol1e-3=0.5994%, fom_cncg_dt0.025_rtol1e-2=1.2301%, fom_cncg_dt0.05_rtol1e-4=0.0862%, fom_cncg_dt0.05_rtol1e-3=0.1336%, fom_cncg_dt0.05_rtol1e-2=1.3873%, fom_cncg_dt0.1_rtol1e-4=0.3454%, fom_cncg_dt0.1_rtol1e-3=0.3523%, fom_cncg_dt0.1_rtol1e-2=1.3493%, op_deeponet_don-s=11.4567%, op_fno_fno-l=5.5571%, op_transolver_tsol-s=4.9565%, op_unet_unet-l=3.8587%
[13:57:20] case 48: nmrom_accurate_R320_linear_cn=0.0696%, nmrom_fast_R128_linear_cn=0.4186%, fom_cncg_dt0.025_rtol1e-6_NAMED=0.0686%, fom_cncg_dt0.025_rtol1e-4=0.0686%, fom_cncg_dt0.025_rtol1e-3=0.4497%, fom_cncg_dt0.025_rtol1e-2=1.6323%, fom_cncg_dt0.05_rtol1e-4=0.2807%, fom_cncg_dt0.05_rtol1e-3=0.2886%, fom_cncg_dt0.05_rtol1e-2=1.7562%, fom_cncg_dt0.1_rtol1e-4=1.2669%, fom_cncg_dt0.1_rtol1e-3=1.2667%, fom_cncg_dt0.1_rtol1e-2=1.2888%, op_deeponet_don-s=20.2731%, op_fno_fno-l=3.6578%, op_transolver_tsol-s=4.5706%, op_unet_unet-l=2.4527%
[13:57:21] case 56: nmrom_accurate_R320_linear_cn=0.0364%, nmrom_fast_R128_linear_cn=0.1480%, fom_cncg_dt0.025_rtol1e-6_NAMED=0.0361%, fom_cncg_dt0.025_rtol1e-4=0.0417%, fom_cncg_dt0.025_rtol1e-3=0.5070%, fom_cncg_dt0.025_rtol1e-2=1.2790%, fom_cncg_dt0.05_rtol1e-4=0.1457%, fom_cncg_dt0.05_rtol1e-3=0.1742%, fom_cncg_dt0.05_rtol1e-2=1.7911%, fom_cncg_dt0.1_rtol1e-4=0.6010%, fom_cncg_dt0.1_rtol1e-3=0.6030%, fom_cncg_dt0.1_rtol1e-2=1.2153%, op_deeponet_don-s=9.9845%, op_fno_fno-l=2.9605%, op_transolver_tsol-s=3.3364%, op_unet_unet-l=1.4390%
[13:57:22] reproduction gate passed=False max gap 0.01725519605142345
[13:57:22] timing: 16 arms x 64 cases x 3 rounds
[13:58:22] timing round 0 done
[13:59:22] timing round 1 done
[14:00:22] timing round 2 done
[14:00:22] PANEL DONE {"nmrom_accurate_R320_linear_cn": [0.0824, 1.221], "nmrom_fast_R128_linear_cn": [1.111, 0.575], "fom_cncg_dt0.025_rtol1e-6_NAMED": [0.0813, 9.085], "fom_cncg_dt0.025_rtol1e-4": [0.0813, 6.379], "fom_cncg_dt0.025_rtol1e-3": [0.6225, 4.946], "fom_cncg_dt0.025_rtol1e-2": [1.8012, 4.397], "fom_cncg_dt0.05_rtol1e-4": [0.3335, 5.235], "fom_cncg_dt0.05_rtol1e-3": [0.3347, 4.146], "fom_cncg_dt0.05_rtol1e-2": [1.9847, 2.982], "fom_cncg_dt0.1_rtol1e-4": [1.5273, 4.487], "fom_cncg_dt0.1_rtol1e-3": [1.5271, 3.361], "fom_cncg_dt0.1_rtol1e-2": [1.6392, 2.411], "op_deeponet_don-s": [24.1254, 16.922], "op_fno_fno-l": [5.8078, 11.875], "op_transolver_tsol-s": [6.1838, 17.76], "op_unet_unet-l": [3.9458, 31.518]}
[14:00:22] FOM fom_cncg_dt0.025_rtol1e-4 gates {'reproduction': False, 'drift_selected': True, 'fom_found': True}
RUN_EXIT=0
ALL-DONE
