host=pax051 source_commit=0bb3cc86e7401024838e0949d86e87bf5add3bab
NVIDIA A100-PCIE-40GB, 40960 MiB
10.235.106.24:/projects/paralab  4.6T  4.2T  434G  91% /cluster/tufts/paralab
jax_backend=gpu
{"jax_backend": "gpu", "jax_version": "0.10.2", "x64": true, "matmul_precision": "highest", "devices": ["cuda:0"], "device_kind": ["NVIDIA A100-PCIE-40GB"], "host": "pax051", "source_commit": "0bb3cc86e7401024838e0949d86e87bf5add3bab", "job_id": "3780448", "numpy_version": "2.5.0"}
training_coefficients dirichlet 0
training_coefficients dirichlet 1
training_coefficients dirichlet 2
training_coefficients dirichlet 3
training_coefficients dirichlet 4
training_coefficients dirichlet 5
training_coefficients dirichlet 6
training_coefficients dirichlet 7
training_coefficients dirichlet 8
training_coefficients dirichlet 9
training_coefficients dirichlet 10
training_coefficients dirichlet 11
training_coefficients dirichlet 12
training_coefficients dirichlet 13
training_coefficients dirichlet 14
training_coefficients dirichlet 15
training_coefficients dirichlet 16
training_coefficients dirichlet 17
training_coefficients dirichlet 18
training_coefficients dirichlet 19
training_coefficients dirichlet 20
training_coefficients dirichlet 21
training_coefficients dirichlet 22
training_coefficients dirichlet 23
training_coefficients dirichlet 24
training_coefficients dirichlet 25
training_coefficients dirichlet 26
training_coefficients dirichlet 27
training_coefficients dirichlet 28
training_coefficients dirichlet 29
training_coefficients dirichlet 30
training_coefficients dirichlet 31
training_coefficients dirichlet 32
training_coefficients dirichlet 33
training_coefficients dirichlet 34
training_coefficients dirichlet 35
training_coefficients dirichlet 36
training_coefficients dirichlet 37
training_coefficients dirichlet 38
training_coefficients dirichlet 39
training_coefficients dirichlet 40
training_coefficients dirichlet 41
training_coefficients dirichlet 42
training_coefficients dirichlet 43
training_coefficients dirichlet 44
training_coefficients dirichlet 45
training_coefficients dirichlet 46
training_coefficients dirichlet 47
training_coefficients dirichlet 48
training_coefficients dirichlet 49
training_coefficients dirichlet 50
training_coefficients dirichlet 51
training_coefficients dirichlet 52
training_coefficients dirichlet 53
training_coefficients dirichlet 54
training_coefficients dirichlet 55
training_coefficients dirichlet 56
training_coefficients dirichlet 57
training_coefficients dirichlet 58
training_coefficients dirichlet 59
training_coefficients dirichlet 60
training_coefficients dirichlet 61
training_coefficients dirichlet 62
training_coefficients dirichlet 63
pod_training_case 0
pod_training_case 1
pod_training_case 2
pod_training_case 3
pod_training_case 4
pod_training_case 5
pod_training_case 6
pod_training_case 7
pod_training_case 8
pod_training_case 9
pod_training_case 10
pod_training_case 11
pod_training_case 12
pod_training_case 13
pod_training_case 14
pod_training_case 15
pod_training_case 16
pod_training_case 17
pod_training_case 18
pod_training_case 19
pod_training_case 20
pod_training_case 21
pod_training_case 22
pod_training_case 23
pod_training_case 24
pod_training_case 25
pod_training_case 26
pod_training_case 27
pod_training_case 28
pod_training_case 29
pod_training_case 30
pod_training_case 31
pod_training_case 32
pod_training_case 33
pod_training_case 34
pod_training_case 35
pod_training_case 36
pod_training_case 37
pod_training_case 38
pod_training_case 39
pod_training_case 40
pod_training_case 41
pod_training_case 42
pod_training_case 43
pod_training_case 44
pod_training_case 45
pod_training_case 46
pod_training_case 47
pod_training_case 48
pod_training_case 49
pod_training_case 50
pod_training_case 51
pod_training_case 52
pod_training_case 53
pod_training_case 54
pod_training_case 55
pod_training_case 56
pod_training_case 57
pod_training_case 58
pod_training_case 59
pod_training_case 60
pod_training_case 61
pod_training_case 62
pod_training_case 63
warmup 256 opened_0 head_q0
warmup 256 opened_0 trained_nested40
warmup 256 opened_0 nested_q8
warmup 256 opened_0 nested_q16
warmup 256 opened_0 nested_q32
warmup 256 opened_0 linear_bank64
warmup 256 opened_0 linear_bank64_cn
warmup 256 opened_0 linear_bank64_rk4
warmup 256 opened_0 pod_k16
warmup 256 opened_0 pod_k40
warmup 256 opened_0 pod_k64
warmup 256 opened_0 pod_k128
warmup 256 opened_0 dst
warmup 256 opened_0 rk4_fom
warmup 256 opened_0 cg_1e-06
warmup 256 opened_0 cgdt_0.005_tol_1e-06
warmup 256 opened_0 cgdt_0.005_tol_0.01
warmup 256 opened_0 dst_coarse64
timed 256 opened_0 0 head_q0
timed 256 opened_0 0 trained_nested40
timed 256 opened_0 0 nested_q8
timed 256 opened_0 0 nested_q16
timed 256 opened_0 0 nested_q32
timed 256 opened_0 0 linear_bank64
timed 256 opened_0 0 linear_bank64_cn
timed 256 opened_0 0 linear_bank64_rk4
timed 256 opened_0 0 pod_k16
timed 256 opened_0 0 pod_k40
timed 256 opened_0 0 pod_k64
timed 256 opened_0 0 pod_k128
timed 256 opened_0 0 dst
timed 256 opened_0 0 rk4_fom
timed 256 opened_0 0 cg_1e-06
timed 256 opened_0 0 cgdt_0.005_tol_1e-06
timed 256 opened_0 0 cgdt_0.005_tol_0.01
timed 256 opened_0 0 dst_coarse64
timed 256 opened_0 1 dst_coarse64
timed 256 opened_0 1 cgdt_0.005_tol_0.01
timed 256 opened_0 1 cgdt_0.005_tol_1e-06
timed 256 opened_0 1 cg_1e-06
timed 256 opened_0 1 rk4_fom
timed 256 opened_0 1 dst
timed 256 opened_0 1 pod_k128
timed 256 opened_0 1 pod_k64
timed 256 opened_0 1 pod_k40
timed 256 opened_0 1 pod_k16
timed 256 opened_0 1 linear_bank64_rk4
timed 256 opened_0 1 linear_bank64_cn
timed 256 opened_0 1 linear_bank64
timed 256 opened_0 1 nested_q32
timed 256 opened_0 1 nested_q16
timed 256 opened_0 1 nested_q8
timed 256 opened_0 1 trained_nested40
timed 256 opened_0 1 head_q0
timed 256 opened_0 2 head_q0
timed 256 opened_0 2 trained_nested40
timed 256 opened_0 2 nested_q8
timed 256 opened_0 2 nested_q16
timed 256 opened_0 2 nested_q32
timed 256 opened_0 2 linear_bank64
timed 256 opened_0 2 linear_bank64_cn
timed 256 opened_0 2 linear_bank64_rk4
timed 256 opened_0 2 pod_k16
timed 256 opened_0 2 pod_k40
timed 256 opened_0 2 pod_k64
timed 256 opened_0 2 pod_k128
timed 256 opened_0 2 dst
timed 256 opened_0 2 rk4_fom
timed 256 opened_0 2 cg_1e-06
timed 256 opened_0 2 cgdt_0.005_tol_1e-06
timed 256 opened_0 2 cgdt_0.005_tol_0.01
timed 256 opened_0 2 dst_coarse64
decomposition 256 opened_0
warmup 256 opened_1 head_q0
warmup 256 opened_1 trained_nested40
warmup 256 opened_1 nested_q8
warmup 256 opened_1 nested_q16
warmup 256 opened_1 nested_q32
warmup 256 opened_1 linear_bank64
warmup 256 opened_1 linear_bank64_cn
warmup 256 opened_1 linear_bank64_rk4
warmup 256 opened_1 pod_k16
warmup 256 opened_1 pod_k40
warmup 256 opened_1 pod_k64
warmup 256 opened_1 pod_k128
warmup 256 opened_1 dst
warmup 256 opened_1 rk4_fom
warmup 256 opened_1 cg_1e-06
warmup 256 opened_1 cgdt_0.005_tol_1e-06
warmup 256 opened_1 cgdt_0.005_tol_0.01
warmup 256 opened_1 dst_coarse64
timed 256 opened_1 0 head_q0
timed 256 opened_1 0 trained_nested40
timed 256 opened_1 0 nested_q8
timed 256 opened_1 0 nested_q16
timed 256 opened_1 0 nested_q32
timed 256 opened_1 0 linear_bank64
timed 256 opened_1 0 linear_bank64_cn
timed 256 opened_1 0 linear_bank64_rk4
timed 256 opened_1 0 pod_k16
timed 256 opened_1 0 pod_k40
timed 256 opened_1 0 pod_k64
timed 256 opened_1 0 pod_k128
timed 256 opened_1 0 dst
timed 256 opened_1 0 rk4_fom
timed 256 opened_1 0 cg_1e-06
timed 256 opened_1 0 cgdt_0.005_tol_1e-06
timed 256 opened_1 0 cgdt_0.005_tol_0.01
timed 256 opened_1 0 dst_coarse64
timed 256 opened_1 1 dst_coarse64
timed 256 opened_1 1 cgdt_0.005_tol_0.01
timed 256 opened_1 1 cgdt_0.005_tol_1e-06
timed 256 opened_1 1 cg_1e-06
timed 256 opened_1 1 rk4_fom
timed 256 opened_1 1 dst
timed 256 opened_1 1 pod_k128
timed 256 opened_1 1 pod_k64
timed 256 opened_1 1 pod_k40
timed 256 opened_1 1 pod_k16
timed 256 opened_1 1 linear_bank64_rk4
timed 256 opened_1 1 linear_bank64_cn
timed 256 opened_1 1 linear_bank64
timed 256 opened_1 1 nested_q32
timed 256 opened_1 1 nested_q16
timed 256 opened_1 1 nested_q8
timed 256 opened_1 1 trained_nested40
timed 256 opened_1 1 head_q0
timed 256 opened_1 2 head_q0
timed 256 opened_1 2 trained_nested40
timed 256 opened_1 2 nested_q8
timed 256 opened_1 2 nested_q16
timed 256 opened_1 2 nested_q32
timed 256 opened_1 2 linear_bank64
timed 256 opened_1 2 linear_bank64_cn
timed 256 opened_1 2 linear_bank64_rk4
timed 256 opened_1 2 pod_k16
timed 256 opened_1 2 pod_k40
timed 256 opened_1 2 pod_k64
timed 256 opened_1 2 pod_k128
timed 256 opened_1 2 dst
timed 256 opened_1 2 rk4_fom
timed 256 opened_1 2 cg_1e-06
timed 256 opened_1 2 cgdt_0.005_tol_1e-06
timed 256 opened_1 2 cgdt_0.005_tol_0.01
timed 256 opened_1 2 dst_coarse64
decomposition 256 opened_1
warmup 256 opened_2 head_q0
warmup 256 opened_2 trained_nested40
warmup 256 opened_2 nested_q8
warmup 256 opened_2 nested_q16
warmup 256 opened_2 nested_q32
warmup 256 opened_2 linear_bank64
warmup 256 opened_2 linear_bank64_cn
warmup 256 opened_2 linear_bank64_rk4
warmup 256 opened_2 pod_k16
warmup 256 opened_2 pod_k40
warmup 256 opened_2 pod_k64
warmup 256 opened_2 pod_k128
warmup 256 opened_2 dst
warmup 256 opened_2 rk4_fom
warmup 256 opened_2 cg_1e-06
warmup 256 opened_2 cgdt_0.005_tol_1e-06
warmup 256 opened_2 cgdt_0.005_tol_0.01
warmup 256 opened_2 dst_coarse64
timed 256 opened_2 0 head_q0
timed 256 opened_2 0 trained_nested40
timed 256 opened_2 0 nested_q8
timed 256 opened_2 0 nested_q16
timed 256 opened_2 0 nested_q32
timed 256 opened_2 0 linear_bank64
timed 256 opened_2 0 linear_bank64_cn
timed 256 opened_2 0 linear_bank64_rk4
timed 256 opened_2 0 pod_k16
timed 256 opened_2 0 pod_k40
timed 256 opened_2 0 pod_k64
timed 256 opened_2 0 pod_k128
timed 256 opened_2 0 dst
timed 256 opened_2 0 rk4_fom
timed 256 opened_2 0 cg_1e-06
timed 256 opened_2 0 cgdt_0.005_tol_1e-06
timed 256 opened_2 0 cgdt_0.005_tol_0.01
timed 256 opened_2 0 dst_coarse64
timed 256 opened_2 1 dst_coarse64
timed 256 opened_2 1 cgdt_0.005_tol_0.01
timed 256 opened_2 1 cgdt_0.005_tol_1e-06
timed 256 opened_2 1 cg_1e-06
timed 256 opened_2 1 rk4_fom
timed 256 opened_2 1 dst
timed 256 opened_2 1 pod_k128
timed 256 opened_2 1 pod_k64
timed 256 opened_2 1 pod_k40
timed 256 opened_2 1 pod_k16
timed 256 opened_2 1 linear_bank64_rk4
timed 256 opened_2 1 linear_bank64_cn
timed 256 opened_2 1 linear_bank64
timed 256 opened_2 1 nested_q32
timed 256 opened_2 1 nested_q16
timed 256 opened_2 1 nested_q8
timed 256 opened_2 1 trained_nested40
timed 256 opened_2 1 head_q0
timed 256 opened_2 2 head_q0
timed 256 opened_2 2 trained_nested40
timed 256 opened_2 2 nested_q8
timed 256 opened_2 2 nested_q16
timed 256 opened_2 2 nested_q32
timed 256 opened_2 2 linear_bank64
timed 256 opened_2 2 linear_bank64_cn
timed 256 opened_2 2 linear_bank64_rk4
timed 256 opened_2 2 pod_k16
timed 256 opened_2 2 pod_k40
timed 256 opened_2 2 pod_k64
timed 256 opened_2 2 pod_k128
timed 256 opened_2 2 dst
timed 256 opened_2 2 rk4_fom
timed 256 opened_2 2 cg_1e-06
timed 256 opened_2 2 cgdt_0.005_tol_1e-06
timed 256 opened_2 2 cgdt_0.005_tol_0.01
timed 256 opened_2 2 dst_coarse64
decomposition 256 opened_2
warmup 256 opened_3 head_q0
warmup 256 opened_3 trained_nested40
warmup 256 opened_3 nested_q8
warmup 256 opened_3 nested_q16
warmup 256 opened_3 nested_q32
warmup 256 opened_3 linear_bank64
warmup 256 opened_3 linear_bank64_cn
warmup 256 opened_3 linear_bank64_rk4
warmup 256 opened_3 pod_k16
warmup 256 opened_3 pod_k40
warmup 256 opened_3 pod_k64
warmup 256 opened_3 pod_k128
warmup 256 opened_3 dst
warmup 256 opened_3 rk4_fom
warmup 256 opened_3 cg_1e-06
warmup 256 opened_3 cgdt_0.005_tol_1e-06
warmup 256 opened_3 cgdt_0.005_tol_0.01
warmup 256 opened_3 dst_coarse64
timed 256 opened_3 0 head_q0
timed 256 opened_3 0 trained_nested40
timed 256 opened_3 0 nested_q8
timed 256 opened_3 0 nested_q16
timed 256 opened_3 0 nested_q32
timed 256 opened_3 0 linear_bank64
timed 256 opened_3 0 linear_bank64_cn
timed 256 opened_3 0 linear_bank64_rk4
timed 256 opened_3 0 pod_k16
timed 256 opened_3 0 pod_k40
timed 256 opened_3 0 pod_k64
timed 256 opened_3 0 pod_k128
timed 256 opened_3 0 dst
timed 256 opened_3 0 rk4_fom
timed 256 opened_3 0 cg_1e-06
timed 256 opened_3 0 cgdt_0.005_tol_1e-06
timed 256 opened_3 0 cgdt_0.005_tol_0.01
timed 256 opened_3 0 dst_coarse64
timed 256 opened_3 1 dst_coarse64
timed 256 opened_3 1 cgdt_0.005_tol_0.01
timed 256 opened_3 1 cgdt_0.005_tol_1e-06
timed 256 opened_3 1 cg_1e-06
timed 256 opened_3 1 rk4_fom
timed 256 opened_3 1 dst
timed 256 opened_3 1 pod_k128
timed 256 opened_3 1 pod_k64
timed 256 opened_3 1 pod_k40
timed 256 opened_3 1 pod_k16
timed 256 opened_3 1 linear_bank64_rk4
timed 256 opened_3 1 linear_bank64_cn
timed 256 opened_3 1 linear_bank64
timed 256 opened_3 1 nested_q32
timed 256 opened_3 1 nested_q16
timed 256 opened_3 1 nested_q8
timed 256 opened_3 1 trained_nested40
timed 256 opened_3 1 head_q0
timed 256 opened_3 2 head_q0
timed 256 opened_3 2 trained_nested40
timed 256 opened_3 2 nested_q8
timed 256 opened_3 2 nested_q16
timed 256 opened_3 2 nested_q32
timed 256 opened_3 2 linear_bank64
timed 256 opened_3 2 linear_bank64_cn
timed 256 opened_3 2 linear_bank64_rk4
timed 256 opened_3 2 pod_k16
timed 256 opened_3 2 pod_k40
timed 256 opened_3 2 pod_k64
timed 256 opened_3 2 pod_k128
timed 256 opened_3 2 dst
timed 256 opened_3 2 rk4_fom
timed 256 opened_3 2 cg_1e-06
timed 256 opened_3 2 cgdt_0.005_tol_1e-06
timed 256 opened_3 2 cgdt_0.005_tol_0.01
timed 256 opened_3 2 dst_coarse64
decomposition 256 opened_3
warmup 256 fresh_development_0 head_q0
warmup 256 fresh_development_0 trained_nested40
warmup 256 fresh_development_0 nested_q8
warmup 256 fresh_development_0 nested_q16
warmup 256 fresh_development_0 nested_q32
warmup 256 fresh_development_0 linear_bank64
warmup 256 fresh_development_0 linear_bank64_cn
warmup 256 fresh_development_0 linear_bank64_rk4
warmup 256 fresh_development_0 pod_k16
warmup 256 fresh_development_0 pod_k40
warmup 256 fresh_development_0 pod_k64
warmup 256 fresh_development_0 pod_k128
warmup 256 fresh_development_0 dst
warmup 256 fresh_development_0 rk4_fom
warmup 256 fresh_development_0 cg_1e-06
warmup 256 fresh_development_0 cgdt_0.005_tol_1e-06
warmup 256 fresh_development_0 cgdt_0.005_tol_0.01
warmup 256 fresh_development_0 dst_coarse64
timed 256 fresh_development_0 0 head_q0
timed 256 fresh_development_0 0 trained_nested40
timed 256 fresh_development_0 0 nested_q8
timed 256 fresh_development_0 0 nested_q16
timed 256 fresh_development_0 0 nested_q32
timed 256 fresh_development_0 0 linear_bank64
timed 256 fresh_development_0 0 linear_bank64_cn
timed 256 fresh_development_0 0 linear_bank64_rk4
timed 256 fresh_development_0 0 pod_k16
timed 256 fresh_development_0 0 pod_k40
timed 256 fresh_development_0 0 pod_k64
timed 256 fresh_development_0 0 pod_k128
timed 256 fresh_development_0 0 dst
timed 256 fresh_development_0 0 rk4_fom
timed 256 fresh_development_0 0 cg_1e-06
timed 256 fresh_development_0 0 cgdt_0.005_tol_1e-06
timed 256 fresh_development_0 0 cgdt_0.005_tol_0.01
timed 256 fresh_development_0 0 dst_coarse64
timed 256 fresh_development_0 1 dst_coarse64
timed 256 fresh_development_0 1 cgdt_0.005_tol_0.01
timed 256 fresh_development_0 1 cgdt_0.005_tol_1e-06
timed 256 fresh_development_0 1 cg_1e-06
timed 256 fresh_development_0 1 rk4_fom
timed 256 fresh_development_0 1 dst
timed 256 fresh_development_0 1 pod_k128
timed 256 fresh_development_0 1 pod_k64
timed 256 fresh_development_0 1 pod_k40
timed 256 fresh_development_0 1 pod_k16
timed 256 fresh_development_0 1 linear_bank64_rk4
timed 256 fresh_development_0 1 linear_bank64_cn
timed 256 fresh_development_0 1 linear_bank64
timed 256 fresh_development_0 1 nested_q32
timed 256 fresh_development_0 1 nested_q16
timed 256 fresh_development_0 1 nested_q8
timed 256 fresh_development_0 1 trained_nested40
timed 256 fresh_development_0 1 head_q0
timed 256 fresh_development_0 2 head_q0
timed 256 fresh_development_0 2 trained_nested40
timed 256 fresh_development_0 2 nested_q8
timed 256 fresh_development_0 2 nested_q16
timed 256 fresh_development_0 2 nested_q32
timed 256 fresh_development_0 2 linear_bank64
timed 256 fresh_development_0 2 linear_bank64_cn
timed 256 fresh_development_0 2 linear_bank64_rk4
timed 256 fresh_development_0 2 pod_k16
timed 256 fresh_development_0 2 pod_k40
timed 256 fresh_development_0 2 pod_k64
timed 256 fresh_development_0 2 pod_k128
timed 256 fresh_development_0 2 dst
timed 256 fresh_development_0 2 rk4_fom
timed 256 fresh_development_0 2 cg_1e-06
timed 256 fresh_development_0 2 cgdt_0.005_tol_1e-06
timed 256 fresh_development_0 2 cgdt_0.005_tol_0.01
timed 256 fresh_development_0 2 dst_coarse64
decomposition 256 fresh_development_0
warmup 256 fresh_development_1 head_q0
warmup 256 fresh_development_1 trained_nested40
warmup 256 fresh_development_1 nested_q8
warmup 256 fresh_development_1 nested_q16
warmup 256 fresh_development_1 nested_q32
warmup 256 fresh_development_1 linear_bank64
warmup 256 fresh_development_1 linear_bank64_cn
warmup 256 fresh_development_1 linear_bank64_rk4
warmup 256 fresh_development_1 pod_k16
warmup 256 fresh_development_1 pod_k40
warmup 256 fresh_development_1 pod_k64
warmup 256 fresh_development_1 pod_k128
warmup 256 fresh_development_1 dst
warmup 256 fresh_development_1 rk4_fom
warmup 256 fresh_development_1 cg_1e-06
warmup 256 fresh_development_1 cgdt_0.005_tol_1e-06
warmup 256 fresh_development_1 cgdt_0.005_tol_0.01
warmup 256 fresh_development_1 dst_coarse64
timed 256 fresh_development_1 0 head_q0
timed 256 fresh_development_1 0 trained_nested40
timed 256 fresh_development_1 0 nested_q8
timed 256 fresh_development_1 0 nested_q16
timed 256 fresh_development_1 0 nested_q32
timed 256 fresh_development_1 0 linear_bank64
timed 256 fresh_development_1 0 linear_bank64_cn
timed 256 fresh_development_1 0 linear_bank64_rk4
timed 256 fresh_development_1 0 pod_k16
timed 256 fresh_development_1 0 pod_k40
timed 256 fresh_development_1 0 pod_k64
timed 256 fresh_development_1 0 pod_k128
timed 256 fresh_development_1 0 dst
timed 256 fresh_development_1 0 rk4_fom
timed 256 fresh_development_1 0 cg_1e-06
timed 256 fresh_development_1 0 cgdt_0.005_tol_1e-06
timed 256 fresh_development_1 0 cgdt_0.005_tol_0.01
timed 256 fresh_development_1 0 dst_coarse64
timed 256 fresh_development_1 1 dst_coarse64
timed 256 fresh_development_1 1 cgdt_0.005_tol_0.01
timed 256 fresh_development_1 1 cgdt_0.005_tol_1e-06
timed 256 fresh_development_1 1 cg_1e-06
timed 256 fresh_development_1 1 rk4_fom
timed 256 fresh_development_1 1 dst
timed 256 fresh_development_1 1 pod_k128
timed 256 fresh_development_1 1 pod_k64
timed 256 fresh_development_1 1 pod_k40
timed 256 fresh_development_1 1 pod_k16
timed 256 fresh_development_1 1 linear_bank64_rk4
timed 256 fresh_development_1 1 linear_bank64_cn
timed 256 fresh_development_1 1 linear_bank64
timed 256 fresh_development_1 1 nested_q32
timed 256 fresh_development_1 1 nested_q16
timed 256 fresh_development_1 1 nested_q8
timed 256 fresh_development_1 1 trained_nested40
timed 256 fresh_development_1 1 head_q0
timed 256 fresh_development_1 2 head_q0
timed 256 fresh_development_1 2 trained_nested40
timed 256 fresh_development_1 2 nested_q8
timed 256 fresh_development_1 2 nested_q16
timed 256 fresh_development_1 2 nested_q32
timed 256 fresh_development_1 2 linear_bank64
timed 256 fresh_development_1 2 linear_bank64_cn
timed 256 fresh_development_1 2 linear_bank64_rk4
timed 256 fresh_development_1 2 pod_k16
timed 256 fresh_development_1 2 pod_k40
timed 256 fresh_development_1 2 pod_k64
timed 256 fresh_development_1 2 pod_k128
timed 256 fresh_development_1 2 dst
timed 256 fresh_development_1 2 rk4_fom
timed 256 fresh_development_1 2 cg_1e-06
timed 256 fresh_development_1 2 cgdt_0.005_tol_1e-06
timed 256 fresh_development_1 2 cgdt_0.005_tol_0.01
timed 256 fresh_development_1 2 dst_coarse64
decomposition 256 fresh_development_1
warmup 256 fresh_development_2 head_q0
warmup 256 fresh_development_2 trained_nested40
warmup 256 fresh_development_2 nested_q8
warmup 256 fresh_development_2 nested_q16
warmup 256 fresh_development_2 nested_q32
warmup 256 fresh_development_2 linear_bank64
warmup 256 fresh_development_2 linear_bank64_cn
warmup 256 fresh_development_2 linear_bank64_rk4
warmup 256 fresh_development_2 pod_k16
warmup 256 fresh_development_2 pod_k40
warmup 256 fresh_development_2 pod_k64
warmup 256 fresh_development_2 pod_k128
warmup 256 fresh_development_2 dst
warmup 256 fresh_development_2 rk4_fom
warmup 256 fresh_development_2 cg_1e-06
warmup 256 fresh_development_2 cgdt_0.005_tol_1e-06
warmup 256 fresh_development_2 cgdt_0.005_tol_0.01
warmup 256 fresh_development_2 dst_coarse64
timed 256 fresh_development_2 0 head_q0
timed 256 fresh_development_2 0 trained_nested40
timed 256 fresh_development_2 0 nested_q8
timed 256 fresh_development_2 0 nested_q16
timed 256 fresh_development_2 0 nested_q32
timed 256 fresh_development_2 0 linear_bank64
timed 256 fresh_development_2 0 linear_bank64_cn
timed 256 fresh_development_2 0 linear_bank64_rk4
timed 256 fresh_development_2 0 pod_k16
timed 256 fresh_development_2 0 pod_k40
timed 256 fresh_development_2 0 pod_k64
timed 256 fresh_development_2 0 pod_k128
timed 256 fresh_development_2 0 dst
timed 256 fresh_development_2 0 rk4_fom
timed 256 fresh_development_2 0 cg_1e-06
timed 256 fresh_development_2 0 cgdt_0.005_tol_1e-06
timed 256 fresh_development_2 0 cgdt_0.005_tol_0.01
timed 256 fresh_development_2 0 dst_coarse64
timed 256 fresh_development_2 1 dst_coarse64
timed 256 fresh_development_2 1 cgdt_0.005_tol_0.01
timed 256 fresh_development_2 1 cgdt_0.005_tol_1e-06
timed 256 fresh_development_2 1 cg_1e-06
timed 256 fresh_development_2 1 rk4_fom
timed 256 fresh_development_2 1 dst
timed 256 fresh_development_2 1 pod_k128
timed 256 fresh_development_2 1 pod_k64
timed 256 fresh_development_2 1 pod_k40
timed 256 fresh_development_2 1 pod_k16
timed 256 fresh_development_2 1 linear_bank64_rk4
timed 256 fresh_development_2 1 linear_bank64_cn
timed 256 fresh_development_2 1 linear_bank64
timed 256 fresh_development_2 1 nested_q32
timed 256 fresh_development_2 1 nested_q16
timed 256 fresh_development_2 1 nested_q8
timed 256 fresh_development_2 1 trained_nested40
timed 256 fresh_development_2 1 head_q0
timed 256 fresh_development_2 2 head_q0
timed 256 fresh_development_2 2 trained_nested40
timed 256 fresh_development_2 2 nested_q8
timed 256 fresh_development_2 2 nested_q16
timed 256 fresh_development_2 2 nested_q32
timed 256 fresh_development_2 2 linear_bank64
timed 256 fresh_development_2 2 linear_bank64_cn
timed 256 fresh_development_2 2 linear_bank64_rk4
timed 256 fresh_development_2 2 pod_k16
timed 256 fresh_development_2 2 pod_k40
timed 256 fresh_development_2 2 pod_k64
timed 256 fresh_development_2 2 pod_k128
timed 256 fresh_development_2 2 dst
timed 256 fresh_development_2 2 rk4_fom
timed 256 fresh_development_2 2 cg_1e-06
timed 256 fresh_development_2 2 cgdt_0.005_tol_1e-06
timed 256 fresh_development_2 2 cgdt_0.005_tol_0.01
timed 256 fresh_development_2 2 dst_coarse64
decomposition 256 fresh_development_2
warmup 256 fresh_development_3 head_q0
warmup 256 fresh_development_3 trained_nested40
warmup 256 fresh_development_3 nested_q8
warmup 256 fresh_development_3 nested_q16
warmup 256 fresh_development_3 nested_q32
warmup 256 fresh_development_3 linear_bank64
warmup 256 fresh_development_3 linear_bank64_cn
warmup 256 fresh_development_3 linear_bank64_rk4
warmup 256 fresh_development_3 pod_k16
warmup 256 fresh_development_3 pod_k40
warmup 256 fresh_development_3 pod_k64
warmup 256 fresh_development_3 pod_k128
warmup 256 fresh_development_3 dst
warmup 256 fresh_development_3 rk4_fom
warmup 256 fresh_development_3 cg_1e-06
warmup 256 fresh_development_3 cgdt_0.005_tol_1e-06
warmup 256 fresh_development_3 cgdt_0.005_tol_0.01
warmup 256 fresh_development_3 dst_coarse64
timed 256 fresh_development_3 0 head_q0
timed 256 fresh_development_3 0 trained_nested40
timed 256 fresh_development_3 0 nested_q8
timed 256 fresh_development_3 0 nested_q16
timed 256 fresh_development_3 0 nested_q32
timed 256 fresh_development_3 0 linear_bank64
timed 256 fresh_development_3 0 linear_bank64_cn
timed 256 fresh_development_3 0 linear_bank64_rk4
timed 256 fresh_development_3 0 pod_k16
timed 256 fresh_development_3 0 pod_k40
timed 256 fresh_development_3 0 pod_k64
timed 256 fresh_development_3 0 pod_k128
timed 256 fresh_development_3 0 dst
timed 256 fresh_development_3 0 rk4_fom
timed 256 fresh_development_3 0 cg_1e-06
timed 256 fresh_development_3 0 cgdt_0.005_tol_1e-06
timed 256 fresh_development_3 0 cgdt_0.005_tol_0.01
timed 256 fresh_development_3 0 dst_coarse64
timed 256 fresh_development_3 1 dst_coarse64
timed 256 fresh_development_3 1 cgdt_0.005_tol_0.01
timed 256 fresh_development_3 1 cgdt_0.005_tol_1e-06
timed 256 fresh_development_3 1 cg_1e-06
timed 256 fresh_development_3 1 rk4_fom
timed 256 fresh_development_3 1 dst
timed 256 fresh_development_3 1 pod_k128
timed 256 fresh_development_3 1 pod_k64
timed 256 fresh_development_3 1 pod_k40
timed 256 fresh_development_3 1 pod_k16
timed 256 fresh_development_3 1 linear_bank64_rk4
timed 256 fresh_development_3 1 linear_bank64_cn
timed 256 fresh_development_3 1 linear_bank64
timed 256 fresh_development_3 1 nested_q32
timed 256 fresh_development_3 1 nested_q16
timed 256 fresh_development_3 1 nested_q8
timed 256 fresh_development_3 1 trained_nested40
timed 256 fresh_development_3 1 head_q0
timed 256 fresh_development_3 2 head_q0
timed 256 fresh_development_3 2 trained_nested40
timed 256 fresh_development_3 2 nested_q8
timed 256 fresh_development_3 2 nested_q16
timed 256 fresh_development_3 2 nested_q32
timed 256 fresh_development_3 2 linear_bank64
timed 256 fresh_development_3 2 linear_bank64_cn
timed 256 fresh_development_3 2 linear_bank64_rk4
timed 256 fresh_development_3 2 pod_k16
timed 256 fresh_development_3 2 pod_k40
timed 256 fresh_development_3 2 pod_k64
timed 256 fresh_development_3 2 pod_k128
timed 256 fresh_development_3 2 dst
timed 256 fresh_development_3 2 rk4_fom
timed 256 fresh_development_3 2 cg_1e-06
timed 256 fresh_development_3 2 cgdt_0.005_tol_1e-06
timed 256 fresh_development_3 2 cgdt_0.005_tol_0.01
timed 256 fresh_development_3 2 dst_coarse64
decomposition 256 fresh_development_3
gates {"retained_value_checks": [{"source": "accel12", "job_id": "3565786", "intervals": 256, "case": "opened_0", "method": "head_q0", "archived_method": "chol_guard", "setting": 0.01, "metric": "displacement", "value": 0.014027703192795978, "measured": 0.01402770319279597, "relative_difference": 6.183205661450287e-16, "tolerance": 1e-09, "passed": true}, {"source": "accel12", "job_id": "3565786", "intervals": 256, "case": "opened_0", "method": "head_q0", "archived_method": "chol_guard", "setting": 0.01, "metric": "velocity", "value": 0.031768891567473236, "measured": 0.031768891567473215, "relative_difference": 6.552536360140109e-16, "tolerance": 1e-09, "passed": true}, {"source": "accel12", "job_id": "3565786", "intervals": 256, "case": "opened_0", "method": "head_q0", "archived_method": "chol_guard", "setting": 0.01, "metric": "energy_state", "value": 0.04335952738971627, "measured": 0.043359527389716164, "relative_difference": 2.400473778763886e-15, "tolerance": 1e-09, "passed": true}, {"source": "accel12", "job_id": "3565786", "intervals": 256, "case": "opened_0", "method": "trained_nested40", "archived_method": "trained_nested40", "setting": 0.01, "metric": "displacement", "value": 0.01233271618981699, "measured": 0.012332716189816729, "relative_difference": 2.123970428256364e-14, "tolerance": 1e-07, "passed": true}, {"source": "accel12", "job_id": "3565786", "intervals": 256, "case": "opened_0", "method": "trained_nested40", "archived_method": "trained_nested40", "setting": 0.01, "metric": "velocity", "value": 0.025487475339795923, "measured": 0.025487475339795784, "relative_difference": 5.444944084416945e-15, "tolerance": 1e-07, "passed": true}, {"source": "accel12", "job_id": "3565786", "intervals": 256, "case": "opened_0", "method": "trained_nested40", "archived_method": "trained_nested40", "setting": 0.01, "metric": "energy_state", "value": 0.04042378551910223, "measured": 0.04042378551910195, "relative_difference": 6.866149535281162e-15, "tolerance": 1e-07, "passed": true}, {"source": "accel12", "job_id": "3565786", "intervals": 256, "case": "opened_1", "method": "head_q0", "archived_method": "chol_guard", "setting": 0.01, "metric": "displacement", "value": 0.01791871128618163, "measured": 0.017918711286181433, "relative_difference": 1.1036422938175324e-14, "tolerance": 1e-09, "passed": true}, {"source": "accel12", "job_id": "3565786", "intervals": 256, "case": "opened_1", "method": "head_q0", "archived_method": "chol_guard", "setting": 0.01, "metric": "velocity", "value": 0.04212644008497969, "measured": 0.04212644008497957, "relative_difference": 2.8001700625181074e-15, "tolerance": 1e-09, "passed": true}, {"source": "accel12", "job_id": "3565786", "intervals": 256, "case": "opened_1", "method": "head_q0", "archived_method": "chol_guard", "setting": 0.01, "metric": "energy_state", "value": 0.062101704952690816, "measured": 0.06210170495269056, "relative_difference": 4.13417110915315e-15, "tolerance": 1e-09, "passed": true}, {"source": "accel12", "job_id": "3565786", "intervals": 256, "case": "opened_1", "method": "trained_nested40", "archived_method": "trained_nested40", "setting": 0.01, "metric": "displacement", "value": 0.015428407601869391, "measured": 0.015428407601868983, "relative_difference": 2.64226890664436e-14, "tolerance": 1e-07, "passed": true}, {"source": "accel12", "job_id": "3565786", "intervals": 256, "case": "opened_1", "method": "trained_nested40", "archived_method": "trained_nested40", "setting": 0.01, "metric": "velocity", "value": 0.03419016401441672, "measured": 0.03419016401441654, "relative_difference": 5.276700089110869e-15, "tolerance": 1e-07, "passed": true}, {"source": "accel12", "job_id": "3565786", "intervals": 256, "case": "opened_1", "method": "trained_nested40", "archived_method": "trained_nested40", "setting": 0.01, "metric": "energy_state", "value": 0.05136114487320719, "measured": 0.05136114487320697, "relative_difference": 4.323202013373772e-15, "tolerance": 1e-07, "passed": true}, {"source": "accel12", "job_id": "3565786", "intervals": 256, "case": "fresh_development_0", "method": "head_q0", "archived_method": "chol_guard", "setting": 0.01, "metric": "displacement", "value": 0.014170128265227244, "measured": 0.014170128201275212, "relative_difference": 4.5131582420214125e-09, "tolerance": 1e-09, "passed": false}, {"source": "accel12", "job_id": "3565786", "intervals": 256, "case": "fresh_development_0", "method": "head_q0", "archived_method": "chol_guard", "setting": 0.01, "metric": "velocity", "value": 0.03931437134474356, "measured": 0.03931437110108856, "relative_difference": 6.1976063871977105e-09, "tolerance": 1e-09, "passed": false}, {"source": "accel12", "job_id": "3565786", "intervals": 256, "case": "fresh_development_0", "method": "head_q0", "archived_method": "chol_guard", "setting": 0.01, "metric": "energy_state", "value": 0.05133555914719338, "measured": 0.051335558580404124, "relative_difference": 1.1040870379809771e-08, "tolerance": 1e-09, "passed": false}, {"source": "accel12", "job_id": "3565786", "intervals": 256, "case": "fresh_development_0", "method": "trained_nested40", "archived_method": "trained_nested40", "setting": 0.01, "metric": "displacement", "value": 0.010601191008534004, "measured": 0.010601190970271075, "relative_difference": 3.6093047708060597e-09, "tolerance": 1e-07, "passed": true}, {"source": "accel12", "job_id": "3565786", "intervals": 256, "case": "fresh_development_0", "method": "trained_nested40", "archived_method": "trained_nested40", "setting": 0.01, "metric": "velocity", "value": 0.02695253994610814, "measured": 0.026952539838498858, "relative_difference": 3.992547003397616e-09, "tolerance": 1e-07, "passed": true}, {"source": "accel12", "job_id": "3565786", "intervals": 256, "case": "fresh_development_0", "method": "trained_nested40", "archived_method": "trained_nested40", "setting": 0.01, "metric": "energy_state", "value": 0.03795896121073029, "measured": 0.03795896113752563, "relative_difference": 1.9285210995926568e-09, "tolerance": 1e-07, "passed": true}, {"source": "accel12", "job_id": "3565786", "intervals": 256, "case": "fresh_development_1", "method": "head_q0", "archived_method": "chol_guard", "setting": 0.01, "metric": "displacement", "value": 0.015669906091490632, "measured": 0.015669906100414625, "relative_difference": 5.694988493558871e-10, "tolerance": 1e-09, "passed": true}, {"source": "accel12", "job_id": "3565786", "intervals": 256, "case": "fresh_development_1", "method": "head_q0", "archived_method": "chol_guard", "setting": 0.01, "metric": "velocity", "value": 0.03664148350457592, "measured": 0.03664148358891242, "relative_difference": 2.3016672632376848e-09, "tolerance": 1e-09, "passed": false}, {"source": "accel12", "job_id": "3565786", "intervals": 256, "case": "fresh_development_1", "method": "head_q0", "archived_method": "chol_guard", "setting": 0.01, "metric": "energy_state", "value": 0.04896849350296902, "measured": 0.04896849363811538, "relative_difference": 2.7598635308861055e-09, "tolerance": 1e-09, "passed": false}, {"source": "accel12", "job_id": "3565786", "intervals": 256, "case": "fresh_development_1", "method": "trained_nested40", "archived_method": "trained_nested40", "setting": 0.01, "metric": "displacement", "value": 0.011040681734013359, "measured": 0.011040681734012814, "relative_difference": 4.933600882440385e-14, "tolerance": 1e-07, "passed": true}, {"source": "accel12", "job_id": "3565786", "intervals": 256, "case": "fresh_development_1", "method": "trained_nested40", "archived_method": "trained_nested40", "setting": 0.01, "metric": "velocity", "value": 0.026416615260218795, "measured": 0.026416615260218605, "relative_difference": 7.223468278496944e-15, "tolerance": 1e-07, "passed": true}, {"source": "accel12", "job_id": "3565786", "intervals": 256, "case": "fresh_development_1", "method": "trained_nested40", "archived_method": "trained_nested40", "setting": 0.01, "metric": "energy_state", "value": 0.038394513756140614, "measured": 0.03839451375614039, "relative_difference": 5.78323784318062e-15, "tolerance": 1e-07, "passed": true}], "all_passed": false, "count": 24}
