E0826 01:04:38.318037  525788 slow_operation_alarm.cc:73] Constant folding an instruction is taking > 1s:

  %dot = f64[5120,1024]{1,0} dot(%constant.17, %constant.18), lhs_contracting_dims={1}, rhs_contracting_dims={0}, operand_precision={highest,highest}, metadata={op_name="jit(prev_of)/dot_general" stack_frame_id=14}

This isn't necessarily a bug; constant-folding is inherently a trade-off between compilation time and speed at runtime. XLA has some guards that attempt to keep constant folding from taking too long, but fundamentally you'll always be able to come up with an input program that takes a long time.

If you'd like to file a bug, run with envvar XLA_FLAGS=--xla_dump_to=/tmp/foo and attach the results.
E0826 01:04:41.330908  525732 slow_operation_alarm.cc:140] The operation took 4.012945248s
Constant folding an instruction is taking > 1s:

  %dot = f64[5120,1024]{1,0} dot(%constant.17, %constant.18), lhs_contracting_dims={1}, rhs_contracting_dims={0}, operand_precision={highest,highest}, metadata={op_name="jit(prev_of)/dot_general" stack_frame_id=14}

This isn't necessarily a bug; constant-folding is inherently a trade-off between compilation time and speed at runtime. XLA has some guards that attempt to keep constant folding from taking too long, but fundamentally you'll always be able to come up with an input program that takes a long time.

If you'd like to file a bug, run with envvar XLA_FLAGS=--xla_dump_to=/tmp/foo and attach the results.
E0826 01:04:43.334157  525788 slow_operation_alarm.cc:73] Constant folding an instruction is taking > 2s:

  %dot.1 = f64[5120,1024]{1,0} dot(%constant.21, %constant.42), lhs_contracting_dims={1}, rhs_contracting_dims={0}, operand_precision={highest,highest}, metadata={op_name="jit(prev_of)/dot_general" stack_frame_id=14}

This isn't necessarily a bug; constant-folding is inherently a trade-off between compilation time and speed at runtime. XLA has some guards that attempt to keep constant folding from taking too long, but fundamentally you'll always be able to come up with an input program that takes a long time.

If you'd like to file a bug, run with envvar XLA_FLAGS=--xla_dump_to=/tmp/foo and attach the results.
E0826 01:04:45.337359  525732 slow_operation_alarm.cc:140] The operation took 4.003275614s
Constant folding an instruction is taking > 2s:

  %dot.1 = f64[5120,1024]{1,0} dot(%constant.21, %constant.42), lhs_contracting_dims={1}, rhs_contracting_dims={0}, operand_precision={highest,highest}, metadata={op_name="jit(prev_of)/dot_general" stack_frame_id=14}

This isn't necessarily a bug; constant-folding is inherently a trade-off between compilation time and speed at runtime. XLA has some guards that attempt to keep constant folding from taking too long, but fundamentally you'll always be able to come up with an input program that takes a long time.

If you'd like to file a bug, run with envvar XLA_FLAGS=--xla_dump_to=/tmp/foo and attach the results.
E0826 01:04:49.603035  525788 slow_operation_alarm.cc:73] Constant folding an instruction is taking > 4s:

  %dot_general.12 = f64[5120,1024]{1,0} dot(%constant.51, %constant.31), lhs_contracting_dims={1}, rhs_contracting_dims={0}, operand_precision={highest,highest}, metadata={op_name="jit(prev_of)/dot_general" stack_frame_id=14}

This isn't necessarily a bug; constant-folding is inherently a trade-off between compilation time and speed at runtime. XLA has some guards that attempt to keep constant folding from taking too long, but fundamentally you'll always be able to come up with an input program that takes a long time.

If you'd like to file a bug, run with envvar XLA_FLAGS=--xla_dump_to=/tmp/foo and attach the results.
E0826 01:05:17.557440  525732 slow_operation_alarm.cc:140] The operation took 31.954481548s
Constant folding an instruction is taking > 4s:

  %dot_general.12 = f64[5120,1024]{1,0} dot(%constant.51, %constant.31), lhs_contracting_dims={1}, rhs_contracting_dims={0}, operand_precision={highest,highest}, metadata={op_name="jit(prev_of)/dot_general" stack_frame_id=14}

This isn't necessarily a bug; constant-folding is inherently a trade-off between compilation time and speed at runtime. XLA has some guards that attempt to keep constant folding from taking too long, but fundamentally you'll always be able to come up with an input program that takes a long time.

If you'd like to file a bug, run with envvar XLA_FLAGS=--xla_dump_to=/tmp/foo and attach the results.
E0826 01:05:25.794443  525788 slow_operation_alarm.cc:73] Constant folding an instruction is taking > 8s:

  %dot_general.13 = f64[5120,512]{1,0} dot(%constant.59, %constant.32), lhs_contracting_dims={1}, rhs_contracting_dims={0}, operand_precision={highest,highest}, metadata={op_name="jit(prev_of)/dot_general" stack_frame_id=16}

This isn't necessarily a bug; constant-folding is inherently a trade-off between compilation time and speed at runtime. XLA has some guards that attempt to keep constant folding from taking too long, but fundamentally you'll always be able to come up with an input program that takes a long time.

If you'd like to file a bug, run with envvar XLA_FLAGS=--xla_dump_to=/tmp/foo and attach the results.
E0826 01:05:33.590843  525732 slow_operation_alarm.cc:140] The operation took 15.79647627s
Constant folding an instruction is taking > 8s:

  %dot_general.13 = f64[5120,512]{1,0} dot(%constant.59, %constant.32), lhs_contracting_dims={1}, rhs_contracting_dims={0}, operand_precision={highest,highest}, metadata={op_name="jit(prev_of)/dot_general" stack_frame_id=16}

This isn't necessarily a bug; constant-folding is inherently a trade-off between compilation time and speed at runtime. XLA has some guards that attempt to keep constant folding from taking too long, but fundamentally you'll always be able to come up with an input program that takes a long time.

If you'd like to file a bug, run with envvar XLA_FLAGS=--xla_dump_to=/tmp/foo and attach the results.
E0826 01:05:58.604465  525788 slow_operation_alarm.cc:73] Constant folding an instruction is taking > 16s:

  %dot_general.48 = f64[5120,1024]{1,0} dot(%constant.107, %constant.56), lhs_contracting_dims={1}, rhs_contracting_dims={0}, operand_precision={highest,highest}, metadata={op_name="jit(rJ)/dot_general" stack_frame_id=19}

This isn't necessarily a bug; constant-folding is inherently a trade-off between compilation time and speed at runtime. XLA has some guards that attempt to keep constant folding from taking too long, but fundamentally you'll always be able to come up with an input program that takes a long time.

If you'd like to file a bug, run with envvar XLA_FLAGS=--xla_dump_to=/tmp/foo and attach the results.
E0826 01:06:14.534110  525732 slow_operation_alarm.cc:140] The operation took 31.929735501s
Constant folding an instruction is taking > 16s:

  %dot_general.48 = f64[5120,1024]{1,0} dot(%constant.107, %constant.56), lhs_contracting_dims={1}, rhs_contracting_dims={0}, operand_precision={highest,highest}, metadata={op_name="jit(rJ)/dot_general" stack_frame_id=19}

This isn't necessarily a bug; constant-folding is inherently a trade-off between compilation time and speed at runtime. XLA has some guards that attempt to keep constant folding from taking too long, but fundamentally you'll always be able to come up with an input program that takes a long time.

If you'd like to file a bug, run with envvar XLA_FLAGS=--xla_dump_to=/tmp/foo and attach the results.
E0826 01:07:11.024220  525788 slow_operation_alarm.cc:73] Constant folding an instruction is taking > 32s:

  %dot_general.61 = f64[5120,1024]{1,0} dot(%constant.144, %constant.56), lhs_contracting_dims={1}, rhs_contracting_dims={0}, operand_precision={highest,highest}, metadata={op_name="jit(rJ)/vmap(jvp())/dot_general" stack_frame_id=71}

This isn't necessarily a bug; constant-folding is inherently a trade-off between compilation time and speed at runtime. XLA has some guards that attempt to keep constant folding from taking too long, but fundamentally you'll always be able to come up with an input program that takes a long time.

If you'd like to file a bug, run with envvar XLA_FLAGS=--xla_dump_to=/tmp/foo and attach the results.
E0826 01:07:11.201553  525732 slow_operation_alarm.cc:140] The operation took 32.177425154s
Constant folding an instruction is taking > 32s:

  %dot_general.61 = f64[5120,1024]{1,0} dot(%constant.144, %constant.56), lhs_contracting_dims={1}, rhs_contracting_dims={0}, operand_precision={highest,highest}, metadata={op_name="jit(rJ)/vmap(jvp())/dot_general" stack_frame_id=71}

This isn't necessarily a bug; constant-folding is inherently a trade-off between compilation time and speed at runtime. XLA has some guards that attempt to keep constant folding from taking too long, but fundamentally you'll always be able to come up with an input program that takes a long time.

If you'd like to file a bug, run with envvar XLA_FLAGS=--xla_dump_to=/tmp/foo and attach the results.
