host=pax105 source_commit=966965b5e59558a2d9dbee60800addb06ca4ad05
NVIDIA A100 80GB PCIe, GPU-7ea87052-7ee2-b522-615d-be66f44238c3, 81920 MiB
10.235.106.26:/projects/paralab  4.6T  4.2T  427G  91% /cluster/tufts/paralab
jax_backend=gpu
jax_backend=gpu
EXTRA-FIT (464, 51, 65025) 58s
DATA 79s fit=(112, 51, 65025) ref=(32, 6, 257, 257)
POD-LSPG zero 8 0.5551505495889992
POD-LSPG zero 16 0.41530595730641523
POD-LSPG zero 32 0.24779773709020073
POD-LSPG zero 64 0.1273420233395379
POD-LSPG zero 128 0.043336413563541155
POD-LSPG ic 8 1.391557004925535
POD-LSPG ic 16 0.9791095526265827
POD-LSPG ic 32 0.859846577171773
POD-LSPG ic 64 0.3479292736593559
POD-LSPG ic 128 0.11246123864085748
ARM sig_K16_ic_feature: n=65025 K=16 M1=4096 M2=650340 nnz=20751900 micro=60 weights+adam~4.6GB
sig_K16_ic_feature ep=0 lr=1.0e-03 train=1.8683e-02 val=1.2364e-02 best=1.2364e-02 t=0s
sig_K16_ic_feature ep=5 lr=1.0e-03 train=1.1249e-03 val=8.8198e-04 best=8.8198e-04 t=14s
sig_K16_ic_feature ep=10 lr=1.0e-03 train=2.4003e-04 val=2.4245e-04 best=2.4245e-04 t=28s
sig_K16_ic_feature ep=15 lr=1.0e-03 train=1.1374e-04 val=1.1772e-04 best=1.1772e-04 t=42s
sig_K16_ic_feature ep=20 lr=1.0e-03 train=7.3755e-05 val=8.0929e-05 best=8.0929e-05 t=57s
sig_K16_ic_feature ep=25 lr=1.0e-03 train=5.5394e-05 val=6.1015e-05 best=6.1015e-05 t=71s
sig_K16_ic_feature ep=35 lr=1.0e-03 train=4.7284e-05 val=4.9195e-05 best=4.9195e-05 t=99s
sig_K16_ic_feature ep=45 lr=1.0e-03 train=3.8491e-05 val=3.5152e-05 best=3.5152e-05 t=128s
sig_K16_ic_feature ep=50 lr=1.0e-03 train=3.5174e-05 val=4.1732e-05 best=3.5152e-05 t=142s
sig_K16_ic_feature ep=65 lr=1.0e-03 train=3.0156e-05 val=3.2178e-05 best=3.2178e-05 t=184s
sig_K16_ic_feature ep=75 lr=1.0e-03 train=5.0841e-05 val=5.3954e-05 best=2.6328e-05 t=213s
sig_K16_ic_feature ep=80 lr=1.0e-04 train=1.2293e-05 val=1.4053e-05 best=1.4053e-05 t=227s
sig_K16_ic_feature ep=85 lr=1.0e-04 train=9.9011e-06 val=1.2868e-05 best=1.2868e-05 t=241s
sig_K16_ic_feature ep=90 lr=1.0e-04 train=9.6341e-06 val=1.2597e-05 best=1.2597e-05 t=255s
sig_K16_ic_feature ep=95 lr=1.0e-04 train=9.4702e-06 val=1.2419e-05 best=1.2419e-05 t=270s
sig_K16_ic_feature ep=100 lr=1.0e-04 train=9.3425e-06 val=1.2248e-05 best=1.2248e-05 t=284s
sig_K16_ic_feature ep=105 lr=1.0e-04 train=9.2271e-06 val=1.2106e-05 best=1.2106e-05 t=298s
sig_K16_ic_feature ep=110 lr=1.0e-04 train=9.1122e-06 val=1.1975e-05 best=1.1975e-05 t=312s
sig_K16_ic_feature ep=115 lr=1.0e-04 train=9.0101e-06 val=1.1850e-05 best=1.1850e-05 t=326s
sig_K16_ic_feature ep=120 lr=1.0e-04 train=8.9075e-06 val=1.1725e-05 best=1.1725e-05 t=341s
sig_K16_ic_feature ep=125 lr=1.0e-04 train=8.8072e-06 val=1.1590e-05 best=1.1590e-05 t=355s
sig_K16_ic_feature ep=130 lr=1.0e-04 train=8.7106e-06 val=1.1486e-05 best=1.1486e-05 t=369s
sig_K16_ic_feature ep=135 lr=1.0e-04 train=8.6227e-06 val=1.1376e-05 best=1.1376e-05 t=383s
sig_K16_ic_feature ep=140 lr=1.0e-04 train=8.5358e-06 val=1.1256e-05 best=1.1256e-05 t=397s
sig_K16_ic_feature ep=150 lr=1.0e-04 train=8.3421e-06 val=1.1022e-05 best=1.1022e-05 t=426s
sig_K16_ic_feature ep=155 lr=1.0e-04 train=8.2538e-06 val=1.0916e-05 best=1.0916e-05 t=440s
sig_K16_ic_feature ep=160 lr=1.0e-04 train=8.1702e-06 val=1.0796e-05 best=1.0796e-05 t=454s
sig_K16_ic_feature ep=165 lr=1.0e-04 train=8.0814e-06 val=1.0708e-05 best=1.0708e-05 t=469s
sig_K16_ic_feature ep=170 lr=1.0e-04 train=7.9846e-06 val=1.0585e-05 best=1.0585e-05 t=483s
sig_K16_ic_feature ep=175 lr=1.0e-04 train=7.9052e-06 val=1.0484e-05 best=1.0484e-05 t=497s
sig_K16_ic_feature ep=180 lr=1.0e-04 train=7.8219e-06 val=1.0360e-05 best=1.0360e-05 t=511s
sig_K16_ic_feature ep=185 lr=1.0e-04 train=7.7214e-06 val=1.0271e-05 best=1.0271e-05 t=525s
sig_K16_ic_feature ep=190 lr=1.0e-04 train=7.6332e-06 val=1.0160e-05 best=1.0160e-05 t=540s
sig_K16_ic_feature ep=195 lr=1.0e-04 train=7.5444e-06 val=1.0042e-05 best=1.0042e-05 t=554s
sig_K16_ic_feature ep=200 lr=1.0e-04 train=7.4768e-06 val=9.9763e-06 best=9.9763e-06 t=568s
sig_K16_ic_feature ep=205 lr=1.0e-04 train=7.3831e-06 val=9.8477e-06 best=9.8477e-06 t=582s
sig_K16_ic_feature ep=215 lr=1.0e-04 train=7.2249e-06 val=9.6482e-06 best=9.6482e-06 t=611s
sig_K16_ic_feature ep=220 lr=1.0e-04 train=7.1410e-06 val=9.5545e-06 best=9.5545e-06 t=625s
sig_K16_ic_feature ep=225 lr=1.0e-04 train=7.0607e-06 val=9.4784e-06 best=9.4766e-06 t=639s
sig_K16_ic_feature ep=230 lr=1.0e-04 train=6.9654e-06 val=9.3551e-06 best=9.3551e-06 t=653s
sig_K16_ic_feature ep=240 lr=1.0e-04 train=6.8327e-06 val=9.1923e-06 best=9.1923e-06 t=682s
sig_K16_ic_feature ep=245 lr=1.0e-04 train=6.7588e-06 val=9.0912e-06 best=9.0912e-06 t=696s
sig_K16_ic_feature ep=250 lr=1.0e-04 train=6.6787e-06 val=9.0255e-06 best=9.0158e-06 t=710s
sig_K16_ic_feature ep=270 lr=1.0e-04 train=6.3812e-06 val=8.6780e-06 best=8.6780e-06 t=767s
sig_K16_ic_feature ep=275 lr=1.0e-04 train=6.3108e-06 val=8.5420e-06 best=8.5420e-06 t=781s
sig_K16_ic_feature ep=280 lr=1.0e-04 train=6.2438e-06 val=8.4945e-06 best=8.4945e-06 t=795s
sig_K16_ic_feature ep=285 lr=1.0e-04 train=6.1822e-06 val=8.3991e-06 best=8.3991e-06 t=809s
sig_K16_ic_feature ep=290 lr=1.0e-04 train=6.1019e-06 val=8.2788e-06 best=8.2788e-06 t=824s
sig_K16_ic_feature ep=295 lr=1.0e-04 train=6.0202e-06 val=8.1898e-06 best=8.1898e-06 t=838s
sig_K16_ic_feature ep=300 lr=1.0e-04 train=5.9811e-06 val=8.1522e-06 best=8.1522e-06 t=852s
sig_K16_ic_feature ep=305 lr=1.0e-04 train=5.9314e-06 val=8.0469e-06 best=8.0469e-06 t=866s
sig_K16_ic_feature ep=320 lr=1.0e-04 train=5.7470e-06 val=7.8622e-06 best=7.8622e-06 t=909s
sig_K16_ic_feature ep=325 lr=1.0e-04 train=5.6675e-06 val=7.8070e-06 best=7.8070e-06 t=923s
sig_K16_ic_feature ep=330 lr=1.0e-04 train=5.6279e-06 val=7.7369e-06 best=7.7369e-06 t=937s
sig_K16_ic_feature ep=335 lr=1.0e-04 train=5.5657e-06 val=7.6693e-06 best=7.6693e-06 t=952s
sig_K16_ic_feature ep=340 lr=1.0e-04 train=5.5040e-06 val=7.5718e-06 best=7.5718e-06 t=966s
sig_K16_ic_feature ep=350 lr=1.0e-04 train=5.3662e-06 val=7.3990e-06 best=7.3990e-06 t=994s
sig_K16_ic_feature ep=355 lr=1.0e-04 train=5.3712e-06 val=7.3797e-06 best=7.3797e-06 t=1008s
sig_K16_ic_feature ep=365 lr=1.0e-04 train=5.2303e-06 val=7.2378e-06 best=7.2378e-06 t=1037s
sig_K16_ic_feature ep=370 lr=1.0e-04 train=5.1748e-06 val=7.1675e-06 best=7.1675e-06 t=1051s
sig_K16_ic_feature ep=375 lr=1.0e-04 train=5.1339e-06 val=7.1232e-06 best=7.1232e-06 t=1065s
sig_K16_ic_feature ep=390 lr=1.0e-04 train=5.0188e-06 val=6.9609e-06 best=6.9609e-06 t=1108s
sig_K16_ic_feature ep=400 lr=1.0e-04 train=4.9156e-06 val=6.8831e-06 best=6.8663e-06 t=1136s
sig_K16_ic_feature ep=405 lr=1.0e-04 train=4.8663e-06 val=6.7679e-06 best=6.7679e-06 t=1150s
sig_K16_ic_feature ep=410 lr=1.0e-04 train=4.8222e-06 val=6.7449e-06 best=6.7449e-06 t=1165s
sig_K16_ic_feature ep=425 lr=1.0e-04 train=4.7096e-06 val=6.5900e-06 best=6.5644e-06 t=1207s
sig_K16_ic_feature ep=450 lr=1.0e-04 train=4.5185e-06 val=6.3236e-06 best=6.3236e-06 t=1278s
sig_K16_ic_feature ep=460 lr=1.0e-04 train=4.4506e-06 val=6.2526e-06 best=6.2526e-06 t=1307s
sig_K16_ic_feature ep=465 lr=1.0e-04 train=4.4050e-06 val=6.2212e-06 best=6.2212e-06 t=1321s
sig_K16_ic_feature ep=475 lr=1.0e-04 train=4.3712e-06 val=6.1102e-06 best=6.1102e-06 t=1349s
sig_K16_ic_feature ep=490 lr=1.0e-04 train=4.2868e-06 val=6.0018e-06 best=6.0018e-06 t=1392s
sig_K16_ic_feature ep=500 lr=1.0e-04 train=4.2002e-06 val=5.9066e-06 best=5.9066e-06 t=1420s
sig_K16_ic_feature ep=510 lr=1.0e-04 train=4.1159e-06 val=5.8646e-06 best=5.8646e-06 t=1449s
sig_K16_ic_feature ep=525 lr=1.0e-04 train=4.0428e-06 val=5.7359e-06 best=5.7359e-06 t=1491s
sig_K16_ic_feature ep=535 lr=1.0e-04 train=3.9972e-06 val=5.6947e-06 best=5.6947e-06 t=1520s
sig_K16_ic_feature ep=545 lr=1.0e-04 train=3.9294e-06 val=5.6339e-06 best=5.6339e-06 t=1548s
sig_K16_ic_feature ep=550 lr=1.0e-04 train=3.9129e-06 val=5.5987e-06 best=5.5987e-06 t=1562s
sig_K16_ic_feature ep=565 lr=1.0e-04 train=3.8330e-06 val=5.4897e-06 best=5.4897e-06 t=1605s
sig_K16_ic_feature ep=575 lr=1.0e-04 train=3.7960e-06 val=5.5018e-06 best=5.4109e-06 t=1633s
sig_K16_ic_feature ep=600 lr=1.0e-04 train=3.6605e-06 val=5.3007e-06 best=5.3007e-06 t=1704s
sig_K16_ic_feature ep=610 lr=1.0e-04 train=3.6382e-06 val=5.2338e-06 best=5.2338e-06 t=1733s
sig_K16_ic_feature ep=625 lr=1.0e-04 train=3.5878e-06 val=5.1678e-06 best=5.1678e-06 t=1775s
sig_K16_ic_feature ep=630 lr=1.0e-04 train=3.5486e-06 val=5.1586e-06 best=5.1586e-06 t=1790s
sig_K16_ic_feature ep=650 lr=1.0e-04 train=3.4787e-06 val=5.1364e-06 best=5.0328e-06 t=1846s
sig_K16_ic_feature ep=665 lr=1.0e-04 train=3.4421e-06 val=4.9918e-06 best=4.9918e-06 t=1889s
sig_K16_ic_feature ep=675 lr=1.0e-04 train=3.3660e-06 val=4.9521e-06 best=4.9301e-06 t=1918s
sig_K16_ic_feature ep=685 lr=1.0e-04 train=3.3703e-06 val=4.8875e-06 best=4.8875e-06 t=1946s
sig_K16_ic_feature ep=690 lr=1.0e-04 train=3.3323e-06 val=4.8564e-06 best=4.8564e-06 t=1960s
sig_K16_ic_feature ep=695 lr=1.0e-04 train=3.3295e-06 val=4.8523e-06 best=4.8523e-06 t=1974s
sig_K16_ic_feature ep=700 lr=1.0e-04 train=3.3035e-06 val=4.8236e-06 best=4.8236e-06 t=1989s
sig_K16_ic_feature ep=710 lr=1.0e-04 train=3.2607e-06 val=4.7693e-06 best=4.7693e-06 t=2017s
sig_K16_ic_feature ep=715 lr=1.0e-04 train=3.2432e-06 val=4.7368e-06 best=4.7368e-06 t=2031s
sig_K16_ic_feature ep=725 lr=1.0e-04 train=3.2091e-06 val=4.7484e-06 best=4.7357e-06 t=2060s
sig_K16_ic_feature ep=745 lr=1.0e-04 train=3.1381e-06 val=4.6231e-06 best=4.6231e-06 t=2116s
sig_K16_ic_feature ep=750 lr=1.0e-04 train=3.1445e-06 val=4.6485e-06 best=4.6072e-06 t=2131s
sig_K16_ic_feature ep=775 lr=1.0e-04 train=3.0623e-06 val=4.5272e-06 best=4.5272e-06 t=2202s
sig_K16_ic_feature ep=795 lr=1.0e-04 train=3.0138e-06 val=4.4620e-06 best=4.4620e-06 t=2258s
sig_K16_ic_feature ep=800 lr=1.0e-04 train=3.0008e-06 val=4.4438e-06 best=4.4418e-06 t=2273s
sig_K16_ic_feature ep=825 lr=1.0e-04 train=2.9532e-06 val=4.3742e-06 best=4.3742e-06 t=2344s
sig_K16_ic_feature ep=830 lr=1.0e-04 train=2.9101e-06 val=4.3556e-06 best=4.3556e-06 t=2358s
sig_K16_ic_feature ep=845 lr=1.0e-05 train=2.6689e-06 val=4.0754e-06 best=4.0754e-06 t=2400s
TRAINED sig_K16_ic_feature {'stop_reason': 'wall_budget', 'epochs': 846, 'best_val': 4.075423021276947e-06, 'seconds': 2400.4954815120436}
NM-LSPG sig_K16_ic_feature worst_evolved 0.9047327834719296 autoencode 0.9294492668310849 tune 0.8493286884829576
ARM sig_K16_zero_feature: n=65025 K=16 M1=4096 M2=650340 nnz=20751900 micro=60 weights+adam~4.6GB
sig_K16_zero_feature ep=0 lr=1.0e-03 train=1.5441e-02 val=8.8011e-03 best=8.8011e-03 t=0s
sig_K16_zero_feature ep=10 lr=1.0e-03 train=8.6560e-04 val=8.1793e-04 best=8.1793e-04 t=28s
sig_K16_zero_feature ep=15 lr=1.0e-03 train=7.6350e-04 val=6.5910e-04 best=6.5910e-04 t=42s
sig_K16_zero_feature ep=25 lr=1.0e-03 train=5.1250e-04 val=9.3515e-04 best=5.8651e-04 t=71s
sig_K16_zero_feature ep=30 lr=1.0e-03 train=5.6670e-04 val=4.1747e-04 best=4.1747e-04 t=85s
sig_K16_zero_feature ep=40 lr=1.0e-04 train=1.8558e-04 val=2.1237e-04 best=2.1237e-04 t=113s
sig_K16_zero_feature ep=45 lr=1.0e-04 train=1.2527e-04 val=1.6624e-04 best=1.6624e-04 t=128s
sig_K16_zero_feature ep=50 lr=1.0e-04 train=1.1283e-04 val=1.5188e-04 best=1.5188e-04 t=142s
sig_K16_zero_feature ep=55 lr=1.0e-04 train=1.0578e-04 val=1.4341e-04 best=1.4341e-04 t=156s
sig_K16_zero_feature ep=60 lr=1.0e-04 train=1.0026e-04 val=1.3737e-04 best=1.3737e-04 t=170s
sig_K16_zero_feature ep=65 lr=1.0e-04 train=9.6001e-05 val=1.3170e-04 best=1.3170e-04 t=184s
sig_K16_zero_feature ep=75 lr=1.0e-04 train=8.8792e-05 val=1.2339e-04 best=1.2339e-04 t=213s
sig_K16_zero_feature ep=85 lr=1.0e-04 train=8.2838e-05 val=1.1643e-04 best=1.1643e-04 t=241s
sig_K16_zero_feature ep=90 lr=1.0e-04 train=8.0174e-05 val=1.1306e-04 best=1.1306e-04 t=256s
sig_K16_zero_feature ep=95 lr=1.0e-04 train=7.7508e-05 val=1.1028e-04 best=1.1028e-04 t=270s
sig_K16_zero_feature ep=100 lr=1.0e-04 train=7.4880e-05 val=1.0719e-04 best=1.0719e-04 t=284s
sig_K16_zero_feature ep=105 lr=1.0e-04 train=7.2658e-05 val=1.0442e-04 best=1.0442e-04 t=298s
sig_K16_zero_feature ep=110 lr=1.0e-04 train=7.0293e-05 val=1.0161e-04 best=1.0161e-04 t=312s
sig_K16_zero_feature ep=115 lr=1.0e-04 train=6.8440e-05 val=9.8865e-05 best=9.8865e-05 t=327s
sig_K16_zero_feature ep=120 lr=1.0e-04 train=6.5970e-05 val=9.6190e-05 best=9.6190e-05 t=341s
sig_K16_zero_feature ep=125 lr=1.0e-04 train=6.3933e-05 val=9.3506e-05 best=9.3506e-05 t=355s
sig_K16_zero_feature ep=130 lr=1.0e-04 train=6.1870e-05 val=9.0607e-05 best=9.0607e-05 t=369s
sig_K16_zero_feature ep=135 lr=1.0e-04 train=6.0124e-05 val=8.8753e-05 best=8.8753e-05 t=383s
sig_K16_zero_feature ep=140 lr=1.0e-04 train=5.8084e-05 val=8.5441e-05 best=8.5441e-05 t=398s
sig_K16_zero_feature ep=145 lr=1.0e-04 train=5.6420e-05 val=8.2721e-05 best=8.2721e-05 t=412s
sig_K16_zero_feature ep=150 lr=1.0e-04 train=5.4461e-05 val=8.0288e-05 best=8.0288e-05 t=426s
sig_K16_zero_feature ep=155 lr=1.0e-04 train=5.2771e-05 val=7.8614e-05 best=7.8614e-05 t=440s
sig_K16_zero_feature ep=160 lr=1.0e-04 train=5.1109e-05 val=7.6184e-05 best=7.6184e-05 t=454s
sig_K16_zero_feature ep=170 lr=1.0e-04 train=4.8476e-05 val=7.2138e-05 best=7.2138e-05 t=483s
sig_K16_zero_feature ep=175 lr=1.0e-04 train=4.6626e-05 val=6.9803e-05 best=6.9803e-05 t=497s
sig_K16_zero_feature ep=200 lr=1.0e-04 train=4.0738e-05 val=6.1301e-05 best=6.1301e-05 t=568s
sig_K16_zero_feature ep=210 lr=1.0e-04 train=3.7671e-05 val=5.7954e-05 best=5.7954e-05 t=597s
sig_K16_zero_feature ep=215 lr=1.0e-04 train=3.6343e-05 val=5.6249e-05 best=5.6249e-05 t=611s
sig_K16_zero_feature ep=225 lr=1.0e-04 train=3.4664e-05 val=5.3803e-05 best=5.3803e-05 t=639s
sig_K16_zero_feature ep=230 lr=1.0e-04 train=3.3386e-05 val=5.2552e-05 best=5.2552e-05 t=653s
sig_K16_zero_feature ep=235 lr=1.0e-04 train=3.2254e-05 val=5.0107e-05 best=5.0107e-05 t=668s
sig_K16_zero_feature ep=245 lr=1.0e-04 train=3.1023e-05 val=4.8221e-05 best=4.8221e-05 t=696s
sig_K16_zero_feature ep=250 lr=1.0e-04 train=3.0058e-05 val=4.6773e-05 best=4.6773e-05 t=710s
sig_K16_zero_feature ep=265 lr=1.0e-04 train=2.6896e-05 val=4.2999e-05 best=4.2999e-05 t=753s
sig_K16_zero_feature ep=270 lr=1.0e-04 train=2.6189e-05 val=4.2416e-05 best=4.2416e-05 t=767s
sig_K16_zero_feature ep=275 lr=1.0e-04 train=2.6851e-05 val=4.2782e-05 best=4.2416e-05 t=781s
sig_K16_zero_feature ep=285 lr=1.0e-05 train=2.3180e-05 val=3.9338e-05 best=3.9338e-05 t=810s
sig_K16_zero_feature ep=290 lr=1.0e-05 train=2.2868e-05 val=3.8906e-05 best=3.8906e-05 t=824s
sig_K16_zero_feature ep=295 lr=1.0e-05 train=2.2732e-05 val=3.8704e-05 best=3.8704e-05 t=838s
sig_K16_zero_feature ep=300 lr=1.0e-05 train=2.2647e-05 val=3.8566e-05 best=3.8546e-05 t=852s
sig_K16_zero_feature ep=305 lr=1.0e-05 train=2.2550e-05 val=3.8374e-05 best=3.8374e-05 t=867s
sig_K16_zero_feature ep=310 lr=1.0e-05 train=2.2474e-05 val=3.8235e-05 best=3.8235e-05 t=881s
sig_K16_zero_feature ep=320 lr=1.0e-05 train=2.2309e-05 val=3.7925e-05 best=3.7925e-05 t=909s
sig_K16_zero_feature ep=325 lr=1.0e-05 train=2.2225e-05 val=3.7805e-05 best=3.7805e-05 t=923s
sig_K16_zero_feature ep=330 lr=1.0e-05 train=2.2149e-05 val=3.7625e-05 best=3.7625e-05 t=938s
sig_K16_zero_feature ep=335 lr=1.0e-05 train=2.2066e-05 val=3.7531e-05 best=3.7531e-05 t=952s
sig_K16_zero_feature ep=340 lr=1.0e-05 train=2.1986e-05 val=3.7379e-05 best=3.7379e-05 t=966s
sig_K16_zero_feature ep=345 lr=1.0e-05 train=2.1910e-05 val=3.7323e-05 best=3.7323e-05 t=980s
sig_K16_zero_feature ep=350 lr=1.0e-05 train=2.1831e-05 val=3.7210e-05 best=3.7165e-05 t=994s
sig_K16_zero_feature ep=360 lr=1.0e-05 train=2.1649e-05 val=3.6900e-05 best=3.6900e-05 t=1023s
sig_K16_zero_feature ep=365 lr=1.0e-05 train=2.1565e-05 val=3.6797e-05 best=3.6797e-05 t=1037s
sig_K16_zero_feature ep=370 lr=1.0e-05 train=2.1478e-05 val=3.6664e-05 best=3.6664e-05 t=1051s
sig_K16_zero_feature ep=375 lr=1.0e-05 train=2.1391e-05 val=3.6538e-05 best=3.6538e-05 t=1066s
sig_K16_zero_feature ep=390 lr=1.0e-05 train=2.1136e-05 val=3.6226e-05 best=3.6226e-05 t=1108s
sig_K16_zero_feature ep=400 lr=1.0e-05 train=2.0943e-05 val=3.5929e-05 best=3.5929e-05 t=1137s
sig_K16_zero_feature ep=405 lr=1.0e-05 train=2.0863e-05 val=3.5849e-05 best=3.5849e-05 t=1151s
sig_K16_zero_feature ep=410 lr=1.0e-05 train=2.0766e-05 val=3.5713e-05 best=3.5713e-05 t=1165s
sig_K16_zero_feature ep=420 lr=1.0e-05 train=2.0594e-05 val=3.5483e-05 best=3.5483e-05 t=1193s
sig_K16_zero_feature ep=425 lr=1.0e-05 train=2.0476e-05 val=3.5350e-05 best=3.5350e-05 t=1208s
sig_K16_zero_feature ep=430 lr=1.0e-05 train=2.0396e-05 val=3.5208e-05 best=3.5208e-05 t=1222s
sig_K16_zero_feature ep=440 lr=1.0e-05 train=2.0217e-05 val=3.4990e-05 best=3.4990e-05 t=1250s
sig_K16_zero_feature ep=450 lr=1.0e-05 train=2.0035e-05 val=3.4776e-05 best=3.4776e-05 t=1279s
sig_K16_zero_feature ep=460 lr=1.0e-05 train=1.9837e-05 val=3.4538e-05 best=3.4538e-05 t=1307s
sig_K16_zero_feature ep=465 lr=1.0e-05 train=1.9749e-05 val=3.4390e-05 best=3.4390e-05 t=1321s
sig_K16_zero_feature ep=470 lr=1.0e-05 train=1.9648e-05 val=3.4244e-05 best=3.4244e-05 t=1336s
sig_K16_zero_feature ep=475 lr=1.0e-05 train=1.9559e-05 val=3.4094e-05 best=3.4094e-05 t=1350s
sig_K16_zero_feature ep=480 lr=1.0e-05 train=1.9478e-05 val=3.4008e-05 best=3.4008e-05 t=1364s
sig_K16_zero_feature ep=490 lr=1.0e-05 train=1.9284e-05 val=3.3758e-05 best=3.3758e-05 t=1392s
sig_K16_zero_feature ep=495 lr=1.0e-05 train=1.9184e-05 val=3.3668e-05 best=3.3668e-05 t=1407s
sig_K16_zero_feature ep=500 lr=1.0e-05 train=1.9126e-05 val=3.3563e-05 best=3.3563e-05 t=1421s
sig_K16_zero_feature ep=510 lr=1.0e-05 train=1.8937e-05 val=3.3319e-05 best=3.3319e-05 t=1449s
sig_K16_zero_feature ep=515 lr=1.0e-05 train=1.8826e-05 val=3.3192e-05 best=3.3192e-05 t=1463s
sig_K16_zero_feature ep=520 lr=1.0e-05 train=1.8756e-05 val=3.3067e-05 best=3.3067e-05 t=1478s
sig_K16_zero_feature ep=525 lr=1.0e-05 train=1.8670e-05 val=3.2940e-05 best=3.2940e-05 t=1492s
sig_K16_zero_feature ep=530 lr=1.0e-05 train=1.8577e-05 val=3.2879e-05 best=3.2879e-05 t=1506s
sig_K16_zero_feature ep=535 lr=1.0e-05 train=1.8489e-05 val=3.2761e-05 best=3.2761e-05 t=1520s
sig_K16_zero_feature ep=540 lr=1.0e-05 train=1.8414e-05 val=3.2611e-05 best=3.2611e-05 t=1535s
sig_K16_zero_feature ep=550 lr=1.0e-05 train=1.8237e-05 val=3.2439e-05 best=3.2439e-05 t=1563s
sig_K16_zero_feature ep=560 lr=1.0e-05 train=1.8062e-05 val=3.2230e-05 best=3.2230e-05 t=1591s
sig_K16_zero_feature ep=575 lr=1.0e-05 train=1.7823e-05 val=3.1914e-05 best=3.1914e-05 t=1634s
sig_K16_zero_feature ep=585 lr=1.0e-05 train=1.7654e-05 val=3.1672e-05 best=3.1672e-05 t=1662s
sig_K16_zero_feature ep=595 lr=1.0e-05 train=1.7525e-05 val=3.1456e-05 best=3.1456e-05 t=1691s
sig_K16_zero_feature ep=600 lr=1.0e-05 train=1.7433e-05 val=3.1456e-05 best=3.1367e-05 t=1705s
sig_K16_zero_feature ep=625 lr=1.0e-05 train=1.7059e-05 val=3.0847e-05 best=3.0847e-05 t=1776s
sig_K16_zero_feature ep=640 lr=1.0e-05 train=1.6847e-05 val=3.0549e-05 best=3.0549e-05 t=1819s
sig_K16_zero_feature ep=650 lr=1.0e-05 train=1.6704e-05 val=3.0294e-05 best=3.0294e-05 t=1847s
sig_K16_zero_feature ep=655 lr=1.0e-05 train=1.6628e-05 val=3.0227e-05 best=3.0227e-05 t=1861s
sig_K16_zero_feature ep=660 lr=1.0e-05 train=1.6546e-05 val=3.0127e-05 best=3.0127e-05 t=1876s
sig_K16_zero_feature ep=670 lr=1.0e-05 train=1.6421e-05 val=2.9948e-05 best=2.9948e-05 t=1904s
sig_K16_zero_feature ep=675 lr=1.0e-05 train=1.6349e-05 val=2.9847e-05 best=2.9831e-05 t=1918s
sig_K16_zero_feature ep=685 lr=1.0e-05 train=1.6226e-05 val=2.9661e-05 best=2.9661e-05 t=1947s
sig_K16_zero_feature ep=695 lr=1.0e-05 train=1.6084e-05 val=2.9470e-05 best=2.9470e-05 t=1975s
sig_K16_zero_feature ep=700 lr=1.0e-05 train=1.6015e-05 val=2.9353e-05 best=2.9353e-05 t=1989s
sig_K16_zero_feature ep=705 lr=1.0e-05 train=1.5941e-05 val=2.9245e-05 best=2.9245e-05 t=2003s
sig_K16_zero_feature ep=710 lr=1.0e-05 train=1.5883e-05 val=2.9198e-05 best=2.9198e-05 t=2018s
sig_K16_zero_feature ep=715 lr=1.0e-05 train=1.5834e-05 val=2.9067e-05 best=2.9067e-05 t=2032s
sig_K16_zero_feature ep=725 lr=1.0e-05 train=1.5697e-05 val=2.8891e-05 best=2.8891e-05 t=2060s
sig_K16_zero_feature ep=745 lr=1.0e-05 train=1.5443e-05 val=2.8505e-05 best=2.8505e-05 t=2117s
sig_K16_zero_feature ep=750 lr=1.0e-05 train=1.5385e-05 val=2.8443e-05 best=2.8443e-05 t=2131s
sig_K16_zero_feature ep=755 lr=1.0e-05 train=1.5335e-05 val=2.8312e-05 best=2.8312e-05 t=2145s
sig_K16_zero_feature ep=760 lr=1.0e-05 train=1.5268e-05 val=2.8261e-05 best=2.8261e-05 t=2160s
sig_K16_zero_feature ep=770 lr=1.0e-05 train=1.5156e-05 val=2.8078e-05 best=2.8078e-05 t=2188s
sig_K16_zero_feature ep=775 lr=1.0e-05 train=1.5090e-05 val=2.7983e-05 best=2.7981e-05 t=2202s
sig_K16_zero_feature ep=780 lr=1.0e-05 train=1.5036e-05 val=2.7907e-05 best=2.7907e-05 t=2217s
sig_K16_zero_feature ep=785 lr=1.0e-05 train=1.4969e-05 val=2.7824e-05 best=2.7824e-05 t=2231s
sig_K16_zero_feature ep=800 lr=1.0e-05 train=1.4795e-05 val=2.7576e-05 best=2.7576e-05 t=2273s
sig_K16_zero_feature ep=810 lr=1.0e-05 train=1.4687e-05 val=2.7420e-05 best=2.7420e-05 t=2302s
sig_K16_zero_feature ep=815 lr=1.0e-05 train=1.4629e-05 val=2.7273e-05 best=2.7273e-05 t=2316s
sig_K16_zero_feature ep=820 lr=1.0e-05 train=1.4588e-05 val=2.7193e-05 best=2.7193e-05 t=2330s
sig_K16_zero_feature ep=825 lr=1.0e-05 train=1.4527e-05 val=2.7143e-05 best=2.7143e-05 t=2344s
sig_K16_zero_feature ep=835 lr=1.0e-05 train=1.4419e-05 val=2.6984e-05 best=2.6984e-05 t=2373s
sig_K16_zero_feature ep=840 lr=1.0e-05 train=1.4366e-05 val=2.6894e-05 best=2.6894e-05 t=2387s
TRAINED sig_K16_zero_feature {'stop_reason': 'wall_budget', 'epochs': 846, 'best_val': 2.68154817604227e-05, 'seconds': 2401.1330889198}
NM-LSPG sig_K16_zero_feature worst_evolved 1.4539793473138458 autoencode 0.617618280224142 tune 0.7058543705858611
ARM sig_K16_zero_global: n=65025 K=16 M1=4096 M2=650340 nnz=20751900 micro=60 weights+adam~4.6GB
sig_K16_zero_global ep=0 lr=1.0e-03 train=9.8671e-03 val=5.2059e-03 best=5.2059e-03 t=0s
sig_K16_zero_global ep=5 lr=1.0e-03 train=5.3357e-04 val=4.3798e-04 best=4.3798e-04 t=14s
sig_K16_zero_global ep=20 lr=1.0e-03 train=1.0990e-04 val=1.0470e-04 best=1.0470e-04 t=57s
sig_K16_zero_global ep=25 lr=1.0e-03 train=6.9364e-05 val=7.0051e-05 best=7.0051e-05 t=71s
sig_K16_zero_global ep=35 lr=1.0e-03 train=5.6053e-05 val=5.6091e-05 best=5.6091e-05 t=99s
sig_K16_zero_global ep=40 lr=1.0e-03 train=3.5590e-05 val=4.0736e-05 best=4.0736e-05 t=113s
sig_K16_zero_global ep=50 lr=1.0e-03 train=4.3774e-05 val=6.1197e-05 best=4.0318e-05 t=142s
sig_K16_zero_global ep=55 lr=1.0e-04 train=1.9504e-05 val=2.5799e-05 best=2.5799e-05 t=156s
sig_K16_zero_global ep=60 lr=1.0e-04 train=1.8444e-05 val=2.4866e-05 best=2.4866e-05 t=170s
sig_K16_zero_global ep=65 lr=1.0e-04 train=1.7951e-05 val=2.4201e-05 best=2.4201e-05 t=184s
sig_K16_zero_global ep=70 lr=1.0e-04 train=1.7517e-05 val=2.3679e-05 best=2.3679e-05 t=199s
sig_K16_zero_global ep=75 lr=1.0e-04 train=1.7146e-05 val=2.3188e-05 best=2.3188e-05 t=213s
sig_K16_zero_global ep=80 lr=1.0e-04 train=1.6794e-05 val=2.2732e-05 best=2.2732e-05 t=227s
sig_K16_zero_global ep=85 lr=1.0e-04 train=1.6431e-05 val=2.2274e-05 best=2.2274e-05 t=241s
sig_K16_zero_global ep=90 lr=1.0e-04 train=1.6115e-05 val=2.1830e-05 best=2.1830e-05 t=255s
sig_K16_zero_global ep=95 lr=1.0e-04 train=1.5812e-05 val=2.1503e-05 best=2.1503e-05 t=270s
sig_K16_zero_global ep=100 lr=1.0e-04 train=1.5483e-05 val=2.1043e-05 best=2.1043e-05 t=284s
sig_K16_zero_global ep=105 lr=1.0e-04 train=1.5176e-05 val=2.0646e-05 best=2.0646e-05 t=298s
sig_K16_zero_global ep=110 lr=1.0e-04 train=1.4896e-05 val=2.0279e-05 best=2.0279e-05 t=312s
sig_K16_zero_global ep=115 lr=1.0e-04 train=1.4604e-05 val=1.9875e-05 best=1.9875e-05 t=326s
sig_K16_zero_global ep=125 lr=1.0e-04 train=1.4024e-05 val=1.9107e-05 best=1.9107e-05 t=355s
sig_K16_zero_global ep=130 lr=1.0e-04 train=1.3724e-05 val=1.8713e-05 best=1.8713e-05 t=369s
sig_K16_zero_global ep=135 lr=1.0e-04 train=1.3470e-05 val=1.8414e-05 best=1.8414e-05 t=383s
sig_K16_zero_global ep=140 lr=1.0e-04 train=1.3198e-05 val=1.8051e-05 best=1.8051e-05 t=397s
sig_K16_zero_global ep=145 lr=1.0e-04 train=1.2902e-05 val=1.7679e-05 best=1.7679e-05 t=412s
sig_K16_zero_global ep=150 lr=1.0e-04 train=1.2673e-05 val=1.7374e-05 best=1.7374e-05 t=426s
sig_K16_zero_global ep=155 lr=1.0e-04 train=1.2373e-05 val=1.7043e-05 best=1.7043e-05 t=440s
sig_K16_zero_global ep=160 lr=1.0e-04 train=1.2164e-05 val=1.6702e-05 best=1.6702e-05 t=454s
sig_K16_zero_global ep=165 lr=1.0e-04 train=1.1892e-05 val=1.6332e-05 best=1.6332e-05 t=468s
sig_K16_zero_global ep=170 lr=1.0e-04 train=1.1636e-05 val=1.6049e-05 best=1.6049e-05 t=483s
sig_K16_zero_global ep=175 lr=1.0e-04 train=1.1382e-05 val=1.5734e-05 best=1.5687e-05 t=497s
sig_K16_zero_global ep=185 lr=1.0e-04 train=1.0963e-05 val=1.5070e-05 best=1.5070e-05 t=525s
sig_K16_zero_global ep=190 lr=1.0e-04 train=1.0730e-05 val=1.4815e-05 best=1.4815e-05 t=539s
sig_K16_zero_global ep=195 lr=1.0e-04 train=1.0496e-05 val=1.4456e-05 best=1.4456e-05 t=554s
sig_K16_zero_global ep=200 lr=1.0e-04 train=1.0329e-05 val=1.4227e-05 best=1.4227e-05 t=568s
sig_K16_zero_global ep=205 lr=1.0e-04 train=1.0061e-05 val=1.3917e-05 best=1.3917e-05 t=582s
sig_K16_zero_global ep=210 lr=1.0e-04 train=9.8544e-06 val=1.3654e-05 best=1.3654e-05 t=596s
sig_K16_zero_global ep=215 lr=1.0e-04 train=9.6490e-06 val=1.3385e-05 best=1.3385e-05 t=610s
sig_K16_zero_global ep=220 lr=1.0e-04 train=9.4228e-06 val=1.3058e-05 best=1.3058e-05 t=625s
sig_K16_zero_global ep=225 lr=1.0e-04 train=9.2777e-06 val=1.2871e-05 best=1.2871e-05 t=639s
sig_K16_zero_global ep=235 lr=1.0e-04 train=8.8920e-06 val=1.2495e-05 best=1.2495e-05 t=667s
sig_K16_zero_global ep=240 lr=1.0e-04 train=8.7431e-06 val=1.2232e-05 best=1.2232e-05 t=681s
sig_K16_zero_global ep=245 lr=1.0e-04 train=8.5585e-06 val=1.1954e-05 best=1.1954e-05 t=696s
sig_K16_zero_global ep=250 lr=1.0e-04 train=8.3984e-06 val=1.1835e-05 best=1.1813e-05 t=710s
sig_K16_zero_global ep=255 lr=1.0e-04 train=8.2382e-06 val=1.1574e-05 best=1.1574e-05 t=724s
sig_K16_zero_global ep=260 lr=1.0e-04 train=8.0711e-06 val=1.1313e-05 best=1.1313e-05 t=738s
sig_K16_zero_global ep=265 lr=1.0e-04 train=7.8928e-06 val=1.1104e-05 best=1.1104e-05 t=752s
sig_K16_zero_global ep=270 lr=1.0e-04 train=7.7535e-06 val=1.0880e-05 best=1.0880e-05 t=767s
sig_K16_zero_global ep=275 lr=1.0e-04 train=7.5752e-06 val=1.0726e-05 best=1.0721e-05 t=781s
sig_K16_zero_global ep=295 lr=1.0e-04 train=7.0458e-06 val=9.9858e-06 best=9.9858e-06 t=838s
sig_K16_zero_global ep=300 lr=1.0e-04 train=6.9453e-06 val=9.8495e-06 best=9.8427e-06 t=852s
sig_K16_zero_global ep=305 lr=1.0e-04 train=6.8466e-06 val=9.6859e-06 best=9.6859e-06 t=866s
sig_K16_zero_global ep=320 lr=1.0e-04 train=6.5294e-06 val=9.1967e-06 best=9.1967e-06 t=909s
sig_K16_zero_global ep=325 lr=1.0e-04 train=6.3436e-06 val=9.0304e-06 best=9.0304e-06 t=923s
sig_K16_zero_global ep=330 lr=1.0e-04 train=6.2710e-06 val=8.9022e-06 best=8.9022e-06 t=937s
sig_K16_zero_global ep=340 lr=1.0e-04 train=6.0656e-06 val=8.7013e-06 best=8.7013e-06 t=965s
sig_K16_zero_global ep=350 lr=1.0e-04 train=5.8575e-06 val=8.4664e-06 best=8.3936e-06 t=994s
sig_K16_zero_global ep=360 lr=1.0e-04 train=5.6732e-06 val=8.0690e-06 best=8.0690e-06 t=1022s
sig_K16_zero_global ep=365 lr=1.0e-04 train=5.5914e-06 val=8.0425e-06 best=8.0425e-06 t=1036s
sig_K16_zero_global ep=370 lr=1.0e-04 train=5.4761e-06 val=7.8763e-06 best=7.8763e-06 t=1051s
sig_K16_zero_global ep=375 lr=1.0e-04 train=5.3748e-06 val=7.7529e-06 best=7.7529e-06 t=1065s
sig_K16_zero_global ep=400 lr=1.0e-04 train=5.1341e-06 val=7.3642e-06 best=7.3272e-06 t=1136s
sig_K16_zero_global ep=405 lr=1.0e-04 train=4.9808e-06 val=7.2274e-06 best=7.2274e-06 t=1150s
sig_K16_zero_global ep=410 lr=1.0e-04 train=4.9048e-06 val=7.1870e-06 best=7.1870e-06 t=1164s
sig_K16_zero_global ep=420 lr=1.0e-04 train=4.7907e-06 val=6.9589e-06 best=6.9589e-06 t=1193s
sig_K16_zero_global ep=425 lr=1.0e-04 train=4.6586e-06 val=6.8206e-06 best=6.8206e-06 t=1207s
sig_K16_zero_global ep=445 lr=1.0e-04 train=4.5145e-06 val=6.5666e-06 best=6.5666e-06 t=1264s
sig_K16_zero_global ep=450 lr=1.0e-04 train=4.4452e-06 val=6.5017e-06 best=6.4813e-06 t=1278s
sig_K16_zero_global ep=460 lr=1.0e-04 train=4.3477e-06 val=6.3420e-06 best=6.3420e-06 t=1306s
sig_K16_zero_global ep=470 lr=1.0e-04 train=4.3464e-06 val=6.2524e-06 best=6.2524e-06 t=1335s
sig_K16_zero_global ep=475 lr=1.0e-04 train=4.1789e-06 val=6.1228e-06 best=6.1228e-06 t=1349s
sig_K16_zero_global ep=485 lr=1.0e-04 train=4.0720e-06 val=6.0548e-06 best=6.0548e-06 t=1377s
sig_K16_zero_global ep=490 lr=1.0e-04 train=3.9983e-06 val=5.9255e-06 best=5.9255e-06 t=1391s
sig_K16_zero_global ep=500 lr=1.0e-04 train=3.9973e-06 val=6.1037e-06 best=5.8963e-06 t=1420s
sig_K16_zero_global ep=515 lr=1.0e-04 train=3.7900e-06 val=5.6501e-06 best=5.6501e-06 t=1462s
sig_K16_zero_global ep=525 lr=1.0e-04 train=3.8139e-06 val=5.6385e-06 best=5.6315e-06 t=1491s
sig_K16_zero_global ep=545 lr=1.0e-04 train=3.5837e-06 val=5.3901e-06 best=5.3901e-06 t=1548s
sig_K16_zero_global ep=550 lr=1.0e-04 train=3.5450e-06 val=5.3177e-06 best=5.3177e-06 t=1562s
sig_K16_zero_global ep=575 lr=1.0e-04 train=3.5372e-06 val=5.6334e-06 best=5.1541e-06 t=1633s
sig_K16_zero_global ep=580 lr=1.0e-04 train=3.3439e-06 val=5.0897e-06 best=5.0897e-06 t=1647s
sig_K16_zero_global ep=585 lr=1.0e-04 train=3.3029e-06 val=5.0361e-06 best=5.0361e-06 t=1661s
sig_K16_zero_global ep=595 lr=1.0e-04 train=3.2521e-06 val=4.9573e-06 best=4.9573e-06 t=1690s
sig_K16_zero_global ep=600 lr=1.0e-04 train=3.2320e-06 val=4.9721e-06 best=4.9274e-06 t=1704s
sig_K16_zero_global ep=610 lr=1.0e-04 train=3.1635e-06 val=4.8150e-06 best=4.8150e-06 t=1732s
sig_K16_zero_global ep=625 lr=1.0e-04 train=3.1881e-06 val=4.7896e-06 best=4.7695e-06 t=1775s
sig_K16_zero_global ep=635 lr=1.0e-04 train=3.0474e-06 val=4.6811e-06 best=4.6811e-06 t=1803s
sig_K16_zero_global ep=640 lr=1.0e-04 train=2.9942e-06 val=4.6366e-06 best=4.6366e-06 t=1817s
sig_K16_zero_global ep=650 lr=1.0e-04 train=3.3841e-06 val=4.7174e-06 best=4.6140e-06 t=1846s
sig_K16_zero_global ep=660 lr=1.0e-04 train=2.9302e-06 val=4.5066e-06 best=4.5066e-06 t=1874s
sig_K16_zero_global ep=675 lr=1.0e-04 train=2.8675e-06 val=4.5739e-06 best=4.4324e-06 t=1917s
sig_K16_zero_global ep=685 lr=1.0e-04 train=2.8615e-06 val=4.3971e-06 best=4.3971e-06 t=1945s
sig_K16_zero_global ep=700 lr=1.0e-04 train=2.7300e-06 val=4.2868e-06 best=4.2804e-06 t=1988s
sig_K16_zero_global ep=725 lr=1.0e-04 train=2.7151e-06 val=4.2798e-06 best=4.1720e-06 t=2059s
sig_K16_zero_global ep=750 lr=1.0e-04 train=2.5678e-06 val=4.0347e-06 best=4.0347e-06 t=2130s
sig_K16_zero_global ep=760 lr=1.0e-04 train=2.5286e-06 val=3.9982e-06 best=3.9982e-06 t=2158s
sig_K16_zero_global ep=765 lr=1.0e-05 train=2.3280e-06 val=3.7878e-06 best=3.7878e-06 t=2172s
sig_K16_zero_global ep=775 lr=1.0e-05 train=2.3184e-06 val=3.7821e-06 best=3.7791e-06 t=2201s
sig_K16_zero_global ep=790 lr=1.0e-05 train=2.3137e-06 val=3.7757e-06 best=3.7757e-06 t=2243s
sig_K16_zero_global ep=800 lr=1.0e-05 train=2.3102e-06 val=3.7719e-06 best=3.7719e-06 t=2272s
sig_K16_zero_global ep=805 lr=1.0e-05 train=2.3089e-06 val=3.7697e-06 best=3.7697e-06 t=2286s
sig_K16_zero_global ep=810 lr=1.0e-05 train=2.3076e-06 val=3.7657e-06 best=3.7657e-06 t=2300s
sig_K16_zero_global ep=815 lr=1.0e-05 train=2.3055e-06 val=3.7618e-06 best=3.7618e-06 t=2314s
sig_K16_zero_global ep=820 lr=1.0e-05 train=2.3041e-06 val=3.7618e-06 best=3.7618e-06 t=2329s
sig_K16_zero_global ep=825 lr=1.0e-05 train=2.3029e-06 val=3.7622e-06 best=3.7600e-06 t=2343s
sig_K16_zero_global ep=830 lr=1.0e-05 train=2.3012e-06 val=3.7589e-06 best=3.7589e-06 t=2357s
sig_K16_zero_global ep=835 lr=1.0e-05 train=2.2984e-06 val=3.7533e-06 best=3.7533e-06 t=2371s
TRAINED sig_K16_zero_global {'stop_reason': 'wall_budget', 'epochs': 847, 'best_val': 3.752289558178745e-06, 'seconds': 2402.3458227729425}
NM-LSPG sig_K16_zero_global worst_evolved 1.1739833316729096 autoencode 0.37365532150451625 tune 0.7647289652981585
DROPPED (precheck) sig_K16_published_M1: needs 136 GB > device 77 GB
SELECTED sig_K16_zero_feature 0.7058543705858611
ARM kim_final_K8: n=65025 K=8 M1=4096 M2=650340 nnz=20751900 micro=60 weights+adam~4.6GB
kim_final_K8 ep=0 lr=1.0e-03 train=1.4566e-02 val=8.3643e-03 best=8.3643e-03 t=0s
kim_final_K8 ep=10 lr=1.0e-03 train=8.5088e-04 val=8.6782e-04 best=8.6782e-04 t=28s
kim_final_K8 ep=25 lr=1.0e-03 train=5.5139e-04 val=7.1072e-04 best=6.1303e-04 t=70s
kim_final_K8 ep=30 lr=1.0e-03 train=6.2991e-04 val=5.8306e-04 best=5.8306e-04 t=84s
kim_final_K8 ep=40 lr=1.0e-04 train=1.9664e-04 val=2.2755e-04 best=2.2755e-04 t=113s
kim_final_K8 ep=45 lr=1.0e-04 train=1.3686e-04 val=1.7955e-04 best=1.7955e-04 t=127s
kim_final_K8 ep=50 lr=1.0e-04 train=1.2398e-04 val=1.6533e-04 best=1.6533e-04 t=141s
kim_final_K8 ep=55 lr=1.0e-04 train=1.1676e-04 val=1.5667e-04 best=1.5667e-04 t=155s
kim_final_K8 ep=60 lr=1.0e-04 train=1.1131e-04 val=1.5059e-04 best=1.5059e-04 t=169s
kim_final_K8 ep=65 lr=1.0e-04 train=1.0701e-04 val=1.4562e-04 best=1.4562e-04 t=183s
kim_final_K8 ep=70 lr=1.0e-04 train=1.0334e-04 val=1.4158e-04 best=1.4158e-04 t=197s
kim_final_K8 ep=75 lr=1.0e-04 train=9.9715e-05 val=1.3721e-04 best=1.3721e-04 t=211s
kim_final_K8 ep=80 lr=1.0e-04 train=9.6745e-05 val=1.3431e-04 best=1.3431e-04 t=226s
kim_final_K8 ep=85 lr=1.0e-04 train=9.3604e-05 val=1.3016e-04 best=1.3016e-04 t=240s
kim_final_K8 ep=90 lr=1.0e-04 train=9.0857e-05 val=1.2655e-04 best=1.2655e-04 t=254s
kim_final_K8 ep=95 lr=1.0e-04 train=8.8172e-05 val=1.2396e-04 best=1.2396e-04 t=268s
kim_final_K8 ep=100 lr=1.0e-04 train=8.5671e-05 val=1.2070e-04 best=1.2070e-04 t=282s
kim_final_K8 ep=105 lr=1.0e-04 train=8.3134e-05 val=1.1827e-04 best=1.1827e-04 t=296s
kim_final_K8 ep=110 lr=1.0e-04 train=8.0911e-05 val=1.1520e-04 best=1.1520e-04 t=310s
kim_final_K8 ep=115 lr=1.0e-04 train=7.8800e-05 val=1.1287e-04 best=1.1287e-04 t=324s
kim_final_K8 ep=120 lr=1.0e-04 train=7.6434e-05 val=1.1020e-04 best=1.1020e-04 t=338s
kim_final_K8 ep=125 lr=1.0e-04 train=7.4235e-05 val=1.0764e-04 best=1.0740e-04 t=353s
kim_final_K8 ep=130 lr=1.0e-04 train=7.2170e-05 val=1.0493e-04 best=1.0493e-04 t=367s
kim_final_K8 ep=135 lr=1.0e-04 train=7.0760e-05 val=1.0392e-04 best=1.0392e-04 t=381s
kim_final_K8 ep=140 lr=1.0e-04 train=6.8286e-05 val=1.0039e-04 best=1.0039e-04 t=395s
kim_final_K8 ep=145 lr=1.0e-04 train=6.6341e-05 val=9.8138e-05 best=9.8138e-05 t=409s
kim_final_K8 ep=150 lr=1.0e-04 train=6.4709e-05 val=9.6299e-05 best=9.6299e-05 t=423s
kim_final_K8 ep=160 lr=1.0e-04 train=6.1157e-05 val=9.1255e-05 best=9.1255e-05 t=451s
kim_final_K8 ep=165 lr=1.0e-04 train=5.9672e-05 val=8.9944e-05 best=8.9944e-05 t=465s
kim_final_K8 ep=170 lr=1.0e-04 train=5.7957e-05 val=8.8591e-05 best=8.8591e-05 t=480s
kim_final_K8 ep=175 lr=1.0e-04 train=5.6483e-05 val=8.6410e-05 best=8.6357e-05 t=494s
kim_final_K8 ep=180 lr=1.0e-04 train=5.5118e-05 val=8.4562e-05 best=8.4562e-05 t=508s
kim_final_K8 ep=185 lr=1.0e-04 train=5.3428e-05 val=8.2768e-05 best=8.2768e-05 t=522s
kim_final_K8 ep=200 lr=1.0e-04 train=5.1195e-05 val=7.8742e-05 best=7.8327e-05 t=564s
kim_final_K8 ep=205 lr=1.0e-04 train=4.8247e-05 val=7.6262e-05 best=7.6262e-05 t=578s
kim_final_K8 ep=210 lr=1.0e-04 train=4.7209e-05 val=7.5067e-05 best=7.5067e-05 t=592s
kim_final_K8 ep=215 lr=1.0e-04 train=4.6604e-05 val=7.3644e-05 best=7.3644e-05 t=607s
kim_final_K8 ep=225 lr=1.0e-04 train=4.3946e-05 val=7.1801e-05 best=7.0425e-05 t=635s
kim_final_K8 ep=235 lr=1.0e-04 train=4.2713e-05 val=6.7838e-05 best=6.7838e-05 t=663s
kim_final_K8 ep=250 lr=1.0e-04 train=3.8855e-05 val=6.4903e-05 best=6.4026e-05 t=705s
kim_final_K8 ep=265 lr=1.0e-04 train=3.6648e-05 val=6.1461e-05 best=6.1461e-05 t=748s
kim_final_K8 ep=275 lr=1.0e-04 train=3.5558e-05 val=5.9853e-05 best=5.9093e-05 t=776s
kim_final_K8 ep=285 lr=1.0e-04 train=3.5005e-05 val=5.6879e-05 best=5.6879e-05 t=804s
kim_final_K8 ep=295 lr=1.0e-04 train=3.1895e-05 val=5.5935e-05 best=5.5935e-05 t=832s
kim_final_K8 ep=300 lr=1.0e-04 train=3.1930e-05 val=5.4356e-05 best=5.4270e-05 t=846s
kim_final_K8 ep=315 lr=1.0e-05 train=2.8051e-05 val=5.0690e-05 best=5.0690e-05 t=889s
kim_final_K8 ep=320 lr=1.0e-05 train=2.7467e-05 val=5.0074e-05 best=5.0074e-05 t=903s
kim_final_K8 ep=325 lr=1.0e-05 train=2.7355e-05 val=4.9902e-05 best=4.9872e-05 t=917s
kim_final_K8 ep=330 lr=1.0e-05 train=2.7279e-05 val=4.9660e-05 best=4.9660e-05 t=931s
kim_final_K8 ep=340 lr=1.0e-05 train=2.7130e-05 val=4.9344e-05 best=4.9344e-05 t=959s
kim_final_K8 ep=350 lr=1.0e-05 train=2.7005e-05 val=4.9124e-05 best=4.9102e-05 t=988s
kim_final_K8 ep=365 lr=1.0e-05 train=2.6774e-05 val=4.8742e-05 best=4.8742e-05 t=1030s
kim_final_K8 ep=370 lr=1.0e-05 train=2.6705e-05 val=4.8602e-05 best=4.8602e-05 t=1044s
kim_final_K8 ep=375 lr=1.0e-05 train=2.6640e-05 val=4.8459e-05 best=4.8459e-05 t=1058s
kim_final_K8 ep=385 lr=1.0e-05 train=2.6501e-05 val=4.8247e-05 best=4.8247e-05 t=1086s
kim_final_K8 ep=390 lr=1.0e-05 train=2.6424e-05 val=4.8136e-05 best=4.8136e-05 t=1100s
kim_final_K8 ep=400 lr=1.0e-05 train=2.6256e-05 val=4.7799e-05 best=4.7799e-05 t=1129s
kim_final_K8 ep=415 lr=1.0e-05 train=2.6031e-05 val=4.7464e-05 best=4.7464e-05 t=1171s
kim_final_K8 ep=425 lr=1.0e-05 train=2.5856e-05 val=4.7169e-05 best=4.7169e-05 t=1199s
kim_final_K8 ep=430 lr=1.0e-05 train=2.5787e-05 val=4.7097e-05 best=4.7097e-05 t=1213s
kim_final_K8 ep=445 lr=1.0e-05 train=2.5541e-05 val=4.6704e-05 best=4.6704e-05 t=1256s
kim_final_K8 ep=450 lr=1.0e-05 train=2.5464e-05 val=4.6648e-05 best=4.6616e-05 t=1270s
kim_final_K8 ep=455 lr=1.0e-05 train=2.5382e-05 val=4.6483e-05 best=4.6483e-05 t=1284s
kim_final_K8 ep=460 lr=1.0e-05 train=2.5290e-05 val=4.6448e-05 best=4.6448e-05 t=1298s
kim_final_K8 ep=465 lr=1.0e-05 train=2.5212e-05 val=4.6281e-05 best=4.6281e-05 t=1312s
kim_final_K8 ep=470 lr=1.0e-05 train=2.5134e-05 val=4.6202e-05 best=4.6202e-05 t=1326s
kim_final_K8 ep=475 lr=1.0e-05 train=2.5052e-05 val=4.5994e-05 best=4.5994e-05 t=1340s
kim_final_K8 ep=480 lr=1.0e-05 train=2.4963e-05 val=4.5883e-05 best=4.5883e-05 t=1354s
kim_final_K8 ep=495 lr=1.0e-05 train=2.4709e-05 val=4.5574e-05 best=4.5574e-05 t=1397s
kim_final_K8 ep=500 lr=1.0e-05 train=2.4646e-05 val=4.5492e-05 best=4.5492e-05 t=1411s
kim_final_K8 ep=505 lr=1.0e-05 train=2.4544e-05 val=4.5370e-05 best=4.5370e-05 t=1425s
kim_final_K8 ep=510 lr=1.0e-05 train=2.4474e-05 val=4.5238e-05 best=4.5238e-05 t=1439s
kim_final_K8 ep=515 lr=1.0e-05 train=2.4373e-05 val=4.5142e-05 best=4.5142e-05 t=1453s
kim_final_K8 ep=525 lr=1.0e-05 train=2.4214e-05 val=4.4917e-05 best=4.4917e-05 t=1481s
kim_final_K8 ep=545 lr=1.0e-05 train=2.3894e-05 val=4.4445e-05 best=4.4445e-05 t=1538s
kim_final_K8 ep=550 lr=1.0e-05 train=2.3804e-05 val=4.4453e-05 best=4.4426e-05 t=1552s
kim_final_K8 ep=575 lr=1.0e-05 train=2.3408e-05 val=4.3954e-05 best=4.3954e-05 t=1622s
kim_final_K8 ep=585 lr=1.0e-05 train=2.3256e-05 val=4.3732e-05 best=4.3732e-05 t=1651s
kim_final_K8 ep=590 lr=1.0e-05 train=2.3181e-05 val=4.3643e-05 best=4.3643e-05 t=1665s
kim_final_K8 ep=600 lr=1.0e-05 train=2.3029e-05 val=4.3482e-05 best=4.3421e-05 t=1693s
kim_final_K8 ep=605 lr=1.0e-05 train=2.2965e-05 val=4.3313e-05 best=4.3313e-05 t=1707s
kim_final_K8 ep=615 lr=1.0e-05 train=2.2805e-05 val=4.3202e-05 best=4.3202e-05 t=1735s
kim_final_K8 ep=620 lr=1.0e-05 train=2.2738e-05 val=4.3095e-05 best=4.3095e-05 t=1750s
kim_final_K8 ep=625 lr=1.0e-05 train=2.2670e-05 val=4.3083e-05 best=4.2954e-05 t=1764s
kim_final_K8 ep=630 lr=1.0e-05 train=2.2591e-05 val=4.2946e-05 best=4.2946e-05 t=1778s
kim_final_K8 ep=635 lr=1.0e-05 train=2.2512e-05 val=4.2843e-05 best=4.2843e-05 t=1792s
kim_final_K8 ep=640 lr=1.0e-05 train=2.2448e-05 val=4.2706e-05 best=4.2706e-05 t=1806s
kim_final_K8 ep=645 lr=1.0e-05 train=2.2364e-05 val=4.2682e-05 best=4.2682e-05 t=1820s
kim_final_K8 ep=650 lr=1.0e-05 train=2.2290e-05 val=4.2566e-05 best=4.2566e-05 t=1834s
kim_final_K8 ep=655 lr=1.0e-05 train=2.2237e-05 val=4.2479e-05 best=4.2479e-05 t=1848s
kim_final_K8 ep=665 lr=1.0e-05 train=2.2094e-05 val=4.2332e-05 best=4.2332e-05 t=1877s
kim_final_K8 ep=670 lr=1.0e-05 train=2.2009e-05 val=4.2193e-05 best=4.2193e-05 t=1891s
kim_final_K8 ep=675 lr=1.0e-05 train=2.1957e-05 val=4.2263e-05 best=4.2165e-05 t=1905s
kim_final_K8 ep=700 lr=1.0e-05 train=2.1602e-05 val=4.1717e-05 best=4.1717e-05 t=1975s
kim_final_K8 ep=710 lr=1.0e-05 train=2.1469e-05 val=4.1660e-05 best=4.1660e-05 t=2004s
kim_final_K8 ep=715 lr=1.0e-05 train=2.1413e-05 val=4.1542e-05 best=4.1542e-05 t=2018s
kim_final_K8 ep=720 lr=1.0e-05 train=2.1340e-05 val=4.1434e-05 best=4.1434e-05 t=2032s
kim_final_K8 ep=725 lr=1.0e-05 train=2.1274e-05 val=4.1362e-05 best=4.1362e-05 t=2046s
kim_final_K8 ep=730 lr=1.0e-05 train=2.1195e-05 val=4.1304e-05 best=4.1304e-05 t=2060s
kim_final_K8 ep=745 lr=1.0e-05 train=2.1010e-05 val=4.0965e-05 best=4.0965e-05 t=2102s
kim_final_K8 ep=750 lr=1.0e-05 train=2.0948e-05 val=4.1021e-05 best=4.0965e-05 t=2116s
kim_final_K8 ep=755 lr=1.0e-05 train=2.0891e-05 val=4.0849e-05 best=4.0849e-05 t=2130s
kim_final_K8 ep=760 lr=1.0e-05 train=2.0814e-05 val=4.0789e-05 best=4.0789e-05 t=2145s
kim_final_K8 ep=770 lr=1.0e-05 train=2.0707e-05 val=4.0553e-05 best=4.0553e-05 t=2173s
kim_final_K8 ep=775 lr=1.0e-05 train=2.0633e-05 val=4.0591e-05 best=4.0527e-05 t=2187s
kim_final_K8 ep=780 lr=1.0e-05 train=2.0571e-05 val=4.0430e-05 best=4.0430e-05 t=2201s
kim_final_K8 ep=795 lr=1.0e-05 train=2.0399e-05 val=4.0294e-05 best=4.0294e-05 t=2243s
kim_final_K8 ep=800 lr=1.0e-05 train=2.0328e-05 val=4.0365e-05 best=4.0294e-05 t=2257s
kim_final_K8 ep=805 lr=1.0e-05 train=2.0284e-05 val=4.0200e-05 best=4.0200e-05 t=2272s
kim_final_K8 ep=810 lr=1.0e-05 train=2.0201e-05 val=4.0133e-05 best=4.0133e-05 t=2286s
kim_final_K8 ep=815 lr=1.0e-05 train=2.0146e-05 val=4.0027e-05 best=4.0027e-05 t=2300s
kim_final_K8 ep=820 lr=1.0e-05 train=2.0096e-05 val=3.9953e-05 best=3.9953e-05 t=2314s
kim_final_K8 ep=825 lr=1.0e-05 train=2.0047e-05 val=3.9961e-05 best=3.9916e-05 t=2328s
kim_final_K8 ep=840 lr=1.0e-05 train=1.9859e-05 val=3.9668e-05 best=3.9668e-05 t=2370s
kim_final_K8 ep=850 lr=1.0e-05 train=1.9744e-05 val=3.9617e-05 best=3.9617e-05 t=2399s
TRAINED kim_final_K8 {'stop_reason': 'wall_budget', 'epochs': 852, 'best_val': 3.9617061702301726e-05, 'seconds': 2401.4183002612554}
NM-LSPG kim_final_K8 worst_evolved 1.6393112215254504 autoencode 0.6031598992120469 tune 0.7921615898709283
NM-LSPG-HR (tune) kim_final_K8_hr_gappy32x48 1.891070466354808
NM-LSPG-HR (tune) kim_final_K8_hr_gappy64x96 1.6952078078324335
NM-LSPG-HR (tune) kim_final_K8_hr_gappy128x192 0.7005280551642264
NM-LSPG-HR (tune) kim_final_K8_hr_colloc0x64 0.7841234195972978
NM-LSPG-HR (tune) kim_final_K8_hr_colloc0x256 0.8437607312416041
NM-LSPG-HR (tune) kim_final_K8_hr_colloc0x1024 0.7398504313149169
NM-LSPG-HR (validation) kim_final_K8 1.1559821175406395
ARM kim_final_K16: n=65025 K=16 M1=4096 M2=650340 nnz=20751900 micro=60 weights+adam~4.6GB
NM-LSPG kim_final_K16 worst_evolved 1.4539793473138458 autoencode 0.617618280224142 tune 0.7058543705858611
NM-LSPG-HR (tune) kim_final_K16_hr_gappy32x48 2.999475915421921
NM-LSPG-HR (tune) kim_final_K16_hr_gappy64x96 0.8733031422269362
NM-LSPG-HR (tune) kim_final_K16_hr_gappy128x192 0.6922584354080813
NM-LSPG-HR (tune) kim_final_K16_hr_colloc0x64 1.1430378596184454
NM-LSPG-HR (tune) kim_final_K16_hr_colloc0x256 0.8017276998231359
NM-LSPG-HR (tune) kim_final_K16_hr_colloc0x1024 1.1181311381117576
NM-LSPG-HR (validation) kim_final_K16 2.0286870997913806
ARM kim_final_K32: n=65025 K=32 M1=4096 M2=650340 nnz=20751900 micro=60 weights+adam~4.6GB
kim_final_K32 ep=0 lr=1.0e-03 train=1.5392e-02 val=8.6462e-03 best=8.6462e-03 t=0s
kim_final_K32 ep=5 lr=1.0e-03 train=1.4089e-03 val=1.1344e-03 best=1.1344e-03 t=14s
kim_final_K32 ep=10 lr=1.0e-03 train=7.7002e-04 val=7.9425e-04 best=7.9425e-04 t=29s
kim_final_K32 ep=25 lr=1.0e-03 train=5.9828e-04 val=9.6189e-04 best=4.9790e-04 t=72s
kim_final_K32 ep=30 lr=1.0e-04 train=4.0678e-04 val=3.2808e-04 best=3.2808e-04 t=86s
kim_final_K32 ep=35 lr=1.0e-04 train=1.5474e-04 val=1.9670e-04 best=1.9670e-04 t=100s
kim_final_K32 ep=40 lr=1.0e-04 train=1.3187e-04 val=1.7479e-04 best=1.7479e-04 t=115s
kim_final_K32 ep=45 lr=1.0e-04 train=1.1934e-04 val=1.6160e-04 best=1.6160e-04 t=129s
kim_final_K32 ep=50 lr=1.0e-04 train=1.1032e-04 val=1.5136e-04 best=1.5136e-04 t=143s
kim_final_K32 ep=55 lr=1.0e-04 train=1.0369e-04 val=1.4445e-04 best=1.4445e-04 t=158s
kim_final_K32 ep=60 lr=1.0e-04 train=9.8163e-05 val=1.3903e-04 best=1.3903e-04 t=172s
kim_final_K32 ep=65 lr=1.0e-04 train=9.3477e-05 val=1.3294e-04 best=1.3294e-04 t=186s
kim_final_K32 ep=70 lr=1.0e-04 train=8.9183e-05 val=1.2829e-04 best=1.2829e-04 t=201s
kim_final_K32 ep=75 lr=1.0e-04 train=8.5230e-05 val=1.2443e-04 best=1.2443e-04 t=215s
kim_final_K32 ep=85 lr=1.0e-04 train=7.8415e-05 val=1.1578e-04 best=1.1578e-04 t=244s
kim_final_K32 ep=90 lr=1.0e-04 train=7.5362e-05 val=1.1173e-04 best=1.1173e-04 t=258s
kim_final_K32 ep=95 lr=1.0e-04 train=7.2372e-05 val=1.0881e-04 best=1.0881e-04 t=273s
kim_final_K32 ep=100 lr=1.0e-04 train=6.9597e-05 val=1.0487e-04 best=1.0487e-04 t=287s
kim_final_K32 ep=105 lr=1.0e-04 train=6.7031e-05 val=1.0164e-04 best=1.0164e-04 t=301s
kim_final_K32 ep=110 lr=1.0e-04 train=6.4544e-05 val=9.8330e-05 best=9.8330e-05 t=316s
kim_final_K32 ep=115 lr=1.0e-04 train=6.2091e-05 val=9.5035e-05 best=9.5035e-05 t=330s
kim_final_K32 ep=120 lr=1.0e-04 train=5.9746e-05 val=9.1982e-05 best=9.1982e-05 t=344s
kim_final_K32 ep=125 lr=1.0e-04 train=5.7457e-05 val=8.8921e-05 best=8.8921e-05 t=359s
kim_final_K32 ep=130 lr=1.0e-04 train=5.5457e-05 val=8.6289e-05 best=8.6289e-05 t=373s
kim_final_K32 ep=135 lr=1.0e-04 train=5.3440e-05 val=8.4657e-05 best=8.4657e-05 t=388s
kim_final_K32 ep=140 lr=1.0e-04 train=5.1213e-05 val=8.1447e-05 best=8.1447e-05 t=402s
kim_final_K32 ep=150 lr=1.0e-04 train=4.8451e-05 val=7.7309e-05 best=7.7309e-05 t=431s
kim_final_K32 ep=155 lr=1.0e-04 train=4.6172e-05 val=7.5935e-05 best=7.5935e-05 t=445s
kim_final_K32 ep=160 lr=1.0e-04 train=4.4232e-05 val=7.2545e-05 best=7.2545e-05 t=459s
kim_final_K32 ep=165 lr=1.0e-04 train=4.3892e-05 val=7.1533e-05 best=7.1533e-05 t=474s
kim_final_K32 ep=175 lr=1.0e-04 train=3.9642e-05 val=6.7769e-05 best=6.7757e-05 t=502s
kim_final_K32 ep=185 lr=1.0e-04 train=3.6929e-05 val=6.4282e-05 best=6.4282e-05 t=531s
kim_final_K32 ep=195 lr=1.0e-04 train=3.4353e-05 val=5.9632e-05 best=5.9632e-05 t=560s
kim_final_K32 ep=200 lr=1.0e-04 train=3.3733e-05 val=5.7855e-05 best=5.7855e-05 t=574s
kim_final_K32 ep=205 lr=1.0e-04 train=3.1797e-05 val=5.6654e-05 best=5.6654e-05 t=589s
kim_final_K32 ep=210 lr=1.0e-04 train=3.0783e-05 val=5.5373e-05 best=5.5373e-05 t=603s
kim_final_K32 ep=220 lr=1.0e-04 train=2.8901e-05 val=5.2575e-05 best=5.2575e-05 t=632s
kim_final_K32 ep=225 lr=1.0e-04 train=2.8778e-05 val=5.5173e-05 best=5.2090e-05 t=646s
kim_final_K32 ep=235 lr=1.0e-04 train=2.5541e-05 val=4.8544e-05 best=4.8544e-05 t=675s
kim_final_K32 ep=250 lr=1.0e-04 train=2.5352e-05 val=4.7718e-05 best=4.7496e-05 t=718s
kim_final_K32 ep=255 lr=1.0e-04 train=2.3056e-05 val=4.5103e-05 best=4.5103e-05 t=732s
kim_final_K32 ep=265 lr=1.0e-04 train=2.1467e-05 val=4.3321e-05 best=4.3321e-05 t=761s
kim_final_K32 ep=275 lr=1.0e-04 train=2.5150e-05 val=4.3764e-05 best=4.3321e-05 t=790s
kim_final_K32 ep=280 lr=1.0e-04 train=1.9539e-05 val=4.0779e-05 best=4.0779e-05 t=804s
kim_final_K32 ep=300 lr=1.0e-04 train=1.6971e-05 val=3.8027e-05 best=3.8027e-05 t=862s
kim_final_K32 ep=325 lr=1.0e-04 train=1.6375e-05 val=3.8828e-05 best=3.6136e-05 t=933s
kim_final_K32 ep=330 lr=1.0e-05 train=1.3734e-05 val=3.4394e-05 best=3.4394e-05 t=948s
kim_final_K32 ep=335 lr=1.0e-05 train=1.3229e-05 val=3.4007e-05 best=3.4007e-05 t=962s
kim_final_K32 ep=340 lr=1.0e-05 train=1.3153e-05 val=3.3883e-05 best=3.3883e-05 t=977s
kim_final_K32 ep=350 lr=1.0e-05 train=1.3048e-05 val=3.3872e-05 best=3.3860e-05 t=1005s
kim_final_K32 ep=370 lr=1.0e-05 train=1.2864e-05 val=3.3783e-05 best=3.3783e-05 t=1063s
kim_final_K32 ep=375 lr=1.0e-05 train=1.2814e-05 val=3.3765e-05 best=3.3765e-05 t=1077s
kim_final_K32 ep=385 lr=1.0e-05 train=1.2738e-05 val=3.3690e-05 best=3.3690e-05 t=1106s
kim_final_K32 ep=400 lr=1.0e-05 train=1.2591e-05 val=3.3602e-05 best=3.3581e-05 t=1149s
kim_final_K32 ep=415 lr=1.0e-05 train=1.2454e-05 val=3.3487e-05 best=3.3487e-05 t=1192s
kim_final_K32 ep=420 lr=1.0e-05 train=1.2406e-05 val=3.3451e-05 best=3.3451e-05 t=1206s
kim_final_K32 ep=425 lr=1.0e-05 train=1.2345e-05 val=3.3440e-05 best=3.3383e-05 t=1221s
kim_final_K32 ep=430 lr=1.0e-05 train=1.2304e-05 val=3.3361e-05 best=3.3361e-05 t=1235s
kim_final_K32 ep=435 lr=1.0e-05 train=1.2255e-05 val=3.3335e-05 best=3.3335e-05 t=1249s
kim_final_K32 ep=445 lr=1.0e-05 train=1.2153e-05 val=3.3229e-05 best=3.3229e-05 t=1278s
kim_final_K32 ep=450 lr=1.0e-05 train=1.2106e-05 val=3.3213e-05 best=3.3201e-05 t=1293s
kim_final_K32 ep=455 lr=1.0e-05 train=1.2059e-05 val=3.3083e-05 best=3.3083e-05 t=1307s
kim_final_K32 ep=465 lr=1.0e-05 train=1.1954e-05 val=3.3072e-05 best=3.3072e-05 t=1336s
kim_final_K32 ep=470 lr=1.0e-05 train=1.1902e-05 val=3.3020e-05 best=3.3020e-05 t=1350s
kim_final_K32 ep=475 lr=1.0e-05 train=1.1850e-05 val=3.2934e-05 best=3.2934e-05 t=1364s
kim_final_K32 ep=495 lr=1.0e-05 train=1.1640e-05 val=3.2724e-05 best=3.2724e-05 t=1422s
kim_final_K32 ep=500 lr=1.0e-05 train=1.1611e-05 val=3.2595e-05 best=3.2595e-05 t=1436s
kim_final_K32 ep=510 lr=1.0e-05 train=1.1496e-05 val=3.2561e-05 best=3.2561e-05 t=1465s
kim_final_K32 ep=515 lr=1.0e-05 train=1.1437e-05 val=3.2412e-05 best=3.2412e-05 t=1479s
kim_final_K32 ep=525 lr=1.0e-05 train=1.1338e-05 val=3.2251e-05 best=3.2251e-05 t=1508s
kim_final_K32 ep=550 lr=1.0e-05 train=1.1092e-05 val=3.1975e-05 best=3.1969e-05 t=1580s
kim_final_K32 ep=575 lr=1.0e-05 train=1.0848e-05 val=3.1717e-05 best=3.1692e-05 t=1652s
kim_final_K32 ep=600 lr=1.0e-05 train=1.0612e-05 val=3.1506e-05 best=3.1355e-05 t=1724s
kim_final_K32 ep=625 lr=1.0e-05 train=1.0394e-05 val=3.1134e-05 best=3.1021e-05 t=1795s
kim_final_K32 ep=630 lr=1.0e-05 train=1.0344e-05 val=3.0967e-05 best=3.0967e-05 t=1810s
kim_final_K32 ep=650 lr=1.0e-05 train=1.0175e-05 val=3.0807e-05 best=3.0771e-05 t=1867s
kim_final_K32 ep=655 lr=1.0e-05 train=1.0128e-05 val=3.0708e-05 best=3.0708e-05 t=1882s
kim_final_K32 ep=670 lr=1.0e-05 train=9.9984e-06 val=3.0602e-05 best=3.0602e-05 t=1925s
kim_final_K32 ep=675 lr=1.0e-05 train=9.9642e-06 val=3.0552e-05 best=3.0552e-05 t=1939s
kim_final_K32 ep=685 lr=1.0e-05 train=9.8829e-06 val=3.0429e-05 best=3.0429e-05 t=1968s
kim_final_K32 ep=700 lr=1.0e-05 train=9.7597e-06 val=3.0296e-05 best=3.0246e-05 t=2011s
kim_final_K32 ep=725 lr=1.0e-05 train=9.5677e-06 val=3.0068e-05 best=3.0068e-05 t=2083s
kim_final_K32 ep=750 lr=1.0e-05 train=9.3869e-06 val=2.9811e-05 best=2.9731e-05 t=2154s
kim_final_K32 ep=755 lr=1.0e-05 train=9.3435e-06 val=2.9706e-05 best=2.9706e-05 t=2169s
kim_final_K32 ep=760 lr=1.0e-05 train=9.3157e-06 val=2.9651e-05 best=2.9651e-05 t=2183s
kim_final_K32 ep=775 lr=1.0e-05 train=9.2105e-06 val=2.9539e-05 best=2.9496e-05 t=2226s
kim_final_K32 ep=780 lr=1.0e-05 train=9.1733e-06 val=2.9407e-05 best=2.9407e-05 t=2241s
kim_final_K32 ep=800 lr=1.0e-05 train=9.0342e-06 val=2.9258e-05 best=2.9258e-05 t=2298s
kim_final_K32 ep=810 lr=1.0e-05 train=8.9718e-06 val=2.9228e-05 best=2.9228e-05 t=2327s
kim_final_K32 ep=825 lr=1.0e-05 train=8.8670e-06 val=2.9186e-05 best=2.9112e-05 t=2370s
TRAINED kim_final_K32 {'stop_reason': 'wall_budget', 'epochs': 837, 'best_val': 2.8946085876668803e-05, 'seconds': 2401.517604133114}
NM-LSPG kim_final_K32 worst_evolved 1.2750975510457065 autoencode 0.5559475326960515 tune 0.7037200282929628
NM-LSPG-HR (tune) kim_final_K32_hr_gappy32x48 nan
NM-LSPG-HR (tune) kim_final_K32_hr_gappy64x96 0.8106444274579433
NM-LSPG-HR (tune) kim_final_K32_hr_gappy128x192 0.8689761743330607
NM-LSPG-HR (tune) kim_final_K32_hr_colloc0x64 0.882178912987042
NM-LSPG-HR (tune) kim_final_K32_hr_colloc0x256 0.6973295903138569
NM-LSPG-HR (tune) kim_final_K32_hr_colloc0x1024 0.6643473999155614
NM-LSPG-HR (validation) kim_final_K32 1.2268150745189523
ARM kim_final_K16_fit576: n=65025 K=16 M1=4096 M2=650340 nnz=20751900 micro=60 weights+adam~4.6GB
kim_final_K16_fit576 ep=0 lr=1.0e-03 train=4.3176e-03 val=1.7772e-03 best=1.7772e-03 t=0s
kim_final_K16_fit576 ep=10 lr=1.0e-03 train=1.4586e-03 val=1.3590e-03 best=1.3590e-03 t=133s
kim_final_K16_fit576 ep=15 lr=1.0e-04 train=4.0526e-04 val=4.0972e-04 best=4.0972e-04 t=200s
kim_final_K16_fit576 ep=20 lr=1.0e-04 train=2.4037e-04 val=2.5806e-04 best=2.5806e-04 t=267s
kim_final_K16_fit576 ep=25 lr=1.0e-04 train=1.7482e-04 val=1.8867e-04 best=1.8867e-04 t=334s
kim_final_K16_fit576 ep=35 lr=1.0e-04 train=1.2412e-04 val=1.3721e-04 best=1.3721e-04 t=468s
kim_final_K16_fit576 ep=40 lr=1.0e-04 train=1.1063e-04 val=1.1792e-04 best=1.1792e-04 t=534s
kim_final_K16_fit576 ep=45 lr=1.0e-04 train=9.8903e-05 val=1.0837e-04 best=1.0837e-04 t=601s
kim_final_K16_fit576 ep=50 lr=1.0e-04 train=9.2066e-05 val=9.9459e-05 best=9.9459e-05 t=668s
kim_final_K16_fit576 ep=55 lr=1.0e-04 train=8.6565e-05 val=9.3578e-05 best=9.3578e-05 t=735s
kim_final_K16_fit576 ep=70 lr=1.0e-04 train=6.6863e-05 val=7.1420e-05 best=7.1420e-05 t=935s
kim_final_K16_fit576 ep=75 lr=1.0e-04 train=6.6418e-05 val=7.5567e-05 best=7.0781e-05 t=1002s
kim_final_K16_fit576 ep=100 lr=1.0e-04 train=4.8004e-05 val=5.5106e-05 best=5.4254e-05 t=1336s
kim_final_K16_fit576 ep=110 lr=1.0e-04 train=4.0184e-05 val=4.6511e-05 best=4.6511e-05 t=1470s
kim_final_K16_fit576 ep=120 lr=1.0e-04 train=3.8163e-05 val=4.4157e-05 best=4.4157e-05 t=1604s
kim_final_K16_fit576 ep=125 lr=1.0e-04 train=3.7545e-05 val=4.3875e-05 best=4.3875e-05 t=1671s
kim_final_K16_fit576 ep=145 lr=1.0e-04 train=3.0175e-05 val=3.6325e-05 best=3.6325e-05 t=1938s
kim_final_K16_fit576 ep=150 lr=1.0e-04 train=3.4123e-05 val=3.8673e-05 best=3.4973e-05 t=2005s
kim_final_K16_fit576 ep=160 lr=1.0e-05 train=2.1130e-05 val=2.8812e-05 best=2.8812e-05 t=2138s
kim_final_K16_fit576 ep=165 lr=1.0e-05 train=2.0237e-05 val=2.8057e-05 best=2.8057e-05 t=2205s
kim_final_K16_fit576 ep=175 lr=1.0e-05 train=1.9767e-05 val=2.7625e-05 best=2.7604e-05 t=2339s
kim_final_K16_fit576 ep=195 lr=1.0e-05 train=1.9109e-05 val=2.6758e-05 best=2.6758e-05 t=2606s
kim_final_K16_fit576 ep=200 lr=1.0e-05 train=1.8951e-05 val=2.6711e-05 best=2.6711e-05 t=2673s
kim_final_K16_fit576 ep=210 lr=1.0e-05 train=1.8668e-05 val=2.6330e-05 best=2.6330e-05 t=2807s
kim_final_K16_fit576 ep=225 lr=1.0e-05 train=1.8213e-05 val=2.5949e-05 best=2.5915e-05 t=3007s
kim_final_K16_fit576 ep=235 lr=1.0e-05 train=1.8018e-05 val=2.5562e-05 best=2.5562e-05 t=3141s
kim_final_K16_fit576 ep=245 lr=1.0e-05 train=1.7651e-05 val=2.5270e-05 best=2.5270e-05 t=3275s
kim_final_K16_fit576 ep=250 lr=1.0e-05 train=1.7539e-05 val=2.5213e-05 best=2.5213e-05 t=3341s
kim_final_K16_fit576 ep=255 lr=1.0e-05 train=1.7417e-05 val=2.5010e-05 best=2.5010e-05 t=3408s
kim_final_K16_fit576 ep=275 lr=1.0e-05 train=1.6929e-05 val=2.4379e-05 best=2.4379e-05 t=3676s
kim_final_K16_fit576 ep=295 lr=1.0e-05 train=1.6517e-05 val=2.3923e-05 best=2.3923e-05 t=3943s
kim_final_K16_fit576 ep=300 lr=1.0e-05 train=1.6396e-05 val=2.3849e-05 best=2.3802e-05 t=4010s
kim_final_K16_fit576 ep=305 lr=1.0e-05 train=1.6295e-05 val=2.3565e-05 best=2.3565e-05 t=4077s
kim_final_K16_fit576 ep=320 lr=1.0e-05 train=1.5972e-05 val=2.3237e-05 best=2.3237e-05 t=4277s
kim_final_K16_fit576 ep=325 lr=1.0e-05 train=1.5842e-05 val=2.3139e-05 best=2.3139e-05 t=4344s
kim_final_K16_fit576 ep=330 lr=1.0e-05 train=1.5754e-05 val=2.3092e-05 best=2.3092e-05 t=4411s
kim_final_K16_fit576 ep=335 lr=1.0e-05 train=1.5656e-05 val=2.2940e-05 best=2.2940e-05 t=4478s
kim_final_K16_fit576 ep=345 lr=1.0e-05 train=1.5484e-05 val=2.2679e-05 best=2.2679e-05 t=4611s
kim_final_K16_fit576 ep=350 lr=1.0e-05 train=1.5364e-05 val=2.2712e-05 best=2.2651e-05 t=4678s
kim_final_K16_fit576 ep=355 lr=1.0e-05 train=1.5285e-05 val=2.2460e-05 best=2.2460e-05 t=4745s
kim_final_K16_fit576 ep=360 lr=1.0e-05 train=1.5195e-05 val=2.2407e-05 best=2.2407e-05 t=4812s
kim_final_K16_fit576 ep=370 lr=1.0e-05 train=1.5009e-05 val=2.2163e-05 best=2.2163e-05 t=4946s
kim_final_K16_fit576 ep=375 lr=1.0e-05 train=1.4960e-05 val=2.2155e-05 best=2.2099e-05 t=5012s
kim_final_K16_fit576 ep=400 lr=1.0e-05 train=1.4503e-05 val=2.1698e-05 best=2.1627e-05 t=5347s
kim_final_K16_fit576 ep=410 lr=1.0e-05 train=1.4355e-05 val=2.1347e-05 best=2.1347e-05 t=5480s
kim_final_K16_fit576 ep=425 lr=1.0e-05 train=1.4164e-05 val=2.1160e-05 best=2.1160e-05 t=5681s
kim_final_K16_fit576 ep=430 lr=1.0e-05 train=1.4069e-05 val=2.1069e-05 best=2.1069e-05 t=5748s
kim_final_K16_fit576 ep=435 lr=1.0e-05 train=1.3987e-05 val=2.1009e-05 best=2.1009e-05 t=5814s
kim_final_K16_fit576 ep=445 lr=1.0e-05 train=1.3812e-05 val=2.0755e-05 best=2.0755e-05 t=5948s
kim_final_K16_fit576 ep=450 lr=1.0e-05 train=1.3742e-05 val=2.0684e-05 best=2.0684e-05 t=6015s
kim_final_K16_fit576 ep=455 lr=1.0e-05 train=1.3664e-05 val=2.0634e-05 best=2.0634e-05 t=6082s
kim_final_K16_fit576 ep=460 lr=1.0e-05 train=1.3617e-05 val=2.0572e-05 best=2.0572e-05 t=6149s
kim_final_K16_fit576 ep=475 lr=1.0e-05 train=1.3441e-05 val=2.0359e-05 best=2.0359e-05 t=6349s
kim_final_K16_fit576 ep=490 lr=1.0e-05 train=1.3228e-05 val=2.0102e-05 best=2.0102e-05 t=6550s
kim_final_K16_fit576 ep=495 lr=1.0e-05 train=1.3133e-05 val=2.0010e-05 best=2.0010e-05 t=6617s
kim_final_K16_fit576 ep=500 lr=1.0e-05 train=1.3059e-05 val=2.0101e-05 best=1.9975e-05 t=6683s
kim_final_K16_fit576 ep=505 lr=1.0e-05 train=1.3021e-05 val=1.9870e-05 best=1.9870e-05 t=6750s
kim_final_K16_fit576 ep=510 lr=1.0e-05 train=1.2943e-05 val=1.9767e-05 best=1.9767e-05 t=6817s
kim_final_K16_fit576 ep=515 lr=1.0e-05 train=1.2875e-05 val=1.9756e-05 best=1.9756e-05 t=6884s
kim_final_K16_fit576 ep=520 lr=1.0e-05 train=1.2808e-05 val=1.9628e-05 best=1.9628e-05 t=6951s
kim_final_K16_fit576 ep=525 lr=1.0e-05 train=1.2769e-05 val=1.9532e-05 best=1.9532e-05 t=7018s
kim_final_K16_fit576 ep=535 lr=1.0e-05 train=1.2627e-05 val=1.9373e-05 best=1.9373e-05 t=7151s
TRAINED kim_final_K16_fit576 {'stop_reason': 'wall_budget', 'epochs': 540, 'best_val': 1.9308961782371625e-05, 'seconds': 7204.693788049277}
NM-LSPG kim_final_K16_fit576 worst_evolved 1.203339482323158 autoencode 0.30155078851440725 tune 0.5590097675675177
OURS ours_q0 0.06789713163471452
OURS ours_q256 0.00875561768104222
DONE
ALL-DONE
