host=pax050 source_commit=b3edf9080d92e9319e94601cdb1f33c4d101cabf
NVIDIA A100 80GB PCIe, GPU-48b2d82c-0e16-1d88-9016-0d1b8d169ed8, 81920 MiB
10.235.106.30:/projects/paralab  4.6T  999G  3.6T  22% /cluster/tufts/paralab
jax_backend=gpu
jax_backend=gpu x64=True precision=highest
REF test64 0 ST accepted True 7.48e-13 374.3 376.7
REF test64 0 S accepted True 9.47e-12 67.7 444.4
REF test64 1 ST accepted True 7.90e-12 391.0 836.8
REF test64 1 S accepted True 9.18e-12 59.6 896.4
REF test64 2 ST accepted True 2.24e-13 388.6 1286.3
REF test64 2 S accepted True 9.90e-12 78.4 1364.7
REF test64 3 ST accepted True 2.77e-13 404.1 1770.2
REF test64 3 S accepted True 9.94e-12 79.2 1849.3
REF test64 4 ST accepted True 6.05e-12 306.8 2157.5
REF test64 4 S accepted True 1.23e-11 288.1 2445.6
REF test64 5 ST accepted True 4.87e-13 328.2 2775.1
REF test64 5 S accepted True 7.90e-12 42.5 2817.6
REF test64 6 ST accepted True 1.14e-13 378.9 3197.9
REF test64 6 S accepted True 9.94e-12 64.3 3262.2
REF test64 7 ST accepted True 1.53e-13 416.8 3680.3
REF test64 7 S accepted True 9.48e-12 82.4 3762.7
REF test64 8 ST accepted True 6.06e-13 290.8 4054.8
REF test64 8 S accepted True 9.95e-12 38.3 4093.1
REF test64 9 ST accepted True 7.47e-12 369.3 4463.7
REF test64 9 S accepted True 9.77e-12 56.6 4520.4
REF test64 10 ST accepted True 8.64e-13 282.0 4803.6
REF test64 10 S accepted True 1.36e-11 207.5 5011.1
REF test64 11 ST accepted True 3.55e-13 282.6 5295.0
REF test64 11 S accepted True 8.74e-12 34.8 5329.8
REF test64 12 ST accepted True 1.49e-12 336.9 5668.1
REF test64 12 S accepted True 9.97e-12 53.9 5722.0
REF test64 13 ST accepted True 8.33e-13 389.2 6112.5
REF test64 13 S accepted True 9.62e-12 69.7 6182.2
REF test64 14 ST accepted True 4.80e-13 276.9 6460.4
REF test64 14 S accepted True 9.35e-12 31.8 6492.3
REF test64 15 ST accepted True 2.37e-12 273.3 6766.9
REF test64 15 S accepted True 1.28e-11 251.7 7018.7
REF test64 16 ST accepted True 8.40e-13 376.5 7396.5
REF test64 16 S accepted True 9.82e-12 65.0 7461.6
REF test64 17 ST accepted True 5.70e-12 300.0 7762.9
REF test64 17 S accepted True 9.90e-12 43.2 7806.1
REF test64 18 ST accepted True 4.23e-13 329.2 8136.6
REF test64 18 S accepted True 9.41e-12 50.9 8187.5
REF test64 19 ST accepted True 3.92e-12 374.7 8563.5
REF test64 19 S accepted True 9.84e-12 68.1 8631.7
REF test64 20 ST accepted True 1.46e-13 438.9 9071.9
REF test64 20 S accepted True 2.33e-12 118.5 9190.4
REF test64 21 ST accepted True 5.75e-13 276.8 9468.6
REF test64 21 S accepted True 9.72e-12 33.2 9501.8
REF test64 22 ST accepted True 9.97e-12 465.7 9968.8
REF test64 22 S accepted True 2.39e-12 128.4 10097.2
REF test64 23 ST accepted True 3.86e-13 279.6 10378.2
REF test64 23 S accepted True 8.64e-12 34.9 10413.1
REF test64 24 ST accepted True 5.54e-13 352.0 10766.4
REF test64 24 S accepted True 9.68e-12 56.7 10823.1
REF test64 25 ST accepted True 9.08e-13 274.1 11098.5
REF test64 25 S accepted True 1.42e-11 192.0 11290.5
REF test64 26 ST accepted True 4.11e-12 328.5 11620.4
REF test64 26 S accepted True 7.19e-12 43.0 11663.4
REF test64 27 ST accepted True 6.42e-12 490.3 12155.1
REF test64 27 S accepted True 2.07e-12 125.9 12281.0
REF test64 28 ST accepted True 2.39e-12 475.1 12757.5
REF test64 28 S accepted True 1.58e-12 145.4 12902.9
REF test64 29 ST accepted True 2.42e-13 352.5 13256.7
REF test64 29 S accepted True 9.03e-12 49.3 13306.0
REF test64 30 ST accepted True 3.40e-13 325.3 13632.6
REF test64 30 S accepted True 9.29e-12 46.7 13679.3
REF test64 31 ST accepted True 1.61e-12 359.0 14039.7
REF test64 31 S accepted True 9.42e-12 59.0 14098.7
REF test64 32 ST accepted True 2.71e-12 436.8 14536.8
REF test64 32 S accepted True 5.41e-12 119.0 14655.9
REF test64 33 ST accepted True 5.75e-13 389.2 15046.4
REF test64 33 S accepted True 9.39e-12 82.8 15129.2
REF test64 34 ST accepted True 1.22e-13 343.3 15473.8
REF test64 34 S accepted True 8.81e-12 50.9 15524.7
REF test64 35 ST accepted True 6.21e-12 389.1 15915.1
REF test64 35 S accepted True 9.28e-12 70.1 15985.2
REF test64 36 ST accepted True 4.45e-12 375.5 16362.0
REF test64 36 S accepted True 9.41e-12 72.2 16434.1
REF test64 37 ST accepted True 3.28e-12 360.2 16795.7
REF test64 37 S accepted True 8.91e-12 48.1 16843.7
REF test64 38 ST accepted True 2.04e-12 333.2 17178.3
REF test64 38 S accepted True 1.08e-11 335.7 17514.0
REF test64 39 ST accepted True 1.99e-13 347.7 17863.0
REF test64 39 S accepted True 8.91e-12 47.2 17910.2
REF test64 40 ST accepted True 2.74e-13 389.1 18300.6
REF test64 40 S accepted True 9.35e-12 79.3 18379.9
REF test64 41 ST accepted True 1.92e-12 280.4 18661.6
REF test64 41 S accepted True 9.08e-12 38.2 18699.8
REF test64 42 ST accepted True 2.19e-13 338.9 19040.1
REF test64 42 S accepted True 9.76e-12 48.9 19088.9
REF test64 43 ST accepted True 2.22e-13 391.3 19481.5
REF test64 43 S accepted True 9.38e-12 69.3 19550.8
REF test64 44 ST accepted True 7.04e-13 294.2 19846.4
REF test64 44 S accepted True 1.10e-11 263.0 20109.4
REF test64 45 ST accepted True 1.53e-13 276.2 20387.0
REF test64 45 S accepted True 5.47e-12 36.7 20423.6
REF test64 46 ST accepted True 3.97e-13 327.5 20752.4
REF test64 46 S accepted True 9.36e-12 49.6 20802.0
REF test64 47 ST accepted True 9.79e-12 323.2 21126.5
REF test64 47 S accepted True 9.94e-12 53.7 21180.2
REF test64 48 ST accepted True 8.16e-12 369.6 21551.1
REF test64 48 S accepted True 9.52e-12 54.8 21605.9
REF test64 49 ST accepted True 5.40e-13 308.6 21915.8
REF test64 49 S accepted True 9.44e-12 41.7 21957.5
REF test64 50 ST accepted True 5.80e-13 300.3 22259.2
REF test64 50 S accepted True 9.89e-12 42.8 22302.0
REF test64 51 ST accepted True 4.14e-13 325.2 22628.5
REF test64 51 S accepted True 8.76e-12 49.3 22677.8
REF test64 52 ST accepted True 1.67e-13 303.4 22982.6
REF test64 52 S accepted True 8.84e-12 41.5 23024.1
REF test64 53 ST accepted True 2.01e-13 403.6 23429.0
REF test64 53 S accepted True 9.35e-12 75.5 23504.6
REF test64 54 ST accepted True 9.29e-13 280.9 23786.8
REF test64 54 S accepted True 1.46e-11 223.3 24010.1
REF test64 55 ST accepted True 2.03e-13 395.9 24407.3
REF test64 55 S accepted True 2.11e-12 96.5 24503.8
REF test64 56 ST accepted True 7.08e-13 274.0 24779.2
REF test64 56 S accepted True 1.11e-11 196.3 24975.5
REF test64 57 ST accepted True 4.33e-12 297.9 25274.7
REF test64 57 S accepted True 9.33e-12 39.5 25314.2
REF test64 58 ST accepted True 7.03e-13 281.3 25596.8
REF test64 58 S accepted True 1.11e-11 236.5 25833.3
REF test64 59 ST accepted True 6.87e-13 341.1 26175.8
REF test64 59 S accepted True 1.09e-11 345.4 26521.1
REF test64 60 ST accepted True 6.23e-12 428.0 26950.5
REF test64 60 S accepted True 3.40e-12 101.2 27051.7
REF test64 61 ST accepted True 6.33e-12 300.5 27353.5
REF test64 61 S accepted True 9.92e-12 40.4 27393.9
REF test64 62 ST accepted True 6.87e-12 283.0 27678.3
REF test64 62 S accepted True 1.09e-11 261.5 27939.8
REF test64 63 ST accepted True 2.91e-12 275.2 28216.3
REF test64 63 S accepted True 1.33e-11 246.5 28462.9
REF COMPLETE all_accepted True
ALL-DONE
