host=pax106  gpu=NVIDIA A100 80GB PCIe  commit=70829fa  cell=hbc_K8
jax_backend=gpu cuda:0
jax_backend=gpu x64=True K_LAT=8 HARD_BC=1
CONFIG {"N": 64, "n_train": 512, "n_val": 64, "n_stages": 1, "steps": 20000, "batch": 32, "p_sub": 1024, "hidden": 128, "n_layers": 4, "peak_lr": 0.002, "const_lr": 0, "lbfgs_steps": 0, "z_ff": 0, "freq_margin": 4, "seed": 0, "K_LAT": 8, "lat_lr": 0.005, "lat_reg": 0.0001, "hard_bc": 1, "gn_iters": 60}
  FOM: 576 CG solves in 5s, max rel residual over all samples 4.29e-13
  [A] step      0 loss 3.669e-02 [4s]
  [A] step   5000 loss 2.722e-05 [16s]
  [A] step  10000 loss 2.029e-05 [28s]
  [A] step  15000 loss 6.143e-06 [41s]
  [A] Adam 20000 steps in 53s (final batch loss 5.180e-06)
RESULT K8_N64_hbc: TRAIN 7.437e-03/7.036e-03  VAL inferred mean 1.276e-02 nearest 7.165e-03 best 7.143e-03  boundary-block(train) 0.0e+00
DONE
jax_backend=gpu x64=True
MANIFEST {"pkl": "autodec_K8_N64_hbc_stages.pkl", "pkl_config": {"N": 64, "n_train": 512, "n_val": 64, "n_stages": 1, "steps": 20000, "batch": 32, "p_sub": 1024, "hidden": 128, "n_layers": 4, "peak_lr": 0.002, "const_lr": 0, "lbfgs_steps": 0, "z_ff": 0, "freq_margin": 4, "seed": 0, "K_LAT": 8, "lat_lr": 0.005, "lat_reg": 0.0001, "hard_bc": 1, "gn_iters": 60}, "ns": 1, "n_test": 16, "gn_iters": 60, "hard_bc": 1, "objectives": ["fd", "spec_a0_M64", "spec_a0_M256", "spec_a0_M1024", "spec_a0.5_M64", "spec_a0.5_M256", "spec_a0.5_M1024", "spec_a0.5_Mall", "spec_a1_M64", "spec_a1_M256", "spec_a1_M1024", "spec_a1_Mall", "ritz", "cg5", "cg20", "lowpass2", "lowpass4", "lowpass8"], "inits": ["mean", "nearest", "encoder"], "enc_steps": 3000, "backend": "gpu"}
  FOM: 576 CG solves in 5s, max rel residual over all samples 4.29e-13
ENCODER train-mse 2.22e-05  plug-in held-out rel-L2 2.925e-01 (med 1.677e-01)
ORACLE (data-misfit LM, same budget): mean=7.070e-03  nearest=7.109e-03  encoder=7.011e-03  [6s]
RESULT obj=fd               init=mean     ROM 2.789e-01 (med 5.166e-02 max 9.306e-01) oracle 7.070e-03 | obj lm 1.586e+00 or 7.457e-01 (lm<=or 10/16) | fd-res lm 1.59e+00 or 7.46e-01 f 5.13e+00 | acc/rej 38/8 {'converged': 7, 'budget': 9} [5s]
RESULT obj=fd               init=nearest  ROM 4.633e-02 (med 3.847e-02 max 1.037e-01) oracle 7.109e-03 | obj lm 6.159e-01 or 7.457e-01 (lm<=or 16/16) | fd-res lm 6.16e-01 or 7.46e-01 f 5.13e+00 | acc/rej 24/1 {'converged': 13, 'budget': 3} [1s]
RESULT obj=fd               init=encoder  ROM 7.541e-02 (med 3.847e-02 max 5.976e-01) oracle 7.011e-03 | obj lm 7.053e-01 or 7.349e-01 (lm<=or 15/16) | fd-res lm 7.05e-01 or 7.35e-01 f 5.13e+00 | acc/rej 27/4 {'converged': 13, 'budget': 3} [1s]
RESULT obj=spec_a0_M64      init=mean     ROM 4.139e-01 (med 5.495e-01 max 8.244e-01) oracle 7.070e-03 | obj lm 2.133e+00 or 1.739e-01 (lm<=or 4/16) | fd-res lm 3.98e+00 or 7.46e-01 f 5.13e+00 | acc/rej 37/22 {'converged': 5, 'budget': 11} [4s]
RESULT obj=spec_a0_M64      init=nearest  ROM 1.404e-02 (med 1.188e-02 max 3.429e-02) oracle 7.109e-03 | obj lm 1.110e-01 or 1.783e-01 (lm<=or 16/16) | fd-res lm 8.65e-01 or 7.46e-01 f 5.13e+00 | acc/rej 24/5 {'converged': 15, 'budget': 1} [1s]
RESULT obj=spec_a0_M64      init=encoder  ROM 1.378e-02 (med 1.188e-02 max 3.429e-02) oracle 7.011e-03 | obj lm 1.110e-01 or 1.671e-01 (lm<=or 16/16) | fd-res lm 8.65e-01 or 7.35e-01 f 5.13e+00 | acc/rej 20/2 {'converged': 14, 'budget': 2} [1s]
RESULT obj=spec_a0_M256     init=mean     ROM 2.893e-01 (med 8.123e-02 max 9.510e-01) oracle 7.070e-03 | obj lm 1.885e+00 or 4.479e-01 (lm<=or 9/16) | fd-res lm 2.24e+00 or 7.46e-01 f 5.13e+00 | acc/rej 38/16 {'converged': 7, 'budget': 9} [3s]
RESULT obj=spec_a0_M256     init=nearest  ROM 5.031e-02 (med 2.172e-02 max 2.575e-01) oracle 7.109e-03 | obj lm 5.017e-01 or 4.613e-01 (lm<=or 13/16) | fd-res lm 9.37e-01 or 7.46e-01 f 5.13e+00 | acc/rej 33/2 {'converged': 13, 'budget': 3} [1s]
RESULT obj=spec_a0_M256     init=encoder  ROM 6.900e-02 (med 2.172e-02 max 6.706e-01) oracle 7.011e-03 | obj lm 4.441e-01 or 4.681e-01 (lm<=or 15/16) | fd-res lm 8.59e-01 or 7.35e-01 f 5.13e+00 | acc/rej 28/0 {'converged': 13, 'budget': 3} [1s]
RESULT obj=spec_a0_M1024    init=mean     ROM 2.682e-01 (med 5.329e-02 max 9.457e-01) oracle 7.070e-03 | obj lm 1.362e+00 or 7.338e-01 (lm<=or 10/16) | fd-res lm 1.38e+00 or 7.46e-01 f 5.13e+00 | acc/rej 38/10 {'converged': 7, 'budget': 9} [2s]
RESULT obj=spec_a0_M1024    init=nearest  ROM 4.271e-02 (med 3.375e-02 max 9.180e-02) oracle 7.109e-03 | obj lm 5.798e-01 or 7.338e-01 (lm<=or 16/16) | fd-res lm 6.20e-01 or 7.46e-01 f 5.13e+00 | acc/rej 24/1 {'converged': 13, 'budget': 3} [1s]
RESULT obj=spec_a0_M1024    init=encoder  ROM 7.365e-02 (med 3.375e-02 max 5.989e-01) oracle 7.011e-03 | obj lm 6.847e-01 or 7.132e-01 (lm<=or 15/16) | fd-res lm 7.07e-01 or 7.35e-01 f 5.13e+00 | acc/rej 28/2 {'converged': 13, 'budget': 3} [1s]
RESULT obj=spec_a0.5_M64    init=mean     ROM 1.634e-02 (med 8.417e-03 max 1.370e-01) oracle 7.070e-03 | obj lm 6.798e-03 or 7.282e-03 (lm<=or 15/16) | fd-res lm 9.08e-01 or 7.46e-01 f 5.13e+00 | acc/rej 24/5 {'converged': 16} [2s]
RESULT obj=spec_a0.5_M64    init=nearest  ROM 8.225e-03 (med 7.405e-03 max 1.863e-02) oracle 7.109e-03 | obj lm 5.964e-03 or 7.460e-03 (lm<=or 16/16) | fd-res lm 8.63e-01 or 7.46e-01 f 5.13e+00 | acc/rej 18/3 {'converged': 16} [1s]
RESULT obj=spec_a0.5_M64    init=encoder  ROM 2.485e-02 (med 7.217e-03 max 2.771e-01) oracle 7.011e-03 | obj lm 6.798e-03 or 6.875e-03 (lm<=or 15/16) | fd-res lm 9.17e-01 or 7.35e-01 f 5.13e+00 | acc/rej 19/2 {'converged': 14, 'budget': 2} [1s]
RESULT obj=spec_a0.5_M256   init=mean     ROM 8.663e-03 (med 7.345e-03 max 1.975e-02) oracle 7.070e-03 | obj lm 1.085e-02 or 1.213e-02 (lm<=or 16/16) | fd-res lm 7.66e-01 or 7.46e-01 f 5.13e+00 | acc/rej 27/5 {'converged': 14, 'budget': 2} [2s]
RESULT obj=spec_a0.5_M256   init=nearest  ROM 8.909e-03 (med 7.339e-03 max 2.241e-02) oracle 7.109e-03 | obj lm 1.147e-02 or 1.255e-02 (lm<=or 16/16) | fd-res lm 7.66e-01 or 7.46e-01 f 5.13e+00 | acc/rej 21/0 {'converged': 15, 'budget': 1} [1s]
RESULT obj=spec_a0.5_M256   init=encoder  ROM 8.901e-03 (med 7.345e-03 max 2.241e-02) oracle 7.011e-03 | obj lm 1.070e-02 or 1.231e-02 (lm<=or 16/16) | fd-res lm 7.66e-01 or 7.35e-01 f 5.13e+00 | acc/rej 23/0 {'converged': 14, 'budget': 2} [1s]
RESULT obj=spec_a0.5_M1024  init=mean     ROM 9.599e-03 (med 7.821e-03 max 2.345e-02) oracle 7.070e-03 | obj lm 1.298e-02 or 1.491e-02 (lm<=or 16/16) | fd-res lm 6.66e-01 or 7.46e-01 f 5.13e+00 | acc/rej 30/5 {'converged': 14, 'budget': 2} [2s]
RESULT obj=spec_a0.5_M1024  init=nearest  ROM 9.519e-03 (med 7.821e-03 max 2.345e-02) oracle 7.109e-03 | obj lm 1.298e-02 or 1.491e-02 (lm<=or 16/16) | fd-res lm 6.66e-01 or 7.46e-01 f 5.13e+00 | acc/rej 21/0 {'converged': 15, 'budget': 1} [1s]
RESULT obj=spec_a0.5_M1024  init=encoder  ROM 9.600e-03 (med 7.821e-03 max 2.345e-02) oracle 7.011e-03 | obj lm 1.298e-02 or 1.465e-02 (lm<=or 16/16) | fd-res lm 6.66e-01 or 7.35e-01 f 5.13e+00 | acc/rej 25/0 {'converged': 15, 'budget': 1} [1s]
RESULT obj=spec_a0.5_Mall   init=mean     ROM 9.615e-03 (med 7.822e-03 max 2.346e-02) oracle 7.070e-03 | obj lm 1.315e-02 or 1.509e-02 (lm<=or 16/16) | fd-res lm 6.64e-01 or 7.46e-01 f 5.13e+00 | acc/rej 30/5 {'converged': 13, 'budget': 3} [2s]
RESULT obj=spec_a0.5_Mall   init=nearest  ROM 9.535e-03 (med 7.822e-03 max 2.346e-02) oracle 7.109e-03 | obj lm 1.315e-02 or 1.509e-02 (lm<=or 16/16) | fd-res lm 6.64e-01 or 7.46e-01 f 5.13e+00 | acc/rej 21/0 {'converged': 15, 'budget': 1} [1s]
RESULT obj=spec_a0.5_Mall   init=encoder  ROM 9.614e-03 (med 7.822e-03 max 2.346e-02) oracle 7.011e-03 | obj lm 1.315e-02 or 1.483e-02 (lm<=or 16/16) | fd-res lm 6.64e-01 or 7.35e-01 f 5.13e+00 | acc/rej 24/0 {'converged': 15, 'budget': 1} [1s]
RESULT obj=spec_a1_M64      init=mean     ROM 7.759e-03 (med 6.200e-03 max 1.573e-02) oracle 7.070e-03 | obj lm 3.456e-04 or 3.611e-04 (lm<=or 15/16) | fd-res lm 8.24e-01 or 7.46e-01 f 5.13e+00 | acc/rej 28/5 {'converged': 12, 'budget': 4} [2s]
RESULT obj=spec_a1_M64      init=nearest  ROM 7.654e-03 (med 6.200e-03 max 1.482e-02) oracle 7.109e-03 | obj lm 3.334e-04 or 3.745e-04 (lm<=or 16/16) | fd-res lm 8.18e-01 or 7.46e-01 f 5.13e+00 | acc/rej 24/2 {'converged': 15, 'budget': 1} [1s]
RESULT obj=spec_a1_M64      init=encoder  ROM 7.654e-03 (med 6.200e-03 max 1.482e-02) oracle 7.011e-03 | obj lm 3.334e-04 or 3.468e-04 (lm<=or 16/16) | fd-res lm 8.18e-01 or 7.35e-01 f 5.13e+00 | acc/rej 24/2 {'converged': 15, 'budget': 1} [1s]
RESULT obj=spec_a1_M256     init=mean     ROM 7.062e-03 (med 6.002e-03 max 1.447e-02) oracle 7.070e-03 | obj lm 4.301e-04 or 4.366e-04 (lm<=or 16/16) | fd-res lm 7.62e-01 or 7.46e-01 f 5.13e+00 | acc/rej 26/4 {'converged': 13, 'budget': 3} [2s]
RESULT obj=spec_a1_M256     init=nearest  ROM 7.130e-03 (med 6.002e-03 max 1.500e-02) oracle 7.109e-03 | obj lm 4.541e-04 or 4.545e-04 (lm<=or 16/16) | fd-res lm 7.76e-01 or 7.46e-01 f 5.13e+00 | acc/rej 22/2 {'converged': 14, 'budget': 2} [1s]
RESULT obj=spec_a1_M256     init=encoder  ROM 2.401e-02 (med 6.002e-03 max 2.801e-01) oracle 7.011e-03 | obj lm 5.655e-04 or 4.302e-04 (lm<=or 15/16) | fd-res lm 8.83e-01 or 7.35e-01 f 5.13e+00 | acc/rej 22/0 {'converged': 13, 'budget': 3} [1s]
RESULT obj=spec_a1_M1024    init=mean     ROM 7.070e-03 (med 5.996e-03 max 1.497e-02) oracle 7.070e-03 | obj lm 4.481e-04 or 4.481e-04 (lm<=or 16/16) | fd-res lm 7.46e-01 or 7.46e-01 f 5.13e+00 | acc/rej 29/4 {'converged': 13, 'budget': 3} [2s]
RESULT obj=spec_a1_M1024    init=nearest  ROM 7.109e-03 (med 5.996e-03 max 1.497e-02) oracle 7.109e-03 | obj lm 4.645e-04 or 4.645e-04 (lm<=or 15/16) | fd-res lm 7.46e-01 or 7.46e-01 f 5.13e+00 | acc/rej 20/1 {'converged': 14, 'budget': 2} [1s]
RESULT obj=spec_a1_M1024    init=encoder  ROM 7.011e-03 (med 5.996e-03 max 1.446e-02) oracle 7.011e-03 | obj lm 4.392e-04 or 4.392e-04 (lm<=or 15/16) | fd-res lm 7.35e-01 or 7.35e-01 f 5.13e+00 | acc/rej 23/0 {'converged': 15, 'budget': 1} [1s]
RESULT obj=spec_a1_Mall     init=mean     ROM 7.070e-03 (med 5.996e-03 max 1.497e-02) oracle 7.070e-03 | obj lm 4.482e-04 or 4.482e-04 (lm<=or 9/16) | fd-res lm 7.46e-01 or 7.46e-01 f 5.13e+00 | acc/rej 29/4 {'converged': 13, 'budget': 3} [2s]
RESULT obj=spec_a1_Mall     init=nearest  ROM 7.109e-03 (med 5.996e-03 max 1.497e-02) oracle 7.109e-03 | obj lm 4.645e-04 or 4.645e-04 (lm<=or 4/16) | fd-res lm 7.46e-01 or 7.46e-01 f 5.13e+00 | acc/rej 20/1 {'converged': 14, 'budget': 2} [1s]
RESULT obj=spec_a1_Mall     init=encoder  ROM 7.011e-03 (med 5.996e-03 max 1.446e-02) oracle 7.011e-03 | obj lm 4.393e-04 or 4.393e-04 (lm<=or 6/16) | fd-res lm 7.35e-01 or 7.35e-01 f 5.13e+00 | acc/rej 23/0 {'converged': 15, 'budget': 1} [1s]
RESULT obj=ritz             init=mean     ROM 9.615e-03 (med 7.822e-03 max 2.346e-02) oracle 7.070e-03 | obj lm -8.858e-02 or -8.857e-02 (lm<=or 16/16) | fd-res lm 6.64e-01 or 7.46e-01 f 5.13e+00 | acc/rej 32/26 {'lambda_max': 7, 'budget': 9} [3s]
RESULT obj=ritz             init=nearest  ROM 9.535e-03 (med 7.822e-03 max 2.346e-02) oracle 7.109e-03 | obj lm -8.857e-02 or -8.857e-02 (lm<=or 16/16) | fd-res lm 6.64e-01 or 7.46e-01 f 5.13e+00 | acc/rej 22/21 {'converged': 4, 'lambda_max': 6, 'budget': 6} [1s]
RESULT obj=ritz             init=encoder  ROM 9.614e-03 (med 7.822e-03 max 2.346e-02) oracle 7.011e-03 | obj lm -8.858e-02 or -8.857e-02 (lm<=or 16/16) | fd-res lm 6.64e-01 or 7.35e-01 f 5.13e+00 | acc/rej 30/22 {'converged': 4, 'lambda_max': 5, 'budget': 7} [1s]
RESULT obj=cg5              init=mean     ROM 5.808e-01 (med 6.888e-01 max 1.007e+00) oracle 7.070e-03 | obj lm 8.286e-03 or 3.423e-04 (lm<=or 3/16) | fd-res lm 1.13e+01 or 7.46e-01 f 5.13e+00 | acc/rej 37/23 {'budget': 16} [3s]
RESULT obj=cg5              init=nearest  ROM 1.323e-02 (med 1.062e-02 max 4.051e-02) oracle 7.109e-03 | obj lm 3.245e-04 or 3.548e-04 (lm<=or 16/16) | fd-res lm 7.30e-01 or 7.46e-01 f 5.13e+00 | acc/rej 38/22 {'budget': 16} [2s]
RESULT obj=cg5              init=encoder  ROM 5.416e-02 (med 1.159e-02 max 6.452e-01) oracle 7.011e-03 | obj lm 3.982e-04 or 3.408e-04 (lm<=or 15/16) | fd-res lm 8.42e-01 or 7.35e-01 f 5.13e+00 | acc/rej 38/22 {'budget': 16} [2s]
RESULT obj=cg20             init=mean     ROM 3.365e-02 (med 7.576e-03 max 4.210e-01) oracle 7.070e-03 | obj lm 5.441e-04 or 4.255e-04 (lm<=or 13/16) | fd-res lm 8.64e-01 or 7.46e-01 f 5.13e+00 | acc/rej 52/6 {'converged': 1, 'budget': 15} [5s]
RESULT obj=cg20             init=nearest  ROM 7.770e-03 (med 6.899e-03 max 1.837e-02) oracle 7.109e-03 | obj lm 4.032e-04 or 4.376e-04 (lm<=or 16/16) | fd-res lm 7.39e-01 or 7.46e-01 f 5.13e+00 | acc/rej 56/4 {'converged': 1, 'budget': 15} [2s]
RESULT obj=cg20             init=encoder  ROM 7.781e-03 (med 6.902e-03 max 1.838e-02) oracle 7.011e-03 | obj lm 3.867e-04 or 4.095e-04 (lm<=or 16/16) | fd-res lm 7.39e-01 or 7.35e-01 f 5.13e+00 | acc/rej 54/3 {'converged': 4, 'budget': 12} [2s]
RESULT obj=lowpass2         init=mean     ROM 1.430e-01 (med 1.878e-02 max 7.809e-01) oracle 7.070e-03 | obj lm 2.964e-01 or 2.127e-01 (lm<=or 12/16) | fd-res lm 9.20e-01 or 7.46e-01 f 5.13e+00 | acc/rej 38/8 {'converged': 11, 'budget': 5} [2s]
RESULT obj=lowpass2         init=nearest  ROM 1.547e-02 (med 1.050e-02 max 4.438e-02) oracle 7.109e-03 | obj lm 1.910e-01 or 2.203e-01 (lm<=or 16/16) | fd-res lm 7.53e-01 or 7.46e-01 f 5.13e+00 | acc/rej 28/0 {'converged': 14, 'budget': 2} [1s]
RESULT obj=lowpass2         init=encoder  ROM 7.514e-02 (med 1.459e-02 max 9.558e-01) oracle 7.011e-03 | obj lm 2.343e-01 or 2.143e-01 (lm<=or 15/16) | fd-res lm 8.78e-01 or 7.35e-01 f 5.13e+00 | acc/rej 30/1 {'converged': 14, 'budget': 2} [1s]
RESULT obj=lowpass4         init=mean     ROM 8.673e-03 (med 8.223e-03 max 1.723e-02) oracle 7.070e-03 | obj lm 5.331e-02 or 5.861e-02 (lm<=or 16/16) | fd-res lm 8.91e-01 or 7.46e-01 f 5.13e+00 | acc/rej 28/6 {'converged': 11, 'budget': 5} [2s]
RESULT obj=lowpass4         init=nearest  ROM 8.932e-03 (med 7.929e-03 max 2.362e-02) oracle 7.109e-03 | obj lm 4.963e-02 or 6.004e-02 (lm<=or 16/16) | fd-res lm 7.79e-01 or 7.46e-01 f 5.13e+00 | acc/rej 18/2 {'converged': 13, 'budget': 3} [1s]
RESULT obj=lowpass4         init=encoder  ROM 3.145e-02 (med 8.223e-03 max 3.695e-01) oracle 7.011e-03 | obj lm 6.256e-02 or 5.486e-02 (lm<=or 15/16) | fd-res lm 8.91e-01 or 7.35e-01 f 5.13e+00 | acc/rej 20/1 {'converged': 12, 'budget': 4} [1s]
RESULT obj=lowpass8         init=mean     ROM 2.797e-02 (med 9.100e-03 max 2.954e-01) oracle 7.070e-03 | obj lm 7.807e-03 or 9.146e-03 (lm<=or 14/16) | fd-res lm 9.66e-01 or 7.46e-01 f 5.13e+00 | acc/rej 30/6 {'converged': 13, 'budget': 3} [2s]
RESULT obj=lowpass8         init=nearest  ROM 1.015e-02 (med 7.273e-03 max 2.331e-02) oracle 7.109e-03 | obj lm 5.953e-03 or 9.813e-03 (lm<=or 16/16) | fd-res lm 1.00e+00 or 7.46e-01 f 5.13e+00 | acc/rej 21/3 {'converged': 14, 'budget': 2} [1s]
RESULT obj=lowpass8         init=encoder  ROM 1.015e-02 (med 7.273e-03 max 2.331e-02) oracle 7.011e-03 | obj lm 5.953e-03 or 8.410e-03 (lm<=or 16/16) | fd-res lm 1.00e+00 or 7.35e-01 f 5.13e+00 | acc/rej 22/0 {'converged': 15, 'budget': 1} [1s]
DONE
jax_backend=gpu x64=True
MANIFEST {"pkl": "autodec_K8_N64_hbc_stages.pkl", "pkl_config": {"N": 64, "n_train": 512, "n_val": 64, "n_stages": 1, "steps": 20000, "batch": 32, "p_sub": 1024, "hidden": 128, "n_layers": 4, "peak_lr": 0.002, "const_lr": 0, "lbfgs_steps": 0, "z_ff": 0, "freq_margin": 4, "seed": 0, "K_LAT": 8, "lat_lr": 0.005, "lat_reg": 0.0001, "hard_bc": 1, "gn_iters": 60}, "ns": 1, "n_test": 16, "gn_iters": 60, "hard_bc": 1, "objectives": ["fd", "spec_a1_M64", "spec_a1_M256"], "ms": [128, 256, 512, 1024], "schemes": ["uniform", "offgrid"], "inits": ["nearest"], "eq_snaps": 64, "eq_perturb": 3, "eq_modes": 64, "eq_rows": 4096, "bc_beta": 0.0, "backend": "gpu"}
  FOM: 576 CG solves in 5s, max rel residual over all samples 4.29e-13
ORACLE nearest=7.109e-03
RESULT obj=fd             uniform  m=  128 init=nearest  ROM 2.398e-01 (med 1.551e-01 max 7.616e-01) oracle 7.109e-03 acc/rej 38/20 {'converged': 7, 'budget': 9} [6s]
RESULT obj=fd             uniform  m=  256 init=nearest  ROM 1.863e-01 (med 9.392e-02 max 8.791e-01) oracle 7.109e-03 acc/rej 33/6 {'converged': 11, 'budget': 5} [3s]
RESULT obj=fd             uniform  m=  512 init=nearest  ROM 9.799e-02 (med 3.125e-02 max 7.066e-01) oracle 7.109e-03 acc/rej 28/2 {'converged': 11, 'budget': 5} [3s]
RESULT obj=fd             uniform  m= 1024 init=nearest  ROM 7.091e-02 (med 3.709e-02 max 4.931e-01) oracle 7.109e-03 acc/rej 37/3 {'converged': 9, 'budget': 7} [4s]
RESULT obj=fd             offgrid  m=  128 init=nearest  ROM 2.737e-01 (med 1.395e-01 max 1.130e+00) oracle 7.109e-03 acc/rej 39/5 {'converged': 8, 'budget': 8} [7s]
RESULT obj=fd             offgrid  m=  256 init=nearest  ROM 1.587e-01 (med 9.251e-02 max 8.356e-01) oracle 7.109e-03 acc/rej 34/6 {'converged': 11, 'budget': 5} [7s]
RESULT obj=fd             offgrid  m=  512 init=nearest  ROM 1.116e-01 (med 5.934e-02 max 4.877e-01) oracle 7.109e-03 acc/rej 39/5 {'converged': 9, 'budget': 7} [7s]
RESULT obj=fd             offgrid  m= 1024 init=nearest  ROM 9.281e-02 (med 4.436e-02 max 7.221e-01) oracle 7.109e-03 acc/rej 30/0 {'converged': 11, 'budget': 5} [7s]
RESULT obj=spec_a1_M64    uniform  m=  128 init=nearest  ROM 3.388e-01 (med 1.855e-01 max 1.881e+00) oracle 7.109e-03 acc/rej 36/12 {'converged': 12, 'budget': 4} [2s]
RESULT obj=spec_a1_M64    uniform  m=  256 init=nearest  ROM 2.143e-01 (med 7.519e-02 max 1.509e+00) oracle 7.109e-03 acc/rej 37/12 {'converged': 10, 'budget': 6} [2s]
RESULT obj=spec_a1_M64    uniform  m=  512 init=nearest  ROM 5.672e-02 (med 3.665e-02 max 1.781e-01) oracle 7.109e-03 acc/rej 28/4 {'converged': 11, 'budget': 5} [2s]
RESULT obj=spec_a1_M64    uniform  m= 1024 init=nearest  ROM 4.358e-02 (med 2.688e-02 max 1.721e-01) oracle 7.109e-03 acc/rej 24/6 {'converged': 14, 'budget': 2} [2s]
RESULT obj=spec_a1_M64    offgrid  m=  128 init=nearest  ROM 2.063e-01 (med 1.070e-01 max 6.447e-01) oracle 7.109e-03 acc/rej 34/12 {'converged': 10, 'budget': 6} [3s]
RESULT obj=spec_a1_M64    offgrid  m=  256 init=nearest  ROM 1.533e-01 (med 4.870e-02 max 7.481e-01) oracle 7.109e-03 acc/rej 32/9 {'converged': 12, 'budget': 4} [3s]
RESULT obj=spec_a1_M64    offgrid  m=  512 init=nearest  ROM 1.017e-01 (med 3.948e-02 max 7.010e-01) oracle 7.109e-03 acc/rej 25/8 {'converged': 11, 'budget': 5} [3s]
RESULT obj=spec_a1_M64    offgrid  m= 1024 init=nearest  ROM 8.509e-02 (med 2.893e-02 max 5.118e-01) oracle 7.109e-03 acc/rej 26/3 {'converged': 14, 'budget': 2} [4s]
RESULT obj=spec_a1_M256   uniform  m=  128 init=nearest  ROM 3.244e-01 (med 1.824e-01 max 1.695e+00) oracle 7.109e-03 acc/rej 33/6 {'converged': 12, 'budget': 4} [2s]
RESULT obj=spec_a1_M256   uniform  m=  256 init=nearest  ROM 1.211e-01 (med 7.101e-02 max 5.253e-01) oracle 7.109e-03 acc/rej 38/8 {'converged': 14, 'budget': 2} [2s]
RESULT obj=spec_a1_M256   uniform  m=  512 init=nearest  ROM 8.291e-02 (med 2.197e-02 max 7.490e-01) oracle 7.109e-03 acc/rej 29/6 {'converged': 11, 'budget': 5} [2s]
RESULT obj=spec_a1_M256   uniform  m= 1024 init=nearest  ROM 3.369e-02 (med 2.498e-02 max 8.946e-02) oracle 7.109e-03 acc/rej 22/4 {'converged': 14, 'budget': 2} [2s]
RESULT obj=spec_a1_M256   offgrid  m=  128 init=nearest  ROM 2.303e-01 (med 1.770e-01 max 6.575e-01) oracle 7.109e-03 acc/rej 30/6 {'converged': 12, 'budget': 4} [3s]
RESULT obj=spec_a1_M256   offgrid  m=  256 init=nearest  ROM 1.171e-01 (med 5.029e-02 max 4.232e-01) oracle 7.109e-03 acc/rej 38/10 {'converged': 13, 'budget': 3} [3s]
RESULT obj=spec_a1_M256   offgrid  m=  512 init=nearest  ROM 6.102e-02 (med 3.711e-02 max 2.671e-01) oracle 7.109e-03 acc/rej 26/7 {'converged': 14, 'budget': 2} [3s]
RESULT obj=spec_a1_M256   offgrid  m= 1024 init=nearest  ROM 7.764e-02 (med 2.408e-02 max 5.159e-01) oracle 7.109e-03 acc/rej 27/4 {'converged': 12, 'budget': 4} [4s]
DONE
ALL-DONE
