host=pax009 source_commit=814c58b6bcd0d259e40d160edce59fb9bbcf6222 job=4232932 mesh=96 arm=unet-s
NVIDIA H200, GPU-fcc62a4a-0c50-98b3-7ea0-5b7c13f182ec, 143771 MiB
10.235.106.26:/projects/paralab  4.6T  4.2T  373G  93% /cluster/tufts/paralab
jax_backend=gpu
generated 64/512 (25s)
generated 128/512 (48s)
generated 192/512 (72s)
generated 256/512 (95s)
generated 320/512 (119s)
generated 384/512 (142s)
generated 448/512 (165s)
generated 512/512 (189s)
torch_backend=cuda NVIDIA H200
{"arm": "unet-s", "mesh": 96, "micro_batch": 8, "real_parameter_count": 5647919}
{"arm": "unet-s", "epoch": 0, "steps": 56, "train": 0.3879548736208322, "val_mean": 0.4961362132609499, "val_worst": 0.5779012078028637, "lr": 0.0009991292967048667, "wall": 58.9}
{"arm": "unet-s", "epoch": 1, "steps": 112, "train": 0.12168722243289255, "val_mean": 0.26009981445244706, "val_worst": 0.3635380565326533, "lr": 0.0009963787750114045, "wall": 117.7}
{"arm": "unet-s", "epoch": 2, "steps": 168, "train": 0.0355874867206234, "val_mean": 0.1719671393594534, "val_worst": 0.271158344716927, "lr": 0.0009917666553158151, "wall": 176.6}
{"arm": "unet-s", "epoch": 3, "steps": 224, "train": 0.018012218040786065, "val_mean": 0.14063387772129898, "val_worst": 0.23863931985506362, "lr": 0.0009853107698292788, "wall": 235.4}
{"arm": "unet-s", "epoch": 4, "steps": 280, "train": 0.010818171210169411, "val_mean": 0.11283624366696657, "val_worst": 0.1981785520032278, "lr": 0.0009770239446631286, "wall": 294.3}
{"arm": "unet-s", "epoch": 5, "steps": 336, "train": 0.008379499697883323, "val_mean": 0.10658591546988223, "val_worst": 0.17958020493973567, "lr": 0.0009669486834962623, "wall": 353.1}
{"arm": "unet-s", "epoch": 6, "steps": 392, "train": 0.006246581689021422, "val_mean": 0.09479892359202144, "val_worst": 0.16271000808449715, "lr": 0.0009551242729782586, "wall": 411.9}
{"arm": "unet-s", "epoch": 7, "steps": 448, "train": 0.005221706072044689, "val_mean": 0.08536005035047756, "val_worst": 0.14860172786331774, "lr": 0.0009415868288652063, "wall": 470.8}
{"arm": "unet-s", "epoch": 8, "steps": 504, "train": 0.004652619382304555, "val_mean": 0.07487075643692173, "val_worst": 0.13446055200489615, "lr": 0.0009263926971543466, "wall": 529.6}
{"arm": "unet-s", "epoch": 9, "steps": 560, "train": 0.0033815200716685112, "val_mean": 0.06635487156979145, "val_worst": 0.12007287662144117, "lr": 0.0009095940369172089, "wall": 588.5}
{"arm": "unet-s", "epoch": 10, "steps": 616, "train": 0.0031433576837386957, "val_mean": 0.06447065102728096, "val_worst": 0.11749573028040167, "lr": 0.0008912236279917489, "wall": 647.4}
{"arm": "unet-s", "epoch": 11, "steps": 672, "train": 0.0025545526238406366, "val_mean": 0.05829487205634659, "val_worst": 0.10744180022453187, "lr": 0.0008714288680734351, "wall": 706.3}
{"arm": "unet-s", "epoch": 12, "steps": 728, "train": 0.0023984357126800504, "val_mean": 0.06403281228582286, "val_worst": 0.1036528560967992, "lr": 0.0008502398451162051, "wall": 765.1}
{"arm": "unet-s", "epoch": 13, "steps": 784, "train": 0.0032407504577825594, "val_mean": 0.05411373423639713, "val_worst": 0.09655862994399272, "lr": 0.000827758043808353, "wall": 823.9}
{"arm": "unet-s", "epoch": 14, "steps": 840, "train": 0.0018857609850358224, "val_mean": 0.04886119129708258, "val_worst": 0.08966832476760511, "lr": 0.0008040369616989921, "wall": 882.7}
{"arm": "unet-s", "epoch": 15, "steps": 896, "train": 0.0016174423468272162, "val_mean": 0.04571502555718424, "val_worst": 0.08319402297816449, "lr": 0.000779168559776857, "wall": 941.6}
{"arm": "unet-s", "epoch": 16, "steps": 952, "train": 0.0014745995182429224, "val_mean": 0.04449723548481738, "val_worst": 0.08255102288281996, "lr": 0.0007532676427541374, "wall": 1000.5}
{"arm": "unet-s", "epoch": 17, "steps": 1008, "train": 0.0014130907020434662, "val_mean": 0.046546349669965625, "val_worst": 0.07968132195598528, "lr": 0.0007264350477719879, "wall": 1059.2}
{"arm": "unet-s", "epoch": 18, "steps": 1064, "train": 0.0014609113750175147, "val_mean": 0.04171870979411117, "val_worst": 0.07427296659415795, "lr": 0.0006987844026941485, "wall": 1118.0}
{"arm": "unet-s", "epoch": 19, "steps": 1120, "train": 0.001286044914167276, "val_mean": 0.04217815013802785, "val_worst": 0.07597176199924116, "lr": 0.0006703518773174294, "wall": 1176.9}
{"arm": "unet-s", "epoch": 20, "steps": 1176, "train": 0.0011781065276532507, "val_mean": 0.03892165929973497, "val_worst": 0.06930600467213928, "lr": 0.0006413136155526412, "wall": 1235.8}
{"arm": "unet-s", "epoch": 21, "steps": 1232, "train": 0.00102469162666882, "val_mean": 0.03564787717193284, "val_worst": 0.06550843727915147, "lr": 0.0006117179640156859, "wall": 1294.7}
{"arm": "unet-s", "epoch": 22, "steps": 1288, "train": 0.0009543165518696446, "val_mean": 0.0370681929991422, "val_worst": 0.06720480781921782, "lr": 0.0005817431336342576, "wall": 1353.5}
{"arm": "unet-s", "epoch": 23, "steps": 1344, "train": 0.0009013808695418829, "val_mean": 0.03357116226118991, "val_worst": 0.06421045248079997, "lr": 0.0005515000923606141, "wall": 1412.3}
{"arm": "unet-s", "epoch": 24, "steps": 1400, "train": 0.0008150943212999797, "val_mean": 0.03368132669643463, "val_worst": 0.06230734420851226, "lr": 0.0005210790634007281, "wall": 1471.1}
{"arm": "unet-s", "epoch": 25, "steps": 1456, "train": 0.0008499817942537954, "val_mean": 0.03446068300659534, "val_worst": 0.06088223630079417, "lr": 0.0004906389384293716, "wall": 1529.8}
{"arm": "unet-s", "epoch": 26, "steps": 1512, "train": 0.0010370967095539717, "val_mean": 0.03267028767488657, "val_worst": 0.05864476829187529, "lr": 0.0004602213584406944, "wall": 1588.7}
{"arm": "unet-s", "epoch": 27, "steps": 1568, "train": 0.0007206839537039586, "val_mean": 0.029853740596255354, "val_worst": 0.0567459768392224, "lr": 0.0004299449424688928, "wall": 1647.5}
{"arm": "unet-s", "epoch": 28, "steps": 1624, "train": 0.0006760505855688508, "val_mean": 0.029290601994618748, "val_worst": 0.05561403279461185, "lr": 0.0003999522352279073, "wall": 1706.4}
{"arm": "unet-s", "epoch": 29, "steps": 1680, "train": 0.000633474422084693, "val_mean": 0.02963368054686058, "val_worst": 0.054595877138017286, "lr": 0.00037038022727136163, "wall": 1765.1}
{"arm": "unet-s", "epoch": 30, "steps": 1736, "train": 0.0005993071911249662, "val_mean": 0.028217430351364273, "val_worst": 0.05415987632681987, "lr": 0.0003413425443358484, "wall": 1823.9}
{"arm": "unet-s", "epoch": 31, "steps": 1792, "train": 0.0005765799791614577, "val_mean": 0.028202860016356288, "val_worst": 0.05195275176502615, "lr": 0.00031288436795239157, "wall": 1882.8}
{"arm": "unet-s", "epoch": 32, "steps": 1848, "train": 0.0005596249038172871, "val_mean": 0.026942229477576296, "val_worst": 0.051051087628579996, "lr": 0.00028514749213451193, "wall": 1941.6}
{"arm": "unet-s", "epoch": 33, "steps": 1904, "train": 0.0005302325785306901, "val_mean": 0.027206263029970555, "val_worst": 0.05133208246019704, "lr": 0.00025825079368188596, "wall": 2000.4}
{"arm": "unet-s", "epoch": 34, "steps": 1960, "train": 0.000520618213482121, "val_mean": 0.02593127202380318, "val_worst": 0.04992076345871811, "lr": 0.00023233262349872135, "wall": 2059.2}
{"arm": "unet-s", "epoch": 35, "steps": 2016, "train": 0.0004996588621934904, "val_mean": 0.025720922246327636, "val_worst": 0.048794169056772065, "lr": 0.00020740741831969906, "wall": 2118.1}
{"arm": "unet-s", "epoch": 36, "steps": 2072, "train": 0.0004904193506285084, "val_mean": 0.025492407959670928, "val_worst": 0.049220263368751814, "lr": 0.00018360787731006018, "wall": 2177.0}
{"arm": "unet-s", "epoch": 37, "steps": 2128, "train": 0.00048445317022230487, "val_mean": 0.02499022845315965, "val_worst": 0.04729189775474158, "lr": 0.00016103127074991715, "wall": 2235.8}
{"arm": "unet-s", "epoch": 38, "steps": 2184, "train": 0.00047053881208990997, "val_mean": 0.024970591557100283, "val_worst": 0.04760198427848277, "lr": 0.00013975123504646832, "wall": 2294.7}
{"arm": "unet-s", "epoch": 39, "steps": 2240, "train": 0.00045789298358317996, "val_mean": 0.02455871247301799, "val_worst": 0.046928502716144085, "lr": 0.00011987183170622237, "wall": 2353.5}
{"arm": "unet-s", "epoch": 40, "steps": 2296, "train": 0.00044909796253560523, "val_mean": 0.024235375773550394, "val_worst": 0.04585751697940487, "lr": 0.00010145401558200661, "wall": 2412.4}
{"arm": "unet-s", "epoch": 41, "steps": 2352, "train": 0.0004422508466618004, "val_mean": 0.024153995309290542, "val_worst": 0.04624019512282611, "lr": 8.456317644173005e-05, "wall": 2471.2}
{"arm": "unet-s", "epoch": 42, "steps": 2408, "train": 0.00043681423223126037, "val_mean": 0.024104147853053832, "val_worst": 0.04578089786831431, "lr": 6.927919758653662e-05, "wall": 2530.0}
{"arm": "unet-s", "epoch": 43, "steps": 2464, "train": 0.0004327244192321378, "val_mean": 0.02391148251254526, "val_worst": 0.045724878797933355, "lr": 5.5639604284208705e-05, "wall": 2588.9}
{"arm": "unet-s", "epoch": 44, "steps": 2520, "train": 0.00042895930249549867, "val_mean": 0.02386533018815568, "val_worst": 0.045542771150088014, "lr": 4.370962196052126e-05, "wall": 2647.7}
{"arm": "unet-s", "epoch": 45, "steps": 2576, "train": 0.0004259820451625205, "val_mean": 0.023723556390397027, "val_worst": 0.045229183573908614, "lr": 3.3530781622254156e-05, "wall": 2706.5}
{"arm": "unet-s", "epoch": 46, "steps": 2632, "train": 0.000423381315969848, "val_mean": 0.023688836624527546, "val_worst": 0.04535246832469502, "lr": 2.5139145883600682e-05, "wall": 2765.4}
{"arm": "unet-s", "epoch": 47, "steps": 2688, "train": 0.00042104838811321337, "val_mean": 0.02363246522631199, "val_worst": 0.045314088680124424, "lr": 1.857078963423988e-05, "wall": 2824.2}
{"arm": "unet-s", "epoch": 48, "steps": 2744, "train": 0.00041959893887340256, "val_mean": 0.023561225605114457, "val_worst": 0.04506012299833212, "lr": 1.3848093544732914e-05, "wall": 2883.0}
{"arm": "unet-s", "epoch": 49, "steps": 2800, "train": 0.00041853438837178864, "val_mean": 0.023536735215201637, "val_worst": 0.04513555293726173, "lr": 1.0986872084348132e-05, "wall": 2941.8}
{"arm": "unet-s", "epoch": 50, "steps": 2856, "train": 0.00041788672288838036, "val_mean": 0.023544603868001356, "val_worst": 0.04498140503707695, "lr": 1.0000572832743275e-05, "wall": 3000.7}
TRAIN DONE {"arm": "unet-s", "mesh": 96, "stop_reason": "wall_budget", "epochs_completed": 51, "optimisation_steps": 2856, "best_epoch": 49} val_mean_case_max 0.023536735215201637 val_worst 0.04513555293726173
RUN_EXIT=0
