host=pax106 job_id=4290668
NVIDIA A100 80GB PCIe, GPU-4d93df32-aec8-40bc-f107-d8fc98bdf033, 81920 MiB, 575.57.08
10.235.106.30:/projects/paralab  4.6T  4.2T  370G  93% /cluster/tufts/paralab
jax_backend=gpu
torch_cuda True NVIDIA A100 80GB PCIe
torch_backend=cuda NVIDIA A100 80GB PCIe
{"arm": "transolver", "epoch": 0, "steps": 64, "train": 0.7450661819522255, "val_mean_case_max": 0.4538534545144306, "val_worst": 0.5332187813722771, "lr": 0.0003999259271148793, "wall": 27.2}
{"arm": "transolver", "epoch": 1, "steps": 128, "train": 0.06838073853513804, "val_mean_case_max": 0.28503390277304363, "val_worst": 0.4903820016509592, "lr": 0.0007993649702206469, "wall": 55.2}
{"arm": "transolver", "epoch": 2, "steps": 192, "train": 0.03132294026366833, "val_mean_case_max": 0.21404016607246878, "val_worst": 0.39395738775704925, "lr": 0.0009981380952047308, "wall": 84.0}
{"arm": "transolver", "epoch": 3, "steps": 256, "train": 0.017856949598106485, "val_mean_case_max": 0.1671383759200527, "val_worst": 0.3367842701236423, "lr": 0.0009966010559413726, "wall": 113.1}
{"arm": "transolver", "epoch": 4, "steps": 320, "train": 0.013156257892168023, "val_mean_case_max": 0.12410838572076816, "val_worst": 0.2499195571788468, "lr": 0.0009946007591879464, "wall": 142.3}
{"arm": "transolver", "epoch": 5, "steps": 384, "train": 0.009925458347827914, "val_mean_case_max": 0.13008868577871008, "val_worst": 0.2904978847050935, "lr": 0.000992131583360907, "wall": 171.5}
{"arm": "transolver", "epoch": 6, "steps": 448, "train": 0.029150098983666467, "val_mean_case_max": 0.20014092906011255, "val_worst": 0.3861723715262778, "lr": 0.0009892193334129708, "wall": 200.6}
{"arm": "transolver", "epoch": 7, "steps": 512, "train": 0.016397663155257834, "val_mean_case_max": 0.14017506087129955, "val_worst": 0.23982371164544458, "lr": 0.0009858359191287837, "wall": 230.0}
{"arm": "transolver", "epoch": 8, "steps": 576, "train": 0.00971879085513698, "val_mean_case_max": 0.13349353602083364, "val_worst": 0.2234330309251327, "lr": 0.0009820211380842181, "wall": 259.2}
{"arm": "transolver", "epoch": 9, "steps": 640, "train": 0.014457303984060341, "val_mean_case_max": 0.22189965259098643, "val_worst": 0.30479636692569245, "lr": 0.0009777413633740976, "wall": 288.4}
{"arm": "transolver", "epoch": 10, "steps": 704, "train": 0.017440324487647978, "val_mean_case_max": 0.1737356883362508, "val_worst": 0.23897402952212557, "lr": 0.0009730363718965634, "wall": 317.6}
{"arm": "transolver", "epoch": 11, "steps": 768, "train": 0.010049802799445031, "val_mean_case_max": 0.14344810808009786, "val_worst": 0.22981971255255332, "lr": 0.0009678957860820838, "wall": 346.8}
{"arm": "transolver", "epoch": 12, "steps": 832, "train": 0.0068546071375953765, "val_mean_case_max": 0.09312337471009725, "val_worst": 0.18800999268065957, "lr": 0.000962315206999353, "wall": 376.2}
{"arm": "transolver", "epoch": 13, "steps": 896, "train": 0.00649064340693612, "val_mean_case_max": 0.09153904866046299, "val_worst": 0.17053229424389932, "lr": 0.0009562665657214922, "wall": 405.5}
{"arm": "transolver", "epoch": 14, "steps": 960, "train": 0.00656950503399565, "val_mean_case_max": 0.10912874625325572, "val_worst": 0.23278787339115287, "lr": 0.0009498115434930127, "wall": 434.7}
{"arm": "transolver", "epoch": 15, "steps": 1024, "train": 0.005204508756872485, "val_mean_case_max": 0.07874573136260152, "val_worst": 0.1661878447959588, "lr": 0.0009429761675154254, "wall": 464.0}
{"arm": "transolver", "epoch": 16, "steps": 1088, "train": 0.004057363037660004, "val_mean_case_max": 0.0890686862218805, "val_worst": 0.16536380318475166, "lr": 0.000935680496017759, "wall": 493.2}
{"arm": "transolver", "epoch": 17, "steps": 1152, "train": 0.022556160675185986, "val_mean_case_max": 0.19411372202117474, "val_worst": 0.38014093887540285, "lr": 0.0009280109080922988, "wall": 522.4}
{"arm": "transolver", "epoch": 18, "steps": 1216, "train": 0.013134979570138976, "val_mean_case_max": 0.12142063825690387, "val_worst": 0.21374854371311594, "lr": 0.0009199418231688537, "wall": 551.7}
{"arm": "transolver", "epoch": 19, "steps": 1280, "train": 0.008084858688703934, "val_mean_case_max": 0.12642851505450983, "val_worst": 0.24474538600954457, "lr": 0.0009115036186533185, "wall": 580.9}
{"arm": "transolver", "epoch": 20, "steps": 1344, "train": 0.005929367287724664, "val_mean_case_max": 0.08122848627487175, "val_worst": 0.16455841630223703, "lr": 0.0009026881992090209, "wall": 610.1}
{"arm": "transolver", "epoch": 21, "steps": 1408, "train": 0.004931014323532569, "val_mean_case_max": 0.07787597879496454, "val_worst": 0.14696234304059752, "lr": 0.0008934760439709105, "wall": 639.4}
{"arm": "transolver", "epoch": 22, "steps": 1472, "train": 0.003984513469136129, "val_mean_case_max": 0.07241048612357547, "val_worst": 0.16125840978777511, "lr": 0.0008838869682487465, "wall": 668.7}
{"arm": "transolver", "epoch": 23, "steps": 1536, "train": 0.003980322202937878, "val_mean_case_max": 0.15499392632234688, "val_worst": 0.24737889141646394, "lr": 0.0008739372590676555, "wall": 697.8}
{"arm": "transolver", "epoch": 24, "steps": 1600, "train": 0.005509009499108732, "val_mean_case_max": 0.1294807171958421, "val_worst": 0.19552038143085687, "lr": 0.0008636867169108016, "wall": 727.1}
{"arm": "transolver", "epoch": 25, "steps": 1664, "train": 0.004138587544759764, "val_mean_case_max": 0.06339422477159648, "val_worst": 0.13917081547513951, "lr": 0.0008530857474738897, "wall": 756.4}
{"arm": "transolver", "epoch": 26, "steps": 1728, "train": 0.00311933752617962, "val_mean_case_max": 0.058859961765518776, "val_worst": 0.12218806106780197, "lr": 0.0008420925992494995, "wall": 785.8}
{"arm": "transolver", "epoch": 27, "steps": 1792, "train": 0.0047322360687257255, "val_mean_case_max": 0.08614594864200698, "val_worst": 0.14423720580874175, "lr": 0.0008307853953610579, "wall": 815.0}
{"arm": "transolver", "epoch": 28, "steps": 1856, "train": 0.003942364163206838, "val_mean_case_max": 0.06275912990551764, "val_worst": 0.11987470484433842, "lr": 0.0008192136346830235, "wall": 844.3}
{"arm": "transolver", "epoch": 29, "steps": 1920, "train": 0.00418383395167056, "val_mean_case_max": 0.10162449178116377, "val_worst": 0.18818550335408213, "lr": 0.0008074083209453749, "wall": 873.4}
{"arm": "transolver", "epoch": 30, "steps": 1984, "train": 0.004653092786169162, "val_mean_case_max": 0.0616387913651589, "val_worst": 0.12159505143375944, "lr": 0.0007952718191737868, "wall": 902.6}
{"arm": "transolver", "epoch": 31, "steps": 2048, "train": 0.0030724075098890343, "val_mean_case_max": 0.058944518067406484, "val_worst": 0.11134880425396208, "lr": 0.0007828860743684875, "wall": 931.8}
{"arm": "transolver", "epoch": 32, "steps": 2112, "train": 0.0030180111318030976, "val_mean_case_max": 0.06032929876225248, "val_worst": 0.13152267205539345, "lr": 0.0007702229200982164, "wall": 961.0}
{"arm": "transolver", "epoch": 33, "steps": 2176, "train": 0.0023826412906287494, "val_mean_case_max": 0.04930422469541319, "val_worst": 0.11019581169567098, "lr": 0.0007573402949800018, "wall": 990.3}
{"arm": "transolver", "epoch": 34, "steps": 2240, "train": 0.0021802034782461813, "val_mean_case_max": 0.04944483939242811, "val_worst": 0.0944802256179572, "lr": 0.0007441155670810163, "wall": 1019.6}
{"arm": "transolver", "epoch": 35, "steps": 2304, "train": 0.0018077677244699893, "val_mean_case_max": 0.04779428902171309, "val_worst": 0.10074265616934049, "lr": 0.0007307358772061578, "wall": 1048.9}
{"arm": "transolver", "epoch": 36, "steps": 2368, "train": 0.0020276175038607437, "val_mean_case_max": 0.049180637781948866, "val_worst": 0.10443096368768506, "lr": 0.0007171184896953545, "wall": 1078.1}
{"arm": "transolver", "epoch": 37, "steps": 2432, "train": 0.0017976804277234646, "val_mean_case_max": 0.04565031545654322, "val_worst": 0.0924295077880072, "lr": 0.0007033722328833646, "wall": 1107.4}
{"arm": "transolver", "epoch": 38, "steps": 2496, "train": 0.0018038571845480859, "val_mean_case_max": 0.04457216080078489, "val_worst": 0.083273836327075, "lr": 0.0006893544045578828, "wall": 1136.7}
{"arm": "transolver", "epoch": 39, "steps": 2560, "train": 0.001490201207246876, "val_mean_case_max": 0.042284120365914044, "val_worst": 0.08030466513105061, "lr": 0.0006751808392640098, "wall": 1166.0}
{"arm": "transolver", "epoch": 40, "steps": 2624, "train": 0.0016314953078039093, "val_mean_case_max": 0.043699304443940296, "val_worst": 0.08224278098665651, "lr": 0.0006608599419890476, "wall": 1195.1}
{"arm": "transolver", "epoch": 41, "steps": 2688, "train": 0.0014829753852244126, "val_mean_case_max": 0.04289228547146786, "val_worst": 0.08427387358695233, "lr": 0.0006464100846526942, "wall": 1224.3}
{"arm": "transolver", "epoch": 42, "steps": 2752, "train": 0.0014405433599584273, "val_mean_case_max": 0.04338979335792698, "val_worst": 0.07680619012738137, "lr": 0.0006318579732753781, "wall": 1253.5}
{"arm": "transolver", "epoch": 43, "steps": 2816, "train": 0.0014630347251226277, "val_mean_case_max": 0.05001895087036122, "val_worst": 0.08243158666549395, "lr": 0.0006171377306579221, "wall": 1282.8}
{"arm": "transolver", "epoch": 44, "steps": 2880, "train": 0.015942314724565393, "val_mean_case_max": 0.10850289506047968, "val_worst": 0.2321753255334972, "lr": 0.0006023760985372403, "wall": 1311.9}
{"arm": "transolver", "epoch": 45, "steps": 2944, "train": 0.004526203111688139, "val_mean_case_max": 0.06348201654175563, "val_worst": 0.12301999947028988, "lr": 0.0005874645229266996, "wall": 1341.1}
{"arm": "transolver", "epoch": 46, "steps": 3008, "train": 0.0029256071185086007, "val_mean_case_max": 0.05306998502994122, "val_worst": 0.09839734990887826, "lr": 0.0005725143184043301, "wall": 1370.3}
{"arm": "transolver", "epoch": 47, "steps": 3072, "train": 0.002207694058538669, "val_mean_case_max": 0.05919051370328805, "val_worst": 0.08840280502201464, "lr": 0.0005574937372314795, "wall": 1399.5}
{"arm": "transolver", "epoch": 48, "steps": 3136, "train": 0.0020790236645947574, "val_mean_case_max": 0.0538829840936045, "val_worst": 0.12509333718002003, "lr": 0.000542410917491313, "wall": 1428.7}
{"arm": "transolver", "epoch": 49, "steps": 3200, "train": 0.0017552580777788946, "val_mean_case_max": 0.051481176586786984, "val_worst": 0.09286959176614545, "lr": 0.000527365539343881, "wall": 1457.8}
{"arm": "transolver", "epoch": 50, "steps": 3264, "train": 0.002343053015740507, "val_mean_case_max": 0.04496740432220697, "val_worst": 0.09371946139921687, "lr": 0.0005123028751988712, "wall": 1486.9}
{"arm": "transolver", "epoch": 51, "steps": 3328, "train": 0.0016268985134723674, "val_mean_case_max": 0.04342822220525298, "val_worst": 0.09455630379122995, "lr": 0.0004971730195272183, "wall": 1516.1}
{"arm": "transolver", "epoch": 52, "steps": 3392, "train": 0.001474648999906417, "val_mean_case_max": 0.04426575658550102, "val_worst": 0.09541339554184236, "lr": 0.0004820721224469691, "wall": 1545.2}
{"arm": "transolver", "epoch": 53, "steps": 3456, "train": 0.0014325004161291318, "val_mean_case_max": 0.043614884650328575, "val_worst": 0.07794421552875756, "lr": 0.00046693052136679333, "wall": 1574.5}
{"arm": "transolver", "epoch": 54, "steps": 3520, "train": 0.0017267331736218776, "val_mean_case_max": 0.046099673463560885, "val_worst": 0.08632325797089495, "lr": 0.00045190106575431003, "wall": 1603.6}
{"arm": "transolver", "epoch": 55, "steps": 3584, "train": 0.0031565445427033023, "val_mean_case_max": 0.06000576091716801, "val_worst": 0.12156714531675811, "lr": 0.00043688530549848244, "wall": 1632.8}
{"arm": "transolver", "epoch": 56, "steps": 3648, "train": 0.0021558057062897465, "val_mean_case_max": 0.04782547341366668, "val_worst": 0.08098188817640685, "lr": 0.0004219824942158153, "wall": 1661.9}
{"arm": "transolver", "epoch": 57, "steps": 3712, "train": 0.001384894129976999, "val_mean_case_max": 0.04200459247768736, "val_worst": 0.0781648177913499, "lr": 0.00040715969970910314, "wall": 1691.1}
{"arm": "transolver", "epoch": 58, "steps": 3776, "train": 0.0012666080798233968, "val_mean_case_max": 0.03859880770135671, "val_worst": 0.08481830438073823, "lr": 0.00039240292779908146, "wall": 1720.2}
{"arm": "transolver", "epoch": 59, "steps": 3840, "train": 0.0011777180582924144, "val_mean_case_max": 0.04037741443465785, "val_worst": 0.08777347357943642, "lr": 0.000377749104147715, "wall": 1749.3}
{"arm": "transolver", "epoch": 60, "steps": 3904, "train": 0.0010471376127933968, "val_mean_case_max": 0.03847028413378206, "val_worst": 0.08820322095767391, "lr": 0.0003632343206566598, "wall": 1778.5}
{"arm": "transolver", "epoch": 61, "steps": 3968, "train": 0.001037394501985094, "val_mean_case_max": 0.0366832497297552, "val_worst": 0.07548069276833105, "lr": 0.00034874485698147456, "wall": 1807.8}
{"arm": "transolver", "epoch": 62, "steps": 4032, "train": 0.0008836978655365048, "val_mean_case_max": 0.03480456303700555, "val_worst": 0.07082747743843312, "lr": 0.00033440019197214006, "wall": 1837.1}
{"arm": "transolver", "epoch": 63, "steps": 4096, "train": 0.0008610490237367596, "val_mean_case_max": 0.03684987650744833, "val_worst": 0.08094065448533326, "lr": 0.0003202039247704937, "wall": 1866.3}
{"arm": "transolver", "epoch": 64, "steps": 4160, "train": 0.000841033316050418, "val_mean_case_max": 0.03305030913272614, "val_worst": 0.06053671189201977, "lr": 0.00030626948671138654, "wall": 1895.6}
{"arm": "transolver", "epoch": 65, "steps": 4224, "train": 0.000836384448481323, "val_mean_case_max": 0.03356600120582438, "val_worst": 0.06478295996008916, "lr": 0.0002924748914287625, "wall": 1924.8}
{"arm": "transolver", "epoch": 66, "steps": 4288, "train": 0.0007418187741842277, "val_mean_case_max": 0.03237158915078162, "val_worst": 0.06567665966957795, "lr": 0.00027889140350298273, "wall": 1954.1}
{"arm": "transolver", "epoch": 67, "steps": 4352, "train": 0.0006941631078419913, "val_mean_case_max": 0.03172021086694702, "val_worst": 0.06349860098390576, "lr": 0.0002655093213434627, "wall": 1983.4}
{"arm": "transolver", "epoch": 68, "steps": 4416, "train": 0.0006781074618933559, "val_mean_case_max": 0.03258310759557931, "val_worst": 0.06209616495889444, "lr": 0.0002523664149768951, "wall": 2012.5}
{"arm": "transolver", "epoch": 69, "steps": 4480, "train": 0.0006776778609346113, "val_mean_case_max": 0.03184608562086845, "val_worst": 0.0657691941764426, "lr": 0.0002395063048224087, "wall": 2041.6}
{"arm": "transolver", "epoch": 70, "steps": 4544, "train": 0.0006489313951557478, "val_mean_case_max": 0.030317678166103146, "val_worst": 0.06045370947248965, "lr": 0.00022687492630217248, "wall": 2070.9}
{"arm": "transolver", "epoch": 71, "steps": 4608, "train": 0.0006369541675362771, "val_mean_case_max": 0.030664665504508422, "val_worst": 0.05578774625109764, "lr": 0.0002144185532995338, "wall": 2100.1}
{"arm": "transolver", "epoch": 72, "steps": 4672, "train": 0.0006018404053024853, "val_mean_case_max": 0.030104977965335997, "val_worst": 0.058666682399975294, "lr": 0.0002023142468084176, "wall": 2129.4}
{"arm": "transolver", "epoch": 73, "steps": 4736, "train": 0.0005690104155016106, "val_mean_case_max": 0.029409229590979316, "val_worst": 0.060404480439688775, "lr": 0.00019047060532272113, "wall": 2158.6}
{"arm": "transolver", "epoch": 74, "steps": 4800, "train": 0.0014873415110572457, "val_mean_case_max": 0.0795331506204085, "val_worst": 0.14573271667915016, "lr": 0.0001788702170940184, "wall": 2187.8}
{"arm": "transolver", "epoch": 75, "steps": 4864, "train": 0.0019858736953290742, "val_mean_case_max": 0.03929546466070066, "val_worst": 0.08535805704845949, "lr": 0.00016764730043894476, "wall": 2217.0}
{"arm": "transolver", "epoch": 76, "steps": 4928, "train": 0.0007680620905104311, "val_mean_case_max": 0.03459205160868831, "val_worst": 0.07256071232906004, "lr": 0.00015670310852139113, "wall": 2246.3}
{"arm": "transolver", "epoch": 77, "steps": 4992, "train": 0.0006789707191297597, "val_mean_case_max": 0.03251663205861717, "val_worst": 0.06834349272428139, "lr": 0.00014607790929858303, "wall": 2275.6}
{"arm": "transolver", "epoch": 78, "steps": 5056, "train": 0.0006251711991875076, "val_mean_case_max": 0.031554570652631064, "val_worst": 0.06371485952533133, "lr": 0.0001358231805723694, "wall": 2304.8}
{"arm": "transolver", "epoch": 79, "steps": 5120, "train": 0.0005857284682314445, "val_mean_case_max": 0.030396146756971047, "val_worst": 0.06008428762498489, "lr": 0.00012591483482417954, "wall": 2334.0}
{"arm": "transolver", "epoch": 80, "steps": 5184, "train": 0.0005740796119697904, "val_mean_case_max": 0.029845730033645705, "val_worst": 0.0579412996834923, "lr": 0.00011635679847779978, "wall": 2363.2}
{"arm": "transolver", "epoch": 81, "steps": 5248, "train": 0.0005472143893739071, "val_mean_case_max": 0.0308093558834351, "val_worst": 0.061461838307872455, "lr": 0.00010716656709890422, "wall": 2392.4}
{"arm": "transolver", "epoch": 82, "steps": 5312, "train": 0.0005264080030967859, "val_mean_case_max": 0.028873131568842865, "val_worst": 0.05546604369548421, "lr": 9.83403881923562e-05, "wall": 2421.8}
{"arm": "transolver", "epoch": 83, "steps": 5376, "train": 0.0005116347332557811, "val_mean_case_max": 0.028535520179013944, "val_worst": 0.056333095232272486, "lr": 8.983938754632743e-05, "wall": 2451.2}
{"arm": "transolver", "epoch": 84, "steps": 5440, "train": 0.0005053111824542865, "val_mean_case_max": 0.02824001453497087, "val_worst": 0.055228109747062104, "lr": 8.176325045387187e-05, "wall": 2480.6}
{"arm": "transolver", "epoch": 85, "steps": 5504, "train": 0.00048499366082668967, "val_mean_case_max": 0.028001400489551576, "val_worst": 0.05526940498486836, "lr": 7.405992182052612e-05, "wall": 2509.9}
{"arm": "transolver", "epoch": 86, "steps": 5568, "train": 0.00047511071990633533, "val_mean_case_max": 0.02777918031899037, "val_worst": 0.05578147694457478, "lr": 6.67587381812436e-05, "wall": 2539.4}
{"arm": "transolver", "epoch": 87, "steps": 5632, "train": 0.00046968254958492674, "val_mean_case_max": 0.027437942603284474, "val_worst": 0.054012057649485655, "lr": 5.9898305083917244e-05, "wall": 2568.7}
{"arm": "transolver", "epoch": 88, "steps": 5696, "train": 0.00045727734099251186, "val_mean_case_max": 0.028107627182197545, "val_worst": 0.055655659884838955, "lr": 5.3468228886619283e-05, "wall": 2597.8}
{"arm": "transolver", "epoch": 89, "steps": 5760, "train": 0.00045659389922133735, "val_mean_case_max": 0.027630534439754897, "val_worst": 0.054549053709670656, "lr": 4.7466394941522515e-05, "wall": 2627.0}
{"arm": "transolver", "epoch": 90, "steps": 5824, "train": 0.0004465426683947395, "val_mean_case_max": 0.02682384890746433, "val_worst": 0.05261829265560224, "lr": 4.19184925477246e-05, "wall": 2656.4}
{"arm": "transolver", "epoch": 91, "steps": 5888, "train": 0.000440420556793622, "val_mean_case_max": 0.027032321464339776, "val_worst": 0.05439029986121966, "lr": 3.67601159961757e-05, "wall": 2685.6}
{"arm": "transolver", "epoch": 92, "steps": 5952, "train": 0.00043669897912059977, "val_mean_case_max": 0.026765671400823227, "val_worst": 0.05245480525440292, "lr": 3.2056237741799615e-05, "wall": 2715.0}
{"arm": "transolver", "epoch": 93, "steps": 6016, "train": 0.0004317172996294459, "val_mean_case_max": 0.02636380024536071, "val_worst": 0.05017677123745804, "lr": 2.7793750990427942e-05, "wall": 2744.4}
{"arm": "transolver", "epoch": 94, "steps": 6080, "train": 0.00042806324231334084, "val_mean_case_max": 0.026521200334743405, "val_worst": 0.05226206395391159, "lr": 2.398118442959568e-05, "wall": 2773.5}
{"arm": "transolver", "epoch": 95, "steps": 6144, "train": 0.0004251653936179916, "val_mean_case_max": 0.026258913303781564, "val_worst": 0.05099524671227832, "lr": 2.0642916716121175e-05, "wall": 2802.7}
{"arm": "transolver", "epoch": 96, "steps": 6208, "train": 0.00042110477239969314, "val_mean_case_max": 0.02598922758659563, "val_worst": 0.04975757651942628, "lr": 1.7731839045078225e-05, "wall": 2832.1}
{"arm": "transolver", "epoch": 97, "steps": 6272, "train": 0.000417718480954967, "val_mean_case_max": 0.02657548182629069, "val_worst": 0.05348743898686756, "lr": 1.52914887853844e-05, "wall": 2861.2}
{"arm": "transolver", "epoch": 98, "steps": 6336, "train": 0.0004160124023221943, "val_mean_case_max": 0.026038185905030098, "val_worst": 0.05008338259129036, "lr": 1.3313226103965648e-05, "wall": 2890.4}
{"arm": "transolver", "epoch": 99, "steps": 6400, "train": 0.00041388828287872734, "val_mean_case_max": 0.02619069428326536, "val_worst": 0.051367391146585346, "lr": 1.1797936576885539e-05, "wall": 2919.6}
{"arm": "transolver", "epoch": 100, "steps": 6464, "train": 0.00041173540085712764, "val_mean_case_max": 0.025859519059560767, "val_worst": 0.05047612178084665, "lr": 1.0741076276764923e-05, "wall": 2948.9}
{"arm": "transolver", "epoch": 101, "steps": 6528, "train": 0.0004107726026382162, "val_mean_case_max": 0.02593726636859412, "val_worst": 0.05093734961207876, "lr": 1.0142019979315384e-05, "wall": 2978.1}
{"arm": "transolver", "epoch": 102, "steps": 6577, "train": 0.0004113682876232196, "val_mean_case_max": 0.025946175178094683, "val_worst": 0.050096546713394585, "lr": 1.0000032713528657e-05, "wall": 3000.6}
ARM DONE transolver {"stop_reason": "wall_budget", "epochs_completed": 103, "optimisation_steps": 6577, "micro_batch": 8} val_mean_case_max 0.025859519059560767
TRAIN OPS COMPLETE
run_exit=0
