free_bank_train {'step': 1, 'relative_mse': 1.1733026280087644, 'seconds': 1.3574675950221717}
free_bank_train {'step': 4, 'relative_mse': 1.2830669468813711, 'seconds': 1.3674113450106233}
head_train {'step': 1, 'relative_mse': 1.5258337401796391, 'seconds': 0.6132464460097253}
head_train {'step': 5, 'relative_mse': 1.4378040102234224, 'seconds': 0.6180308390175924}
GALERKIN_TEMPORAL_ERRORS [4.318117148987798e-05, 1.1788298503505456e-05]
OPERATOR fno3d 1 val_worst 1.0084620623463112 seconds 2.0610184359829873
OPERATOR fno3d 2 val_worst 1.0081689877818951 seconds 2.069046222954057
OPERATOR unet3d 1 val_worst 1.0002676809110411 seconds 1.201210162951611
OPERATOR unet3d 2 val_worst 1.0002344965033745 seconds 1.2231888879323378
{
  "passed": true,
  "backend": "gpu",
  "x64": true,
  "galerkin_independent_parity": 2.2163097408347647e-15,
  "galerkin_energy_defect": 2.498001805406602e-16,
  "galerkin_CNAB2_errors": [
    4.318117148987798e-05,
    1.1788298503505456e-05
  ],
  "galerkin_order_ratio": 3.6630537882152634,
  "operators": {
    "fno3d": {
      "finite": true,
      "max_divergence": 2.572834215617458e-16,
      "training_steps": 2
    },
    "unet3d": {
      "finite": true,
      "max_divergence": 2.1764249883596653e-16,
      "training_steps": 2
    }
  },
  "representation_finite": true,
  "bank_steps": 4
}
