jax_backend=gpu

### k=12 src=9  ceiling 2.973e-03  ROM 1.962e-01  obj0 4.3163e-02 -> 9.1232e-03 (red 2.11e-01)  obj@ceil 1.0176e-04  iters 60 acc 38 reason 0  |z0-zceil| 0.314 |zfin-zceil| 3.552
   it   lam       ||r||       ||r_new||   acc  ||dz||    ||z||   cond(J)   ||g||
     0 1.00e-06 4.3163e-02 3.9317e+01 .  1.858e+01 0.209 7.061e+02 8.957e-03
     1 1.00e-05 4.3163e-02 1.9809e+01 .  1.582e+01 0.209 7.061e+02 8.957e-03
     2 1.00e-04 4.3163e-02 7.7988e-01 .  7.696e+00 0.209 7.061e+02 8.957e-03
     3 1.00e-03 4.3163e-02 3.2208e-02 A  1.705e+00 0.209 7.061e+02 8.957e-03
     4 3.33e-04 3.2208e-02 1.2214e-01 .  2.800e+00 1.700 2.078e+02 2.209e-03
     5 3.33e-03 3.2208e-02 5.2076e-02 .  1.524e+00 1.700 2.078e+02 2.209e-03
     6 3.33e-02 3.2208e-02 2.6828e-02 A  6.385e-01 1.700 2.078e+02 2.209e-03
     7 1.11e-02 2.6828e-02 2.1438e-02 A  6.758e-01 2.128 9.730e+01 2.310e-03
     8 3.70e-03 2.1438e-02 1.7544e-02 A  1.020e+00 2.146 6.971e+01 7.145e-04
     9 1.23e-03 1.7544e-02 1.6237e-02 A  8.197e-01 2.515 6.753e+01 6.401e-04
    10 4.12e-04 1.6237e-02 1.4560e-02 A  6.932e-01 2.735 6.438e+01 6.411e-04
    11 1.37e-04 1.4560e-02 1.4323e-02 A  7.166e-01 2.936 5.498e+01 4.170e-04
    12 4.57e-05 1.4323e-02 1.3861e-02 A  1.060e+00 3.058 8.931e+01 5.692e-04
    13 1.52e-05 1.3861e-02 1.5616e-02 .  1.248e+00 2.808 8.235e+01 3.509e-04
    14 1.52e-04 1.3861e-02 1.5182e-02 .  1.149e+00 2.808 8.235e+01 3.509e-04
    15 1.52e-03 1.3861e-02 1.3807e-02 A  6.599e-01 2.808 8.235e+01 3.509e-04
    16 5.08e-04 1.3807e-02 1.2101e-02 A  6.779e-01 2.829 7.398e+01 1.481e-03
    17 1.69e-04 1.2101e-02 1.1013e-02 A  3.105e-01 3.130 5.952e+01 4.062e-04
    18 5.65e-05 1.1013e-02 1.0615e-02 A  4.497e-01 3.177 6.926e+01 7.397e-05
    19 1.88e-05 1.0615e-02 1.0048e-02 A  5.452e-01 3.194 6.712e+01 1.997e-04
    20 6.27e-06 1.0048e-02 9.8422e-03 A  2.010e-01 3.134 7.113e+01 2.347e-04
    21 2.09e-06 9.8422e-03 9.8115e-03 A  1.491e-01 3.082 8.301e+01 3.827e-05
    22 6.97e-07 9.8115e-03 9.7955e-03 A  2.065e-01 3.139 7.970e+01 2.340e-05
    23 2.32e-07 9.7955e-03 9.7923e-03 A  2.921e-01 3.125 8.585e+01 3.794e-05
    24 7.74e-08 9.7923e-03 9.7081e-03 A  4.577e-01 3.244 8.075e+01 7.972e-05
    25 2.58e-08 9.7081e-03 1.0361e-02 .  6.626e-01 3.269 7.959e+01 1.224e-04
    26 2.58e-07 9.7081e-03 1.0361e-02 .  6.625e-01 3.269 7.959e+01 1.224e-04
    27 2.58e-06 9.7081e-03 1.0358e-02 .  6.619e-01 3.269 7.959e+01 1.224e-04
    28 2.58e-05 9.7081e-03 1.0336e-02 .  6.563e-01 3.269 7.959e+01 1.224e-04
    29 2.58e-04 9.7081e-03 1.0152e-02 .  6.072e-01 3.269 7.959e+01 1.224e-04
    30 2.58e-03 9.7081e-03 9.6439e-03 A  3.885e-01 3.269 7.959e+01 1.224e-04
    31 8.60e-04 9.6439e-03 9.3823e-03 A  4.661e-01 3.470 8.521e+01 3.594e-04
    32 2.87e-04 9.3823e-03 9.5740e-03 .  3.880e-01 3.587 9.673e+01 1.733e-04
    33 2.87e-03 9.3823e-03 9.3489e-03 A  2.282e-01 3.587 9.673e+01 1.733e-04
    34 9.56e-04 9.3489e-03 9.2207e-03 A  2.500e-01 3.618 1.039e+02 3.332e-04
    35 3.19e-04 9.2207e-03 9.5022e-03 .  4.966e-01 3.686 1.137e+02 8.376e-05
    36 3.19e-03 9.2207e-03 9.1661e-03 A  1.759e-01 3.686 1.137e+02 8.376e-05
    37 1.06e-03 9.1661e-03 9.1795e-03 .  1.531e-01 3.659 1.118e+02 5.460e-05
    38 1.06e-02 9.1661e-03 9.1341e-03 A  6.404e-02 3.659 1.118e+02 5.460e-05
    39 3.54e-03 9.1341e-03 9.1281e-03 A  4.420e-02 3.655 1.159e+02 3.173e-05
    40 1.18e-03 9.1281e-03 9.1282e-03 .  4.688e-02 3.648 1.152e+02 1.554e-05
    41 1.18e-02 9.1281e-03 9.1251e-03 A  1.755e-02 3.648 1.152e+02 1.554e-05
    42 3.93e-03 9.1251e-03 9.1242e-03 A  1.296e-02 3.649 1.168e+02 9.179e-06
    43 1.31e-03 9.1242e-03 9.1237e-03 A  1.553e-02 3.650 1.168e+02 3.458e-06
    44 4.37e-04 9.1237e-03 9.1245e-03 .  3.142e-02 3.653 1.174e+02 4.313e-06
    45 4.37e-03 9.1237e-03 9.1235e-03 A  9.392e-03 3.653 1.174e+02 4.313e-06
    46 1.46e-03 9.1235e-03 9.1234e-03 A  6.957e-03 3.652 1.172e+02 2.330e-06
    47 4.86e-04 9.1234e-03 9.1236e-03 .  1.765e-02 3.652 1.175e+02 2.381e-06
    48 4.86e-03 9.1234e-03 9.1233e-03 A  5.007e-03 3.652 1.175e+02 2.381e-06
    49 1.62e-03 9.1233e-03 9.1233e-03 A  3.394e-03 3.651 1.174e+02 1.276e-06
    50 5.40e-04 9.1233e-03 9.1233e-03 .  8.814e-03 3.651 1.177e+02 1.250e-06
    51 5.40e-03 9.1233e-03 9.1232e-03 A  2.393e-03 3.651 1.177e+02 1.250e-06
    52 1.80e-03 9.1232e-03 9.1232e-03 A  1.830e-03 3.651 1.176e+02 6.030e-07
    53 6.00e-04 9.1232e-03 9.1232e-03 .  4.059e-03 3.651 1.178e+02 6.072e-07
    54 6.00e-03 9.1232e-03 9.1232e-03 A  1.069e-03 3.651 1.178e+02 6.072e-07
    55 2.00e-03 9.1232e-03 9.1232e-03 A  1.153e-03 3.651 1.178e+02 2.343e-07
    56 6.66e-04 9.1232e-03 9.1232e-03 A  1.925e-03 3.651 1.178e+02 2.824e-07
    57 2.22e-04 9.1232e-03 9.1232e-03 .  2.766e-03 3.650 1.179e+02 2.064e-07
    58 2.22e-03 9.1232e-03 9.1232e-03 A  1.144e-03 3.650 1.179e+02 2.064e-07
    59 7.40e-04 9.1232e-03 9.1232e-03 .  1.723e-03 3.650 1.179e+02 2.883e-07
   slice t: obj / err
   -0.30:5.755e-02/1.17e+00  -0.15:5.010e-02/1.01e+00  +0.00:4.316e-02/8.75e-01  +0.15:3.672e-02/7.44e-01  +0.30:3.055e-02/6.20e-01  +0.45:2.421e-02/4.94e-01  +0.60:1.742e-02/3.59e-01  +0.75:1.048e-02/2.18e-01  +0.90:3.923e-03/8.22e-02  +1.05:1.798e-03/3.78e-02  +1.20:6.535e-03/1.37e-01  +1.35:1.043e-02/2.18e-01  +1.50:1.367e-02/2.84e-01

### k=12 src=14  ceiling 9.401e-03  ROM 2.338e-01  obj0 5.9291e-02 -> 2.7019e-03 (red 4.56e-02)  obj@ceil 9.8506e-05  iters 60 acc 39 reason 0  |z0-zceil| 0.711 |zfin-zceil| 2.273
   it   lam       ||r||       ||r_new||   acc  ||dz||    ||z||   cond(J)   ||g||
     0 1.00e-06 5.9291e-02 4.4969e+00 .  8.814e+00 0.209 7.061e+02 1.525e-02
     1 1.00e-05 5.9291e-02 1.5372e+00 .  6.867e+00 0.209 7.061e+02 1.525e-02
     2 1.00e-04 5.9291e-02 3.9380e-02 A  2.666e+00 0.209 7.061e+02 1.525e-02
     3 3.33e-05 3.9380e-02 1.3254e-02 A  1.073e+00 2.669 9.803e+01 6.108e-03
     4 1.11e-05 1.3254e-02 1.0054e-02 A  1.669e+00 2.215 1.057e+02 6.684e-04
     5 3.70e-06 1.0054e-02 2.8011e-01 .  4.806e+00 2.346 8.105e+01 2.601e-04
     6 3.70e-05 1.0054e-02 2.4549e-01 .  4.660e+00 2.346 8.105e+01 2.601e-04
     7 3.70e-04 1.0054e-02 7.7643e-02 .  3.591e+00 2.346 8.105e+01 2.601e-04
     8 3.70e-03 1.0054e-02 1.1186e-02 .  1.218e+00 2.346 8.105e+01 2.601e-04
     9 3.70e-02 1.0054e-02 8.5735e-03 A  3.002e-01 2.346 8.105e+01 2.601e-04
    10 1.23e-02 8.5735e-03 7.3830e-03 A  6.488e-01 2.359 7.581e+01 6.355e-05
    11 4.12e-03 7.3830e-03 5.2938e-03 A  1.081e+00 2.227 1.117e+02 5.957e-05
    12 1.37e-03 5.2938e-03 4.1859e-03 A  8.793e-01 2.195 9.838e+01 1.490e-04
    13 4.57e-04 4.1859e-03 5.8698e-03 .  8.867e-01 2.344 1.144e+02 8.374e-05
    14 4.57e-03 4.1859e-03 3.5550e-03 A  5.203e-01 2.344 1.144e+02 8.374e-05
    15 1.52e-03 3.5550e-03 3.0692e-03 A  5.443e-01 2.316 1.307e+02 1.141e-04
    16 5.08e-04 3.0692e-03 2.8541e-03 A  3.249e-01 2.100 1.560e+02 1.211e-04
    17 1.69e-04 2.8541e-03 2.8437e-03 A  3.716e-01 1.965 2.128e+02 1.152e-05
    18 5.65e-05 2.8437e-03 3.3715e-03 .  7.016e-01 2.072 2.029e+02 6.561e-05
    19 5.65e-04 2.8437e-03 2.8182e-03 A  3.403e-01 2.072 2.029e+02 6.561e-05
    20 1.88e-04 2.8182e-03 2.7990e-03 A  4.075e-01 1.953 2.076e+02 2.935e-05
    21 6.27e-05 2.7990e-03 2.9440e-03 .  5.201e-01 2.140 1.975e+02 4.710e-05
    22 6.27e-04 2.7990e-03 2.7410e-03 A  2.548e-01 2.140 1.975e+02 4.710e-05
    23 2.09e-04 2.7410e-03 2.7205e-03 A  1.550e-01 2.018 2.053e+02 2.686e-05
    24 6.97e-05 2.7205e-03 2.7320e-03 .  2.297e-01 2.100 2.075e+02 8.908e-06
    25 6.97e-04 2.7205e-03 2.7089e-03 A  1.101e-01 2.100 2.075e+02 8.908e-06
    26 2.32e-04 2.7089e-03 2.7056e-03 A  6.162e-02 2.045 2.107e+02 9.876e-06
    27 7.74e-05 2.7056e-03 2.7074e-03 .  1.036e-01 2.075 2.134e+02 4.707e-06
    28 7.74e-04 2.7056e-03 2.7034e-03 A  4.727e-02 2.075 2.134e+02 4.707e-06
    29 2.58e-04 2.7034e-03 2.7027e-03 A  2.515e-02 2.051 2.149e+02 3.557e-06
    30 8.60e-05 2.7027e-03 2.7029e-03 .  4.490e-02 2.062 2.163e+02 2.701e-06
    31 8.60e-04 2.7027e-03 2.7023e-03 A  1.973e-02 2.062 2.163e+02 2.701e-06
    32 2.87e-04 2.7023e-03 2.7021e-03 A  9.778e-03 2.052 2.171e+02 1.528e-06
    33 9.56e-05 2.7021e-03 2.7021e-03 A  1.736e-02 2.055 2.178e+02 1.405e-06
    34 3.19e-05 2.7021e-03 2.7025e-03 .  3.388e-02 2.046 2.185e+02 8.484e-07
    35 3.19e-04 2.7021e-03 2.7021e-03 A  1.786e-02 2.046 2.185e+02 8.484e-07
    36 1.06e-04 2.7021e-03 2.7022e-03 .  2.614e-02 2.055 2.188e+02 1.050e-06
    37 1.06e-03 2.7021e-03 2.7020e-03 A  1.018e-02 2.055 2.188e+02 1.050e-06
    38 3.54e-04 2.7020e-03 2.7020e-03 A  3.824e-03 2.050 2.189e+02 3.331e-07
    39 1.18e-04 2.7020e-03 2.7020e-03 .  7.406e-03 2.052 2.191e+02 4.192e-07
    40 1.18e-03 2.7020e-03 2.7019e-03 A  2.801e-03 2.052 2.191e+02 4.192e-07
    41 3.93e-04 2.7019e-03 2.7019e-03 A  1.078e-03 2.051 2.192e+02 1.814e-07
    42 1.31e-04 2.7019e-03 2.7019e-03 A  1.750e-03 2.051 2.193e+02 1.897e-07
    43 4.37e-05 2.7019e-03 2.7019e-03 .  2.539e-03 2.050 2.194e+02 1.230e-07
    44 4.37e-04 2.7019e-03 2.7019e-03 A  1.233e-03 2.050 2.194e+02 1.230e-07
    45 1.46e-04 2.7019e-03 2.7019e-03 .  1.631e-03 2.050 2.195e+02 1.240e-07
    46 1.46e-03 2.7019e-03 2.7019e-03 A  6.327e-04 2.050 2.195e+02 1.240e-07
    47 4.86e-04 2.7019e-03 2.7019e-03 A  2.874e-04 2.050 2.195e+02 4.759e-08
    48 1.62e-04 2.7019e-03 2.7019e-03 A  3.441e-04 2.050 2.195e+02 5.211e-08
    49 5.40e-05 2.7019e-03 2.7019e-03 A  3.661e-04 2.050 2.196e+02 3.708e-08
    50 1.80e-05 2.7019e-03 2.7019e-03 .  9.854e-04 2.050 2.196e+02 3.833e-08
    51 1.80e-04 2.7019e-03 2.7019e-03 .  6.347e-04 2.050 2.196e+02 3.833e-08
    52 1.80e-03 2.7019e-03 2.7019e-03 A  1.977e-04 2.050 2.196e+02 3.833e-08
    53 6.00e-04 2.7019e-03 2.7019e-03 A  1.064e-04 2.050 2.196e+02 1.286e-08
    54 2.00e-04 2.7019e-03 2.7019e-03 A  8.621e-05 2.050 2.196e+02 1.317e-08
    55 6.66e-05 2.7019e-03 2.7019e-03 A  4.858e-05 2.050 2.196e+02 1.062e-08
    56 2.22e-05 2.7019e-03 2.7019e-03 .  9.759e-05 2.050 2.196e+02 9.089e-09
    57 2.22e-04 2.7019e-03 2.7019e-03 A  6.203e-05 2.050 2.196e+02 9.089e-09
    58 7.40e-05 2.7019e-03 2.7019e-03 .  8.085e-05 2.050 2.196e+02 4.818e-09
    59 7.40e-04 2.7019e-03 2.7019e-03 A  3.354e-05 2.050 2.196e+02 4.818e-09
   slice t: obj / err
   -0.30:9.903e-02/7.28e+00  -0.15:7.709e-02/5.67e+00  +0.00:5.929e-02/4.36e+00  +0.15:4.489e-02/3.30e+00  +0.30:3.300e-02/2.43e+00  +0.45:2.299e-02/1.70e+00  +0.60:1.475e-02/1.09e+00  +0.75:8.113e-03/6.07e-01  +0.90:2.834e-03/2.15e-01  +1.05:1.237e-03/9.42e-02  +1.20:4.256e-03/3.26e-01  +1.35:6.427e-03/4.92e-01  +1.50:7.893e-03/5.99e-01

### k=12 src=0  ceiling 4.380e-03  ROM 4.647e-03  obj0 3.8925e-02 -> 1.8745e-04 (red 4.82e-03)  obj@ceil 2.0978e-04  iters 28 acc 24 reason 1  |z0-zceil| 0.359 |zfin-zceil| 0.098
   it   lam       ||r||       ||r_new||   acc  ||dz||    ||z||   cond(J)   ||g||
     0 1.00e-06 3.8925e-02 3.0000e+02 .  2.185e+01 0.209 7.061e+02 7.218e-03
     1 1.00e-05 3.8925e-02 2.6611e+02 .  1.874e+01 0.209 7.061e+02 7.218e-03
     2 1.00e-04 3.8925e-02 3.5318e+01 .  9.980e+00 0.209 7.061e+02 7.218e-03
     3 1.00e-03 3.8925e-02 9.4429e-02 .  2.474e+00 0.209 7.061e+02 7.218e-03
     4 1.00e-02 3.8925e-02 1.7322e-02 A  7.443e-01 0.209 7.061e+02 7.218e-03
     5 3.33e-03 1.7322e-02 4.3291e-03 A  4.788e-01 0.756 4.842e+02 2.726e-03
     6 1.11e-03 4.3291e-03 1.1764e-03 A  3.246e-01 0.572 7.012e+02 3.001e-04
     7 3.70e-04 1.1764e-03 3.5200e-04 A  1.130e-01 0.463 5.709e+02 1.814e-04
     8 1.23e-04 3.5200e-04 2.4604e-04 A  9.957e-02 0.390 6.411e+02 2.309e-05
     9 4.12e-05 2.4604e-04 2.0591e-04 A  7.880e-02 0.343 7.061e+02 1.789e-05
    10 1.37e-05 2.0591e-04 1.9326e-04 A  7.760e-02 0.337 7.491e+02 6.606e-06
    11 4.57e-06 1.9326e-04 1.8853e-04 A  5.202e-02 0.353 7.520e+02 4.023e-06
    12 1.52e-06 1.8853e-04 1.8746e-04 A  1.633e-02 0.365 7.098e+02 3.724e-06
    13 5.08e-07 1.8746e-04 1.8745e-04 A  2.522e-03 0.368 6.939e+02 4.436e-07
    14 1.69e-07 1.8745e-04 1.8745e-04 A  5.652e-04 0.368 6.919e+02 1.086e-08
    15 5.65e-08 1.8745e-04 1.8745e-04 A  3.101e-04 0.368 6.914e+02 5.447e-10
    16 1.88e-08 1.8745e-04 1.8745e-04 A  1.947e-04 0.368 6.916e+02 9.874e-11
    17 6.27e-09 1.8745e-04 1.8745e-04 A  1.186e-04 0.368 6.914e+02 1.236e-10
    18 2.09e-09 1.8745e-04 1.8745e-04 A  7.298e-05 0.368 6.915e+02 3.885e-11
    19 6.97e-10 1.8745e-04 1.8745e-04 A  4.467e-05 0.368 6.915e+02 3.737e-11
    20 2.32e-10 1.8745e-04 1.8745e-04 A  2.733e-05 0.368 6.915e+02 1.755e-11
    21 7.74e-11 1.8745e-04 1.8745e-04 A  1.669e-05 0.368 6.915e+02 1.281e-11
    22 2.58e-11 1.8745e-04 1.8745e-04 A  1.019e-05 0.368 6.915e+02 7.087e-12
    23 8.60e-12 1.8745e-04 1.8745e-04 A  6.216e-06 0.368 6.915e+02 4.623e-12
    24 2.87e-12 1.8745e-04 1.8745e-04 A  3.790e-06 0.368 6.915e+02 2.718e-12
    25 1.00e-12 1.8745e-04 1.8745e-04 A  2.310e-06 0.368 6.915e+02 1.699e-12
    26 1.00e-12 1.8745e-04 1.8745e-04 A  1.408e-06 0.368 6.915e+02 1.022e-12
    27 1.00e-12 1.8745e-04 1.8745e-04 A  8.581e-07 0.368 6.915e+02 6.286e-13
   slice t: obj / err
   -0.30:4.828e-02/6.61e-01  -0.15:4.381e-02/6.00e-01  +0.00:3.892e-02/5.33e-01  +0.15:3.355e-02/4.59e-01  +0.30:2.766e-02/3.80e-01  +0.45:2.136e-02/2.94e-01  +0.60:1.499e-02/2.07e-01  +0.75:8.931e-03/1.23e-01  +0.90:3.394e-03/4.70e-02  +1.05:1.635e-03/2.27e-02  +1.20:6.217e-03/8.55e-02  +1.35:1.054e-02/1.45e-01  +1.50:1.473e-02/2.02e-01

### k=8 src=14  ceiling 8.486e-03  ROM 1.104e-02  obj0 5.9162e-02 -> 7.1951e-05 (red 1.22e-03)  obj@ceil 8.8428e-05  iters 36 acc 28 reason 1  |z0-zceil| 0.503 |zfin-zceil| 0.161
   it   lam       ||r||       ||r_new||   acc  ||dz||    ||z||   cond(J)   ||g||
     0 1.00e-06 5.9162e-02 1.9466e-01 .  2.112e+00 0.203 4.327e+02 1.658e-02
     1 1.00e-05 5.9162e-02 1.4024e-01 .  1.860e+00 0.203 4.327e+02 1.658e-02
     2 1.00e-04 5.9162e-02 3.3103e-02 A  9.889e-01 0.203 4.327e+02 1.658e-02
     3 3.33e-05 3.3103e-02 1.4048e-02 A  8.311e-01 0.961 1.020e+02 6.208e-03
     4 1.11e-05 1.4048e-02 7.3451e-03 A  7.952e-01 1.424 5.227e+01 1.178e-03
     5 3.70e-06 7.3451e-03 7.1751e-03 A  8.728e-01 1.668 3.874e+01 2.953e-04
     6 1.23e-06 7.1751e-03 1.8158e-03 A  5.765e-01 1.726 7.954e+01 4.640e-04
     7 4.12e-07 1.8158e-03 7.6525e-04 A  3.340e-01 1.253 9.129e+01 5.303e-05
     8 1.37e-07 7.6525e-04 6.1394e-04 A  3.541e-01 1.026 1.046e+02 2.641e-05
     9 4.57e-08 6.1394e-04 2.3125e-04 A  2.388e-01 0.755 1.434e+02 3.516e-05
    10 1.52e-08 2.3125e-04 1.6410e-04 A  1.322e-01 0.592 1.859e+02 9.036e-06
    11 5.08e-09 1.6410e-04 2.7412e-04 .  1.780e-01 0.493 2.667e+02 6.930e-06
    12 5.08e-08 1.6410e-04 2.7388e-04 .  1.779e-01 0.493 2.667e+02 6.930e-06
    13 5.08e-07 1.6410e-04 2.7153e-04 .  1.769e-01 0.493 2.667e+02 6.930e-06
    14 5.08e-06 1.6410e-04 2.5054e-04 .  1.681e-01 0.493 2.667e+02 6.930e-06
    15 5.08e-05 1.6410e-04 1.5772e-04 A  1.191e-01 0.493 2.667e+02 6.930e-06
    16 1.69e-05 1.5772e-04 2.0956e-04 .  1.591e-01 0.425 3.285e+02 8.888e-06
    17 1.69e-04 1.5772e-04 9.8307e-05 A  6.347e-02 0.425 3.285e+02 8.888e-06
    18 5.65e-05 9.8307e-05 1.0634e-04 .  9.814e-02 0.394 3.556e+02 2.241e-06
    19 5.65e-04 9.8307e-05 9.0389e-05 A  2.072e-02 0.394 3.556e+02 2.241e-06
    20 1.88e-04 9.0389e-05 8.4721e-05 A  4.458e-02 0.388 3.646e+02 2.337e-07
    21 6.27e-05 8.4721e-05 8.1325e-05 A  6.428e-02 0.379 3.888e+02 1.102e-06
    22 2.09e-05 8.1325e-05 7.6247e-05 A  5.410e-02 0.378 4.296e+02 2.145e-06
    23 6.97e-06 7.6247e-05 7.3299e-05 A  4.783e-02 0.392 4.466e+02 1.327e-06
    24 2.32e-06 7.3299e-05 7.2211e-05 A  3.941e-02 0.405 4.068e+02 4.272e-07
    25 7.74e-07 7.2211e-05 7.1977e-05 A  1.758e-02 0.413 3.595e+02 1.353e-07
    26 2.58e-07 7.1977e-05 7.1954e-05 A  5.973e-03 0.414 3.417e+02 2.871e-08
    27 8.60e-08 7.1954e-05 7.1951e-05 A  1.948e-03 0.414 3.365e+02 3.565e-09
    28 2.87e-08 7.1951e-05 7.1951e-05 A  6.351e-04 0.415 3.348e+02 2.671e-10
    29 9.56e-09 7.1951e-05 7.1951e-05 A  2.070e-04 0.415 3.343e+02 7.095e-11
    30 3.19e-09 7.1951e-05 7.1951e-05 A  6.737e-05 0.415 3.341e+02 2.848e-11
    31 1.06e-09 7.1951e-05 7.1951e-05 A  2.192e-05 0.415 3.341e+02 9.964e-12
    32 3.54e-10 7.1951e-05 7.1951e-05 A  7.132e-06 0.415 3.341e+02 3.315e-12
    33 1.18e-10 7.1951e-05 7.1951e-05 A  2.320e-06 0.415 3.341e+02 1.087e-12
    34 3.93e-11 7.1951e-05 7.1951e-05 A  7.547e-07 0.415 3.341e+02 3.543e-13
    35 1.31e-11 7.1951e-05 7.1951e-05 A  2.455e-07 0.415 3.341e+02 1.153e-13
   slice t: obj / err
   -0.30:9.635e-02/7.08e+00  -0.15:7.624e-02/5.61e+00  +0.00:5.916e-02/4.35e+00  +0.15:4.471e-02/3.29e+00  +0.30:3.259e-02/2.40e+00  +0.45:2.257e-02/1.66e+00  +0.60:1.448e-02/1.07e+00  +0.75:8.018e-03/5.98e-01  +0.90:2.837e-03/2.16e-01  +1.05:1.272e-03/9.72e-02  +1.20:4.427e-03/3.39e-01  +1.35:6.749e-03/5.09e-01  +1.50:8.322e-03/6.19e-01

### k=8 src=9  ceiling 4.250e-03  ROM 4.684e-03  obj0 4.4017e-02 -> 1.0163e-04 (red 2.31e-03)  obj@ceil 1.1684e-04  iters 60 acc 40 reason 0  |z0-zceil| 0.267 |zfin-zceil| 0.103
   it   lam       ||r||       ||r_new||   acc  ||dz||    ||z||   cond(J)   ||g||
     0 1.00e-06 4.4017e-02 1.2187e+01 .  1.178e+01 0.203 4.327e+02 1.019e-02
     1 1.00e-05 4.4017e-02 5.1950e+00 .  9.618e+00 0.203 4.327e+02 1.019e-02
     2 1.00e-04 4.4017e-02 3.0502e-01 .  3.827e+00 0.203 4.327e+02 1.019e-02
     3 1.00e-03 4.4017e-02 2.1220e-02 A  1.089e+00 0.203 4.327e+02 1.019e-02
     4 3.33e-04 2.1220e-02 7.1962e-02 .  2.098e+00 1.080 1.572e+02 2.657e-03
     5 3.33e-03 2.1220e-02 6.1043e-03 A  7.336e-01 1.080 1.572e+02 2.657e-03
     6 1.11e-03 6.1043e-03 2.0471e-03 A  3.212e-01 1.130 1.447e+02 1.072e-03
     7 3.70e-04 2.0471e-03 1.0618e-03 A  3.152e-01 0.950 1.791e+02 2.214e-04
     8 1.23e-04 1.0618e-03 7.7194e-04 A  2.990e-01 0.690 2.663e+02 5.713e-05
     9 4.12e-05 7.7194e-04 3.8426e-04 A  1.811e-01 0.453 4.075e+02 1.469e-04
    10 1.37e-05 3.8426e-04 1.5309e-04 A  8.895e-02 0.361 4.208e+02 7.262e-05
    11 4.57e-06 1.5309e-04 1.3622e-04 A  7.616e-02 0.326 5.565e+02 1.192e-05
    12 1.52e-06 1.3622e-04 1.1087e-04 A  3.978e-02 0.301 5.527e+02 1.547e-05
    13 5.08e-07 1.1087e-04 1.0579e-04 A  5.186e-02 0.288 5.726e+02 8.291e-07
    14 1.69e-07 1.0579e-04 1.1092e-04 .  4.287e-02 0.286 6.011e+02 6.934e-07
    15 1.69e-06 1.0579e-04 1.1005e-04 .  4.123e-02 0.286 6.011e+02 6.934e-07
    16 1.69e-05 1.0579e-04 1.0599e-04 .  3.060e-02 0.286 6.011e+02 6.934e-07
    17 1.69e-04 1.0579e-04 1.0416e-04 A  9.557e-03 0.286 6.011e+02 6.934e-07
    18 5.65e-05 1.0416e-04 1.0301e-04 A  1.038e-02 0.283 5.370e+02 3.290e-07
    19 1.88e-05 1.0301e-04 1.0216e-04 A  1.171e-02 0.282 5.080e+02 4.068e-08
    20 6.27e-06 1.0216e-04 1.0175e-04 A  1.055e-02 0.281 4.874e+02 2.459e-07
    21 2.09e-06 1.0175e-04 1.0165e-04 A  5.737e-03 0.282 4.840e+02 9.762e-08
    22 6.97e-07 1.0165e-04 1.0164e-04 A  2.607e-03 0.283 4.751e+02 3.431e-08
    23 2.32e-07 1.0164e-04 1.0163e-04 A  9.953e-04 0.283 4.796e+02 4.487e-09
    24 7.74e-08 1.0163e-04 1.0164e-04 .  1.361e-03 0.283 4.717e+02 3.131e-09
    25 7.74e-07 1.0163e-04 1.0164e-04 .  1.318e-03 0.283 4.717e+02 3.131e-09
    26 7.74e-06 1.0163e-04 1.0163e-04 A  1.029e-03 0.283 4.717e+02 3.131e-09
    27 2.58e-06 1.0163e-04 1.0163e-04 .  9.367e-04 0.283 4.793e+02 2.647e-09
    28 2.58e-05 1.0163e-04 1.0163e-04 A  6.097e-04 0.283 4.793e+02 2.647e-09
    29 8.60e-06 1.0163e-04 1.0163e-04 A  4.452e-04 0.283 4.737e+02 1.392e-09
    30 2.87e-06 1.0163e-04 1.0163e-04 .  4.843e-04 0.283 4.774e+02 1.048e-09
    31 2.87e-05 1.0163e-04 1.0163e-04 A  2.999e-04 0.283 4.774e+02 1.048e-09
    32 9.56e-06 1.0163e-04 1.0163e-04 A  1.877e-04 0.283 4.747e+02 4.980e-10
    33 3.19e-06 1.0163e-04 1.0163e-04 .  2.195e-04 0.283 4.764e+02 3.874e-10
    34 3.19e-05 1.0163e-04 1.0163e-04 A  1.302e-04 0.283 4.764e+02 3.874e-10
    35 1.06e-05 1.0163e-04 1.0163e-04 A  7.162e-05 0.283 4.753e+02 2.045e-10
    36 3.54e-06 1.0163e-04 1.0163e-04 .  8.857e-05 0.283 4.759e+02 1.390e-10
    37 3.54e-05 1.0163e-04 1.0163e-04 A  5.014e-05 0.283 4.759e+02 1.390e-10
    38 1.18e-05 1.0163e-04 1.0163e-04 A  2.404e-05 0.283 4.755e+02 7.868e-11
    39 3.93e-06 1.0163e-04 1.0163e-04 .  3.186e-05 0.283 4.757e+02 4.562e-11
    40 3.93e-05 1.0163e-04 1.0163e-04 A  1.698e-05 0.283 4.757e+02 4.562e-11
    41 1.31e-05 1.0163e-04 1.0163e-04 A  7.040e-06 0.283 4.756e+02 2.644e-11
    42 4.37e-06 1.0163e-04 1.0163e-04 A  1.030e-05 0.283 4.756e+02 1.283e-11
    43 1.46e-06 1.0163e-04 1.0163e-04 .  9.446e-06 0.283 4.756e+02 1.469e-11
    44 1.46e-05 1.0163e-04 1.0163e-04 A  7.025e-06 0.283 4.756e+02 1.469e-11
    45 4.86e-06 1.0163e-04 1.0163e-04 A  6.515e-06 0.283 4.756e+02 1.201e-11
    46 1.62e-06 1.0163e-04 1.0163e-04 .  7.541e-06 0.283 4.756e+02 1.102e-11
    47 1.62e-05 1.0163e-04 1.0163e-04 A  5.293e-06 0.283 4.756e+02 1.102e-11
    48 5.40e-06 1.0163e-04 1.0163e-04 A  4.351e-06 0.283 4.756e+02 9.014e-12
    49 1.80e-06 1.0163e-04 1.0163e-04 .  5.303e-06 0.283 4.756e+02 7.651e-12
    50 1.80e-05 1.0163e-04 1.0163e-04 A  3.592e-06 0.283 4.756e+02 7.651e-12
    51 6.00e-06 1.0163e-04 1.0163e-04 A  2.754e-06 0.283 4.756e+02 6.113e-12
    52 2.00e-06 1.0163e-04 1.0163e-04 .  3.419e-06 0.283 4.756e+02 4.923e-12
    53 2.00e-05 1.0163e-04 1.0163e-04 A  2.247e-06 0.283 4.756e+02 4.923e-12
    54 6.66e-06 1.0163e-04 1.0163e-04 A  1.619e-06 0.283 4.756e+02 3.812e-12
    55 2.22e-06 1.0163e-04 1.0163e-04 .  2.033e-06 0.283 4.756e+02 2.926e-12
    56 2.22e-05 1.0163e-04 1.0163e-04 A  1.297e-06 0.283 4.756e+02 2.926e-12
    57 7.40e-06 1.0163e-04 1.0163e-04 A  8.764e-07 0.283 4.756e+02 2.188e-12
    58 2.47e-06 1.0163e-04 1.0163e-04 .  1.113e-06 0.283 4.756e+02 1.598e-12
    59 2.47e-05 1.0163e-04 1.0163e-04 A  6.883e-07 0.283 4.756e+02 1.598e-12
   slice t: obj / err
   -0.30:5.838e-02/1.18e+00  -0.15:5.110e-02/1.04e+00  +0.00:4.402e-02/8.92e-01  +0.15:3.706e-02/7.51e-01  +0.30:3.013e-02/6.12e-01  +0.45:2.322e-02/4.74e-01  +0.60:1.646e-02/3.39e-01  +0.75:9.948e-03/2.07e-01  +0.90:3.797e-03/7.96e-02  +1.05:1.760e-03/3.74e-02  +1.20:6.539e-03/1.38e-01  +1.35:1.064e-02/2.23e-01  +1.50:1.429e-02/2.99e-01

### k=6 src=14  ceiling 1.300e-02  ROM 4.403e-01  obj0 6.5370e-02 -> 5.6504e-03 (red 8.64e-02)  obj@ceil 1.1402e-04  iters 49 acc 30 reason 1  |z0-zceil| 0.391 |zfin-zceil| 0.886
   it   lam       ||r||       ||r_new||   acc  ||dz||    ||z||   cond(J)   ||g||
     0 1.00e-06 6.5370e-02 6.6309e-02 .  2.383e+00 0.202 2.361e+02 2.216e-02
     1 1.00e-05 6.5370e-02 4.9513e-02 A  2.176e+00 0.202 2.361e+02 2.216e-02
     2 3.33e-06 4.9513e-02 2.5349e-02 A  4.622e-01 2.162 8.337e+00 5.505e-03
     3 1.11e-06 2.5349e-02 1.5070e-02 A  3.679e-01 1.805 8.628e+00 2.517e-03
     4 3.70e-07 1.5070e-02 1.1071e-02 A  2.778e-01 1.532 1.086e+01 1.007e-03
     5 1.23e-07 1.1071e-02 9.6598e-03 A  2.126e-01 1.280 1.240e+01 2.972e-04
     6 4.12e-08 9.6598e-03 7.6119e-03 A  4.963e-01 1.205 8.660e+00 2.334e-04
     7 1.37e-08 7.6119e-03 1.5728e-02 .  3.902e-01 0.849 1.094e+01 2.192e-04
     8 1.37e-07 7.6119e-03 1.5728e-02 .  3.902e-01 0.849 1.094e+01 2.192e-04
     9 1.37e-06 7.6119e-03 1.5728e-02 .  3.902e-01 0.849 1.094e+01 2.192e-04
    10 1.37e-05 7.6119e-03 1.5725e-02 .  3.900e-01 0.849 1.094e+01 2.192e-04
    11 1.37e-04 7.6119e-03 1.5691e-02 .  3.889e-01 0.849 1.094e+01 2.192e-04
    12 1.37e-03 7.6119e-03 1.5373e-02 .  3.776e-01 0.849 1.094e+01 2.192e-04
    13 1.37e-02 7.6119e-03 1.3301e-02 .  2.976e-01 0.849 1.094e+01 2.192e-04
    14 1.37e-01 7.6119e-03 8.9271e-03 .  1.447e-01 0.849 1.094e+01 2.192e-04
    15 1.37e+00 7.6119e-03 6.3347e-03 A  7.150e-02 0.849 1.094e+01 2.192e-04
    16 4.57e-01 6.3347e-03 5.9692e-03 A  4.452e-02 0.899 1.054e+01 1.249e-04
    17 1.52e-01 5.9692e-03 5.8428e-03 A  4.697e-02 0.916 9.101e+00 2.697e-05
    18 5.08e-02 5.8428e-03 5.7080e-03 A  7.455e-02 0.892 9.394e+00 1.908e-05
    19 1.69e-02 5.7080e-03 5.6578e-03 A  4.934e-02 0.870 9.346e+00 2.544e-05
    20 5.65e-03 5.6578e-03 5.6515e-03 A  1.260e-02 0.861 9.607e+00 1.259e-05
    21 1.88e-03 5.6515e-03 5.6520e-03 .  8.792e-03 0.857 9.946e+00 5.894e-06
    22 1.88e-02 5.6515e-03 5.6514e-03 A  7.101e-03 0.857 9.946e+00 5.894e-06
    23 6.27e-03 5.6514e-03 5.6572e-03 .  1.620e-02 0.858 1.011e+01 4.497e-06
    24 6.27e-02 5.6514e-03 5.6514e-03 .  7.960e-03 0.858 1.011e+01 4.497e-06
    25 6.27e-01 5.6514e-03 5.6508e-03 A  1.542e-03 0.858 1.011e+01 4.497e-06
    26 2.09e-01 5.6508e-03 5.6505e-03 A  2.160e-03 0.857 1.009e+01 1.231e-06
    27 6.97e-02 5.6505e-03 5.6505e-03 A  1.086e-03 0.857 1.008e+01 5.828e-07
    28 2.32e-02 5.6505e-03 5.6505e-03 .  7.158e-04 0.856 1.010e+01 2.963e-07
    29 2.32e-01 5.6505e-03 5.6505e-03 A  2.425e-04 0.856 1.010e+01 2.963e-07
    30 7.74e-02 5.6505e-03 5.6504e-03 A  2.690e-04 0.856 1.011e+01 1.172e-07
    31 2.58e-02 5.6504e-03 5.6504e-03 A  1.750e-04 0.856 1.011e+01 7.437e-08
    32 8.60e-03 5.6504e-03 5.6505e-03 .  2.964e-04 0.856 1.012e+01 7.961e-08
    33 8.60e-02 5.6504e-03 5.6504e-03 A  1.100e-04 0.856 1.012e+01 7.961e-08
    34 2.87e-02 5.6504e-03 5.6504e-03 .  1.745e-04 0.856 1.012e+01 8.794e-08
    35 2.87e-01 5.6504e-03 5.6504e-03 A  4.691e-05 0.856 1.012e+01 8.794e-08
    36 9.56e-02 5.6504e-03 5.6504e-03 A  2.261e-05 0.856 1.012e+01 5.036e-08
    37 3.19e-02 5.6504e-03 5.6504e-03 .  4.224e-05 0.856 1.012e+01 3.426e-08
    38 3.19e-01 5.6504e-03 5.6504e-03 A  1.321e-05 0.856 1.012e+01 3.426e-08
    39 1.06e-01 5.6504e-03 5.6504e-03 A  7.081e-06 0.856 1.012e+01 1.723e-08
    40 3.54e-02 5.6504e-03 5.6504e-03 .  1.463e-05 0.856 1.012e+01 1.201e-08
    41 3.54e-01 5.6504e-03 5.6504e-03 A  4.380e-06 0.856 1.012e+01 1.201e-08
    42 1.18e-01 5.6504e-03 5.6504e-03 A  2.038e-06 0.856 1.012e+01 5.570e-09
    43 3.93e-02 5.6504e-03 5.6504e-03 .  3.854e-06 0.856 1.012e+01 3.545e-09
    44 3.93e-01 5.6504e-03 5.6504e-03 A  1.174e-06 0.856 1.012e+01 3.545e-09
    45 1.31e-01 5.6504e-03 5.6504e-03 A  5.223e-07 0.856 1.012e+01 1.486e-09
    46 4.37e-02 5.6504e-03 5.6504e-03 .  9.129e-07 0.856 1.012e+01 8.918e-10
    47 4.37e-01 5.6504e-03 5.6504e-03 A  2.724e-07 0.856 1.012e+01 8.918e-10
    48 1.46e-01 5.6504e-03 5.6504e-03 A  1.247e-07 0.856 1.012e+01 3.351e-10
   slice t: obj / err
   -0.30:1.003e-01/7.37e+00  -0.15:8.160e-02/6.00e+00  +0.00:6.537e-02/4.81e+00  +0.15:5.154e-02/3.79e+00  +0.30:3.915e-02/2.88e+00  +0.45:2.759e-02/2.03e+00  +0.60:1.806e-02/1.33e+00  +0.75:1.022e-02/7.60e-01  +0.90:3.608e-03/2.70e-01  +1.05:1.552e-03/1.16e-01  +1.20:5.242e-03/3.90e-01  +1.35:7.691e-03/5.70e-01  +1.50:9.144e-03/6.77e-01

### k=6 src=0  ceiling 7.994e-03  ROM 9.100e-03  obj0 4.2646e-02 -> 3.0662e-04 (red 7.19e-03)  obj@ceil 4.3531e-04  iters 36 acc 28 reason 1  |z0-zceil| 0.333 |zfin-zceil| 0.327
   it   lam       ||r||       ||r_new||   acc  ||dz||    ||z||   cond(J)   ||g||
     0 1.00e-06 4.2646e-02 9.3538e-01 .  4.160e+00 0.202 2.361e+02 8.809e-03
     1 1.00e-05 4.2646e-02 7.4868e-01 .  3.910e+00 0.202 2.361e+02 8.809e-03
     2 1.00e-04 4.2646e-02 1.6249e-01 .  2.510e+00 0.202 2.361e+02 8.809e-03
     3 1.00e-03 4.2646e-02 2.6597e-02 A  7.291e-01 0.202 2.361e+02 8.809e-03
     4 3.33e-04 2.6597e-02 1.0143e-02 A  2.019e-01 0.778 3.278e+01 6.544e-03
     5 1.11e-04 1.0143e-02 8.1688e-03 A  4.077e-01 0.620 4.010e+01 8.862e-04
     6 3.70e-05 8.1688e-03 2.0912e-03 A  1.828e-01 0.504 7.700e+01 2.307e-03
     7 1.23e-05 2.0912e-03 5.9564e-04 A  4.981e-02 0.400 9.560e+01 5.475e-04
     8 4.12e-06 5.9564e-04 5.8162e-04 A  1.582e-02 0.377 1.080e+02 2.022e-05
     9 1.37e-06 5.8162e-04 5.7777e-04 A  1.322e-02 0.367 1.106e+02 5.479e-06
    10 4.57e-07 5.7777e-04 5.7455e-04 A  1.212e-02 0.361 1.124e+02 3.897e-06
    11 1.52e-07 5.7455e-04 5.7129e-04 A  1.226e-02 0.355 1.148e+02 3.290e-06
    12 5.08e-08 5.7129e-04 5.6716e-04 A  1.388e-02 0.350 1.180e+02 3.351e-06
    13 1.69e-08 5.6716e-04 5.6031e-04 A  1.811e-02 0.344 1.226e+02 4.231e-06
    14 5.65e-09 5.6031e-04 5.4484e-04 A  2.861e-02 0.336 1.296e+02 7.016e-06
    15 1.88e-09 5.4484e-04 5.2070e-04 A  5.639e-02 0.324 1.388e+02 1.677e-05
    16 6.27e-10 5.2070e-04 5.5171e-04 .  7.863e-02 0.305 1.281e+02 6.041e-05
    17 6.27e-09 5.2070e-04 5.5169e-04 .  7.863e-02 0.305 1.281e+02 6.041e-05
    18 6.27e-08 5.2070e-04 5.5155e-04 .  7.861e-02 0.305 1.281e+02 6.041e-05
    19 6.27e-07 5.2070e-04 5.5012e-04 .  7.842e-02 0.305 1.281e+02 6.041e-05
    20 6.27e-06 5.2070e-04 5.3665e-04 .  7.659e-02 0.305 1.281e+02 6.041e-05
    21 6.27e-05 5.2070e-04 4.5617e-04 A  6.208e-02 0.305 1.281e+02 6.041e-05
    22 2.09e-05 4.5617e-04 3.5941e-04 A  3.967e-02 0.289 1.460e+02 7.084e-05
    23 6.97e-06 3.5941e-04 3.3725e-04 A  3.966e-02 0.280 1.789e+02 3.181e-05
    24 2.32e-06 3.3725e-04 3.2114e-04 A  3.693e-02 0.277 1.966e+02 2.729e-05
    25 7.74e-07 3.2114e-04 3.0811e-04 A  2.093e-02 0.279 1.876e+02 2.224e-05
    26 2.58e-07 3.0811e-04 3.0666e-04 A  6.225e-03 0.281 1.773e+02 6.930e-06
    27 8.60e-08 3.0666e-04 3.0662e-04 A  1.668e-03 0.282 1.743e+02 6.245e-07
    28 2.87e-08 3.0662e-04 3.0662e-04 A  5.020e-04 0.282 1.736e+02 4.643e-08
    29 9.56e-09 3.0662e-04 3.0662e-04 A  1.482e-04 0.282 1.733e+02 4.923e-09
    30 3.19e-09 3.0662e-04 3.0662e-04 A  4.439e-05 0.282 1.733e+02 8.086e-10
    31 1.06e-09 3.0662e-04 3.0662e-04 A  1.323e-05 0.282 1.733e+02 2.060e-10
    32 3.54e-10 3.0662e-04 3.0662e-04 A  3.953e-06 0.282 1.733e+02 5.940e-11
    33 1.18e-10 3.0662e-04 3.0662e-04 A  1.180e-06 0.282 1.733e+02 1.760e-11
    34 3.93e-11 3.0662e-04 3.0662e-04 A  3.524e-07 0.282 1.732e+02 5.241e-12
    35 1.31e-11 3.0662e-04 3.0662e-04 A  1.052e-07 0.282 1.732e+02 1.564e-12
   slice t: obj / err
   -0.30:5.242e-02/7.18e-01  -0.15:4.766e-02/6.52e-01  +0.00:4.265e-02/5.84e-01  +0.15:3.730e-02/5.11e-01  +0.30:3.156e-02/4.33e-01  +0.45:2.533e-02/3.49e-01  +0.60:1.860e-02/2.57e-01  +0.75:1.154e-02/1.60e-01  +0.90:4.533e-03/6.29e-02  +1.05:2.189e-03/3.10e-02  +1.20:8.158e-03/1.13e-01  +1.35:1.322e-02/1.83e-01  +1.50:1.724e-02/2.38e-01

### k=32 src=14  ceiling 5.740e-03  ROM 2.097e-01  obj0 5.5363e-02 -> 2.2326e-03 (red 4.03e-02)  obj@ceil 5.3851e-05  iters 60 acc 38 reason 0  |z0-zceil| 1.369 |zfin-zceil| 9.537
   it   lam       ||r||       ||r_new||   acc  ||dz||    ||z||   cond(J)   ||g||
     0 1.00e-06 5.5363e-02 6.1986e+00 .  2.404e+01 0.224 5.129e+03 1.185e-02
     1 1.00e-05 5.5363e-02 1.2692e-01 .  1.285e+01 0.224 5.129e+03 1.185e-02
     2 1.00e-04 5.5363e-02 3.1301e-02 A  5.962e+00 0.224 5.129e+03 1.185e-02
     3 3.33e-05 3.1301e-02 8.1053e-02 .  1.204e+01 5.945 5.873e+03 4.256e-03
     4 3.33e-04 3.1301e-02 1.9598e-02 A  5.467e+00 5.945 5.873e+03 4.256e-03
     5 1.11e-04 1.9598e-02 1.0065e-02 A  3.972e+00 7.982 5.008e+03 1.318e-03
     6 3.70e-05 1.0065e-02 2.2176e-02 .  8.685e+00 9.127 6.478e+03 4.414e-04
     7 3.70e-04 1.0065e-02 1.8186e-02 .  4.039e+00 9.127 6.478e+03 4.414e-04
     8 3.70e-03 1.0065e-02 1.2287e-02 .  1.969e+00 9.127 6.478e+03 4.414e-04
     9 3.70e-02 1.0065e-02 7.3790e-03 A  9.826e-01 9.127 6.478e+03 4.414e-04
    10 1.23e-02 7.3790e-03 6.0456e-03 A  1.172e+00 8.842 4.241e+03 4.080e-04
    11 4.12e-03 6.0456e-03 5.2800e-03 A  1.101e+00 8.785 7.344e+03 1.665e-04
    12 1.37e-03 5.2800e-03 5.4695e-03 .  1.380e+00 8.772 9.608e+03 3.371e-05
    13 1.37e-02 5.2800e-03 4.9067e-03 A  4.782e-01 8.772 9.608e+03 3.371e-05
    14 4.57e-03 4.9067e-03 4.6310e-03 A  6.545e-01 8.736 7.231e+03 1.034e-04
    15 1.52e-03 4.6310e-03 4.3525e-03 A  9.886e-01 8.754 6.205e+03 4.056e-05
    16 5.08e-04 4.3525e-03 4.1509e-03 A  2.039e+00 8.642 6.055e+03 1.231e-04
    17 1.69e-04 4.1509e-03 8.3041e-03 .  3.522e+00 8.507 5.142e+03 9.925e-05
    18 1.69e-03 4.1509e-03 4.1532e-03 .  1.249e+00 8.507 5.142e+03 9.925e-05
    19 1.69e-02 4.1509e-03 3.9022e-03 A  4.334e-01 8.507 5.142e+03 9.925e-05
    20 5.65e-03 3.9022e-03 3.7549e-03 A  3.986e-01 8.416 4.595e+03 7.031e-05
    21 1.88e-03 3.7549e-03 3.6565e-03 A  5.827e-01 8.375 4.481e+03 1.668e-05
    22 6.27e-04 3.6565e-03 4.1188e-03 .  1.737e+00 8.356 3.867e+03 8.836e-05
    23 6.27e-03 3.6565e-03 3.5472e-03 A  3.109e-01 8.356 3.867e+03 8.836e-05
    24 2.09e-03 3.5472e-03 3.4716e-03 A  7.449e-01 8.343 3.775e+03 9.843e-06
    25 6.97e-04 3.4716e-03 3.5467e-03 .  1.881e+00 8.303 3.278e+03 1.524e-04
    26 6.97e-03 3.4716e-03 3.2065e-03 A  4.115e-01 8.303 3.278e+03 1.524e-04
    27 2.32e-03 3.2065e-03 3.0615e-03 A  8.331e-01 8.358 3.195e+03 8.117e-06
    28 7.74e-04 3.0615e-03 2.8981e-03 A  1.145e+00 8.434 3.401e+03 4.327e-05
    29 2.58e-04 2.8981e-03 3.2064e-03 .  1.815e+00 8.625 3.744e+03 5.994e-05
    30 2.58e-03 2.8981e-03 2.7883e-03 A  3.418e-01 8.625 3.744e+03 5.994e-05
    31 8.60e-04 2.7883e-03 2.7157e-03 A  6.791e-01 8.643 3.909e+03 8.333e-06
    32 2.87e-04 2.7157e-03 2.7668e-03 .  1.196e+00 8.828 3.790e+03 4.206e-06
    33 2.87e-03 2.7157e-03 2.6933e-03 A  2.430e-01 8.828 3.790e+03 4.206e-06
    34 9.56e-04 2.6933e-03 2.6591e-03 A  6.187e-01 8.831 3.803e+03 7.141e-06
    35 3.19e-04 2.6591e-03 2.7669e-03 .  1.220e+00 9.085 3.579e+03 9.047e-06
    36 3.19e-03 2.6591e-03 2.6466e-03 A  3.995e-01 9.085 3.579e+03 9.047e-06
    37 1.06e-03 2.6466e-03 2.6908e-03 .  1.001e+00 8.996 3.404e+03 1.737e-05
    38 1.06e-02 2.6466e-03 2.6149e-03 A  3.111e-01 8.996 3.404e+03 1.737e-05
    39 3.54e-03 2.6149e-03 2.5885e-03 A  2.893e-01 9.121 3.361e+03 3.898e-06
    40 1.18e-03 2.5885e-03 2.5613e-03 A  8.325e-01 9.140 3.401e+03 1.530e-05
    41 3.93e-04 2.5613e-03 2.9914e-03 .  1.664e+00 9.482 3.175e+03 5.644e-06
    42 3.93e-03 2.5613e-03 2.5605e-03 A  6.329e-01 9.482 3.175e+03 5.644e-06
    43 1.31e-03 2.5605e-03 2.6994e-03 .  1.280e+00 9.267 3.543e+03 3.413e-05
    44 1.31e-02 2.5605e-03 2.4930e-03 A  4.222e-01 9.267 3.543e+03 3.413e-05
    45 4.37e-03 2.4930e-03 2.4524e-03 A  3.504e-01 9.430 3.327e+03 2.063e-05
    46 1.46e-03 2.4524e-03 2.4787e-03 .  8.544e-01 9.372 3.517e+03 2.558e-05
    47 1.46e-02 2.4524e-03 2.4159e-03 A  2.584e-01 9.372 3.517e+03 2.558e-05
    48 4.86e-03 2.4159e-03 2.3794e-03 A  2.363e-01 9.473 3.370e+03 1.151e-05
    49 1.62e-03 2.3794e-03 2.3568e-03 A  6.078e-01 9.452 3.551e+03 1.022e-05
    50 5.40e-04 2.3568e-03 2.3846e-03 .  1.259e+00 9.663 3.339e+03 1.414e-05
    51 5.40e-03 2.3568e-03 2.3219e-03 A  3.745e-01 9.663 3.339e+03 1.414e-05
    52 1.80e-03 2.3219e-03 2.3447e-03 .  5.361e-01 9.524 3.598e+03 1.413e-05
    53 1.80e-02 2.3219e-03 2.2961e-03 A  1.865e-01 9.524 3.598e+03 1.413e-05
    54 6.00e-03 2.2961e-03 2.2815e-03 A  1.543e-01 9.594 3.471e+03 3.663e-06
    55 2.00e-03 2.2815e-03 2.2686e-03 A  3.080e-01 9.558 3.605e+03 4.803e-06
    56 6.66e-04 2.2686e-03 2.2644e-03 A  7.974e-01 9.673 3.474e+03 6.207e-06
    57 2.22e-04 2.2644e-03 2.6419e-03 .  1.728e+00 9.514 3.927e+03 7.252e-06
    58 2.22e-03 2.2644e-03 2.2668e-03 .  5.834e-01 9.514 3.927e+03 7.252e-06
    59 2.22e-02 2.2644e-03 2.2326e-03 A  1.636e-01 9.514 3.927e+03 7.252e-06
   slice t: obj / err
   -0.30:9.154e-02/6.73e+00  -0.15:7.202e-02/5.29e+00  +0.00:5.536e-02/4.07e+00  +0.15:4.141e-02/3.04e+00  +0.30:3.000e-02/2.21e+00  +0.45:2.083e-02/1.53e+00  +0.60:1.350e-02/9.97e-01  +0.75:7.545e-03/5.62e-01  +0.90:2.666e-03/2.02e-01  +1.05:1.159e-03/8.85e-02  +1.20:3.985e-03/3.04e-01  +1.35:6.209e-03/4.68e-01  +1.50:8.546e-03/6.36e-01

### k=32 src=0  ceiling 2.459e-03  ROM 2.799e-03  obj0 4.0118e-02 -> 8.0198e-05 (red 2.00e-03)  obj@ceil 1.0490e-04  iters 34 acc 24 reason 1  |z0-zceil| 0.769 |zfin-zceil| 0.476
   it   lam       ||r||       ||r_new||   acc  ||dz||    ||z||   cond(J)   ||g||
     0 1.00e-06 4.0118e-02 1.9961e+02 .  7.489e+01 0.224 5.129e+03 5.102e-03
     1 1.00e-05 4.0118e-02 6.0776e+01 .  5.039e+01 0.224 5.129e+03 5.102e-03
     2 1.00e-04 4.0118e-02 1.4604e+00 .  2.474e+01 0.224 5.129e+03 5.102e-03
     3 1.00e-03 4.0118e-02 5.0793e-02 .  8.143e+00 0.224 5.129e+03 5.102e-03
     4 1.00e-02 4.0118e-02 2.2969e-02 A  1.378e+00 0.224 5.129e+03 5.102e-03
     5 3.33e-03 2.2969e-02 1.0142e-02 A  1.590e+00 1.376 4.914e+03 1.715e-03
     6 1.11e-03 1.0142e-02 3.0408e-03 A  6.135e-01 1.572 6.130e+03 2.284e-03
     7 3.70e-04 3.0408e-03 7.1380e-04 A  3.837e-01 1.195 6.513e+03 4.562e-04
     8 1.23e-04 7.1380e-04 3.3320e-04 A  2.608e-01 0.956 5.467e+03 1.146e-04
     9 4.12e-05 3.3320e-04 1.7499e-04 A  2.142e-01 0.793 5.030e+03 4.010e-05
    10 1.37e-05 1.7499e-04 1.2214e-04 A  2.013e-01 0.678 5.245e+03 1.803e-05
    11 4.57e-06 1.2214e-04 1.0883e-04 A  2.012e-01 0.616 5.625e+03 1.284e-05
    12 1.52e-06 1.0883e-04 1.0088e-04 A  2.521e-01 0.601 5.879e+03 1.148e-05
    13 5.08e-07 1.0088e-04 1.2895e-04 .  2.427e-01 0.654 6.004e+03 8.423e-06
    14 5.08e-06 1.0088e-04 8.1616e-05 A  6.385e-02 0.654 6.004e+03 8.423e-06
    15 1.69e-06 8.1616e-05 8.2054e-05 .  9.901e-02 0.672 6.028e+03 7.840e-07
    16 1.69e-05 8.1616e-05 8.1215e-05 A  1.612e-02 0.672 6.028e+03 7.840e-07
    17 5.65e-06 8.1215e-05 8.0851e-05 A  3.762e-02 0.679 6.033e+03 5.273e-08
    18 1.88e-06 8.0851e-05 8.0792e-05 A  6.720e-02 0.696 6.037e+03 3.035e-07
    19 6.27e-07 8.0792e-05 8.0774e-05 A  6.537e-02 0.731 6.035e+03 1.320e-06
    20 2.09e-07 8.0774e-05 8.0198e-05 A  8.446e-03 0.769 6.032e+03 1.684e-06
    21 6.97e-08 8.0198e-05 8.0198e-05 A  3.262e-03 0.772 6.042e+03 2.797e-08
    22 2.32e-08 8.0198e-05 8.0198e-05 .  4.424e-03 0.773 6.040e+03 1.044e-09
    23 2.32e-07 8.0198e-05 8.0198e-05 A  3.125e-03 0.773 6.040e+03 1.044e-09
    24 7.74e-08 8.0198e-05 8.0198e-05 .  3.115e-03 0.772 6.041e+03 1.256e-09
    25 7.74e-07 8.0198e-05 8.0198e-05 A  1.452e-03 0.772 6.041e+03 1.256e-09
    26 2.58e-07 8.0198e-05 8.0198e-05 A  3.261e-04 0.772 6.041e+03 3.188e-10
    27 8.60e-08 8.0198e-05 8.0198e-05 .  3.552e-04 0.772 6.041e+03 2.558e-11
    28 8.60e-07 8.0198e-05 8.0198e-05 A  1.714e-04 0.772 6.041e+03 2.558e-11
    29 2.87e-07 8.0198e-05 8.0198e-05 A  3.245e-05 0.772 6.041e+03 5.877e-12
    30 9.56e-08 8.0198e-05 8.0198e-05 .  3.399e-05 0.772 6.041e+03 8.247e-13
    31 9.56e-07 8.0198e-05 8.0198e-05 A  1.606e-05 0.772 6.041e+03 8.247e-13
    32 3.19e-07 8.0198e-05 8.0198e-05 A  2.421e-06 0.772 6.041e+03 2.552e-13
    33 1.06e-07 8.0198e-05 8.0198e-05 A  2.130e-06 0.772 6.041e+03 4.823e-14
   slice t: obj / err
   -0.30:4.917e-02/6.73e-01  -0.15:4.485e-02/6.14e-01  +0.00:4.012e-02/5.49e-01  +0.15:3.488e-02/4.77e-01  +0.30:2.912e-02/3.99e-01  +0.45:2.290e-02/3.14e-01  +0.60:1.645e-02/2.26e-01  +0.75:1.003e-02/1.38e-01  +0.90:3.874e-03/5.35e-02  +1.05:1.855e-03/2.56e-02  +1.20:7.021e-03/9.66e-02  +1.35:1.161e-02/1.60e-01  +1.50:1.570e-02/2.16e-01
