jax_backend=gpu N=64 M=64 modes=64 tau=0.001 budget=60 TR=1.0
k= 4 R_train=0.753 ceiling mean 1.551e-02 med 1.370e-02
    base     err mean 1.720e-02 med 1.492e-02 | ratio mean  1.11 med  1.01 | blown  0/16 | red 1.39e-02 | it  19.4
    lam0_1   err mean 1.533e-02 med 1.333e-02 | ratio mean  0.99 med  1.00 | blown  0/16 | red 1.20e-02 | it  17.6
    tr       err mean 1.688e-02 med 1.435e-02 | ratio mean  1.09 med  1.01 | blown  0/16 | red 1.36e-02 | it  20.3
    nielsen  err mean 1.693e-02 med 1.492e-02 | ratio mean  1.09 med  1.01 | blown  0/16 | red 1.40e-02 | it  15.0
k= 6 R_train=0.717 ceiling mean 8.835e-03 med 8.090e-03
    base     err mean 6.728e-02 med 8.752e-03 | ratio mean  7.61 med  1.05 | blown  3/16 | red 2.46e-02 | it  31.6
    lam0_1   err mean 9.304e-03 med 8.553e-03 | ratio mean  1.05 med  1.03 | blown  0/16 | red 5.17e-03 | it  24.6
    tr       err mean 9.304e-03 med 8.553e-03 | ratio mean  1.05 med  1.03 | blown  0/16 | red 5.17e-03 | it  31.8
    nielsen  err mean 9.304e-03 med 8.553e-03 | ratio mean  1.05 med  1.03 | blown  0/16 | red 5.17e-03 | it  26.4
k= 8 R_train=0.820 ceiling mean 7.043e-03 med 5.996e-03
    base     err mean 7.759e-03 med 6.200e-03 | ratio mean  1.10 med  1.05 | blown  0/16 | red 4.76e-03 | it  38.4
    lam0_1   err mean 7.654e-03 med 6.200e-03 | ratio mean  1.09 med  1.03 | blown  0/16 | red 4.64e-03 | it  33.0
    tr       err mean 7.676e-03 med 6.200e-03 | ratio mean  1.09 med  1.05 | blown  0/16 | red 4.64e-03 | it  36.6
    nielsen  err mean 7.732e-03 med 6.200e-03 | ratio mean  1.10 med  1.05 | blown  0/16 | red 4.67e-03 | it  29.3
k=12 R_train=0.980 ceiling mean 6.236e-03 med 4.979e-03
    base     err mean 4.897e-02 med 6.326e-03 | ratio mean  7.85 med  1.10 | blown  3/16 | red 2.47e-02 | it  44.1
    lam0_1   err mean 7.341e-03 med 5.135e-03 | ratio mean  1.18 med  1.09 | blown  0/16 | red 3.52e-03 | it  34.7
    tr       err mean 7.341e-03 med 5.135e-03 | ratio mean  1.18 med  1.09 | blown  0/16 | red 3.52e-03 | it  40.9
    nielsen  err mean 1.294e-02 med 5.135e-03 | ratio mean  2.08 med  1.09 | blown  1/16 | red 8.48e-03 | it  36.4
k=16 R_train=0.933 ceiling mean 4.133e-03 med 3.990e-03
    base     err mean 5.198e-03 med 4.190e-03 | ratio mean  1.26 med  1.09 | blown  0/16 | red 2.46e-03 | it  35.5
    lam0_1   err mean 5.301e-03 med 4.190e-03 | ratio mean  1.28 med  1.09 | blown  0/16 | red 2.44e-03 | it  32.4
    tr       err mean 5.278e-03 med 4.190e-03 | ratio mean  1.28 med  1.09 | blown  0/16 | red 2.45e-03 | it  36.7
    nielsen  err mean 5.271e-03 med 4.190e-03 | ratio mean  1.28 med  1.09 | blown  0/16 | red 2.46e-03 | it  31.5
k=24 R_train=1.135 ceiling mean 3.976e-03 med 3.593e-03
    base     err mean 1.350e-02 med 4.079e-03 | ratio mean  3.40 med  1.25 | blown  1/16 | red 3.65e-03 | it  45.9
    lam0_1   err mean 5.515e-03 med 3.883e-03 | ratio mean  1.39 med  1.23 | blown  0/16 | red 2.04e-03 | it  39.6
    tr       err mean 5.749e-03 med 3.883e-03 | ratio mean  1.45 med  1.23 | blown  0/16 | red 2.03e-03 | it  42.7
    nielsen  err mean 5.861e-03 med 3.883e-03 | ratio mean  1.47 med  1.23 | blown  0/16 | red 2.05e-03 | it  37.6
k=32 R_train=1.293 ceiling mean 3.280e-03 med 3.039e-03
    base     err mean 5.079e-02 med 5.751e-03 | ratio mean 15.49 med  1.79 | blown  4/16 | red 2.27e-02 | it  57.1
    lam0_1   err mean 4.873e-03 med 3.319e-03 | ratio mean  1.49 med  1.28 | blown  0/16 | red 1.51e-03 | it  42.9
    tr       err mean 4.935e-03 med 3.319e-03 | ratio mean  1.50 med  1.28 | blown  0/16 | red 1.51e-03 | it  45.8
    nielsen  err mean 1.008e-02 med 3.605e-03 | ratio mean  3.07 med  1.34 | blown  1/16 | red 7.30e-03 | it  39.6
