host=pax051  gpu=NVIDIA A100-PCIE-40GB
commit=ac5caa74a3d03d4535923770cb2890c945f9286b  dirty=ee67bad42a75  cell=wsp_n32
jax_backend=gpu cuda:0
jax_backend=gpu device=cuda:0 commit=72b44d4 NS=[32] rom_taus=[0.5, 0.1, 0.01, 0.001, 0.0] fom_taus=[1e-06, 1e-08, 1e-10] M=64 m=256 pool=offgrid reps=7 warm=2
== N=32: reference CG 121 iters, true rel res 8.36e-13; counting-CG vs jax.scipy.cg max rel diff 0.00e+00 over 16 checks
  NNLS-EQ offgrid M=64 m=256 @N=32: support 256 (+0) rel fit 2.60e-03 (row p95 4.4e-01, max 1.8e+03) [24s]
   DIRECT (sine-diagonalised exact inverse): 0.08 ms, err 5.97e-14, rel resid 1.99e-14
   FOM baseline tau=1e-06: 77.9 iters, 3.33 ms (jax.scipy CG 2.52 ms), err 1.42e-07
   FOM baseline tau=1e-08: 92.4 iters, 3.20 ms (jax.scipy CG 2.91 ms), err 1.18e-09
   FOM baseline tau=1e-10: 105.4 iters, 3.66 ms (jax.scipy CG 3.31 ms), err 8.57e-12
   ROM tau=0.5: 2.6 LM iters, 2.20 ms, obj red 3.47e-01, field err 4.572e-01, rel resid 1.71e+00, A-norm err ratio 8.26e-01, worth 12.2 CG iters, reasons {'rom_tau': 16}
     tau_FOM=1e-06: CG 81.9 vs 77.9 iters  total 5.41 ms vs FOM 3.33 ms  (0.61x)  err_final 1.44e-07
     tau_FOM=1e-08: CG 96.2 vs 92.4 iters  total 5.83 ms vs FOM 3.20 ms  (0.55x)  err_final 1.07e-09
     tau_FOM=1e-10: CG 109.1 vs 105.4 iters  total 6.25 ms vs FOM 3.66 ms  (0.59x)  err_final 9.18e-12
   ROM tau=0.1: 4.9 LM iters, 2.02 ms, obj red 5.29e-02, field err 9.859e-02, rel resid 6.73e-01, A-norm err ratio 2.72e-01, worth 25.5 CG iters, reasons {'rom_tau': 16}
     tau_FOM=1e-06: CG 78.0 vs 77.9 iters  total 5.09 ms vs FOM 3.33 ms  (0.65x)  err_final 1.18e-07
     tau_FOM=1e-08: CG 92.5 vs 92.4 iters  total 5.55 ms vs FOM 3.20 ms  (0.58x)  err_final 1.17e-09
     tau_FOM=1e-10: CG 106.4 vs 105.4 iters  total 5.97 ms vs FOM 3.66 ms  (0.61x)  err_final 1.00e-11
   ROM tau=0.01: 11.2 LM iters, 2.93 ms, obj red 7.88e-03, field err 1.415e-02, rel resid 1.81e-01, A-norm err ratio 6.07e-02, worth 35.0 CG iters, reasons {'converged': 2, 'rom_tau': 14}
     tau_FOM=1e-06: CG 71.9 vs 77.9 iters  total 5.81 ms vs FOM 3.33 ms  (0.57x)  err_final 2.10e-07
     tau_FOM=1e-08: CG 87.8 vs 92.4 iters  total 6.30 ms vs FOM 3.20 ms  (0.51x)  err_final 1.47e-09
     tau_FOM=1e-10: CG 102.1 vs 105.4 iters  total 6.72 ms vs FOM 3.66 ms  (0.54x)  err_final 1.20e-11
   ROM tau=0.001: 27.8 LM iters, 8.17 ms, obj red 5.20e-03, field err 1.084e-02, rel resid 1.68e-01, A-norm err ratio 5.31e-02, worth 35.8 CG iters, reasons {'converged': 16}
     tau_FOM=1e-06: CG 70.6 vs 77.9 iters  total 10.97 ms vs FOM 3.33 ms  (0.30x)  err_final 2.06e-07
     tau_FOM=1e-08: CG 86.7 vs 92.4 iters  total 11.51 ms vs FOM 3.20 ms  (0.28x)  err_final 1.41e-09
     tau_FOM=1e-10: CG 101.6 vs 105.4 iters  total 11.97 ms vs FOM 3.66 ms  (0.31x)  err_final 1.11e-11
   ROM tau=0: 27.8 LM iters, 8.21 ms, obj red 5.20e-03, field err 1.084e-02, rel resid 1.68e-01, A-norm err ratio 5.31e-02, worth 35.8 CG iters, reasons {'converged': 16}
     tau_FOM=1e-06: CG 70.6 vs 77.9 iters  total 10.96 ms vs FOM 3.33 ms  (0.30x)  err_final 2.06e-07
     tau_FOM=1e-08: CG 86.7 vs 92.4 iters  total 11.49 ms vs FOM 3.20 ms  (0.28x)  err_final 1.41e-09
     tau_FOM=1e-10: CG 101.6 vs 105.4 iters  total 11.95 ms vs FOM 3.66 ms  (0.31x)  err_final 1.11e-11
== N=32 done [51s]
DONE
ALL-DONE
