host=pax007 gpu=NVIDIA A100 80GB PCIe
jax_backend=gpu
stage MANIFEST OK
jax_backend=gpu device=cuda:0 B1D-SCALE N=256 K=8 R=32 M=32
  GATE J (tridiag Jacobian == jacfwd): 6.48e-17
  data[train] N=256 m=512: max FOM rel residual 1.53e-13
  data[test] N=256 m=8: max FOM rel residual 1.27e-13
  GATE T2 (tri vs dense truth rollouts, 4 traj x 50 steps): 6.15e-16
   train[N256] step      1/40000  rel-MSE 1.110e+00  [7s]
   train[N256] step   5000/40000  rel-MSE 2.371e-04  [9s]
   train[N256] step  10000/40000  rel-MSE 8.311e-05  [11s]
   train[N256] step  15000/40000  rel-MSE 5.895e-05  [14s]
   train[N256] step  20000/40000  rel-MSE 5.224e-05  [16s]
   train[N256] step  25000/40000  rel-MSE 2.739e-05  [19s]
   train[N256] step  30000/40000  rel-MSE 2.237e-05  [21s]
   train[N256] step  35000/40000  rel-MSE 1.942e-05  [24s]
   train[N256] step  40000/40000  rel-MSE 1.790e-05  [26s]
   train[N256] done: recon rel-L2 mean 3.551e-03 max 4.010e-02 [28s]
  GATE E (sine modes are exact eigenvectors): 1.62e-13
  GATE F (weak ops == Phi^T FOM residual): 1.36e-15
  held-out reconstruction (frozen decoder): 3.730e-03
  NNLS-EQ b1d-scale N=256 M=32 m=32 adv-only: support 32 (+0 pad), rel fit 5.54e-02 (row p95 5.4e+01, max 9.1e+04) [0s]
  NNLS-EQ b1d-scale N=256 M=32 m=16 adv-only: support 16 (+0 pad), rel fit 2.75e-01 (row p95 2.5e+02, max 2.2e+06) [0s]
  NNLS-EQ b1d-scale N=256 M=32 m=128 adv-only: support 126 (+2 pad), rel fit 1.63e-06 (row p95 3.1e-03, max 2.4e+01) [2s]
  GATE C (continuous machinery at grid init): 3.65e-14
  GATE D (FD vs autodiff, kink-free window): rel=5.65e-08
  [tight] step     0  loss 2.0000e+00  held samp 1.273e-03  [1s]
  [tight] step   200  loss 1.3449e+00  held samp 1.143e-03  [2s]
  [tight] step   400  loss 1.3413e+00  held samp 1.116e-03  [2s]
  [tight] step   600  loss 6.1614e-01  held samp 6.274e-04  [4s]
  [tight] step   800  loss 6.1532e-01  held samp 6.207e-04  [5s]
  [tight] step  1000  loss 4.8903e-01  held samp 5.635e-04  [5s]
  [tight] step  1200  loss 4.2396e-01  held samp 4.851e-04  [6s]
  [tight] step  1400  loss 4.2423e-01  held samp 4.852e-04  [6s]
  [tight] step  1600  loss 3.5743e-01  held samp 4.274e-04  [6s]
  [tight] step  1800  loss 3.5742e-01  held samp 4.272e-04  [7s]
  [tight] step  2000  loss 3.3706e-01  held samp 4.237e-04  [7s]
  [tight] node train DONE: best 3.3706e-01 at step 2000 [7s]
  [half] step     0  loss 2.0000e+00  held samp 5.324e-02  [3s]
  [half] step   200  loss 1.5240e+00  held samp 4.491e-02  [4s]
  [half] step   400  loss 1.5231e+00  held samp 4.444e-02  [4s]
  [half] step   600  loss 1.0887e+00  held samp 3.370e-02  [5s]
  [half] step   800  loss 1.0887e+00  held samp 3.369e-02  [6s]
  [half] step  1000  loss 1.0689e+00  held samp 3.332e-02  [6s]
  [half] step  1200  loss 1.0571e+00  held samp 3.349e-02  [6s]
  [half] step  1400  loss 1.0571e+00  held samp 3.349e-02  [7s]
  [half] step  1600  loss 1.0362e+00  held samp 3.315e-02  [7s]
  [half] step  1800  loss 1.0362e+00  held samp 3.315e-02  [8s]
  [half] step  2000  loss 1.0234e+00  held samp 3.284e-02  [8s]
  [half] node train DONE: best 1.0234e+00 at step 2000 [8s]
  GATE G (Gram-space IC fit == banked fit): gram 3.298960e-03 banked 3.298960e-03 rel diff 1.81e-14
  [oracle] traj 0: err 4.561e-03  ic 26.93 ms  roll 57.94 ms  dec 0.74 ms
  [oracle] traj 1: err 6.560e-03  ic 8.98 ms  roll 56.78 ms  dec 0.73 ms
  [oracle] traj 2: err 2.728e-03  ic 26.86 ms  roll 34.79 ms  dec 0.70 ms
  [oracle] traj 3: err 7.180e-03  ic 25.29 ms  roll 30.20 ms  dec 0.68 ms
  [oracle] traj 4: err 1.204e-02  ic 12.92 ms  roll 56.68 ms  dec 0.73 ms
  [oracle] traj 5: err 5.948e-03  ic 17.78 ms  roll 43.54 ms  dec 0.71 ms
  [oracle] traj 6: err 3.657e-03  ic 22.21 ms  roll 28.09 ms  dec 0.62 ms
  [oracle] traj 7: err 6.638e-03  ic 12.60 ms  roll 51.17 ms  dec 0.73 ms
  [oracle] SUMMARY m=254: held b 0.000e+00  rollout 6.165e-03  e2e 63.41 ms (ic 20.00 + roll 47.55 + dec 0.71)
  [base_tight] traj 0: err 4.509e-03  ic 26.71 ms  roll 61.60 ms  dec 0.66 ms
  [base_tight] traj 1: err 6.361e-03  ic 8.95 ms  roll 52.96 ms  dec 0.66 ms
  [base_tight] traj 2: err 2.884e-03  ic 26.56 ms  roll 24.94 ms  dec 0.64 ms
  [base_tight] traj 3: err 7.614e-03  ic 25.13 ms  roll 28.45 ms  dec 0.68 ms
  [base_tight] traj 4: err 1.213e-02  ic 12.79 ms  roll 53.95 ms  dec 0.52 ms
  [base_tight] traj 5: err 5.906e-03  ic 17.50 ms  roll 42.65 ms  dec 0.64 ms
  [base_tight] traj 6: err 3.836e-03  ic 21.90 ms  roll 27.15 ms  dec 0.53 ms
  [base_tight] traj 7: err 6.653e-03  ic 12.39 ms  roll 48.88 ms  dec 0.59 ms
  [base_tight] SUMMARY m=32: held b 6.302e-02  rollout 6.236e-03  e2e 61.34 ms (ic 19.78 + roll 45.87 + dec 0.64)
  [nodes_tight] traj 0: err 4.579e-03  ic 26.52 ms  roll 54.25 ms  dec 0.64 ms
  [nodes_tight] traj 1: err 6.496e-03  ic 8.94 ms  roll 50.40 ms  dec 0.69 ms
  [nodes_tight] traj 2: err 2.762e-03  ic 26.67 ms  roll 35.18 ms  dec 0.63 ms
  [nodes_tight] traj 3: err 7.348e-03  ic 25.14 ms  roll 28.69 ms  dec 0.69 ms
  [nodes_tight] traj 4: err 1.207e-02  ic 12.86 ms  roll 55.21 ms  dec 0.70 ms
  [nodes_tight] traj 5: err 5.940e-03  ic 17.64 ms  roll 42.56 ms  dec 0.69 ms
  [nodes_tight] traj 6: err 3.714e-03  ic 22.11 ms  roll 27.28 ms  dec 0.68 ms
  [nodes_tight] traj 7: err 6.666e-03  ic 12.56 ms  roll 48.78 ms  dec 0.70 ms
  [nodes_tight] SUMMARY m=32: held b 4.258e-02  rollout 6.197e-03  e2e 61.50 ms (ic 19.86 + roll 45.71 + dec 0.69)
  [base_half] traj 0: err 1.019e-02  ic 26.72 ms  roll 60.32 ms  dec 0.70 ms
  [base_half] traj 1: err 1.445e-02  ic 9.00 ms  roll 45.09 ms  dec 0.71 ms
  [base_half] traj 2: err 6.824e-02  ic 26.76 ms  roll 31.67 ms  dec 0.64 ms
  [base_half] traj 3: err 2.060e-02  ic 25.14 ms  roll 23.38 ms  dec 0.58 ms
  [base_half] traj 4: err 2.969e-02  ic 12.90 ms  roll 36.56 ms  dec 0.64 ms
  [base_half] traj 5: err 2.165e-02  ic 17.49 ms  roll 44.47 ms  dec 0.63 ms
  [base_half] traj 6: err 1.636e-02  ic 22.16 ms  roll 44.74 ms  dec 0.70 ms
  [base_half] traj 7: err 2.350e-02  ic 12.58 ms  roll 50.07 ms  dec 0.74 ms
  [base_half] SUMMARY m=16: held b 5.254e-01  rollout 2.559e-02  e2e 60.65 ms (ic 19.82 + roll 44.64 + dec 0.69)
  [nodes_half] traj 0: err 4.633e-03  ic 26.78 ms  roll 55.83 ms  dec 0.71 ms
  [nodes_half] traj 1: err 6.547e-03  ic 8.95 ms  roll 48.47 ms  dec 0.71 ms
  [nodes_half] traj 2: err 3.393e-02  ic 26.63 ms  roll 27.07 ms  dec 0.63 ms
  [nodes_half] traj 3: err 9.207e-03  ic 25.18 ms  roll 25.17 ms  dec 0.63 ms
  [nodes_half] traj 4: err 1.053e-02  ic 12.91 ms  roll 49.01 ms  dec 0.64 ms
  [nodes_half] traj 5: err 8.446e-03  ic 17.50 ms  roll 42.87 ms  dec 0.64 ms
  [nodes_half] traj 6: err 4.204e-03  ic 22.26 ms  roll 23.72 ms  dec 0.70 ms
  [nodes_half] traj 7: err 8.338e-03  ic 12.46 ms  roll 40.33 ms  dec 0.53 ms
  [nodes_half] SUMMARY m=16: held b 3.950e-01  rollout 1.073e-02  e2e 56.12 ms (ic 19.78 + roll 41.60 + dec 0.64)
  [base_gen] traj 0: err 4.561e-03  ic 26.74 ms  roll 56.91 ms  dec 0.68 ms
  [base_gen] traj 1: err 6.560e-03  ic 9.01 ms  roll 55.99 ms  dec 0.71 ms
  [base_gen] traj 2: err 2.728e-03  ic 26.66 ms  roll 34.11 ms  dec 0.70 ms
  [base_gen] traj 3: err 7.181e-03  ic 25.29 ms  roll 29.71 ms  dec 0.74 ms
  [base_gen] traj 4: err 1.204e-02  ic 13.00 ms  roll 55.81 ms  dec 0.74 ms
  [base_gen] traj 5: err 5.948e-03  ic 17.73 ms  roll 42.99 ms  dec 0.71 ms
  [base_gen] traj 6: err 3.657e-03  ic 22.22 ms  roll 27.64 ms  dec 0.72 ms
  [base_gen] traj 7: err 6.638e-03  ic 12.68 ms  roll 50.61 ms  dec 0.70 ms
  [base_gen] SUMMARY m=128: held b 3.682e-06  rollout 6.165e-03  e2e 62.74 ms (ic 19.96 + roll 46.89 + dec 0.71)
  GATE V (device rollout vs host-loop rollout, traj 0): host 4.508888e-03 device 4.508888e-03 rel diff 1.89e-13
  [FOM ntol=1e-03] 7.81 ms/traj  err 1.396e-04  newton/rollout 50.0
  [FOM ntol=1e-08] 13.91 ms/traj  err 5.525e-10  newton/rollout 100.0
DONE -> /cluster/tufts/paralab/tawal01/b1dqf/b1ds_n256/out/sep_b1d_scale_n256.json sha256=65b3d057a6e3539a0a47d8c24c161e4d4fb7b72d386a6db4ead96c66a3a9d062 [116s]
ALL-DONE
