jax_backend=gpu
{'jax_backend': 'gpu', 'x64': True}
{'jax_backend': 'gpu', 'x64': True}
{"jax_backend": "gpu", "jax_version": "0.10.2", "x64": true, "matmul_precision": "highest", "devices": ["cuda:0"], "device_kind": ["NVIDIA A100 80GB PCIe"], "host": "pax007", "source_commit": "160b338a7d61a5111e46bff0b168610ae4a77282", "job_id": "3564476", "numpy_version": "2.5.0"}
training_coefficients dirichlet 0
training_coefficients dirichlet 1
training_coefficients dirichlet 2
training_coefficients dirichlet 3
training_coefficients dirichlet 4
training_coefficients dirichlet 5
training_coefficients dirichlet 6
training_coefficients dirichlet 7
training_coefficients dirichlet 8
training_coefficients dirichlet 9
training_coefficients dirichlet 10
training_coefficients dirichlet 11
training_coefficients dirichlet 12
training_coefficients dirichlet 13
training_coefficients dirichlet 14
training_coefficients dirichlet 15
training_coefficients dirichlet 16
training_coefficients dirichlet 17
training_coefficients dirichlet 18
training_coefficients dirichlet 19
training_coefficients dirichlet 20
training_coefficients dirichlet 21
training_coefficients dirichlet 22
training_coefficients dirichlet 23
training_coefficients dirichlet 24
training_coefficients dirichlet 25
training_coefficients dirichlet 26
training_coefficients dirichlet 27
training_coefficients dirichlet 28
training_coefficients dirichlet 29
training_coefficients dirichlet 30
training_coefficients dirichlet 31
training_coefficients dirichlet 32
training_coefficients dirichlet 33
training_coefficients dirichlet 34
training_coefficients dirichlet 35
training_coefficients dirichlet 36
training_coefficients dirichlet 37
training_coefficients dirichlet 38
training_coefficients dirichlet 39
training_coefficients dirichlet 40
training_coefficients dirichlet 41
training_coefficients dirichlet 42
training_coefficients dirichlet 43
training_coefficients dirichlet 44
training_coefficients dirichlet 45
training_coefficients dirichlet 46
training_coefficients dirichlet 47
training_coefficients dirichlet 48
training_coefficients dirichlet 49
training_coefficients dirichlet 50
training_coefficients dirichlet 51
training_coefficients dirichlet 52
training_coefficients dirichlet 53
training_coefficients dirichlet 54
training_coefficients dirichlet 55
training_coefficients dirichlet 56
training_coefficients dirichlet 57
training_coefficients dirichlet 58
training_coefficients dirichlet 59
training_coefficients dirichlet 60
training_coefficients dirichlet 61
training_coefficients dirichlet 62
training_coefficients dirichlet 63
head_accuracy_training trained_phase40 0 {'step': 0, 'objective': 0.0005831939267090059, 'field': 2.901490919064983e-05, 'energy': 0.00027265226455568933, 'tangent': 0.00028152675296266676}
head_accuracy_training trained_phase40 200 {'step': 200, 'objective': 0.0428428945859802, 'field': 0.002349162760648022, 'energy': 0.029623066687690023, 'tangent': 0.010870665137642153}
head_accuracy_training trained_phase40 400 {'step': 400, 'objective': 0.09464891921739924, 'field': 0.005547067178060985, 'energy': 0.06857217918524258, 'tangent': 0.02052967285409566}
head_accuracy_training trained_phase40 600 {'step': 600, 'objective': 0.03868981402254308, 'field': 0.002289620250821949, 'energy': 0.0288604432569924, 'tangent': 0.007539750514728733}
head_accuracy_training trained_phase40 800 {'step': 800, 'objective': 0.2141564507288597, 'field': 0.011785048846386328, 'energy': 0.1564962337776133, 'tangent': 0.04587516810486007}
head_accuracy_training trained_phase40 1000 {'step': 1000, 'objective': 0.062347309382893734, 'field': 0.0035452757623606495, 'energy': 0.04825250185193439, 'tangent': 0.010549531768598694}
head_accuracy_training trained_phase40 1200 {'step': 1200, 'objective': 0.04055271443633822, 'field': 0.0023939686502323235, 'energy': 0.030180256667723258, 'tangent': 0.007978489118382642}
head_accuracy_training trained_phase40 1400 {'step': 1400, 'objective': 0.020930860117026245, 'field': 0.001349874201876575, 'energy': 0.014985306831331214, 'tangent': 0.004595679083818456}
head_accuracy_training trained_phase40 1600 {'step': 1600, 'objective': 0.04047043561205578, 'field': 0.002295740530821977, 'energy': 0.030655854338573353, 'tangent': 0.00751884074266045}
head_accuracy_training trained_phase40 1800 {'step': 1800, 'objective': 0.05453674674720988, 'field': 0.0032245670422371025, 'energy': 0.03902193515318464, 'tangent': 0.012290244551788142}
head_accuracy_training trained_phase40 2000 {'step': 2000, 'objective': 0.045238594453302375, 'field': 0.0025449874883154908, 'energy': 0.03215346460967956, 'tangent': 0.01054014235530732}
head_accuracy_training trained_phase40 2200 {'step': 2200, 'objective': 0.06406633919833164, 'field': 0.0037759220320391987, 'energy': 0.048544467254881235, 'tangent': 0.011745949911411212}
head_accuracy_training trained_phase40 2400 {'step': 2400, 'objective': 0.007923212566524954, 'field': 0.0004999871220521994, 'energy': 0.0055563567368236266, 'tangent': 0.0018668687076491292}
head_accuracy_training trained_phase40 2600 {'step': 2600, 'objective': 0.018842463771753144, 'field': 0.0011364823076461463, 'energy': 0.014153829981282774, 'tangent': 0.0035521514828242237}
head_accuracy_training trained_phase40 2800 {'step': 2800, 'objective': 0.02781879719754486, 'field': 0.0017392776338951, 'energy': 0.0187997943773966, 'tangent': 0.007279725186253158}
head_accuracy_training trained_phase40 3000 {'step': 3000, 'objective': 0.02986346913804193, 'field': 0.0013996507267618182, 'energy': 0.0189287605128146, 'tangent': 0.00953505789846551}
head_accuracy_training trained_phase40 3200 {'step': 3200, 'objective': 0.01807006378445687, 'field': 0.0009521275495815958, 'energy': 0.011543569511977722, 'tangent': 0.00557436672289755}
head_accuracy_training trained_phase40 3400 {'step': 3400, 'objective': 0.007236053569597034, 'field': 0.00041846798026369417, 'energy': 0.005048535979539033, 'tangent': 0.0017690496097943062}
head_accuracy_training trained_phase40 3600 {'step': 3600, 'objective': 0.006990749942935489, 'field': 0.00038342889808344176, 'energy': 0.004446306720299253, 'tangent': 0.002161014324552794}
head_accuracy_training trained_phase40 3800 {'step': 3800, 'objective': 0.01192778516885702, 'field': 0.0006188153144880648, 'energy': 0.008019924847908078, 'tangent': 0.003289045006460877}
head_accuracy_training trained_phase40 4000 {'step': 4000, 'objective': 0.06543484931033489, 'field': 0.003793182512372538, 'energy': 0.04882621683149507, 'tangent': 0.012815449966467272}
head_accuracy_training trained_phase40 4200 {'step': 4200, 'objective': 0.0051856502941212915, 'field': 0.00031630388436695546, 'energy': 0.003456634238759357, 'tangent': 0.0014127121709949792}
head_accuracy_training trained_phase40 4400 {'step': 4400, 'objective': 0.003293807038371029, 'field': 0.0002123732429206811, 'energy': 0.002037793049975408, 'tangent': 0.0010436407454749402}
head_accuracy_training trained_phase40 4600 {'step': 4600, 'objective': 0.0031909765188295326, 'field': 0.00018774691943243923, 'energy': 0.001910962376492875, 'tangent': 0.0010922672229042184}
head_accuracy_training trained_phase40 4800 {'step': 4800, 'objective': 0.011262871713175193, 'field': 0.0007010402358140842, 'energy': 0.007836915887223721, 'tangent': 0.0027249155901373865}
head_accuracy_training trained_phase40 5000 {'step': 5000, 'objective': 0.004895065998838995, 'field': 0.000264776046681965, 'energy': 0.0031458861145888892, 'tangent': 0.001484403837568141}
head_accuracy_training trained_phase40 5200 {'step': 5200, 'objective': 0.005378215335236165, 'field': 0.0003268130510247723, 'energy': 0.003584355935529122, 'tangent': 0.0014670463486822704}
head_accuracy_training trained_phase40 5400 {'step': 5400, 'objective': 0.010998759078205095, 'field': 0.0006218490994141183, 'energy': 0.0072880866576669435, 'tangent': 0.0030888233211240337}
head_accuracy_training trained_phase40 5600 {'step': 5600, 'objective': 0.034720574847698395, 'field': 0.002110854383817133, 'energy': 0.027723215511649472, 'tangent': 0.00488650495223179}
head_accuracy_training trained_phase40 5800 {'step': 5800, 'objective': 0.006065211444626288, 'field': 0.00032801985106871917, 'energy': 0.004394189103567923, 'tangent': 0.0013430024899896461}
head_accuracy_training trained_phase40 6000 {'step': 6000, 'objective': 0.0033936951369661467, 'field': 0.00019712194740427615, 'energy': 0.0023525191693237854, 'tangent': 0.0008440540202380852}
head_accuracy_training trained_phase40 6200 {'step': 6200, 'objective': 0.002807128513336148, 'field': 0.00018397632869021104, 'energy': 0.0019659057705129954, 'tangent': 0.0006572464141329417}
head_accuracy_training trained_phase40 6400 {'step': 6400, 'objective': 0.0022171064060637867, 'field': 0.00013484558718516657, 'energy': 0.0014242796754750447, 'tangent': 0.0006579811434035753}
head_accuracy_training trained_phase40 6600 {'step': 6600, 'objective': 0.001449703738150925, 'field': 8.564127489059946e-05, 'energy': 0.0008977937791474174, 'tangent': 0.000466268684112908}
head_accuracy_training trained_phase40 6800 {'step': 6800, 'objective': 0.0016346464046821949, 'field': 9.708332549953506e-05, 'energy': 0.0010427926366651996, 'tangent': 0.0004947704425174602}
head_accuracy_training trained_phase40 7000 {'step': 7000, 'objective': 0.0021782352654230435, 'field': 0.00013134189314129976, 'energy': 0.0014713366110290674, 'tangent': 0.0005755567612526764}
head_accuracy_training trained_phase40 7200 {'step': 7200, 'objective': 0.0012838785246824388, 'field': 7.62018212177819e-05, 'energy': 0.0008518990681221326, 'tangent': 0.0003557776353425243}
head_accuracy_training trained_phase40 7400 {'step': 7400, 'objective': 0.0011898598570815847, 'field': 7.177961600874994e-05, 'energy': 0.0007417158163493437, 'tangent': 0.00037636442472349104}
head_accuracy_training trained_phase40 7600 {'step': 7600, 'objective': 0.0009829002707139754, 'field': 5.8400830923037295e-05, 'energy': 0.0006117135317508457, 'tangent': 0.0003127859080400924}
head_accuracy_training trained_phase40 7800 {'step': 7800, 'objective': 0.0008245555933691887, 'field': 5.06507307082652e-05, 'energy': 0.000508333673182841, 'tangent': 0.00026557118947808246}
head_accuracy_training trained_phase40 8000 {'step': 8000, 'objective': 0.0008177061712570957, 'field': 4.979739797997543e-05, 'energy': 0.0005011951268705682, 'tangent': 0.0002667136464065521}
head_accuracy_training trained_phase40 8200 {'step': 8200, 'objective': 0.0008265318751313811, 'field': 5.245771678031375e-05, 'energy': 0.000510472371631957, 'tangent': 0.00026360178671911035}
head_accuracy_training trained_phase40 8400 {'step': 8400, 'objective': 0.0008260478755710424, 'field': 5.173708269829573e-05, 'energy': 0.0005151702013347983, 'tangent': 0.00025914059153794833}
head_accuracy_training trained_phase40 8600 {'step': 8600, 'objective': 0.0008682299943044633, 'field': 5.209942464925564e-05, 'energy': 0.0005326218086484191, 'tangent': 0.00028350876100678853}
head_accuracy_training trained_phase40 8800 {'step': 8800, 'objective': 0.0007229036069622761, 'field': 4.547655723519166e-05, 'energy': 0.0004608202856098148, 'tangent': 0.00021660676411726967}
head_accuracy_training trained_phase40 9000 {'step': 9000, 'objective': 0.000744209459998821, 'field': 4.422034551845001e-05, 'energy': 0.0004379532308294488, 'tangent': 0.00026203588365092216}
head_accuracy_training trained_phase40 9200 {'step': 9200, 'objective': 0.0007041954939421088, 'field': 4.1460348893782184e-05, 'energy': 0.000416998209087488, 'tangent': 0.0002457369359608386}
head_accuracy_training trained_phase40 9400 {'step': 9400, 'objective': 0.0007203044829520923, 'field': 4.393511666665693e-05, 'energy': 0.0004605741969708384, 'tangent': 0.00021579516931459692}
head_accuracy_training trained_phase40 9600 {'step': 9600, 'objective': 0.0007373593900581524, 'field': 4.532390384873388e-05, 'energy': 0.00043546045394593144, 'tangent': 0.000256575032263487}
head_accuracy_training trained_phase40 9800 {'step': 9800, 'objective': 0.0007803403459925632, 'field': 4.892373270507078e-05, 'energy': 0.0005034725976288627, 'tangent': 0.00022794401565862972}
head_accuracy_training trained_phase40 9999 {'step': 9999, 'objective': 0.0007053928533491849, 'field': 4.1502889800316656e-05, 'energy': 0.00040704871229311975, 'tangent': 0.00025684125125574847}
warmup 64 opened_0 baseline 0.0025
warmup 64 opened_0 chol_guard 0.01
warmup 64 opened_0 trained_phase 0.01
warmup 64 opened_0 trained_phase40 0.01
warmup 64 opened_0 cg_1e-06 1e-06
warmup 64 opened_0 cg_0.01 0.01
warmup 64 opened_0 cgdt_0.005_tol_1e-06 1e-06
warmup 64 opened_0 cgdt_0.005_tol_0.01 0.01
warmup 64 opened_0 cgdt_0.01_tol_1e-06 1e-06
warmup 64 opened_0 dst 0.0
timed 64 opened_0 0 baseline 0.0025
timed 64 opened_0 0 chol_guard 0.01
timed 64 opened_0 0 trained_phase 0.01
timed 64 opened_0 0 trained_phase40 0.01
timed 64 opened_0 0 cg_1e-06 1e-06
timed 64 opened_0 0 cg_0.01 0.01
timed 64 opened_0 0 cgdt_0.005_tol_1e-06 1e-06
timed 64 opened_0 0 cgdt_0.005_tol_0.01 0.01
timed 64 opened_0 0 cgdt_0.01_tol_1e-06 1e-06
timed 64 opened_0 0 dst 0.0
timed 64 opened_0 1 dst 0.0
timed 64 opened_0 1 cgdt_0.01_tol_1e-06 1e-06
timed 64 opened_0 1 cgdt_0.005_tol_0.01 0.01
timed 64 opened_0 1 cgdt_0.005_tol_1e-06 1e-06
timed 64 opened_0 1 cg_0.01 0.01
timed 64 opened_0 1 cg_1e-06 1e-06
timed 64 opened_0 1 trained_phase40 0.01
timed 64 opened_0 1 trained_phase 0.01
timed 64 opened_0 1 chol_guard 0.01
timed 64 opened_0 1 baseline 0.0025
timed 64 opened_0 2 baseline 0.0025
timed 64 opened_0 2 chol_guard 0.01
timed 64 opened_0 2 trained_phase 0.01
timed 64 opened_0 2 trained_phase40 0.01
timed 64 opened_0 2 cg_1e-06 1e-06
timed 64 opened_0 2 cg_0.01 0.01
timed 64 opened_0 2 cgdt_0.005_tol_1e-06 1e-06
timed 64 opened_0 2 cgdt_0.005_tol_0.01 0.01
timed 64 opened_0 2 cgdt_0.01_tol_1e-06 1e-06
timed 64 opened_0 2 dst 0.0
refinement 64 opened_0 baseline 0.0025
refinement 64 opened_0 chol_guard 0.01
refinement 64 opened_0 trained_phase 0.01
refinement 64 opened_0 trained_phase40 0.01
warmup 64 opened_1 baseline 0.0025
warmup 64 opened_1 chol_guard 0.01
warmup 64 opened_1 trained_phase 0.01
warmup 64 opened_1 trained_phase40 0.01
warmup 64 opened_1 cg_1e-06 1e-06
warmup 64 opened_1 cg_0.01 0.01
warmup 64 opened_1 cgdt_0.005_tol_1e-06 1e-06
warmup 64 opened_1 cgdt_0.005_tol_0.01 0.01
warmup 64 opened_1 cgdt_0.01_tol_1e-06 1e-06
warmup 64 opened_1 dst 0.0
timed 64 opened_1 0 baseline 0.0025
timed 64 opened_1 0 chol_guard 0.01
timed 64 opened_1 0 trained_phase 0.01
timed 64 opened_1 0 trained_phase40 0.01
timed 64 opened_1 0 cg_1e-06 1e-06
timed 64 opened_1 0 cg_0.01 0.01
timed 64 opened_1 0 cgdt_0.005_tol_1e-06 1e-06
timed 64 opened_1 0 cgdt_0.005_tol_0.01 0.01
timed 64 opened_1 0 cgdt_0.01_tol_1e-06 1e-06
timed 64 opened_1 0 dst 0.0
timed 64 opened_1 1 dst 0.0
timed 64 opened_1 1 cgdt_0.01_tol_1e-06 1e-06
timed 64 opened_1 1 cgdt_0.005_tol_0.01 0.01
timed 64 opened_1 1 cgdt_0.005_tol_1e-06 1e-06
timed 64 opened_1 1 cg_0.01 0.01
timed 64 opened_1 1 cg_1e-06 1e-06
timed 64 opened_1 1 trained_phase40 0.01
timed 64 opened_1 1 trained_phase 0.01
timed 64 opened_1 1 chol_guard 0.01
timed 64 opened_1 1 baseline 0.0025
timed 64 opened_1 2 baseline 0.0025
timed 64 opened_1 2 chol_guard 0.01
timed 64 opened_1 2 trained_phase 0.01
timed 64 opened_1 2 trained_phase40 0.01
timed 64 opened_1 2 cg_1e-06 1e-06
timed 64 opened_1 2 cg_0.01 0.01
timed 64 opened_1 2 cgdt_0.005_tol_1e-06 1e-06
timed 64 opened_1 2 cgdt_0.005_tol_0.01 0.01
timed 64 opened_1 2 cgdt_0.01_tol_1e-06 1e-06
timed 64 opened_1 2 dst 0.0
refinement 64 opened_1 baseline 0.0025
refinement 64 opened_1 chol_guard 0.01
refinement 64 opened_1 trained_phase 0.01
refinement 64 opened_1 trained_phase40 0.01
wave_acceleration_complete
