host=pax105 job_id=4318728
NVIDIA A100 80GB PCIe, GPU-662eb49d-1d4d-a693-a62c-7fbfef041e73, 81920 MiB, 575.57.08
10.235.106.20:/projects/paralab  4.6T  4.2T  370G  93% /cluster/tufts/paralab
jax_backend=gpu
torch_cuda True NVIDIA A100 80GB PCIe
jax_backend=gpu x64=True precision=highest
TRUTH done
QUICK lean_nt1e-2_l1e-2_dt01 1.6773 1.1524 0.1577
QUICK lean_nt3e-3_l3e-3_dt01 1.6651 1.1518 0.2032
QUICK lean_nt1e-3_l1e-3_dt01 1.6501 1.1356 0.2328
QUICK lean_nt1e-2_l1e-2_dt1_120 1.1567 0.7797 0.1796
QUICK lean_nt3e-3_l3e-3_dt1_120 1.1338 0.7832 0.2252
QUICK lean_nt1e-3_l1e-3_dt1_120 1.1395 0.7811 0.2706
QUICK lean_nt1e-2_l1e-2_dt1_140 0.7843 0.484 0.1899
QUICK lean_nt3e-3_l3e-3_dt1_140 0.7427 0.5163 0.2433
QUICK lean_nt1e-3_l1e-3_dt1_140 0.747 0.513 0.3004
QUICK lean_nt1e-2_l1e-2_dt00625 0.4982 0.2852 0.2082
QUICK lean_nt3e-3_l3e-3_dt00625 0.4466 0.3072 0.2649
QUICK lean_nt1e-3_l1e-3_dt00625 0.4438 0.3074 0.3292
QUICK lean_nt1e-2_l1e-2_dt005 2.1615 0.5009 0.2368
QUICK lean_nt3e-3_l3e-3_dt005 0.0494 0.0384 0.3059
QUICK lean_nt1e-3_l1e-3_dt005 0.0543 0.0318 0.3624
TIMED main 0
TIMED main 1
TIMED main 2
TIMED main 3
TIMED main 4
TIMED slow 0
TIMED slow 1
TIMED slow 2
TIMED slow 3
TIMED slow 4
RESULT lean_nt1e-2_l1e-2_dt01 1.6773 1.1524 1.2641 148.46ms
RESULT lean_nt3e-3_l3e-3_dt01 1.6651 1.1518 1.2426 203.42ms
RESULT lean_nt1e-3_l1e-3_dt01 1.6501 1.1356 1.2222 225.83ms
RESULT lean_nt1e-2_l1e-2_dt1_120 1.1567 0.7797 0.8464 168.42ms
RESULT lean_nt3e-3_l3e-3_dt1_120 1.1338 0.7832 0.8436 234.61ms
RESULT lean_nt1e-3_l1e-3_dt1_120 1.1395 0.7811 0.8390 257.36ms
RESULT lean_nt1e-2_l1e-2_dt1_140 0.7843 0.4840 0.5399 184.87ms
RESULT lean_nt3e-3_l3e-3_dt1_140 0.7427 0.5163 0.5597 264.34ms
RESULT lean_nt1e-3_l1e-3_dt1_140 0.7470 0.5130 0.5512 293.30ms
RESULT lean_nt1e-2_l1e-2_dt00625 0.4982 0.2852 0.3054 202.97ms
RESULT lean_nt3e-3_l3e-3_dt00625 0.4466 0.3072 0.3301 274.92ms
RESULT lean_nt1e-3_l1e-3_dt00625 0.4438 0.3074 0.3298 327.84ms
RESULT lean_nt1e-2_l1e-2_dt005 2.1615 0.5009 0.1840 231.80ms
RESULT lean_nt3e-3_l3e-3_dt005 0.0494 0.0384 0.0376 285.41ms
RESULT lean_nt1e-3_l1e-3_dt005 0.0543 0.0318 0.0321 385.41ms
FOMDT COMPLETE
run_exit=0
