host=pax106 source_commit=31b34cd771ed4e12583e8f48218563cc6eec2181 job=4232677 mesh=64 arm=fno-s
NVIDIA A100 80GB PCIe, GPU-c692ba0c-a68c-8e5c-5811-dbbe618d443c, 81920 MiB
10.235.106.32:/projects/paralab  4.6T  4.3T  327G  93% /cluster/tufts/paralab
jax_backend=gpu
generated 64/512 (12s)
generated 128/512 (23s)
generated 192/512 (34s)
generated 256/512 (44s)
generated 320/512 (55s)
generated 384/512 (66s)
generated 448/512 (77s)
generated 512/512 (88s)
torch_backend=cuda NVIDIA A100 80GB PCIe
{"arm": "fno-s", "mesh": 64, "micro_batch": 8, "real_parameter_count": 4653159}
{"arm": "fno-s", "epoch": 0, "steps": 56, "train": 0.4670950890740148, "val_mean": 0.2748090885536314, "val_worst": 0.3344316387357528, "lr": 0.0009997571910693886, "wall": 31.2}
{"arm": "fno-s", "epoch": 1, "steps": 112, "train": 0.029113435524688754, "val_mean": 0.1627428971585985, "val_worst": 0.2235743673294658, "lr": 0.0009989848015361546, "wall": 62.4}
{"arm": "fno-s", "epoch": 2, "steps": 168, "train": 0.014536813971039826, "val_mean": 0.12962900366646057, "val_worst": 0.1805197057371325, "lr": 0.0009976883138756122, "wall": 93.6}
{"arm": "fno-s", "epoch": 3, "steps": 224, "train": 0.0088851674555124, "val_mean": 0.10068581521538766, "val_worst": 0.14872738815719083, "lr": 0.0009958675780160195, "wall": 124.7}
{"arm": "fno-s", "epoch": 4, "steps": 280, "train": 0.005218217007458947, "val_mean": 0.07820420180420104, "val_worst": 0.12052177215340398, "lr": 0.0009935248099875859, "wall": 155.9}
{"arm": "fno-s", "epoch": 5, "steps": 336, "train": 0.0033107642432171733, "val_mean": 0.06482633800303905, "val_worst": 0.10038251880382139, "lr": 0.0009906614118413274, "wall": 187.0}
{"arm": "fno-s", "epoch": 6, "steps": 392, "train": 0.0023441808832258743, "val_mean": 0.05591671082653059, "val_worst": 0.08685431933268631, "lr": 0.0009872813913257687, "wall": 218.2}
{"arm": "fno-s", "epoch": 7, "steps": 448, "train": 0.001810876553962296, "val_mean": 0.04951575032665042, "val_worst": 0.07811632380682663, "lr": 0.0009834062399174364, "wall": 249.2}
{"arm": "fno-s", "epoch": 8, "steps": 504, "train": 0.001466451999406343, "val_mean": 0.04501166293252512, "val_worst": 0.07446643397399978, "lr": 0.0009790293471663852, "wall": 280.2}
{"arm": "fno-s", "epoch": 9, "steps": 560, "train": 0.0012402899863483072, "val_mean": 0.04110470546989216, "val_worst": 0.06533728302961068, "lr": 0.0009741521430488428, "wall": 311.2}
{"arm": "fno-s", "epoch": 10, "steps": 616, "train": 0.0010511570106520494, "val_mean": 0.03779327851300669, "val_worst": 0.061129126093271674, "lr": 0.0009687808303127831, "wall": 342.2}
{"arm": "fno-s", "epoch": 11, "steps": 672, "train": 0.0009165798284496476, "val_mean": 0.035405176321886146, "val_worst": 0.058190468651844955, "lr": 0.0009629185841829046, "wall": 373.2}
{"arm": "fno-s", "epoch": 12, "steps": 728, "train": 0.0008088950871540976, "val_mean": 0.033039337413058575, "val_worst": 0.055042471387924445, "lr": 0.0009565771507264779, "wall": 404.2}
{"arm": "fno-s", "epoch": 13, "steps": 784, "train": 0.000729282626992596, "val_mean": 0.031325349642127104, "val_worst": 0.05172430102681187, "lr": 0.0009497599941483151, "wall": 435.2}
{"arm": "fno-s", "epoch": 14, "steps": 840, "train": 0.0006565006951230934, "val_mean": 0.029814879446756076, "val_worst": 0.0513280532165451, "lr": 0.0009424713908316539, "wall": 466.2}
{"arm": "fno-s", "epoch": 15, "steps": 896, "train": 0.0005953048523348566, "val_mean": 0.02836958153613045, "val_worst": 0.047380185535554856, "lr": 0.0009347229088981949, "wall": 497.2}
{"arm": "fno-s", "epoch": 16, "steps": 952, "train": 0.0005474926796251702, "val_mean": 0.02680462077757436, "val_worst": 0.04542430933371295, "lr": 0.0009265249706997936, "wall": 528.2}
{"arm": "fno-s", "epoch": 17, "steps": 1008, "train": 0.0005047308656916537, "val_mean": 0.026157555859097598, "val_worst": 0.044364824450188044, "lr": 0.0009178795837975851, "wall": 559.2}
{"arm": "fno-s", "epoch": 18, "steps": 1064, "train": 0.00046860570301886174, "val_mean": 0.024795605072234557, "val_worst": 0.04254849696180559, "lr": 0.0009087982831996021, "wall": 590.2}
{"arm": "fno-s", "epoch": 19, "steps": 1120, "train": 0.0004285036449503204, "val_mean": 0.023809197251157082, "val_worst": 0.039660328329002376, "lr": 0.0008992945308503139, "wall": 621.2}
{"arm": "fno-s", "epoch": 20, "steps": 1176, "train": 0.0004044281564592749, "val_mean": 0.02322518529055234, "val_worst": 0.03924381759758044, "lr": 0.0008893567724084661, "wall": 652.2}
{"arm": "fno-s", "epoch": 21, "steps": 1232, "train": 0.000381195343913277, "val_mean": 0.022590121539351308, "val_worst": 0.0381617058667303, "lr": 0.0008790332088017032, "wall": 683.2}
{"arm": "fno-s", "epoch": 22, "steps": 1288, "train": 0.000356776332698863, "val_mean": 0.021495426680160946, "val_worst": 0.036807358309423825, "lr": 0.0008683140065408384, "wall": 714.2}
{"arm": "fno-s", "epoch": 23, "steps": 1344, "train": 0.00033924306849354637, "val_mean": 0.021601332306933556, "val_worst": 0.03814335316772456, "lr": 0.0008572151675684828, "wall": 745.1}
{"arm": "fno-s", "epoch": 24, "steps": 1400, "train": 0.0003205248335906426, "val_mean": 0.020488251732929126, "val_worst": 0.03595516156125398, "lr": 0.0008457729585195032, "wall": 776.1}
{"arm": "fno-s", "epoch": 25, "steps": 1456, "train": 0.0003014723939264202, "val_mean": 0.01983344388599991, "val_worst": 0.03449796081844107, "lr": 0.0008339456222330418, "wall": 807.1}
{"arm": "fno-s", "epoch": 26, "steps": 1512, "train": 0.0002844796915405352, "val_mean": 0.01905558699800365, "val_worst": 0.03282558593188842, "lr": 0.0008217739912480162, "wall": 838.1}
{"arm": "fno-s", "epoch": 27, "steps": 1568, "train": 0.00026881769530667457, "val_mean": 0.01889706906950333, "val_worst": 0.03323341656643744, "lr": 0.0008092686093145043, "wall": 869.1}
{"arm": "fno-s", "epoch": 28, "steps": 1624, "train": 0.0002595207865518674, "val_mean": 0.0184317157597122, "val_worst": 0.03143885455182996, "lr": 0.0007964414639984948, "wall": 900.0}
{"arm": "fno-s", "epoch": 29, "steps": 1680, "train": 0.00025088853584679093, "val_mean": 0.01784486850026454, "val_worst": 0.031058927749792218, "lr": 0.0007833074309635287, "wall": 931.0}
{"arm": "fno-s", "epoch": 30, "steps": 1736, "train": 0.0002386853837687373, "val_mean": 0.01761004640640921, "val_worst": 0.030729769482095253, "lr": 0.0007698812307193025, "wall": 962.0}
{"arm": "fno-s", "epoch": 31, "steps": 1792, "train": 0.00022594511004170821, "val_mean": 0.017041731570863843, "val_worst": 0.028915676491817283, "lr": 0.0007561745363791244, "wall": 993.0}
{"arm": "fno-s", "epoch": 32, "steps": 1848, "train": 0.00021804465213108752, "val_mean": 0.01669764331551516, "val_worst": 0.028498062779875946, "lr": 0.0007422017959198538, "wall": 1024.0}
{"arm": "fno-s", "epoch": 33, "steps": 1904, "train": 0.00020959492659906932, "val_mean": 0.016534920041104705, "val_worst": 0.028460448022985516, "lr": 0.0007279853445299655, "wall": 1055.0}
{"arm": "fno-s", "epoch": 34, "steps": 1960, "train": 0.00020471834906748108, "val_mean": 0.01616246560610354, "val_worst": 0.027989593094788455, "lr": 0.0007135279861232878, "wall": 1086.0}
{"arm": "fno-s", "epoch": 35, "steps": 2016, "train": 0.00019837761448284925, "val_mean": 0.015932002277507587, "val_worst": 0.027500804099483866, "lr": 0.0006988460519616189, "wall": 1117.0}
{"arm": "fno-s", "epoch": 36, "steps": 2072, "train": 0.00019017026026348194, "val_mean": 0.015799370142846866, "val_worst": 0.027219272505158192, "lr": 0.0006839574423599562, "wall": 1148.0}
{"arm": "fno-s", "epoch": 37, "steps": 2128, "train": 0.0001831292988562297, "val_mean": 0.015283240595143667, "val_worst": 0.026555702324257236, "lr": 0.0006688746837926666, "wall": 1179.0}
{"arm": "fno-s", "epoch": 38, "steps": 2184, "train": 0.00017716662596901065, "val_mean": 0.015154806448211352, "val_worst": 0.025987193868823494, "lr": 0.0006536262111049907, "wall": 1210.0}
{"arm": "fno-s", "epoch": 39, "steps": 2240, "train": 0.00017405033745680637, "val_mean": 0.015015436747742479, "val_worst": 0.02550018717143711, "lr": 0.0006382321736423815, "wall": 1241.0}
{"arm": "fno-s", "epoch": 40, "steps": 2296, "train": 0.00016628413109474736, "val_mean": 0.014507405071191477, "val_worst": 0.02544016822978807, "lr": 0.0006226979410066837, "wall": 1272.0}
{"arm": "fno-s", "epoch": 41, "steps": 2352, "train": 0.00016359413139141558, "val_mean": 0.014456388469132768, "val_worst": 0.024668649268672065, "lr": 0.0006070381127292503, "wall": 1302.9}
{"arm": "fno-s", "epoch": 42, "steps": 2408, "train": 0.00015974939262183144, "val_mean": 0.014367274311553015, "val_worst": 0.024441841376637293, "lr": 0.0005912672972287036, "wall": 1333.9}
{"arm": "fno-s", "epoch": 43, "steps": 2464, "train": 0.00015505407093602668, "val_mean": 0.01409668682666098, "val_worst": 0.0244058235660657, "lr": 0.0005754156747460673, "wall": 1364.9}
{"arm": "fno-s", "epoch": 44, "steps": 2520, "train": 0.0001508621163894646, "val_mean": 0.013865455598624805, "val_worst": 0.023801249026102835, "lr": 0.0005594761869729161, "wall": 1395.9}
{"arm": "fno-s", "epoch": 45, "steps": 2576, "train": 0.00014793243757420604, "val_mean": 0.013851606679832972, "val_worst": 0.023664573570420556, "lr": 0.0005434762032484286, "wall": 1427.0}
{"arm": "fno-s", "epoch": 46, "steps": 2632, "train": 0.00014393349352114236, "val_mean": 0.013508965354873111, "val_worst": 0.023288065820503762, "lr": 0.0005274216265700333, "wall": 1457.9}
{"arm": "fno-s", "epoch": 47, "steps": 2688, "train": 0.0001398545878771538, "val_mean": 0.013471493071355827, "val_worst": 0.023459307590046587, "lr": 0.0005113651638566747, "wall": 1488.9}
{"arm": "fno-s", "epoch": 48, "steps": 2744, "train": 0.00013758429240268424, "val_mean": 0.013095311653553201, "val_worst": 0.02317984597067537, "lr": 0.0004953002469725328, "wall": 1519.9}
{"arm": "fno-s", "epoch": 49, "steps": 2800, "train": 0.00013531802153158036, "val_mean": 0.01322081220862331, "val_worst": 0.022450585948192454, "lr": 0.00047923871306643055, "wall": 1550.9}
{"arm": "fno-s", "epoch": 50, "steps": 2856, "train": 0.0001305932835523156, "val_mean": 0.013053900122494601, "val_worst": 0.02263121425129776, "lr": 0.0004632521016401676, "wall": 1581.9}
{"arm": "fno-s", "epoch": 51, "steps": 2912, "train": 0.0001284174370847209, "val_mean": 0.0128310055995784, "val_worst": 0.022186429187101838, "lr": 0.00044726358405432925, "wall": 1612.9}
{"arm": "fno-s", "epoch": 52, "steps": 2968, "train": 0.0001265570646474983, "val_mean": 0.012740538089226976, "val_worst": 0.022412964549723777, "lr": 0.0004313194920742383, "wall": 1643.9}
{"arm": "fno-s", "epoch": 53, "steps": 3024, "train": 0.00012494424299550706, "val_mean": 0.012635743575609131, "val_worst": 0.021554579787184967, "lr": 0.0004154776014360496, "wall": 1674.9}
{"arm": "fno-s", "epoch": 54, "steps": 3080, "train": 0.00012100364339854459, "val_mean": 0.012545576223539707, "val_worst": 0.02146726642788495, "lr": 0.00039973165496592466, "wall": 1705.9}
{"arm": "fno-s", "epoch": 55, "steps": 3136, "train": 0.00011980810975496772, "val_mean": 0.01228935210743972, "val_worst": 0.02088946761134818, "lr": 0.0003840936545517576, "wall": 1736.8}
{"arm": "fno-s", "epoch": 56, "steps": 3192, "train": 0.00011875556063798302, "val_mean": 0.012386444132190852, "val_worst": 0.02150063475575552, "lr": 0.0003685842879456727, "wall": 1767.7}
{"arm": "fno-s", "epoch": 57, "steps": 3248, "train": 0.00011595722148835229, "val_mean": 0.012121453469882719, "val_worst": 0.02097619379141681, "lr": 0.0003532543849710906, "wall": 1798.7}
{"arm": "fno-s", "epoch": 58, "steps": 3304, "train": 0.00011410980293473159, "val_mean": 0.012061096069520882, "val_worst": 0.02095228480039002, "lr": 0.00033804683997527835, "wall": 1829.7}
{"arm": "fno-s", "epoch": 59, "steps": 3360, "train": 0.00011164764785744211, "val_mean": 0.012005893522790235, "val_worst": 0.020672894639500682, "lr": 0.0003230135196219724, "wall": 1860.8}
{"arm": "fno-s", "epoch": 60, "steps": 3416, "train": 0.00011042356901466169, "val_mean": 0.011852186769187381, "val_worst": 0.02000474175575237, "lr": 0.00030815145032870206, "wall": 1891.9}
{"arm": "fno-s", "epoch": 61, "steps": 3472, "train": 0.00010879075454376453, "val_mean": 0.01180157855174685, "val_worst": 0.020793762100525835, "lr": 0.0002934482794727159, "wall": 1922.9}
{"arm": "fno-s", "epoch": 62, "steps": 3528, "train": 0.00010781449964452113, "val_mean": 0.011648132292371747, "val_worst": 0.02028881569608528, "lr": 0.0002790387558504427, "wall": 1953.9}
{"arm": "fno-s", "epoch": 63, "steps": 3584, "train": 0.00010604230346532042, "val_mean": 0.011693635094398797, "val_worst": 0.02020303710298123, "lr": 0.00026486790523551216, "wall": 1984.8}
{"arm": "fno-s", "epoch": 64, "steps": 3640, "train": 0.0001046000042027875, "val_mean": 0.01154898756274493, "val_worst": 0.019803534568060492, "lr": 0.0002509816424841184, "wall": 2015.8}
{"arm": "fno-s", "epoch": 65, "steps": 3696, "train": 0.00010399475741726986, "val_mean": 0.011511110218119399, "val_worst": 0.020040876281502692, "lr": 0.00023732123984482111, "wall": 2046.8}
{"arm": "fno-s", "epoch": 66, "steps": 3752, "train": 0.00010277648639204195, "val_mean": 0.011458925540835161, "val_worst": 0.01954294423367791, "lr": 0.00022391808541420333, "wall": 2077.9}
{"arm": "fno-s", "epoch": 67, "steps": 3808, "train": 0.00010175614388747985, "val_mean": 0.011411948402113199, "val_worst": 0.019822064793089934, "lr": 0.00021082038602498782, "wall": 2108.9}
{"arm": "fno-s", "epoch": 68, "steps": 3864, "train": 0.0001004849575356621, "val_mean": 0.011396061868299473, "val_worst": 0.01978083937945093, "lr": 0.00019804320983197858, "wall": 2140.0}
{"arm": "fno-s", "epoch": 69, "steps": 3920, "train": 9.978297906180749e-05, "val_mean": 0.011310212990431362, "val_worst": 0.019590815380654013, "lr": 0.00018558634550613635, "wall": 2171.0}
{"arm": "fno-s", "epoch": 70, "steps": 3976, "train": 9.896194446629222e-05, "val_mean": 0.011218111614490014, "val_worst": 0.01940702453224561, "lr": 0.0001734608442573596, "wall": 2202.0}
{"arm": "fno-s", "epoch": 71, "steps": 4032, "train": 9.782141493742409e-05, "val_mean": 0.01113183238465969, "val_worst": 0.019454496176951434, "lr": 0.00016169148018800933, "wall": 2233.1}
{"arm": "fno-s", "epoch": 72, "steps": 4088, "train": 9.690772851522541e-05, "val_mean": 0.011201338499725832, "val_worst": 0.01960893944250139, "lr": 0.0001502848935383963, "wall": 2264.0}
{"arm": "fno-s", "epoch": 73, "steps": 4144, "train": 9.618415478248282e-05, "val_mean": 0.011103391661106134, "val_worst": 0.019345845544880474, "lr": 0.00013927598885161147, "wall": 2295.1}
{"arm": "fno-s", "epoch": 74, "steps": 4200, "train": 9.583157669469861e-05, "val_mean": 0.011086669599201083, "val_worst": 0.019356754603010378, "lr": 0.00012862716538457518, "wall": 2326.1}
{"arm": "fno-s", "epoch": 75, "steps": 4256, "train": 9.497835584542626e-05, "val_mean": 0.01108847977837504, "val_worst": 0.019066668475662307, "lr": 0.00011837768919802638, "wall": 2357.1}
{"arm": "fno-s", "epoch": 76, "steps": 4312, "train": 9.428247324989954e-05, "val_mean": 0.01102717622782946, "val_worst": 0.01930287091235255, "lr": 0.00010856033812825123, "wall": 2388.1}
{"arm": "fno-s", "epoch": 77, "steps": 4368, "train": 9.372694205126126e-05, "val_mean": 0.010914597715617442, "val_worst": 0.01912861148781911, "lr": 9.913785657170556e-05, "wall": 2419.2}
{"arm": "fno-s", "epoch": 78, "steps": 4424, "train": 9.29565357432241e-05, "val_mean": 0.010950098182869726, "val_worst": 0.01919888233099363, "lr": 9.014500735950734e-05, "wall": 2450.1}
{"arm": "fno-s", "epoch": 79, "steps": 4480, "train": 9.276027111931718e-05, "val_mean": 0.010886293615252927, "val_worst": 0.019071273452876354, "lr": 8.160851986034736e-05, "wall": 2481.2}
{"arm": "fno-s", "epoch": 80, "steps": 4536, "train": 9.214046256114649e-05, "val_mean": 0.010907157975609514, "val_worst": 0.018925743955560733, "lr": 7.349428132683486e-05, "wall": 2512.1}
{"arm": "fno-s", "epoch": 81, "steps": 4592, "train": 9.186289948616266e-05, "val_mean": 0.010889276771489279, "val_worst": 0.01901419734443918, "lr": 6.586042640791952e-05, "wall": 2543.1}
{"arm": "fno-s", "epoch": 82, "steps": 4648, "train": 9.155074201323593e-05, "val_mean": 0.010818113937676833, "val_worst": 0.018965976912829065, "lr": 5.868682274093004e-05, "wall": 2574.1}
{"arm": "fno-s", "epoch": 83, "steps": 4704, "train": 9.128872299188702e-05, "val_mean": 0.01080470399876127, "val_worst": 0.018897233954554706, "lr": 5.1966284220273676e-05, "wall": 2605.2}
{"arm": "fno-s", "epoch": 84, "steps": 4760, "train": 9.067969624432576e-05, "val_mean": 0.01082209889983956, "val_worst": 0.018849717147879384, "lr": 4.5721880227425485e-05, "wall": 2636.1}
{"arm": "fno-s", "epoch": 85, "steps": 4816, "train": 9.047565599866804e-05, "val_mean": 0.010787466439083824, "val_worst": 0.018773893174436767, "lr": 3.9979123961493723e-05, "wall": 2667.2}
{"arm": "fno-s", "epoch": 86, "steps": 4872, "train": 9.017892832587703e-05, "val_mean": 0.010780172806472869, "val_worst": 0.018816652697239887, "lr": 3.4710910999217636e-05, "wall": 2698.2}
{"arm": "fno-s", "epoch": 87, "steps": 4928, "train": 8.998587822812725e-05, "val_mean": 0.010779664575599666, "val_worst": 0.018886635243742556, "lr": 2.993904578778574e-05, "wall": 2729.2}
{"arm": "fno-s", "epoch": 88, "steps": 4984, "train": 8.981127517118603e-05, "val_mean": 0.010748820619717249, "val_worst": 0.018775245728291746, "lr": 2.5672384797733283e-05, "wall": 2760.3}
{"arm": "fno-s", "epoch": 89, "steps": 5040, "train": 8.960706812282185e-05, "val_mean": 0.010742291743424157, "val_worst": 0.018750996478946506, "lr": 2.1909428292338284e-05, "wall": 2791.3}
{"arm": "fno-s", "epoch": 90, "steps": 5096, "train": 8.950888664851638e-05, "val_mean": 0.010734592503126708, "val_worst": 0.018857979739923814, "lr": 1.8658299769982427e-05, "wall": 2822.3}
{"arm": "fno-s", "epoch": 91, "steps": 5152, "train": 8.939595920921929e-05, "val_mean": 0.010724258382935907, "val_worst": 0.018844372707949093, "lr": 1.591975921981396e-05, "wall": 2853.4}
{"arm": "fno-s", "epoch": 92, "steps": 5208, "train": 8.926101051121001e-05, "val_mean": 0.010718194507777553, "val_worst": 0.018745473768930824, "lr": 1.369858725704458e-05, "wall": 2884.4}
{"arm": "fno-s", "epoch": 93, "steps": 5264, "train": 8.912965301511974e-05, "val_mean": 0.010708280082192751, "val_worst": 0.01871848375604846, "lr": 1.1994271205687791e-05, "wall": 2915.5}
{"arm": "fno-s", "epoch": 94, "steps": 5320, "train": 8.908152035433426e-05, "val_mean": 0.010705129182098658, "val_worst": 0.018745062817015642, "lr": 1.0807492641258133e-05, "wall": 2946.7}
{"arm": "fno-s", "epoch": 95, "steps": 5376, "train": 8.900651852559092e-05, "val_mean": 0.010717751339009105, "val_worst": 0.01880525697561893, "lr": 1.0148458514526868e-05, "wall": 2977.7}
{"arm": "fno-s", "epoch": 96, "steps": 5417, "train": 8.857655405045324e-05, "val_mean": 0.010711211761128603, "val_worst": 0.01881946369078481, "lr": 1.0000057132532237e-05, "wall": 3000.7}
TRAIN DONE {"arm": "fno-s", "mesh": 64, "stop_reason": "wall_budget", "epochs_completed": 97, "optimisation_steps": 5417, "best_epoch": 94} val_mean_case_max 0.010705129182098658 val_worst 0.018745062817015642
RUN_EXIT=0
