host=pax106 job_id=4318721
NVIDIA A100 80GB PCIe, GPU-1ae08085-d922-d6fc-f768-bc37bc584a4c, 81920 MiB, 575.57.08
10.235.106.26:/projects/paralab  4.6T  4.2T  371G  93% /cluster/tufts/paralab
jax_backend=gpu
torch_cuda True NVIDIA A100 80GB PCIe
jax_backend=gpu x64=True precision=highest
TRUTH done
QUICK lean_nt1e-2_l1e-2_dt01 1.62 1.1211 0.0156
QUICK lean_nt3e-3_l3e-3_dt01 1.6044 1.1462 0.0191
QUICK lean_nt1e-3_l1e-3_dt01 1.59 1.1208 0.0228
QUICK lean_nt1e-2_l1e-2_dt1_120 1.1115 0.7583 0.0177
QUICK lean_nt3e-3_l3e-3_dt1_120 1.092 0.779 0.0212
QUICK lean_nt1e-3_l1e-3_dt1_120 1.097 0.7729 0.0252
QUICK lean_nt1e-2_l1e-2_dt1_140 0.761 0.4982 0.0195
QUICK lean_nt3e-3_l3e-3_dt1_140 0.7177 0.5101 0.0232
QUICK lean_nt1e-3_l1e-3_dt1_140 0.7184 0.5076 0.0284
QUICK lean_nt1e-2_l1e-2_dt00625 0.4776 0.2881 0.0216
QUICK lean_nt3e-3_l3e-3_dt00625 0.4303 0.3072 0.0253
QUICK lean_nt1e-3_l1e-3_dt00625 0.4272 0.3064 0.0307
QUICK lean_nt1e-2_l1e-2_dt005 2.1507 0.4493 0.0249
QUICK lean_nt3e-3_l3e-3_dt005 0.0497 0.0408 0.0296
QUICK lean_nt1e-3_l1e-3_dt005 0.0508 0.0318 0.0352
TIMED main 0
TIMED main 1
TIMED main 2
TIMED main 3
TIMED main 4
TIMED slow 0
TIMED slow 1
TIMED slow 2
TIMED slow 3
TIMED slow 4
RESULT lean_nt1e-2_l1e-2_dt01 1.6200 1.1211 1.2187 15.01ms
RESULT lean_nt3e-3_l3e-3_dt01 1.6044 1.1462 1.2304 19.28ms
RESULT lean_nt1e-3_l1e-3_dt01 1.5900 1.1208 1.2112 22.02ms
RESULT lean_nt1e-2_l1e-2_dt1_120 1.1115 0.7583 0.8185 17.05ms
RESULT lean_nt3e-3_l3e-3_dt1_120 1.0920 0.7790 0.8357 22.50ms
RESULT lean_nt1e-3_l1e-3_dt1_120 1.0970 0.7729 0.8315 24.59ms
RESULT lean_nt1e-2_l1e-2_dt1_140 0.7610 0.4982 0.5299 18.89ms
RESULT lean_nt3e-3_l3e-3_dt1_140 0.7177 0.5101 0.5624 25.19ms
RESULT lean_nt1e-3_l1e-3_dt1_140 0.7184 0.5076 0.5461 27.99ms
RESULT lean_nt1e-2_l1e-2_dt00625 0.4776 0.2881 0.2920 20.78ms
RESULT lean_nt3e-3_l3e-3_dt00625 0.4303 0.3072 0.3399 26.49ms
RESULT lean_nt1e-3_l1e-3_dt00625 0.4272 0.3064 0.3268 30.76ms
RESULT lean_nt1e-2_l1e-2_dt005 2.1507 0.4493 0.0914 24.26ms
RESULT lean_nt3e-3_l3e-3_dt005 0.0497 0.0408 0.0418 28.30ms
RESULT lean_nt1e-3_l1e-3_dt005 0.0508 0.0318 0.0326 37.00ms
FOMDT COMPLETE
run_exit=0
