torch_backend=cuda NVIDIA A100 80GB PCIe
{"arm": "don-s", "problem": "poisson", "mesh": 32, "micro_batch": 8, "real_parameter_count": 4361665}
{"arm": "don-s", "epoch": 0, "steps": 56, "train": 0.43905731370706913, "val_mean": 0.5105006659545697, "val_worst": 0.6918958271155352, "lr": 0.0009999584776988592, "wall": 13.8}
{"arm": "don-s", "epoch": 1, "steps": 112, "train": 0.17295470521339454, "val_mean": 0.34726740429863284, "val_worst": 0.4997825872074757, "lr": 0.000999800118558777, "wall": 28.5}
{"arm": "don-s", "epoch": 2, "steps": 168, "train": 0.11718938133192616, "val_mean": 0.28143674563794685, "val_worst": 0.45062205431742597, "lr": 0.0009995260310086075, "wall": 43.2}
{"arm": "don-s", "epoch": 3, "steps": 224, "train": 0.08211132544056346, "val_mean": 0.3142393022454738, "val_worst": 0.39005535213954834, "lr": 0.0009991332718552095, "wall": 57.8}
{"arm": "don-s", "epoch": 4, "steps": 280, "train": 0.059055780548484746, "val_mean": 0.22568444244173327, "val_worst": 0.40928365788180765, "lr": 0.0009986232191367323, "wall": 72.6}
{"arm": "don-s", "epoch": 10, "steps": 616, "train": 0.020916979672070225, "val_mean": 0.13853660836316078, "val_worst": 0.2738805485748635, "lr": 0.0009931212311601152, "wall": 160.7}
{"arm": "don-s", "epoch": 20, "steps": 1176, "train": 0.014277030898187734, "val_mean": 0.11078817043392747, "val_worst": 0.1817302901962329, "lr": 0.0009747892116382343, "wall": 307.4}
{"arm": "don-s", "epoch": 30, "steps": 1736, "train": 0.004445979244882927, "val_mean": 0.06688028503635665, "val_worst": 0.12034806975407042, "lr": 0.0009453714876208216, "wall": 454.2}
{"arm": "don-s", "epoch": 40, "steps": 2296, "train": 0.004136076975500813, "val_mean": 0.06007872201402862, "val_worst": 0.09950419390799926, "lr": 0.0009055644217807076, "wall": 601.0}
{"arm": "don-s", "epoch": 50, "steps": 2856, "train": 0.0047269293237108285, "val_mean": 0.06459986185617285, "val_worst": 0.10935127329855089, "lr": 0.0008563018092854202, "wall": 747.8}
{"arm": "don-s", "epoch": 60, "steps": 3416, "train": 0.017735596885305835, "val_mean": 0.13306704334700886, "val_worst": 0.2525590528848884, "lr": 0.0007988801457818433, "wall": 894.3}
{"arm": "don-s", "epoch": 70, "steps": 3976, "train": 0.006569965748953551, "val_mean": 0.07445969914710035, "val_worst": 0.11640495234987686, "lr": 0.0007344901677891416, "wall": 1041.0}
{"arm": "don-s", "epoch": 80, "steps": 4536, "train": 0.003303712997034585, "val_mean": 0.05410548662076625, "val_worst": 0.09507723746690361, "lr": 0.0006646552101164783, "wall": 1187.7}
{"arm": "don-s", "epoch": 90, "steps": 5096, "train": 0.003191461248531, "val_mean": 0.05307313607093169, "val_worst": 0.09527177316711838, "lr": 0.0005910555265309786, "wall": 1334.5}
{"arm": "don-s", "epoch": 100, "steps": 5656, "train": 0.00212561763375011, "val_mean": 0.04358991766707482, "val_worst": 0.08273642758608135, "lr": 0.0005154225009734066, "wall": 1481.3}
{"arm": "don-s", "epoch": 110, "steps": 6216, "train": 0.0021016746013211825, "val_mean": 0.04135561004412375, "val_worst": 0.08111566742917328, "lr": 0.00043945978889905953, "wall": 1628.1}
{"arm": "don-s", "epoch": 120, "steps": 6776, "train": 0.0015685464692119062, "val_mean": 0.040457795683950026, "val_worst": 0.06768512404495848, "lr": 0.00036510331841711904, "wall": 1774.9}
{"arm": "don-s", "epoch": 130, "steps": 7336, "train": 0.0012073808221173907, "val_mean": 0.03505110201724927, "val_worst": 0.06429243575394392, "lr": 0.0002940651645661497, "wall": 1921.7}
{"arm": "don-s", "epoch": 140, "steps": 7896, "train": 0.0011943235886432081, "val_mean": 0.033574516713595376, "val_worst": 0.060250774845357666, "lr": 0.000227945306684276, "wall": 2068.6}
{"arm": "don-s", "epoch": 150, "steps": 8456, "train": 0.0009770732194192885, "val_mean": 0.03138832440981856, "val_worst": 0.057657707434843566, "lr": 0.00016833320794588144, "wall": 2215.6}
{"arm": "don-s", "epoch": 160, "steps": 9016, "train": 0.0008986335020547434, "val_mean": 0.03040484786593455, "val_worst": 0.059578744227057515, "lr": 0.00011669960610455397, "wall": 2362.5}
{"arm": "don-s", "epoch": 170, "steps": 9576, "train": 0.0008200461429794082, "val_mean": 0.028736197753471027, "val_worst": 0.05562786524314919, "lr": 7.424221698740688e-05, "wall": 2509.4}
{"arm": "don-s", "epoch": 180, "steps": 10136, "train": 0.0007669023481881645, "val_mean": 0.02793289065611652, "val_worst": 0.0557756095229843, "lr": 4.195523625155761e-05, "wall": 2656.4}
{"arm": "don-s", "epoch": 190, "steps": 10696, "train": 0.0007417293197118115, "val_mean": 0.027407379403094383, "val_worst": 0.055266512992336765, "lr": 2.0605676630767885e-05, "wall": 2803.3}
{"arm": "don-s", "epoch": 200, "steps": 11256, "train": 0.000726641616382275, "val_mean": 0.027341317423428428, "val_worst": 0.055011541795785615, "lr": 1.0712307399951233e-05, "wall": 2950.1}
TRAIN DONE {"arm": "don-s", "problem": "poisson", "mesh": 32, "stop_reason": "wall_budget", "epochs_completed": 205, "optimisation_steps": 11448, "best_epoch": 204} val_mean 0.02722970846201902 val_worst 0.05512551019392264
