host=pax105 source_commit=c072d8102e6d35c25004babcdb6aaf86b5696b06 job=4711021 mode=bank config=experiments/ns3d-coordnet/configs/bank_ff64.json
NVIDIA A100 80GB PCIe, GPU-662eb49d-1d4d-a693-a62c-7fbfef041e73, 81920 MiB
10.235.106.24:/projects/paralab  4.6T  987G  3.6T  22% /cluster/tufts/paralab
jax_backend=gpu
bank data 64/512
bank data 128/512
bank data 192/512
bank data 256/512
bank data 320/512
bank data 384/512
bank data 448/512
bank data 512/512
data: {'states': 3072, 'cases': 512, 'meshes': [32, 64, 96], 'train_grid': 48, 'centred': False, 'resample_dropped_energy_worst': 6.7325367503201505e-09, 'state_sha256': '4852b52f49fe1c4fdf9e46e3f70e7a8a27ba93b9879f3d873b8503726948d3a6'}
compression K=1024 tail=3.825e-04
[A] calibration: 315.0 ms/step -> 16500 steps
  [A] step 500/16500 loss 2.1396e-01 (159s)
  [A] step 1000/16500 loss 2.0782e-01 (316s)
  [A] step 1500/16500 loss 2.0764e-01 (474s)
  [A] step 2000/16500 loss 2.0742e-01 (631s)
  [A] step 2500/16500 loss 2.0739e-01 (789s)
  [A] step 3000/16500 loss 2.0741e-01 (946s)
  [A] step 3500/16500 loss 2.0736e-01 (1103s)
  [A] step 4000/16500 loss 2.0735e-01 (1261s)
  [A] step 4500/16500 loss 2.0735e-01 (1418s)
  [A] step 5000/16500 loss 2.0735e-01 (1575s)
  [A] step 5500/16500 loss 2.0746e-01 (1733s)
  [A] step 6000/16500 loss 2.0735e-01 (1890s)
  [A] step 6500/16500 loss 2.0734e-01 (2048s)
  [A] step 7000/16500 loss 2.0734e-01 (2205s)
  [A] step 7500/16500 loss 2.0734e-01 (2362s)
  [A] step 8000/16500 loss 2.0734e-01 (2520s)
  [A] step 8500/16500 loss 2.0734e-01 (2677s)
  [A] step 9000/16500 loss 2.0734e-01 (2834s)
  [A] step 9500/16500 loss 2.0734e-01 (2992s)
  [A] step 10000/16500 loss 2.0734e-01 (3149s)
  [A] step 10500/16500 loss 2.0733e-01 (3307s)
  [A] step 11000/16500 loss 2.0733e-01 (3464s)
  [A] step 11500/16500 loss 2.0733e-01 (3622s)
  [A] step 12000/16500 loss 2.0733e-01 (3779s)
  [A] step 12500/16500 loss 2.0733e-01 (3936s)
  [A] step 13000/16500 loss 2.0733e-01 (4094s)
  [A] step 13500/16500 loss 2.0733e-01 (4251s)
  [A] step 14000/16500 loss 2.0733e-01 (4409s)
  [A] step 14500/16500 loss 2.0733e-01 (4566s)
  [A] step 15000/16500 loss 2.0733e-01 (4724s)
  [A] step 15500/16500 loss 2.0733e-01 (4881s)
  [A] step 16000/16500 loss 2.0733e-01 (5039s)
  [A] step 16500/16500 loss 2.0733e-01 (5196s)
[A] final training loss 2.0733e-01 (optimum at R 2.0733e-01)
selected architecture by training loss: A
floors at 32^3
generated 1/16 dt=0.001
generated 16/16 dt=0.001
  fixed-frame coordnet R=64: evolved worst 0.701592
floors at 64^3
generated 1/16 dt=0.001
generated 16/16 dt=0.001
  fixed-frame coordnet R=64: evolved worst 0.701592
  cross-mesh consistency vs 32^3: worst column 9.168e-04
floors at 96^3
generated 1/16 dt=0.001
generated 16/16 dt=0.001
  fixed-frame coordnet R=64: evolved worst 0.701592
  cross-mesh consistency vs 32^3: worst column 9.168e-04
done; failures: []
RUN_EXIT=0 VERIFY_EXIT=0
