host=pax050 job_id=4309893
NVIDIA A100 80GB PCIe, GPU-3821cf96-084c-f51d-914c-38d8195c5979, 81920 MiB, 575.57.08
10.235.106.34:/projects/paralab  4.6T  4.2T  368G  93% /cluster/tufts/paralab
jax_backend=gpu
torch_cuda True NVIDIA A100 80GB PCIe
jax_backend=gpu x64=True precision=highest
BANK 16769025 rows 32 row blocks, parent kept False 19.7
TRUTH done 75.2
OPCOHORT written 6
DRIVER FAILED
torch_backend=cuda NVIDIA A100 80GB PCIe
FNO burgers-dev-00000 device_ms 846.568
FNO burgers-dev-00001 device_ms 848.699
FNO burgers-dev-00002 device_ms 847.422
FNO burgers-dev-00003 device_ms 847.755
FNO burgers-dev-00004 device_ms 847.884
FNO burgers-dev-00005 device_ms 847.782
OPERATOR TIMING COMPLETE unet-refine
OPSCORE unet-refine 21.8724 15.5123 847.756
run_exit=0
