host=pax051 source_commit=4ba4d17f6b65e2d527546f3123591e038eedd5de
NVIDIA A100-PCIE-40GB, 40960 MiB
10.235.106.34:/projects/paralab  4.6T  4.2T  437G  91% /cluster/tufts/paralab
jax_backend=gpu
jax_backend=gpu x64=True precision=highest
REFERENCE 0 88.4
REFERENCE 1 163.1
REFERENCE 2 266.1
REFERENCE 3 361.1
REFERENCE 4 442.3
REFERENCE 5 515.4
OPERATORS eq 549.1
OPERATORS dense 549.4
CALIBRATE alpha 1e-08 data 0.00013243514212829275 drift 2.6844182372237657e-07
CALIBRATE alpha 3e-08 data 0.0001296201875004844 drift 8.036809080228037e-07
CALIBRATE alpha 1e-07 data 0.00012044143174914073 drift 2.6561833747084246e-06
CALIBRATE alpha 3e-07 data 9.953890894455826e-05 drift 7.753821178983138e-06
CALIBRATE alpha 1e-06 data 6.58382685986943e-05 drift 2.270553303185899e-05
CALIBRATE alpha 3e-06 data 4.277043733604455e-05 drift 4.8430891025690455e-05
CALIBRATE alpha 1e-05 data 3.737811976306989e-05 drift 8.34785478981619e-05
CALIBRATE alpha 3e-05 data 0.000173329401391043 drift 0.0001688447717343746
CALIBRATE alpha 0.0001 data 0.0008902143239934617 drift 0.0008503317863468101
CALIBRATED alpha 1e-05
MU-DIAG 1.0 0.00017209846494224096 0.0001655776483723037
MU-DIAG 100.0 0.00011108148731447224 0.010789830039543808
MU-DIAG 1000.0 5.8713952951603524e-05 0.05769769823658043
MU-DIAG 10000.0 3.20369224460732e-05 0.34004695371074917
MU-DIAG 100000.0 1.4501927099678895e-05 1.0214822371260428
MU-DIAG 1000000.0 6.4675612746626e-06 1.9188235859316176
RECON n0 2.54466 drift 0.0 631.5
RECON v1_n1_muloose 4.11195 drift 3.4e-05 646.0
RECON v1_n1_mutight 4.11195 drift 3.4e-05 657.6
RECON v1_n2_muloose 2.48485 drift 4.8e-05 672.6
RECON v1_n2_mutight 2.44847 drift 2.8e-05 685.1
RECON v1_n4_muloose 2.9939 drift 7e-05 699.9
RECON v1_n4_mutight 2.98927 drift 3.3e-05 710.8
RECON v1_n8_muloose 2.44341 drift 0.000102 722.8
RECON v1_n8_mutight 2.41147 drift 3.3e-05 734.8
RECON v1_n16_muloose 2.37842 drift 0.000136 748.6
RECON v1_n16_mutight 2.23371 drift 3.3e-05 759.6
RECON v1_n32_muloose 2.4423 drift 0.000162 770.8
RECON v1_n32_mutight 2.23221 drift 2.9e-05 782.0
RECON v2_n1_muloose 25.02578 drift 0.000464 802.4
RECON v2_n1_mutight 18.15634 drift 7.3e-05 817.3
RECON v2_n2_muloose 3.20538 drift 7.6e-05 836.4
RECON v2_n2_mutight 2.54466 drift 1.3e-05 848.7
RECON v2_n4_muloose 2.6528 drift 6.7e-05 864.7
RECON v2_n4_mutight 2.54466 drift 9e-06 876.8
RECON v2_n8_muloose 2.54466 drift 5.7e-05 891.8
RECON v2_n8_mutight 2.54466 drift 8e-06 903.2
RECON v2_n16_muloose 2.54466 drift 3.9e-05 917.9
RECON v2_n16_mutight 2.54466 drift 7e-06 929.8
RECON v2_n32_muloose 2.54466 drift 2.7e-05 945.3
RECON v2_n32_mutight 2.54466 drift 7e-06 957.9
RECON n0_dense 2.54466 drift 0.0 973.5
RECON v1_n8_mutight_dense 2.41147 drift 3.3e-05 990.0
WARMUP 5.3
TIMED 0 1087.0
TIMED 1 1160.7
TIMED 2 1233.7
GATE n0 vs abl01 1.1401423332613734e-12
HEAD REFINE BURGERS COMPLETE
ALL-DONE
