./code/burgers/deps/multistage-precision/ms_autodecoder.py: OK
./code/burgers/blat_rom.py: OK
./code/burgers/followup/fu_common.py: OK
./code/burgers/blat_summarize.py: OK
./run.sbatch: OK
./code/burgers/deps/burgers2d-coord-rom/burgers2d_film.py: OK
./code/burgers/followup/fu_summarize.py: OK
./code/burgers/blat_common.py: OK
./code/burgers/followup/fu_style.py: OK
./code/burgers/blat_stage1.py: OK
./code/burgers/deps/nonlinear-decoder-architecture/nda_arch.py: OK
./code/burgers/followup/fu_timing.py: OK
./code/burgers/blat_train_ad.py: OK
./code/burgers/deps/multistage-precision/ms_parametric.py: OK
cell=nda_bg144l4g2f31_s0_r29 commit=dbc34d610a89ee71ad0863c9178323c041861931 dirty_hash=87d2e4d82c1a host=pax063 gpu=NVIDIA H100 PCIe
Filesystem                       Size  Used Avail Use% Mounted on
10.246.194.77:/projects/paralab  4.6T  4.1T  473G  90% /cluster/tufts/paralab
jax_backend=gpu
jax_backend=gpu  x64=True  N=64 K=16 steps=60000 batch=128 p_sub=2048 t_smooth=0.01 bc=poly hidden=144x4 decoder={'name': 'groupfilm', 'hidden': 144, 'n_layers': 4, 'group_size': 2, 'film_start': 0, 'z_width': 64, 'residual_scale': 0.5773502691896258, 'warp_max_shift': 0.15, 'warp_max_log_scale': 0.25, 'z_ff': 0}
  FOM: 576 trajectories (50 Newton-implicit steps each) in 8s, max Newton rel residual 1.00e-12
  data check: max FOM rel residual over all trajectories 1.00e-12
  data fingerprint {'sum': 12014563.752092322, 'sumsq': 5940357.887094005, 'shape': [576, 51, 4096]}
  POD: 26112 snapshots, top-64 ortho dev 1.9e-15 [3s]
  POD val floors: r4=3.933e-01  r6=2.833e-01  r8=2.108e-01  r16=1.013e-01  r32=4.169e-02  r64=1.324e-02
  decoder params 119601, n_freq 31, eps 2.2114e-01
  step      0  loss 1.422e-01  data 1.417e-01  [4s]
  step   2000  loss 1.449e-03  data 9.777e-04  [30s]
  step   4000  loss 1.173e-03  data 7.009e-04  [57s]
  step   6000  loss 1.341e-03  data 3.690e-04  [84s]
  step   8000  loss 7.159e-04  data 1.930e-04  [111s]
  step  10000  loss 7.808e-04  data 2.124e-04  [138s]
  step  12000  loss 6.506e-04  data 1.577e-04  [165s]
  step  14000  loss 7.875e-04  data 1.795e-04  [192s]
  step  16000  loss 3.578e-04  data 6.282e-05  [219s]
  step  18000  loss 5.660e-04  data 1.242e-04  [247s]
  step  20000  loss 5.501e-04  data 6.967e-05  [274s]
  step  22000  loss 5.401e-04  data 5.907e-05  [301s]
  step  24000  loss 6.919e-04  data 4.063e-05  [328s]
  step  26000  loss 3.937e-04  data 4.550e-05  [355s]
  step  28000  loss 5.729e-04  data 3.859e-05  [382s]
  step  30000  loss 4.835e-04  data 4.068e-05  [409s]
  step  32000  loss 4.420e-04  data 5.566e-05  [436s]
  step  34000  loss 3.864e-04  data 1.643e-05  [463s]
  step  36000  loss 5.624e-04  data 3.403e-05  [490s]
  step  38000  loss 4.113e-04  data 1.409e-05  [517s]
  step  40000  loss 5.644e-04  data 1.357e-05  [544s]
  step  42000  loss 3.241e-04  data 1.079e-05  [571s]
  step  44000  loss 6.700e-04  data 1.085e-05  [599s]
  step  46000  loss 3.709e-04  data 1.105e-05  [626s]
  step  48000  loss 3.184e-04  data 6.651e-06  [653s]
  step  50000  loss 7.525e-04  data 7.762e-06  [680s]
  step  52000  loss 4.832e-04  data 5.288e-06  [707s]
  step  54000  loss 3.231e-04  data 5.573e-06  [734s]
  step  56000  loss 4.515e-04  data 6.682e-06  [762s]
  step  58000  loss 4.448e-04  data 5.596e-06  [789s]
  step  59999  loss 4.231e-04  data 5.642e-06  [816s]
  TRAIN recon at learned latents: mean rel 5.812e-03 (median 4.978e-03, max 5.043e-02); latent RMS 1.037, mean |dz| per step 1.264e-01 [816s]
wrote N64_K16
jax_backend=gpu  N=64  variants=['lspg:full:weak128', 'lspg:eq640:weak128']
  TRUST factor=0 train_radius=19.2357 delta=inf
  FOM: 576 trajectories (50 Newton-implicit steps each) in 8s, max Newton rel residual 1.00e-12
  data check: max FOM rel residual over all trajectories 1.00e-12
  checks: {'local_vs_fom_maxabs': 0.0, 'fom_traj_step1_rel_res': 6.374458614255595e-16}
  ORACLE inferred-latent floor (held-out, budget 60): 8.181e-03 [85s]
  IC fit (u0 misfit): mean 2.092e-02
  lspg:full:weak128        m= 3844  traj rel mean 1.089e-02 (med 9.198e-03, max 3.008e-02) blowups 0  iters cold 11.0 warm 6.54  step 37.3 ms  [37s]
  NNLS-EQ weak/grid M=128 m=640: support 640 (+0 pad), rel fit 1.42e-03 (per-row median 7.4e-03, p95 5.6e-01, max 5.5e+02) [196s]
  lspg:eq640:weak128       m=  640  traj rel mean 1.113e-02 (med 9.264e-03, max 3.065e-02) blowups 0  iters cold 11.6 warm 6.59  step 7.3 ms  [207s]
  timing: lspg:full:weak128=1690ms  lspg:eq640:weak128=293ms  fom_rollout=316ms
wrote blat_rom_N64_K16.json
ALL-DONE
