./code/burgers/deps/multistage-precision/ms_autodecoder.py: OK
./code/burgers/blat_rom.py: OK
./code/burgers/followup/fu_common.py: OK
./code/burgers/blat_summarize.py: OK
./code/burgers/deps/burgers2d-coord-rom/burgers2d_film.py: OK
./code/burgers/followup/fu_summarize.py: OK
./code/burgers/blat_common.py: OK
./code/burgers/followup/fu_style.py: OK
./code/burgers/blat_stage1.py: OK
./run.sbatch: OK
./code/burgers/deps/nonlinear-decoder-architecture/nda_arch.py: OK
./code/burgers/followup/fu_timing.py: OK
./code/burgers/blat_train_ad.py: OK
./code/burgers/deps/multistage-precision/ms_parametric.py: OK
cell=nda_bg160l4g4f31_s1_r18 commit=15edc9628446ce8221dc5d08793729a8072c19dd dirty_hash=99981e6d08ef host=pax050 gpu=NVIDIA A100 80GB PCIe
Filesystem                       Size  Used Avail Use% Mounted on
10.246.194.85:/projects/paralab  4.6T  4.1T  474G  90% /cluster/tufts/paralab
jax_backend=gpu
jax_backend=gpu  x64=True  N=64 K=16 steps=60000 batch=128 p_sub=2048 t_smooth=0.01 bc=poly hidden=160x4 decoder={'name': 'groupfilm', 'hidden': 160, 'n_layers': 4, 'group_size': 4, 'film_start': 0, 'z_width': 64, 'residual_scale': 0.5773502691896258, 'warp_max_shift': 0.15, 'warp_max_log_scale': 0.25, 'z_ff': 0}
  FOM: 576 trajectories (50 Newton-implicit steps each) in 10s, max Newton rel residual 1.00e-12
  data check: max FOM rel residual over all trajectories 1.00e-12
  data fingerprint {'sum': 12014563.752092322, 'sumsq': 5940357.887094005, 'shape': [576, 51, 4096]}
  POD: 26112 snapshots, top-64 ortho dev 1.9e-15 [5s]
  POD val floors: r4=3.933e-01  r6=2.833e-01  r8=2.108e-01  r16=1.013e-01  r32=4.169e-02  r64=1.324e-02
  decoder params 119649, n_freq 31, eps 2.2114e-01
  step      0  loss 1.395e-01  data 1.391e-01  [6s]
  step   2000  loss 1.965e-03  data 1.368e-03  [46s]
  step   4000  loss 1.162e-03  data 5.358e-04  [86s]
  step   6000  loss 7.278e-04  data 2.499e-04  [126s]
  step   8000  loss 9.320e-04  data 3.123e-04  [167s]
  step  10000  loss 8.086e-04  data 3.618e-04  [207s]
  step  12000  loss 5.520e-04  data 1.930e-04  [247s]
  step  14000  loss 4.872e-04  data 1.418e-04  [287s]
  step  16000  loss 4.495e-04  data 1.122e-04  [328s]
  step  18000  loss 6.138e-04  data 1.314e-04  [368s]
  step  20000  loss 3.718e-04  data 1.067e-04  [408s]
  step  22000  loss 5.198e-04  data 7.707e-05  [449s]
  step  24000  loss 4.679e-04  data 5.464e-05  [489s]
  step  26000  loss 5.200e-04  data 6.754e-05  [529s]
  step  28000  loss 4.518e-04  data 3.193e-05  [569s]
  step  30000  loss 4.309e-04  data 2.245e-05  [610s]
  step  32000  loss 3.319e-04  data 1.832e-05  [650s]
  step  34000  loss 5.365e-04  data 2.757e-05  [690s]
  step  36000  loss 5.703e-04  data 1.594e-05  [731s]
  step  38000  loss 4.174e-04  data 2.575e-05  [771s]
  step  40000  loss 4.524e-04  data 1.666e-05  [811s]
  step  42000  loss 3.292e-04  data 1.061e-05  [851s]
  step  44000  loss 4.291e-04  data 1.013e-05  [892s]
  step  46000  loss 5.931e-04  data 1.411e-05  [932s]
  step  48000  loss 6.144e-04  data 8.123e-06  [972s]
  step  50000  loss 4.633e-04  data 6.656e-06  [1013s]
  step  52000  loss 4.480e-04  data 7.634e-06  [1053s]
  step  54000  loss 4.641e-04  data 5.967e-06  [1093s]
  step  56000  loss 5.437e-04  data 6.586e-06  [1133s]
  step  58000  loss 2.871e-04  data 3.926e-06  [1174s]
  step  59999  loss 3.397e-04  data 4.413e-06  [1214s]
  TRAIN recon at learned latents: mean rel 5.799e-03 (median 4.954e-03, max 4.562e-02); latent RMS 1.037, mean |dz| per step 1.262e-01 [1214s]
wrote N64_K16_S1
jax_backend=gpu  N=64  variants=['lspg:full:weak128', 'lspg:eq640:weak128']
  TRUST factor=0 train_radius=19.295 delta=inf
  FOM: 576 trajectories (50 Newton-implicit steps each) in 10s, max Newton rel residual 1.00e-12
  data check: max FOM rel residual over all trajectories 1.00e-12
  checks: {'local_vs_fom_maxabs': 0.0, 'fom_traj_step1_rel_res': 6.374458614255595e-16}
  ORACLE inferred-latent floor (held-out, budget 60): 7.835e-03 [116s]
  IC fit (u0 misfit): mean 2.033e-02
  lspg:full:weak128        m= 3844  traj rel mean 1.227e-02 (med 8.686e-03, max 4.782e-02) blowups 0  iters cold 12.0 warm 6.57  step 57.3 ms  [56s]
  NNLS-EQ weak/grid M=128 m=640: support 640 (+0 pad), rel fit 1.49e-03 (per-row median 7.1e-03, p95 4.9e-01, max 6.1e+02) [207s]
  lspg:eq640:weak128       m=  640  traj rel mean 1.227e-02 (med 8.768e-03, max 4.397e-02) blowups 0  iters cold 11.7 warm 6.59  step 9.6 ms  [220s]
  timing: lspg:full:weak128=2555ms  lspg:eq640:weak128=403ms  fom_rollout=410ms
wrote blat_rom_N64_K16_S1.json
ALL-DONE
