OPERATOR REUSED fno3d
OPERATOR REUSED unet3d
OPERATOR deeponet3d 1 val_worst 0.9875481322077541 seconds 10.125417449045926
OPERATOR deeponet3d 100 val_worst 0.9311793539028221 seconds 11.47381173283793
OPERATOR deeponet3d 200 val_worst 0.8650772156851729 seconds 12.884635254042223
OPERATOR deeponet3d 300 val_worst 0.8394435477511486 seconds 14.260227462975308
OPERATOR deeponet3d 400 val_worst 0.725861107578723 seconds 15.651523664826527
OPERATOR deeponet3d 500 val_worst 0.6977010764933248 seconds 17.037004462908953
OPERATOR deeponet3d 600 val_worst 0.673869974524347 seconds 18.430457640904933
OPERATOR deeponet3d 700 val_worst 0.6788713239360284 seconds 19.785142913926393
OPERATOR deeponet3d 800 val_worst 0.6368073796678764 seconds 21.152438873890787
OPERATOR deeponet3d 900 val_worst 0.6293661951312746 seconds 22.528206056915224
OPERATOR deeponet3d 1000 val_worst 0.6135936207908066 seconds 23.915667267981917
OPERATOR deeponet3d 1100 val_worst 0.5736754005642658 seconds 25.31434056884609
OPERATOR deeponet3d 1200 val_worst 0.5444791703536508 seconds 26.706435972824693
OPERATOR deeponet3d 1300 val_worst 0.6128257838334028 seconds 28.06665422488004
OPERATOR deeponet3d 1400 val_worst 0.6020912294025039 seconds 29.429541412973776
OPERATOR deeponet3d 1500 val_worst 0.5644033702779452 seconds 30.806307659950107
OPERATOR deeponet3d 1600 val_worst 0.6182395036453636 seconds 32.18417005101219
OPERATOR deeponet3d 1700 val_worst 0.49785250666504466 seconds 33.56895746383816
OPERATOR deeponet3d 1800 val_worst 0.5356168110375601 seconds 34.93627221789211
OPERATOR deeponet3d 1900 val_worst 0.5367847992951619 seconds 36.29292108886875
OPERATOR deeponet3d 2000 val_worst 0.5233277877498242 seconds 37.67761655081995
OPERATOR deeponet3d 2100 val_worst 0.5556493368036621 seconds 39.04895081697032
OPERATOR deeponet3d 2200 val_worst 0.5057818555839837 seconds 40.42155756801367
OPERATOR deeponet3d 2300 val_worst 0.4701219038596494 seconds 41.832047601928934
OPERATOR deeponet3d 2400 val_worst 0.47767046071181735 seconds 43.22674160497263
OPERATOR deeponet3d 2500 val_worst 0.4945707488049867 seconds 44.59381390991621
OPERATOR deeponet3d 2600 val_worst 0.4877490429137175 seconds 45.97944800788537
OPERATOR deeponet3d 2700 val_worst 0.6195482601773996 seconds 47.368956985883415
OPERATOR deeponet3d 2800 val_worst 0.4663294812704673 seconds 48.798790318891406
OPERATOR deeponet3d 2900 val_worst 0.4645542112700277 seconds 50.20829189894721
OPERATOR deeponet3d 3000 val_worst 0.49413595801578214 seconds 51.5818492108956
OPERATOR deeponet3d 3100 val_worst 0.48374827027346823 seconds 52.96893345890567
OPERATOR deeponet3d 3200 val_worst 0.47623190116980285 seconds 54.36662387382239
OPERATOR deeponet3d 3300 val_worst 0.46651411775558016 seconds 55.8051514220424
OPERATOR deeponet3d 3400 val_worst 0.4471485048956699 seconds 57.249285832978785
OPERATOR deeponet3d 3500 val_worst 0.4457018567571923 seconds 58.66523546096869
OPERATOR deeponet3d 3600 val_worst 0.4689402339939002 seconds 60.05356799182482
OPERATOR deeponet3d 3700 val_worst 0.5072467109634533 seconds 61.47724146582186
OPERATOR deeponet3d 3800 val_worst 0.47501746205908557 seconds 62.91654059686698
OPERATOR deeponet3d 3900 val_worst 0.4472259159833698 seconds 64.29867231403477
OPERATOR deeponet3d 4000 val_worst 0.475612249966951 seconds 65.72370889503509
OPERATOR deeponet3d 4100 val_worst 0.4557103388981386 seconds 67.12348179286346
OPERATOR deeponet3d 4200 val_worst 0.4395595085985701 seconds 68.5867627018597
OPERATOR deeponet3d 4300 val_worst 0.5306666590287489 seconds 70.14320379984565
OPERATOR deeponet3d 4400 val_worst 0.44824339747208936 seconds 71.54695439897478
OPERATOR deeponet3d 4500 val_worst 0.4995047499824813 seconds 72.96400117385201
OPERATOR deeponet3d 4600 val_worst 0.45236668035483124 seconds 74.37479017791338
OPERATOR deeponet3d 4700 val_worst 0.5003496142549856 seconds 75.80113360588439
OPERATOR deeponet3d 4800 val_worst 0.4353614056893264 seconds 77.22824504086748
OPERATOR deeponet3d 4900 val_worst 0.4140482201945442 seconds 78.7282655928284
OPERATOR deeponet3d 5000 val_worst 0.4153227855859613 seconds 80.13928130804561
OPERATOR deeponet3d 5100 val_worst 0.4202947301775889 seconds 81.57087545399554
OPERATOR deeponet3d 5200 val_worst 0.4149830140464993 seconds 82.9949815638829
OPERATOR deeponet3d 5300 val_worst 0.4269832464596794 seconds 84.40916083892807
OPERATOR deeponet3d 5400 val_worst 0.3902276040918149 seconds 85.86137015093118
OPERATOR deeponet3d 5500 val_worst 0.4579192234511573 seconds 87.30128961196169
OPERATOR deeponet3d 5600 val_worst 0.4039013340609867 seconds 88.77546349586919
OPERATOR deeponet3d 5700 val_worst 0.39480770599593995 seconds 90.21476956899278
OPERATOR deeponet3d 5800 val_worst 0.39914958413399104 seconds 91.65579329291359
OPERATOR deeponet3d 5900 val_worst 0.39341560472419307 seconds 93.08572062500753
OPERATOR deeponet3d 6000 val_worst 0.43045872130993745 seconds 94.52001472190022
OPERATOR deeponet3d 6100 val_worst 0.4125927342887416 seconds 95.9957819278352
OPERATOR deeponet3d 6200 val_worst 0.3722060404937271 seconds 97.44405979197472
OPERATOR deeponet3d 6300 val_worst 0.4200268640855445 seconds 98.88191323983483
OPERATOR deeponet3d 6400 val_worst 0.4370348705825812 seconds 100.31813538586721
OPERATOR deeponet3d 6500 val_worst 0.43289992851121456 seconds 101.7214929908514
OPERATOR deeponet3d 6600 val_worst 0.41369906215365654 seconds 103.19984376989305
OPERATOR deeponet3d 6700 val_worst 0.4476596328405493 seconds 104.62363918288611
OPERATOR deeponet3d 6800 val_worst 0.39325959519745524 seconds 106.07669735397212
OPERATOR deeponet3d 6900 val_worst 0.43744643455049675 seconds 107.50171059696004
OPERATOR deeponet3d 7000 val_worst 0.3963229912768938 seconds 108.97601826582104
OPERATOR deeponet3d 7100 val_worst 0.37906732260847315 seconds 110.43081645504571
OPERATOR deeponet3d 7200 val_worst 0.376814719957276 seconds 111.8838361739181
OPERATOR deeponet3d 7300 val_worst 0.3994135446413353 seconds 113.33085050503723
OPERATOR deeponet3d 7400 val_worst 0.4369439522664801 seconds 114.7785084550269
OPERATOR deeponet3d 7500 val_worst 0.3620659090511999 seconds 116.23532528593205
OPERATOR deeponet3d 7600 val_worst 0.38350831015575215 seconds 117.67711532185785
OPERATOR deeponet3d 7700 val_worst 0.370682744825014 seconds 119.12863712687977
OPERATOR deeponet3d 7800 val_worst 0.41073725293749935 seconds 120.57936112489551
OPERATOR deeponet3d 7900 val_worst 0.37937374633322046 seconds 122.01128199789673
OPERATOR deeponet3d 8000 val_worst 0.3819100482808796 seconds 123.4658483969979
OPERATOR deeponet3d 8100 val_worst 0.38893460672216734 seconds 124.9258095070254
OPERATOR deeponet3d 8200 val_worst 0.45663997327823913 seconds 126.37104227999225
OPERATOR deeponet3d 8300 val_worst 0.36788764835232995 seconds 127.83841886883602
OPERATOR deeponet3d 8400 val_worst 0.401774223568739 seconds 129.27244434482418
OPERATOR deeponet3d 8500 val_worst 0.35689349065999604 seconds 130.74728610995226
OPERATOR deeponet3d 8600 val_worst 0.3766414426623367 seconds 132.18105470901355
OPERATOR deeponet3d 8700 val_worst 0.4017455162223728 seconds 133.64802034199238
OPERATOR deeponet3d 8800 val_worst 0.37710064552675354 seconds 135.08229759102687
OPERATOR deeponet3d 8900 val_worst 0.39117357180950024 seconds 136.5386393519584
OPERATOR deeponet3d 9000 val_worst 0.3719057463536104 seconds 138.0081153868232
OPERATOR deeponet3d 9100 val_worst 0.38339987235361694 seconds 139.45316146803088
OPERATOR deeponet3d 9200 val_worst 0.3681863834443095 seconds 140.91775748995133
OPERATOR deeponet3d 9300 val_worst 0.35921430891311884 seconds 142.35393875604495
OPERATOR deeponet3d 9400 val_worst 0.46087964574874507 seconds 143.8081057749223
OPERATOR deeponet3d 9500 val_worst 0.36998500598551715 seconds 145.26096888701431
OPERATOR deeponet3d 9600 val_worst 0.3550280178652195 seconds 146.75911089102738
OPERATOR deeponet3d 9700 val_worst 0.3819330984680487 seconds 148.19366223085672
OPERATOR deeponet3d 9800 val_worst 0.3681227101069106 seconds 149.66179716796614
OPERATOR deeponet3d 9900 val_worst 0.35975467068064765 seconds 151.07007224601693
OPERATOR deeponet3d 10000 val_worst 0.3513386764166698 seconds 152.58814521785825
OPERATOR deeponet3d 10100 val_worst 0.3515003022765105 seconds 154.04307951801457
OPERATOR deeponet3d 10200 val_worst 0.34983113474314936 seconds 155.56719898991287
OPERATOR deeponet3d 10300 val_worst 0.3429373353134465 seconds 157.02507952181622
OPERATOR deeponet3d 10400 val_worst 0.35749362348746505 seconds 158.44889478594996
OPERATOR deeponet3d 10500 val_worst 0.3673484819001895 seconds 159.93854993302375
OPERATOR deeponet3d 10600 val_worst 0.35013153762961763 seconds 161.38881124998443
OPERATOR deeponet3d 10700 val_worst 0.3643640937431857 seconds 162.82836689800024
OPERATOR deeponet3d 10800 val_worst 0.3569124171320918 seconds 164.30924042593688
OPERATOR deeponet3d 10900 val_worst 0.35530749464551226 seconds 165.76980668888427
OPERATOR deeponet3d 11000 val_worst 0.34127773806154266 seconds 167.24209582898766
OPERATOR deeponet3d 11100 val_worst 0.3333316799576474 seconds 168.75413170689717
OPERATOR deeponet3d 11200 val_worst 0.355426652890578 seconds 170.16233133804053
OPERATOR deeponet3d 11300 val_worst 0.42968398624694903 seconds 171.65782382292673
OPERATOR deeponet3d 11400 val_worst 0.35059383749731443 seconds 173.11457781284116
OPERATOR deeponet3d 11500 val_worst 0.3576981167548783 seconds 174.55329138389789
OPERATOR deeponet3d 11600 val_worst 0.3570896366813275 seconds 176.00407266803086
OPERATOR deeponet3d 11700 val_worst 0.33320273924637606 seconds 177.4963908889331
OPERATOR deeponet3d 11800 val_worst 0.4075655099493239 seconds 178.9558708728291
OPERATOR deeponet3d 11900 val_worst 0.3376614893276562 seconds 180.39370993804187
OPERATOR deeponet3d 12000 val_worst 0.3371927230347264 seconds 181.8543197568506
OPERATOR deeponet3d 12100 val_worst 0.3434235838869871 seconds 183.296147209825
OPERATOR deeponet3d 12200 val_worst 0.3842834573266481 seconds 184.74715063604526
OPERATOR deeponet3d 12300 val_worst 0.3496747827266941 seconds 186.1994920950383
OPERATOR deeponet3d 12400 val_worst 0.34845496867349235 seconds 187.6592687999364
OPERATOR deeponet3d 12500 val_worst 0.33615483756869047 seconds 189.08998037897982
OPERATOR deeponet3d 12600 val_worst 0.30975892446126096 seconds 190.60359690897167
OPERATOR deeponet3d 12700 val_worst 0.3275080631373589 seconds 192.05278302100487
OPERATOR deeponet3d 12800 val_worst 0.32392127195182585 seconds 193.53495868691243
OPERATOR deeponet3d 12900 val_worst 0.33697715385053933 seconds 194.97301038587466
OPERATOR deeponet3d 13000 val_worst 0.3391744847632494 seconds 196.4539008999709
OPERATOR deeponet3d 13100 val_worst 0.3517861270850596 seconds 197.8965310899075
OPERATOR deeponet3d 13200 val_worst 0.322886829307581 seconds 199.37996154185385
OPERATOR deeponet3d 13300 val_worst 0.38332370767324064 seconds 200.82077616197057
OPERATOR deeponet3d 13400 val_worst 0.3116227863548922 seconds 202.277317665983
OPERATOR deeponet3d 13500 val_worst 0.32207011802056573 seconds 203.73537635989487
OPERATOR deeponet3d 13600 val_worst 0.33757194958918885 seconds 205.16197394789197
OPERATOR deeponet3d 13700 val_worst 0.3221692314940259 seconds 206.6312837379519
OPERATOR deeponet3d 13800 val_worst 0.3553733196799365 seconds 208.09309975383803
OPERATOR deeponet3d 13900 val_worst 0.3087838332844042 seconds 209.58840608992614
OPERATOR deeponet3d 14000 val_worst 0.30681313980419617 seconds 211.0549146248959
OPERATOR deeponet3d 14100 val_worst 0.30877746281666524 seconds 212.5009535488207
OPERATOR deeponet3d 14200 val_worst 0.30819837257476423 seconds 213.94425748288631
OPERATOR deeponet3d 14300 val_worst 0.297265027176264 seconds 215.47455826192163
OPERATOR deeponet3d 14400 val_worst 0.3142150142614887 seconds 216.93396341381595
OPERATOR deeponet3d 14500 val_worst 0.2987185138184247 seconds 218.40113748097792
OPERATOR deeponet3d 14600 val_worst 0.2940007909869491 seconds 219.89063284383155
OPERATOR deeponet3d 14700 val_worst 0.3273821008568493 seconds 221.40791245084256
OPERATOR deeponet3d 14800 val_worst 0.30102543671906007 seconds 222.82228007982485
OPERATOR deeponet3d 14900 val_worst 0.3072834753496841 seconds 224.26921665295959
OPERATOR deeponet3d 15000 val_worst 0.28563987380093675 seconds 225.73394369194284
OPERATOR deeponet3d 15100 val_worst 0.34550272421729344 seconds 227.17506425804459
OPERATOR deeponet3d 15200 val_worst 0.30149554739920503 seconds 228.64635830395855
OPERATOR deeponet3d 15300 val_worst 0.2988277932757374 seconds 230.11980972182937
OPERATOR deeponet3d 15400 val_worst 0.2943726887073839 seconds 231.55657440586947
OPERATOR deeponet3d 15500 val_worst 0.2932961215323537 seconds 233.02600810094737
OPERATOR deeponet3d 15600 val_worst 0.31136874274267773 seconds 234.4417822479736
OPERATOR deeponet3d 15700 val_worst 0.3004003951747626 seconds 235.91278584394604
OPERATOR deeponet3d 15800 val_worst 0.29439715561072405 seconds 237.40077539696358
OPERATOR deeponet3d 15900 val_worst 0.30500271164919046 seconds 238.8818048760295
OPERATOR deeponet3d 16000 val_worst 0.32115926322479993 seconds 240.3269067988731
OPERATOR deeponet3d 16100 val_worst 0.2806376648205271 seconds 241.87325995787978
OPERATOR deeponet3d 16200 val_worst 0.28452702716457795 seconds 243.30211130785756
OPERATOR deeponet3d 16300 val_worst 0.2905164928896764 seconds 244.8027108500246
OPERATOR deeponet3d 16400 val_worst 0.2987777887235256 seconds 246.23355428199284
OPERATOR deeponet3d 16500 val_worst 0.2947572967473305 seconds 247.67475695884787
OPERATOR deeponet3d 16600 val_worst 0.294285156665927 seconds 249.12942465394735
OPERATOR deeponet3d 16700 val_worst 0.3949212436921484 seconds 250.59837973187678
OPERATOR deeponet3d 16800 val_worst 0.283526179080961 seconds 252.0639854199253
OPERATOR deeponet3d 16900 val_worst 0.29020263338818203 seconds 253.50882713403553
OPERATOR deeponet3d 17000 val_worst 0.2757814763974519 seconds 254.99514467595145
OPERATOR deeponet3d 17100 val_worst 0.3128334602084559 seconds 256.46096794097684
OPERATOR deeponet3d 17200 val_worst 0.27909802723802374 seconds 257.9229479969945
OPERATOR deeponet3d 17300 val_worst 0.2693380289836077 seconds 259.42701506381854
OPERATOR deeponet3d 17400 val_worst 0.2594232577933016 seconds 260.92728316783905
OPERATOR deeponet3d 17500 val_worst 0.2611927139681551 seconds 262.36321799992584
OPERATOR deeponet3d 17600 val_worst 0.261110328135385 seconds 263.8165751758497
OPERATOR deeponet3d 17700 val_worst 0.27746812424626915 seconds 265.274602395948
OPERATOR deeponet3d 17800 val_worst 0.27122064181551087 seconds 266.74347231304273
OPERATOR deeponet3d 17900 val_worst 0.2647362382639381 seconds 268.17778946482576
OPERATOR deeponet3d 18000 val_worst 0.3091273977260704 seconds 269.62565286294557
OPERATOR deeponet3d 18100 val_worst 0.28113213801720727 seconds 271.10628922097385
OPERATOR deeponet3d 18200 val_worst 0.29325134150346144 seconds 272.58613211102784
OPERATOR deeponet3d 18300 val_worst 0.2678734156022282 seconds 274.01613825489767
OPERATOR deeponet3d 18400 val_worst 0.2640619425889836 seconds 275.50279386504553
OPERATOR deeponet3d 18500 val_worst 0.2702732731976538 seconds 276.9649283038452
OPERATOR deeponet3d 18600 val_worst 0.2637354694938628 seconds 278.42160379793495
OPERATOR deeponet3d 18700 val_worst 0.2675290815107463 seconds 279.9011978469789
OPERATOR deeponet3d 18800 val_worst 0.26095157747420794 seconds 281.3195881359279
OPERATOR deeponet3d 18900 val_worst 0.2617647669174899 seconds 282.7848989239428
OPERATOR deeponet3d 19000 val_worst 0.2607315676622728 seconds 284.23186116083525
OPERATOR deeponet3d 19100 val_worst 0.2739437432795961 seconds 285.687799309846
OPERATOR deeponet3d 19200 val_worst 0.2580837291945681 seconds 287.13865604787134
OPERATOR deeponet3d 19300 val_worst 0.2627703592681302 seconds 288.6282955480274
OPERATOR deeponet3d 19400 val_worst 0.26824730498139954 seconds 290.0692003518343
OPERATOR deeponet3d 19500 val_worst 0.26227939434513453 seconds 291.53936272789724
OPERATOR deeponet3d 19600 val_worst 0.2799629714235474 seconds 292.99866415187716
OPERATOR deeponet3d 19700 val_worst 0.25505823471669525 seconds 294.51138566993177
OPERATOR deeponet3d 19800 val_worst 0.2736324068761808 seconds 295.94521773490123
OPERATOR deeponet3d 19900 val_worst 0.25979038547577166 seconds 297.4110977498349
OPERATOR deeponet3d 20000 val_worst 0.26330084407529025 seconds 298.87636638386175
OPERATOR deeponet3d 20100 val_worst 0.2577340616701418 seconds 300.36615457292646
OPERATOR deeponet3d 20200 val_worst 0.25438703224945786 seconds 301.85314367804676
OPERATOR deeponet3d 20300 val_worst 0.24800018989376513 seconds 303.34080962184817
OPERATOR deeponet3d 20400 val_worst 0.25042872601974375 seconds 304.77402095193975
OPERATOR deeponet3d 20500 val_worst 0.25275039557301787 seconds 306.2196088200435
OPERATOR deeponet3d 20600 val_worst 0.25000121119078156 seconds 307.7041181100067
OPERATOR deeponet3d 20700 val_worst 0.25112980096594467 seconds 309.1830145160202
OPERATOR deeponet3d 20800 val_worst 0.24110789462967488 seconds 310.65428782999516
OPERATOR deeponet3d 20900 val_worst 0.2453524487097096 seconds 312.1043026379775
OPERATOR deeponet3d 21000 val_worst 0.2772895701050391 seconds 313.53049484081566
OPERATOR deeponet3d 21100 val_worst 0.24508677854650063 seconds 315.0420672518667
OPERATOR deeponet3d 21200 val_worst 0.2427337015448899 seconds 316.5085266919341
OPERATOR deeponet3d 21300 val_worst 0.24484996060172387 seconds 317.9611365259625
OPERATOR deeponet3d 21400 val_worst 0.2404108630409145 seconds 319.4499791068956
OPERATOR deeponet3d 21500 val_worst 0.25953461791495785 seconds 320.9327310768422
OPERATOR deeponet3d 21600 val_worst 0.24680214709910042 seconds 322.37031246791594
OPERATOR deeponet3d 21700 val_worst 0.24880414597323894 seconds 323.8601270739455
OPERATOR deeponet3d 21800 val_worst 0.24070025873287004 seconds 325.3059442760423
OPERATOR deeponet3d 21900 val_worst 0.24404168998779846 seconds 326.75641848891973
OPERATOR deeponet3d 22000 val_worst 0.25721275380262054 seconds 328.2308862309437
OPERATOR deeponet3d 22100 val_worst 0.2446328276442179 seconds 329.6969572848175
OPERATOR deeponet3d 22200 val_worst 0.23321611453147126 seconds 331.18212904199027
OPERATOR deeponet3d 22300 val_worst 0.24196103154727372 seconds 332.63738476787694
OPERATOR deeponet3d 22400 val_worst 0.23845604222493472 seconds 334.0996268938761
OPERATOR deeponet3d 22500 val_worst 0.23958435671856 seconds 335.5882083969191
OPERATOR deeponet3d 22600 val_worst 0.24270068407871206 seconds 337.0362362929154
OPERATOR deeponet3d 22700 val_worst 0.24057788087515272 seconds 338.48212859989144
OPERATOR deeponet3d 22800 val_worst 0.2434224969389448 seconds 339.9694280528929
OPERATOR deeponet3d 22900 val_worst 0.23959158847121628 seconds 341.3907885639928
OPERATOR deeponet3d 23000 val_worst 0.23581330085799515 seconds 342.8641955088824
OPERATOR deeponet3d 23100 val_worst 0.2295346221796195 seconds 344.3626569688786
OPERATOR deeponet3d 23200 val_worst 0.23400435672236664 seconds 345.8222919078544
OPERATOR deeponet3d 23300 val_worst 0.23564934467364426 seconds 347.29943372891285
OPERATOR deeponet3d 23400 val_worst 0.23125300803300103 seconds 348.7415362680331
OPERATOR deeponet3d 23500 val_worst 0.23539504056717384 seconds 350.20577999786474
OPERATOR deeponet3d 23600 val_worst 0.23343237683856 seconds 351.6757193179801
OPERATOR deeponet3d 23700 val_worst 0.22747896229905668 seconds 353.16688739997335
OPERATOR deeponet3d 23800 val_worst 0.2341352729754483 seconds 354.61262010689825
OPERATOR deeponet3d 23900 val_worst 0.23221419351527017 seconds 356.093918020837
OPERATOR deeponet3d 24000 val_worst 0.22468530902726974 seconds 357.604964831844
OPERATOR deeponet3d 24100 val_worst 0.23150000110085553 seconds 359.0633829149883
OPERATOR deeponet3d 24200 val_worst 0.22879729562455456 seconds 360.5166351539083
OPERATOR deeponet3d 24300 val_worst 0.2266916784250111 seconds 361.9652477179188
OPERATOR deeponet3d 24400 val_worst 0.22650997089306255 seconds 363.45944374683313
OPERATOR deeponet3d 24500 val_worst 0.22594451437414603 seconds 364.9221376320347
OPERATOR deeponet3d 24600 val_worst 0.22251408637016415 seconds 366.4218570550438
OPERATOR deeponet3d 24700 val_worst 0.22960942893146913 seconds 367.94009759882465
OPERATOR deeponet3d 24800 val_worst 0.2237027780426445 seconds 369.3871667999774
OPERATOR deeponet3d 24900 val_worst 0.22482136210137918 seconds 370.83667396986857
OPERATOR deeponet3d 25000 val_worst 0.22830389018691397 seconds 372.2528055650182
OPERATOR deeponet3d 25100 val_worst 0.22264145567424226 seconds 373.72274258499965
OPERATOR deeponet3d 25200 val_worst 0.22319727053739086 seconds 375.2068442439195
OPERATOR deeponet3d 25300 val_worst 0.22506610898050514 seconds 376.6350898009259
OPERATOR deeponet3d 25400 val_worst 0.22937592252803005 seconds 378.09270896203816
OPERATOR deeponet3d 25500 val_worst 0.2233616782555657 seconds 379.5471535800025
OPERATOR deeponet3d 25600 val_worst 0.2235265766085029 seconds 381.0109941388946
OPERATOR deeponet3d 25700 val_worst 0.2189819792008534 seconds 382.5032188750338
OPERATOR deeponet3d 25800 val_worst 0.2221603426245868 seconds 383.9501372720115
OPERATOR deeponet3d 25900 val_worst 0.2218656436149795 seconds 385.4492701648269
OPERATOR deeponet3d 26000 val_worst 0.2227892644018978 seconds 386.87978934287094
OPERATOR deeponet3d 26100 val_worst 0.22104161110063347 seconds 388.43990160594694
OPERATOR deeponet3d 26200 val_worst 0.2271734423228511 seconds 389.8690452789888
OPERATOR deeponet3d 26300 val_worst 0.21943787211224608 seconds 391.3778429548256
OPERATOR deeponet3d 26400 val_worst 0.21809319305219022 seconds 392.87038461188786
OPERATOR deeponet3d 26500 val_worst 0.2192983421234175 seconds 394.329388638027
OPERATOR deeponet3d 26600 val_worst 0.22029424442078413 seconds 395.79501619003713
OPERATOR deeponet3d 26700 val_worst 0.219324839381619 seconds 397.24767272896133
OPERATOR deeponet3d 26800 val_worst 0.22093181733684306 seconds 398.72617379785515
OPERATOR deeponet3d 26900 val_worst 0.21847753950788756 seconds 400.2279861050192
OPERATOR deeponet3d 27000 val_worst 0.21767723982866774 seconds 401.69170280895196
OPERATOR deeponet3d 27100 val_worst 0.21703026748682488 seconds 403.22796146501787
OPERATOR deeponet3d 27200 val_worst 0.21633183327580024 seconds 404.71272117388435
OPERATOR deeponet3d 27300 val_worst 0.21731278695520512 seconds 406.2321640260052
OPERATOR deeponet3d 27400 val_worst 0.21826428902974995 seconds 407.6919918549247
OPERATOR deeponet3d 27500 val_worst 0.21476454603061124 seconds 409.16215618001297
OPERATOR deeponet3d 27600 val_worst 0.21576242429083908 seconds 410.65681095793843
OPERATOR deeponet3d 27700 val_worst 0.21594527760213122 seconds 412.1043999379035
OPERATOR deeponet3d 27800 val_worst 0.21720854288464925 seconds 413.56658972101286
OPERATOR deeponet3d 27900 val_worst 0.21626022572680784 seconds 415.0233858318534
OPERATOR deeponet3d 28000 val_worst 0.21850011354346222 seconds 416.49604642996565
OPERATOR deeponet3d 28100 val_worst 0.21889596157502464 seconds 417.93711873702705
OPERATOR deeponet3d 28200 val_worst 0.21675142079315782 seconds 419.4310400518589
OPERATOR deeponet3d 28300 val_worst 0.21734341127099213 seconds 420.85282075288706
OPERATOR deeponet3d 28400 val_worst 0.21554500019139566 seconds 422.3900750919711
OPERATOR deeponet3d 28500 val_worst 0.21531038450159418 seconds 423.85417450685054
OPERATOR deeponet3d 28600 val_worst 0.21678503541326577 seconds 425.34023724286817
OPERATOR deeponet3d 28700 val_worst 0.2181136545078708 seconds 426.7789032110013
OPERATOR deeponet3d 28800 val_worst 0.21507035025628107 seconds 428.23994456697255
OPERATOR deeponet3d 28900 val_worst 0.21293329795361238 seconds 429.7565520738717
OPERATOR deeponet3d 29000 val_worst 0.21435924000701553 seconds 431.2099339319393
OPERATOR deeponet3d 29100 val_worst 0.21493883851704754 seconds 432.6845992738381
OPERATOR deeponet3d 29200 val_worst 0.21304655438897133 seconds 434.13688779086806
OPERATOR deeponet3d 29300 val_worst 0.21296576256862632 seconds 435.5733574149199
OPERATOR deeponet3d 29400 val_worst 0.2149256630697279 seconds 437.0298363259062
OPERATOR deeponet3d 29500 val_worst 0.21378119365556078 seconds 438.52763278596103
OPERATOR deeponet3d 29600 val_worst 0.2127415580578986 seconds 440.0064439920243
OPERATOR deeponet3d 29700 val_worst 0.21290235338329236 seconds 441.4728685170412
OPERATOR deeponet3d 29800 val_worst 0.21352671363584771 seconds 442.9607407369185
OPERATOR deeponet3d 29900 val_worst 0.2136713198458798 seconds 444.4205737118609
OPERATOR deeponet3d 30000 val_worst 0.21198778873586832 seconds 445.8959847469814
OPERATOR transolver3d 1 val_worst 0.9673448396785405 seconds 15.614796127891168
OPERATOR transolver3d 100 val_worst 0.5415580204692579 seconds 17.608784236945212
OPERATOR transolver3d 200 val_worst 0.36568687421803087 seconds 19.61276651895605
OPERATOR transolver3d 300 val_worst 0.30458791248659184 seconds 21.617340377066284
OPERATOR transolver3d 400 val_worst 0.2960789869343514 seconds 23.614700961858034
OPERATOR transolver3d 500 val_worst 0.26158968146004546 seconds 25.610782116884366
OPERATOR transolver3d 600 val_worst 0.26128993745843865 seconds 27.621945435879752
OPERATOR transolver3d 700 val_worst 0.21070376532660515 seconds 29.651936498936266
OPERATOR transolver3d 800 val_worst 0.19555880634152364 seconds 31.697108353022486
OPERATOR transolver3d 900 val_worst 0.18998100163700823 seconds 33.73957244795747
OPERATOR transolver3d 1000 val_worst 0.1755478350118815 seconds 35.789283154997975
OPERATOR transolver3d 1100 val_worst 0.16942621334652339 seconds 37.843752190005034
OPERATOR transolver3d 1200 val_worst 0.1656325008260109 seconds 39.89753031800501
OPERATOR transolver3d 1300 val_worst 0.17584197110124444 seconds 41.9371835088823
OPERATOR transolver3d 1400 val_worst 0.1667896650761066 seconds 43.982587354956195
OPERATOR transolver3d 1500 val_worst 0.16948623851322148 seconds 46.02689718501642
OPERATOR transolver3d 1600 val_worst 0.1676265983754716 seconds 48.06758892093785
OPERATOR transolver3d 1700 val_worst 0.16590632632144817 seconds 50.123877689940855
OPERATOR transolver3d 1800 val_worst 0.16121176924514843 seconds 52.192819591844454
OPERATOR transolver3d 1900 val_worst 0.14963409700475552 seconds 54.261927322950214
OPERATOR transolver3d 2000 val_worst 0.1357865014235647 seconds 56.34861604194157
OPERATOR transolver3d 2100 val_worst 0.18042959008466872 seconds 58.40166113898158
OPERATOR transolver3d 2200 val_worst 0.23113832656516212 seconds 60.463060304988176
OPERATOR transolver3d 2300 val_worst 0.14345466037078725 seconds 62.54409218393266
OPERATOR transolver3d 2400 val_worst 0.13321170312435635 seconds 64.62200345704332
OPERATOR transolver3d 2500 val_worst 0.12715485655423772 seconds 66.7085952910129
OPERATOR transolver3d 2600 val_worst 0.1537307754756349 seconds 68.7692169379443
OPERATOR transolver3d 2700 val_worst 0.1585641851574057 seconds 70.84774460596964
OPERATOR transolver3d 2800 val_worst 0.12821174909591068 seconds 72.91206925897859
OPERATOR transolver3d 2900 val_worst 0.11449831454265166 seconds 75.00409363489598
OPERATOR transolver3d 3000 val_worst 0.11311464901151766 seconds 77.13973808987066
OPERATOR transolver3d 3100 val_worst 0.10389725990912861 seconds 79.22762023285031
OPERATOR transolver3d 3200 val_worst 0.113161554876628 seconds 81.28606162988581
OPERATOR transolver3d 3300 val_worst 0.14294510077734293 seconds 83.35791700403206
OPERATOR transolver3d 3400 val_worst 0.10292142504661325 seconds 85.44119670498185
OPERATOR transolver3d 3500 val_worst 0.10009807558302077 seconds 87.54080878593959
OPERATOR transolver3d 3600 val_worst 0.1125568203417149 seconds 89.61000987701118
OPERATOR transolver3d 3700 val_worst 0.22876841534486175 seconds 91.67521241796203
OPERATOR transolver3d 3800 val_worst 0.14367066701015885 seconds 93.74157564388588
OPERATOR transolver3d 3900 val_worst 0.12843715695843239 seconds 95.808092454914
OPERATOR transolver3d 4000 val_worst 0.1146338194139506 seconds 97.87639573891647
OPERATOR transolver3d 4100 val_worst 0.10965861070782004 seconds 99.96028841286898
OPERATOR transolver3d 4200 val_worst 0.1087327650988736 seconds 102.02965690288693
OPERATOR transolver3d 4300 val_worst 0.10591255794632055 seconds 104.10476656584069
OPERATOR transolver3d 4400 val_worst 0.10336031391678561 seconds 106.17394101503305
OPERATOR transolver3d 4500 val_worst 0.11267529838781741 seconds 108.24182567885146
OPERATOR transolver3d 4600 val_worst 0.11438338744371535 seconds 110.30892217392102
OPERATOR transolver3d 4700 val_worst 0.10425242416137932 seconds 112.4034874739591
OPERATOR transolver3d 4800 val_worst 0.09852142354025141 seconds 114.49518930888735
OPERATOR transolver3d 4900 val_worst 0.09547288873679607 seconds 116.59548461600207
OPERATOR transolver3d 5000 val_worst 0.09741351438414692 seconds 118.6609907168895
OPERATOR transolver3d 5100 val_worst 0.10519817798371203 seconds 120.73796552605927
OPERATOR transolver3d 5200 val_worst 0.10662742485986251 seconds 122.814766719006
OPERATOR transolver3d 5300 val_worst 0.08889588318095866 seconds 124.9191462888848
OPERATOR transolver3d 5400 val_worst 0.09044666950711593 seconds 126.98893613298424
OPERATOR transolver3d 5500 val_worst 0.09102829428614381 seconds 129.08215395384468
OPERATOR transolver3d 5600 val_worst 0.0867730685334248 seconds 131.17800031602383
OPERATOR transolver3d 5700 val_worst 0.0924315077203984 seconds 133.24938757298514
OPERATOR transolver3d 5800 val_worst 0.12621115566666358 seconds 135.3416550438851
OPERATOR transolver3d 5900 val_worst 0.10371816939976816 seconds 137.40782204200514
OPERATOR transolver3d 6000 val_worst 0.09083352151771587 seconds 139.48284828383476
OPERATOR transolver3d 6100 val_worst 0.0978970075066015 seconds 141.55744026298635
OPERATOR transolver3d 6200 val_worst 0.10191985351881336 seconds 143.6381403899286
OPERATOR transolver3d 6300 val_worst 0.08756329947834478 seconds 145.7185931489803
OPERATOR transolver3d 6400 val_worst 0.08618584987286675 seconds 147.81316457898356
OPERATOR transolver3d 6500 val_worst 0.08760794396427976 seconds 149.88212581188418
OPERATOR transolver3d 6600 val_worst 0.09271686455740588 seconds 151.97361674904823
OPERATOR transolver3d 6700 val_worst 0.09650777559106477 seconds 154.0448954529129
OPERATOR transolver3d 6800 val_worst 0.08740375129414123 seconds 156.1268628248945
OPERATOR transolver3d 6900 val_worst 0.08511789988468436 seconds 158.23421799391508
OPERATOR transolver3d 7000 val_worst 0.08548522934108826 seconds 160.3272485388443
OPERATOR transolver3d 7100 val_worst 0.1366799273793936 seconds 162.43260887102224
OPERATOR transolver3d 7200 val_worst 0.11152418053807488 seconds 164.5052327348385
OPERATOR transolver3d 7300 val_worst 0.09802148079859437 seconds 166.57530236593448
OPERATOR transolver3d 7400 val_worst 0.13100881598179498 seconds 168.6650819228962
OPERATOR transolver3d 7500 val_worst 0.10514915872081206 seconds 170.76515053585172
OPERATOR transolver3d 7600 val_worst 0.09543545370527806 seconds 172.83588211005554
OPERATOR transolver3d 7700 val_worst 0.09879020738579122 seconds 174.90839540492743
OPERATOR transolver3d 7800 val_worst 0.0930146488283817 seconds 176.9942442609463
OPERATOR transolver3d 7900 val_worst 0.09260019539277739 seconds 179.0942426349502
OPERATOR transolver3d 8000 val_worst 0.1066556613288967 seconds 181.16916187899187
OPERATOR transolver3d 8100 val_worst 0.08959426311695358 seconds 183.25290893996134
OPERATOR transolver3d 8200 val_worst 0.09026132946301298 seconds 185.32206410402432
OPERATOR transolver3d 8300 val_worst 0.08501480608260534 seconds 187.4285342588555
OPERATOR transolver3d 8400 val_worst 0.08461856053028034 seconds 189.51508440705948
OPERATOR transolver3d 8500 val_worst 0.08384092182447794 seconds 191.61452002986334
OPERATOR transolver3d 8600 val_worst 0.0829495060081585 seconds 193.72081744903699
OPERATOR transolver3d 8700 val_worst 0.08232242905588338 seconds 195.8084842909593
OPERATOR transolver3d 8800 val_worst 0.08694138842568205 seconds 197.8883713549003
OPERATOR transolver3d 8900 val_worst 0.11400323664916513 seconds 199.9613287949469
OPERATOR transolver3d 9000 val_worst 0.09345282173366457 seconds 202.03926619002596
OPERATOR transolver3d 9100 val_worst 0.08248214046722073 seconds 204.1125351858791
OPERATOR transolver3d 9200 val_worst 0.09721805903144336 seconds 206.19449011306278
OPERATOR transolver3d 9300 val_worst 0.09785365918270889 seconds 208.28021426592022
OPERATOR transolver3d 9400 val_worst 0.08126038111952023 seconds 210.3949031708762
OPERATOR transolver3d 9500 val_worst 0.08419764559161402 seconds 212.4683015770279
OPERATOR transolver3d 9600 val_worst 0.08476203337358704 seconds 214.56114392494783
OPERATOR transolver3d 9700 val_worst 0.08554701008300995 seconds 216.64152705995366
OPERATOR transolver3d 9800 val_worst 0.07994089237838337 seconds 218.73651056690142
OPERATOR transolver3d 9900 val_worst 0.07615947934927901 seconds 220.82588055101223
OPERATOR transolver3d 10000 val_worst 0.09927940349038011 seconds 222.90934800286777
OPERATOR transolver3d 10100 val_worst 0.0784235654785168 seconds 224.9979928669054
OPERATOR transolver3d 10200 val_worst 0.09418427856674676 seconds 227.07535676192492
OPERATOR transolver3d 10300 val_worst 0.08662035880932786 seconds 229.16210486390628
OPERATOR transolver3d 10400 val_worst 0.08913637468300606 seconds 231.26566559891216
OPERATOR transolver3d 10500 val_worst 0.09945441862118348 seconds 233.33797034993768
OPERATOR transolver3d 10600 val_worst 0.09128572042458603 seconds 235.4674475849606
OPERATOR transolver3d 10700 val_worst 0.08644989184974981 seconds 237.54229986900464
OPERATOR transolver3d 10800 val_worst 0.07913855317112882 seconds 239.62409171788022
OPERATOR transolver3d 10900 val_worst 0.07864464866273195 seconds 241.7004970270209
OPERATOR transolver3d 11000 val_worst 0.08792878333589091 seconds 243.77906729001552
OPERATOR transolver3d 11100 val_worst 0.14303726551365503 seconds 245.86317854304798
OPERATOR transolver3d 11200 val_worst 0.08353009329962686 seconds 247.93689317186363
OPERATOR transolver3d 11300 val_worst 0.088826023564982 seconds 250.01267304783687
OPERATOR transolver3d 11400 val_worst 0.07598850247042617 seconds 252.11504738684744
OPERATOR transolver3d 11500 val_worst 0.07693956888544833 seconds 254.19198320503347
OPERATOR transolver3d 11600 val_worst 0.08322290909242598 seconds 256.297859814018
OPERATOR transolver3d 11700 val_worst 0.08132988820328715 seconds 258.4058079610113
OPERATOR transolver3d 11800 val_worst 0.08010339041593005 seconds 260.4787279048469
OPERATOR transolver3d 11900 val_worst 0.07751019391442908 seconds 262.573484929977
OPERATOR transolver3d 12000 val_worst 0.07459636786209572 seconds 264.6848576578777
OPERATOR transolver3d 12100 val_worst 0.0665768575091651 seconds 266.7862001529429
OPERATOR transolver3d 12200 val_worst 0.07607102625193048 seconds 268.8564512298908
OPERATOR transolver3d 12300 val_worst 0.08218731090687668 seconds 270.93175794905983
OPERATOR transolver3d 12400 val_worst 0.0673276648879214 seconds 273.02102991193533
OPERATOR transolver3d 12500 val_worst 0.07596066410185671 seconds 275.0940918449778
OPERATOR transolver3d 12600 val_worst 0.09125999450617688 seconds 277.1809063949622
OPERATOR transolver3d 12700 val_worst 0.0681666901898529 seconds 279.267068071058
OPERATOR transolver3d 12800 val_worst 0.06581048277674108 seconds 281.36957114795223
OPERATOR transolver3d 12900 val_worst 0.07055307532764507 seconds 283.44653137004934
OPERATOR transolver3d 13000 val_worst 0.07787726269968669 seconds 285.53545717103407
OPERATOR transolver3d 13100 val_worst 0.07605351150251749 seconds 287.6065474168863
OPERATOR transolver3d 13200 val_worst 0.07301785471275937 seconds 289.68906193599105
OPERATOR transolver3d 13300 val_worst 0.07318017267290769 seconds 291.7699258578941
OPERATOR transolver3d 13400 val_worst 0.08149620964333383 seconds 293.8420607969165
OPERATOR transolver3d 13500 val_worst 0.07619319413903855 seconds 295.927979176864
OPERATOR transolver3d 13600 val_worst 0.07332492182994473 seconds 298.01102581294253
OPERATOR transolver3d 13700 val_worst 0.07091476784484775 seconds 300.08994818502106
OPERATOR transolver3d 13800 val_worst 0.07326506528049492 seconds 302.1665226169862
OPERATOR transolver3d 13900 val_worst 0.07558037246684668 seconds 304.2472462230362
OPERATOR transolver3d 14000 val_worst 0.06899656232447507 seconds 306.3369543699082
OPERATOR transolver3d 14100 val_worst 0.07145092744862361 seconds 308.4477274878882
OPERATOR transolver3d 14200 val_worst 0.06626711877569953 seconds 310.5343560408801
OPERATOR transolver3d 14300 val_worst 0.07116726630957004 seconds 312.6201186380349
OPERATOR transolver3d 14400 val_worst 0.07185904680230523 seconds 314.7035017819144
OPERATOR transolver3d 14500 val_worst 0.07466215143033693 seconds 316.793057924835
OPERATOR transolver3d 14600 val_worst 0.07709479692585303 seconds 318.87478705798276
OPERATOR transolver3d 14700 val_worst 0.06914327477698497 seconds 320.9577679550275
OPERATOR transolver3d 14800 val_worst 0.07453452418700621 seconds 323.0330758069176
OPERATOR transolver3d 14900 val_worst 0.0720402018246056 seconds 325.11520552588627
OPERATOR transolver3d 15000 val_worst 0.06769197928726249 seconds 327.19278326793574
OPERATOR transolver3d 15100 val_worst 0.06878415941466653 seconds 329.2865270290058
OPERATOR transolver3d 15200 val_worst 0.06881023182891562 seconds 331.37163903098553
OPERATOR transolver3d 15300 val_worst 0.06810301094056687 seconds 333.44671559194103
OPERATOR transolver3d 15400 val_worst 0.06983130092564571 seconds 335.5228417639155
OPERATOR transolver3d 15500 val_worst 0.09305979701823479 seconds 337.6153404000215
OPERATOR transolver3d 15600 val_worst 0.06463532837546718 seconds 339.7156053420622
OPERATOR transolver3d 15700 val_worst 0.07425684012435407 seconds 341.7914396538399
OPERATOR transolver3d 15800 val_worst 0.059170802679161694 seconds 343.90525134303607
OPERATOR transolver3d 15900 val_worst 0.06836943160611493 seconds 345.9784779320471
OPERATOR transolver3d 16000 val_worst 0.06514726085863011 seconds 348.0711877408903
OPERATOR transolver3d 16100 val_worst 0.07615551929687717 seconds 350.14388760598376
OPERATOR transolver3d 16200 val_worst 0.06495239573587085 seconds 352.22177962283604
OPERATOR transolver3d 16300 val_worst 0.06861970490807195 seconds 354.30245355702937
OPERATOR transolver3d 16400 val_worst 0.06776288060887194 seconds 356.3908687909134
OPERATOR transolver3d 16500 val_worst 0.06331878434658658 seconds 358.4694476479199
OPERATOR transolver3d 16600 val_worst 0.07263276162170586 seconds 360.55079699191265
OPERATOR transolver3d 16700 val_worst 0.06664447514543043 seconds 362.6290982840583
OPERATOR transolver3d 16800 val_worst 0.06470242640945774 seconds 364.710104821017
OPERATOR transolver3d 16900 val_worst 0.0642131428726953 seconds 366.8097932259552
OPERATOR transolver3d 17000 val_worst 0.061363670966926236 seconds 368.8893332260195
OPERATOR transolver3d 17100 val_worst 0.06332092449654934 seconds 370.9740981159266
OPERATOR transolver3d 17200 val_worst 0.06873514273038056 seconds 373.0594538869336
OPERATOR transolver3d 17300 val_worst 0.06868171030702246 seconds 375.14757747692056
OPERATOR transolver3d 17400 val_worst 0.06361156978977615 seconds 377.22524326085113
OPERATOR transolver3d 17500 val_worst 0.0634886298595316 seconds 379.30295518785715
OPERATOR transolver3d 17600 val_worst 0.06997998195359036 seconds 381.3923833989538
OPERATOR transolver3d 17700 val_worst 0.06105999019713014 seconds 383.4700042710174
OPERATOR transolver3d 17800 val_worst 0.06314049437131586 seconds 385.552124398062
OPERATOR transolver3d 17900 val_worst 0.06527849073066772 seconds 387.6421448539477
OPERATOR transolver3d 18000 val_worst 0.05738616576991973 seconds 389.73679903591983
OPERATOR transolver3d 18100 val_worst 0.061032646310358506 seconds 391.81640027696267
OPERATOR transolver3d 18200 val_worst 0.05910315446133303 seconds 393.8935376009904
OPERATOR transolver3d 18300 val_worst 0.058134413682653145 seconds 395.9945307020098
OPERATOR transolver3d 18400 val_worst 0.06060125383485188 seconds 398.0747141148895
OPERATOR transolver3d 18500 val_worst 0.060714985849363606 seconds 400.1561778939795
OPERATOR transolver3d 18600 val_worst 0.05642260425818107 seconds 402.27141541894525
OPERATOR transolver3d 18700 val_worst 0.05376356242774478 seconds 404.37081217905506
OPERATOR transolver3d 18800 val_worst 0.059843665149822166 seconds 406.44915797002614
OPERATOR transolver3d 18900 val_worst 0.052542734320089074 seconds 408.54746501194313
OPERATOR transolver3d 19000 val_worst 0.057604977608152835 seconds 410.6293579188641
OPERATOR transolver3d 19100 val_worst 0.0546790041034957 seconds 412.71505882497877
OPERATOR transolver3d 19200 val_worst 0.05675439034480642 seconds 414.8052072019782
OPERATOR transolver3d 19300 val_worst 0.05575144241914626 seconds 416.8941414139699
OPERATOR transolver3d 19400 val_worst 0.06653234381480144 seconds 418.97556362790056
OPERATOR transolver3d 19500 val_worst 0.05765132128462457 seconds 421.0505696060136
OPERATOR transolver3d 19600 val_worst 0.05457317799077245 seconds 423.13701059203595
OPERATOR transolver3d 19700 val_worst 0.054836700795543515 seconds 425.22926361090504
OPERATOR transolver3d 19800 val_worst 0.05416801944298583 seconds 427.3216749369167
OPERATOR transolver3d 19900 val_worst 0.054884373483478154 seconds 429.40110788401216
OPERATOR transolver3d 20000 val_worst 0.058222782443668124 seconds 431.4782738399226
OPERATOR transolver3d 20100 val_worst 0.04960427279210555 seconds 433.5894952400122
OPERATOR transolver3d 20200 val_worst 0.05491379826048383 seconds 435.6657708149869
OPERATOR transolver3d 20300 val_worst 0.052860431378120305 seconds 437.7637884959113
OPERATOR transolver3d 20400 val_worst 0.05210586167696063 seconds 439.83293601102196
OPERATOR transolver3d 20500 val_worst 0.05369093677049004 seconds 441.9264969138894
OPERATOR transolver3d 20600 val_worst 0.05282959745834612 seconds 444.01370490086265
OPERATOR transolver3d 20700 val_worst 0.053015594983782104 seconds 446.1031242979225
OPERATOR transolver3d 20800 val_worst 0.053427395392921795 seconds 448.20358198997565
OPERATOR transolver3d 20900 val_worst 0.05456614524405159 seconds 450.2822752899956
OPERATOR transolver3d 21000 val_worst 0.059080022243832166 seconds 452.36219953303225
OPERATOR transolver3d 21100 val_worst 0.0526975228328482 seconds 454.4451034429949
OPERATOR transolver3d 21200 val_worst 0.05006347356921816 seconds 456.5295945489779
OPERATOR transolver3d 21300 val_worst 0.05693097057851784 seconds 458.6121367700398
OPERATOR transolver3d 21400 val_worst 0.05191794786826727 seconds 460.6986507079564
OPERATOR transolver3d 21500 val_worst 0.053175758135238525 seconds 462.78653497505
OPERATOR transolver3d 21600 val_worst 0.05444104482224646 seconds 464.8843451880384
OPERATOR transolver3d 21700 val_worst 0.05220863000494557 seconds 466.96998175396584
OPERATOR transolver3d 21800 val_worst 0.05321336973232949 seconds 469.07156409183517
OPERATOR transolver3d 21900 val_worst 0.05634152633017928 seconds 471.15976831689477
OPERATOR transolver3d 22000 val_worst 0.04714431473616842 seconds 473.2676172349602
OPERATOR transolver3d 22100 val_worst 0.05477792372308738 seconds 475.3501478389371
OPERATOR transolver3d 22200 val_worst 0.05024351331114967 seconds 477.45550750684924
OPERATOR transolver3d 22300 val_worst 0.05349583329310581 seconds 479.54462113487534
OPERATOR transolver3d 22400 val_worst 0.04635515311436057 seconds 481.6441808780655
OPERATOR transolver3d 22500 val_worst 0.04923419863470628 seconds 483.72663724794984
OPERATOR transolver3d 22600 val_worst 0.04993205166551237 seconds 485.83203842001967
OPERATOR transolver3d 22700 val_worst 0.05166777820147309 seconds 487.9068245058879
OPERATOR transolver3d 22800 val_worst 0.04731629374774086 seconds 489.99615522194654
OPERATOR transolver3d 22900 val_worst 0.04694777723793942 seconds 492.0799159659073
OPERATOR transolver3d 23000 val_worst 0.05108042150558392 seconds 494.17317539989017
OPERATOR transolver3d 23100 val_worst 0.04722440062356021 seconds 496.25458016688935
OPERATOR transolver3d 23200 val_worst 0.05640659093943706 seconds 498.364159201039
OPERATOR transolver3d 23300 val_worst 0.04892650033613718 seconds 500.44878239999525
OPERATOR transolver3d 23400 val_worst 0.04906608438656652 seconds 502.5288061199244
OPERATOR transolver3d 23500 val_worst 0.04907238467704304 seconds 504.61964082787745
OPERATOR transolver3d 23600 val_worst 0.04701572165580338 seconds 506.70697063487023
OPERATOR transolver3d 23700 val_worst 0.045104001245896204 seconds 508.8064616159536
OPERATOR transolver3d 23800 val_worst 0.04780478996161952 seconds 510.9158201699611
OPERATOR transolver3d 23900 val_worst 0.04440681722936508 seconds 513.0123534989543
OPERATOR transolver3d 24000 val_worst 0.046587969460430395 seconds 515.1042121360078
OPERATOR transolver3d 24100 val_worst 0.047824854889628156 seconds 517.1920720548369
OPERATOR transolver3d 24200 val_worst 0.0445018386512126 seconds 519.286966325948
OPERATOR transolver3d 24300 val_worst 0.045808769774576506 seconds 521.3720918588806
OPERATOR transolver3d 24400 val_worst 0.0454386835286286 seconds 523.4584285689052
OPERATOR transolver3d 24500 val_worst 0.044273518308501736 seconds 525.567662372021
OPERATOR transolver3d 24600 val_worst 0.04660536489370229 seconds 527.6602336969227
OPERATOR transolver3d 24700 val_worst 0.04622793440872972 seconds 529.7456481219269
OPERATOR transolver3d 24800 val_worst 0.04411356030299532 seconds 531.8463903020602
OPERATOR transolver3d 24900 val_worst 0.04413843708653196 seconds 533.9341924719047
OPERATOR transolver3d 25000 val_worst 0.04969021823231334 seconds 536.031083206879
OPERATOR transolver3d 25100 val_worst 0.04747909171154721 seconds 538.1139158620499
OPERATOR transolver3d 25200 val_worst 0.04511376369846067 seconds 540.1984345379751
OPERATOR transolver3d 25300 val_worst 0.04277560515821315 seconds 542.2964924110565
OPERATOR transolver3d 25400 val_worst 0.04464778880803735 seconds 544.382283027051
OPERATOR transolver3d 25500 val_worst 0.04414386148306647 seconds 546.4892914069351
OPERATOR transolver3d 25600 val_worst 0.043219841807202494 seconds 548.5679320869967
OPERATOR transolver3d 25700 val_worst 0.04469449914541637 seconds 550.6728902950417
OPERATOR transolver3d 25800 val_worst 0.044728258791675406 seconds 552.7529297368601
OPERATOR transolver3d 25900 val_worst 0.042907177481820935 seconds 554.8349270329345
OPERATOR transolver3d 26000 val_worst 0.04408149826156298 seconds 556.9280941998586
OPERATOR transolver3d 26100 val_worst 0.03927484913300503 seconds 559.0311923860572
OPERATOR transolver3d 26200 val_worst 0.041173715130981815 seconds 561.1163989668712
OPERATOR transolver3d 26300 val_worst 0.04203037899457688 seconds 563.2025541688781
OPERATOR transolver3d 26400 val_worst 0.04023863415656309 seconds 565.3003054310102
OPERATOR transolver3d 26500 val_worst 0.04064102395267656 seconds 567.3951113598887
OPERATOR transolver3d 26600 val_worst 0.041107530060700635 seconds 569.4859288109001
OPERATOR transolver3d 26700 val_worst 0.04129996698924796 seconds 571.5714089809917
OPERATOR transolver3d 26800 val_worst 0.04415778632821887 seconds 573.6827560020611
OPERATOR transolver3d 26900 val_worst 0.04023337141082394 seconds 575.7720300159417
OPERATOR transolver3d 27000 val_worst 0.04235100200226167 seconds 577.8534060718957
OPERATOR transolver3d 27100 val_worst 0.04315940144457341 seconds 579.9638731300365
OPERATOR transolver3d 27200 val_worst 0.04196307050501865 seconds 582.0477820539381
OPERATOR transolver3d 27300 val_worst 0.04362914346515075 seconds 584.1346569159068
OPERATOR transolver3d 27400 val_worst 0.0397441609471455 seconds 586.2295630080625
OPERATOR transolver3d 27500 val_worst 0.04114424042111346 seconds 588.3187661960255
OPERATOR transolver3d 27600 val_worst 0.042210309793268855 seconds 590.4083203540649
OPERATOR transolver3d 27700 val_worst 0.04182855037692609 seconds 592.5094054979272
OPERATOR transolver3d 27800 val_worst 0.04138965673247652 seconds 594.5971365808509
OPERATOR transolver3d 27900 val_worst 0.03995481309072286 seconds 596.6899549940135
OPERATOR transolver3d 28000 val_worst 0.04181726087111681 seconds 598.7674745998811
OPERATOR transolver3d 28100 val_worst 0.04107812794020147 seconds 600.8915284578688
OPERATOR transolver3d 28200 val_worst 0.038830540182249504 seconds 602.983648636844
OPERATOR transolver3d 28300 val_worst 0.03866856511658101 seconds 605.1012981829699
OPERATOR transolver3d 28400 val_worst 0.03906537942144254 seconds 607.1799780030269
OPERATOR transolver3d 28500 val_worst 0.04135204865025454 seconds 609.2803590039257
OPERATOR transolver3d 28600 val_worst 0.04190205068529726 seconds 611.3596939728595
OPERATOR transolver3d 28700 val_worst 0.0425531294687639 seconds 613.4598133978434
OPERATOR transolver3d 28800 val_worst 0.04047679139824493 seconds 615.537816776894
OPERATOR transolver3d 28900 val_worst 0.040215051071520964 seconds 617.6240333858877
OPERATOR transolver3d 29000 val_worst 0.04014994435553871 seconds 619.7442822479643
OPERATOR transolver3d 29100 val_worst 0.03846741119857924 seconds 621.8324621759821
OPERATOR transolver3d 29200 val_worst 0.04048753491822785 seconds 623.9217490649316
OPERATOR transolver3d 29300 val_worst 0.03860418392594743 seconds 626.0107997858431
OPERATOR transolver3d 29400 val_worst 0.037390864380483446 seconds 628.1215282569174
OPERATOR transolver3d 29500 val_worst 0.03943431361745327 seconds 630.2162349750288
OPERATOR transolver3d 29600 val_worst 0.04005087711955868 seconds 632.308883643942
OPERATOR transolver3d 29700 val_worst 0.04031681268947887 seconds 634.3882561919745
OPERATOR transolver3d 29800 val_worst 0.04190137696016111 seconds 636.4752163139638
OPERATOR transolver3d 29900 val_worst 0.04018418451323194 seconds 638.5826703088824
OPERATOR transolver3d 30000 val_worst 0.038751138793699895 seconds 640.675512193935
