host=pax003 gpu=NVIDIA A100-PCIE-40GB
jax_backend=gpu
stage MANIFEST OK
jax_backend=gpu device=cuda:0 x64=True ROUND3 N=256 K=16 R=512 steps=300000 max_snaps=16384 n_traj=0 pool=0 t_early=5 snap_norm=0 seed=0
  pick: 16384 states (3456 early t<=5) from 576 trajectories; point pool 64516/64516
   gen: trajectories 64/576  worst FOM rel residual 9.95e-13  [17s]
   gen: trajectories 128/576  worst FOM rel residual 1.00e-12  [31s]
   gen: trajectories 192/576  worst FOM rel residual 1.00e-12  [45s]
   gen: trajectories 256/576  worst FOM rel residual 1.00e-12  [59s]
   gen: trajectories 320/576  worst FOM rel residual 1.00e-12  [73s]
   gen: trajectories 384/576  worst FOM rel residual 1.00e-12  [86s]
   gen: trajectories 448/576  worst FOM rel residual 1.00e-12  [99s]
   gen: trajectories 512/576  worst FOM rel residual 1.00e-12  [114s]
   gen: trajectories 576/576  worst FOM rel residual 1.00e-12  [126s]
  test data: 8 fresh trajectories, worst FOM rel residual 9.92e-13
   train2[burgers r3 N=256 k=16 r=512] step      1/300000  rel-MSE 2.402e+00  [12s]
   train2[burgers r3 N=256 k=16 r=512] step   5000/300000  rel-MSE 2.125e-03  [144s]
   train2[burgers r3 N=256 k=16 r=512] step  10000/300000  rel-MSE 5.870e-04  [277s]
   train2[burgers r3 N=256 k=16 r=512] step  15000/300000  rel-MSE 3.913e-04  [409s]
   train2[burgers r3 N=256 k=16 r=512] step  20000/300000  rel-MSE 6.402e-04  [541s]
   train2[burgers r3 N=256 k=16 r=512] step  25000/300000  rel-MSE 3.428e-04  [673s]
   train2[burgers r3 N=256 k=16 r=512] step  30000/300000  rel-MSE 9.710e-04  [805s]
   train2[burgers r3 N=256 k=16 r=512] step  35000/300000  rel-MSE 3.515e-04  [938s]
   train2[burgers r3 N=256 k=16 r=512] step  40000/300000  rel-MSE 2.789e-04  [1070s]
   train2[burgers r3 N=256 k=16 r=512] step  45000/300000  rel-MSE 5.356e-04  [1202s]
   train2[burgers r3 N=256 k=16 r=512] step  50000/300000  rel-MSE 4.166e-04  [1334s]
   train2[burgers r3 N=256 k=16 r=512] step  55000/300000  rel-MSE 8.170e-04  [1466s]
   train2[burgers r3 N=256 k=16 r=512] step  60000/300000  rel-MSE 3.396e-04  [1598s]
   train2[burgers r3 N=256 k=16 r=512] step  65000/300000  rel-MSE 4.371e-04  [1731s]
   train2[burgers r3 N=256 k=16 r=512] step  70000/300000  rel-MSE 1.513e-04  [1863s]
   train2[burgers r3 N=256 k=16 r=512] step  75000/300000  rel-MSE 1.135e-04  [1995s]
   train2[burgers r3 N=256 k=16 r=512] step  80000/300000  rel-MSE 1.500e-04  [2127s]
   train2[burgers r3 N=256 k=16 r=512] step  85000/300000  rel-MSE 9.922e-05  [2260s]
   train2[burgers r3 N=256 k=16 r=512] step  90000/300000  rel-MSE 1.836e-04  [2392s]
   train2[burgers r3 N=256 k=16 r=512] step  95000/300000  rel-MSE 9.014e-05  [2524s]
   train2[burgers r3 N=256 k=16 r=512] step 100000/300000  rel-MSE 7.966e-05  [2656s]
   train2[burgers r3 N=256 k=16 r=512] step 105000/300000  rel-MSE 1.296e-04  [2789s]
   train2[burgers r3 N=256 k=16 r=512] step 110000/300000  rel-MSE 7.677e-05  [2921s]
   train2[burgers r3 N=256 k=16 r=512] step 115000/300000  rel-MSE 6.443e-05  [3053s]
   train2[burgers r3 N=256 k=16 r=512] step 120000/300000  rel-MSE 6.540e-05  [3186s]
   train2[burgers r3 N=256 k=16 r=512] step 125000/300000  rel-MSE 6.597e-05  [3318s]
   train2[burgers r3 N=256 k=16 r=512] step 130000/300000  rel-MSE 5.490e-05  [3450s]
   train2[burgers r3 N=256 k=16 r=512] step 135000/300000  rel-MSE 6.922e-05  [3582s]
   train2[burgers r3 N=256 k=16 r=512] step 140000/300000  rel-MSE 6.165e-05  [3715s]
   train2[burgers r3 N=256 k=16 r=512] step 145000/300000  rel-MSE 6.709e-05  [3847s]
   train2[burgers r3 N=256 k=16 r=512] step 150000/300000  rel-MSE 5.156e-05  [3979s]
   train2[burgers r3 N=256 k=16 r=512] step 155000/300000  rel-MSE 5.151e-05  [4112s]
   train2[burgers r3 N=256 k=16 r=512] step 160000/300000  rel-MSE 4.844e-05  [4244s]
   train2[burgers r3 N=256 k=16 r=512] step 165000/300000  rel-MSE 4.415e-05  [4376s]
   train2[burgers r3 N=256 k=16 r=512] step 170000/300000  rel-MSE 4.698e-05  [4509s]
   train2[burgers r3 N=256 k=16 r=512] step 175000/300000  rel-MSE 4.939e-05  [4641s]
   train2[burgers r3 N=256 k=16 r=512] step 180000/300000  rel-MSE 4.201e-05  [4773s]
   train2[burgers r3 N=256 k=16 r=512] step 185000/300000  rel-MSE 4.082e-05  [4905s]
   train2[burgers r3 N=256 k=16 r=512] step 190000/300000  rel-MSE 4.667e-05  [5038s]
   train2[burgers r3 N=256 k=16 r=512] step 195000/300000  rel-MSE 4.787e-05  [5170s]
   train2[burgers r3 N=256 k=16 r=512] step 200000/300000  rel-MSE 4.024e-05  [5302s]
   train2[burgers r3 N=256 k=16 r=512] step 205000/300000  rel-MSE 3.886e-05  [5435s]
   train2[burgers r3 N=256 k=16 r=512] step 210000/300000  rel-MSE 3.845e-05  [5567s]
   train2[burgers r3 N=256 k=16 r=512] step 215000/300000  rel-MSE 3.708e-05  [5699s]
   train2[burgers r3 N=256 k=16 r=512] step 220000/300000  rel-MSE 3.806e-05  [5831s]
   train2[burgers r3 N=256 k=16 r=512] step 225000/300000  rel-MSE 3.645e-05  [5964s]
   train2[burgers r3 N=256 k=16 r=512] step 230000/300000  rel-MSE 3.810e-05  [6096s]
   train2[burgers r3 N=256 k=16 r=512] step 235000/300000  rel-MSE 3.681e-05  [6228s]
   train2[burgers r3 N=256 k=16 r=512] step 240000/300000  rel-MSE 3.630e-05  [6361s]
   train2[burgers r3 N=256 k=16 r=512] step 245000/300000  rel-MSE 3.546e-05  [6493s]
   train2[burgers r3 N=256 k=16 r=512] step 250000/300000  rel-MSE 3.492e-05  [6625s]
   train2[burgers r3 N=256 k=16 r=512] step 255000/300000  rel-MSE 3.483e-05  [6757s]
   train2[burgers r3 N=256 k=16 r=512] step 260000/300000  rel-MSE 3.401e-05  [6890s]
   train2[burgers r3 N=256 k=16 r=512] step 265000/300000  rel-MSE 3.432e-05  [7022s]
   train2[burgers r3 N=256 k=16 r=512] step 270000/300000  rel-MSE 3.353e-05  [7154s]
   train2[burgers r3 N=256 k=16 r=512] step 275000/300000  rel-MSE 3.381e-05  [7286s]
   train2[burgers r3 N=256 k=16 r=512] step 280000/300000  rel-MSE 3.358e-05  [7419s]
   train2[burgers r3 N=256 k=16 r=512] step 285000/300000  rel-MSE 3.315e-05  [7551s]
   train2[burgers r3 N=256 k=16 r=512] step 290000/300000  rel-MSE 3.353e-05  [7683s]
   train2[burgers r3 N=256 k=16 r=512] step 295000/300000  rel-MSE 3.304e-05  [9190s]
   train2[burgers r3 N=256 k=16 r=512] step 300000/300000  rel-MSE 3.288e-05  [10681s]
   train2[burgers r3 N=256 k=16 r=512] done: recon rel-L2 mean 7.171e-03 max 8.463e-02 (raw 7.171e-03 / ema 7.175e-03, used raw)  [10685s]
  recon on FULL interior for 64 training states: mean 7.300e-03 max 3.439e-02 (pool recon mean 7.171e-03)
  SPAN spectrum: sv[0]/sv0=1.00e+00  sv[128]/sv0=7.22e-02  sv[256]/sv0=5.79e-03  sv[384]/sv0=1.11e-03  sv[511]/sv0=3.79e-05   rank(>1e-8) 512/512
  SPAN least-squares floor on fresh test states: mean 2.124e-04
  EQ-fit bank vs meshfree full-interior decode: 4.95e-16
  NNLS-EQ sep burgers r3 N=256 k=16 M=64 m=256: pool 64516 support 256 (+0 pad) rel fit 4.12e-03 (row p95 4.0e-01, max 1.8e+02) [54s]
  GATE 0 [ctrl]: max rel dev 5.94e-16
  NNLS-EQ sep burgers r3 N=256 k=16 M=256 m=1024: pool 64516 support 1024 (+0 pad) rel fit 5.01e-04 (row p95 3.3e-01, max 3.5e+02) [1033s]
  GATE 0 [M256]: max rel dev 6.74e-16
  encoder[burgers r3 u->z N=256]: rel-MSE 2.315e-02 on 16384 training pairs [11s]
  IC solver identity: 3.92e-16
  ROLLOUT GATE (v2 no-extrap vs incumbent): max |dZ| 7.40e-10
   cach|ctrl|ic_ctrl|roll_ctrl|t1e-9          traj 0: err 1.992e-02  e2e   203.50 ms
   cach|ctrl|ic_enc|roll_extrap|t1e-9         traj 0: err 1.992e-02  e2e    76.39 ms
   mesh|ctrl|ic_ctrl|roll_ctrl|t1e-9          traj 0: err 1.992e-02  e2e  4288.95 ms
   cach|ctrl|ic_enc|roll_extrap|t1e-06        traj 0: err 1.992e-02  e2e    77.13 ms
   cach|M256|ic_enc|roll_extrap|t1e-9         traj 0: err 1.764e-02  e2e    91.31 ms
   cach|ctrl|ic_ctrl|roll_ctrl|t1e-9          traj 1: err 1.808e-02  e2e   147.57 ms
   cach|ctrl|ic_enc|roll_extrap|t1e-9         traj 1: err 1.808e-02  e2e    68.67 ms
   mesh|ctrl|ic_ctrl|roll_ctrl|t1e-9          traj 1: err 1.808e-02  e2e  2610.24 ms
   cach|ctrl|ic_enc|roll_extrap|t1e-06        traj 1: err 1.808e-02  e2e    69.36 ms
   cach|M256|ic_enc|roll_extrap|t1e-9         traj 1: err 1.203e-02  e2e    88.40 ms
   cach|ctrl|ic_ctrl|roll_ctrl|t1e-9          traj 2: err 1.445e-02  e2e   157.11 ms
   cach|ctrl|ic_enc|roll_extrap|t1e-9         traj 2: err 1.445e-02  e2e    67.24 ms
   mesh|ctrl|ic_ctrl|roll_ctrl|t1e-9          traj 2: err 1.445e-02  e2e  2850.35 ms
   cach|ctrl|ic_enc|roll_extrap|t1e-06        traj 2: err 1.445e-02  e2e    67.58 ms
   cach|M256|ic_enc|roll_extrap|t1e-9         traj 2: err 1.337e-02  e2e    71.24 ms
   cach|ctrl|ic_ctrl|roll_ctrl|t1e-9          traj 3: err 1.155e-02  e2e   142.00 ms
   cach|ctrl|ic_enc|roll_extrap|t1e-9         traj 3: err 1.155e-02  e2e    67.82 ms
   mesh|ctrl|ic_ctrl|roll_ctrl|t1e-9          traj 3: err 1.155e-02  e2e  2595.91 ms
   cach|ctrl|ic_enc|roll_extrap|t1e-06        traj 3: err 1.155e-02  e2e    68.28 ms
   cach|M256|ic_enc|roll_extrap|t1e-9         traj 3: err 1.045e-02  e2e    70.71 ms
   cach|ctrl|ic_ctrl|roll_ctrl|t1e-9          traj 4: err 5.353e-03  e2e   122.67 ms
   cach|ctrl|ic_enc|roll_extrap|t1e-9         traj 4: err 5.353e-03  e2e    57.61 ms
   mesh|ctrl|ic_ctrl|roll_ctrl|t1e-9          traj 4: err 5.353e-03  e2e  2333.58 ms
   cach|ctrl|ic_enc|roll_extrap|t1e-06        traj 4: err 5.353e-03  e2e    58.17 ms
   cach|M256|ic_enc|roll_extrap|t1e-9         traj 4: err 5.201e-03  e2e    76.42 ms
   cach|ctrl|ic_ctrl|roll_ctrl|t1e-9          traj 5: err 7.951e-03  e2e   157.71 ms
   cach|ctrl|ic_enc|roll_extrap|t1e-9         traj 5: err 7.951e-03  e2e    68.86 ms
   mesh|ctrl|ic_ctrl|roll_ctrl|t1e-9          traj 5: err 7.951e-03  e2e  2157.83 ms
   cach|ctrl|ic_enc|roll_extrap|t1e-06        traj 5: err 7.951e-03  e2e    69.62 ms
   cach|M256|ic_enc|roll_extrap|t1e-9         traj 5: err 7.828e-03  e2e    85.48 ms
   cach|ctrl|ic_ctrl|roll_ctrl|t1e-9          traj 6: err 5.427e-03  e2e   143.52 ms
   cach|ctrl|ic_enc|roll_extrap|t1e-9         traj 6: err 5.427e-03  e2e    62.11 ms
   mesh|ctrl|ic_ctrl|roll_ctrl|t1e-9          traj 6: err 5.427e-03  e2e  2596.00 ms
   cach|ctrl|ic_enc|roll_extrap|t1e-06        traj 6: err 5.427e-03  e2e    62.87 ms
   cach|M256|ic_enc|roll_extrap|t1e-9         traj 6: err 5.453e-03  e2e    70.20 ms
   cach|ctrl|ic_ctrl|roll_ctrl|t1e-9          traj 7: err 1.212e-02  e2e   124.13 ms
   cach|ctrl|ic_enc|roll_extrap|t1e-9         traj 7: err 1.212e-02  e2e    70.94 ms
   mesh|ctrl|ic_ctrl|roll_ctrl|t1e-9          traj 7: err 1.212e-02  e2e  2344.18 ms
   cach|ctrl|ic_enc|roll_extrap|t1e-06        traj 7: err 1.212e-02  e2e    71.59 ms
   cach|M256|ic_enc|roll_extrap|t1e-9         traj 7: err 4.342e-03  e2e    72.78 ms
  MATCHED-ACCURACY paired: ROM 67.39 ms vs tol-Newton(nt=3e-03, lt=2e-03) 15.94 ms
   BATCHED batched|cach|ctrl|ic_enc|roll_extrap|t1e-9: total 175.30 ms -> 21.912 ms/query  err 1.186e-02
   BATCHED batched|cach|M256|ic_enc|roll_extrap|t1e-9: total 247.62 ms -> 30.952 ms/query  err 9.539e-03
   BATCHED batched|fom|nt3e-03|lt2e-03: total 48.56 ms -> 6.070 ms/query  err 3.538e-04
   BATCHED batched|fom|nt1e-02|lt5e-04: total 51.69 ms -> 6.462 ms/query  err 3.050e-02
  ORACLE traj 0: mean 1.295e-02 max 9.019e-02 t0 9.019e-02
  ORACLE traj 1: mean 8.368e-03 max 3.210e-02 t0 3.210e-02
  ORACLE traj 2: mean 1.184e-02 max 6.585e-02 t0 6.585e-02
  ORACLE traj 3: mean 8.784e-03 max 3.701e-02 t0 3.701e-02
  ORACLE traj 4: mean 4.446e-03 max 5.987e-03 t0 5.987e-03
  ORACLE traj 5: mean 7.383e-03 max 1.388e-02 t0 1.388e-02
  ORACLE traj 6: mean 5.213e-03 max 8.948e-03 t0 8.948e-03
  ORACLE traj 7: mean 3.525e-03 max 6.484e-03 t0 6.484e-03
  single-step weak-opt [ctrl]: mean err 1.417e-02 vs mean oracle 1.332e-02 (gap = objective truncation)
  single-step weak-opt [M256]: mean err 1.361e-02 vs mean oracle 1.332e-02 (gap = objective truncation)
DONE burgers r3 N=256 [14909s] -> /cluster/tufts/paralab/tawal01/n256_push/r3a/out/sep_burgers_r3_N256_K16_R512.json
ALL-DONE
