W0924 22:46:28.344365  698663 bfc_allocator.cc:514] Allocator (GPU_0_bfc) ran out of memory trying to allocate 2.00GiB (rounded to 2146959360)requested by op 
If the cause is memory fragmentation maybe the environment variable 'TF_GPU_ALLOCATOR=cuda_malloc_async' will improve the situation. 
Current allocation summary follows.
Current allocation summary follows.
W0924 22:46:28.345119  698663 bfc_allocator.cc:525] ****************************************************************************************_**********_
W0924 22:46:38.345265  698663 bfc_allocator.cc:514] Allocator (GPU_0_bfc) ran out of memory trying to allocate 2.00GiB (rounded to 2146959360)requested by op 
If the cause is memory fragmentation maybe the environment variable 'TF_GPU_ALLOCATOR=cuda_malloc_async' will improve the situation. 
Current allocation summary follows.
Current allocation summary follows.
W0924 22:46:38.345440  698663 bfc_allocator.cc:525] ****************************************************************************************_**********_
W0924 22:46:48.345552  698663 bfc_allocator.cc:514] Allocator (GPU_0_bfc) ran out of memory trying to allocate 2.00GiB (rounded to 2146959360)requested by op 
If the cause is memory fragmentation maybe the environment variable 'TF_GPU_ALLOCATOR=cuda_malloc_async' will improve the situation. 
Current allocation summary follows.
Current allocation summary follows.
W0924 22:46:48.346188  698663 bfc_allocator.cc:525] ****************************************************************************************_**********_
W0924 22:46:58.346323  698663 bfc_allocator.cc:514] Allocator (GPU_0_bfc) ran out of memory trying to allocate 2.00GiB (rounded to 2146959360)requested by op 
If the cause is memory fragmentation maybe the environment variable 'TF_GPU_ALLOCATOR=cuda_malloc_async' will improve the situation. 
Current allocation summary follows.
Current allocation summary follows.
W0924 22:46:58.346505  698663 bfc_allocator.cc:525] ****************************************************************************************_**********_
W0924 22:47:08.346645  698663 bfc_allocator.cc:514] Allocator (GPU_0_bfc) ran out of memory trying to allocate 2.00GiB (rounded to 2146959360)requested by op 
If the cause is memory fragmentation maybe the environment variable 'TF_GPU_ALLOCATOR=cuda_malloc_async' will improve the situation. 
Current allocation summary follows.
Current allocation summary follows.
W0924 22:47:08.346826  698663 bfc_allocator.cc:525] ****************************************************************************************_**********_
W0924 22:47:18.346965  698663 bfc_allocator.cc:514] Allocator (GPU_0_bfc) ran out of memory trying to allocate 2.00GiB (rounded to 2146959360)requested by op 
If the cause is memory fragmentation maybe the environment variable 'TF_GPU_ALLOCATOR=cuda_malloc_async' will improve the situation. 
Current allocation summary follows.
Current allocation summary follows.
W0924 22:47:18.347150  698663 bfc_allocator.cc:525] ****************************************************************************************_**********_
W0924 22:47:28.347294  698663 bfc_allocator.cc:514] Allocator (GPU_0_bfc) ran out of memory trying to allocate 2.00GiB (rounded to 2146959360)requested by op 
If the cause is memory fragmentation maybe the environment variable 'TF_GPU_ALLOCATOR=cuda_malloc_async' will improve the situation. 
Current allocation summary follows.
Current allocation summary follows.
W0924 22:47:28.347469  698663 bfc_allocator.cc:525] ****************************************************************************************_**********_
W0924 22:47:38.347610  698663 bfc_allocator.cc:514] Allocator (GPU_0_bfc) ran out of memory trying to allocate 2.00GiB (rounded to 2146959360)requested by op 
If the cause is memory fragmentation maybe the environment variable 'TF_GPU_ALLOCATOR=cuda_malloc_async' will improve the situation. 
Current allocation summary follows.
Current allocation summary follows.
W0924 22:47:38.347771  698663 bfc_allocator.cc:525] ****************************************************************************************_**********_
W0924 22:47:48.347918  698663 bfc_allocator.cc:514] Allocator (GPU_0_bfc) ran out of memory trying to allocate 2.00GiB (rounded to 2146959360)requested by op 
If the cause is memory fragmentation maybe the environment variable 'TF_GPU_ALLOCATOR=cuda_malloc_async' will improve the situation. 
Current allocation summary follows.
Current allocation summary follows.
W0924 22:47:48.348095  698663 bfc_allocator.cc:525] ****************************************************************************************_**********_
W0924 22:47:59.040778  698608 bfc_allocator.cc:514] Allocator (GPU_0_bfc) ran out of memory trying to allocate 6.00GiB (rounded to 6444024320)requested by op 
If the cause is memory fragmentation maybe the environment variable 'TF_GPU_ALLOCATOR=cuda_malloc_async' will improve the situation. 
Current allocation summary follows.
Current allocation summary follows.
W0924 22:47:59.040970  698608 bfc_allocator.cc:525] ***********************************************************************************************_____
W0924 22:48:09.046507  698608 bfc_allocator.cc:514] Allocator (GPU_0_bfc) ran out of memory trying to allocate 6.00GiB (rounded to 6444024320)requested by op 
If the cause is memory fragmentation maybe the environment variable 'TF_GPU_ALLOCATOR=cuda_malloc_async' will improve the situation. 
Current allocation summary follows.
Current allocation summary follows.
W0924 22:48:09.046699  698608 bfc_allocator.cc:525] ***********************************************************************************************_____
W0924 22:48:19.378358  698608 bfc_allocator.cc:514] Allocator (GPU_0_bfc) ran out of memory trying to allocate 6.00GiB (rounded to 6444024320)requested by op 
If the cause is memory fragmentation maybe the environment variable 'TF_GPU_ALLOCATOR=cuda_malloc_async' will improve the situation. 
Current allocation summary follows.
Current allocation summary follows.
W0924 22:48:19.378541  698608 bfc_allocator.cc:525] ***********************************************************************************************_____
W0924 22:48:29.384001  698608 bfc_allocator.cc:514] Allocator (GPU_0_bfc) ran out of memory trying to allocate 6.00GiB (rounded to 6444024320)requested by op 
If the cause is memory fragmentation maybe the environment variable 'TF_GPU_ALLOCATOR=cuda_malloc_async' will improve the situation. 
Current allocation summary follows.
Current allocation summary follows.
W0924 22:48:29.384199  698608 bfc_allocator.cc:525] ***********************************************************************************************_____
W0924 22:48:39.389192  698608 bfc_allocator.cc:514] Allocator (GPU_0_bfc) ran out of memory trying to allocate 6.00GiB (rounded to 6444024320)requested by op 
If the cause is memory fragmentation maybe the environment variable 'TF_GPU_ALLOCATOR=cuda_malloc_async' will improve the situation. 
Current allocation summary follows.
Current allocation summary follows.
W0924 22:48:39.389414  698608 bfc_allocator.cc:525] ***********************************************************************************************_____
W0924 22:48:49.394583  698608 bfc_allocator.cc:514] Allocator (GPU_0_bfc) ran out of memory trying to allocate 6.00GiB (rounded to 6444024320)requested by op 
If the cause is memory fragmentation maybe the environment variable 'TF_GPU_ALLOCATOR=cuda_malloc_async' will improve the situation. 
Current allocation summary follows.
Current allocation summary follows.
W0924 22:48:49.394784  698608 bfc_allocator.cc:525] ***********************************************************************************************_____
W0924 22:48:59.652813  698608 bfc_allocator.cc:514] Allocator (GPU_0_bfc) ran out of memory trying to allocate 6.00GiB (rounded to 6444024320)requested by op 
If the cause is memory fragmentation maybe the environment variable 'TF_GPU_ALLOCATOR=cuda_malloc_async' will improve the situation. 
Current allocation summary follows.
Current allocation summary follows.
W0924 22:48:59.653009  698608 bfc_allocator.cc:525] ***********************************************************************************************_____
W0924 22:49:09.658514  698608 bfc_allocator.cc:514] Allocator (GPU_0_bfc) ran out of memory trying to allocate 6.00GiB (rounded to 6444024320)requested by op 
If the cause is memory fragmentation maybe the environment variable 'TF_GPU_ALLOCATOR=cuda_malloc_async' will improve the situation. 
Current allocation summary follows.
Current allocation summary follows.
W0924 22:49:09.658706  698608 bfc_allocator.cc:525] ***********************************************************************************************_____
W0924 22:49:19.663930  698608 bfc_allocator.cc:514] Allocator (GPU_0_bfc) ran out of memory trying to allocate 6.00GiB (rounded to 6444024320)requested by op 
If the cause is memory fragmentation maybe the environment variable 'TF_GPU_ALLOCATOR=cuda_malloc_async' will improve the situation. 
Current allocation summary follows.
Current allocation summary follows.
W0924 22:49:19.664122  698608 bfc_allocator.cc:525] ***********************************************************************************************_____
W0924 22:49:29.669149  698608 bfc_allocator.cc:514] Allocator (GPU_0_bfc) ran out of memory trying to allocate 6.00GiB (rounded to 6444024320)requested by op 
If the cause is memory fragmentation maybe the environment variable 'TF_GPU_ALLOCATOR=cuda_malloc_async' will improve the situation. 
Current allocation summary follows.
Current allocation summary follows.
W0924 22:49:29.669375  698608 bfc_allocator.cc:525] ***********************************************************************************************_____
W0924 22:49:39.790263  698608 bfc_allocator.cc:514] Allocator (GPU_0_bfc) ran out of memory trying to allocate 6.00GiB (rounded to 6444024320)requested by op 
If the cause is memory fragmentation maybe the environment variable 'TF_GPU_ALLOCATOR=cuda_malloc_async' will improve the situation. 
Current allocation summary follows.
Current allocation summary follows.
W0924 22:49:39.790491  698608 bfc_allocator.cc:525] ***********************************************************************************************_____
W0924 22:49:49.795971  698608 bfc_allocator.cc:514] Allocator (GPU_0_bfc) ran out of memory trying to allocate 6.00GiB (rounded to 6444024320)requested by op 
If the cause is memory fragmentation maybe the environment variable 'TF_GPU_ALLOCATOR=cuda_malloc_async' will improve the situation. 
Current allocation summary follows.
Current allocation summary follows.
W0924 22:49:49.796170  698608 bfc_allocator.cc:525] ***********************************************************************************************_____
W0924 22:49:59.801330  698608 bfc_allocator.cc:514] Allocator (GPU_0_bfc) ran out of memory trying to allocate 6.00GiB (rounded to 6444024320)requested by op 
If the cause is memory fragmentation maybe the environment variable 'TF_GPU_ALLOCATOR=cuda_malloc_async' will improve the situation. 
Current allocation summary follows.
Current allocation summary follows.
W0924 22:49:59.801551  698608 bfc_allocator.cc:525] ***********************************************************************************************_____
W0924 22:50:09.806678  698608 bfc_allocator.cc:514] Allocator (GPU_0_bfc) ran out of memory trying to allocate 6.00GiB (rounded to 6444024320)requested by op 
If the cause is memory fragmentation maybe the environment variable 'TF_GPU_ALLOCATOR=cuda_malloc_async' will improve the situation. 
Current allocation summary follows.
Current allocation summary follows.
W0924 22:50:09.806870  698608 bfc_allocator.cc:525] ***********************************************************************************************_____
Traceback (most recent call last):
  File "/cluster/tufts/paralab/tawal01/opsall_20260924/g2d/pl4096/src/experiments/burgers-bank-knob/bankknob.py", line 585, in <module>
    main()
    ~~~~^^
  File "/cluster/tufts/paralab/tawal01/opsall_20260924/g2d/pl4096/src/experiments/burgers-bank-knob/bankknob.py", line 254, in main
    og = operators(Mg)
  File "/cluster/tufts/paralab/tawal01/opsall_20260924/g2d/pl4096/src/experiments/burgers-bank-knob/bankknob.py", line 249, in operators
    ops_M[M] = jax.block_until_ready(o)
               ~~~~~~~~~~~~~~~~~~~~~^^^
  File "/cluster/tufts/paralab/tawal01/ae-research/venv/lib/python3.13/site-packages/jax/_src/api.py", line 2512, in block_until_ready
    xc.batched_block_until_ready(arrays)
    ~~~~~~~~~~~~~~~~~~~~~~~~~~~~^^^^^^^^
jax.errors.JaxRuntimeError: RESOURCE_EXHAUSTED: Out of memory while trying to allocate 6.00GiB. [executable_name='jit_concatenate'] [tf-allocator-allocation-error='']
