Filesystem                       Size  Used Avail Use% Mounted on
10.235.106.32:/projects/paralab  4.6T  4.1T  470G  90% /cluster/tufts/paralab
Mon Sep  7 20:39:24 2026       
+-----------------------------------------------------------------------------------------+
| NVIDIA-SMI 575.57.08              Driver Version: 575.57.08      CUDA Version: 12.9     |
|-----------------------------------------+------------------------+----------------------+
| GPU  Name                 Persistence-M | Bus-Id          Disp.A | Volatile Uncorr. ECC |
| Fan  Temp   Perf          Pwr:Usage/Cap |           Memory-Usage | GPU-Util  Compute M. |
|                                         |                        |               MIG M. |
|=========================================+========================+======================|
|   0  NVIDIA A100 80GB PCIe          On  |   00000000:D5:00.0 Off |                    0 |
| N/A   36C    P0             54W /  300W |       0MiB /  81920MiB |      0%      Default |
|                                         |                        |             Disabled |
+-----------------------------------------+------------------------+----------------------+
                                                                                         
+-----------------------------------------------------------------------------------------+
| Processes:                                                                              |
|  GPU   GI   CI              PID   Type   Process name                        GPU Memory |
|        ID   ID                                                               Usage      |
|=========================================================================================|
|  No running processes found                                                             |
+-----------------------------------------------------------------------------------------+
jax_backend=gpu
...
----------------------------------------------------------------------
Ran 3 tests in 1.467s

OK
jax_backend=gpu x64=True precision=highest
reference 0 passed
reference 1 passed
reference 2 passed
reference 3 passed
reference 4 passed
reference 5 passed
reference 6 passed
reference 7 passed
reference 8 passed
reference 9 passed
reference 10 passed
reference 11 passed
timed 64 0 fom_dst_16 0.0008540559792891145
timed 64 0 fom_dst_32 0.0005881560500711203
timed 64 0 fom_dst_64 0.0006110810209065676
timed 64 0 expanded_seed790714 0.013876962009817362
timed 64 0 expanded_seed790715 0.013875672942958772
timed 64 1 fom_dst_16 0.0013733250088989735
timed 64 1 fom_dst_32 0.0005297299940139055
timed 64 1 fom_dst_64 0.0005441050743684173
timed 64 1 expanded_seed790714 0.012205847073346376
timed 64 1 expanded_seed790715 0.011276086908765137
timed 64 2 fom_dst_16 0.001063344068825245
timed 64 2 fom_dst_32 0.000512014958076179
timed 64 2 fom_dst_64 0.00048458611126989126
timed 64 2 expanded_seed790714 0.012456711032427847
timed 64 2 expanded_seed790715 0.012197869014926255
timed 64 3 fom_dst_16 0.0012178189354017377
timed 64 3 fom_dst_32 0.0005126799223944545
timed 64 3 fom_dst_64 0.0004898980259895325
timed 64 3 expanded_seed790714 0.011373186949640512
timed 64 3 expanded_seed790715 0.011245450004935265
timed 64 4 fom_dst_16 0.0010451629059389234
timed 64 4 fom_dst_32 0.0005568100605159998
timed 64 4 fom_dst_64 0.0005019889213144779
timed 64 4 expanded_seed790714 0.012379861902445555
timed 64 4 expanded_seed790715 0.012389161041937768
timed 64 5 fom_dst_16 0.0010299199493601918
timed 64 5 fom_dst_32 0.0005249279784038663
timed 64 5 fom_dst_64 0.0004981840029358864
timed 64 5 expanded_seed790714 0.012155868927948177
timed 64 5 expanded_seed790715 0.012742656050249934
timed 64 6 fom_dst_16 0.0013830759562551975
timed 64 6 fom_dst_32 0.0005466430447995663
timed 64 6 fom_dst_64 0.0005178169813007116
timed 64 6 expanded_seed790714 0.012908314005471766
timed 64 6 expanded_seed790715 0.012972405995242298
timed 64 7 fom_dst_16 0.0012299499940127134
timed 64 7 fom_dst_32 0.0005481189582496881
timed 64 7 fom_dst_64 0.0005420009838417172
timed 64 7 expanded_seed790714 0.011969772051088512
timed 64 7 expanded_seed790715 0.01209455297794193
timed 64 8 fom_dst_16 0.0015184959629550576
timed 64 8 fom_dst_32 0.0005526660243049264
timed 64 8 fom_dst_64 0.000493306084536016
timed 64 8 expanded_seed790714 0.012727518915198743
timed 64 8 expanded_seed790715 0.01276179903652519
timed 64 9 fom_dst_16 0.001479664002545178
timed 64 9 fom_dst_32 0.0006339420797303319
timed 64 9 fom_dst_64 0.0005779729690402746
timed 64 9 expanded_seed790714 0.013780966983176768
timed 64 9 expanded_seed790715 0.013663172954693437
timed 64 10 fom_dst_16 0.0009480520384386182
timed 64 10 fom_dst_32 0.0005344729870557785
timed 64 10 fom_dst_64 0.0005405179690569639
timed 64 10 expanded_seed790714 0.019133844994939864
timed 64 10 expanded_seed790715 0.015650726039893925
timed 64 11 fom_dst_16 0.0009445920586585999
timed 64 11 fom_dst_32 0.0005159240681678057
timed 64 11 fom_dst_64 0.0005013719201087952
timed 64 11 expanded_seed790714 0.012813122011721134
timed 64 11 expanded_seed790715 0.012266730074770749
timed 128 0 fom_dst_16 0.0014401819789782166
timed 128 0 fom_dst_32 0.0007052639266476035
timed 128 0 fom_dst_64 0.0006723389960825443
timed 128 0 fom_dst_128 0.0007160169770941138
timed 128 0 expanded_seed790714 0.01346114999614656
timed 128 0 expanded_seed790715 0.01415868301410228
timed 128 1 fom_dst_16 0.0011869819136336446
timed 128 1 fom_dst_32 0.0006784090073779225
timed 128 1 fom_dst_64 0.0006988029927015305
timed 128 1 fom_dst_128 0.0006880360888317227
timed 128 1 expanded_seed790714 0.011914829025045037
timed 128 1 expanded_seed790715 0.011389369028620422
timed 128 2 fom_dst_16 0.0017378339543938637
timed 128 2 fom_dst_32 0.0007321730954572558
timed 128 2 fom_dst_64 0.0006562339840456843
timed 128 2 fom_dst_128 0.0006773059722036123
timed 128 2 expanded_seed790714 0.012206061976030469
timed 128 2 expanded_seed790715 0.012162273982539773
timed 128 3 fom_dst_16 0.0010410989634692669
timed 128 3 fom_dst_32 0.0006818539695814252
timed 128 3 fom_dst_64 0.0006495530251413584
timed 128 3 fom_dst_128 0.0006722320104017854
timed 128 3 expanded_seed790714 0.011163481045514345
timed 128 3 expanded_seed790715 0.010838313028216362
timed 128 4 fom_dst_16 0.0016799430595710874
timed 128 4 fom_dst_32 0.0006996700540184975
timed 128 4 fom_dst_64 0.000689200940541923
timed 128 4 fom_dst_128 0.0006924809422343969
timed 128 4 expanded_seed790714 0.012017887085676193
timed 128 4 expanded_seed790715 0.012413738993927836
timed 128 5 fom_dst_16 0.0014130300842225552
timed 128 5 fom_dst_32 0.0007025559898465872
timed 128 5 fom_dst_64 0.0007088329875841737
timed 128 5 fom_dst_128 0.0007305870531126857
timed 128 5 expanded_seed790714 0.012046716990880668
timed 128 5 expanded_seed790715 0.011884920066222548
timed 128 6 fom_dst_16 0.0012897460255771875
timed 128 6 fom_dst_32 0.0007349399384111166
timed 128 6 fom_dst_64 0.0007124809781089425
timed 128 6 fom_dst_128 0.0007224840810522437
timed 128 6 expanded_seed790714 0.012654957012273371
timed 128 6 expanded_seed790715 0.012623914983123541
timed 128 7 fom_dst_16 0.0016359291039407253
timed 128 7 fom_dst_32 0.0007265229942277074
timed 128 7 fom_dst_64 0.0006681859958916903
timed 128 7 fom_dst_128 0.0006451799999922514
timed 128 7 expanded_seed790714 0.011733495979569852
timed 128 7 expanded_seed790715 0.0118785600643605
timed 128 8 fom_dst_16 0.0016158779617398977
timed 128 8 fom_dst_32 0.0007361809257417917
timed 128 8 fom_dst_64 0.0006740610115230083
timed 128 8 fom_dst_128 0.0006505069322884083
timed 128 8 expanded_seed790714 0.01231428503524512
timed 128 8 expanded_seed790715 0.012701869010925293
timed 128 9 fom_dst_16 0.0012568669626489282
timed 128 9 fom_dst_32 0.0006759780226275325
timed 128 9 fom_dst_64 0.0006583569338545203
timed 128 9 fom_dst_128 0.0006358860991895199
timed 128 9 expanded_seed790714 0.01336289499886334
timed 128 9 expanded_seed790715 0.013311817892827094
timed 128 10 fom_dst_16 0.0014844050165265799
timed 128 10 fom_dst_32 0.0006919570732861757
timed 128 10 fom_dst_64 0.0006619360065087676
timed 128 10 fom_dst_128 0.0006464010803028941
timed 128 10 expanded_seed790714 0.018708821036852896
timed 128 10 expanded_seed790715 0.015299257007427514
timed 128 11 fom_dst_16 0.0017395790200680494
timed 128 11 fom_dst_32 0.0007299069548025727
timed 128 11 fom_dst_64 0.0007390229729935527
timed 128 11 fom_dst_128 0.0006836730754002929
timed 128 11 expanded_seed790714 0.012564430013298988
timed 128 11 expanded_seed790715 0.012206963961943984
timed 256 0 fom_dst_16 0.0018857490504160523
timed 256 0 fom_dst_32 0.0011940289987251163
timed 256 0 fom_dst_64 0.0011815030593425035
timed 256 0 fom_dst_128 0.0012217379407957196
timed 256 0 fom_dst_256 0.0014076200313866138
timed 256 0 expanded_seed790714 0.014386807917617261
timed 256 0 expanded_seed790715 0.014627335011027753
timed 256 1 fom_dst_16 0.001987011986784637
timed 256 1 fom_dst_32 0.0011879339581355453
timed 256 1 fom_dst_64 0.001155007048510015
timed 256 1 fom_dst_128 0.0011664018966257572
timed 256 1 fom_dst_256 0.0012136760633438826
timed 256 1 expanded_seed790714 0.012469862936995924
timed 256 1 expanded_seed790715 0.012060484034009278
timed 256 2 fom_dst_16 0.001667727017775178
timed 256 2 fom_dst_32 0.0012316800421103835
timed 256 2 fom_dst_64 0.00117600301746279
timed 256 2 fom_dst_128 0.0011714380234479904
timed 256 2 fom_dst_256 0.0012185790110379457
timed 256 2 expanded_seed790714 0.013054629904218018
timed 256 2 expanded_seed790715 0.012754971976391971
timed 256 3 fom_dst_16 0.002152422908693552
timed 256 3 fom_dst_32 0.0012223189696669579
timed 256 3 fom_dst_64 0.0011723509524017572
timed 256 3 fom_dst_128 0.0011773270089179277
timed 256 3 fom_dst_256 0.0012011150829494
timed 256 3 expanded_seed790714 0.011867618071846664
timed 256 3 expanded_seed790715 0.011708489968441427
timed 256 4 fom_dst_16 0.002157213049940765
timed 256 4 fom_dst_32 0.0013705139281228185
timed 256 4 fom_dst_64 0.0014339109184220433
timed 256 4 fom_dst_128 0.0015213550068438053
timed 256 4 fom_dst_256 0.0015539980959147215
timed 256 4 expanded_seed790714 0.013715223059989512
timed 256 4 expanded_seed790715 0.013927398016676307
timed 256 5 fom_dst_16 0.0021044149762019515
timed 256 5 fom_dst_32 0.001203562947921455
timed 256 5 fom_dst_64 0.0011261599138379097
timed 256 5 fom_dst_128 0.0011415539775043726
timed 256 5 fom_dst_256 0.001162135973572731
timed 256 5 expanded_seed790714 0.0129001559689641
timed 256 5 expanded_seed790715 0.013163528987206519
timed 256 6 fom_dst_16 0.002391095971688628
timed 256 6 fom_dst_32 0.0012072538956999779
timed 256 6 fom_dst_64 0.001137989922426641
timed 256 6 fom_dst_128 0.0011828470742329955
timed 256 6 fom_dst_256 0.0014937090454623103
timed 256 6 expanded_seed790714 0.013225885923020542
timed 256 6 expanded_seed790715 0.014223610050976276
timed 256 7 fom_dst_16 0.0019279709085822105
timed 256 7 fom_dst_32 0.0012137619778513908
timed 256 7 fom_dst_64 0.0011641670716926455
timed 256 7 fom_dst_128 0.0011832210002467036
timed 256 7 fom_dst_256 0.0011894559720531106
timed 256 7 expanded_seed790714 0.012481090961955488
timed 256 7 expanded_seed790715 0.012484160950407386
timed 256 8 fom_dst_16 0.0017528230091556907
timed 256 8 fom_dst_32 0.0012458389392122626
timed 256 8 fom_dst_64 0.0011694550048559904
timed 256 8 fom_dst_128 0.0011791320284828544
timed 256 8 fom_dst_256 0.0012154870200902224
timed 256 8 expanded_seed790714 0.013341414043679833
timed 256 8 expanded_seed790715 0.013538607978262007
timed 256 9 fom_dst_16 0.0018782269908115268
timed 256 9 fom_dst_32 0.0011751630809158087
timed 256 9 fom_dst_64 0.0011120139388367534
timed 256 9 fom_dst_128 0.001138178980909288
timed 256 9 fom_dst_256 0.0011856489581987262
timed 256 9 expanded_seed790714 0.014189260080456734
timed 256 9 expanded_seed790715 0.014234749018214643
timed 256 10 fom_dst_16 0.0021484309108927846
timed 256 10 fom_dst_32 0.0011912949848920107
timed 256 10 fom_dst_64 0.0011507130693644285
timed 256 10 fom_dst_128 0.0011368310078978539
timed 256 10 fom_dst_256 0.0012034759856760502
timed 256 10 expanded_seed790714 0.01939856808166951
timed 256 10 expanded_seed790715 0.01598065998405218
timed 256 11 fom_dst_16 0.0018558939918875694
timed 256 11 fom_dst_32 0.0012462580343708396
timed 256 11 fom_dst_64 0.0011640969896689057
timed 256 11 fom_dst_128 0.0011929909233003855
timed 256 11 fom_dst_256 0.0012162160128355026
timed 256 11 expanded_seed790714 0.013189668068662286
timed 256 11 expanded_seed790715 0.012901170994155109
timed 512 0 fom_dst_16 0.004596169921569526
timed 512 0 fom_dst_32 0.0049596079625189304
timed 512 0 fom_dst_64 0.005070870043709874
timed 512 0 fom_dst_128 0.0051659089513123035
timed 512 0 fom_dst_512 0.004713608999736607
timed 512 0 expanded_seed790714 0.016157976002432406
timed 512 0 expanded_seed790715 0.017065127030946314
timed 512 1 fom_dst_16 0.004493023967370391
timed 512 1 fom_dst_32 0.005235543008893728
timed 512 1 fom_dst_64 0.004960590973496437
timed 512 1 fom_dst_128 0.004980617901310325
timed 512 1 fom_dst_512 0.005441810004413128
timed 512 1 expanded_seed790714 0.014968627947382629
timed 512 1 expanded_seed790715 0.01515616406686604
timed 512 2 fom_dst_16 0.004400881938636303
timed 512 2 fom_dst_32 0.005212230957113206
timed 512 2 fom_dst_64 0.005061790929175913
timed 512 2 fom_dst_128 0.005044452962465584
timed 512 2 fom_dst_512 0.005337096052244306
timed 512 2 expanded_seed790714 0.014875069027766585
timed 512 2 expanded_seed790715 0.01599816302768886
timed 512 3 fom_dst_16 0.00457533891312778
timed 512 3 fom_dst_32 0.005043506971560419
timed 512 3 fom_dst_64 0.004960319027304649
timed 512 3 fom_dst_128 0.004995774012058973
timed 512 3 fom_dst_512 0.005344813922420144
timed 512 3 expanded_seed790714 0.013974421890452504
timed 512 3 expanded_seed790715 0.014791644993238151
timed 512 4 fom_dst_16 0.0048138119745999575
timed 512 4 fom_dst_32 0.005190388998016715
timed 512 4 fom_dst_64 0.005071162944659591
timed 512 4 fom_dst_128 0.005124742048792541
timed 512 4 fom_dst_512 0.004620902938768268
timed 512 4 expanded_seed790714 0.01469252200331539
timed 512 4 expanded_seed790715 0.01612050994299352
timed 512 5 fom_dst_16 0.0043785469606518745
timed 512 5 fom_dst_32 0.00507506902795285
timed 512 5 fom_dst_64 0.004911239026114345
timed 512 5 fom_dst_128 0.0049202690133824944
timed 512 5 fom_dst_512 0.005340725998394191
timed 512 5 expanded_seed790714 0.014860620955005288
timed 512 5 expanded_seed790715 0.015730198938399553
timed 512 6 fom_dst_16 0.004351506941020489
timed 512 6 fom_dst_32 0.005160356988199055
timed 512 6 fom_dst_64 0.0051287919050082564
timed 512 6 fom_dst_128 0.005209138966165483
timed 512 6 fom_dst_512 0.004614382982254028
timed 512 6 expanded_seed790714 0.015107495011761785
timed 512 6 expanded_seed790715 0.016372569953091443
timed 512 7 fom_dst_16 0.0045386230340227485
timed 512 7 fom_dst_32 0.005121670896187425
timed 512 7 fom_dst_64 0.005030387896113098
timed 512 7 fom_dst_128 0.005083019030280411
timed 512 7 fom_dst_512 0.0053624839056283236
timed 512 7 expanded_seed790714 0.014710708055645227
timed 512 7 expanded_seed790715 0.01566589390859008
timed 512 8 fom_dst_16 0.003958486020565033
timed 512 8 fom_dst_32 0.005209987051784992
timed 512 8 fom_dst_64 0.0049198700580745935
timed 512 8 fom_dst_128 0.005034036934375763
timed 512 8 fom_dst_512 0.004570650984533131
timed 512 8 expanded_seed790714 0.015003520995378494
timed 512 8 expanded_seed790715 0.01630067592486739
timed 512 9 fom_dst_16 0.004586279974319041
timed 512 9 fom_dst_32 0.005174092948436737
timed 512 9 fom_dst_64 0.005022763041779399
timed 512 9 fom_dst_128 0.005067285965196788
timed 512 9 fom_dst_512 0.005435626022517681
timed 512 9 expanded_seed790714 0.016434101969935
timed 512 9 expanded_seed790715 0.01749952498357743
timed 512 10 fom_dst_16 0.004693179973401129
timed 512 10 fom_dst_32 0.0052499729208648205
timed 512 10 fom_dst_64 0.00498144596349448
timed 512 10 fom_dst_128 0.005101297982037067
timed 512 10 fom_dst_512 0.004708727938123047
timed 512 10 expanded_seed790714 0.021287512965500355
timed 512 10 expanded_seed790715 0.019158550072461367
timed 512 11 fom_dst_16 0.004477909067645669
timed 512 11 fom_dst_32 0.005277430987916887
timed 512 11 fom_dst_64 0.004977194010280073
timed 512 11 fom_dst_128 0.005030098953284323
timed 512 11 fom_dst_512 0.005391622078604996
timed 512 11 expanded_seed790714 0.016019818023778498
timed 512 11 expanded_seed790715 0.01602176297456026
timed 1024 0 fom_dst_16 0.01716888602823019
timed 1024 0 fom_dst_32 0.016512366943061352
timed 1024 0 fom_dst_64 0.01656960102263838
timed 1024 0 fom_dst_128 0.016770988004282117
timed 1024 0 fom_dst_1024 0.018678552005439997
timed 1024 0 expanded_seed790714 0.029359993059188128
timed 1024 0 expanded_seed790715 0.028990241000428796
timed 1024 1 fom_dst_16 0.023716980940662324
timed 1024 1 fom_dst_32 0.02331969898659736
timed 1024 1 fom_dst_64 0.02402735990472138
timed 1024 1 fom_dst_128 0.024162267916835845
timed 1024 1 fom_dst_1024 0.025560047011822462
timed 1024 1 expanded_seed790714 0.02823213196825236
timed 1024 1 expanded_seed790715 0.026598625001497567
timed 1024 2 fom_dst_16 0.023469086969271302
timed 1024 2 fom_dst_32 0.023173006949946284
timed 1024 2 fom_dst_64 0.02324260293971747
timed 1024 2 fom_dst_128 0.023409822024405003
timed 1024 2 fom_dst_1024 0.024923459975980222
timed 1024 2 expanded_seed790714 0.028064480982720852
timed 1024 2 expanded_seed790715 0.027703963103704154
timed 1024 3 fom_dst_16 0.016995956073515117
timed 1024 3 fom_dst_32 0.022885691956616938
timed 1024 3 fom_dst_64 0.023088968941010535
timed 1024 3 fom_dst_128 0.023286600946448743
timed 1024 3 fom_dst_1024 0.024667816003784537
timed 1024 3 expanded_seed790714 0.026951725012622774
timed 1024 3 expanded_seed790715 0.026342618977651
timed 1024 4 fom_dst_16 0.017087848973460495
timed 1024 4 fom_dst_32 0.02308811096008867
timed 1024 4 fom_dst_64 0.023058342980220914
timed 1024 4 fom_dst_128 0.023020041058771312
timed 1024 4 fom_dst_1024 0.024810032919049263
timed 1024 4 expanded_seed790714 0.028088593971915543
timed 1024 4 expanded_seed790715 0.02776201895903796
timed 1024 5 fom_dst_16 0.023134590941481292
timed 1024 5 fom_dst_32 0.02334316703490913
timed 1024 5 fom_dst_64 0.0236312800552696
timed 1024 5 fom_dst_128 0.023466008948162198
timed 1024 5 fom_dst_1024 0.02471530099865049
timed 1024 5 expanded_seed790714 0.02794343000277877
timed 1024 5 expanded_seed790715 0.027175105991773307
timed 1024 6 fom_dst_16 0.016996781108900905
timed 1024 6 fom_dst_32 0.023411934031173587
timed 1024 6 fom_dst_64 0.023412439972162247
timed 1024 6 fom_dst_128 0.02321068209130317
timed 1024 6 fom_dst_1024 0.02495902997907251
timed 1024 6 expanded_seed790714 0.028266594046726823
timed 1024 6 expanded_seed790715 0.02809374895878136
timed 1024 7 fom_dst_16 0.024035950074903667
timed 1024 7 fom_dst_32 0.02382892498280853
timed 1024 7 fom_dst_64 0.024186206981539726
timed 1024 7 fom_dst_128 0.02406641305424273
timed 1024 7 fom_dst_1024 0.025459073949605227
timed 1024 7 expanded_seed790714 0.027702701976522803
timed 1024 7 expanded_seed790715 0.027131366077810526
timed 1024 8 fom_dst_16 0.024261091952212155
timed 1024 8 fom_dst_32 0.023760644951835275
timed 1024 8 fom_dst_64 0.023253684979863465
timed 1024 8 fom_dst_128 0.023271121899597347
timed 1024 8 fom_dst_1024 0.025080499006435275
timed 1024 8 expanded_seed790714 0.02858623000793159
timed 1024 8 expanded_seed790715 0.027948361937887967
timed 1024 9 fom_dst_16 0.01968653395306319
timed 1024 9 fom_dst_32 0.02296873996965587
timed 1024 9 fom_dst_64 0.023568468051962554
timed 1024 9 fom_dst_128 0.022899214061908424
timed 1024 9 fom_dst_1024 0.024892729939892888
timed 1024 9 expanded_seed790714 0.029441315913572907
timed 1024 9 expanded_seed790715 0.028652747976593673
timed 1024 10 fom_dst_16 0.016789705958217382
timed 1024 10 fom_dst_32 0.023074863012880087
timed 1024 10 fom_dst_64 0.022896512993611395
timed 1024 10 fom_dst_128 0.022984910989180207
timed 1024 10 fom_dst_1024 0.024915431044064462
timed 1024 10 expanded_seed790714 0.034979952964931726
timed 1024 10 expanded_seed790715 0.030798948951996863
timed 1024 11 fom_dst_16 0.02318786596879363
timed 1024 11 fom_dst_32 0.02311644097790122
timed 1024 11 fom_dst_64 0.023339994018897414
timed 1024 11 fom_dst_128 0.023985731997527182
timed 1024 11 fom_dst_1024 0.025006143026985228
timed 1024 11 expanded_seed790714 0.027857027016580105
timed 1024 11 expanded_seed790715 0.027396297082304955
TRANSFER PILOT COMPLETE
