host=pax106  node=pax106  gpu=NVIDIA A100 80GB PCIe
commit=9741ff0  dirty=e3b0c44298fc (dirty marker 'e3b0c442' == clean)  cell=ctol_p_n64  job=2511803
src_bundle=ctol=9741ff0/e3b0c44298fc,2026-08-16-poisson2d-rom-objective=d68d8cb/e3b0c442,2026-08-16-burgers2d-rom-latent-stepping=c7e9c2e/e3b0c442,2026-08-14-multistage-precision=b389467/e3b0c442,2026-08-14-burgers2d-coord-rom=b327915/e3b0c442
jax_backend=gpu cuda:0
jax_backend=gpu device=cuda:0 gpu=NVIDIA A100 80GB PCIe x64=True KS=[2, 4, 6, 8, 12, 16, 24, 32] NS=[64] TAUS=[0.1, 0.01, 0.001] M=64 m=256 reps=7 warm=2
  plan: 1 mesh(es) [64], k values [2, 4, 6, 8, 12, 16, 24, 32], 20 (arm, method) cells
  ckpt k= 2: autodec_K2_N64_hbc_stages.pkl hard_bc=1 train_seed=0 latent_rms=0.235
  ckpt k= 4: autodec_K4_N64_hbc_stages.pkl hard_bc=1 train_seed=0 latent_rms=0.192
  ckpt k= 6: autodec_K6_N64_hbc_stages.pkl hard_bc=1 train_seed=0 latent_rms=0.182
  ckpt k= 8: autodec_K8_N64_hbc_stages.pkl hard_bc=1 train_seed=0 latent_rms=0.175
  ckpt k=12: autodec_K12_N64_hbc_stages.pkl hard_bc=1 train_seed=0 latent_rms=0.164
  ckpt k=16: autodec_K16_N64_hbc_stages.pkl hard_bc=1 train_seed=0 latent_rms=0.147
  ckpt k=24: autodec_K24_N64_hbc_stages.pkl hard_bc=1 train_seed=0 latent_rms=0.143
  ckpt k=32: autodec_K32_N64_hbc_stages.pkl hard_bc=1 train_seed=0 latent_rms=0.141
   FOM CG tol=3e-01:    1.155 ms  err 1.761e-01  achieved residual 3.00e-01
   FOM CG tol=1e-01:    1.799 ms  err 3.235e-02  achieved residual 1.00e-01
   FOM CG tol=1e-02:    2.511 ms  err 1.743e-03  achieved residual 1.00e-02
   FOM CG tol=1e-03:    3.186 ms  err 1.732e-04  achieved residual 9.99e-04
   FOM CG tol=1e-04:    3.715 ms  err 1.183e-05  achieved residual 1.00e-04
   FOM CG tol=1e-05:    4.244 ms  err 8.294e-07  achieved residual 9.76e-06
   FOM CG tol=1e-06:    4.600 ms  err 1.053e-07  achieved residual 9.97e-07
   FOM CG tol=1e-08:    5.486 ms  err 7.536e-10  achieved residual 9.51e-09
   FOM CG tol=1e-10:    6.180 ms  err 5.890e-12  achieved residual 9.96e-11
   FOM CG tol=1e-13:    7.179 ms  err 0.000e+00  achieved residual 3.60e-13
   anchor N=64: archived 7.79 ms vs re-timed 7.18 ms (7.8% diff; archived achieved 3.6e-13, re-timed 3.6e-13)
   overconvergence factor at N=64: 1.00x (testbed 1e-13 achieved 3.6e-13; matched rung tol=1e-13)
== N=  64  FOM CG @1e-13     7.18 ms  (residual 3.6e-13) -- the ladder above is the iso-accuracy baseline
  FOM: 576 CG solves in 5s, max rel residual over all samples 4.29e-13
   POD basis: 512 snapshots, orthonormality dev 1.89e-13, sv0 2.959e+00 sv[31] 2.098e-02
   EQ candidate pool: 3844 of 3844 interior nodes (cap 4096)
   preprocess M=64: selected-mode matvec 0.146 ms/query (full dense sine transform 0.152 ms; offline table 0.1 s; vs reference rel 2.2e-16)
  NNLS-EQ poisson coord N=64 k=2 M=64 m=256: pool 3844 support 256 (+0 pad) rel fit 4.34e-03 (row p95 5.4e-01, max 1.7e+03) [16s]
   tau-solver vs reference solver at tau=0: rel |dz| 0.00e+00
   coord N=  64 k= 2 M= 64 m= 256 tau=1e-01  solve    6.70 ms  e2e    7.03 ms  jac  23.4  err 5.455e-01  fd 1.30e+00  cens 100%
   coord N=  64 k= 2 M= 64 m= 256 tau=1e-02  solve    6.73 ms  e2e    7.05 ms  jac  23.4  err 5.455e-01  fd 1.30e+00  cens 100%
   coord N=  64 k= 2 M= 64 m= 256 tau=1e-03  solve    6.71 ms  e2e    7.03 ms  jac  23.4  err 5.455e-01  fd 1.30e+00  cens 100%
   ceiling  N=  64 k= 2: oracle inferred-latent 1.236e-01 (max 3.098e-01, inits {'mean': 2, 'nearest': 14})
   [cell coord N=64 k=2 M=64 m=256: 32s]
  NNLS-EQ poisson pod N=64 k=2 M=64 m=256: pool 3844 support 125 (+131 pad) rel fit 1.49e-06 (row p95 4.6e-04, max 3.1e-01) [6s]
   tau-solver vs reference solver at tau=0: rel |dz| 0.00e+00
   pod   N=  64 k= 2 M= 64 m= 256 tau=1e-01  solve    2.27 ms  e2e    2.47 ms  jac   3.2  err 4.570e-01  fd 9.19e-01  cens 100%
   pod   N=  64 k= 2 M= 64 m= 256 tau=1e-02  solve    2.27 ms  e2e    2.46 ms  jac   3.2  err 4.570e-01  fd 9.19e-01  cens 100%
   pod   N=  64 k= 2 M= 64 m= 256 tau=1e-03  solve    2.28 ms  e2e    2.48 ms  jac   3.2  err 4.570e-01  fd 9.19e-01  cens 100%
   pod_direct N=  64 k= 2 solve 0.0474 ms err 4.570e-01 cond 1.0e+00
   [cell pod N=64 k=2 M=64 m=256: 13s]
  NNLS-EQ poisson coord N=64 k=4 M=64 m=256: pool 3844 support 256 (+0 pad) rel fit 1.70e-03 (row p95 3.2e-01, max 6.1e+02) [16s]
   coord N=  64 k= 4 M= 64 m= 256 tau=1e-01  solve    1.49 ms  e2e    1.82 ms  jac   4.5  err 8.372e-02  fd 5.44e-01  cens   0%
   coord N=  64 k= 4 M= 64 m= 256 tau=1e-02  solve    3.01 ms  e2e    3.34 ms  jac  12.3  err 2.075e-02  fd 3.43e-01  cens  56%
   coord N=  64 k= 4 M= 64 m= 256 tau=1e-03  solve    3.91 ms  e2e    4.24 ms  jac  15.9  err 1.742e-02  fd 3.33e-01  cens 100%
   ceiling  N=  64 k= 4: oracle inferred-latent 1.551e-02 (max 3.421e-02, inits {'mean': 5, 'nearest': 11})
   [cell coord N=64 k=4 M=64 m=256: 29s]
  NNLS-EQ poisson pod N=64 k=4 M=64 m=256: pool 3844 support 195 (+61 pad) rel fit 5.59e-06 (row p95 4.0e-03, max 1.0e+01) [15s]
   pod   N=  64 k= 4 M= 64 m= 256 tau=1e-01  solve    0.39 ms  e2e    0.58 ms  jac   3.4  err 2.913e-01  fd 8.53e-01  cens  88%
   pod   N=  64 k= 4 M= 64 m= 256 tau=1e-02  solve    0.55 ms  e2e    0.74 ms  jac   3.6  err 2.913e-01  fd 8.53e-01  cens 100%
   pod   N=  64 k= 4 M= 64 m= 256 tau=1e-03  solve    0.56 ms  e2e    0.76 ms  jac   3.6  err 2.913e-01  fd 8.53e-01  cens 100%
   pod_direct N=  64 k= 4 solve 0.0464 ms err 2.913e-01 cond 1.0e+00
   [cell pod N=64 k=4 M=64 m=256: 21s]
  NNLS-EQ poisson coord N=64 k=6 M=64 m=256: pool 3844 support 256 (+0 pad) rel fit 1.56e-03 (row p95 2.4e-01, max 9.9e+01) [17s]
   coord N=  64 k= 6 M= 64 m= 256 tau=1e-01  solve    1.93 ms  e2e    2.25 ms  jac   9.2  err 1.113e-01  fd 6.38e-01  cens   6%
   coord N=  64 k= 6 M= 64 m= 256 tau=1e-02  solve    3.03 ms  e2e    3.35 ms  jac  15.6  err 6.036e-02  fd 4.28e-01  cens  19%
   coord N=  64 k= 6 M= 64 m= 256 tau=1e-03  solve    8.07 ms  e2e    8.39 ms  jac  29.2  err 5.845e-02  fd 4.22e-01  cens 100%
   ceiling  N=  64 k= 6: oracle inferred-latent 8.835e-03 (max 1.529e-02, inits {'mean': 7, 'nearest': 9})
   [cell coord N=64 k=6 M=64 m=256: 31s]
  NNLS-EQ poisson pod N=64 k=6 M=64 m=256: pool 3844 support 234 (+22 pad) rel fit 6.84e-06 (row p95 6.0e-03, max 2.8e+00) [17s]
   pod   N=  64 k= 6 M= 64 m= 256 tau=1e-01  solve    0.88 ms  e2e    1.07 ms  jac   3.3  err 2.200e-01  fd 8.14e-01  cens  81%
   pod   N=  64 k= 6 M= 64 m= 256 tau=1e-02  solve    1.26 ms  e2e    1.45 ms  jac   3.6  err 2.200e-01  fd 8.14e-01  cens 100%
   pod   N=  64 k= 6 M= 64 m= 256 tau=1e-03  solve    1.26 ms  e2e    1.46 ms  jac   3.6  err 2.200e-01  fd 8.14e-01  cens 100%
   pod_direct N=  64 k= 6 solve 0.0465 ms err 2.200e-01 cond 1.0e+00
   [cell pod N=64 k=6 M=64 m=256: 23s]
  NNLS-EQ poisson coord N=64 k=8 M=64 m=256: pool 3844 support 256 (+0 pad) rel fit 1.31e-03 (row p95 2.8e-01, max 1.5e+02) [17s]
   coord N=  64 k= 8 M= 64 m= 256 tau=1e-01  solve    1.85 ms  e2e    2.17 ms  jac   4.9  err 8.928e-02  fd 7.33e-01  cens   0%
   coord N=  64 k= 8 M= 64 m= 256 tau=1e-02  solve    2.60 ms  e2e    2.93 ms  jac  10.4  err 1.322e-02  fd 2.10e-01  cens   6%
   coord N=  64 k= 8 M= 64 m= 256 tau=1e-03  solve    7.20 ms  e2e    7.52 ms  jac  28.2  err 8.482e-03  fd 1.87e-01  cens 100%
   ceiling  N=  64 k= 8: oracle inferred-latent 7.043e-03 (max 1.497e-02, inits {'mean': 9, 'nearest': 7})
   [cell coord N=64 k=8 M=64 m=256: 31s]
  NNLS-EQ poisson pod N=64 k=8 M=64 m=256: pool 3844 support 256 (+0 pad) rel fit 8.63e-06 (row p95 7.1e-03, max 5.3e+01) [22s]
   pod   N=  64 k= 8 M= 64 m= 256 tau=1e-01  solve    1.85 ms  e2e    2.05 ms  jac   3.0  err 1.769e-01  fd 7.69e-01  cens  75%
   pod   N=  64 k= 8 M= 64 m= 256 tau=1e-02  solve    1.91 ms  e2e    2.10 ms  jac   3.5  err 1.769e-01  fd 7.69e-01  cens 100%
   pod   N=  64 k= 8 M= 64 m= 256 tau=1e-03  solve    1.89 ms  e2e    2.08 ms  jac   3.5  err 1.769e-01  fd 7.69e-01  cens 100%
   pod_direct N=  64 k= 8 solve 0.0474 ms err 1.769e-01 cond 1.0e+00
   [cell pod N=64 k=8 M=64 m=256: 28s]
   preprocess M=256: selected-mode matvec 0.150 ms/query (full dense sine transform 0.157 ms; offline table 0.0 s; vs reference rel 2.2e-16)
  NNLS-EQ poisson coord N=64 k=8 M=256 m=256: pool 3844 support 256 (+0 pad) rel fit 7.49e-02 (row p95 6.6e+01, max 6.4e+05) [49s]
   coord N=  64 k= 8 M=256 m= 256 tau=1e-01  solve    1.81 ms  e2e    2.15 ms  jac   4.9  err 7.896e-02  fd 5.35e-01  cens   0%
   coord N=  64 k= 8 M=256 m= 256 tau=1e-02  solve   10.31 ms  e2e   10.65 ms  jac  33.1  err 1.508e-02  fd 2.53e-01  cens 100%
   coord N=  64 k= 8 M=256 m= 256 tau=1e-03  solve   10.27 ms  e2e   10.61 ms  jac  33.1  err 1.508e-02  fd 2.53e-01  cens 100%
   [cell coord N=64 k=8 M=256 m=256: 59s]
  NNLS-EQ poisson pod N=64 k=8 M=256 m=256: pool 3844 support 256 (+0 pad) rel fit 4.43e-02 (row p95 9.8e+02, max 3.2e+06) [53s]
   pod   N=  64 k= 8 M=256 m= 256 tau=1e-01  solve    1.13 ms  e2e    1.32 ms  jac   3.4  err 1.769e-01  fd 7.69e-01  cens  75%
   pod   N=  64 k= 8 M=256 m= 256 tau=1e-02  solve    1.30 ms  e2e    1.50 ms  jac   3.8  err 1.769e-01  fd 7.69e-01  cens 100%
   pod   N=  64 k= 8 M=256 m= 256 tau=1e-03  solve    1.30 ms  e2e    1.50 ms  jac   3.8  err 1.769e-01  fd 7.69e-01  cens 100%
   pod_direct N=  64 k= 8 solve 0.0512 ms err 1.769e-01 cond 1.0e+00
   [cell pod N=64 k=8 M=256 m=256: 59s]
  NNLS-EQ poisson coord N=64 k=12 M=64 m=256: pool 3844 support 256 (+0 pad) rel fit 1.46e-03 (row p95 3.0e-01, max 6.7e+02) [18s]
   coord N=  64 k=12 M= 64 m= 256 tau=1e-01  solve    1.86 ms  e2e    2.19 ms  jac   7.1  err 1.173e-01  fd 8.12e-01  cens   6%
   coord N=  64 k=12 M= 64 m= 256 tau=1e-02  solve    3.03 ms  e2e    3.36 ms  jac  14.1  err 5.218e-02  fd 4.94e-01  cens  19%
   coord N=  64 k=12 M= 64 m= 256 tau=1e-03  solve   11.01 ms  e2e   11.33 ms  jac  34.7  err 4.789e-02  fd 4.43e-01  cens 100%
   ceiling  N=  64 k=12: oracle inferred-latent 6.236e-03 (max 1.418e-02, inits {'mean': 11, 'nearest': 5})
   [cell coord N=64 k=12 M=64 m=256: 34s]
  NNLS-EQ poisson pod N=64 k=12 M=64 m=256: pool 3844 support 256 (+0 pad) rel fit 2.31e-05 (row p95 1.9e-02, max 1.3e+01) [22s]
   pod   N=  64 k=12 M= 64 m= 256 tau=1e-01  solve    0.14 ms  e2e    0.34 ms  jac   2.8  err 1.290e-01  fd 7.09e-01  cens  44%
   pod   N=  64 k=12 M= 64 m= 256 tau=1e-02  solve    1.13 ms  e2e    1.33 ms  jac   3.8  err 1.290e-01  fd 7.09e-01  cens 100%
   pod   N=  64 k=12 M= 64 m= 256 tau=1e-03  solve    1.15 ms  e2e    1.34 ms  jac   3.8  err 1.290e-01  fd 7.09e-01  cens 100%
   pod_direct N=  64 k=12 solve 0.0474 ms err 1.290e-01 cond 1.0e+00
   [cell pod N=64 k=12 M=64 m=256: 28s]
  NNLS-EQ poisson coord N=64 k=16 M=64 m=256: pool 3844 support 256 (+0 pad) rel fit 1.37e-03 (row p95 2.7e-01, max 4.3e+02) [17s]
   coord N=  64 k=16 M= 64 m= 256 tau=1e-01  solve    2.16 ms  e2e    2.49 ms  jac   4.7  err 8.971e-02  fd 4.09e-01  cens   0%
   coord N=  64 k=16 M= 64 m= 256 tau=1e-02  solve    3.08 ms  e2e    3.42 ms  jac   7.5  err 1.155e-02  fd 1.72e-01  cens   0%
   coord N=  64 k=16 M= 64 m= 256 tau=1e-03  solve   10.14 ms  e2e   10.47 ms  jac  29.0  err 6.542e-03  fd 1.48e-01  cens  94%
   ceiling  N=  64 k=16: oracle inferred-latent 4.133e-03 (max 6.596e-03, inits {'mean': 6, 'nearest': 10})
   [cell coord N=64 k=16 M=64 m=256: 32s]
  NNLS-EQ poisson pod N=64 k=16 M=64 m=256: pool 3844 support 256 (+0 pad) rel fit 4.15e-05 (row p95 2.8e-02, max 3.7e+01) [19s]
   pod   N=  64 k=16 M= 64 m= 256 tau=1e-01  solve    0.15 ms  e2e    0.35 ms  jac   2.4  err 1.008e-01  fd 6.49e-01  cens  25%
   pod   N=  64 k=16 M= 64 m= 256 tau=1e-02  solve    0.97 ms  e2e    1.16 ms  jac   3.9  err 1.008e-01  fd 6.49e-01  cens 100%
   pod   N=  64 k=16 M= 64 m= 256 tau=1e-03  solve    0.97 ms  e2e    1.16 ms  jac   3.9  err 1.008e-01  fd 6.49e-01  cens 100%
   pod_direct N=  64 k=16 solve 0.0494 ms err 1.008e-01 cond 1.0e+00
   [cell pod N=64 k=16 M=64 m=256: 25s]
  NNLS-EQ poisson coord N=64 k=24 M=64 m=256: pool 3844 support 256 (+0 pad) rel fit 1.27e-03 (row p95 2.7e-01, max 3.7e+02) [16s]
   coord N=  64 k=24 M= 64 m= 256 tau=1e-01  solve    2.26 ms  e2e    2.58 ms  jac   5.1  err 8.770e-02  fd 5.09e-01  cens   0%
   coord N=  64 k=24 M= 64 m= 256 tau=1e-02  solve    3.37 ms  e2e    3.69 ms  jac  10.2  err 1.968e-02  fd 2.85e-01  cens   6%
   coord N=  64 k=24 M= 64 m= 256 tau=1e-03  solve   16.04 ms  e2e   16.37 ms  jac  37.4  err 1.491e-02  fd 2.44e-01  cens  94%
   ceiling  N=  64 k=24: oracle inferred-latent 3.976e-03 (max 8.311e-03, inits {'mean': 10, 'nearest': 6})
   [cell coord N=64 k=24 M=64 m=256: 34s]
  NNLS-EQ poisson pod N=64 k=24 M=64 m=256: pool 3844 support 256 (+0 pad) rel fit 8.92e-05 (row p95 3.5e-02, max 1.7e+01) [20s]
   pod   N=  64 k=24 M= 64 m= 256 tau=1e-01  solve    0.16 ms  e2e    0.35 ms  jac   2.0  err 6.678e-02  fd 5.59e-01  cens   0%
   pod   N=  64 k=24 M= 64 m= 256 tau=1e-02  solve    0.93 ms  e2e    1.12 ms  jac   3.8  err 6.678e-02  fd 5.59e-01  cens 100%
   pod   N=  64 k=24 M= 64 m= 256 tau=1e-03  solve    0.94 ms  e2e    1.13 ms  jac   3.8  err 6.678e-02  fd 5.59e-01  cens 100%
   pod_direct N=  64 k=24 solve 0.0478 ms err 6.678e-02 cond 1.0e+00
   [cell pod N=64 k=24 M=64 m=256: 26s]
  NNLS-EQ poisson coord N=64 k=32 M=256 m=256: pool 3844 support 256 (+0 pad) rel fit 6.75e-02 (row p95 7.7e+01, max 8.5e+05) [46s]
   coord N=  64 k=32 M=256 m= 256 tau=1e-01  solve    3.93 ms  e2e    4.27 ms  jac  10.4  err 9.685e-02  fd 5.83e-01  cens   6%
   coord N=  64 k=32 M=256 m= 256 tau=1e-02  solve   21.98 ms  e2e   22.31 ms  jac  40.4  err 5.273e-02  fd 4.82e-01  cens 100%
   coord N=  64 k=32 M=256 m= 256 tau=1e-03  solve   22.20 ms  e2e   22.53 ms  jac  40.4  err 5.273e-02  fd 4.82e-01  cens 100%
   [cell coord N=64 k=32 M=256 m=256: 62s]
  NNLS-EQ poisson pod N=64 k=32 M=256 m=256: pool 3844 support 256 (+0 pad) rel fit 6.40e-02 (row p95 4.0e+02, max 1.4e+07) [50s]
   pod   N=  64 k=32 M=256 m= 256 tau=1e-01  solve    0.18 ms  e2e    0.37 ms  jac   2.1  err 5.214e-02  fd 5.05e-01  cens   6%
   pod   N=  64 k=32 M=256 m= 256 tau=1e-02  solve    1.13 ms  e2e    1.33 ms  jac   3.9  err 5.214e-02  fd 5.05e-01  cens 100%
   pod   N=  64 k=32 M=256 m= 256 tau=1e-03  solve    1.13 ms  e2e    1.32 ms  jac   3.9  err 5.214e-02  fd 5.05e-01  cens 100%
   pod_direct N=  64 k=32 solve 0.0463 ms err 5.214e-02 cond 1.2e+00
   [cell pod N=64 k=32 M=256 m=256: 57s]
  NNLS-EQ poisson coord N=64 k=32 M=256 m=1024: pool 3844 support 1024 (+0 pad) rel fit 1.02e-04 (row p95 1.4e-01, max 1.1e+03) [1204s]
   coord N=  64 k=32 M=256 m=1024 tau=1e-01  solve    6.17 ms  e2e    6.50 ms  jac   9.7  err 1.037e-01  fd 6.53e-01  cens   6%
   coord N=  64 k=32 M=256 m=1024 tau=1e-02  solve    9.92 ms  e2e   10.25 ms  jac  18.2  err 4.329e-02  fd 4.92e-01  cens  31%
   coord N=  64 k=32 M=256 m=1024 tau=1e-03  solve   36.49 ms  e2e   36.82 ms  jac  39.6  err 4.022e-02  fd 4.79e-01  cens 100%
   ceiling  N=  64 k=32: oracle inferred-latent 3.280e-03 (max 5.740e-03, inits {'mean': 6, 'nearest': 10})
   [cell coord N=64 k=32 M=256 m=1024: 1234s]
  NNLS-EQ poisson pod N=64 k=32 M=256 m=1024: pool 3844 support 815 (+209 pad) rel fit 1.40e-05 (row p95 8.2e-02, max 4.5e+02) [917s]
   pod   N=  64 k=32 M=256 m=1024 tau=1e-01  solve    0.17 ms  e2e    0.37 ms  jac   2.0  err 5.105e-02  fd 5.03e-01  cens   0%
   pod   N=  64 k=32 M=256 m=1024 tau=1e-02  solve    0.57 ms  e2e    0.77 ms  jac   3.7  err 5.105e-02  fd 5.03e-01  cens  88%
   pod   N=  64 k=32 M=256 m=1024 tau=1e-03  solve    0.56 ms  e2e    0.76 ms  jac   3.9  err 5.105e-02  fd 5.03e-01  cens 100%
   pod_direct N=  64 k=32 solve 0.0628 ms err 5.105e-02 cond 1.0e+00
   [cell pod N=64 k=32 M=256 m=1024: 924s]
  NNLS-EQ poisson coord MESHFREE-POOL N=64 k=8: pool 4096 support 256 (+0 pad) rel fit 1.51e-03 (row p95 3.2e-01, max 2.8e+02) [18s]
   [pool_control] coord_meshfree_pool N=64 k=8 tau=1e-01 e2e 2.23 ms err 9.099e-02 eqfit 1.51e-03
   [pool_control] coord_meshfree_pool N=64 k=8 tau=1e-02 e2e 3.15 ms err 1.322e-02 eqfit 1.51e-03
   [pool_control] coord_meshfree_pool N=64 k=8 tau=1e-03 e2e 7.43 ms err 8.800e-03 eqfit 1.51e-03
== N=64 done [2824s]
DONE
ALL-DONE
