host=pax105 job_id=4307425
NVIDIA A100 80GB PCIe, GPU-c166dee7-f138-fc72-533f-4bfaee778a5c, 81920 MiB, 575.57.08
10.235.106.28:/projects/paralab  4.6T  4.2T  370G  93% /cluster/tufts/paralab
jax_backend=gpu
torch_cuda True NVIDIA A100 80GB PCIe
CASE train burgers-train-00000 2.66
CASE train burgers-train-00001 1.48
CASE train burgers-train-00002 1.6
CASE train burgers-train-00003 2.42
CASE train burgers-train-00004 2.9
CASE train burgers-train-00005 1.92
CASE train burgers-train-00006 2.87
CASE train burgers-train-00007 2.84
CASE train burgers-train-00008 1.69
CASE train burgers-train-00009 2.77
CASE train burgers-train-00010 2.76
CASE train burgers-train-00011 1.17
CASE train burgers-train-00012 1.57
CASE train burgers-train-00013 2.46
CASE train burgers-train-00014 2.33
CASE train burgers-train-00015 1.25
CASE train burgers-train-00016 1.97
CASE train burgers-train-00017 2.36
CASE train burgers-train-00018 1.48
CASE train burgers-train-00019 2.08
CASE train burgers-train-00020 3.03
CASE train burgers-train-00021 1.8
CASE train burgers-train-00022 2.01
CASE train burgers-train-00023 3.06
CASE train burgers-train-00024 1.57
CASE train burgers-train-00025 3.98
CASE train burgers-train-00026 3.7
CASE train burgers-train-00027 1.89
CASE train burgers-train-00028 3.44
CASE train burgers-train-00029 3.35
CASE train burgers-train-00030 3.58
CASE train burgers-train-00031 2.75
CASE train burgers-train-00032 1.43
CASE train burgers-train-00033 1.36
CASE train burgers-train-00034 2.07
CASE train burgers-train-00035 0.95
CASE train burgers-train-00036 2.1
CASE train burgers-train-00037 2.15
CASE train burgers-train-00038 2.02
CASE train burgers-train-00039 3.22
CASE train burgers-train-00040 1.94
CASE train burgers-train-00041 2.46
CASE train burgers-train-00042 2.5
CASE train burgers-train-00043 2.87
CASE train burgers-train-00044 1.27
CASE train burgers-train-00045 1.86
CASE train burgers-train-00046 2.68
CASE train burgers-train-00047 1.2
CASE train burgers-train-00048 2.13
CASE train burgers-train-00049 2.11
CASE train burgers-train-00050 1.63
CASE train burgers-train-00051 2.81
CASE train burgers-train-00052 2.88
CASE train burgers-train-00053 2.36
CASE train burgers-train-00054 1.77
CASE train burgers-train-00055 1.85
CASE train burgers-train-00056 3.09
CASE train burgers-train-00057 2.76
CASE train burgers-train-00058 1.99
CASE train burgers-train-00059 2.25
CASE train burgers-train-00060 4.26
CASE train burgers-train-00061 1.86
CASE train burgers-train-00062 1.79
CASE train burgers-train-00063 2.31
CASE train burgers-train-00064 1.96
CASE train burgers-train-00065 1.94
CASE train burgers-train-00066 2.17
CASE train burgers-train-00067 1.8
CASE train burgers-train-00068 1.18
CASE train burgers-train-00069 1.58
CASE train burgers-train-00070 2.1
CASE train burgers-train-00071 1.93
CASE train burgers-train-00072 1.78
CASE train burgers-train-00073 1.78
CASE train burgers-train-00074 1.64
CASE train burgers-train-00075 3.08
CASE train burgers-train-00076 1.47
CASE train burgers-train-00077 2.0
CASE train burgers-train-00078 1.48
CASE train burgers-train-00079 3.38
CASE train burgers-train-00080 2.68
CASE train burgers-train-00081 2.25
CASE train burgers-train-00082 1.56
CASE train burgers-train-00083 2.13
CASE train burgers-train-00084 2.86
CASE train burgers-train-00085 1.95
CASE train burgers-train-00086 2.7
CASE train burgers-train-00087 2.49
CASE train burgers-train-00088 2.35
CASE train burgers-train-00089 2.4
CASE train burgers-train-00090 2.01
CASE train burgers-train-00091 1.81
CASE train burgers-train-00092 2.79
CASE train burgers-train-00093 3.12
CASE train burgers-train-00094 2.11
CASE train burgers-train-00095 1.73
CASE train burgers-train-00096 2.0
CASE train burgers-train-00097 1.88
CASE train burgers-train-00098 2.28
CASE train burgers-train-00099 3.0
CASE train burgers-train-00100 2.76
CASE train burgers-train-00101 2.54
CASE train burgers-train-00102 1.95
CASE train burgers-train-00103 1.96
CASE train burgers-train-00104 1.77
CASE train burgers-train-00105 1.57
CASE train burgers-train-00106 1.69
CASE train burgers-train-00107 1.67
CASE train burgers-train-00108 2.04
CASE train burgers-train-00109 3.06
CASE train burgers-train-00110 1.82
CASE train burgers-train-00111 2.38
CASE train burgers-train-00112 2.25
CASE train burgers-train-00113 2.36
CASE train burgers-train-00114 2.32
CASE train burgers-train-00115 2.21
CASE train burgers-train-00116 1.73
CASE train burgers-train-00117 2.26
CASE train burgers-train-00118 1.28
CASE train burgers-train-00119 2.56
CASE train burgers-train-00120 2.7
CASE train burgers-train-00121 1.71
CASE train burgers-train-00122 2.52
CASE train burgers-train-00123 1.41
CASE train burgers-train-00124 2.32
CASE train burgers-train-00125 2.4
CASE train burgers-train-00126 1.62
CASE train burgers-train-00127 2.79
CASE validation burgers-validation-00000 1.97
CASE validation burgers-validation-00001 2.05
CASE validation burgers-validation-00002 1.5
CASE validation burgers-validation-00003 1.42
CASE validation burgers-validation-00004 1.75
CASE validation burgers-validation-00005 3.38
CASE validation burgers-validation-00006 3.26
CASE validation burgers-validation-00007 2.01
CASE validation burgers-validation-00008 1.93
CASE validation burgers-validation-00009 1.67
CASE validation burgers-validation-00010 2.69
CASE validation burgers-validation-00011 1.26
CASE validation burgers-validation-00012 2.19
CASE validation burgers-validation-00013 1.68
CASE validation burgers-validation-00014 2.35
CASE validation burgers-validation-00015 1.24
CASE validation burgers-validation-00016 1.18
CASE validation burgers-validation-00017 2.44
CASE validation burgers-validation-00018 3.93
CASE validation burgers-validation-00019 3.73
CASE validation burgers-validation-00020 2.58
CASE validation burgers-validation-00021 1.9
CASE validation burgers-validation-00022 1.59
CASE validation burgers-validation-00023 1.56
CASE validation burgers-validation-00024 1.8
CASE validation burgers-validation-00025 1.47
CASE validation burgers-validation-00026 1.4
CASE validation burgers-validation-00027 1.4
CASE validation burgers-validation-00028 2.07
CASE validation burgers-validation-00029 1.31
CASE validation burgers-validation-00030 2.28
CASE validation burgers-validation-00031 2.39
DATA DONE {"train": {"cases": 128, "source_index_sha256": "5333584b7162df622ec7bc2b08e68d8003036b1b05abbea520249ed408fc8d49", "median_seconds": 2.1107691994402558, "host_bytes": 25794975744}, "validation": {"cases": 32, "source_index_sha256": "468b9e70df3392c4b5bbb41381c9062d3d697ac4772b7236c4ee59d0ca73ebad", "median_seconds": 1.917152890469879, "host_bytes": 6448743936}, "mesh": 2048, "seconds": 398.4274619403295, "solver": "iterative_paths.make_fom(L, dt, \"fft\") = fft_tight", "storage": "host memory only (no per-case files)"}
torch_backend=cuda NVIDIA A100 80GB PCIe
{"micro_batch_reduced_to": 4, "epoch": 0}
{"micro_batch_reduced_to": 2, "epoch": 0}
{"epoch": 0, "train_mean_squared_relative_error": 0.2528714531649641, "wall_seconds": 144.84347811806947, "best_so_far": 0.37594897226713314}
{"epoch": 1, "train_mean_squared_relative_error": 0.08577600973997995, "wall_seconds": 288.5860561663285, "best_so_far": 0.31456905434883653}
{"epoch": 2, "train_mean_squared_relative_error": 0.061603473679968934, "wall_seconds": 432.43385958625004, "best_so_far": 0.26135856273019165}
{"epoch": 3, "train_mean_squared_relative_error": 0.04890052442614988, "wall_seconds": 576.207950886339, "best_so_far": 0.2481558380510763}
{"epoch": 4, "train_mean_squared_relative_error": 0.04239086027735061, "wall_seconds": 720.042851286009, "best_so_far": 0.2218999372702295}
{"epoch": 5, "train_mean_squared_relative_error": 0.03587464467249656, "wall_seconds": 863.7378381891176, "best_so_far": 0.2218999372702295}
{"epoch": 6, "train_mean_squared_relative_error": 0.029776389536688968, "wall_seconds": 1007.0244255103171, "best_so_far": 0.18210275708727558}
{"epoch": 7, "train_mean_squared_relative_error": 0.029277049178023123, "wall_seconds": 1150.8284943271428, "best_so_far": 0.18210275708727558}
{"epoch": 8, "train_mean_squared_relative_error": 0.0239926075604091, "wall_seconds": 1294.0556624871679, "best_so_far": 0.17545629581612146}
{"epoch": 9, "train_mean_squared_relative_error": 0.02509628773686758, "wall_seconds": 1438.0095774801448, "best_so_far": 0.17545629581612146}
{"epoch": 10, "train_mean_squared_relative_error": 0.021630485045568866, "wall_seconds": 1581.409887244925, "best_so_far": 0.17545629581612146}
{"epoch": 11, "train_mean_squared_relative_error": 0.02128568321334607, "wall_seconds": 1724.7858523349278, "best_so_far": 0.15351637516045624}
{"epoch": 12, "train_mean_squared_relative_error": 0.018635084580796917, "wall_seconds": 1868.7855657790788, "best_so_far": 0.15351637516045624}
{"epoch": 13, "train_mean_squared_relative_error": 0.024286721759117044, "wall_seconds": 2012.0996638191864, "best_so_far": 0.15351637516045624}
{"epoch": 14, "train_mean_squared_relative_error": 0.015752418250449502, "wall_seconds": 2155.456648847088, "best_so_far": 0.14797558641096506}
{"epoch": 15, "train_mean_squared_relative_error": 0.013043041607717111, "wall_seconds": 2299.3709806762636, "best_so_far": 0.13315125116805668}
{"epoch": 16, "train_mean_squared_relative_error": 0.01204387226912754, "wall_seconds": 2443.2970151389018, "best_so_far": 0.12912942774211894}
{"epoch": 17, "train_mean_squared_relative_error": 0.011301927946514818, "wall_seconds": 2587.121217567008, "best_so_far": 0.12912942774211894}
{"epoch": 18, "train_mean_squared_relative_error": 0.011542528683148002, "wall_seconds": 2730.5200018221512, "best_so_far": 0.12334577396284159}
{"epoch": 19, "train_mean_squared_relative_error": 0.010085537297969158, "wall_seconds": 2874.4799448442645, "best_so_far": 0.12334577396284159}
{"epoch": 20, "train_mean_squared_relative_error": 0.012334062850417705, "wall_seconds": 3017.763376138173, "best_so_far": 0.12334577396284159}
ARM {"arm": "unet-b64", "config": "inputs/opconfigs/unet-b64.json", "job_id": "4307425", "started_unix": 1790300324.7202353, "ok": true, "epochs": 21, "stop_reason": "wall_budget", "validation_mean_case_max": 0.1233457739628416, "validation_worst_case_max": 0.21489965936798622, "micro_batch_final": 2, "best_checkpoint_sha256": "fec4bc014df34bd8c1e9aed7b6157663b8ab342a8edc504a17dc5cdb799bfdc4", "ended_unix": 1790303367.6473663}
TRAIN_MEM FINISHED
run_exit=0
