record unet-s from tr_256c
record tsol-s from tr_256c
no result.json for fno-s in tr_256fh (kept: result.json)
no result.json for don-s in tr_256dh (kept: result.json)
/cluster/tufts/paralab/tawal01/opsall_20260924/l3d/pn_heat256/code/configs/panel_heat256.json [('don-s', 'no micro-batch fits (OOM at micro-batch 1)'), ('fno-s', 'no micro-batch fits (OOM at micro-batch 1)'), ('tsol-s', 'ok'), ('unet-s', 'ok')]
host=pax010 job=4296949 config=configs/panel_heat256.json jax_fraction=0.75
NVIDIA H200, GPU-00f941a0-47e4-a46a-3ac2-257f0a4c43cc, 143771 MiB
10.235.106.33:/projects/paralab  4.6T  4.2T  369G  93% /cluster/tufts/paralab
jax_backend=gpu
[18:02:31] building heat 256
torch_backend=cuda NVIDIA H200
[18:06:23] accuracy pass: 16 arms x 64 cases
[18:06:32] case 0: nmrom_accurate_R320_linear_cn=0.0297%, nmrom_fast_R128_linear_cn=0.0374%, fom_cncg_dt0.025_rtol1e-6_NAMED=0.0296%, fom_cncg_dt0.025_rtol1e-4=0.0334%, fom_cncg_dt0.025_rtol1e-3=0.3105%, fom_cncg_dt0.025_rtol1e-2=0.8372%, fom_cncg_dt0.05_rtol1e-4=0.1193%, fom_cncg_dt0.05_rtol1e-3=0.1342%, fom_cncg_dt0.05_rtol1e-2=1.4732%, fom_cncg_dt0.1_rtol1e-4=0.4914%, fom_cncg_dt0.1_rtol1e-3=0.4922%, fom_cncg_dt0.1_rtol1e-2=0.6053%, fom_cncg_dt0.0125_rtol1e-6=0.0074%, fom_cncg_dt0.0125_rtol1e-4=0.0249%, op_transolver_tsol-s=5.1772%, op_unet_unet-s=63.1181%
[18:06:52] case 8: nmrom_accurate_R320_linear_cn=0.0226%, nmrom_fast_R128_linear_cn=0.2412%, fom_cncg_dt0.025_rtol1e-6_NAMED=0.0212%, fom_cncg_dt0.025_rtol1e-4=0.0248%, fom_cncg_dt0.025_rtol1e-3=0.3199%, fom_cncg_dt0.025_rtol1e-2=0.8110%, fom_cncg_dt0.05_rtol1e-4=0.0852%, fom_cncg_dt0.05_rtol1e-3=0.1025%, fom_cncg_dt0.05_rtol1e-2=1.1871%, fom_cncg_dt0.1_rtol1e-4=0.3494%, fom_cncg_dt0.1_rtol1e-3=0.3494%, fom_cncg_dt0.1_rtol1e-2=0.5280%, fom_cncg_dt0.0125_rtol1e-6=0.0053%, fom_cncg_dt0.0125_rtol1e-4=0.0250%, op_transolver_tsol-s=6.2883%, op_unet_unet-s=63.2156%
[18:07:12] case 16: nmrom_accurate_R320_linear_cn=0.0279%, nmrom_fast_R128_linear_cn=0.1098%, fom_cncg_dt0.025_rtol1e-6_NAMED=0.0276%, fom_cncg_dt0.025_rtol1e-4=0.0314%, fom_cncg_dt0.025_rtol1e-3=0.3274%, fom_cncg_dt0.025_rtol1e-2=0.8958%, fom_cncg_dt0.05_rtol1e-4=0.1113%, fom_cncg_dt0.05_rtol1e-3=0.1292%, fom_cncg_dt0.05_rtol1e-2=1.1744%, fom_cncg_dt0.1_rtol1e-4=0.4581%, fom_cncg_dt0.1_rtol1e-3=0.4586%, fom_cncg_dt0.1_rtol1e-2=0.5701%, fom_cncg_dt0.0125_rtol1e-6=0.0069%, fom_cncg_dt0.0125_rtol1e-4=0.0188%, op_transolver_tsol-s=8.3911%, op_unet_unet-s=69.6784%
[18:07:32] case 24: nmrom_accurate_R320_linear_cn=0.0578%, nmrom_fast_R128_linear_cn=0.5655%, fom_cncg_dt0.025_rtol1e-6_NAMED=0.0549%, fom_cncg_dt0.025_rtol1e-4=0.0566%, fom_cncg_dt0.025_rtol1e-3=0.2406%, fom_cncg_dt0.025_rtol1e-2=1.1984%, fom_cncg_dt0.05_rtol1e-4=0.2244%, fom_cncg_dt0.05_rtol1e-3=0.2288%, fom_cncg_dt0.05_rtol1e-2=1.2082%, fom_cncg_dt0.1_rtol1e-4=0.9968%, fom_cncg_dt0.1_rtol1e-3=0.9967%, fom_cncg_dt0.1_rtol1e-2=1.0019%, fom_cncg_dt0.0125_rtol1e-6=0.0137%, fom_cncg_dt0.0125_rtol1e-4=0.0217%, op_transolver_tsol-s=7.5607%, op_unet_unet-s=30.3918%
[18:07:52] case 32: nmrom_accurate_R320_linear_cn=0.0245%, nmrom_fast_R128_linear_cn=0.0731%, fom_cncg_dt0.025_rtol1e-6_NAMED=0.0243%, fom_cncg_dt0.025_rtol1e-4=0.0284%, fom_cncg_dt0.025_rtol1e-3=0.3170%, fom_cncg_dt0.025_rtol1e-2=0.8214%, fom_cncg_dt0.05_rtol1e-4=0.0980%, fom_cncg_dt0.05_rtol1e-3=0.1165%, fom_cncg_dt0.05_rtol1e-2=1.3287%, fom_cncg_dt0.1_rtol1e-4=0.4028%, fom_cncg_dt0.1_rtol1e-3=0.4033%, fom_cncg_dt0.1_rtol1e-2=0.5180%, fom_cncg_dt0.0125_rtol1e-6=0.0061%, fom_cncg_dt0.0125_rtol1e-4=0.0219%, op_transolver_tsol-s=5.3827%, op_unet_unet-s=61.6270%
[18:08:12] case 40: nmrom_accurate_R320_linear_cn=0.0229%, nmrom_fast_R128_linear_cn=0.2936%, fom_cncg_dt0.025_rtol1e-6_NAMED=0.0211%, fom_cncg_dt0.025_rtol1e-4=0.0246%, fom_cncg_dt0.025_rtol1e-3=0.3064%, fom_cncg_dt0.025_rtol1e-2=0.7996%, fom_cncg_dt0.05_rtol1e-4=0.0849%, fom_cncg_dt0.05_rtol1e-3=0.1013%, fom_cncg_dt0.05_rtol1e-2=1.2443%, fom_cncg_dt0.1_rtol1e-4=0.3475%, fom_cncg_dt0.1_rtol1e-3=0.3475%, fom_cncg_dt0.1_rtol1e-2=0.5222%, fom_cncg_dt0.0125_rtol1e-6=0.0053%, fom_cncg_dt0.0125_rtol1e-4=0.0238%, op_transolver_tsol-s=8.6526%, op_unet_unet-s=71.7825%
[18:08:32] case 48: nmrom_accurate_R320_linear_cn=0.0704%, nmrom_fast_R128_linear_cn=0.4186%, fom_cncg_dt0.025_rtol1e-6_NAMED=0.0694%, fom_cncg_dt0.025_rtol1e-4=0.0694%, fom_cncg_dt0.025_rtol1e-3=0.2270%, fom_cncg_dt0.025_rtol1e-2=1.3274%, fom_cncg_dt0.05_rtol1e-4=0.2841%, fom_cncg_dt0.05_rtol1e-3=0.2845%, fom_cncg_dt0.05_rtol1e-2=1.1653%, fom_cncg_dt0.1_rtol1e-4=1.2846%, fom_cncg_dt0.1_rtol1e-3=1.2844%, fom_cncg_dt0.1_rtol1e-2=1.2901%, fom_cncg_dt0.0125_rtol1e-6=0.0172%, fom_cncg_dt0.0125_rtol1e-4=0.0216%, op_transolver_tsol-s=8.8282%, op_unet_unet-s=27.5219%
[18:08:52] case 56: nmrom_accurate_R320_linear_cn=0.0366%, nmrom_fast_R128_linear_cn=0.1480%, fom_cncg_dt0.025_rtol1e-6_NAMED=0.0363%, fom_cncg_dt0.025_rtol1e-4=0.0402%, fom_cncg_dt0.025_rtol1e-3=0.2965%, fom_cncg_dt0.025_rtol1e-2=0.9320%, fom_cncg_dt0.05_rtol1e-4=0.1464%, fom_cncg_dt0.05_rtol1e-3=0.1607%, fom_cncg_dt0.05_rtol1e-2=1.1144%, fom_cncg_dt0.1_rtol1e-4=0.6047%, fom_cncg_dt0.1_rtol1e-3=0.6053%, fom_cncg_dt0.1_rtol1e-2=0.6649%, fom_cncg_dt0.0125_rtol1e-6=0.0091%, fom_cncg_dt0.0125_rtol1e-4=0.0226%, op_transolver_tsol-s=5.2265%, op_unet_unet-s=59.0175%
[18:09:10] reproduction gate passed=True max gap 4.137603099262529e-16
[18:09:15] timing: 16 arms x 64 cases x 3 rounds
[18:12:43] timing round 0 done
[18:16:10] timing round 1 done
[18:19:37] timing round 2 done
[18:19:37] PANEL DONE {"nmrom_accurate_R320_linear_cn": [0.0833, 23.507], "nmrom_fast_R128_linear_cn": [1.111, 10.27], "fom_cncg_dt0.025_rtol1e-6_NAMED": [0.0822, 333.524], "fom_cncg_dt0.025_rtol1e-4": [0.0823, 180.141], "fom_cncg_dt0.025_rtol1e-3": [0.3596, 141.264], "fom_cncg_dt0.025_rtol1e-2": [1.4131, 101.611], "fom_cncg_dt0.05_rtol1e-4": [0.3375, 175.584], "fom_cncg_dt0.05_rtol1e-3": [0.3386, 116.542], "fom_cncg_dt0.05_rtol1e-2": [1.4824, 74.203], "fom_cncg_dt0.1_rtol1e-4": [1.5496, 161.644], "fom_cncg_dt0.1_rtol1e-3": [1.5495, 111.416], "fom_cncg_dt0.1_rtol1e-2": [1.5595, 71.903], "fom_cncg_dt0.0125_rtol1e-6": [0.0204, 384.563], "fom_cncg_dt0.0125_rtol1e-4": [0.0308, 242.379], "op_transolver_tsol-s": [8.8608, 8.068], "op_unet_unet-s": [71.7825, 306.829]}
[18:19:37] FOM fom_cncg_dt0.025_rtol1e-4 gates {'reproduction': True, 'drift_selected': True, 'fom_found': True}
RUN_EXIT=0
ALL-DONE
