COMMIT.txt: OK
PROVENANCE.json: OK
code/DESIGN.md: OK
code/archive_storage.py: OK
code/audit.py: OK
code/audit_cg.py: OK
code/audit_coverage.py: OK
code/audit_head.py: OK
code/audit_panel.py: OK
code/audit_pretraining.py: OK
code/audit_states.py: OK
code/cluster/collect.py: OK
code/cluster/stage.py: OK
code/common.py: OK
code/config.json: OK
code/coverage_train.py: OK
code/final-primary-freeze.json: OK
code/final-robustness-freeze.json: OK
code/final-selection.json: OK
code/finalB.json: OK
code/final_freeze.py: OK
code/frozen.py: OK
code/head_pca_diagnostic.py: OK
code/iterative_cg.py: OK
code/operators/README.md: OK
code/operators/__init__.py: OK
code/operators/extra_models3d.py: OK
code/operators/extra_smoke.py: OK
code/operators/extra_train_smoke.py: OK
code/operators/heat_adapter.py: OK
code/operators/models3d.py: OK
code/operators/pretrained_deeponet.py: OK
code/operators/smoke.py: OK
code/operators/train_smoke.py: OK
code/operators/training.py: OK
code/operators/upstream/LICENSE: OK
code/operators/upstream/PROVENANCE.json: OK
code/operators/upstream/Physics_Attention.py: OK
code/operators/upstream/prior_families.py: OK
code/panel_selection.py: OK
code/prepare_selected_final.py: OK
code/retain_fields.py: OK
code/rom.py: OK
code/run.py: OK
code/train.py: OK
inputs/development06_primary/ORIGIN.json: OK
inputs/development06_primary/bank.pkl: OK
inputs/development06_primary/bank_curve.json: OK
inputs/development06_primary/cohorts.json: OK
inputs/development06_primary/head_K32.pkl: OK
inputs/development06_primary/head_K32_curve.json: OK
inputs/development06_primary/operators/deeponet3d_r128_w16/adapter.pkl: OK
inputs/development06_primary/operators/deeponet3d_r128_w16/best.pkl: OK
inputs/development06_primary/operators/deeponet3d_r128_w16/curve.json: OK
inputs/development06_primary/operators/deeponet3d_r128_w16/training.json: OK
inputs/development06_primary/operators/fno3d_w16_m6/adapter.pkl: OK
inputs/development06_primary/operators/fno3d_w16_m6/best.pkl: OK
inputs/development06_primary/operators/fno3d_w16_m6/curve.json: OK
inputs/development06_primary/operators/fno3d_w16_m6/training.json: OK
inputs/development06_primary/operators/transolver3d_w48_s32/adapter.pkl: OK
inputs/development06_primary/operators/transolver3d_w48_s32/best.pkl: OK
inputs/development06_primary/operators/transolver3d_w48_s32/curve.json: OK
inputs/development06_primary/operators/transolver3d_w48_s32/training.json: OK
inputs/development06_primary/operators/unet3d_w8/adapter.pkl: OK
inputs/development06_primary/operators/unet3d_w8/best.pkl: OK
inputs/development06_primary/operators/unet3d_w8/curve.json: OK
inputs/development06_primary/operators/unet3d_w8/training.json: OK
inputs/development06_primary/pod_N32.pkl: OK
inputs/development06_primary/pod_N64.pkl: OK
inputs/development06_seedB/ORIGIN.json: OK
inputs/development06_seedB/bank.pkl: OK
inputs/development06_seedB/bank_curve.json: OK
inputs/development06_seedB/cohorts.json: OK
inputs/development06_seedB/head_K32.pkl: OK
inputs/development06_seedB/head_K32_curve.json: OK
inputs/development06_seedB/operators/deeponet3d_r128_w16/adapter.pkl: OK
inputs/development06_seedB/operators/deeponet3d_r128_w16/best.pkl: OK
inputs/development06_seedB/operators/deeponet3d_r128_w16/curve.json: OK
inputs/development06_seedB/operators/deeponet3d_r128_w16/training.json: OK
inputs/development06_seedB/operators/fno3d_w16_m6/adapter.pkl: OK
inputs/development06_seedB/operators/fno3d_w16_m6/best.pkl: OK
inputs/development06_seedB/operators/fno3d_w16_m6/curve.json: OK
inputs/development06_seedB/operators/fno3d_w16_m6/training.json: OK
inputs/development06_seedB/operators/transolver3d_w48_s32/adapter.pkl: OK
inputs/development06_seedB/operators/transolver3d_w48_s32/best.pkl: OK
inputs/development06_seedB/operators/transolver3d_w48_s32/curve.json: OK
inputs/development06_seedB/operators/transolver3d_w48_s32/training.json: OK
inputs/development06_seedB/operators/unet3d_w8/adapter.pkl: OK
inputs/development06_seedB/operators/unet3d_w8/best.pkl: OK
inputs/development06_seedB/operators/unet3d_w8/curve.json: OK
inputs/development06_seedB/operators/unet3d_w8/training.json: OK
run.sbatch: OK
source_commit=575af7a504d5b8ca5873584bbdc67ba790e40fcf job_id=4033346
name, uuid, memory.total [MiB], driver_version
NVIDIA A100-PCIE-40GB, GPU-d7baad5d-04eb-b8a5-fd26-36215a6e6855, 40960 MiB, 575.57.08
Filesystem                       Size  Used Avail Use% Mounted on
10.235.106.30:/projects/paralab  4.6T  4.2T  443G  91% /cluster/tufts/paralab
jax_backend=gpu
jax_backend=gpu x64=True precision=highest
REFERENCE 0 8.149823760417097e-09
REFERENCE 1 2.3871367973650685e-08
REFERENCE 2 7.345193640478744e-08
REFERENCE 3 4.8569597805805205e-08
REFERENCE 4 5.0924051293670194e-08
REFERENCE 5 9.276053929088651e-08
REFERENCE 6 3.349427653339604e-08
REFERENCE 7 5.840770452398409e-09
REFERENCE 8 1.8339949642841035e-08
REFERENCE 9 7.737688771616123e-08
REFERENCE 10 8.154389113288406e-09
REFERENCE 11 4.7543062269631165e-08
REFERENCE 12 6.499205339132807e-09
REFERENCE 13 4.5817629514784205e-08
REFERENCE 14 2.291219583359457e-08
REFERENCE 15 2.647390578735313e-09
REFERENCE 16 3.865701802274332e-08
REFERENCE 17 1.6015141476044894e-08
REFERENCE 18 7.626691849473196e-08
REFERENCE 19 7.461532142091536e-10
REFERENCE 20 1.5616034196062786e-08
REFERENCE 21 2.4253672997734906e-08
REFERENCE 22 5.576178987078438e-09
REFERENCE 23 5.444491574592981e-08
REFERENCE 24 2.4280841935243653e-08
REFERENCE 25 1.8106777019641417e-08
REFERENCE 26 3.3036960142707476e-08
REFERENCE 27 2.9790521991218063e-08
REFERENCE 28 3.0322596590178543e-09
REFERENCE 29 2.4219249522985637e-08
REFERENCE 30 1.5514349744151318e-08
REFERENCE 31 5.7843721520707005e-09
REFERENCE 32 2.9023602360350687e-09
REFERENCE 33 1.7300628645811563e-08
REFERENCE 34 1.085992891970398e-07
REFERENCE 35 1.638780098542721e-08
REFERENCE 36 8.017524356939334e-08
REFERENCE 37 4.947831363409727e-08
REFERENCE 38 4.807963431728976e-08
REFERENCE 39 4.1172334654351706e-08
REFERENCE 40 3.3497634457070014e-09
REFERENCE 41 1.6472315334996652e-07
REFERENCE 42 6.7641277169294725e-09
REFERENCE 43 7.004297115930174e-08
REFERENCE 44 1.2950306763397237e-07
REFERENCE 45 6.319313635431735e-09
REFERENCE 46 6.001625085839555e-09
REFERENCE 47 9.476577126697936e-08
REFERENCE 48 5.9511479186411894e-08
REFERENCE 49 3.65710809532178e-08
REFERENCE 50 5.169420776504972e-08
REFERENCE 51 2.0769357870209393e-09
REFERENCE 52 1.053867001047989e-08
REFERENCE 53 1.2564848024474392e-08
REFERENCE 54 8.952094398027997e-08
REFERENCE 55 1.0213536283862635e-07
REFERENCE 56 1.0690821780692952e-07
REFERENCE 57 6.531601691840862e-08
REFERENCE 58 7.418121224265203e-08
REFERENCE 59 6.253834068145908e-09
REFERENCE 60 1.0326282055522901e-07
REFERENCE 61 2.2371220417243933e-08
REFERENCE 62 4.279556723731489e-08
REFERENCE 63 4.522668621861326e-08
COMPILED 32 linear_bank_cn 0.606
COMPILED 32 linear_bank_exact 0.001
COMPILED 32 pod32_exact 0.387
COMPILED 32 pod64_exact 0.53
COMPILED 32 pod96_exact 0.491
COMPILED 32 pod128_exact 0.204
COMPILED 32 linear_bank_galerkin_exact 0.124
COMPILED 32 dst_exact 0.0
COMPILED 32 fom_cn_cg_dt0.025_rtol1e-04 0.559
COMPILED 32 fom_cn_cg_dt0.025_rtol1e-06 0.436
COMPILED 32 fom_cn_cg_dt0.05_rtol1e-04 0.495
COMPILED 32 fom_cn_cg_dt0.1_rtol1e-02 0.418
COMPILED 32 fom_cn_cg_dt0.1_rtol1e-04 0.429
COMPILED 32 fno3d_w16_m6 1.418
COMPILED 32 unet3d_w8 2.504
COMPILED 32 deeponet3d_r128_w16 2.374
COMPILED 32 transolver3d_w48_s32 4.306
COMPILED 32 nmrom_K32_q0_dense 6.926
COMPILED 32 nmrom_K32_q32_dense 2.697
COMPILED 32 nmrom_K32_q64_dense 2.69
COMPILED 32 nmrom_K32_q96_dense 2.653
COMPILED 32 nmrom_K32_q96_dense_dt_half 2.117
CASE 32 0 REP 0
CASE 32 0 REP 1
CASE 32 0 REP 2
CASE 32 1 REP 0
CASE 32 1 REP 1
CASE 32 1 REP 2
CASE 32 2 REP 0
CASE 32 2 REP 1
CASE 32 2 REP 2
CASE 32 3 REP 0
CASE 32 3 REP 1
CASE 32 3 REP 2
CASE 32 4 REP 0
CASE 32 4 REP 1
CASE 32 4 REP 2
CASE 32 5 REP 0
CASE 32 5 REP 1
CASE 32 5 REP 2
CASE 32 6 REP 0
CASE 32 6 REP 1
CASE 32 6 REP 2
CASE 32 7 REP 0
CASE 32 7 REP 1
CASE 32 7 REP 2
CASE 32 8 REP 0
CASE 32 8 REP 1
CASE 32 8 REP 2
CASE 32 9 REP 0
CASE 32 9 REP 1
CASE 32 9 REP 2
CASE 32 10 REP 0
CASE 32 10 REP 1
CASE 32 10 REP 2
CASE 32 11 REP 0
CASE 32 11 REP 1
CASE 32 11 REP 2
CASE 32 12 REP 0
CASE 32 12 REP 1
CASE 32 12 REP 2
CASE 32 13 REP 0
CASE 32 13 REP 1
CASE 32 13 REP 2
CASE 32 14 REP 0
CASE 32 14 REP 1
CASE 32 14 REP 2
CASE 32 15 REP 0
CASE 32 15 REP 1
CASE 32 15 REP 2
CASE 32 16 REP 0
CASE 32 16 REP 1
CASE 32 16 REP 2
CASE 32 17 REP 0
CASE 32 17 REP 1
CASE 32 17 REP 2
CASE 32 18 REP 0
CASE 32 18 REP 1
CASE 32 18 REP 2
CASE 32 19 REP 0
CASE 32 19 REP 1
CASE 32 19 REP 2
CASE 32 20 REP 0
CASE 32 20 REP 1
CASE 32 20 REP 2
CASE 32 21 REP 0
CASE 32 21 REP 1
CASE 32 21 REP 2
CASE 32 22 REP 0
CASE 32 22 REP 1
CASE 32 22 REP 2
CASE 32 23 REP 0
CASE 32 23 REP 1
CASE 32 23 REP 2
CASE 32 24 REP 0
CASE 32 24 REP 1
CASE 32 24 REP 2
CASE 32 25 REP 0
CASE 32 25 REP 1
CASE 32 25 REP 2
CASE 32 26 REP 0
CASE 32 26 REP 1
CASE 32 26 REP 2
CASE 32 27 REP 0
CASE 32 27 REP 1
CASE 32 27 REP 2
CASE 32 28 REP 0
CASE 32 28 REP 1
CASE 32 28 REP 2
CASE 32 29 REP 0
CASE 32 29 REP 1
CASE 32 29 REP 2
CASE 32 30 REP 0
CASE 32 30 REP 1
CASE 32 30 REP 2
CASE 32 31 REP 0
CASE 32 31 REP 1
CASE 32 31 REP 2
CASE 32 32 REP 0
CASE 32 32 REP 1
CASE 32 32 REP 2
CASE 32 33 REP 0
CASE 32 33 REP 1
CASE 32 33 REP 2
CASE 32 34 REP 0
CASE 32 34 REP 1
CASE 32 34 REP 2
CASE 32 35 REP 0
CASE 32 35 REP 1
CASE 32 35 REP 2
CASE 32 36 REP 0
CASE 32 36 REP 1
CASE 32 36 REP 2
CASE 32 37 REP 0
CASE 32 37 REP 1
CASE 32 37 REP 2
CASE 32 38 REP 0
CASE 32 38 REP 1
CASE 32 38 REP 2
CASE 32 39 REP 0
CASE 32 39 REP 1
CASE 32 39 REP 2
CASE 32 40 REP 0
CASE 32 40 REP 1
CASE 32 40 REP 2
CASE 32 41 REP 0
CASE 32 41 REP 1
CASE 32 41 REP 2
CASE 32 42 REP 0
CASE 32 42 REP 1
CASE 32 42 REP 2
CASE 32 43 REP 0
CASE 32 43 REP 1
CASE 32 43 REP 2
CASE 32 44 REP 0
CASE 32 44 REP 1
CASE 32 44 REP 2
CASE 32 45 REP 0
CASE 32 45 REP 1
CASE 32 45 REP 2
CASE 32 46 REP 0
CASE 32 46 REP 1
CASE 32 46 REP 2
CASE 32 47 REP 0
CASE 32 47 REP 1
CASE 32 47 REP 2
CASE 32 48 REP 0
CASE 32 48 REP 1
CASE 32 48 REP 2
CASE 32 49 REP 0
CASE 32 49 REP 1
CASE 32 49 REP 2
CASE 32 50 REP 0
CASE 32 50 REP 1
CASE 32 50 REP 2
CASE 32 51 REP 0
CASE 32 51 REP 1
CASE 32 51 REP 2
CASE 32 52 REP 0
CASE 32 52 REP 1
CASE 32 52 REP 2
CASE 32 53 REP 0
CASE 32 53 REP 1
CASE 32 53 REP 2
CASE 32 54 REP 0
CASE 32 54 REP 1
CASE 32 54 REP 2
CASE 32 55 REP 0
CASE 32 55 REP 1
CASE 32 55 REP 2
CASE 32 56 REP 0
CASE 32 56 REP 1
CASE 32 56 REP 2
CASE 32 57 REP 0
CASE 32 57 REP 1
CASE 32 57 REP 2
CASE 32 58 REP 0
CASE 32 58 REP 1
CASE 32 58 REP 2
CASE 32 59 REP 0
CASE 32 59 REP 1
CASE 32 59 REP 2
CASE 32 60 REP 0
CASE 32 60 REP 1
CASE 32 60 REP 2
CASE 32 61 REP 0
CASE 32 61 REP 1
CASE 32 61 REP 2
CASE 32 62 REP 0
CASE 32 62 REP 1
CASE 32 62 REP 2
CASE 32 63 REP 0
CASE 32 63 REP 1
CASE 32 63 REP 2
COMPILED 64 linear_bank_cn 0.604
COMPILED 64 linear_bank_exact 0.001
COMPILED 64 pod32_exact 0.363
COMPILED 64 pod64_exact 0.422
COMPILED 64 pod96_exact 0.527
COMPILED 64 pod128_exact 0.23
COMPILED 64 linear_bank_galerkin_exact 0.151
COMPILED 64 dst_exact 0.001
COMPILED 64 fom_cn_cg_dt0.025_rtol1e-04 0.764
COMPILED 64 fom_cn_cg_dt0.05_rtol1e-04 0.455
COMPILED 64 fom_cn_cg_dt0.1_rtol1e-02 0.486
COMPILED 64 fom_cn_cg_dt0.1_rtol1e-04 0.498
COMPILED 64 fno3d_w16_m6_physical_padding_transfer 1.345
COMPILED 64 unet3d_w8_native_grid_interpolated 0.771
COMPILED 64 deeponet3d_r128_w16_native_sensors_continuous_trunk 2.018
COMPILED 64 transolver3d_w48_s32_native_grid_interpolated 1.395
COMPILED 64 nmrom_K32_q0_dense 2.083
COMPILED 64 nmrom_K32_q32_dense 2.052
COMPILED 64 nmrom_K32_q64_dense 2.143
COMPILED 64 nmrom_K32_q96_dense 2.242
COMPILED 64 nmrom_K32_q96_dense_dt_half 2.161
CASE 64 0 REP 0
CASE 64 0 REP 1
CASE 64 0 REP 2
CASE 64 1 REP 0
CASE 64 1 REP 1
CASE 64 1 REP 2
CASE 64 2 REP 0
CASE 64 2 REP 1
CASE 64 2 REP 2
CASE 64 3 REP 0
CASE 64 3 REP 1
CASE 64 3 REP 2
CASE 64 4 REP 0
CASE 64 4 REP 1
CASE 64 4 REP 2
CASE 64 5 REP 0
CASE 64 5 REP 1
CASE 64 5 REP 2
CASE 64 6 REP 0
CASE 64 6 REP 1
CASE 64 6 REP 2
CASE 64 7 REP 0
CASE 64 7 REP 1
CASE 64 7 REP 2
CASE 64 8 REP 0
CASE 64 8 REP 1
CASE 64 8 REP 2
CASE 64 9 REP 0
CASE 64 9 REP 1
CASE 64 9 REP 2
CASE 64 10 REP 0
CASE 64 10 REP 1
CASE 64 10 REP 2
CASE 64 11 REP 0
CASE 64 11 REP 1
CASE 64 11 REP 2
CASE 64 12 REP 0
CASE 64 12 REP 1
CASE 64 12 REP 2
CASE 64 13 REP 0
CASE 64 13 REP 1
CASE 64 13 REP 2
CASE 64 14 REP 0
CASE 64 14 REP 1
CASE 64 14 REP 2
CASE 64 15 REP 0
CASE 64 15 REP 1
CASE 64 15 REP 2
CASE 64 16 REP 0
CASE 64 16 REP 1
CASE 64 16 REP 2
CASE 64 17 REP 0
CASE 64 17 REP 1
CASE 64 17 REP 2
CASE 64 18 REP 0
CASE 64 18 REP 1
CASE 64 18 REP 2
CASE 64 19 REP 0
CASE 64 19 REP 1
CASE 64 19 REP 2
CASE 64 20 REP 0
CASE 64 20 REP 1
CASE 64 20 REP 2
CASE 64 21 REP 0
CASE 64 21 REP 1
CASE 64 21 REP 2
CASE 64 22 REP 0
CASE 64 22 REP 1
CASE 64 22 REP 2
CASE 64 23 REP 0
CASE 64 23 REP 1
CASE 64 23 REP 2
CASE 64 24 REP 0
CASE 64 24 REP 1
CASE 64 24 REP 2
CASE 64 25 REP 0
CASE 64 25 REP 1
CASE 64 25 REP 2
CASE 64 26 REP 0
CASE 64 26 REP 1
CASE 64 26 REP 2
CASE 64 27 REP 0
CASE 64 27 REP 1
CASE 64 27 REP 2
CASE 64 28 REP 0
CASE 64 28 REP 1
CASE 64 28 REP 2
CASE 64 29 REP 0
CASE 64 29 REP 1
CASE 64 29 REP 2
CASE 64 30 REP 0
CASE 64 30 REP 1
CASE 64 30 REP 2
CASE 64 31 REP 0
CASE 64 31 REP 1
CASE 64 31 REP 2
CASE 64 32 REP 0
CASE 64 32 REP 1
CASE 64 32 REP 2
CASE 64 33 REP 0
CASE 64 33 REP 1
CASE 64 33 REP 2
CASE 64 34 REP 0
CASE 64 34 REP 1
CASE 64 34 REP 2
CASE 64 35 REP 0
CASE 64 35 REP 1
CASE 64 35 REP 2
CASE 64 36 REP 0
CASE 64 36 REP 1
CASE 64 36 REP 2
CASE 64 37 REP 0
CASE 64 37 REP 1
CASE 64 37 REP 2
CASE 64 38 REP 0
CASE 64 38 REP 1
CASE 64 38 REP 2
CASE 64 39 REP 0
CASE 64 39 REP 1
CASE 64 39 REP 2
CASE 64 40 REP 0
CASE 64 40 REP 1
CASE 64 40 REP 2
CASE 64 41 REP 0
CASE 64 41 REP 1
CASE 64 41 REP 2
CASE 64 42 REP 0
CASE 64 42 REP 1
CASE 64 42 REP 2
CASE 64 43 REP 0
CASE 64 43 REP 1
CASE 64 43 REP 2
CASE 64 44 REP 0
CASE 64 44 REP 1
CASE 64 44 REP 2
CASE 64 45 REP 0
CASE 64 45 REP 1
CASE 64 45 REP 2
CASE 64 46 REP 0
CASE 64 46 REP 1
CASE 64 46 REP 2
CASE 64 47 REP 0
CASE 64 47 REP 1
CASE 64 47 REP 2
CASE 64 48 REP 0
CASE 64 48 REP 1
CASE 64 48 REP 2
CASE 64 49 REP 0
CASE 64 49 REP 1
CASE 64 49 REP 2
CASE 64 50 REP 0
CASE 64 50 REP 1
CASE 64 50 REP 2
CASE 64 51 REP 0
CASE 64 51 REP 1
CASE 64 51 REP 2
CASE 64 52 REP 0
CASE 64 52 REP 1
CASE 64 52 REP 2
CASE 64 53 REP 0
CASE 64 53 REP 1
CASE 64 53 REP 2
CASE 64 54 REP 0
CASE 64 54 REP 1
CASE 64 54 REP 2
CASE 64 55 REP 0
CASE 64 55 REP 1
CASE 64 55 REP 2
CASE 64 56 REP 0
CASE 64 56 REP 1
CASE 64 56 REP 2
CASE 64 57 REP 0
CASE 64 57 REP 1
CASE 64 57 REP 2
CASE 64 58 REP 0
CASE 64 58 REP 1
CASE 64 58 REP 2
CASE 64 59 REP 0
CASE 64 59 REP 1
CASE 64 59 REP 2
CASE 64 60 REP 0
CASE 64 60 REP 1
CASE 64 60 REP 2
CASE 64 61 REP 0
CASE 64 61 REP 1
CASE 64 61 REP 2
CASE 64 62 REP 0
CASE 64 62 REP 1
CASE 64 62 REP 2
CASE 64 63 REP 0
CASE 64 63 REP 1
CASE 64 63 REP 2
jax_backend=gpu x64=True precision=highest
REFERENCE 0 8.149823765911373e-09
REFERENCE 1 2.3871367976176792e-08
REFERENCE 2 7.345193640379111e-08
REFERENCE 3 4.856959780265995e-08
REFERENCE 4 5.092405129776053e-08
REFERENCE 5 9.276053928237172e-08
REFERENCE 6 3.349427652627375e-08
REFERENCE 7 5.840770447157481e-09
REFERENCE 8 1.8339949637601415e-08
REFERENCE 9 7.737688770157801e-08
REFERENCE 10 8.154389101371366e-09
REFERENCE 11 4.754306225596987e-08
REFERENCE 12 6.499205344479247e-09
REFERENCE 13 4.581762950089721e-08
REFERENCE 14 2.2912195839247255e-08
REFERENCE 15 2.6473906001402436e-09
REFERENCE 16 3.8657018021741945e-08
REFERENCE 17 1.601514147063199e-08
REFERENCE 18 7.626691849699696e-08
REFERENCE 19 7.461532088461382e-10
REFERENCE 20 1.5616034187070962e-08
REFERENCE 21 2.4253672995698825e-08
REFERENCE 22 5.5761789860817976e-09
REFERENCE 23 5.444491576097871e-08
REFERENCE 24 2.4280841943645843e-08
REFERENCE 25 1.810677702355479e-08
REFERENCE 26 3.303696014457806e-08
REFERENCE 27 2.9790522000173663e-08
REFERENCE 28 3.0322596374146392e-09
REFERENCE 29 2.4219249526610465e-08
REFERENCE 30 1.551434974979916e-08
REFERENCE 31 5.784372152297475e-09
REFERENCE 32 2.902360235095738e-09
REFERENCE 33 1.7300628640264033e-08
REFERENCE 34 1.0859928920213211e-07
REFERENCE 35 1.638780097871594e-08
REFERENCE 36 8.017524356542793e-08
REFERENCE 37 4.947831364057862e-08
REFERENCE 38 4.807963429893062e-08
REFERENCE 39 4.1172334654634165e-08
REFERENCE 40 3.349763449686495e-09
REFERENCE 41 1.6472315335130584e-07
REFERENCE 42 6.7641277195160605e-09
REFERENCE 43 7.004297115888538e-08
REFERENCE 44 1.2950306762695142e-07
REFERENCE 45 6.3193136337156924e-09
REFERENCE 46 6.001625110959895e-09
REFERENCE 47 9.476577127417041e-08
REFERENCE 48 5.9511479189849935e-08
REFERENCE 49 3.657108095081488e-08
REFERENCE 50 5.169420775314896e-08
REFERENCE 51 2.0769357902255016e-09
REFERENCE 52 1.0538670017249737e-08
REFERENCE 53 1.2564848032663594e-08
REFERENCE 54 8.952094398185385e-08
REFERENCE 55 1.0213536284074611e-07
REFERENCE 56 1.069082178101713e-07
REFERENCE 57 6.531601691794519e-08
REFERENCE 58 7.418121226618027e-08
REFERENCE 59 6.25383407346165e-09
REFERENCE 60 1.0326282053069826e-07
REFERENCE 61 2.237122042156307e-08
REFERENCE 62 4.2795567236171803e-08
REFERENCE 63 4.5226686208959313e-08
COMPILED 32 fno3d_w16_m6 1.34
COMPILED 32 unet3d_w8 1.788
COMPILED 32 deeponet3d_r128_w16 2.27
COMPILED 32 transolver3d_w48_s32 4.129
COMPILED 32 nmrom_K32_q0_dense 6.987
COMPILED 32 nmrom_K32_q32_dense 2.512
COMPILED 32 nmrom_K32_q64_dense 2.565
COMPILED 32 nmrom_K32_q96_dense 2.769
CASE 32 0 REP 0
CASE 32 1 REP 0
CASE 32 2 REP 0
CASE 32 3 REP 0
CASE 32 4 REP 0
CASE 32 5 REP 0
CASE 32 6 REP 0
CASE 32 7 REP 0
CASE 32 8 REP 0
CASE 32 9 REP 0
CASE 32 10 REP 0
CASE 32 11 REP 0
CASE 32 12 REP 0
CASE 32 13 REP 0
CASE 32 14 REP 0
CASE 32 15 REP 0
CASE 32 16 REP 0
CASE 32 17 REP 0
CASE 32 18 REP 0
CASE 32 19 REP 0
CASE 32 20 REP 0
CASE 32 21 REP 0
CASE 32 22 REP 0
CASE 32 23 REP 0
CASE 32 24 REP 0
CASE 32 25 REP 0
CASE 32 26 REP 0
CASE 32 27 REP 0
CASE 32 28 REP 0
CASE 32 29 REP 0
CASE 32 30 REP 0
CASE 32 31 REP 0
CASE 32 32 REP 0
CASE 32 33 REP 0
CASE 32 34 REP 0
CASE 32 35 REP 0
CASE 32 36 REP 0
CASE 32 37 REP 0
CASE 32 38 REP 0
CASE 32 39 REP 0
CASE 32 40 REP 0
CASE 32 41 REP 0
CASE 32 42 REP 0
CASE 32 43 REP 0
CASE 32 44 REP 0
CASE 32 45 REP 0
CASE 32 46 REP 0
CASE 32 47 REP 0
CASE 32 48 REP 0
CASE 32 49 REP 0
CASE 32 50 REP 0
CASE 32 51 REP 0
CASE 32 52 REP 0
CASE 32 53 REP 0
CASE 32 54 REP 0
CASE 32 55 REP 0
CASE 32 56 REP 0
CASE 32 57 REP 0
CASE 32 58 REP 0
CASE 32 59 REP 0
CASE 32 60 REP 0
CASE 32 61 REP 0
CASE 32 62 REP 0
CASE 32 63 REP 0
run_exit=0
