stage_manifest_file_sha256=baae1687d18ead539f17aeffbd536eb2ca93a82086c21019e07ea664f095aed9
./code/b10_phase4.py: OK
./code/b10_common.py: OK
./code/deps/burgers2d-coord-rom/burgers2d_film.py: OK
./code/b10_phase3.py: OK
./code/deps/p3/phase3_d.json: OK
./code/b10_spline.py: OK
./code/b10_phase4_d.py: OK
./run.sbatch: OK
./code/b10_audit_phase4_d.py: OK
./code/b10_s0_spline.py: OK
./code/deps/p3/AUDIT.json: OK
./code/deps/s0/s0.json: OK
./code/deps/s0/AUDIT.json: OK
./code/bh_common.py: OK
./code/deps/s0/s0.npz: OK
./code/deps/p3/phase3_d.npz: OK
host=pax011 gpu=NVIDIA H200
commit=84f4ac4a15aad5b875865cd73df3f4bbb4b413ba cell=p4_d_r2 oracle_workers=8
jax_backend=gpu cuda:0
{'status': 'complete', 'decision': {'selected_spatial_arm': 'H1', 'training_seed11_k24_licensed': True, 'correction_classification': 'conditional-zero-or-occasional-attempt', 'phase4_hard_stop': False, 'scientific_promotion_allowed': True}, 'elapsed_s': 1577.0702286809683}
ALL-DONE
