host=pax105 source_commit=be08d94d7fd4ebab977b6dede4845f255be94acb
NVIDIA A100 80GB PCIe, GPU-7ea87052-7ee2-b522-615d-be66f44238c3, 81920 MiB
10.235.106.20:/projects/paralab  4.6T  4.2T  358G  93% /cluster/tufts/paralab
jax_backend=gpu
jax_backend=gpu x64=True precision=highest (training)
tables 31.3s
data n=33 rows=384 steps=12 points=29791 worst residual 9.81e-09 42.0s
data n=33 rows=48 steps=12 points=29791 worst residual 9.85e-09 6.4s
data n=65 rows=384 steps=12 points=250047 worst residual 9.83e-09 77.5s
data n=65 rows=48 steps=12 points=250047 worst residual 8.74e-09 11.0s
data n=129 rows=384 steps=12 points=250047 worst residual 9.80e-09 510.7s
data n=129 rows=48 steps=12 points=250047 worst residual 9.92e-09 67.6s
group 33: S=4608 P=29791 POD modes 1536 dropped tail mean 3.039e-11 validation POD floor (worst) by rank {'64': 0.14558225102008046, '128': 0.06345170952551543, '256': 0.020727651066493692, '384': 0.013107511252245848, '512': 0.008646050068206467}
group 65: S=4608 P=250047 POD modes 1536 dropped tail mean 7.933e-11 validation POD floor (worst) by rank {'64': 0.1491652359818372, '128': 0.06829105089419049, '256': 0.030726542959339447, '384': 0.02184316181698005, '512': 0.01610302143709681}
group 129: S=4608 P=250047 POD modes 1536 dropped tail mean 1.426e-10 validation POD floor (worst) by rank {'64': 0.15188323700513198, '128': 0.07313580481486708, '256': 0.04089369536509536, '384': 0.029412059717491383, '512': 0.023621751675121865}
BANK {"step": 50, "objective": -7.459328141731714, "train_mean_sq": 0.004860907883851535, "train_tail": 0.01404218756587656, "whitening": 0.0464509005626888, "validation_worst": {"33": 0.19608058850493024, "65": 0.21709906466388387, "129": 0.24059332540818895}, "validation_rms": {"33": 0.10228431573918274, "65": 0.10399834172983162, "129": 0.10536452523409368}, "seconds": 171.00301620410755}
BANK {"step": 1000, "objective": -19.500823435005987, "train_mean_sq": 1.5322240499380007e-06, "train_tail": 4.910200932141471e-06, "whitening": 0.06466261311955045, "validation_worst": {"33": 0.011127793175766827, "65": 0.01830135242817143, "129": 0.02458286930850201}, "validation_rms": {"33": 0.0026058091068430103, "65": 0.0033883646406188185, "129": 0.004222950756663217}, "seconds": 379.3358934260905}
BANK {"step": 2000, "objective": -20.524459159776065, "train_mean_sq": 7.837962148341672e-07, "train_tail": 2.4222299305661422e-06, "whitening": 0.06861224941738742, "validation_worst": {"33": 0.009877868702878757, "65": 0.01683629639958609, "129": 0.02290536253927099}, "validation_rms": {"33": 0.002090500387518115, "65": 0.002819540511859764, "129": 0.0036164112299181465}, "seconds": 599.0093421069905}
BANK {"step": 3000, "objective": -21.02517890406913, "train_mean_sq": 4.987371702448425e-07, "train_tail": 2.1976518540213272e-06, "whitening": 0.06824217054362854, "validation_worst": {"33": 0.009265728794052314, "65": 0.016338888124020096, "129": 0.022259212975679732}, "validation_rms": {"33": 0.0019113508153257935, "65": 0.002631267934694046, "129": 0.003415172363091509}, "seconds": 818.1621552961878}
BANK {"step": 4000, "objective": -20.791399539627967, "train_mean_sq": 4.899980843723538e-07, "train_tail": 3.633895795595435e-06, "whitening": 0.06744729125822092, "validation_worst": {"33": 0.00927110845002832, "65": 0.016466971376666712, "129": 0.02268247581114375}, "validation_rms": {"33": 0.0019396191241290105, "65": 0.0026414311505249147, "129": 0.0034173832917094344}, "seconds": 1037.480029196944}
BANK {"step": 5000, "objective": -21.63498294705619, "train_mean_sq": 3.388715230099272e-07, "train_tail": 1.4059371977423658e-06, "whitening": 0.06505896398464667, "validation_worst": {"33": 0.009254979812445701, "65": 0.016419313445067512, "129": 0.022737632650524444}, "validation_rms": {"33": 0.0018762068716088585, "65": 0.0025693050589223887, "129": 0.0033390075512819413}, "seconds": 1256.6068443092518}
BANK {"step": 6000, "objective": -22.01315637324455, "train_mean_sq": 2.949027398776794e-07, "train_tail": 8.713715553937335e-07, "whitening": 0.06254016216993816, "validation_worst": {"33": 0.009150847053988262, "65": 0.016265400244996297, "129": 0.022572297807288758}, "validation_rms": {"33": 0.0018711320437663256, "65": 0.002556235115478537, "129": 0.003319878526986709}, "seconds": 1475.6600207039155}
BANK {"step": 7000, "objective": -22.109306592377212, "train_mean_sq": 2.75292656904108e-07, "train_tail": 8.250075161148231e-07, "whitening": 0.061175950864575036, "validation_worst": {"33": 0.009228382175837666, "65": 0.01631781701983721, "129": 0.02255184312615987}, "validation_rms": {"33": 0.0018723222371039747, "65": 0.0025556253789570677, "129": 0.00331598514048309}, "seconds": 1694.9029662311077}
BANK {"step": 8000, "objective": -22.19080394676288, "train_mean_sq": 2.6872815197117623e-07, "train_tail": 7.355859515276907e-07, "whitening": 0.06083022534507232, "validation_worst": {"33": 0.009228065102121565, "65": 0.016321311005732028, "129": 0.02258336196148333}, "validation_rms": {"33": 0.00187301850754257, "65": 0.002556331841602546, "129": 0.0033171316426630396}, "seconds": 1914.2637086622417}
ORDER {"32": 0.990273877182771, "64": 0.9981742231175313, "96": 0.9994239712863084, "128": 0.9997702054113946, "192": 0.9999459487539107, "256": 0.9999834500582252, "384": 0.9999980973183442, "512": 1.0000000000000007}
FLOORS {"33": {"32": {"worst": 0.2840207225316339, "rms": 0.09469067164359507}, "64": {"worst": 0.14886875497050295, "rms": 0.04364532567949242}, "96": {"worst": 0.09625773434978559, "rms": 0.027184251595567702}, "128": {"worst": 0.06800483039457693, "rms": 0.018186466316820745}, "192": {"worst": 0.03905487846049623, "rms": 0.010197913813302581}, "256": {"worst": 0.024007095614452002, "rms": 0.006565991150336823}, "384": {"worst": 0.012995880030442209, "rms": 0.0034424592375340186}, "512": {"worst": 0.009265728794067828, "rms": 0.0020583504497603076}}, "65": {"32": {"worst": 0.2840209361860747, "rms": 0.10047956518385061}, "64": {"worst": 0.14886894693945843, "rms": 0.04775292081050702}, "96": {"worst": 0.09625856902642772, "rms": 0.030475900206882112}, "128": {"worst": 0.06800683532256908, "rms": 0.020781927626665232}, "192": {"worst": 0.040118260656962584, "rms": 0.012126992908388897}, "256": {"worst": 0.030673444644588845, "rms": 0.008100765916630856}, "384": {"worst": 0.02113716263222439, "rms": 0.004534748082098132}, "512": {"worst": 0.01633888812406513, "rms": 0.0030390681429831707}}, "129": {"32": {"worst": 0.2840209484629901, "rms": 0.10467234417652088}, "64": {"worst": 0.14886895810737402, "rms": 0.051051761685842974}, "96": {"worst": 0.09625861845244559, "rms": 0.03325365387854944}, "128": {"worst": 0.07067309996661762, "rms": 0.023125931057342446}, "192": {"worst": 0.05041348935325753, "rms": 0.013990177966566215}, "256": {"worst": 0.04102026455720363, "rms": 0.009645356853307571}, "384": {"worst": 0.0274953311512594, "rms": 0.005699414343739709}, "512": {"worst": 0.022036337359350133, "rms": 0.004073820587855533}}}
OLD BANK FLOORS {"33": {"rank": 256, "worst": 0.03816750325200851, "rms": 0.012259916401742645}, "65": {"rank": 256, "worst": 0.05196224221825993, "rms": 0.01514006738543027}, "129": {"rank": 256, "worst": 0.06431355876085096, "rms": 0.01755161719872213}}
HEAD {"k": 32, "step": 10000, "objective": 0.011867200316523913, "validation_best_found_worst": 0.3076519261148007, "validation_best_found_worst_by_group": [0.3076379349875582, 0.3076519261148007, 0.3070594659981025], "seconds": 46.544609462842345}
HEAD {"k": 32, "step": 20000, "objective": 0.001978560488063444, "validation_best_found_worst": 0.2508727879781605, "validation_best_found_worst_by_group": [0.2508541446839574, 0.25086391690086923, 0.2508727879781605], "seconds": 72.33541853586212}
HEAD {"k": 32, "step": 30000, "objective": 0.0007263550029932827, "validation_best_found_worst": 0.24817037309426104, "validation_best_found_worst_by_group": [0.24707607315874475, 0.24708355983637342, 0.24817037309426104], "seconds": 93.55919524282217}
HEAD {"k": 32, "step": 40000, "objective": 0.0004940227499961774, "validation_best_found_worst": 0.24614670557195228, "validation_best_found_worst_by_group": [0.24498689256396947, 0.24499339693999214, 0.24614670557195228], "seconds": 112.77857320802286}
HEAD {"k": 64, "step": 10000, "objective": 10.701800705443762, "validation_best_found_worst": 0.4943950366703548, "validation_best_found_worst_by_group": [0.4943950366703548, 0.4824200748015637, 0.4775291491972385], "seconds": 57.825361841823906}
HEAD {"k": 64, "step": 20000, "objective": 0.00862136134888345, "validation_best_found_worst": 0.24203661467843446, "validation_best_found_worst_by_group": [0.24099698939655445, 0.2410297382188752, 0.24203661467843446], "seconds": 117.49072471819818}
HEAD {"k": 64, "step": 30000, "objective": 0.00790120733847893, "validation_best_found_worst": 0.23147578473593894, "validation_best_found_worst_by_group": [0.23058548563870193, 0.23062314362472267, 0.23147578473593894], "seconds": 167.26733850315213}
HEAD {"k": 64, "step": 40000, "objective": 0.003927028005776253, "validation_best_found_worst": 0.21140580170205744, "validation_best_found_worst_by_group": [0.21085044946972126, 0.21088831899479535, 0.21140580170205744], "seconds": 207.191778591834}
TRAINING COMPLETE
ALL-DONE
