/cluster/tufts/paralab/tawal01/ae-research/venv/lib/python3.13/site-packages/jax/_src/interpreters/mlir.py:1246: UserWarning: A large amount of constants were captured during lowering (4.23GB total). If this is intentional, disable this warning by setting JAX_CAPTURED_CONSTANTS_WARN_BYTES=-1. To obtain a report of where these constants were encountered, set JAX_CAPTURED_CONSTANTS_REPORT_FRAMES=-1.
  warnings.warn(message)
E0823 13:30:15.208095  597711 slow_operation_alarm.cc:73] Constant folding an instruction is taking > 1s:

  %dot = f64[64516,128]{1,0} dot(%constant.14, %constant.15), lhs_contracting_dims={1}, rhs_contracting_dims={0}, operand_precision={highest,highest}, metadata={op_name="jit(<lambda>)/dot_general" stack_frame_id=13}

This isn't necessarily a bug; constant-folding is inherently a trade-off between compilation time and speed at runtime. XLA has some guards that attempt to keep constant folding from taking too long, but fundamentally you'll always be able to come up with an input program that takes a long time.

If you'd like to file a bug, run with envvar XLA_FLAGS=--xla_dump_to=/tmp/foo and attach the results.
E0823 13:30:17.697187  597659 slow_operation_alarm.cc:140] The operation took 3.489176182s
Constant folding an instruction is taking > 1s:

  %dot = f64[64516,128]{1,0} dot(%constant.14, %constant.15), lhs_contracting_dims={1}, rhs_contracting_dims={0}, operand_precision={highest,highest}, metadata={op_name="jit(<lambda>)/dot_general" stack_frame_id=13}

This isn't necessarily a bug; constant-folding is inherently a trade-off between compilation time and speed at runtime. XLA has some guards that attempt to keep constant folding from taking too long, but fundamentally you'll always be able to come up with an input program that takes a long time.

If you'd like to file a bug, run with envvar XLA_FLAGS=--xla_dump_to=/tmp/foo and attach the results.
E0823 13:30:19.719125  597711 slow_operation_alarm.cc:73] Constant folding an instruction is taking > 2s:

  %dot.1 = f64[64516,128]{1,0} dot(%constant.17, %constant.19), lhs_contracting_dims={1}, rhs_contracting_dims={0}, operand_precision={highest,highest}, metadata={op_name="jit(<lambda>)/dot_general" stack_frame_id=13}

This isn't necessarily a bug; constant-folding is inherently a trade-off between compilation time and speed at runtime. XLA has some guards that attempt to keep constant folding from taking too long, but fundamentally you'll always be able to come up with an input program that takes a long time.

If you'd like to file a bug, run with envvar XLA_FLAGS=--xla_dump_to=/tmp/foo and attach the results.
E0823 13:30:21.209121  597659 slow_operation_alarm.cc:140] The operation took 3.490081907s
Constant folding an instruction is taking > 2s:

  %dot.1 = f64[64516,128]{1,0} dot(%constant.17, %constant.19), lhs_contracting_dims={1}, rhs_contracting_dims={0}, operand_precision={highest,highest}, metadata={op_name="jit(<lambda>)/dot_general" stack_frame_id=13}

This isn't necessarily a bug; constant-folding is inherently a trade-off between compilation time and speed at runtime. XLA has some guards that attempt to keep constant folding from taking too long, but fundamentally you'll always be able to come up with an input program that takes a long time.

If you'd like to file a bug, run with envvar XLA_FLAGS=--xla_dump_to=/tmp/foo and attach the results.
E0823 13:30:25.763401  597711 slow_operation_alarm.cc:73] Constant folding an instruction is taking > 4s:

  %dot_general.11 = f64[64516,128]{1,0} dot(%constant.46, %constant.29), lhs_contracting_dims={1}, rhs_contracting_dims={0}, operand_precision={highest,highest}, metadata={op_name="jit(<lambda>)/dot_general" stack_frame_id=13}

This isn't necessarily a bug; constant-folding is inherently a trade-off between compilation time and speed at runtime. XLA has some guards that attempt to keep constant folding from taking too long, but fundamentally you'll always be able to come up with an input program that takes a long time.

If you'd like to file a bug, run with envvar XLA_FLAGS=--xla_dump_to=/tmp/foo and attach the results.
E0823 13:30:28.690430  597659 slow_operation_alarm.cc:140] The operation took 6.927107152s
Constant folding an instruction is taking > 4s:

  %dot_general.11 = f64[64516,128]{1,0} dot(%constant.46, %constant.29), lhs_contracting_dims={1}, rhs_contracting_dims={0}, operand_precision={highest,highest}, metadata={op_name="jit(<lambda>)/dot_general" stack_frame_id=13}

This isn't necessarily a bug; constant-folding is inherently a trade-off between compilation time and speed at runtime. XLA has some guards that attempt to keep constant folding from taking too long, but fundamentally you'll always be able to come up with an input program that takes a long time.

If you'd like to file a bug, run with envvar XLA_FLAGS=--xla_dump_to=/tmp/foo and attach the results.
E0823 13:47:36.437393  597711 slow_operation_alarm.cc:73] 
********************************
[Compiling module input_reduce_fusion.33 for GPU] Very slow compile? If you want to file a bug, run with envvar XLA_FLAGS=--xla_dump_to=/tmp/foo and attach the results.
********************************
E0823 14:01:27.424836  597703 slow_operation_alarm.cc:140] The operation took 15m50.987574897s

********************************
[Compiling module input_reduce_fusion.33 for GPU] Very slow compile? If you want to file a bug, run with envvar XLA_FLAGS=--xla_dump_to=/tmp/foo and attach the results.
********************************
