torch_backend=cuda NVIDIA A100 80GB PCIe
CG data 64 / 1024 124.8
CG data 128 / 1024 246.7
CG data 192 / 1024 368.3
CG data 256 / 1024 490.2
CG data 320 / 1024 612.3
CG data 384 / 1024 734.4
CG data 448 / 1024 855.9
CG data 512 / 1024 977.4
CG data 576 / 1024 1099.2
CG data 640 / 1024 1220.6
CG data 704 / 1024 1342.8
CG data 768 / 1024 1464.1
CG data 832 / 1024 1585.8
CG data 896 / 1024 1706.9
CG data 960 / 1024 1828.5
CG data 1024 / 1024 1949.8
DATA READY {"seconds": 1980.6863068672828, "data_seconds": 1980.1279251510277} [0.03194863482390429, 0.1517897745599483, 0.0018159422476291553]
{"arm": "transolver", "epoch": 0, "steps": 128, "train": 1.2588442985023716, "val_mean": 1.394243947960757, "val_worst": 8.144386869260087, "lr": 0.0007995122729222853, "wall": 48.6}
{"arm": "transolver", "epoch": 1, "steps": 256, "train": 0.8084735697216379, "val_mean": 0.8915134913947913, "val_worst": 3.2423037454263395, "lr": 0.000997403105550747, "wall": 99.0}
{"arm": "transolver", "epoch": 2, "steps": 384, "train": 0.8591262035979645, "val_mean": 1.7080634218155486, "val_worst": 11.136633856192166, "lr": 0.0009940304934125221, "wall": 149.5}
{"arm": "transolver", "epoch": 3, "steps": 512, "train": 0.7254545369444011, "val_mean": 1.1578240163268843, "val_worst": 5.60834482570957, "lr": 0.000989289727420952, "wall": 200.1}
{"arm": "transolver", "epoch": 4, "steps": 640, "train": 0.8942452890947039, "val_mean": 1.4562924522476317, "val_worst": 7.869947457061102, "lr": 0.0009831883974413562, "wall": 250.7}
{"arm": "transolver", "epoch": 5, "steps": 768, "train": 0.9906281903561086, "val_mean": 1.1227469983658618, "val_worst": 4.319834203624905, "lr": 0.000975749543686018, "wall": 301.2}
{"arm": "transolver", "epoch": 6, "steps": 896, "train": 0.7567288175859805, "val_mean": 1.105444417191801, "val_worst": 4.981886491205561, "lr": 0.0009669993924468644, "wall": 351.7}
{"arm": "transolver", "epoch": 7, "steps": 1024, "train": 0.8695043376798294, "val_mean": 1.0290913645300017, "val_worst": 4.307326076695106, "lr": 0.0009569679152036557, "wall": 402.2}
{"arm": "transolver", "epoch": 8, "steps": 1152, "train": 0.663917489732103, "val_mean": 1.0468854793546707, "val_worst": 5.315523422084227, "lr": 0.0009456641651500479, "wall": 452.7}
{"arm": "transolver", "epoch": 9, "steps": 1280, "train": 0.6830498555575447, "val_mean": 1.390960574331621, "val_worst": 6.073694831428829, "lr": 0.0009331409352414834, "wall": 503.2}
{"arm": "transolver", "epoch": 10, "steps": 1408, "train": 0.6604239647922985, "val_mean": 0.7656045553776393, "val_worst": 2.311352055116571, "lr": 0.0009194177815647092, "wall": 553.7}
{"arm": "transolver", "epoch": 11, "steps": 1536, "train": 0.4857301781791068, "val_mean": 0.8418071541132738, "val_worst": 3.143822647701341, "lr": 0.0009045102210038836, "wall": 604.2}
{"arm": "transolver", "epoch": 12, "steps": 1664, "train": 0.43348718080700976, "val_mean": 0.8281331863005992, "val_worst": 3.057540775232663, "lr": 0.0008885267471997085, "wall": 654.6}
{"arm": "transolver", "epoch": 13, "steps": 1792, "train": 0.43386296372086147, "val_mean": 1.0453829269356714, "val_worst": 5.088697396257682, "lr": 0.0008714762729773662, "wall": 705.0}
{"arm": "transolver", "epoch": 14, "steps": 1920, "train": 0.43331544582160103, "val_mean": 0.8555355315420365, "val_worst": 3.1912494601160843, "lr": 0.0008534125305019624, "wall": 755.4}
{"arm": "transolver", "epoch": 15, "steps": 2048, "train": 0.4265629666790098, "val_mean": 0.6814520848029066, "val_worst": 1.5897875407956614, "lr": 0.0008343649899308496, "wall": 806.0}
{"arm": "transolver", "epoch": 16, "steps": 2176, "train": 0.35876680989292603, "val_mean": 0.7550555766664273, "val_worst": 3.3670903039221614, "lr": 0.0008143497112072857, "wall": 856.4}
{"arm": "transolver", "epoch": 17, "steps": 2304, "train": 0.35650233371019546, "val_mean": 0.8656370057120685, "val_worst": 4.4628671171810215, "lr": 0.0007935625823647691, "wall": 906.8}
{"arm": "transolver", "epoch": 18, "steps": 2432, "train": 0.42609383941905116, "val_mean": 0.7335323756529653, "val_worst": 2.2531138080208586, "lr": 0.0007719340211514328, "wall": 957.2}
{"arm": "transolver", "epoch": 19, "steps": 2560, "train": 0.8529457852318987, "val_mean": 1.6949798410407646, "val_worst": 8.271052755955125, "lr": 0.0007495877273207285, "wall": 1007.5}
{"arm": "transolver", "epoch": 20, "steps": 2688, "train": 0.6810844646876033, "val_mean": 0.786807529969328, "val_worst": 2.7530624141142503, "lr": 0.000726515908184427, "wall": 1058.0}
{"arm": "transolver", "epoch": 21, "steps": 2816, "train": 0.7905385212371988, "val_mean": 0.9671632777030897, "val_worst": 4.039465334808075, "lr": 0.000702826798391177, "wall": 1108.5}
{"arm": "transolver", "epoch": 22, "steps": 2944, "train": 1.3707161800034755, "val_mean": 0.8698166872814581, "val_worst": 2.4058863844389573, "lr": 0.0006785943220844766, "wall": 1158.9}
{"arm": "transolver", "epoch": 23, "steps": 3072, "train": 1.4644564038685002, "val_mean": 2.0800778481647133, "val_worst": 16.996739352639683, "lr": 0.0006538818659737028, "wall": 1209.3}
{"arm": "transolver", "epoch": 24, "steps": 3200, "train": 0.60787995462281, "val_mean": 1.1580635990408634, "val_worst": 3.8193443203421453, "lr": 0.000628742621911751, "wall": 1259.8}
{"arm": "transolver", "epoch": 25, "steps": 3328, "train": 0.8542806530802431, "val_mean": 0.9394223829379423, "val_worst": 4.491254209430568, "lr": 0.000603261220091931, "wall": 1310.2}
{"arm": "transolver", "epoch": 26, "steps": 3456, "train": 0.4498565357576758, "val_mean": 0.9756590603474158, "val_worst": 5.055747251498347, "lr": 0.0005775155773983776, "wall": 1360.7}
{"arm": "transolver", "epoch": 27, "steps": 3584, "train": 0.32729964274276613, "val_mean": 0.7074681317178141, "val_worst": 2.8321202505728085, "lr": 0.0005515862815838353, "wall": 1411.1}
{"arm": "transolver", "epoch": 28, "steps": 3712, "train": 0.3406647791275813, "val_mean": 0.64564301185838, "val_worst": 1.6683980352527632, "lr": 0.0005255403215685953, "wall": 1461.5}
{"arm": "transolver", "epoch": 29, "steps": 3840, "train": 0.31517760862585564, "val_mean": 0.6576870921254486, "val_worst": 1.860921732342523, "lr": 0.0004993517290968374, "wall": 1512.0}
{"arm": "transolver", "epoch": 30, "steps": 3968, "train": 0.680370285433021, "val_mean": 0.966627057163703, "val_worst": 5.082332139206777, "lr": 0.0004732285751538506, "wall": 1562.4}
{"arm": "transolver", "epoch": 31, "steps": 4096, "train": 1.4584852732026472, "val_mean": 0.619755181361187, "val_worst": 1.3604640929926561, "lr": 0.00044722109697782213, "wall": 1612.9}
{"arm": "transolver", "epoch": 32, "steps": 4224, "train": 0.35207109389712776, "val_mean": 0.6875667531565703, "val_worst": 2.1801800689261346, "lr": 0.00042133300433571763, "wall": 1663.2}
{"arm": "transolver", "epoch": 33, "steps": 4352, "train": 0.2888029875704463, "val_mean": 0.6010093828407868, "val_worst": 1.98127314797871, "lr": 0.0003957137859319766, "wall": 1713.8}
{"arm": "transolver", "epoch": 34, "steps": 4480, "train": 0.6074359737329976, "val_mean": 0.5940209928003727, "val_worst": 1.7172256257237177, "lr": 0.0003703295192347368, "wall": 1764.3}
{"arm": "transolver", "epoch": 35, "steps": 4608, "train": 0.22898369503315252, "val_mean": 0.5456297376320192, "val_worst": 1.252462292808209, "lr": 0.0003453188623671004, "wall": 1814.8}
{"arm": "transolver", "epoch": 36, "steps": 4736, "train": 0.325172300170312, "val_mean": 0.5864738984062519, "val_worst": 1.6807131560422435, "lr": 0.00032078245672293533, "wall": 1865.2}
{"arm": "transolver", "epoch": 37, "steps": 4864, "train": 0.22740094268464742, "val_mean": 0.5247774941279565, "val_worst": 1.103719745045793, "lr": 0.00029683692020639966, "wall": 1915.7}
{"arm": "transolver", "epoch": 38, "steps": 4992, "train": 0.22266722833213973, "val_mean": 0.4919978788129821, "val_worst": 1.2721619396065127, "lr": 0.00027340444434565433, "wall": 1966.1}
{"arm": "transolver", "epoch": 39, "steps": 5120, "train": 0.6395997220278157, "val_mean": 0.49732656562466904, "val_worst": 0.9380146233542439, "lr": 0.00025060992088529114, "wall": 2016.5}
{"arm": "transolver", "epoch": 40, "steps": 5248, "train": 0.19830954742829957, "val_mean": 0.4761044234921843, "val_worst": 0.9622888698259329, "lr": 0.00022856824042781363, "wall": 2067.0}
{"arm": "transolver", "epoch": 41, "steps": 5376, "train": 0.1832080631434099, "val_mean": 0.4427325162813953, "val_worst": 0.7977732051684402, "lr": 0.00020751836321764798, "wall": 2116.8}
{"arm": "transolver", "epoch": 42, "steps": 5504, "train": 0.17833435336785203, "val_mean": 0.4496551467204142, "val_worst": 0.8838234011875027, "lr": 0.00018703183268159912, "wall": 2167.2}
{"arm": "transolver", "epoch": 43, "steps": 5632, "train": 0.17361041340187464, "val_mean": 0.4650464570628121, "val_worst": 1.192360936377699, "lr": 0.00016747290462444883, "wall": 2217.6}
{"arm": "transolver", "epoch": 44, "steps": 5760, "train": 0.1669074312136339, "val_mean": 0.41706061528012434, "val_worst": 0.7166305961875923, "lr": 0.0001488375939988703, "wall": 2268.1}
{"arm": "transolver", "epoch": 45, "steps": 5888, "train": 0.16559403737290915, "val_mean": 0.4554492036528943, "val_worst": 0.7371620729335691, "lr": 0.00013117961159380467, "wall": 2318.4}
{"arm": "transolver", "epoch": 46, "steps": 6016, "train": 0.15834262641650554, "val_mean": 0.4296022714361333, "val_worst": 0.8459475928589288, "lr": 0.00011458468035815598, "wall": 2368.8}
{"arm": "transolver", "epoch": 47, "steps": 6144, "train": 0.15335765024749262, "val_mean": 0.4164948533646314, "val_worst": 0.7378909254685586, "lr": 9.907833144450811e-05, "wall": 2419.3}
{"arm": "transolver", "epoch": 48, "steps": 6272, "train": 0.14991238474568708, "val_mean": 0.415495003206404, "val_worst": 0.8593920675997221, "lr": 8.465900274607686e-05, "wall": 2469.9}
{"arm": "transolver", "epoch": 49, "steps": 6400, "train": 0.14641752520027018, "val_mean": 0.407735814580455, "val_worst": 0.7268934968952823, "lr": 7.142501475671244e-05, "wall": 2520.4}
{"arm": "transolver", "epoch": 50, "steps": 6528, "train": 0.14426053486663484, "val_mean": 0.4102491772169524, "val_worst": 0.8394576548023753, "lr": 5.941079469457999e-05, "wall": 2570.8}
{"arm": "transolver", "epoch": 51, "steps": 6656, "train": 0.14163815321900733, "val_mean": 0.3985843642867332, "val_worst": 0.7578164289162853, "lr": 4.8663895361163105e-05, "wall": 2621.2}
{"arm": "transolver", "epoch": 52, "steps": 6784, "train": 0.1401080524824876, "val_mean": 0.38612371374592996, "val_worst": 0.6874299268751303, "lr": 3.915364399281968e-05, "wall": 2671.8}
{"arm": "transolver", "epoch": 53, "steps": 6912, "train": 0.1366777074981681, "val_mean": 0.3904383917451523, "val_worst": 0.7921211936189506, "lr": 3.09658581601459e-05, "wall": 2722.1}
{"arm": "transolver", "epoch": 54, "steps": 7040, "train": 0.1362749131424254, "val_mean": 0.387933776931907, "val_worst": 0.7168459059280436, "lr": 2.4109129039631698e-05, "wall": 2772.5}
{"arm": "transolver", "epoch": 55, "steps": 7168, "train": 0.13391114071690202, "val_mean": 0.38035679215344514, "val_worst": 0.7656531575467052, "lr": 1.8585254963551972e-05, "wall": 2823.1}
{"arm": "transolver", "epoch": 56, "steps": 7296, "train": 0.13474062851230545, "val_mean": 0.3787845687078422, "val_worst": 0.6963181744878064, "lr": 1.441492525155432e-05, "wall": 2873.5}
{"arm": "transolver", "epoch": 57, "steps": 7424, "train": 0.13560751865554665, "val_mean": 0.38464807671463797, "val_worst": 0.7704197509770405, "lr": 1.1611466342728097e-05, "wall": 2924.0}
{"arm": "transolver", "epoch": 58, "steps": 7552, "train": 0.13550400192341372, "val_mean": 0.3753986275574358, "val_worst": 0.650006092510123, "lr": 1.0193219318212722e-05, "wall": 2974.5}
{"arm": "transolver", "epoch": 59, "steps": 7618, "train": 0.13583141972628202, "val_mean": 0.39553285214114836, "val_worst": 0.759725249976111, "lr": 1.0000014784389928e-05, "wall": 3000.8}
TRAIN OP COMPLETE
