jax_backend=gpu
  table[train] built: 576 rows, seed 0, s* on 257^3 [41s] -> /cluster/tufts/paralab/tawal01/b3d_repair_20260906/mlp128/code/runs/b3dtensor/tables/b3d_params_train_seed0_m576.npz
bank rank=128 condition=4.245e+02
extracted train: 8192 states
extracted validation: 256 states
mlp_control seed=200 step=1/60000 train_mean=2.151094e-01
mlp_control seed=200 step=5000/60000 train_mean=3.279150e-02
mlp_control seed=200 step=10000/60000 train_mean=2.904386e-02
mlp_control seed=200 step=15000/60000 train_mean=2.767992e-02
mlp_control seed=200 step=20000/60000 train_mean=2.699047e-02
mlp_control seed=200 step=25000/60000 train_mean=2.655331e-02
mlp_control seed=200 step=30000/60000 train_mean=2.626383e-02
mlp_control seed=200 step=35000/60000 train_mean=2.606954e-02
mlp_control seed=200 step=40000/60000 train_mean=2.593569e-02
mlp_control seed=200 step=45000/60000 train_mean=2.585237e-02
mlp_control seed=200 step=50000/60000 train_mean=2.579771e-02
mlp_control seed=200 step=55000/60000 train_mean=2.577316e-02
mlp_control seed=200 step=60000/60000 train_mean=2.576505e-02
mlp_control fit=400 mean=5.513715e-02 worst=1.701573e-01 nonstationary=1
mlp_control fit=800 mean=5.513715e-02 worst=1.701573e-01 nonstationary=0
mlp_control seed=201 step=1/60000 train_mean=2.151094e-01
mlp_control seed=201 step=5000/60000 train_mean=3.279079e-02
mlp_control seed=201 step=10000/60000 train_mean=2.900456e-02
mlp_control seed=201 step=15000/60000 train_mean=2.766048e-02
mlp_control seed=201 step=20000/60000 train_mean=2.697074e-02
mlp_control seed=201 step=25000/60000 train_mean=2.655868e-02
mlp_control seed=201 step=30000/60000 train_mean=2.628427e-02
mlp_control seed=201 step=35000/60000 train_mean=2.608675e-02
mlp_control seed=201 step=40000/60000 train_mean=2.594704e-02
mlp_control seed=201 step=45000/60000 train_mean=2.585664e-02
mlp_control seed=201 step=50000/60000 train_mean=2.580061e-02
mlp_control seed=201 step=55000/60000 train_mean=2.577273e-02
mlp_control seed=201 step=60000/60000 train_mean=2.576206e-02
mlp_control fit=400 mean=5.492084e-02 worst=1.716520e-01 nonstationary=0
mlp_control fit=800 mean=5.492084e-02 worst=1.716520e-01 nonstationary=0
DONE /cluster/tufts/paralab/tawal01/b3d_repair_20260906/mlp128/out/result.json
