DATA 0
DATA 64
DATA 128
DATA 192
DATA 256
DATA 320
DATA 384
DATA 448
DATA 512
PODINIT_TRUNK 1 0.9995876035037529 4.542519995011389
PODINIT_TRUNK 5000 0.0014528977430787434 7.194699178915471
PODINIT_TRUNK 10000 0.0007496113831179285 9.908984139095992
PODINIT_TRUNK 15000 0.0005034350710035105 12.563484223093837
PODINIT_TRUNK 20000 0.00041251519085638475 15.258362097665668
PODINIT_TRUNK 25000 0.00035756247442326377 17.932226199656725
PODINIT_TRUNK 30000 0.0003217296603907836 20.62283664382994
PODINIT_TRUNK 35000 0.00028426557755081833 23.30587642500177
PODINIT_TRUNK 40000 0.0002668193060928742 25.97558116680011
PODINIT_TRUNK 45000 0.0002513374142814267 28.649632759857923
PODINIT_TRUNK 50000 0.0002416680266477914 31.324709637090564
PODINIT_TRUNK 55000 0.0002359515190644936 34.01957484986633
PODINIT_TRUNK 60000 0.00023310049390920658 36.68150753388181
PODINIT_BRANCH 1 0.6817282661913914 7.907194508705288
PODINIT_BRANCH 5000 0.015289437751475482 43.316703194752336
PODINIT_BRANCH 10000 0.03675669616568524 78.71360100572929
PODINIT_BRANCH 15000 0.004177018734768633 114.11851232592016
PODINIT_BRANCH 20000 0.0013841722832883701 149.51031855400652
PODINIT_BRANCH 25000 0.0005845699960698612 184.89373742975295
PODINIT_BRANCH 30000 0.0004148380369895381 220.309168046806
OPERATOR deeponet3d 1 val_worst 0.18925487026566856 seconds 8.208043233957142
OPERATOR deeponet3d 500 val_worst 0.28348719883017176 seconds 14.983638886827976
OPERATOR deeponet3d 1000 val_worst 0.22125179448608803 seconds 21.69255494279787
OPERATOR deeponet3d 1500 val_worst 0.2820116397968134 seconds 28.405472485814244
OPERATOR deeponet3d 2000 val_worst 0.22983525787408488 seconds 35.14299373095855
OPERATOR deeponet3d 2500 val_worst 0.23913666626334718 seconds 41.89958571875468
OPERATOR deeponet3d 3000 val_worst 0.20511605502860442 seconds 48.641776327975094
OPERATOR deeponet3d 3500 val_worst 0.20075349514069823 seconds 55.37658995203674
OPERATOR deeponet3d 4000 val_worst 0.2271730596066105 seconds 62.11914793262258
OPERATOR deeponet3d 4500 val_worst 0.2137520047328402 seconds 68.87477580970153
OPERATOR deeponet3d 5000 val_worst 0.21651148660458386 seconds 75.62242324603721
OPERATOR deeponet3d 5500 val_worst 0.23371421439303 seconds 82.38698791060597
OPERATOR deeponet3d 6000 val_worst 0.1975849605751401 seconds 89.13036357192323
OPERATOR deeponet3d 6500 val_worst 0.2359821595038745 seconds 95.88009627070278
OPERATOR deeponet3d 7000 val_worst 0.27003591196787835 seconds 102.65811988664791
OPERATOR deeponet3d 7500 val_worst 0.20319078307413163 seconds 109.42029714491218
OPERATOR deeponet3d 8000 val_worst 0.21683265090735385 seconds 116.17843041662127
OPERATOR deeponet3d 8500 val_worst 0.20802673519539855 seconds 122.94023972377181
OPERATOR deeponet3d 9000 val_worst 0.19502550585895503 seconds 129.68721696501598
OPERATOR deeponet3d 9500 val_worst 0.20315875827313062 seconds 136.48143364069983
OPERATOR deeponet3d 10000 val_worst 0.19970692911156776 seconds 143.25843940582126
OPERATOR deeponet3d 10500 val_worst 0.24593803874799464 seconds 150.0113325668499
OPERATOR deeponet3d 11000 val_worst 0.20212792065970409 seconds 156.78082462400198
OPERATOR deeponet3d 11500 val_worst 0.21613920690557614 seconds 163.5404786276631
OPERATOR deeponet3d 12000 val_worst 0.1871298638479159 seconds 170.33990835770965
OPERATOR deeponet3d 12500 val_worst 0.20550748813985698 seconds 177.11422832868993
OPERATOR deeponet3d 13000 val_worst 0.19543500757804594 seconds 183.87876356299967
OPERATOR deeponet3d 13500 val_worst 0.19170497277590498 seconds 190.6436453619972
OPERATOR deeponet3d 14000 val_worst 0.1988648035865453 seconds 197.4102251320146
OPERATOR deeponet3d 14500 val_worst 0.1996488489218198 seconds 204.18584367074072
OPERATOR deeponet3d 15000 val_worst 0.2034619511691675 seconds 210.9389228359796
OPERATOR deeponet3d 15500 val_worst 0.19678547080660605 seconds 217.70484355883673
OPERATOR deeponet3d 16000 val_worst 0.2024300192542893 seconds 224.46042933082208
OPERATOR deeponet3d 16500 val_worst 0.20955424960117613 seconds 231.28494710102677
OPERATOR deeponet3d 17000 val_worst 0.1883775117355588 seconds 238.0552701759152
OPERATOR deeponet3d 17500 val_worst 0.19262346414856904 seconds 244.84106496581808
OPERATOR deeponet3d 18000 val_worst 0.21033427641002797 seconds 251.5946780447848
OPERATOR deeponet3d 18500 val_worst 0.19581002678048873 seconds 258.36870418768376
OPERATOR deeponet3d 19000 val_worst 0.1869588415081496 seconds 265.1807395699434
OPERATOR deeponet3d 19500 val_worst 0.20295467754395638 seconds 271.9459776650183
OPERATOR deeponet3d 20000 val_worst 0.18289704478221952 seconds 278.7581668337807
OPERATOR deeponet3d 20500 val_worst 0.19696215530500882 seconds 285.5321555547416
OPERATOR deeponet3d 21000 val_worst 0.1915039567140442 seconds 292.29439928382635
OPERATOR deeponet3d 21500 val_worst 0.19643961789141443 seconds 299.05903345998377
OPERATOR deeponet3d 22000 val_worst 0.21071980014686434 seconds 305.83038413571194
OPERATOR deeponet3d 22500 val_worst 0.18620929909902117 seconds 312.6168352770619
OPERATOR deeponet3d 23000 val_worst 0.18414766046375622 seconds 319.38464711001143
OPERATOR deeponet3d 23500 val_worst 0.18054320627219295 seconds 326.18588943965733
OPERATOR deeponet3d 24000 val_worst 0.17961362397923877 seconds 332.97979851299897
OPERATOR deeponet3d 24500 val_worst 0.18159101646851736 seconds 339.7523294049315
OPERATOR deeponet3d 25000 val_worst 0.19621818897547622 seconds 346.52132894890383
OPERATOR deeponet3d 25500 val_worst 0.17856752426432507 seconds 353.3443287066184
OPERATOR deeponet3d 26000 val_worst 0.1826235383130609 seconds 360.11267787078395
OPERATOR deeponet3d 26500 val_worst 0.17999244514512702 seconds 366.8683416680433
OPERATOR deeponet3d 27000 val_worst 0.17849473547769332 seconds 373.6673555467278
OPERATOR deeponet3d 27500 val_worst 0.1810506456294287 seconds 380.4340280876495
OPERATOR deeponet3d 28000 val_worst 0.17905940382355887 seconds 387.2028729650192
OPERATOR deeponet3d 28500 val_worst 0.1809933776691778 seconds 393.96513465279713
OPERATOR deeponet3d 29000 val_worst 0.17936310712693296 seconds 400.73098645498976
OPERATOR deeponet3d 29500 val_worst 0.17904744300572945 seconds 407.5200247876346
OPERATOR deeponet3d 30000 val_worst 0.17684185532988433 seconds 414.33133288193494
OPERATOR deeponet3d 30500 val_worst 0.17616071936588595 seconds 421.14178789174184
OPERATOR deeponet3d 31000 val_worst 0.17831700848949558 seconds 427.9127042419277
OPERATOR deeponet3d 31500 val_worst 0.17427401447379695 seconds 434.7253642966971
OPERATOR deeponet3d 32000 val_worst 0.17607912114155247 seconds 441.48022349271923
OPERATOR deeponet3d 32500 val_worst 0.17737051804626183 seconds 448.273537711706
OPERATOR deeponet3d 33000 val_worst 0.17718390199340003 seconds 455.0401860210113
OPERATOR deeponet3d 33500 val_worst 0.17720541104227525 seconds 461.81367787579075
OPERATOR deeponet3d 34000 val_worst 0.176089516605492 seconds 468.5873539717868
OPERATOR deeponet3d 34500 val_worst 0.17605717297969034 seconds 475.37877790397033
OPERATOR deeponet3d 35000 val_worst 0.17518306016693105 seconds 482.1551674180664
OPERATOR deeponet3d 35500 val_worst 0.175292405141924 seconds 488.9437312046066
OPERATOR deeponet3d 36000 val_worst 0.17617367656976407 seconds 495.7363631539047
OPERATOR deeponet3d 36500 val_worst 0.1759334739503113 seconds 502.52629576204345
OPERATOR deeponet3d 37000 val_worst 0.17661936505911963 seconds 509.2973155430518
OPERATOR deeponet3d 37500 val_worst 0.17518348343285225 seconds 516.0854823226109
OPERATOR deeponet3d 38000 val_worst 0.17526308196002485 seconds 522.8721353979781
OPERATOR deeponet3d 38500 val_worst 0.1760283032116378 seconds 529.6461376110092
OPERATOR deeponet3d 39000 val_worst 0.17578503403875878 seconds 536.4263713238761
OPERATOR deeponet3d 39500 val_worst 0.17530273272258706 seconds 543.228958427906
OPERATOR deeponet3d 40000 val_worst 0.17523564709592557 seconds 550.009883319959
CONDITIONED_DEEPONET 0 0.17427401447379695
PODINIT_TRUNK 1 0.8464001263746469 1.2487859409302473
PODINIT_TRUNK 5000 0.0013578079993595005 3.8398852040991187
PODINIT_TRUNK 10000 0.0007274699773805731 6.465865546837449
PODINIT_TRUNK 15000 0.0004899389730476732 9.082652680110186
PODINIT_TRUNK 20000 0.00041276015999212136 11.702725279144943
PODINIT_TRUNK 25000 0.0003536867793193417 14.323631229810417
PODINIT_TRUNK 30000 0.00030485604018328167 16.95121553307399
PODINIT_TRUNK 35000 0.00028195086442032714 19.55671143392101
PODINIT_TRUNK 40000 0.0002573245275037669 22.21194207901135
PODINIT_TRUNK 45000 0.00024335582971516049 24.840013014152646
PODINIT_TRUNK 50000 0.00023460037355954184 27.471780546940863
PODINIT_TRUNK 55000 0.0002296005166965423 30.08094855118543
PODINIT_TRUNK 60000 0.0002266093215017285 32.722144299186766
PODINIT_BRANCH 1 0.6816111789959971 3.9531620326451957
PODINIT_BRANCH 5000 0.01396510075805642 39.35447197267786
PODINIT_BRANCH 10000 0.006432150609828156 74.71330357389525
PODINIT_BRANCH 15000 0.002763226397855179 110.08238523406908
PODINIT_BRANCH 20000 0.0013998553616429413 145.45659582177177
PODINIT_BRANCH 25000 0.0006007194063838723 180.87204359285533
PODINIT_BRANCH 30000 0.00042574506160676043 216.33843074878678
OPERATOR deeponet3d 1 val_worst 0.1933150559354104 seconds 3.4147045859135687
OPERATOR deeponet3d 500 val_worst 0.20563526236347474 seconds 10.16321352403611
OPERATOR deeponet3d 1000 val_worst 0.212026704312136 seconds 16.896670307964087
OPERATOR deeponet3d 1500 val_worst 0.21522932803321712 seconds 23.628900005016476
OPERATOR deeponet3d 2000 val_worst 0.22647328715595655 seconds 30.397991043981165
OPERATOR deeponet3d 2500 val_worst 0.2100028834879779 seconds 37.13959883991629
OPERATOR deeponet3d 3000 val_worst 0.22750090236777737 seconds 43.881832940969616
OPERATOR deeponet3d 3500 val_worst 0.21352021655968648 seconds 50.61580953001976
OPERATOR deeponet3d 4000 val_worst 0.22793162796984337 seconds 57.37114440323785
OPERATOR deeponet3d 4500 val_worst 0.2210483977396441 seconds 64.1479218560271
OPERATOR deeponet3d 5000 val_worst 0.25223329634686403 seconds 70.89777816226706
OPERATOR deeponet3d 5500 val_worst 0.2192257392724557 seconds 77.64379998203367
OPERATOR deeponet3d 6000 val_worst 0.2548378404061981 seconds 84.3817773712799
OPERATOR deeponet3d 6500 val_worst 0.19337963895274626 seconds 91.14911200432107
OPERATOR deeponet3d 7000 val_worst 0.18617964645369797 seconds 97.94968978688121
OPERATOR deeponet3d 7500 val_worst 0.23813661853321222 seconds 104.69575025513768
OPERATOR deeponet3d 8000 val_worst 0.2064724108915494 seconds 111.4500049999915
OPERATOR deeponet3d 8500 val_worst 0.17882999363698068 seconds 118.25386226410046
OPERATOR deeponet3d 9000 val_worst 0.21190841476472846 seconds 125.00602125329897
OPERATOR deeponet3d 9500 val_worst 0.188520669291797 seconds 131.7607535473071
OPERATOR deeponet3d 10000 val_worst 0.2232140323236749 seconds 138.5235467320308
OPERATOR deeponet3d 10500 val_worst 0.19121738679280423 seconds 145.2759822141379
OPERATOR deeponet3d 11000 val_worst 0.21484913378222442 seconds 152.0528660910204
OPERATOR deeponet3d 11500 val_worst 0.17906017815177552 seconds 158.80179233895615
OPERATOR deeponet3d 12000 val_worst 0.19544687093843677 seconds 165.54616226488724
OPERATOR deeponet3d 12500 val_worst 0.18605999642338625 seconds 172.3154247943312
OPERATOR deeponet3d 13000 val_worst 0.17752640265349764 seconds 179.11964033730328
OPERATOR deeponet3d 13500 val_worst 0.19998955595180054 seconds 185.87754223588854
OPERATOR deeponet3d 14000 val_worst 0.1924371459589916 seconds 192.6332291760482
OPERATOR deeponet3d 14500 val_worst 0.18692156418767966 seconds 199.39594081416726
OPERATOR deeponet3d 15000 val_worst 0.20402822879106974 seconds 206.14482104312629
OPERATOR deeponet3d 15500 val_worst 0.18995276744420683 seconds 212.90792193915695
OPERATOR deeponet3d 16000 val_worst 0.17171608670774888 seconds 219.71494240919128
OPERATOR deeponet3d 16500 val_worst 0.185769672124956 seconds 226.4752609762363
OPERATOR deeponet3d 17000 val_worst 0.17690690066598225 seconds 233.23315029405057
OPERATOR deeponet3d 17500 val_worst 0.17866540000599893 seconds 239.99313972890377
OPERATOR deeponet3d 18000 val_worst 0.16960634869775 seconds 246.81683593289927
OPERATOR deeponet3d 18500 val_worst 0.17036923680431437 seconds 253.59353636624292
OPERATOR deeponet3d 19000 val_worst 0.2047322183384149 seconds 260.35347179323435
OPERATOR deeponet3d 19500 val_worst 0.17740893386154574 seconds 267.1126324031502
OPERATOR deeponet3d 20000 val_worst 0.18016218338911402 seconds 273.8694198052399
OPERATOR deeponet3d 20500 val_worst 0.16877443860699964 seconds 280.6982400682755
OPERATOR deeponet3d 21000 val_worst 0.20221620167264448 seconds 287.46274860203266
OPERATOR deeponet3d 21500 val_worst 0.1666305512545965 seconds 294.2724511460401
OPERATOR deeponet3d 22000 val_worst 0.1754382992232366 seconds 301.07481309818104
OPERATOR deeponet3d 22500 val_worst 0.17008830180033893 seconds 307.8500735759735
OPERATOR deeponet3d 23000 val_worst 0.2029689529056972 seconds 314.615028406959
OPERATOR deeponet3d 23500 val_worst 0.17954916004450905 seconds 321.3742050570436
OPERATOR deeponet3d 24000 val_worst 0.1650438705197734 seconds 328.18094818806276
OPERATOR deeponet3d 24500 val_worst 0.1709664732370749 seconds 334.98127009533346
OPERATOR deeponet3d 25000 val_worst 0.16818431576694662 seconds 341.74334469018504
OPERATOR deeponet3d 25500 val_worst 0.17216970263916398 seconds 348.50249807024375
OPERATOR deeponet3d 26000 val_worst 0.17075253235185447 seconds 355.254247777164
OPERATOR deeponet3d 26500 val_worst 0.16290278586320428 seconds 362.07330401288345
OPERATOR deeponet3d 27000 val_worst 0.16606113579153714 seconds 368.8409710251726
OPERATOR deeponet3d 27500 val_worst 0.1694468996625628 seconds 375.60333233932033
OPERATOR deeponet3d 28000 val_worst 0.1625655008131613 seconds 382.4364911811426
OPERATOR deeponet3d 28500 val_worst 0.17025351272264233 seconds 389.2175732878968
OPERATOR deeponet3d 29000 val_worst 0.16376576354019848 seconds 395.9956028209999
OPERATOR deeponet3d 29500 val_worst 0.16884354567551269 seconds 402.7604913893156
OPERATOR deeponet3d 30000 val_worst 0.16551342196033952 seconds 409.54044731520116
OPERATOR deeponet3d 30500 val_worst 0.1635302256807445 seconds 416.3283528261818
OPERATOR deeponet3d 31000 val_worst 0.1628367434170588 seconds 423.09492882620543
OPERATOR deeponet3d 31500 val_worst 0.16489286812730575 seconds 429.8766887532547
OPERATOR deeponet3d 32000 val_worst 0.16320960135715604 seconds 436.6269069891423
OPERATOR deeponet3d 32500 val_worst 0.1646707036454876 seconds 443.39357433188707
OPERATOR deeponet3d 33000 val_worst 0.16126048963986245 seconds 450.2551845330745
OPERATOR deeponet3d 33500 val_worst 0.16222731306899105 seconds 457.01790768513456
OPERATOR deeponet3d 34000 val_worst 0.16336091795889676 seconds 463.7921439721249
OPERATOR deeponet3d 34500 val_worst 0.16227213446210656 seconds 470.5602080482058
OPERATOR deeponet3d 35000 val_worst 0.16362383439881215 seconds 477.32845576526597
OPERATOR deeponet3d 35500 val_worst 0.1611844199733508 seconds 484.1587768322788
OPERATOR deeponet3d 36000 val_worst 0.16223266732377645 seconds 490.91211430123076
OPERATOR deeponet3d 36500 val_worst 0.16129926632369798 seconds 497.66886394796893
OPERATOR deeponet3d 37000 val_worst 0.1632314116567047 seconds 504.44520634319633
OPERATOR deeponet3d 37500 val_worst 0.16165684064341257 seconds 511.2254789941944
OPERATOR deeponet3d 38000 val_worst 0.1618046315485454 seconds 518.0085396752693
OPERATOR deeponet3d 38500 val_worst 0.16236688304681035 seconds 524.7735880450346
OPERATOR deeponet3d 39000 val_worst 0.16190685174160846 seconds 531.5369179160334
OPERATOR deeponet3d 39500 val_worst 0.16126608182018035 seconds 538.3165880250745
OPERATOR deeponet3d 40000 val_worst 0.16151429208168866 seconds 545.0886638681404
CONDITIONED_DEEPONET 1 0.1611844199733508
