COMMIT.txt: OK
PROVENANCE.json: OK
checkpoints/ORIGINAL_TRAINING_SOURCES.json: OK
checkpoints/bank.pkl: OK
checkpoints/cohorts.json: OK
checkpoints/head_K16.pkl: OK
checkpoints/operators/fno3d_w24_m8/SOURCE_RESULT.json: OK
checkpoints/operators/fno3d_w24_m8/best.pkl: OK
checkpoints/operators/transolver3d_w48_s32/SOURCE_RESULT.json: OK
checkpoints/operators/transolver3d_w48_s32/best.pkl: OK
checkpoints/operators/unet3d_w16/SOURCE_RESULT.json: OK
checkpoints/operators/unet3d_w16/best.pkl: OK
checkpoints/result.json: OK
code/DESIGN.md: OK
code/IMPORTS.json: OK
code/audit.py: OK
code/audit_cg.py: OK
code/audit_offline_assets.py: OK
code/audit_pretraining.py: OK
code/cluster/collect.py: OK
code/cluster/stage.py: OK
code/common.py: OK
code/config.json: OK
code/freeze.py: OK
code/iterative_cg.py: OK
code/offline_assets.py: OK
code/operators/EXTRA_IMPORTS.json: OK
code/operators/IMPORTS.json: OK
code/operators/LOCAL_EXTENSIONS.json: OK
code/operators/README.md: OK
code/operators/__init__.py: OK
code/operators/extra_models3d.py: OK
code/operators/models3d.py: OK
code/operators/poisson_adapter.py: OK
code/operators/pretrained_deeponet.py: OK
code/operators/training.py: OK
code/operators/upstream/LICENSE: OK
code/operators/upstream/PROVENANCE.json: OK
code/operators/upstream/Physics_Attention.py: OK
code/operators/upstream/prior_families.py: OK
code/pod_transfer.py: OK
code/poisson.py: OK
code/run.py: OK
code/shared_rom.py: OK
code/state_audit.py: OK
code/train.py: OK
code/trunk_diagnostic.py: OK
run.sbatch: OK
source_commit=38ef2031f3ad182fed873e004ba1fc0dc972f812 job_id=4025641
name, uuid, memory.total [MiB], driver_version
NVIDIA A100-PCIE-40GB, GPU-8a572221-60c1-d410-3f70-9d1d435abe8b, 40960 MiB, 575.57.08
Filesystem                       Size  Used Avail Use% Mounted on
10.235.106.23:/projects/paralab  4.6T  4.2T  416G  92% /cluster/tufts/paralab
jax_backend=gpu
jax_backend=gpu x64=True precision=highest
PODINIT_TRUNK 1 0.8176844311867173 3.8962896266020834
PODINIT_TRUNK 5000 0.00042184148382738587 6.582566388882697
PODINIT_TRUNK 10000 0.0001474720503282364 9.254582985769957
PODINIT_TRUNK 15000 0.00010052481328439855 11.967790744733065
PODINIT_TRUNK 20000 0.00011403836038664278 14.644069750793278
PODINIT_TRUNK 25000 7.804288871379943e-05 17.33654555492103
PODINIT_TRUNK 30000 5.687723169163651e-05 20.030354224611074
PODINIT_TRUNK 35000 5.2083070563979426e-05 22.72318208264187
PODINIT_TRUNK 40000 5.0711845492157924e-05 25.35394258471206
PODINIT_TRUNK 45000 4.073164163667729e-05 27.98265440063551
PODINIT_TRUNK 50000 3.7977717331769795e-05 30.61752386391163
PODINIT_TRUNK 55000 3.6740508093141254e-05 33.236737604718655
PODINIT_TRUNK 60000 3.6127545659315815e-05 36.05220230156556
PODINIT_BRANCH 1 0.9853071522821767 6.539436602033675
PODINIT_BRANCH 5000 0.0020134358696959685 41.208162161987275
PODINIT_BRANCH 10000 0.001899877318348885 75.86025232914835
PODINIT_BRANCH 15000 0.0004706256111662808 110.52844343939796
PODINIT_BRANCH 20000 0.00020006233573577914 145.23116672923788
PODINIT_BRANCH 25000 2.7192448963733815e-05 180.01054656831548
PODINIT_BRANCH 30000 1.3524803556631407e-05 214.7878675214015
OPERATOR deeponet3d 1 val_worst 0.10024392155335615 seconds 7.340896273031831
OPERATOR deeponet3d 500 val_worst 0.033893615080111836 seconds 12.08756686700508
OPERATOR deeponet3d 1000 val_worst 0.05149009161442457 seconds 16.76793995173648
OPERATOR deeponet3d 1500 val_worst 0.05090943203248513 seconds 21.434092801995575
OPERATOR deeponet3d 2000 val_worst 0.02572941912830127 seconds 26.12658425513655
OPERATOR deeponet3d 2500 val_worst 0.053931345574104346 seconds 30.7904689819552
OPERATOR deeponet3d 3000 val_worst 0.0383813163518317 seconds 35.454549580812454
OPERATOR deeponet3d 3500 val_worst 0.07511680860260926 seconds 40.12038163281977
OPERATOR deeponet3d 4000 val_worst 0.02727220008801688 seconds 44.803442490752786
OPERATOR deeponet3d 4500 val_worst 0.05011708087134027 seconds 49.487554798834026
OPERATOR deeponet3d 5000 val_worst 0.03834127746871737 seconds 54.165004605893046
OPERATOR deeponet3d 5500 val_worst 0.051206284781314546 seconds 58.82911212183535
OPERATOR deeponet3d 6000 val_worst 0.05945947962296429 seconds 63.499643723946065
OPERATOR deeponet3d 6500 val_worst 0.03034125105961285 seconds 68.17147856578231
OPERATOR deeponet3d 7000 val_worst 0.07251491424814843 seconds 72.83627674682066
OPERATOR deeponet3d 7500 val_worst 0.03684503205113332 seconds 77.5085706547834
OPERATOR deeponet3d 8000 val_worst 0.039224542133310274 seconds 82.17658904287964
OPERATOR deeponet3d 8500 val_worst 0.05806971385787872 seconds 86.87557044206187
OPERATOR deeponet3d 9000 val_worst 0.03259527659679451 seconds 91.57184103084728
OPERATOR deeponet3d 9500 val_worst 0.03756327516041162 seconds 96.2548417178914
OPERATOR deeponet3d 10000 val_worst 0.04713314217697199 seconds 100.93956759572029
OPERATOR deeponet3d 10500 val_worst 0.03714999787445779 seconds 105.63207577774301
OPERATOR deeponet3d 11000 val_worst 0.024721121066574207 seconds 110.34224311076105
OPERATOR deeponet3d 11500 val_worst 0.03940513195837336 seconds 115.03422007570043
OPERATOR deeponet3d 12000 val_worst 0.03611464624631967 seconds 119.71958640683442
OPERATOR deeponet3d 12500 val_worst 0.026440179432904498 seconds 124.41485047806054
OPERATOR deeponet3d 13000 val_worst 0.05186995501875206 seconds 129.1081454437226
OPERATOR deeponet3d 13500 val_worst 0.044247944933818034 seconds 133.790140748024
OPERATOR deeponet3d 14000 val_worst 0.04457329565513119 seconds 138.46636903705075
OPERATOR deeponet3d 14500 val_worst 0.04446218934472447 seconds 143.14069845015183
OPERATOR deeponet3d 15000 val_worst 0.024652984001318642 seconds 147.83709816401824
OPERATOR deeponet3d 15500 val_worst 0.030058241678525957 seconds 152.51367288688198
OPERATOR deeponet3d 16000 val_worst 0.02762641472300932 seconds 157.19840246392414
OPERATOR deeponet3d 16500 val_worst 0.030407776392613276 seconds 161.90030070673674
OPERATOR deeponet3d 17000 val_worst 0.022368305555249556 seconds 166.6145948288031
OPERATOR deeponet3d 17500 val_worst 0.030290836214298785 seconds 171.31374712381512
OPERATOR deeponet3d 18000 val_worst 0.03825022273238643 seconds 176.0041533811018
OPERATOR deeponet3d 18500 val_worst 0.021987965353077 seconds 180.7157553229481
OPERATOR deeponet3d 19000 val_worst 0.038511201610970325 seconds 185.40130579611287
OPERATOR deeponet3d 19500 val_worst 0.025348777329773167 seconds 190.09462601598352
OPERATOR deeponet3d 20000 val_worst 0.020309257999089232 seconds 194.8065711366944
OPERATOR deeponet3d 20500 val_worst 0.022436236128249562 seconds 199.50564691284671
OPERATOR deeponet3d 21000 val_worst 0.022638604824489594 seconds 204.19664751784876
OPERATOR deeponet3d 21500 val_worst 0.03013617080889245 seconds 208.8766564480029
OPERATOR deeponet3d 22000 val_worst 0.02694233458837671 seconds 213.5629663937725
OPERATOR deeponet3d 22500 val_worst 0.025152813359280605 seconds 218.2435830947943
OPERATOR deeponet3d 23000 val_worst 0.0205503077953837 seconds 222.92192283598706
OPERATOR deeponet3d 23500 val_worst 0.025697400200137284 seconds 227.60612065996975
OPERATOR deeponet3d 24000 val_worst 0.03497905466404397 seconds 232.2841432709247
OPERATOR deeponet3d 24500 val_worst 0.023674611608543734 seconds 236.96379866171628
OPERATOR deeponet3d 25000 val_worst 0.0200723679181216 seconds 241.66780703887343
OPERATOR deeponet3d 25500 val_worst 0.022051501075908756 seconds 246.39160137297586
OPERATOR deeponet3d 26000 val_worst 0.01963992446896731 seconds 251.0964339771308
OPERATOR deeponet3d 26500 val_worst 0.019747917240934047 seconds 255.81684683589265
OPERATOR deeponet3d 27000 val_worst 0.018866916702992204 seconds 260.54476841073483
OPERATOR deeponet3d 27500 val_worst 0.021590407857319208 seconds 265.2404045658186
OPERATOR deeponet3d 28000 val_worst 0.01996412778832125 seconds 269.94043102674186
OPERATOR deeponet3d 28500 val_worst 0.020083532347426613 seconds 274.6938683260232
OPERATOR deeponet3d 29000 val_worst 0.01963475735051176 seconds 279.38548260414973
OPERATOR deeponet3d 29500 val_worst 0.019699916772079565 seconds 284.0821568169631
OPERATOR deeponet3d 30000 val_worst 0.019668565474042016 seconds 288.77901048213243
OPERATOR deeponet3d 30500 val_worst 0.01864478115548329 seconds 293.49702164903283
OPERATOR deeponet3d 31000 val_worst 0.01830362107626724 seconds 298.2180480007082
OPERATOR deeponet3d 31500 val_worst 0.018316038053386146 seconds 302.90668508503586
OPERATOR deeponet3d 32000 val_worst 0.01831604802567137 seconds 307.6075208247639
OPERATOR deeponet3d 32500 val_worst 0.01831174843276087 seconds 312.2962040998973
OPERATOR deeponet3d 33000 val_worst 0.018652439809788854 seconds 316.9774022847414
OPERATOR deeponet3d 33500 val_worst 0.018442505127609705 seconds 321.6645477069542
OPERATOR deeponet3d 34000 val_worst 0.018461128691665406 seconds 326.35530340578407
OPERATOR deeponet3d 34500 val_worst 0.018518351690362207 seconds 331.0569477151148
OPERATOR deeponet3d 35000 val_worst 0.018682990911462114 seconds 335.7660236749798
OPERATOR deeponet3d 35500 val_worst 0.018522788938126828 seconds 340.4676323598251
OPERATOR deeponet3d 36000 val_worst 0.01823130387731272 seconds 345.18357336707413
OPERATOR deeponet3d 36500 val_worst 0.018264695550403828 seconds 349.87592548085377
OPERATOR deeponet3d 37000 val_worst 0.019015223227987505 seconds 354.56417746981606
OPERATOR deeponet3d 37500 val_worst 0.018636178730322018 seconds 359.2482008826919
OPERATOR deeponet3d 38000 val_worst 0.0181319117461213 seconds 363.9670438617468
OPERATOR deeponet3d 38500 val_worst 0.01844520422125302 seconds 368.64775600191206
OPERATOR deeponet3d 39000 val_worst 0.01843369172814519 seconds 373.3419339810498
OPERATOR deeponet3d 39500 val_worst 0.018271588439151346 seconds 378.0737567790784
OPERATOR deeponet3d 40000 val_worst 0.01806744992706619 seconds 382.7786758961156
REFERENCE 0 4.838319418975661e-09
REFERENCE 1 1.1762766928591845e-09
REFERENCE 2 2.3297303325375832e-08
REFERENCE 3 3.4882888859756947e-09
REFERENCE 4 9.769061942404625e-09
REFERENCE 5 4.143616377687868e-08
REFERENCE 6 5.5637579215185054e-08
REFERENCE 7 1.4613640454954606e-08
REFERENCE 8 1.9916581212669807e-08
REFERENCE 9 2.8432886018113804e-08
REFERENCE 10 1.7320772313891422e-08
REFERENCE 11 8.5189105544621e-09
REFERENCE 12 1.2907597974095385e-08
REFERENCE 13 2.3944209534430084e-08
REFERENCE 14 4.1505351294532794e-08
REFERENCE 15 2.2381837944556783e-08
COMPILED 32 linear_bank_weak_qR 0.467
COMPILED 32 linear_bank_galerkin 0.284
COMPILED 32 pod16_galerkin 0.186
COMPILED 32 pod48_galerkin 0.189
COMPILED 32 pod112_galerkin 0.307
COMPILED 32 pod128_galerkin 0.224
COMPILED 32 dst_exact 0.0
COMPILED 32 cg_identity_rtol1e-02 0.388
COMPILED 32 cg_identity_rtol1e-04 0.308
COMPILED 32 cg_identity_rtol1e-06 0.359
COMPILED 32 fno3d_w24_m8 1.635
COMPILED 32 unet3d_w16 1.483
COMPILED 32 deeponet3d_r128_w16_podinit 0.819
COMPILED 32 transolver3d_w48_s32 4.026
COMPILED 32 nmrom_K16_q0_dense 5.093
COMPILED 32 nmrom_K16_q32_dense 1.844
COMPILED 32 nmrom_K16_q96_dense 1.856
CASE 32 0 REP 0
CASE 32 0 REP 1
CASE 32 0 REP 2
CASE 32 1 REP 0
CASE 32 1 REP 1
CASE 32 1 REP 2
CASE 32 2 REP 0
CASE 32 2 REP 1
CASE 32 2 REP 2
CASE 32 3 REP 0
CASE 32 3 REP 1
CASE 32 3 REP 2
CASE 32 4 REP 0
CASE 32 4 REP 1
CASE 32 4 REP 2
CASE 32 5 REP 0
CASE 32 5 REP 1
CASE 32 5 REP 2
CASE 32 6 REP 0
CASE 32 6 REP 1
CASE 32 6 REP 2
CASE 32 7 REP 0
CASE 32 7 REP 1
CASE 32 7 REP 2
CASE 32 8 REP 0
CASE 32 8 REP 1
CASE 32 8 REP 2
CASE 32 9 REP 0
CASE 32 9 REP 1
CASE 32 9 REP 2
CASE 32 10 REP 0
CASE 32 10 REP 1
CASE 32 10 REP 2
CASE 32 11 REP 0
CASE 32 11 REP 1
CASE 32 11 REP 2
CASE 32 12 REP 0
CASE 32 12 REP 1
CASE 32 12 REP 2
CASE 32 13 REP 0
CASE 32 13 REP 1
CASE 32 13 REP 2
CASE 32 14 REP 0
CASE 32 14 REP 1
CASE 32 14 REP 2
CASE 32 15 REP 0
CASE 32 15 REP 1
CASE 32 15 REP 2
COMPILED 64 linear_bank_weak_qR 0.593
COMPILED 64 linear_bank_galerkin 0.164
COMPILED 64 pod16_galerkin 0.255
COMPILED 64 pod48_galerkin 0.47
COMPILED 64 pod112_galerkin 0.605
COMPILED 64 pod128_galerkin 0.097
COMPILED 64 pod16_native32_interpolated_basis_galerkin 0.147
COMPILED 64 pod48_native32_interpolated_basis_galerkin 0.089
COMPILED 64 pod112_native32_interpolated_basis_galerkin 0.095
COMPILED 64 pod128_native32_interpolated_basis_galerkin 0.089
COMPILED 64 dst_exact 0.0
COMPILED 64 cg_identity_rtol1e-02 0.463
COMPILED 64 cg_identity_rtol1e-04 0.348
COMPILED 64 cg_identity_rtol1e-06 0.347
COMPILED 64 fno3d_w24_m8 2.153
COMPILED 64 fno3d_w24_m8_native32_interpolate 1.58
COMPILED 64 fno3d_w24_m8_physical_padding17 1.057
COMPILED 64 unet3d_w16 1.808
COMPILED 64 unet3d_w16_native32_interpolate 0.525
COMPILED 64 deeponet3d_r128_w16_podinit 2.093
COMPILED 64 deeponet3d_r128_w16_podinit_native32_interpolate 0.905
COMPILED 64 deeponet3d_r128_w16_podinit_native32_continuous_trunk 1.275
COMPILED 64 transolver3d_w48_s32 4.048
COMPILED 64 transolver3d_w48_s32_native32_interpolate 1.244
COMPILED 64 nmrom_K16_q0_dense 1.477
COMPILED 64 nmrom_K16_q32_dense 1.124
COMPILED 64 nmrom_K16_q96_dense 1.086
CASE 64 0 REP 0
CASE 64 0 REP 1
CASE 64 0 REP 2
CASE 64 1 REP 0
CASE 64 1 REP 1
CASE 64 1 REP 2
CASE 64 2 REP 0
CASE 64 2 REP 1
CASE 64 2 REP 2
CASE 64 3 REP 0
CASE 64 3 REP 1
CASE 64 3 REP 2
CASE 64 4 REP 0
CASE 64 4 REP 1
CASE 64 4 REP 2
CASE 64 5 REP 0
CASE 64 5 REP 1
CASE 64 5 REP 2
CASE 64 6 REP 0
CASE 64 6 REP 1
CASE 64 6 REP 2
CASE 64 7 REP 0
CASE 64 7 REP 1
CASE 64 7 REP 2
CASE 64 8 REP 0
CASE 64 8 REP 1
CASE 64 8 REP 2
CASE 64 9 REP 0
CASE 64 9 REP 1
CASE 64 9 REP 2
CASE 64 10 REP 0
CASE 64 10 REP 1
CASE 64 10 REP 2
CASE 64 11 REP 0
CASE 64 11 REP 1
CASE 64 11 REP 2
CASE 64 12 REP 0
CASE 64 12 REP 1
CASE 64 12 REP 2
CASE 64 13 REP 0
CASE 64 13 REP 1
CASE 64 13 REP 2
CASE 64 14 REP 0
CASE 64 14 REP 1
CASE 64 14 REP 2
CASE 64 15 REP 0
CASE 64 15 REP 1
CASE 64 15 REP 2
run_exit=0
