torch_backend=cuda NVIDIA A100 80GB PCIe
CG data 32 / 256 502.2
CG data 64 / 256 1008.7
CG data 96 / 256 1512.1
CG data 128 / 256 2016.9
CG data 160 / 256 2524.1
CG data 192 / 256 3030.9
CG data 224 / 256 3537.2
CG data 256 / 256 4035.4
DATA READY {"seconds": 4280.1920923199505, "data_seconds": 4279.404874027707} [0.03191754910612882, 0.15171432699740064, 0.0018147967767274274]
{"arm": "transolver", "epoch": 0, "steps": 32, "train": 3.3817262208169403, "val_mean": 1.4492346497234139, "val_worst": 6.941285115160657, "lr": 0.0001999866111871799, "wall": 17.2}
{"arm": "transolver", "epoch": 1, "steps": 64, "train": 0.9140791361079619, "val_mean": 1.1452352804726198, "val_worst": 5.174376008183133, "lr": 0.00039988375619113344, "wall": 34.2}
{"arm": "transolver", "epoch": 2, "steps": 96, "train": 0.8688704413201074, "val_mean": 1.092109268257294, "val_worst": 5.043787214476047, "lr": 0.0005995968883952272, "wall": 51.2}
{"arm": "transolver", "epoch": 3, "steps": 128, "train": 0.9281603507355244, "val_mean": 1.3039367670917579, "val_worst": 7.410807222832414, "lr": 0.0007990313562239558, "wall": 68.2}
{"arm": "transolver", "epoch": 4, "steps": 160, "train": 0.6617574943995285, "val_mean": 1.1450432376379882, "val_worst": 5.216930127577677, "lr": 0.0009980985885989847, "wall": 85.1}
{"arm": "transolver", "epoch": 5, "steps": 192, "train": 1.1991406860211473, "val_mean": 1.3371557157343448, "val_worst": 7.725668476694644, "lr": 0.0009972518875280354, "wall": 102.0}
{"arm": "transolver", "epoch": 6, "steps": 224, "train": 0.6901751335460953, "val_mean": 0.9566056973259582, "val_worst": 3.5868487395612423, "lr": 0.000996255030477602, "wall": 119.1}
{"arm": "transolver", "epoch": 7, "steps": 256, "train": 0.5949760095512686, "val_mean": 1.7812773290161419, "val_worst": 11.535932226075037, "lr": 0.0009950839299292552, "wall": 136.1}
{"arm": "transolver", "epoch": 8, "steps": 288, "train": 0.6392680949452166, "val_mean": 0.8047857039511963, "val_worst": 2.1370968111375137, "lr": 0.0009937759547875454, "wall": 153.1}
{"arm": "transolver", "epoch": 9, "steps": 320, "train": 0.6566166287652755, "val_mean": 0.9594224408090561, "val_worst": 3.921785289008453, "lr": 0.0009923004856840706, "wall": 170.0}
{"arm": "transolver", "epoch": 10, "steps": 352, "train": 0.6097266694459101, "val_mean": 1.4646495770460506, "val_worst": 8.927598807861948, "lr": 0.0009906831461400278, "wall": 186.9}
{"arm": "transolver", "epoch": 11, "steps": 384, "train": 0.6467265961959869, "val_mean": 1.2576426191462524, "val_worst": 7.371480694310817, "lr": 0.0009889116058010995, "wall": 203.9}
{"arm": "transolver", "epoch": 12, "steps": 416, "train": 0.5565472679074001, "val_mean": 0.8208385493532371, "val_worst": 2.5569792557422937, "lr": 0.0009870270512481452, "wall": 220.5}
{"arm": "transolver", "epoch": 13, "steps": 448, "train": 0.5426573887100499, "val_mean": 1.2865225067031372, "val_worst": 6.98125979616876, "lr": 0.0009849587238112633, "wall": 237.4}
{"arm": "transolver", "epoch": 14, "steps": 480, "train": 0.6128948967900146, "val_mean": 0.7787711880411696, "val_worst": 1.8975099909669004, "lr": 0.0009827405955490727, "wall": 254.4}
{"arm": "transolver", "epoch": 15, "steps": 512, "train": 0.4493005482677448, "val_mean": 1.1218785386682613, "val_worst": 5.463421585254519, "lr": 0.000980353694423108, "wall": 271.3}
{"arm": "transolver", "epoch": 16, "steps": 544, "train": 0.4834716853843733, "val_mean": 0.991122325921371, "val_worst": 4.962729388483838, "lr": 0.0009778274796122424, "wall": 288.3}
{"arm": "transolver", "epoch": 17, "steps": 576, "train": 0.4239707856040413, "val_mean": 0.8233745938601766, "val_worst": 3.544879608335735, "lr": 0.0009751491675232256, "wall": 305.2}
{"arm": "transolver", "epoch": 18, "steps": 608, "train": 0.4845384436595771, "val_mean": 0.8375807128776149, "val_worst": 2.8922256884025073, "lr": 0.0009723364635413963, "wall": 322.2}
{"arm": "transolver", "epoch": 19, "steps": 640, "train": 0.6765693282632769, "val_mean": 0.9244496840582648, "val_worst": 2.835012789649624, "lr": 0.0009693688491144801, "wall": 339.1}
{"arm": "transolver", "epoch": 20, "steps": 672, "train": 0.7240253397910351, "val_mean": 0.9964134353166093, "val_worst": 5.574037997489605, "lr": 0.0009662575556900353, "wall": 356.0}
{"arm": "transolver", "epoch": 21, "steps": 704, "train": 0.44064156204819294, "val_mean": 1.1980004556817119, "val_worst": 5.965595893809, "lr": 0.0009630081488825575, "wall": 372.9}
{"arm": "transolver", "epoch": 22, "steps": 736, "train": 0.6473104256974378, "val_mean": 1.3411391276464926, "val_worst": 7.790658119831152, "lr": 0.0009595921146210995, "wall": 389.9}
{"arm": "transolver", "epoch": 23, "steps": 768, "train": 0.4319300579662863, "val_mean": 0.7738956741038998, "val_worst": 2.384279691809624, "lr": 0.0009560388752216674, "wall": 407.0}
{"arm": "transolver", "epoch": 24, "steps": 800, "train": 0.42974034639527714, "val_mean": 0.8037765308476996, "val_worst": 2.48119113631787, "lr": 0.0009523317480931222, "wall": 423.9}
{"arm": "transolver", "epoch": 25, "steps": 832, "train": 0.4919691466215654, "val_mean": 0.8295052934997335, "val_worst": 2.926649957257209, "lr": 0.000948503113871619, "wall": 440.8}
{"arm": "transolver", "epoch": 26, "steps": 864, "train": 0.44314169187996, "val_mean": 1.007165211184963, "val_worst": 3.8500600604, "lr": 0.0009445445997788798, "wall": 457.7}
{"arm": "transolver", "epoch": 27, "steps": 896, "train": 0.41138242214318843, "val_mean": 0.7945630175666185, "val_worst": 2.767026121291886, "lr": 0.0009404434551488587, "wall": 474.6}
{"arm": "transolver", "epoch": 28, "steps": 928, "train": 0.37186094697970173, "val_mean": 0.6582698925848491, "val_worst": 1.5207696747987252, "lr": 0.0009361963801683029, "wall": 491.7}
{"arm": "transolver", "epoch": 29, "steps": 960, "train": 0.3402255348931765, "val_mean": 1.0347182476021894, "val_worst": 4.414051292842274, "lr": 0.000931799344479158, "wall": 508.6}
{"arm": "transolver", "epoch": 30, "steps": 992, "train": 0.33864218926615, "val_mean": 0.6319989351195887, "val_worst": 1.9318082873021682, "lr": 0.0009273221123964493, "wall": 525.5}
{"arm": "transolver", "epoch": 31, "steps": 1024, "train": 0.30497079216319667, "val_mean": 0.7307787804991168, "val_worst": 3.0040101856819588, "lr": 0.0009226856163938323, "wall": 542.3}
{"arm": "transolver", "epoch": 32, "steps": 1056, "train": 0.33120001256086284, "val_mean": 0.7211998692117644, "val_worst": 2.857467385843048, "lr": 0.0009179427153142226, "wall": 559.1}
{"arm": "transolver", "epoch": 33, "steps": 1088, "train": 0.5409171662770822, "val_mean": 1.2108783990911247, "val_worst": 3.465832660121628, "lr": 0.0009131333150799098, "wall": 575.7}
{"arm": "transolver", "epoch": 34, "steps": 1120, "train": 0.5457674574505283, "val_mean": 0.683633985323076, "val_worst": 1.8938574228972396, "lr": 0.0009081860799340103, "wall": 592.4}
{"arm": "transolver", "epoch": 35, "steps": 1152, "train": 0.30323724144999853, "val_mean": 0.8016121129879752, "val_worst": 3.6489232417911497, "lr": 0.0009030823419459513, "wall": 609.1}
{"arm": "transolver", "epoch": 36, "steps": 1184, "train": 0.37623961808888196, "val_mean": 0.8038934975713229, "val_worst": 3.0978501013758524, "lr": 0.0008978661281962492, "wall": 625.9}
{"arm": "transolver", "epoch": 37, "steps": 1216, "train": 0.545231779389892, "val_mean": 1.154203903570016, "val_worst": 6.8595400489664, "lr": 0.0008925049396921819, "wall": 642.7}
{"arm": "transolver", "epoch": 38, "steps": 1248, "train": 0.33491474703023016, "val_mean": 0.6034990207571386, "val_worst": 1.1433093688983076, "lr": 0.0008870245368639908, "wall": 659.6}
{"arm": "transolver", "epoch": 39, "steps": 1280, "train": 0.33413328421530375, "val_mean": 0.64818730668074, "val_worst": 1.5199212694288584, "lr": 0.0008814049512426269, "wall": 676.3}
{"arm": "transolver", "epoch": 40, "steps": 1312, "train": 0.30997135941839166, "val_mean": 0.5880270916985211, "val_worst": 1.1708260075009094, "lr": 0.000875696048370125, "wall": 693.3}
{"arm": "transolver", "epoch": 41, "steps": 1344, "train": 0.2726835572817853, "val_mean": 0.7807467471810594, "val_worst": 4.522033068260902, "lr": 0.0008698336082345094, "wall": 710.0}
{"arm": "transolver", "epoch": 42, "steps": 1376, "train": 0.3118503366472076, "val_mean": 0.6094343490567389, "val_worst": 1.6917205350964675, "lr": 0.0008639192934749353, "wall": 726.8}
{"arm": "transolver", "epoch": 43, "steps": 1408, "train": 0.2840219547787915, "val_mean": 0.5640284303638159, "val_worst": 1.2762617002553829, "lr": 0.0008578649696129332, "wall": 743.7}
{"arm": "transolver", "epoch": 44, "steps": 1440, "train": 0.28226918221706876, "val_mean": 0.5769510810366005, "val_worst": 0.9956036695778114, "lr": 0.0008516680177091256, "wall": 760.4}
{"arm": "transolver", "epoch": 45, "steps": 1472, "train": 0.3853076320682259, "val_mean": 0.6502803203091665, "val_worst": 1.5691914355575505, "lr": 0.0008454003993704765, "wall": 777.2}
{"arm": "transolver", "epoch": 46, "steps": 1504, "train": 0.2876124236154207, "val_mean": 0.6252942850356257, "val_worst": 1.9473931191921083, "lr": 0.0008390498721089215, "wall": 794.0}
{"arm": "transolver", "epoch": 47, "steps": 1536, "train": 0.2865377650182346, "val_mean": 0.7833027680967957, "val_worst": 3.8321274662454967, "lr": 0.0008325836843501346, "wall": 810.7}
{"arm": "transolver", "epoch": 48, "steps": 1568, "train": 0.3516004831092333, "val_mean": 1.2569773269310478, "val_worst": 4.011912019584299, "lr": 0.0008259995692560259, "wall": 827.6}
{"arm": "transolver", "epoch": 49, "steps": 1600, "train": 0.5513400775251716, "val_mean": 0.7270103302203095, "val_worst": 2.4584062530365247, "lr": 0.0008193397544165316, "wall": 844.3}
{"arm": "transolver", "epoch": 50, "steps": 1632, "train": 0.36320253617376985, "val_mean": 0.7414988300660256, "val_worst": 2.6891608740357285, "lr": 0.000812574013261926, "wall": 861.1}
{"arm": "transolver", "epoch": 51, "steps": 1664, "train": 0.45387341347065047, "val_mean": 0.7970497124416779, "val_worst": 2.7586133633389243, "lr": 0.0008056958044225185, "wall": 877.9}
{"arm": "transolver", "epoch": 52, "steps": 1696, "train": 0.45448413672710075, "val_mean": 0.6847521681608209, "val_worst": 1.823300737631929, "lr": 0.0007987205695425541, "wall": 894.7}
{"arm": "transolver", "epoch": 53, "steps": 1728, "train": 0.38524498532460627, "val_mean": 0.8961905516327433, "val_worst": 2.2529020254652523, "lr": 0.0007916728156853363, "wall": 911.5}
{"arm": "transolver", "epoch": 54, "steps": 1760, "train": 0.696817558990006, "val_mean": 0.6766890163992862, "val_worst": 2.084526732976816, "lr": 0.0007845382230412201, "wall": 928.3}
{"arm": "transolver", "epoch": 55, "steps": 1792, "train": 0.5326557301715702, "val_mean": 1.4755182389815134, "val_worst": 7.654634175405112, "lr": 0.000777472242207416, "wall": 944.7}
{"arm": "transolver", "epoch": 56, "steps": 1824, "train": 0.7823539645995891, "val_mean": 0.7286408269787008, "val_worst": 2.4158172068733763, "lr": 0.0007701845235683972, "wall": 961.5}
{"arm": "transolver", "epoch": 57, "steps": 1856, "train": 0.3281921281569725, "val_mean": 0.6282311633952926, "val_worst": 1.3873521305606162, "lr": 0.0007627962724260996, "wall": 978.2}
{"arm": "transolver", "epoch": 58, "steps": 1888, "train": 0.28695297634001293, "val_mean": 0.6145780755316855, "val_worst": 1.4598003059837554, "lr": 0.0007553166712750287, "wall": 995.1}
{"arm": "transolver", "epoch": 59, "steps": 1920, "train": 0.2940635992181869, "val_mean": 0.7174593996918689, "val_worst": 2.577861358797686, "lr": 0.0007477698618765375, "wall": 1011.9}
{"arm": "transolver", "epoch": 60, "steps": 1952, "train": 0.28899184055776106, "val_mean": 0.5542957328974598, "val_worst": 1.0648720244448922, "lr": 0.0007401272162376268, "wall": 1028.8}
{"arm": "transolver", "epoch": 61, "steps": 1984, "train": 0.2521730935899299, "val_mean": 0.5853392925511329, "val_worst": 1.1808518639028402, "lr": 0.0007324041837976917, "wall": 1045.5}
{"arm": "transolver", "epoch": 62, "steps": 2016, "train": 0.2730681230665475, "val_mean": 0.700911360985576, "val_worst": 2.045834900375667, "lr": 0.0007246471244178397, "wall": 1062.3}
{"arm": "transolver", "epoch": 63, "steps": 2048, "train": 0.2434864322887877, "val_mean": 0.5347415024326669, "val_worst": 1.3344839886144513, "lr": 0.0007168216742957398, "wall": 1079.2}
{"arm": "transolver", "epoch": 64, "steps": 2080, "train": 0.22005155039653881, "val_mean": 0.5129024797463954, "val_worst": 0.993074607221534, "lr": 0.0007088785447481482, "wall": 1096.1}
{"arm": "transolver", "epoch": 65, "steps": 2112, "train": 0.24218266046820625, "val_mean": 0.5944435331900578, "val_worst": 1.4796919250321365, "lr": 0.0007008555618128072, "wall": 1112.9}
{"arm": "transolver", "epoch": 66, "steps": 2144, "train": 0.2512756943404578, "val_mean": 0.531014681570046, "val_worst": 1.1157295524342616, "lr": 0.0006928121235162663, "wall": 1129.7}
{"arm": "transolver", "epoch": 67, "steps": 2176, "train": 0.24827018257129513, "val_mean": 0.5243388243400414, "val_worst": 1.0026421272869686, "lr": 0.000684759485288642, "wall": 1146.5}
{"arm": "transolver", "epoch": 68, "steps": 2208, "train": 0.24718825639618816, "val_mean": 0.5420643003893418, "val_worst": 1.118066969033161, "lr": 0.0006765745938306346, "wall": 1163.3}
{"arm": "transolver", "epoch": 69, "steps": 2240, "train": 0.23267057722823753, "val_mean": 0.5481629641785191, "val_worst": 1.1285414148379833, "lr": 0.0006683863965411097, "wall": 1180.1}
{"arm": "transolver", "epoch": 70, "steps": 2272, "train": 0.23511368798073726, "val_mean": 0.5811875077922455, "val_worst": 1.1595788843888075, "lr": 0.0006600748407365346, "wall": 1197.1}
{"arm": "transolver", "epoch": 71, "steps": 2304, "train": 0.21585008743363748, "val_mean": 0.501841741454538, "val_worst": 1.1273064884578992, "lr": 0.0006517018457988914, "wall": 1214.2}
{"arm": "transolver", "epoch": 72, "steps": 2336, "train": 0.2133474559594786, "val_mean": 0.5376335945556565, "val_worst": 1.0965194111940009, "lr": 0.0006431820791840926, "wall": 1231.3}
{"arm": "transolver", "epoch": 73, "steps": 2368, "train": 0.21969332239356695, "val_mean": 0.6025627047956619, "val_worst": 1.7433135564240436, "lr": 0.0006346544299906633, "wall": 1248.3}
{"arm": "transolver", "epoch": 74, "steps": 2400, "train": 0.21875960034626762, "val_mean": 0.5492928300965659, "val_worst": 1.2323964051135357, "lr": 0.0006261125539657217, "wall": 1265.4}
{"arm": "transolver", "epoch": 75, "steps": 2432, "train": 0.203260664329905, "val_mean": 0.5330245616718254, "val_worst": 1.2491773850989667, "lr": 0.000617543646785106, "wall": 1282.4}
{"arm": "transolver", "epoch": 76, "steps": 2464, "train": 0.2101554022371042, "val_mean": 0.6029217933747792, "val_worst": 2.313684511396121, "lr": 0.0006090363933147272, "wall": 1299.1}
{"arm": "transolver", "epoch": 77, "steps": 2496, "train": 0.23848760459756224, "val_mean": 0.5224282958167374, "val_worst": 1.2761389506617746, "lr": 0.0006005883184427806, "wall": 1315.8}
{"arm": "transolver", "epoch": 78, "steps": 2528, "train": 0.2093822345239285, "val_mean": 0.5339291784175643, "val_worst": 1.5008290049904753, "lr": 0.0005920275229044763, "wall": 1332.6}
{"arm": "transolver", "epoch": 79, "steps": 2560, "train": 0.21260488908443573, "val_mean": 0.5202745965402589, "val_worst": 1.1200743111715392, "lr": 0.0005833728697778803, "wall": 1349.5}
{"arm": "transolver", "epoch": 80, "steps": 2592, "train": 0.18479904107951178, "val_mean": 0.5213790229407793, "val_worst": 1.3211986749628168, "lr": 0.000574750183876473, "wall": 1366.3}
{"arm": "transolver", "epoch": 81, "steps": 2624, "train": 0.19668437799307903, "val_mean": 0.5499926575334699, "val_worst": 1.8385218677019142, "lr": 0.0005661500515110514, "wall": 1383.1}
{"arm": "transolver", "epoch": 82, "steps": 2656, "train": 0.20752540047619106, "val_mean": 0.5442615010487264, "val_worst": 1.593579233113037, "lr": 0.0005574745195184404, "wall": 1399.9}
{"arm": "transolver", "epoch": 83, "steps": 2688, "train": 0.20978852751980057, "val_mean": 0.5807801399142845, "val_worst": 1.7528563502860446, "lr": 0.0005488120811908943, "wall": 1416.7}
{"arm": "transolver", "epoch": 84, "steps": 2720, "train": 0.2285045196917706, "val_mean": 0.5300669316895701, "val_worst": 1.2751047812532559, "lr": 0.0005401450519022306, "wall": 1433.5}
{"arm": "transolver", "epoch": 85, "steps": 2752, "train": 0.3131229401006715, "val_mean": 0.5416446617772959, "val_worst": 1.3226412470211582, "lr": 0.0005314497534758634, "wall": 1450.3}
{"arm": "transolver", "epoch": 86, "steps": 2784, "train": 0.20088850297091954, "val_mean": 0.512823996227603, "val_worst": 1.2069772615127745, "lr": 0.0005227764154449599, "wall": 1467.1}
{"arm": "transolver", "epoch": 87, "steps": 2816, "train": 0.1940614243936055, "val_mean": 0.5008647750103856, "val_worst": 1.3407212741137733, "lr": 0.0005140762318801206, "wall": 1484.0}
{"arm": "transolver", "epoch": 88, "steps": 2848, "train": 0.18262391874820882, "val_mean": 0.48440098641037865, "val_worst": 1.108316834488192, "lr": 0.0005053003178627424, "wall": 1500.9}
{"arm": "transolver", "epoch": 89, "steps": 2880, "train": 0.17816417286986297, "val_mean": 0.6421447391609981, "val_worst": 3.049104008943169, "lr": 0.0004965407485505743, "wall": 1517.7}
{"arm": "transolver", "epoch": 90, "steps": 2912, "train": 0.19576363914469208, "val_mean": 0.4979776426928059, "val_worst": 1.2132877796303643, "lr": 0.0004878544696191158, "wall": 1534.5}
{"arm": "transolver", "epoch": 91, "steps": 2944, "train": 8.646057704857695, "val_mean": 1.113816267929903, "val_worst": 3.95590667145586, "lr": 0.0004791430099693101, "wall": 1551.2}
{"arm": "transolver", "epoch": 92, "steps": 2976, "train": 1.016616641426737, "val_mean": 1.1314774064493556, "val_worst": 4.530513599130262, "lr": 0.0004704548371341834, "wall": 1568.0}
{"arm": "transolver", "epoch": 93, "steps": 3008, "train": 0.9678744267814325, "val_mean": 1.1732796378569752, "val_worst": 5.686530530999813, "lr": 0.00046176912250317276, "wall": 1584.9}
{"arm": "transolver", "epoch": 94, "steps": 3040, "train": 0.6835367832687028, "val_mean": 1.4083357525097746, "val_worst": 7.662950801614664, "lr": 0.0004530712668672134, "wall": 1601.7}
{"arm": "transolver", "epoch": 95, "steps": 3072, "train": 0.6496197519092826, "val_mean": 1.0253634581710505, "val_worst": 4.343589661167056, "lr": 0.0004444113082665773, "wall": 1618.5}
{"arm": "transolver", "epoch": 96, "steps": 3104, "train": 0.640931444860601, "val_mean": 1.1457829265513302, "val_worst": 4.9814107176810944, "lr": 0.0004357547038114725, "wall": 1635.4}
{"arm": "transolver", "epoch": 97, "steps": 3136, "train": 0.6435102891721184, "val_mean": 0.9908297562804567, "val_worst": 3.8510099625359597, "lr": 0.00042716332440300396, "wall": 1652.2}
{"arm": "transolver", "epoch": 98, "steps": 3168, "train": 0.6210470710025915, "val_mean": 0.9711520185258757, "val_worst": 4.022768660847946, "lr": 0.0004186668478888356, "wall": 1668.7}
{"arm": "transolver", "epoch": 99, "steps": 3200, "train": 0.6215776837792636, "val_mean": 1.15408945178585, "val_worst": 6.812098445009374, "lr": 0.0004100925613859976, "wall": 1685.6}
{"arm": "transolver", "epoch": 100, "steps": 3232, "train": 0.6859053491880818, "val_mean": 1.0449873296267198, "val_worst": 5.054619830227788, "lr": 0.0004015330912934745, "wall": 1702.4}
{"arm": "transolver", "epoch": 101, "steps": 3264, "train": 0.6137496288142885, "val_mean": 1.1139271442422563, "val_worst": 4.349172761071773, "lr": 0.00039303323302444776, "wall": 1719.2}
{"arm": "transolver", "epoch": 102, "steps": 3296, "train": 0.5838424772841054, "val_mean": 0.9486266623919203, "val_worst": 4.002717165085283, "lr": 0.0003845424946314953, "wall": 1736.1}
{"arm": "transolver", "epoch": 103, "steps": 3328, "train": 1.3731775067473984, "val_mean": 1.265829460228373, "val_worst": 7.4464192729546355, "lr": 0.0003761140701251336, "wall": 1752.9}
{"arm": "transolver", "epoch": 104, "steps": 3360, "train": 0.6087579854924614, "val_mean": 1.0239101796292052, "val_worst": 4.169088224036746, "lr": 0.0003677493456745712, "wall": 1769.7}
{"arm": "transolver", "epoch": 105, "steps": 3392, "train": 0.5683160037448898, "val_mean": 0.9725881339295102, "val_worst": 3.9730448771384856, "lr": 0.0003593698564152103, "wall": 1786.5}
{"arm": "transolver", "epoch": 106, "steps": 3424, "train": 0.4952141080158137, "val_mean": 0.9861485565011417, "val_worst": 4.499392995924792, "lr": 0.0003510762915964621, "wall": 1803.3}
{"arm": "transolver", "epoch": 107, "steps": 3456, "train": 0.452665895370497, "val_mean": 0.6960690412222643, "val_worst": 1.8077358570121234, "lr": 0.0003428129323018478, "wall": 1820.1}
{"arm": "transolver", "epoch": 108, "steps": 3488, "train": 0.4156618237046379, "val_mean": 0.922059738320258, "val_worst": 4.234743421175776, "lr": 0.0003346233752669227, "wall": 1836.9}
{"arm": "transolver", "epoch": 109, "steps": 3520, "train": 0.4114225409029419, "val_mean": 0.647682628828919, "val_worst": 1.3305645367870615, "lr": 0.00032645227065311203, "wall": 1853.7}
{"arm": "transolver", "epoch": 110, "steps": 3552, "train": 0.3377255175060305, "val_mean": 0.8562366291796792, "val_worst": 2.13840839206306, "lr": 0.0003183628829858543, "wall": 1870.5}
{"arm": "transolver", "epoch": 111, "steps": 3584, "train": 0.335863896859144, "val_mean": 0.6194814999486651, "val_worst": 1.4381812962009974, "lr": 0.00031032635529991556, "wall": 1887.4}
{"arm": "transolver", "epoch": 112, "steps": 3616, "train": 0.27928391562442245, "val_mean": 0.5839797814728602, "val_worst": 0.9512444830705592, "lr": 0.0003023320215150761, "wall": 1904.2}
{"arm": "transolver", "epoch": 113, "steps": 3648, "train": 0.2661354466807589, "val_mean": 0.5896680481678304, "val_worst": 1.050449803567082, "lr": 0.00029441725712643223, "wall": 1921.0}
{"arm": "transolver", "epoch": 114, "steps": 3680, "train": 0.2727201680949308, "val_mean": 0.5922188801360121, "val_worst": 1.6585966032810748, "lr": 0.0002865721391499391, "wall": 1937.7}
{"arm": "transolver", "epoch": 115, "steps": 3712, "train": 0.2845831801280183, "val_mean": 0.5456655383739639, "val_worst": 0.8502095324589097, "lr": 0.00027878417242106947, "wall": 1954.6}
{"arm": "transolver", "epoch": 116, "steps": 3744, "train": 0.24914861063802235, "val_mean": 0.5584282476748259, "val_worst": 1.1503571765908276, "lr": 0.0002710744130364038, "wall": 1971.4}
{"arm": "transolver", "epoch": 117, "steps": 3776, "train": 0.22809181844276405, "val_mean": 0.5441627183211306, "val_worst": 1.2785461413601105, "lr": 0.0002634013369742708, "wall": 1988.3}
{"arm": "transolver", "epoch": 118, "steps": 3808, "train": 0.22123687550326665, "val_mean": 0.749213309613562, "val_worst": 3.4626163641871304, "lr": 0.000255821240201424, "wall": 2005.1}
{"arm": "transolver", "epoch": 119, "steps": 3840, "train": 0.3192448771281299, "val_mean": 0.62087284895255, "val_worst": 1.9039819229896375, "lr": 0.0002482922492398316, "wall": 2022.0}
{"arm": "transolver", "epoch": 120, "steps": 3872, "train": 0.21961855840590025, "val_mean": 0.5243831880935917, "val_worst": 1.0182275012820419, "lr": 0.0002409460259513079, "wall": 2038.6}
{"arm": "transolver", "epoch": 121, "steps": 3904, "train": 0.20708601342147573, "val_mean": 0.5389148241714754, "val_worst": 1.206605023562311, "lr": 0.00023361720453894883, "wall": 2055.5}
{"arm": "transolver", "epoch": 122, "steps": 3936, "train": 0.22234232900360956, "val_mean": 0.5310183109766029, "val_worst": 1.4275001402325096, "lr": 0.00022635878525193183, "wall": 2072.3}
{"arm": "transolver", "epoch": 123, "steps": 3968, "train": 0.21232026292133882, "val_mean": 0.5340692508218913, "val_worst": 1.2265679455447118, "lr": 0.00021920806045690332, "wall": 2089.1}
{"arm": "transolver", "epoch": 124, "steps": 4000, "train": 0.1845681389872617, "val_mean": 0.49135045620567047, "val_worst": 1.2972179227284886, "lr": 0.00021213077133947858, "wall": 2105.9}
{"arm": "transolver", "epoch": 125, "steps": 4032, "train": 0.24726226807027651, "val_mean": 0.5071793543514185, "val_worst": 1.0720211530893655, "lr": 0.00020516526387502607, "wall": 2122.7}
{"arm": "transolver", "epoch": 126, "steps": 4064, "train": 0.2371452447691163, "val_mean": 0.5301056250956185, "val_worst": 1.2875407941008452, "lr": 0.00019826029430971247, "wall": 2139.6}
{"arm": "transolver", "epoch": 127, "steps": 4096, "train": 0.1831427913600515, "val_mean": 0.46523366842743763, "val_worst": 1.0215532393317484, "lr": 0.00019147839529026143, "wall": 2156.5}
{"arm": "transolver", "epoch": 128, "steps": 4128, "train": 0.16120036827534465, "val_mean": 0.4406436444523074, "val_worst": 0.9025659931624456, "lr": 0.0001847306506186892, "wall": 2173.4}
{"arm": "transolver", "epoch": 129, "steps": 4160, "train": 0.1468772317490742, "val_mean": 0.4347473178788836, "val_worst": 1.1766674473666436, "lr": 0.00017810503227341226, "wall": 2190.3}
{"arm": "transolver", "epoch": 130, "steps": 4192, "train": 0.14732155443706976, "val_mean": 0.5470983337699316, "val_worst": 1.3160007652720622, "lr": 0.00017156754106960085, "wall": 2207.1}
{"arm": "transolver", "epoch": 131, "steps": 4224, "train": 0.17061199173215646, "val_mean": 0.45901311638063325, "val_worst": 1.3253216623221789, "lr": 0.00016519218926993318, "wall": 2223.9}
{"arm": "transolver", "epoch": 132, "steps": 4256, "train": 0.25618105558980464, "val_mean": 0.550033366118819, "val_worst": 1.4028718712209731, "lr": 0.00015891235577912663, "wall": 2240.7}
{"arm": "transolver", "epoch": 133, "steps": 4288, "train": 0.21076421897799613, "val_mean": 0.4816018851275103, "val_worst": 0.9954984223538906, "lr": 0.00015276033169995946, "wall": 2257.4}
{"arm": "transolver", "epoch": 134, "steps": 4320, "train": 0.19911119715884879, "val_mean": 0.4887439348937517, "val_worst": 1.2830569673064642, "lr": 0.00014669866184575548, "wall": 2274.2}
{"arm": "transolver", "epoch": 135, "steps": 4352, "train": 0.1977837949201285, "val_mean": 0.470582474929153, "val_worst": 1.0114961698680127, "lr": 0.00014077186066071084, "wall": 2291.0}
{"arm": "transolver", "epoch": 136, "steps": 4384, "train": 0.19093790606069222, "val_mean": 0.49505828180176037, "val_worst": 1.0723280478140278, "lr": 0.00013492363282383032, "wall": 2307.8}
{"arm": "transolver", "epoch": 137, "steps": 4416, "train": 0.19856590724250622, "val_mean": 0.46966912090196755, "val_worst": 1.1969984713308424, "lr": 0.0001292030140794668, "wall": 2324.6}
{"arm": "transolver", "epoch": 138, "steps": 4448, "train": 0.19474699338193477, "val_mean": 0.4840352103428706, "val_worst": 1.0769245936686769, "lr": 0.00012358359755105613, "wall": 2341.4}
{"arm": "transolver", "epoch": 139, "steps": 4480, "train": 0.17968433774350845, "val_mean": 0.4915447951707453, "val_worst": 1.1286975403529864, "lr": 0.00011810308911353036, "wall": 2358.1}
{"arm": "transolver", "epoch": 140, "steps": 4512, "train": 0.1726974710615637, "val_mean": 0.520833726004237, "val_worst": 1.6133401086242192, "lr": 0.00011273075166873587, "wall": 2374.9}
{"arm": "transolver", "epoch": 141, "steps": 4544, "train": 0.1634145919164461, "val_mean": 0.45553224704990125, "val_worst": 1.0774921594359639, "lr": 0.00010751966947345172, "wall": 2391.6}
{"arm": "transolver", "epoch": 142, "steps": 4576, "train": 0.15879903096139125, "val_mean": 0.42436323834907497, "val_worst": 0.9665846611568908, "lr": 0.00010250776427213123, "wall": 2408.2}
{"arm": "transolver", "epoch": 143, "steps": 4608, "train": 0.1567142677012568, "val_mean": 0.45951689617420577, "val_worst": 0.9929201266609519, "lr": 9.747748901948941e-05, "wall": 2425.0}
{"arm": "transolver", "epoch": 144, "steps": 4640, "train": 0.1946844124788505, "val_mean": 0.44337317439464397, "val_worst": 0.9104539233425043, "lr": 9.260267064877784e-05, "wall": 2441.7}
{"arm": "transolver", "epoch": 145, "steps": 4672, "train": 0.21460474472899047, "val_mean": 0.44896763777711185, "val_worst": 0.9001055181016818, "lr": 8.785135096031068e-05, "wall": 2458.5}
{"arm": "transolver", "epoch": 146, "steps": 4704, "train": 0.15938887307228444, "val_mean": 0.44309512446914284, "val_worst": 0.8278983404736725, "lr": 8.324394622418947e-05, "wall": 2475.2}
{"arm": "transolver", "epoch": 147, "steps": 4736, "train": 0.1677499465382035, "val_mean": 0.4638168887453209, "val_worst": 0.8487593740233869, "lr": 7.875595452260385e-05, "wall": 2492.0}
{"arm": "transolver", "epoch": 148, "steps": 4768, "train": 0.15939025593085643, "val_mean": 0.4412609472707015, "val_worst": 1.0364695320791748, "lr": 7.44096599799394e-05, "wall": 2508.8}
{"arm": "transolver", "epoch": 149, "steps": 4800, "train": 0.16850037242319538, "val_mean": 0.433277165082527, "val_worst": 0.8959773343514115, "lr": 7.018171391060003e-05, "wall": 2525.6}
{"arm": "transolver", "epoch": 150, "steps": 4832, "train": 0.14615841373901445, "val_mean": 0.4135312917088948, "val_worst": 0.932431790379939, "lr": 6.610843562521148e-05, "wall": 2542.6}
{"arm": "transolver", "epoch": 151, "steps": 4864, "train": 0.13755047013047345, "val_mean": 0.4026213859198565, "val_worst": 0.935839480350696, "lr": 6.207339190100869e-05, "wall": 2559.5}
{"arm": "transolver", "epoch": 152, "steps": 4896, "train": 0.1338948433931107, "val_mean": 0.4309095254148433, "val_worst": 1.120697054338805, "lr": 5.8231352308519914e-05, "wall": 2576.3}
{"arm": "transolver", "epoch": 153, "steps": 4928, "train": 0.13261515960883186, "val_mean": 0.40454174046960867, "val_worst": 0.989337087689067, "lr": 5.4561774357612735e-05, "wall": 2593.1}
{"arm": "transolver", "epoch": 154, "steps": 4960, "train": 0.13213442521903357, "val_mean": 0.40756859298787734, "val_worst": 0.9025183784599581, "lr": 5.101383736470389e-05, "wall": 2609.9}
{"arm": "transolver", "epoch": 155, "steps": 4992, "train": 0.1333304717838702, "val_mean": 0.441334740147661, "val_worst": 1.346928831975952, "lr": 4.76076426942819e-05, "wall": 2626.7}
{"arm": "transolver", "epoch": 156, "steps": 5024, "train": 0.15398859351968763, "val_mean": 0.4036584880312501, "val_worst": 0.8542359796666212, "lr": 4.434579621727125e-05, "wall": 2643.5}
{"arm": "transolver", "epoch": 157, "steps": 5056, "train": 0.13296865882423303, "val_mean": 0.40715008348035053, "val_worst": 0.9175001418760824, "lr": 4.121680938047952e-05, "wall": 2660.4}
{"arm": "transolver", "epoch": 158, "steps": 5088, "train": 0.12842082911554964, "val_mean": 0.3998755778443257, "val_worst": 0.9231812582214803, "lr": 3.8231318688423165e-05, "wall": 2677.4}
{"arm": "transolver", "epoch": 159, "steps": 5120, "train": 0.21445136632616604, "val_mean": 0.4144619592602441, "val_worst": 0.8227689307686126, "lr": 3.537454660868057e-05, "wall": 2694.3}
{"arm": "transolver", "epoch": 160, "steps": 5152, "train": 0.13144224890439254, "val_mean": 0.4006719404708272, "val_worst": 0.8489403566155752, "lr": 3.26770277890479e-05, "wall": 2711.2}
{"arm": "transolver", "epoch": 161, "steps": 5184, "train": 0.14009260050838968, "val_mean": 0.40833122535765903, "val_worst": 0.8907536853643109, "lr": 3.013201543696103e-05, "wall": 2728.1}
{"arm": "transolver", "epoch": 162, "steps": 5216, "train": 0.12568397020211652, "val_mean": 0.4005027109310811, "val_worst": 0.8215612092148312, "lr": 2.7744087122522017e-05, "wall": 2744.9}
{"arm": "transolver", "epoch": 163, "steps": 5248, "train": 0.1410900979905887, "val_mean": 0.4212729374148804, "val_worst": 1.0551006210685074, "lr": 2.5522509616524108e-05, "wall": 2761.6}
{"arm": "transolver", "epoch": 164, "steps": 5280, "train": 0.12175706602142941, "val_mean": 0.39547913362496256, "val_worst": 0.8228846777744291, "lr": 2.340352455796052e-05, "wall": 2778.8}
{"arm": "transolver", "epoch": 165, "steps": 5312, "train": 0.11940074688724073, "val_mean": 0.39731868215028965, "val_worst": 0.8959933704091, "lr": 2.1412834550220353e-05, "wall": 2796.0}
{"arm": "transolver", "epoch": 166, "steps": 5344, "train": 0.11897904851406824, "val_mean": 0.3944602945197155, "val_worst": 0.8497322139563015, "lr": 1.9595933826515594e-05, "wall": 2813.2}
{"arm": "transolver", "epoch": 167, "steps": 5376, "train": 0.12479664069911985, "val_mean": 0.40964314592061146, "val_worst": 1.0480509217480989, "lr": 1.793942046036214e-05, "wall": 2830.1}
{"arm": "transolver", "epoch": 168, "steps": 5408, "train": 0.12184131734378657, "val_mean": 0.4109224117369596, "val_worst": 1.0661121041865038, "lr": 1.645138674634605e-05, "wall": 2847.0}
{"arm": "transolver", "epoch": 169, "steps": 5440, "train": 0.12052466289508235, "val_mean": 0.3931241140518464, "val_worst": 0.8904112801269719, "lr": 1.5187167882702595e-05, "wall": 2862.5}
{"arm": "transolver", "epoch": 170, "steps": 5472, "train": 0.11968826408303376, "val_mean": 0.39387260654905765, "val_worst": 0.8556623813245005, "lr": 1.4608070103882912e-05, "wall": 2870.2}
{"arm": "transolver", "epoch": 171, "steps": 5504, "train": 0.12015480437411354, "val_mean": 0.3973994110011987, "val_worst": 0.9245741310202824, "lr": 1.4090101026405068e-05, "wall": 2877.7}
{"arm": "transolver", "epoch": 172, "steps": 5536, "train": 0.12059214899143793, "val_mean": 0.3951690056359625, "val_worst": 0.8890000791593133, "lr": 1.3605324839091518e-05, "wall": 2885.3}
{"arm": "transolver", "epoch": 173, "steps": 5568, "train": 0.114991869885893, "val_mean": 0.427928553244572, "val_worst": 0.995329175316677, "lr": 1.3143342741890417e-05, "wall": 2892.9}
{"arm": "transolver", "epoch": 174, "steps": 5600, "train": 0.12694081937375068, "val_mean": 0.39255538102258153, "val_worst": 0.8389179327227623, "lr": 1.2716445438698979e-05, "wall": 2900.6}
{"arm": "transolver", "epoch": 175, "steps": 5632, "train": 0.11657800794415733, "val_mean": 0.3934169142445005, "val_worst": 0.842975163459575, "lr": 1.2314715111532003e-05, "wall": 2908.2}
{"arm": "transolver", "epoch": 176, "steps": 5664, "train": 0.12101866986919046, "val_mean": 0.3942876916743533, "val_worst": 0.9039854973503252, "lr": 1.1951611605191025e-05, "wall": 2915.8}
{"arm": "transolver", "epoch": 177, "steps": 5696, "train": 0.12098621937863455, "val_mean": 0.45583568856338486, "val_worst": 1.0625130453701008, "lr": 1.161713982297563e-05, "wall": 2923.4}
{"arm": "transolver", "epoch": 178, "steps": 5728, "train": 0.12199182142013656, "val_mean": 0.4029890728152981, "val_worst": 0.9085175800052395, "lr": 1.1318829907417394e-05, "wall": 2930.9}
{"arm": "transolver", "epoch": 179, "steps": 5760, "train": 0.11615970728846021, "val_mean": 0.3908529306193242, "val_worst": 0.8670151135002203, "lr": 1.1046738040047195e-05, "wall": 2938.6}
{"arm": "transolver", "epoch": 180, "steps": 5792, "train": 0.11634545303827455, "val_mean": 0.3930960070563023, "val_worst": 0.8387959837203917, "lr": 1.0806258235680055e-05, "wall": 2946.1}
{"arm": "transolver", "epoch": 181, "steps": 5824, "train": 0.11553348422087635, "val_mean": 0.40119632524761023, "val_worst": 0.9080691202167558, "lr": 1.0595987139362084e-05, "wall": 2953.7}
{"arm": "transolver", "epoch": 182, "steps": 5856, "train": 0.11783720389584096, "val_mean": 0.39077686453183536, "val_worst": 0.8652374839502107, "lr": 1.0420685801798985e-05, "wall": 2961.3}
{"arm": "transolver", "epoch": 183, "steps": 5888, "train": 0.11428766362376454, "val_mean": 0.38612717727936097, "val_worst": 0.8566774483099042, "lr": 1.0273407376000383e-05, "wall": 2969.0}
{"arm": "transolver", "epoch": 184, "steps": 5920, "train": 0.11566512302157336, "val_mean": 0.3948609983478949, "val_worst": 0.9024745821785521, "lr": 1.0158221298779408e-05, "wall": 2976.4}
{"arm": "transolver", "epoch": 185, "steps": 5952, "train": 0.1178745784678415, "val_mean": 0.39004855395556637, "val_worst": 0.8447564025826132, "lr": 1.0075481366217864e-05, "wall": 2983.9}
{"arm": "transolver", "epoch": 186, "steps": 5984, "train": 0.1158326768343167, "val_mean": 0.3917884667096793, "val_worst": 0.8882272875693036, "lr": 1.0022895241824522e-05, "wall": 2991.4}
{"arm": "transolver", "epoch": 187, "steps": 6016, "train": 0.11798614101060857, "val_mean": 0.3971046143883534, "val_worst": 0.8761928916120232, "lr": 1.0000793774760373e-05, "wall": 2998.9}
{"arm": "transolver", "epoch": 188, "steps": 6022, "train": 0.11707050249600899, "val_mean": 0.3887405178636619, "val_worst": 0.8555802318053035, "lr": 1.0000000149593473e-05, "wall": 3000.6}
TRAIN OP COMPLETE
