./ckpt/variant.pkl: OK
./ckpt/control.pkl: OK
./run.sbatch: OK
./code/nda_arch.py: OK
./code/nda_benchmark.py: OK
./code/deps/multistage-precision/ms_parametric.py: OK
cell=nda_pbench_g98b_r8 commit=25e70b2ab074b90dd19ab4a679950f60158afef0 host=pax011 gpu=NVIDIA H200
jax_backend=gpu
{
  "pde": "poisson",
  "backend": "gpu",
  "device": "cuda:0",
  "precision": "f64/highest",
  "reps": 9,
  "warm": 3,
  "burn_seconds": 1.0,
  "points": [
    256,
    1280,
    2560,
    4096,
    65536,
    262144
  ],
  "jac_points": [
    256,
    1280,
    2560,
    4096
  ],
  "models": {
    "control": {
      "path": "control.pkl",
      "sha256": "46728f861c4f9246893f8224084787e90574f5fce87352130d094d12786109c3",
      "architecture": {
        "name": "film",
        "hidden": 128,
        "n_layers": 4,
        "z_ff": 0
      },
      "n_freq": 6,
      "k": 16,
      "n_params": 120769,
      "hard_bc": true
    },
    "variant": {
      "path": "variant.pkl",
      "sha256": "37f98ca7ac987c42e2739099c2d588574dffea40da4b04702ba02c28eaf6bb24",
      "architecture": {
        "name": "groupfilm",
        "hidden": 98,
        "n_layers": 4,
        "group_size": 2,
        "film_start": 0,
        "z_width": 64,
        "residual_scale": 0.5773502691896258,
        "warp_max_shift": 0.15,
        "warp_max_log_scale": 0.25,
        "z_ff": 0
      },
      "n_freq": 6,
      "k": 16,
      "n_params": 58419,
      "hard_bc": true
    }
  },
  "timings": {
    "control": {
      "forward_p256": {
        "all_s": [
          0.00010695820674300194,
          0.00010420987382531166,
          0.00010221684351563454,
          0.00010178098455071449,
          0.00010089995339512825,
          0.00010173069313168526,
          0.00010071368888020515,
          0.00010579219087958336,
          9.838072583079338e-05
        ],
        "median_s": 0.00010178098455071449,
        "mean_s": 0.00010252035119467312,
        "outliers_gt_1p5_median": 0
      },
      "forward_p1280": {
        "all_s": [
          0.00011801626533269882,
          0.00011569308117032051,
          0.0001163599081337452,
          0.00011517992243170738,
          0.00011476082727313042,
          0.00011431518942117691,
          0.00011291122063994408,
          0.00011672917753458023,
          0.00011590123176574707
        ],
        "median_s": 0.00011569308117032051,
        "mean_s": 0.00011554075818922784,
        "outliers_gt_1p5_median": 0
      },
      "forward_p2560": {
        "all_s": [
          0.00012293504551053047,
          0.00011964282020926476,
          0.00011861836537718773,
          0.0001183701679110527,
          0.0001178160309791565,
          0.00011947890743613243,
          0.00011788727715611458,
          0.00011867517605423927,
          0.0001178407110273838
        ],
        "median_s": 0.00011861836537718773,
        "mean_s": 0.00011902938907345136,
        "outliers_gt_1p5_median": 0
      },
      "forward_p4096": {
        "all_s": [
          0.00012904591858386993,
          0.0001256917603313923,
          0.0001240009441971779,
          0.00012341095134615898,
          0.00012212898582220078,
          0.00012330804020166397,
          0.00012223096564412117,
          0.00012174900621175766,
          0.00012431805953383446
        ],
        "median_s": 0.00012341095134615898,
        "mean_s": 0.0001239871813191308,
        "outliers_gt_1p5_median": 0
      },
      "forward_p65536": {
        "all_s": [
          0.00044605275616049767,
          0.00044240429997444153,
          0.0004425239749252796,
          0.0004515531472861767,
          0.00044290488585829735,
          0.0004363609477877617,
          0.00043884338811039925,
          0.0004411810077726841,
          0.00043880101293325424
        ],
        "median_s": 0.00044240429997444153,
        "mean_s": 0.00044229171342319914,
        "outliers_gt_1p5_median": 0
      },
      "forward_p262144": {
        "all_s": [
          0.0013632318004965782,
          0.0013649817556142807,
          0.0013695741072297096,
          0.001364951953291893,
          0.001360632013529539,
          0.0013561081141233444,
          0.0013608988374471664,
          0.0013633212074637413,
          0.0013591642491519451
        ],
        "median_s": 0.0013632318004965782,
        "mean_s": 0.0013625404487053554,
        "outliers_gt_1p5_median": 0
      },
      "jacobian_p256": {
        "all_s": [
          0.00015600072219967842,
          0.00015105074271559715,
          0.0001509999856352806,
          0.00014927983283996582,
          0.00015525799244642258,
          0.00015170592814683914,
          0.0001477561891078949,
          0.00015033595263957977,
          0.00014760391786694527
        ],
        "median_s": 0.0001509999856352806,
        "mean_s": 0.0001511101403998004,
        "outliers_gt_1p5_median": 0
      },
      "jacobian_p1280": {
        "all_s": [
          0.0002798819914460182,
          0.0002780021168291569,
          0.0002757408656179905,
          0.0002758391201496124,
          0.0002738991752266884,
          0.00028024613857269287,
          0.0002756379544734955,
          0.00027489475905895233,
          0.0002730749547481537
        ],
        "median_s": 0.0002757408656179905,
        "mean_s": 0.000276357452902529,
        "outliers_gt_1p5_median": 0
      },
      "jacobian_p2560": {
        "all_s": [
          0.0004375777207314968,
          0.0004367181099951267,
          0.0004337127320468426,
          0.0004400140605866909,
          0.00043558282777667046,
          0.0004394971765577793,
          0.0004339739680290222,
          0.0004359530285000801,
          0.00043137790635228157
        ],
        "median_s": 0.0004359530285000801,
        "mean_s": 0.0004360452811751101,
        "outliers_gt_1p5_median": 0
      },
      "jacobian_p4096": {
        "all_s": [
          0.0005951859056949615,
          0.0005952240899205208,
          0.0005952226929366589,
          0.0005951332859694958,
          0.0005947109311819077,
          0.0005908757448196411,
          0.0005873069167137146,
          0.0005926019512116909,
          0.0005929791368544102
        ],
        "median_s": 0.0005947109311819077,
        "mean_s": 0.0005932489617003335,
        "outliers_gt_1p5_median": 0
      }
    },
    "variant": {
      "forward_p256": {
        "all_s": [
          0.0001091579906642437,
          0.00010498333722352982,
          0.00010425318032503128,
          0.00010382384061813354,
          0.00010466715320944786,
          0.00010522082448005676,
          0.00010308530181646347,
          0.00010375818237662315,
          0.00010314397513866425
        ],
        "median_s": 0.00010425318032503128,
        "mean_s": 0.00010467708731691043,
        "outliers_gt_1p5_median": 0
      },
      "forward_p1280": {
        "all_s": [
          0.00011619506403803825,
          0.00011374615132808685,
          0.0001111975871026516,
          0.00011044694110751152,
          0.00011146022006869316,
          0.00011101085692644119,
          0.00011109327897429466,
          0.00011260528117418289,
          0.0001105600968003273
        ],
        "median_s": 0.0001111975871026516,
        "mean_s": 0.00011203505305780305,
        "outliers_gt_1p5_median": 0
      },
      "forward_p2560": {
        "all_s": [
          0.00012276601046323776,
          0.00012024817988276482,
          0.00012049917131662369,
          0.00011899415403604507,
          0.0001194290816783905,
          0.00011929497122764587,
          0.00011689215898513794,
          0.00011912919580936432,
          0.00012471573427319527
        ],
        "median_s": 0.0001194290816783905,
        "mean_s": 0.00012021873974137836,
        "outliers_gt_1p5_median": 0
      },
      "forward_p4096": {
        "all_s": [
          0.00013095326721668243,
          0.00012967828661203384,
          0.00012731598690152168,
          0.0001291516236960888,
          0.00012707524001598358,
          0.0001270403154194355,
          0.00012728478759527206,
          0.0001262100413441658,
          0.00012785522267222404
        ],
        "median_s": 0.00012731598690152168,
        "mean_s": 0.0001280627523859342,
        "outliers_gt_1p5_median": 0
      },
      "forward_p65536": {
        "all_s": [
          0.00042399996891617775,
          0.00042597902938723564,
          0.00041926000267267227,
          0.0004189196042716503,
          0.00041522225365042686,
          0.0004194239154458046,
          0.0004184972494840622,
          0.0004174942150712013,
          0.0004169153980910778
        ],
        "median_s": 0.0004189196042716503,
        "mean_s": 0.0004195235152211454,
        "outliers_gt_1p5_median": 0
      },
      "forward_p262144": {
        "all_s": [
          0.0012407531030476093,
          0.0012442795559763908,
          0.0012549357488751411,
          0.0012330631725490093,
          0.0012508840300142765,
          0.0012534568086266518,
          0.0012543299235403538,
          0.0012576449662446976,
          0.0012541171163320541
        ],
        "median_s": 0.0012534568086266518,
        "mean_s": 0.0012492738250229093,
        "outliers_gt_1p5_median": 0
      },
      "jacobian_p256": {
        "all_s": [
          0.0001509631983935833,
          0.0001473589800298214,
          0.00014590192586183548,
          0.00016410695388913155,
          0.00014425301924347878,
          0.0001458968035876751,
          0.00014466792345046997,
          0.00014485977590084076,
          0.00014430982992053032
        ],
        "median_s": 0.0001458968035876751,
        "mean_s": 0.0001480353789197074,
        "outliers_gt_1p5_median": 0
      },
      "jacobian_p1280": {
        "all_s": [
          0.0002636057324707508,
          0.0002581658773124218,
          0.00026112236082553864,
          0.0002597109414637089,
          0.0002574077807366848,
          0.00027930689975619316,
          0.000261625275015831,
          0.00025936309248209,
          0.00025975191965699196
        ],
        "median_s": 0.00025975191965699196,
        "mean_s": 0.0002622288755244679,
        "outliers_gt_1p5_median": 0
      },
      "jacobian_p2560": {
        "all_s": [
          0.0004079076461493969,
          0.00041298987343907356,
          0.00040376000106334686,
          0.0004026857204735279,
          0.000405358150601387,
          0.00040053296834230423,
          0.00040662987157702446,
          0.00040666619315743446,
          0.0004040328785777092
        ],
        "median_s": 0.000405358150601387,
        "mean_s": 0.00040561814482013386,
        "outliers_gt_1p5_median": 0
      },
      "jacobian_p4096": {
        "all_s": [
          0.0005498360842466354,
          0.000544253271073103,
          0.0005462341941893101,
          0.0005553490482270718,
          0.0005526761524379253,
          0.0005442667752504349,
          0.0005524358712136745,
          0.0005465149879455566,
          0.0005458849482238293
        ],
        "median_s": 0.0005465149879455566,
        "mean_s": 0.0005486057036452823,
        "outliers_gt_1p5_median": 0
      }
    },
    "variant_cached": {
      "forward_p256": {
        "all_s": [
          0.00010443991050124168,
          0.00010271789506077766,
          0.00010097306221723557,
          0.00010067597031593323,
          0.00010169809684157372,
          0.00010017910972237587,
          0.0001023109070956707,
          0.0001001632772386074,
          9.96636226773262e-05
        ],
        "median_s": 0.00010097306221723557,
        "mean_s": 0.000101424650185638,
        "outliers_gt_1p5_median": 0
      },
      "jacobian_p256": {
        "all_s": [
          0.00014570215716958046,
          0.00014343904331326485,
          0.00014248816296458244,
          0.00014141900464892387,
          0.00015585683286190033,
          0.00014114100486040115,
          0.00014071399345993996,
          0.0001397058367729187,
          0.0001392853446304798
        ],
        "median_s": 0.00014141900464892387,
        "mean_s": 0.00014330570896466574,
        "outliers_gt_1p5_median": 0
      },
      "forward_p1280": {
        "all_s": [
          0.00011683395132422447,
          0.00011015590280294418,
          0.00010684505105018616,
          0.00010760221630334854,
          0.00010679103434085846,
          0.0001070881262421608,
          0.00010664993897080421,
          0.00010647531598806381,
          0.00010598357766866684
        ],
        "median_s": 0.00010684505105018616,
        "mean_s": 0.00010826945718791749,
        "outliers_gt_1p5_median": 0
      },
      "jacobian_p1280": {
        "all_s": [
          0.00025662314146757126,
          0.00025910791009664536,
          0.00025236932560801506,
          0.0002516121603548527,
          0.0002520228736102581,
          0.0002458659000694752,
          0.00024663517251610756,
          0.00025286898016929626,
          0.00025200797244906425
        ],
        "median_s": 0.0002520228736102581,
        "mean_s": 0.0002521237151490317,
        "outliers_gt_1p5_median": 0
      },
      "forward_p2560": {
        "all_s": [
          0.00011698994785547256,
          0.00011444510892033577,
          0.00011462438851594925,
          0.00011409912258386612,
          0.00011300994083285332,
          0.00011282088235020638,
          0.00011410284787416458,
          0.00011401576921343803,
          0.00011253915727138519
        ],
        "median_s": 0.00011409912258386612,
        "mean_s": 0.00011407190726863014,
        "outliers_gt_1p5_median": 0
      },
      "jacobian_p2560": {
        "all_s": [
          0.0003896597772836685,
          0.00038279779255390167,
          0.00038196099922060966,
          0.0003798031248152256,
          0.0003783539868891239,
          0.00037993118166923523,
          0.0003790087066590786,
          0.00038198893889784813,
          0.00038118381053209305
        ],
        "median_s": 0.00038118381053209305,
        "mean_s": 0.00038163203539119824,
        "outliers_gt_1p5_median": 0
      },
      "forward_p4096": {
        "all_s": [
          0.00012513482943177223,
          0.0001220819540321827,
          0.00012167403474450111,
          0.00012221978977322578,
          0.0001228582113981247,
          0.00012172525748610497,
          0.00012081209570169449,
          0.00011988123878836632,
          0.00011844607070088387
        ],
        "median_s": 0.00012172525748610497,
        "mean_s": 0.00012164816467298401,
        "outliers_gt_1p5_median": 0
      },
      "jacobian_p4096": {
        "all_s": [
          0.0005295067094266415,
          0.0005331519059836864,
          0.0005282028578221798,
          0.0005275346338748932,
          0.0005280408076941967,
          0.0005288436077535152,
          0.0005271187983453274,
          0.0005293427966535091,
          0.0005259825848042965
        ],
        "median_s": 0.0005282028578221798,
        "mean_s": 0.0005286360780398051,
        "outliers_gt_1p5_median": 0
      },
      "forward_p65536": {
        "all_s": [
          0.00037779100239276886,
          0.0003716968931257725,
          0.00036855926737189293,
          0.00036791805177927017,
          0.00036851782351732254,
          0.0003670179285109043,
          0.0003672163002192974,
          0.0003654290921986103,
          0.0003677201457321644
        ],
        "median_s": 0.00036791805177927017,
        "mean_s": 0.00036909627831644483,
        "outliers_gt_1p5_median": 0
      },
      "forward_p262144": {
        "all_s": [
          0.0010583880357444286,
          0.0010623871348798275,
          0.0010552112944424152,
          0.001058455090969801,
          0.0010538590140640736,
          0.0010581542737782001,
          0.00105731887742877,
          0.0010556941851973534,
          0.0010600951500236988
        ],
        "median_s": 0.0010581542737782001,
        "mean_s": 0.0010577292285031742,
        "outliers_gt_1p5_median": 0
      }
    }
  },
  "checks": {
    "raw_vs_cached_max_relative": 2.2248477564714194e-16
  }
}
ALL-DONE
