host=pax050 source_commit=beffbb1b2e5635c5074ff4e7f6ef175d7311765a
NVIDIA A100 80GB PCIe, 81920 MiB
10.235.106.24:/projects/paralab  4.6T  4.2T  399G  92% /cluster/tufts/paralab
jax_backend=gpu
GATE S0: PASS backend=gpu
GATE B-RANKCAP: PASS g_hidden=512 R=256 structural_rank_bound=256
GATE B-DATA_dev_N256: PASS expected=f69ca8e8762150ebfbe4c409acc001859681bb3a1c3ac60c8a03a67d030a023d got=f69ca8e8762150ebfbe4c409acc001859681bb3a1c3ac60c8a03a67d030a023d seconds=7.969e+01 mode=hash
GATE B-DATA_train_N256: PASS expected=4ce80fafbf1f1333f59963703684756327764236f811e71e2bb48bebf59ba12c got=4ce80fafbf1f1333f59963703684756327764236f811e71e2bb48bebf59ba12c seconds=6.201e+02 mode=hash
DATA train (512, 26, 65536) dev (64, 26, 65536) in 700s
   train[K16R256] step      1/100000  rel-MSE 2.675e+00  [12s]
   train[K16R256] step   1000/100000  rel-MSE 1.131e-01  [149s]
   train[K16R256] step   2000/100000  rel-MSE 6.800e-02  [294s]
   train[K16R256] step   3000/100000  rel-MSE 4.478e-02  [438s]
   train[K16R256] step   4000/100000  rel-MSE 3.390e-02  [583s]
   train[K16R256] step   5000/100000  rel-MSE 2.768e-02  [727s]
   train[K16R256] step   6000/100000  rel-MSE 2.306e-02  [870s]
   train[K16R256] step   7000/100000  rel-MSE 2.037e-02  [1013s]
   train[K16R256] step   8000/100000  rel-MSE 1.656e-02  [1156s]
   train[K16R256] step   9000/100000  rel-MSE 1.517e-02  [1298s]
   train[K16R256] step  10000/100000  rel-MSE 1.319e-02  [1442s]
   train[K16R256] step  11000/100000  rel-MSE 1.267e-02  [1585s]
   train[K16R256] step  12000/100000  rel-MSE 1.180e-02  [1729s]
   train[K16R256] step  13000/100000  rel-MSE 1.065e-02  [1873s]
   train[K16R256] step  14000/100000  rel-MSE 9.587e-03  [2018s]
   train[K16R256] step  15000/100000  rel-MSE 9.124e-03  [2164s]
   train[K16R256] step  16000/100000  rel-MSE 8.941e-03  [2309s]
   train[K16R256] step  17000/100000  rel-MSE 8.350e-03  [2453s]
   train[K16R256] step  18000/100000  rel-MSE 7.659e-03  [2598s]
   train[K16R256] step  19000/100000  rel-MSE 7.474e-03  [2741s]
   train[K16R256] step  20000/100000  rel-MSE 7.387e-03  [2886s]
   train[K16R256] step  21000/100000  rel-MSE 7.146e-03  [3030s]
   train[K16R256] step  22000/100000  rel-MSE 6.607e-03  [3174s]
   train[K16R256] step  23000/100000  rel-MSE 7.046e-03  [3318s]
   train[K16R256] step  24000/100000  rel-MSE 6.265e-03  [3463s]
   train[K16R256] step  25000/100000  rel-MSE 6.138e-03  [3607s]
   train[K16R256] step  26000/100000  rel-MSE 5.931e-03  [3751s]
   train[K16R256] step  27000/100000  rel-MSE 5.589e-03  [3894s]
   train[K16R256] step  28000/100000  rel-MSE 5.641e-03  [4038s]
   train[K16R256] step  29000/100000  rel-MSE 5.398e-03  [4181s]
   train[K16R256] step  30000/100000  rel-MSE 5.659e-03  [4325s]
   train[K16R256] step  31000/100000  rel-MSE 5.409e-03  [4468s]
   train[K16R256] step  32000/100000  rel-MSE 4.963e-03  [4612s]
   train[K16R256] step  33000/100000  rel-MSE 4.837e-03  [4756s]
   train[K16R256] step  34000/100000  rel-MSE 5.177e-03  [4899s]
   train[K16R256] step  35000/100000  rel-MSE 4.858e-03  [5043s]
   train[K16R256] step  36000/100000  rel-MSE 4.650e-03  [5187s]
   train[K16R256] step  37000/100000  rel-MSE 4.761e-03  [5331s]
   train[K16R256] step  38000/100000  rel-MSE 4.451e-03  [5477s]
   train[K16R256] step  39000/100000  rel-MSE 4.462e-03  [5621s]
   train[K16R256] step  40000/100000  rel-MSE 4.416e-03  [5766s]
   train[K16R256] step  41000/100000  rel-MSE 4.306e-03  [5910s]
   train[K16R256] step  42000/100000  rel-MSE 4.316e-03  [6054s]
   train[K16R256] step  43000/100000  rel-MSE 4.275e-03  [6199s]
   train[K16R256] step  44000/100000  rel-MSE 4.291e-03  [6344s]
   train[K16R256] step  45000/100000  rel-MSE 4.129e-03  [6488s]
   train[K16R256] step  46000/100000  rel-MSE 4.002e-03  [6631s]
   train[K16R256] step  47000/100000  rel-MSE 4.003e-03  [6775s]
   train[K16R256] step  48000/100000  rel-MSE 4.013e-03  [6918s]
   train[K16R256] step  49000/100000  rel-MSE 3.956e-03  [7062s]
   train[K16R256] step  50000/100000  rel-MSE 4.040e-03  [7206s]
   train[K16R256] step  51000/100000  rel-MSE 3.872e-03  [7350s]
   train[K16R256] step  52000/100000  rel-MSE 3.798e-03  [7494s]
   train[K16R256] step  53000/100000  rel-MSE 3.746e-03  [7639s]
   train[K16R256] step  54000/100000  rel-MSE 3.751e-03  [7783s]
   train[K16R256] step  55000/100000  rel-MSE 3.735e-03  [7928s]
   train[K16R256] step  56000/100000  rel-MSE 3.679e-03  [8072s]
   train[K16R256] step  57000/100000  rel-MSE 3.644e-03  [8217s]
   train[K16R256] step  58000/100000  rel-MSE 3.615e-03  [8361s]
   train[K16R256] step  59000/100000  rel-MSE 3.538e-03  [8505s]
   train[K16R256] step  60000/100000  rel-MSE 3.526e-03  [8650s]
   train[K16R256] step  61000/100000  rel-MSE 3.506e-03  [8794s]
   train[K16R256] step  62000/100000  rel-MSE 3.473e-03  [8939s]
   train[K16R256] step  63000/100000  rel-MSE 3.500e-03  [9082s]
   train[K16R256] step  64000/100000  rel-MSE 3.445e-03  [9226s]
   train[K16R256] step  65000/100000  rel-MSE 3.445e-03  [9370s]
   train[K16R256] step  66000/100000  rel-MSE 3.385e-03  [9514s]
   train[K16R256] step  67000/100000  rel-MSE 3.378e-03  [9659s]
   train[K16R256] step  68000/100000  rel-MSE 3.342e-03  [9803s]
   train[K16R256] step  69000/100000  rel-MSE 3.336e-03  [9948s]
   train[K16R256] step  70000/100000  rel-MSE 3.343e-03  [10092s]
   train[K16R256] step  71000/100000  rel-MSE 3.321e-03  [10235s]
   train[K16R256] step  72000/100000  rel-MSE 3.274e-03  [10379s]
   train[K16R256] step  73000/100000  rel-MSE 3.252e-03  [10524s]
   train[K16R256] step  74000/100000  rel-MSE 3.278e-03  [10670s]
   train[K16R256] step  75000/100000  rel-MSE 3.246e-03  [10814s]
   train[K16R256] step  76000/100000  rel-MSE 3.214e-03  [10960s]
   train[K16R256] step  77000/100000  rel-MSE 3.199e-03  [11104s]
   train[K16R256] step  78000/100000  rel-MSE 3.191e-03  [11249s]
   train[K16R256] step  79000/100000  rel-MSE 3.177e-03  [11393s]
   train[K16R256] step  80000/100000  rel-MSE 3.160e-03  [11538s]
   train[K16R256] step  81000/100000  rel-MSE 3.151e-03  [11683s]
   train[K16R256] step  82000/100000  rel-MSE 3.149e-03  [11828s]
   train[K16R256] step  83000/100000  rel-MSE 3.134e-03  [11973s]
   train[K16R256] step  84000/100000  rel-MSE 3.124e-03  [12118s]
   train[K16R256] step  85000/100000  rel-MSE 3.118e-03  [12262s]
   train[K16R256] step  86000/100000  rel-MSE 3.105e-03  [12407s]
   train[K16R256] step  87000/100000  rel-MSE 3.098e-03  [12552s]
   train[K16R256] step  88000/100000  rel-MSE 3.090e-03  [12697s]
   train[K16R256] step  89000/100000  rel-MSE 3.080e-03  [12842s]
   train[K16R256] step  90000/100000  rel-MSE 3.073e-03  [12987s]
   train[K16R256] step  91000/100000  rel-MSE 3.065e-03  [13132s]
   train[K16R256] step  92000/100000  rel-MSE 3.058e-03  [13277s]
   train[K16R256] step  93000/100000  rel-MSE 3.053e-03  [13422s]
   train[K16R256] step  94000/100000  rel-MSE 3.044e-03  [13566s]
   train[K16R256] step  95000/100000  rel-MSE 3.038e-03  [13712s]
   train[K16R256] step  96000/100000  rel-MSE 3.032e-03  [13857s]
   train[K16R256] step  97000/100000  rel-MSE 3.025e-03  [14003s]
   train[K16R256] step  98000/100000  rel-MSE 3.019e-03  [14148s]
   train[K16R256] step  99000/100000  rel-MSE 3.013e-03  [14292s]
   train[K16R256] step 100000/100000  rel-MSE 3.007e-03  [14437s]
   train[K16R256] done: recon rel-L2 mean 5.296e-02 max 1.491e-01  [14443s]
GATE H-TRAIN: PASS recon_mean=5.296e-02 recon_median=5.034e-02 recon_max=1.491e-01 seconds=1.444e+04
GATE B-DATA_dev_N64: PASS expected=76bb1790da52cb62c1acec42d37e85cb392c6015bc54d369c441b641819d1180 got=76bb1790da52cb62c1acec42d37e85cb392c6015bc54d369c441b641819d1180 seconds=5.889e+01 mode=hash
GATE B-ORTH_N64: PASS rank=256 cond_Rb=4.442e+01 mean_abs_colmean=8.161e-17
GATE B-FLOOR_N64: PASS bank_worst_evolved=1.405e-01 podR_worst_evolved=1.307e-01 ratio=1.075e+00 bank_median=3.607e-02 podR_median=3.233e-02 podK_worst_evolved=6.723e-01 podK_median=3.244e-01
GATE H-ORACLE_N64: FAIL oracle_median=2.034e-01 podK_median=2.417e-01 ratio_podK_over_oracle=1.188e+00 bank_floor_median=1.180e-02 oracle_worst=5.507e-01
GATE H-SOLVED_N64: PASS single_start_median=2.226e-01 oracle_median=2.034e-01
GATE B-DATA_dev_N128: PASS expected=b82e69bc9c5d21fbc29dd6a247e86ad775673648a5f746d7f21f8bcd4e8f8a80 got=b82e69bc9c5d21fbc29dd6a247e86ad775673648a5f746d7f21f8bcd4e8f8a80 seconds=7.307e+01 mode=hash
GATE B-ORTH_N128: PASS rank=256 cond_Rb=4.442e+01 mean_abs_colmean=8.268e-17
GATE B-FLOOR_N128: PASS bank_worst_evolved=1.409e-01 podR_worst_evolved=1.302e-01 ratio=1.083e+00 bank_median=3.664e-02 podR_median=3.269e-02 podK_worst_evolved=6.710e-01 podK_median=3.244e-01
GATE H-ORACLE_N128: FAIL oracle_median=2.026e-01 podK_median=2.404e-01 ratio_podK_over_oracle=1.187e+00 bank_floor_median=1.219e-02 oracle_worst=5.509e-01
GATE H-SOLVED_N128: PASS single_start_median=2.230e-01 oracle_median=2.026e-01
GATE B-ORTH_N256: PASS rank=256 cond_Rb=4.442e+01 mean_abs_colmean=8.729e-17
GATE B-FLOOR_N256: PASS bank_worst_evolved=1.408e-01 podR_worst_evolved=1.303e-01 ratio=1.081e+00 bank_median=3.666e-02 podR_median=3.275e-02 podK_worst_evolved=6.707e-01 podK_median=3.244e-01
GATE H-ORACLE_N256: FAIL oracle_median=2.024e-01 podK_median=2.402e-01 ratio_podK_over_oracle=1.187e+00 bank_floor_median=1.224e-02 oracle_worst=5.509e-01
GATE H-SOLVED_N256: PASS single_start_median=2.231e-01 oracle_median=2.024e-01
PHASE2 done in 16834s; all_passed=False; failed=['H-ORACLE_N64', 'H-ORACLE_N128', 'H-ORACLE_N256']
ALL-DONE
