host=pax050 gpu=NVIDIA A100 80GB PCIe, 81920 MiB
jax_backend=gpu
stage MANIFEST OK
commit=003d1387c82fd8885792a4cb6aa90397cf5dd93a
[01:50:30] phase-2 head gates N=64 BC=abs R=64 STEPS=40000 SMOKE=0 backend=gpu
[01:50:33]   data loaded from cache /cluster/tufts/paralab/tawal01/wav2d/p2fix_n64_abs/cache/data_abs_N64_tr512_te16.npz (sha256 f2dd9b7c57ac)
[01:50:37]   bank R=64 (eigh) in 4s: sigma_R/sigma_1 1.654e-02, gap 0.964
[01:50:59]   D0    PASS  orth 1.05e-14 (control 8.00e+00), floor bank/indep 0.0256/0.0256 reldiff 2.8e-13, metric 1.6e-14
[01:50:59] == head arm sup (K=6) ==
[01:51:00]   loaded cached head /cluster/tufts/paralab/tawal01/wav2d/p2fix_n64_abs/cache/head_abs_N64_R64_sup_s40000.npz
[01:51:04]   oracle: 816 held-out + 816 train rows in 4s
[01:51:37]   D1 controls (untrained, shuffled) trained+evaluated in 33s
[01:51:37]   D1    PASS  value=2.655e-01 thr=5.0e-01  control=7.640e+00 fired=True  [held-out oracle / POD-K, medians (0.1252 / 0.4716); bank ceiling POD-R 0.0177; control: UNTRAINED head's oracle 0.9568 must be >= 1.3x the trained head's (retraction 5); shuffled-target head 0.4253 reported (vacuous for free-code arms); FiLM 08-14 comparator NOT recomputed in this pass]
[01:51:48]   D2    PASS  value=-2.492e-03 thr=-1.0e-08  control=-0.000e+00 fired=True  [-(min sigma_min/sigma_max of J_h) over train codes (2.49e-03) and oracle points (4.21e-03); control: duplicated latent coordinate reads 0.0e+00 (must be ~0)]
[01:52:21]   G0a   PASS  value=5.473e-01 thr=1.0e+00  control=1.092e+01 fired=True  [max(ratio/1.5, absgap/0.05): held-out 0.1252 vs train 0.1526, ratio 0.821, gap -0.0273; control: overfit head (4 trajectories) held-out 0.7166 vs train 0.1706, ratio 4.200, gap 0.5460 (retraction 6)]
[01:52:21]   G0b   PASS  value=3.172e-01 thr=1.0e+00  control=1.218e+00 fired=True  [tangent-space velocity residual (median 0.2503) / POD-K on the same 788 states (median 0.7894); J_h ranks [6]; nonfinite states 0 (any -> FAIL); control: random K-dim tangent / POD-K (median 0.961) must be >= 1.2]
[01:52:21]   G0 PASS (predicted PASS)
[01:52:21] == head arm auto (K=8) ==
[01:52:21]   loaded cached head /cluster/tufts/paralab/tawal01/wav2d/p2fix_n64_abs/cache/head_abs_N64_R64_auto_s40000.npz
[01:52:23]   oracle: 816 held-out + 816 train rows in 2s
[01:52:46]   D1 controls (untrained, shuffled) trained+evaluated in 23s
[01:52:46]   D1    PASS  value=2.183e-01 thr=5.0e-01  control=1.262e+01 fired=True  [held-out oracle / POD-K, medians (0.0746 / 0.3419); bank ceiling POD-R 0.0177; control: UNTRAINED head's oracle 0.9422 must be >= 1.3x the trained head's (retraction 5); shuffled-target head 0.1129 reported (vacuous for free-code arms); FiLM 08-14 comparator NOT recomputed in this pass]
[01:52:56]   D2    PASS  value=-8.208e-02 thr=-1.0e-08  control=-0.000e+00 fired=True  [-(min sigma_min/sigma_max of J_h) over train codes (8.21e-02) and oracle points (1.20e-01); control: duplicated latent coordinate reads 0.0e+00 (must be ~0)]
[01:53:19]   G0a   PASS  value=6.581e-01 thr=1.0e+00  control=1.659e+01 fired=True  [max(ratio/1.5, absgap/0.05): held-out 0.0746 vs train 0.0756, ratio 0.987, gap -0.0010; control: overfit head (4 trajectories) held-out 0.6950 vs train 0.0279, ratio 24.880, gap 0.6671 (retraction 6)]
[01:53:19]   G0b   PASS  value=4.368e-01 thr=1.0e+00  control=1.375e+00 fired=True  [tangent-space velocity residual (median 0.3009) / POD-K on the same 788 states (median 0.6890); J_h ranks [8]; nonfinite states 0 (any -> FAIL); control: random K-dim tangent / POD-K (median 0.947) must be >= 1.2]
[01:53:19]   G0 PASS (predicted FAIL)
[01:53:19] == head arm auto+vc (K=8) ==
[01:53:19]   loaded cached head /cluster/tufts/paralab/tawal01/wav2d/p2fix_n64_abs/cache/head_abs_N64_R64_autovc_s40000.npz
[01:53:20]   oracle: 816 held-out + 816 train rows in 1s
[01:54:03]   D1 controls (untrained, shuffled) trained+evaluated in 42s
[01:54:03]   D1    PASS  value=2.222e-01 thr=5.0e-01  control=1.242e+01 fired=True  [held-out oracle / POD-K, medians (0.0760 / 0.3419); bank ceiling POD-R 0.0177; control: UNTRAINED head's oracle 0.9436 must be >= 1.3x the trained head's (retraction 5); shuffled-target head 0.7067 reported (vacuous for free-code arms); FiLM 08-14 comparator NOT recomputed in this pass]
[01:54:03]   D2    PASS  value=-9.528e-02 thr=-1.0e-08  control=-0.000e+00 fired=True  [-(min sigma_min/sigma_max of J_h) over train codes (9.53e-02) and oracle points (1.19e-01); control: duplicated latent coordinate reads 0.0e+00 (must be ~0)]
[01:54:42]   G0a   PASS  value=6.307e-01 thr=1.0e+00  control=1.274e+01 fired=True  [max(ratio/1.5, absgap/0.05): held-out 0.0760 vs train 0.0803, ratio 0.946, gap -0.0043; control: overfit head (4 trajectories) held-out 0.6979 vs train 0.0607, ratio 11.501, gap 0.6372 (retraction 6)]
[01:54:42]   G0b   PASS  value=3.565e-01 thr=1.0e+00  control=1.375e+00 fired=True  [tangent-space velocity residual (median 0.2457) / POD-K on the same 788 states (median 0.6890); J_h ranks [8]; nonfinite states 0 (any -> FAIL); control: random K-dim tangent / POD-K (median 0.947) must be >= 1.2]
[01:54:42]   G0 PASS (predicted PASS)
[01:54:42] phase 2 done (253s) -> /cluster/tufts/paralab/tawal01/wav2d/p2fix_n64_abs/out/wav2d_head_gates_abs_N64_R64.json
[01:54:45] phase-3 ROM gates N=64 BC=abs R=64 M=64 RS=[8, 20, 40] heads=['sup', 'auto', 'auto+vc'] SMOKE=0 backend=gpu
[01:54:47]   W1     PASS  value=1.229e-15 thr=1.0e-12  control=3.825e-01 fired=True  [||A + Lambda B||/||A|| with the M-weighted tables; control: unweighted Phi^T L G (fires for 'abs' where L_N is not Euclidean-symmetric; identical for 'ref', reported)]
[01:54:47]   W1C    PASS  value=-3.619e-02 thr=-1.0e-02  [-(|| (c dt/2) C dh || / || B dh ||) on a face-supported bump at RS=8: the damping term must be >= 1e-2 of the mass term (value 3.619e-02); this is what kills the diagonal shortcut]
[01:54:52]   4T FOM references (200 intervals x 16) in 5s
[01:54:54]   same-dt FOM error at RS=8: median 1.268e-03
[01:54:58]   same-dt FOM error at RS=20: median 2.148e-04
[01:55:03]   same-dt FOM error at RS=40: median 4.319e-05
[01:55:21] == head sup (K=6) ==
[01:55:24]   W0     PASS  value=1.109e-15 thr=1.0e-12  control=1.000e-08 fired=True  [Petrov-table residual vs decode->SOLVER STENCIL+damping rows->Phi^T M: 32 random states (relative, 1.1e-15) and 23 captured arm-A solves (backward-error normalised by ||B h_n||, 7.4e-17); control: B perturbed by 1e-8]
[01:55:24]   W0g    PASS  value=1.147e-09 thr=1.0e-07  [analytic Jacobian-vector product vs central FD of the FULL-GRID residual (independent path)]
[01:55:24]   W7     PASS  value=3.953e-13 thr=1.0e-11  control=5.611e-01 fired=True  [arm C with h = [I_K;0] z vs the independent POD-K damped Verlet, RS=8, complete=True; CFL c dt sqrt(lam_max) = 0.129; control: traveling pulse (|qv0| = 1.09e+00) with zdot_0 dropped]
[01:57:28]   arm A RS=8: 16/16 complete in 123s, err_T median 0.1199 (floor 0.1252, POD-K 0.4716, same-dt FOM 1.27e-03), err_4T 0.1721, E ratio 0.8711
[02:00:40]   arm A RS=20: 12/16 complete in 192s
[02:04:54]   arm A RS=40: 8/16 complete in 254s
[02:05:21]   arm C RS=8: 16/16 complete in 27s, err_T median 0.1619 (floor 0.1252, POD-K 0.4716, same-dt FOM 1.27e-03), err_4T 0.2459, E ratio 0.0085
[02:06:24]   arm C RS=20: 16/16 complete in 63s, err_T median 0.1620 (floor 0.1252, POD-K 0.4716, same-dt FOM 2.15e-04), err_4T 0.2583, E ratio 0.0093
[02:08:25]   arm C RS=40: 16/16 complete in 121s, err_T median 0.1620 (floor 0.1252, POD-K 0.4716, same-dt FOM 4.32e-05), err_4T 0.2801, E ratio 0.0076
[02:08:26]   W6C    FAIL  value=4.533e-05 thr=2.0e-01  control=1.842e-01 fired=False  [arm C: spread of the median ROM-floor excess over RS>=20 relative to its mean; excess per RS [(8, 0.03792), (20, 0.0379), (40, 0.0379)]; control (AMENDMENT 8: a first-order integrator on the linear POD-K subspace, where the time-step error is not masked by manifold error; the design's RS=1 mutation of the ROM arm cannot fire when the manifold error dominates): POD-K BE excess over the POD-K floor {8: 0.8488224558293478, 40: 1.0405157921321553} must differ by > 20% between RS=8 and 40 (POD-K CN excess {8: 0.14756653059768793, 40: 0.14755235928846655} for reference)]
[02:08:27]   W6A    FAIL  value=nan thr=2.0e-01  control=1.842e-01 fired=False  [arm A: spread of the median ROM-floor excess over RS>=20 relative to its mean; excess per RS [(8, 0.02119), (20, nan), (40, nan)]; control (AMENDMENT 8: a first-order integrator on the linear POD-K subspace, where the time-step error is not masked by manifold error; the design's RS=1 mutation of the ROM arm cannot fire when the manifold error dominates): POD-K BE excess over the POD-K floor {8: 0.8488224558293478, 40: 1.0405157921321553} must differ by > 20% between RS=8 and 40 (POD-K CN excess {8: 0.14756653059768793, 40: 0.14755235928846655} for reference)]
[02:08:27]   W3-A   PASS  value=6.381e-01 thr=1.0e+00  control=2.561e+02 fired=True  [arm A RS=8 (finest complete): err_T/floor 0.957 (<=1.5), err_4T/floor 0.590 (<=1.5), err_T/POD-K-CN 0.183 (<=0.5), err_4T/POD-K-CN 0.227 (<=0.5), pre-exit err/floor (E0-normalised) 0.467 (<=1.5); post-exit err/sqrt(E0) median 1.163e-02 and mean-field err median 1.29e-02 reported; control: wrong-sign stiffness (K -> -K) error must exceed 1 (control complete: False; a diverged control is recorded as nonfinite, not as fired)]
[02:08:29]   W3-C   PASS  value=8.625e-01 thr=1.0e+00  control=4.955e+09 fired=True  [arm C RS=40 (finest complete): err_T/floor 1.294 (<=1.5), err_4T/floor 0.959 (<=1.5), err_T/POD-K-CN 0.247 (<=0.5), err_4T/POD-K-CN 0.369 (<=0.5), pre-exit err/floor (E0-normalised) 0.527 (<=1.5); post-exit err/sqrt(E0) median 1.450e-02 and mean-field err median 1.48e-02 reported; control: wrong-sign stiffness (K -> -K) error must exceed 1 (control complete: True; a diverged control is recorded as nonfinite, not as fired)]
[02:08:49]   G0c    PASS  value=4.123e-01 thr=5.0e-01  control=3.064e+00 fired=True  [stepdiag from oracle starts (arm C, RS=20, 4 launch times x 16 traj): median excess over the destination floor at H=10 / median floor; excess per H [(1, 0.00017), (2, 0.00121), (5, 0.00866), (10, 0.02597)]; floor per H [(1, 0.07397), (2, 0.06614), (5, 0.06025), (10, 0.06299)]; hold comparator per H [(1, 0.1479), (2, 0.2834), (5, 0.6568), (10, 0.998)]; nonfinite launches: 0 (any -> FAIL); control: wrong-sign stiffness at H=10 (read at its last finite state if diverged) must exceed 1]
[02:08:50] == head auto (K=8) ==
[02:08:52]   W0     PASS  value=8.032e-16 thr=1.0e-12  control=9.993e-09 fired=True  [Petrov-table residual vs decode->SOLVER STENCIL+damping rows->Phi^T M: 32 random states (relative, 8.0e-16) and 23 captured arm-A solves (backward-error normalised by ||B h_n||, 7.8e-17); control: B perturbed by 1e-8]
[02:08:52]   W0g    PASS  value=4.731e-09 thr=1.0e-07  [analytic Jacobian-vector product vs central FD of the FULL-GRID residual (independent path)]
[02:08:52]   W7     PASS  value=1.441e-12 thr=1.0e-11  control=5.691e-01 fired=True  [arm C with h = [I_K;0] z vs the independent POD-K damped Verlet, RS=8, complete=True; CFL c dt sqrt(lam_max) = 0.129; control: traveling pulse (|qv0| = 1.32e+00) with zdot_0 dropped]
[02:11:32]   arm A RS=8: 16/16 complete in 160s, err_T median 0.2163 (floor 0.0746, POD-K 0.3419, same-dt FOM 1.27e-03), err_4T 0.2521, E ratio 1.6197
[02:13:50]   arm A RS=20: 7/16 complete in 138s
[02:14:45]   arm A RS=40: 1/16 complete in 55s
[02:15:10]   arm C RS=8: 16/16 complete in 25s, err_T median 0.2452 (floor 0.0746, POD-K 0.3419, same-dt FOM 1.27e-03), err_4T 0.2871, E ratio 0.0092
[02:16:11]   arm C RS=20: 16/16 complete in 60s, err_T median 0.2457 (floor 0.0746, POD-K 0.3419, same-dt FOM 2.15e-04), err_4T 0.2871, E ratio 0.0092
[02:18:06]   arm C RS=40: 16/16 complete in 115s, err_T median 0.2458 (floor 0.0746, POD-K 0.3419, same-dt FOM 4.32e-05), err_4T 0.2871, E ratio 0.0092
[02:18:07]   W6C    FAIL  value=5.688e-06 thr=2.0e-01  control=1.704e-01 fired=False  [arm C: spread of the median ROM-floor excess over RS>=20 relative to its mean; excess per RS [(8, 0.16281), (20, 0.1628), (40, 0.1628)]; control (AMENDMENT 8: a first-order integrator on the linear POD-K subspace, where the time-step error is not masked by manifold error; the design's RS=1 mutation of the ROM arm cannot fire when the manifold error dominates): POD-K BE excess over the POD-K floor {8: 0.9958639603591875, 40: 1.2004702523756534} must differ by > 20% between RS=8 and 40 (POD-K CN excess {8: 0.19681182288088978, 40: 0.19677846483950598} for reference)]
[02:18:07]   W6A    FAIL  value=nan thr=2.0e-01  control=1.704e-01 fired=False  [arm A: spread of the median ROM-floor excess over RS>=20 relative to its mean; excess per RS [(8, 0.12901), (20, nan), (40, nan)]; control (AMENDMENT 8: a first-order integrator on the linear POD-K subspace, where the time-step error is not masked by manifold error; the design's RS=1 mutation of the ROM arm cannot fire when the manifold error dominates): POD-K BE excess over the POD-K floor {8: 0.9958639603591875, 40: 1.2004702523756534} must differ by > 20% between RS=8 and 40 (POD-K CN excess {8: 0.19681182288088978, 40: 0.19677846483950598} for reference)]
[02:18:08]   W3-A   FAIL  value=2.214e+00 thr=1.0e+00  control=1.273e+02 fired=True  [arm A RS=8 (finest complete): err_T/floor 2.898 (<=1.5), err_4T/floor 3.321 (<=1.5), err_T/POD-K-CN 0.400 (<=0.5), err_4T/POD-K-CN 0.389 (<=0.5), pre-exit err/floor (E0-normalised) 1.518 (<=1.5); post-exit err/sqrt(E0) median 8.316e-03 and mean-field err median 1.54e-02 reported; control: wrong-sign stiffness (K -> -K) error must exceed 1 (control complete: False; a diverged control is recorded as nonfinite, not as fired)]
[02:18:09]   W3-C   FAIL  value=2.521e+00 thr=1.0e+00  control=1.565e+11 fired=True  [arm C RS=40 (finest complete): err_T/floor 3.293 (<=1.5), err_4T/floor 3.782 (<=1.5), err_T/POD-K-CN 0.454 (<=0.5), err_4T/POD-K-CN 0.443 (<=0.5), pre-exit err/floor (E0-normalised) 1.793 (<=1.5); post-exit err/sqrt(E0) median 1.740e-02 and mean-field err median 2.35e-02 reported; control: wrong-sign stiffness (K -> -K) error must exceed 1 (control complete: True; a diverged control is recorded as nonfinite, not as fired)]
[02:18:29]   G0c    PASS  value=4.543e-01 thr=5.0e-01  control=6.009e+00 fired=True  [stepdiag from oracle starts (arm C, RS=20, 4 launch times x 16 traj): median excess over the destination floor at H=10 / median floor; excess per H [(1, 0.00037), (2, 0.00253), (5, 0.01781), (10, 0.03237)]; floor per H [(1, 0.08708), (2, 0.08211), (5, 0.07239), (10, 0.07126)]; hold comparator per H [(1, 0.1561), (2, 0.2798), (5, 0.6625), (10, 0.9971)]; nonfinite launches: 0 (any -> FAIL); control: wrong-sign stiffness at H=10 (read at its last finite state if diverged) must exceed 1]
[02:18:29] == head auto+vc (K=8) ==
[02:18:30]   W0     PASS  value=7.747e-16 thr=1.0e-12  control=9.994e-09 fired=True  [Petrov-table residual vs decode->SOLVER STENCIL+damping rows->Phi^T M: 32 random states (relative, 7.7e-16) and 23 captured arm-A solves (backward-error normalised by ||B h_n||, 7.3e-17); control: B perturbed by 1e-8]
[02:18:30]   W0g    PASS  value=3.960e-09 thr=1.0e-07  [analytic Jacobian-vector product vs central FD of the FULL-GRID residual (independent path)]
[02:18:30]   W7     PASS  value=1.441e-12 thr=1.0e-11  control=5.691e-01 fired=True  [arm C with h = [I_K;0] z vs the independent POD-K damped Verlet, RS=8, complete=True; CFL c dt sqrt(lam_max) = 0.129; control: traveling pulse (|qv0| = 1.32e+00) with zdot_0 dropped]
[02:21:15]   arm A RS=8: 16/16 complete in 165s, err_T median 0.1814 (floor 0.0760, POD-K 0.3419, same-dt FOM 1.27e-03), err_4T 0.3649, E ratio 1.7012
[02:23:51]   arm A RS=20: 8/16 complete in 156s
[02:24:12]   arm A RS=40: 0/16 complete in 21s
[02:24:39]   arm C RS=8: 16/16 complete in 26s, err_T median 0.2268 (floor 0.0760, POD-K 0.3419, same-dt FOM 1.27e-03), err_4T 0.3791, E ratio 0.0074
[02:25:40]   arm C RS=20: 16/16 complete in 61s, err_T median 0.2266 (floor 0.0760, POD-K 0.3419, same-dt FOM 2.15e-04), err_4T 0.3790, E ratio 0.0074
[02:27:37]   arm C RS=40: 16/16 complete in 117s, err_T median 0.2265 (floor 0.0760, POD-K 0.3419, same-dt FOM 4.32e-05), err_4T 0.3789, E ratio 0.0074
[02:27:38]   W6C    FAIL  value=8.791e-05 thr=2.0e-01  control=1.704e-01 fired=False  [arm C: spread of the median ROM-floor excess over RS>=20 relative to its mean; excess per RS [(8, 0.13996), (20, 0.13987), (40, 0.13986)]; control (AMENDMENT 8: a first-order integrator on the linear POD-K subspace, where the time-step error is not masked by manifold error; the design's RS=1 mutation of the ROM arm cannot fire when the manifold error dominates): POD-K BE excess over the POD-K floor {8: 0.9958639603591875, 40: 1.2004702523756534} must differ by > 20% between RS=8 and 40 (POD-K CN excess {8: 0.19681182288088978, 40: 0.19677846483950598} for reference)]
[02:27:38]   W6A    FAIL  value=nan thr=2.0e-01  control=1.704e-01 fired=False  [arm A: spread of the median ROM-floor excess over RS>=20 relative to its mean; excess per RS [(8, 0.07952), (20, nan), (40, nan)]; control (AMENDMENT 8: a first-order integrator on the linear POD-K subspace, where the time-step error is not masked by manifold error; the design's RS=1 mutation of the ROM arm cannot fire when the manifold error dominates): POD-K BE excess over the POD-K floor {8: 0.9958639603591875, 40: 1.2004702523756534} must differ by > 20% between RS=8 and 40 (POD-K CN excess {8: 0.19681182288088978, 40: 0.19677846483950598} for reference)]
[02:27:39]   W3-A   FAIL  value=3.110e+00 thr=1.0e+00  control=6.726e+03 fired=True  [arm A RS=8 (finest complete): err_T/floor 2.388 (<=1.5), err_4T/floor 4.665 (<=1.5), err_T/POD-K-CN 0.335 (<=0.5), err_4T/POD-K-CN 0.564 (<=0.5), pre-exit err/floor (E0-normalised) 1.535 (<=1.5); post-exit err/sqrt(E0) median 1.773e-02 and mean-field err median 2.50e-02 reported; control: wrong-sign stiffness (K -> -K) error must exceed 1 (control complete: False; a diverged control is recorded as nonfinite, not as fired)]
[02:27:40]   W3-C   FAIL  value=3.230e+00 thr=1.0e+00  control=6.847e+11 fired=True  [arm C RS=40 (finest complete): err_T/floor 2.982 (<=1.5), err_4T/floor 4.845 (<=1.5), err_T/POD-K-CN 0.419 (<=0.5), err_4T/POD-K-CN 0.585 (<=0.5), pre-exit err/floor (E0-normalised) 1.856 (<=1.5); post-exit err/sqrt(E0) median 2.185e-02 and mean-field err median 3.27e-02 reported; control: wrong-sign stiffness (K -> -K) error must exceed 1 (control complete: True; a diverged control is recorded as nonfinite, not as fired)]
[02:28:01]   G0c    FAIL  value=5.816e-01 thr=5.0e-01  control=6.650e+00 fired=True  [stepdiag from oracle starts (arm C, RS=20, 4 launch times x 16 traj): median excess over the destination floor at H=10 / median floor; excess per H [(1, 0.00028), (2, 0.00205), (5, 0.01477), (10, 0.04117)]; floor per H [(1, 0.08738), (2, 0.08104), (5, 0.07736), (10, 0.07079)]; hold comparator per H [(1, 0.1505), (2, 0.2757), (5, 0.6577), (10, 0.9963)]; nonfinite launches: 0 (any -> FAIL); control: wrong-sign stiffness at H=10 (read at its last finite state if diverged) must exceed 1]
[02:28:01] phase 3 done (1996s) -> /cluster/tufts/paralab/tawal01/wav2d/p2fix_n64_abs/out/wav2d_rom_gates_abs_N64_R64.json
ALL-DONE
