host=pax105 source_commit=eb4e6b51628c5fb9adb5a98b2e821aa95d7f290a
NVIDIA A100 80GB PCIe, GPU-a9dcc2dc-2ba8-5c5c-ed4c-ff7b876e8fee, 81920 MiB
10.235.106.32:/projects/paralab  4.6T  4.2T  434G  91% /cluster/tufts/paralab
jax_backend=gpu
jax_backend=gpu x64=True precision=highest
BANK 65025 rows in 1 blocks 6.7
TRUTH 0 8.3
TRUTH 1 8.4
TRUTH 2 8.5
TRUTH 3 8.6
TRUTH 4 8.7
TRUTH 5 8.8
QUICK fft_tight evolved% 0.0 all% 0.0 stalled 0 1.3 20.6
QUICK nt1e-4_dt005 evolved% 0.0338 all% 0.0338 stalled 0 0.9 21.5
QUICK nt1e-3_dt005 evolved% 0.0489 all% 0.0489 stalled 0 0.9 22.4
QUICK lean_tight evolved% 0.0 all% 0.0 stalled 0 2.2 24.6
QUICK lean_nt1e-4_dt005 evolved% 0.0338 all% 0.0338 stalled 0 0.9 25.5
QUICK lean_nt1e-3_l1e-3_dt005 evolved% 0.0482 all% 0.0482 stalled 0 0.8 26.3
QUICK lean_nt3e-3_l3e-3_dt005 evolved% 0.0485 all% 0.0485 stalled 0 0.8 27.1
QUICK lean_nt1e-2_l1e-2_dt005 evolved% 2.1361 all% 2.1361 stalled 0 0.8 27.9
QUICK lean_nt1e-3_l1e-3_dt01 evolved% 1.5177 all% 1.5177 stalled 0 1.6 29.5
QUICK lean_nt3e-3_l3e-3_dt01 evolved% 1.5309 all% 1.5309 stalled 0 0.8 30.3
QUICK lean_nt1e-2_l1e-2_dt01 evolved% 1.5474 all% 1.5474 stalled 0 0.8 31.1
QUICK lean_nt1e-3_l1e-3_dt0125 evolved% 2.1687 all% 2.1687 stalled 0 1.6 32.7
QUICK lean_nt3e-3_l3e-3_dt0125 evolved% 2.2336 all% 2.2336 stalled 0 0.8 33.5
QUICK lean_nt1e-3_l1e-3_dt025 evolved% 5.1373 all% 5.1373 stalled 0 1.7 35.1
QUICK c128_nt1e-4_dt005 evolved% 2.7146 all% 3.5668 stalled 0 1.9 37.1
QUICK c64_nt1e-4_dt005 evolved% 7.2257 all% 7.2257 stalled 0 1.8 38.9
QUICK q0_M64_scaled_g0p001_fast_clip_lamcarry_pred2 evolved% 1.8892 all% 2.5629 stalled 0 7.5 53.3
QUICK q128_M576_scaled_g0p001_fast_chol_clip_lamcarry_pred2 evolved% 0.8931 all% 1.8116 stalled 0 8.8 69.3
QUICK q128_M576_lat64_g0p001_fast_chol_clip_lamcarry_pred2 evolved% 0.893 all% 1.8116 stalled 0 6.5 80.0
QUICK q128_M576_lat64_g0p001_fast_chol_clip_lamcarry_pred2_x1 evolved% 0.893 all% 1.8116 stalled 0 10.0 90.1
QUICK q256_M1088_scaled_g0p001_fast_chol_clip_lamcarry_pred2 evolved% 0.5129 all% 0.9053 stalled 0 9.1 105.8
QUICK q256_M1088_lat64_g0p001_fast_chol_clip_lamcarry_pred2 evolved% 0.52 all% 0.9053 stalled 0 6.5 113.3
QUICK q256_M1088_lat64_g0p001_fast_chol_clip_lamcarry_pred2_x1 evolved% 0.52 all% 0.9053 stalled 0 10.5 123.9
QUICK q256_M1088_lat64_g0p01_fast_chol_clip_lamcarry_pred2_x1 evolved% 0.5199 all% 0.9053 stalled 0 5.7 129.6
QUICK q256_M1088_lat64_g0p001_fast_chol_clip_lamcarry_pred2_x2 evolved% 0.52 all% 0.9053 stalled 0 6.6 136.3
QUICK q256_M1088_lathalf_g0p001_fast_chol_clip_lamcarry_pred2 evolved% 0.521 all% 0.9053 stalled 0 9.0 150.3
QUICK q256_M1088_lathalf_g0p001_fast_chol_clip_lamcarry_pred2_x1 evolved% 0.521 all% 0.9053 stalled 0 7.8 158.1
QUICK q256_M1088_lathalf_g0p01_fast_chol_clip_lamcarry_pred2_x1 evolved% 0.5209 all% 0.9053 stalled 0 7.3 165.5
QUICK q256_M1088_exact_g0p001_fast_chol_clip_lamcarry_pred2 evolved% 0.5194 all% 0.9053 stalled 0 15.1 180.6
QUICK q256_M1088_exact_g0p01_fast_chol_clip_lamcarry_pred2 evolved% 0.5193 all% 0.9053 stalled 0 13.2 193.9
QUICK q256_M1088_bad0_g0p001_fast_chol_clip_lamcarry_pred2 evolved% 1.0363 all% 1.0363 stalled 0 6.3 203.9
POPULATION q 0 states 2856 stalled 0 225.4
POPULATION q 128 states 2856 stalled 0 305.4
POPULATION q 256 states 2856 stalled 2 630.6
RULE 0 64 scaled m 1024 rho_max(k>=0) 0.0207 draws 5 | k>=1 0.0085 5 633.2
RULE 128 576 scaled m 2319 rho_max(k>=0) 0.0601 draws 5 | k>=1 0.0553 5 635.3
RULE 128 576 lat64 m 3969 rho_max(k>=0) 0.2808 draws 2 | k>=1 0.0697 5 636.4
RULE 256 1088 scaled m 2560 rho_max(k>=0) 0.2548 draws 3 | k>=1 0.1223 4 638.4
RULE 256 1088 lat64 m 3969 rho_max(k>=0) 0.4300 draws 2 | k>=1 0.0734 5 638.7
RULE 256 1088 lathalf m 16129 rho_max(k>=0) 0.3489 draws 2 | k>=1 0.0334 5 640.2
RULE 256 1088 bad0 m 2048 rho_max(k>=0) 0.5262 draws 0 | k>=1 0.2926 0 641.3
ARM-STATUS q0_M64_scaled_g0p001_fast_clip_lamcarry_pred2 confirmed heldout 0.0207 deployed 0.0207 644.7
ARM-STATUS q128_M576_scaled_g0p001_fast_chol_clip_lamcarry_pred2 confirmed heldout 0.0601 deployed 0.0601 650.7
ARM-STATUS q128_M576_lat64_g0p001_fast_chol_clip_lamcarry_pred2 marginal (2/5) heldout 0.2808 deployed 0.2808 658.1
ARM-STATUS q128_M576_lat64_g0p001_fast_chol_clip_lamcarry_pred2_x1 confirmed heldout 0.0697 deployed 0.0697 668.5
ARM-STATUS q256_M1088_scaled_g0p001_fast_chol_clip_lamcarry_pred2 marginal (3/5) heldout 0.2548 deployed 0.2548 678.3
ARM-STATUS q256_M1088_lat64_g0p001_fast_chol_clip_lamcarry_pred2 marginal (2/5) heldout 0.4300 deployed 0.4300 691.5
ARM-STATUS q256_M1088_lat64_g0p001_fast_chol_clip_lamcarry_pred2_x1 confirmed heldout 0.0734 deployed 0.0734 712.7
ARM-STATUS q256_M1088_lat64_g0p01_fast_chol_clip_lamcarry_pred2_x1 confirmed heldout 0.0734 deployed 0.0734 731.5
ARM-STATUS q256_M1088_lat64_g0p001_fast_chol_clip_lamcarry_pred2_x2 confirmed heldout 0.0163 deployed 0.0163 757.2
ARM-STATUS q256_M1088_lathalf_g0p001_fast_chol_clip_lamcarry_pred2 marginal (2/5) heldout 0.3489 deployed 0.3489 789.8
ARM-STATUS q256_M1088_lathalf_g0p001_fast_chol_clip_lamcarry_pred2_x1 confirmed heldout 0.0334 deployed 0.0334 829.3
ARM-STATUS q256_M1088_lathalf_g0p01_fast_chol_clip_lamcarry_pred2_x1 confirmed heldout 0.0334 deployed 0.0334 863.9
ARM-STATUS q256_M1088_bad0_g0p001_fast_chol_clip_lamcarry_pred2 fails heldout 0.5262 deployed 0.5262 872.8
DENSE 256 1088 case 0 evolved% 0.1095 iters 1548 19.4 892.5
DENSE 256 1088 case 1 evolved% 0.0669 iters 498 5.6 898.3
DENSE 256 1088 case 2 evolved% 0.5194 iters 405 4.6 903.1
DENSE 256 1088 case 3 evolved% 0.2884 iters 664 7.3 910.6
DENSE 256 1088 case 4 evolved% 0.1582 iters 219 2.7 913.5
DENSE 256 1088 case 5 evolved% 0.1999 iters 262 3.2 916.8
TIMED rep 0 1023.6
TIMED rep 1 1117.8
TIMED rep 2 1211.9
TIMED rep 3 1306.1
TIMED rep 4 1400.2
PROFILE {"arm": "q256_M1088_lat64_g0p001_fast_chol_clip_lamcarry_pred2", "case": 0, "iterations": 316, "steps": 50, "retries": 60, "J_shape": [1088, 272], "m": 3969, "whole_query_ms": 360.2122073061764, "initialize_ms": 11.285653803497553, "evolve_ms": 348.51830499246716, "decode_ms": 0.31714560464024544, "evalJ_ms": 0.9611083660274744, "residual_ms": 0.5787394475191832, "gram_ms": 0.128268264234066, "gram_plus_solve_ms": 0.9401086717844009, "evolve_ms_per_iteration": 1.1029060284571746}
PROFILE {"arm": "q256_M1088_lat64_g0p001_fast_chol_clip_lamcarry_pred2_x1", "case": 0, "iterations": 297, "steps": 50, "retries": 52, "J_shape": [1088, 272], "m": 3969, "whole_query_ms": 474.6042541228235, "initialize_ms": 11.721459217369556, "evolve_ms": 464.0280636958778, "decode_ms": 0.3179749473929405, "evalJ_ms": 1.0090104769915342, "residual_ms": 0.6392961367964745, "gram_ms": 0.1264750026166439, "gram_plus_solve_ms": 0.9379035327583551, "evolve_ms_per_iteration": 1.5623840528480735}
PROFILE {"arm": "q256_M1088_lathalf_g0p001_fast_chol_clip_lamcarry_pred2_x1", "case": 0, "iterations": 294, "steps": 50, "retries": 52, "J_shape": [1088, 272], "m": 16129, "whole_query_ms": 993.0644538253546, "initialize_ms": 11.79448701441288, "evolve_ms": 983.2756179384887, "decode_ms": 0.3260420635342598, "evalJ_ms": 2.67606507986784, "residual_ms": 0.9046671912074089, "gram_ms": 0.12863148003816605, "gram_plus_solve_ms": 0.9525481145828962, "evolve_ms_per_iteration": 3.3444748909472404}
PROFILE {"arm": "q256_M1088_exact_g0p001_fast_chol_clip_lamcarry_pred2", "case": 0, "iterations": 294, "steps": 50, "retries": 52, "J_shape": [1088, 272], "m": 65025, "whole_query_ms": 3357.401337940246, "initialize_ms": 11.84822991490364, "evolve_ms": 3356.134718284011, "decode_ms": 0.3165402449667454, "evalJ_ms": 9.582249680534005, "residual_ms": 0.47616357915103436, "gram_ms": 0.13168994337320328, "gram_plus_solve_ms": 0.9379028342664242, "evolve_ms_per_iteration": 11.415424211850377}
REFERENCE 0 accepted True 5.3 1547.1
REFERENCE 1 accepted True 3.9 1551.1
REFERENCE 2 accepted True 5.3 1556.6
REFERENCE 3 accepted True 4.9 1561.7
REFERENCE 4 accepted True 4.3 1566.1
REFERENCE 5 accepted True 3.9 1570.1
HIRES COMPLETE
ALL-DONE
