host=pax003
name, uuid, memory.total [MiB]
NVIDIA A100-PCIE-40GB, GPU-2fc936dd-00cf-5e71-6e66-7ab04fc8ac30, 40960 MiB
jax_backend=gpu
jax_backend=gpu x64=True device=cuda:0
START N=1024 K=16 R=64 M=64, sources=32, budget=60
N=1024 truth preflight: CG/direct field discrepancy 1.136e-14; CG recomputed residual 3.884e-10; original guard 1e-09
N=1024 gates pass; compiling 13 subjects
N=1024 timed source 1/32
N=1024 timed source 2/32
N=1024 timed source 3/32
N=1024 timed source 4/32
N=1024 timed source 5/32
N=1024 timed source 6/32
N=1024 timed source 7/32
N=1024 timed source 8/32
N=1024 timed source 9/32
N=1024 timed source 10/32
N=1024 timed source 11/32
N=1024 timed source 12/32
N=1024 timed source 13/32
N=1024 timed source 14/32
N=1024 timed source 15/32
N=1024 timed source 16/32
N=1024 timed source 17/32
N=1024 timed source 18/32
N=1024 timed source 19/32
N=1024 timed source 20/32
N=1024 timed source 21/32
N=1024 timed source 22/32
N=1024 timed source 23/32
N=1024 timed source 24/32
N=1024 timed source 25/32
N=1024 timed source 26/32
N=1024 timed source 27/32
N=1024 timed source 28/32
N=1024 timed source 29/32
N=1024 timed source 30/32
N=1024 timed source 31/32
N=1024 timed source 32/32
N=1024 heldout_seed0 full_1e-03: 56.0028 ms; mean error 0.034764815, worst 0.082404324
N=1024 fresh_seed20260823 full_1e-03: 59.4169 ms; mean error 0.050570476, worst 0.12268335
N=1024 heldout_seed0 full_1e-02: 47.4642 ms; mean error 0.035000638, worst 0.082404324
N=1024 fresh_seed20260823 full_1e-02: 49.9357 ms; mean error 0.050736951, worst 0.12268335
N=1024 heldout_seed0 qf_1e-03: 4.0053 ms; mean error 0.034764815, worst 0.082404324
N=1024 fresh_seed20260823 qf_1e-03: 4.1441 ms; mean error 0.050570476, worst 0.12268335
N=1024 heldout_seed0 qf_1e-02: 3.5277 ms; mean error 0.035000638, worst 0.082404324
N=1024 fresh_seed20260823 qf_1e-02: 3.7089 ms; mean error 0.050736951, worst 0.12268335
N=1024 heldout_seed0 cg_1e-01: 101.3422 ms; mean error 0.0049109936, worst 0.010285634
N=1024 fresh_seed20260823 cg_1e-01: 102.1420 ms; mean error 0.006775516, worst 0.015726434
N=1024 heldout_seed0 cg_3e-02: 117.2515 ms; mean error 0.0013822819, worst 0.0029696591
N=1024 fresh_seed20260823 cg_3e-02: 118.9921 ms; mean error 0.0016906114, worst 0.0027941789
N=1024 heldout_seed0 cg_1e-02: 130.6449 ms; mean error 0.00048982193, worst 0.0010239631
N=1024 fresh_seed20260823 cg_1e-02: 132.8434 ms; mean error 0.00060155861, worst 0.0012283121
N=1024 heldout_seed0 cg_3e-03: 146.9652 ms; mean error 0.00012905735, worst 0.00033811102
N=1024 fresh_seed20260823 cg_3e-03: 151.1372 ms; mean error 0.00013640635, worst 0.00023102863
N=1024 heldout_seed0 cg_1e-03: 161.7468 ms; mean error 3.5822545e-05, worst 7.3531766e-05
N=1024 fresh_seed20260823 cg_1e-03: 163.4731 ms; mean error 4.3674594e-05, worst 0.00011995012
N=1024 heldout_seed0 cg_3e-04: 174.0840 ms; mean error 8.5743727e-06, worst 1.549004e-05
N=1024 fresh_seed20260823 cg_3e-04: 174.7475 ms; mean error 1.1024465e-05, worst 2.2815449e-05
N=1024 heldout_seed0 cg_1e-04: 184.6403 ms; mean error 2.2323444e-06, worst 4.7085176e-06
N=1024 fresh_seed20260823 cg_1e-04: 184.6501 ms; mean error 3.3661747e-06, worst 7.9200343e-06
N=1024 heldout_seed0 cg_1e-06: 224.7950 ms; mean error 2.2375904e-08, worst 4.1102848e-08
N=1024 fresh_seed20260823 cg_1e-06: 225.9727 ms; mean error 3.0105074e-08, worst 6.4152497e-08
N=1024 heldout_seed0 spectral_dense: 0.7215 ms; mean error 7.2324156e-15, worst 1.136456e-14
N=1024 fresh_seed20260823 spectral_dense: 0.7211 ms; mean error 6.1668906e-15, worst 8.6816491e-15
N=1024: writing captured float64 fields
DONE N=1024 860.5s -> /cluster/tufts/paralab/tawal01/mr_poisson2d_20260907/historical_replay02/out/poisson_n1024.json
START N=128 K=16 R=96 M=64, sources=32, budget=60
N=128 gates pass; compiling 13 subjects
N=128 timed source 1/32
N=128 timed source 2/32
N=128 timed source 3/32
N=128 timed source 4/32
N=128 timed source 5/32
N=128 timed source 6/32
N=128 timed source 7/32
N=128 timed source 8/32
N=128 timed source 9/32
N=128 timed source 10/32
N=128 timed source 11/32
N=128 timed source 12/32
N=128 timed source 13/32
N=128 timed source 14/32
N=128 timed source 15/32
N=128 timed source 16/32
N=128 timed source 17/32
N=128 timed source 18/32
N=128 timed source 19/32
N=128 timed source 20/32
N=128 timed source 21/32
N=128 timed source 22/32
N=128 timed source 23/32
N=128 timed source 24/32
N=128 timed source 25/32
N=128 timed source 26/32
N=128 timed source 27/32
N=128 timed source 28/32
N=128 timed source 29/32
N=128 timed source 30/32
N=128 timed source 31/32
N=128 timed source 32/32
N=128 heldout_seed0 full_1e-03: 4.4450 ms; mean error 0.030626197, worst 0.080800063
N=128 fresh_seed1 full_1e-03: 4.8730 ms; mean error 0.028915717, worst 0.15768374
N=128 heldout_seed0 full_1e-02: 4.0225 ms; mean error 0.031136664, worst 0.080800063
N=128 fresh_seed1 full_1e-02: 4.2128 ms; mean error 0.029254443, worst 0.15768374
N=128 heldout_seed0 qf_1e-03: 3.2681 ms; mean error 0.030626197, worst 0.080800063
N=128 fresh_seed1 qf_1e-03: 3.6306 ms; mean error 0.028915717, worst 0.15768374
N=128 heldout_seed0 qf_1e-02: 2.8869 ms; mean error 0.031136664, worst 0.080800063
N=128 fresh_seed1 qf_1e-02: 3.1155 ms; mean error 0.029254443, worst 0.15768374
N=128 heldout_seed0 cg_1e-01: 4.0570 ms; mean error 0.017255255, worst 0.045318849
N=128 fresh_seed1 cg_1e-01: 4.0933 ms; mean error 0.014997679, worst 0.052035026
N=128 heldout_seed0 cg_3e-02: 4.8957 ms; mean error 0.0040628257, worst 0.0088469209
N=128 fresh_seed1 cg_3e-02: 4.9143 ms; mean error 0.0032838956, worst 0.007805042
N=128 heldout_seed0 cg_1e-02: 5.5506 ms; mean error 0.0012381913, worst 0.0027714188
N=128 fresh_seed1 cg_1e-02: 5.5918 ms; mean error 0.0010700374, worst 0.00273356
N=128 heldout_seed0 cg_3e-03: 6.1470 ms; mean error 0.00041623521, worst 0.00090684107
N=128 fresh_seed1 cg_3e-03: 6.2282 ms; mean error 0.00031981994, worst 0.00085557677
N=128 heldout_seed0 cg_1e-03: 6.9149 ms; mean error 0.00011656664, worst 0.00029532818
N=128 fresh_seed1 cg_1e-03: 7.0350 ms; mean error 0.00010253977, worst 0.0002501921
N=128 heldout_seed0 cg_3e-04: 7.6090 ms; mean error 2.8713518e-05, worst 6.2039722e-05
N=128 fresh_seed1 cg_3e-04: 7.5537 ms; mean error 2.5488918e-05, worst 6.1078876e-05
N=128 heldout_seed0 cg_1e-04: 8.1399 ms; mean error 7.7984947e-06, worst 1.3843289e-05
N=128 fresh_seed1 cg_1e-04: 8.1063 ms; mean error 6.571855e-06, worst 1.5092003e-05
N=128 heldout_seed0 cg_1e-06: 9.9169 ms; mean error 7.7459217e-08, worst 1.6807608e-07
N=128 fresh_seed1 cg_1e-06: 9.9057 ms; mean error 6.0267109e-08, worst 1.7092582e-07
N=128 heldout_seed0 spectral_dense: 0.1229 ms; mean error 4.385467e-15, worst 7.473691e-15
N=128 fresh_seed1 spectral_dense: 0.1233 ms; mean error 3.7327826e-15, worst 7.5773034e-15
N=128: writing captured float64 fields
DONE N=128 98.8s -> /cluster/tufts/paralab/tawal01/mr_poisson2d_20260907/historical_replay02/out/poisson_n128.json
START N=256 K=16 R=64 M=64, sources=32, budget=60
N=256 gates pass; compiling 13 subjects
N=256 timed source 1/32
N=256 timed source 2/32
N=256 timed source 3/32
N=256 timed source 4/32
N=256 timed source 5/32
N=256 timed source 6/32
N=256 timed source 7/32
N=256 timed source 8/32
N=256 timed source 9/32
N=256 timed source 10/32
N=256 timed source 11/32
N=256 timed source 12/32
N=256 timed source 13/32
N=256 timed source 14/32
N=256 timed source 15/32
N=256 timed source 16/32
N=256 timed source 17/32
N=256 timed source 18/32
N=256 timed source 19/32
N=256 timed source 20/32
N=256 timed source 21/32
N=256 timed source 22/32
N=256 timed source 23/32
N=256 timed source 24/32
N=256 timed source 25/32
N=256 timed source 26/32
N=256 timed source 27/32
N=256 timed source 28/32
N=256 timed source 29/32
N=256 timed source 30/32
N=256 timed source 31/32
N=256 timed source 32/32
N=256 heldout_seed0 full_1e-03: 6.1854 ms; mean error 0.03141493, worst 0.075856025
N=256 fresh_seed777 full_1e-03: 6.5090 ms; mean error 0.038067897, worst 0.094825036
N=256 heldout_seed0 full_1e-02: 5.4293 ms; mean error 0.032037579, worst 0.075856025
N=256 fresh_seed777 full_1e-02: 5.8485 ms; mean error 0.038550375, worst 0.094672772
N=256 heldout_seed0 qf_1e-03: 2.9709 ms; mean error 0.03141493, worst 0.075856025
N=256 fresh_seed777 qf_1e-03: 2.9968 ms; mean error 0.038067897, worst 0.094825036
N=256 heldout_seed0 qf_1e-02: 2.5291 ms; mean error 0.032037579, worst 0.075856025
N=256 fresh_seed777 qf_1e-02: 2.8267 ms; mean error 0.038550375, worst 0.094672772
N=256 heldout_seed0 cg_1e-01: 8.4581 ms; mean error 0.010652367, worst 0.0253889
N=256 fresh_seed777 cg_1e-01: 8.4787 ms; mean error 0.014194472, worst 0.049274961
N=256 heldout_seed0 cg_3e-02: 9.9188 ms; mean error 0.0029786964, worst 0.0074204812
N=256 fresh_seed777 cg_3e-02: 10.1067 ms; mean error 0.0033095413, worst 0.0077369025
N=256 heldout_seed0 cg_1e-02: 11.4147 ms; mean error 0.00088776152, worst 0.0019557171
N=256 fresh_seed777 cg_1e-02: 11.3474 ms; mean error 0.0010747734, worst 0.0020593344
N=256 heldout_seed0 cg_3e-03: 12.6683 ms; mean error 0.00029227537, worst 0.00062643594
N=256 fresh_seed777 cg_3e-03: 12.9410 ms; mean error 0.00032101145, worst 0.00075180093
N=256 heldout_seed0 cg_1e-03: 14.1684 ms; mean error 8.0420647e-05, worst 0.00016192729
N=256 fresh_seed777 cg_1e-03: 14.1600 ms; mean error 9.3051629e-05, worst 0.00018388109
N=256 heldout_seed0 cg_3e-04: 15.5331 ms; mean error 1.9583229e-05, worst 3.7407811e-05
N=256 fresh_seed777 cg_3e-04: 15.6016 ms; mean error 2.199481e-05, worst 3.7786018e-05
N=256 heldout_seed0 cg_1e-04: 16.5131 ms; mean error 5.1944925e-06, worst 9.9124527e-06
N=256 fresh_seed777 cg_1e-04: 16.6380 ms; mean error 6.3347618e-06, worst 1.6816994e-05
N=256 heldout_seed0 cg_1e-06: 20.2178 ms; mean error 5.1882403e-08, worst 1.1644387e-07
N=256 fresh_seed777 cg_1e-06: 20.3106 ms; mean error 5.9397666e-08, worst 1.1251489e-07
N=256 heldout_seed0 spectral_dense: 0.1358 ms; mean error 3.825195e-15, worst 6.138133e-15
N=256 fresh_seed777 spectral_dense: 0.1355 ms; mean error 4.1436204e-15, worst 6.7190652e-15
N=256: writing captured float64 fields
DONE N=256 129.8s -> /cluster/tufts/paralab/tawal01/mr_poisson2d_20260907/historical_replay02/out/poisson_n256.json
START N=512 K=16 R=64 M=64, sources=32, budget=60
N=512 gates pass; compiling 13 subjects
N=512 timed source 1/32
N=512 timed source 2/32
N=512 timed source 3/32
N=512 timed source 4/32
N=512 timed source 5/32
N=512 timed source 6/32
N=512 timed source 7/32
N=512 timed source 8/32
N=512 timed source 9/32
N=512 timed source 10/32
N=512 timed source 11/32
N=512 timed source 12/32
N=512 timed source 13/32
N=512 timed source 14/32
N=512 timed source 15/32
N=512 timed source 16/32
N=512 timed source 17/32
N=512 timed source 18/32
N=512 timed source 19/32
N=512 timed source 20/32
N=512 timed source 21/32
N=512 timed source 22/32
N=512 timed source 23/32
N=512 timed source 24/32
N=512 timed source 25/32
N=512 timed source 26/32
N=512 timed source 27/32
N=512 timed source 28/32
N=512 timed source 29/32
N=512 timed source 30/32
N=512 timed source 31/32
N=512 timed source 32/32
N=512 heldout_seed0 full_1e-03: 15.4188 ms; mean error 0.031538074, worst 0.080565173
N=512 fresh_seed20260823 full_1e-03: 14.7032 ms; mean error 0.045970763, worst 0.11360919
N=512 heldout_seed0 full_1e-02: 13.4425 ms; mean error 0.03226875, worst 0.080565173
N=512 fresh_seed20260823 full_1e-02: 13.8118 ms; mean error 0.046253231, worst 0.11360919
N=512 heldout_seed0 qf_1e-03: 3.2175 ms; mean error 0.031538074, worst 0.080565173
N=512 fresh_seed20260823 qf_1e-03: 2.9816 ms; mean error 0.045970763, worst 0.11360919
N=512 heldout_seed0 qf_1e-02: 2.8482 ms; mean error 0.03226875, worst 0.080565173
N=512 fresh_seed20260823 qf_1e-02: 2.7285 ms; mean error 0.046253231, worst 0.11360919
N=512 heldout_seed0 cg_1e-01: 25.6878 ms; mean error 0.007104046, worst 0.015852497
N=512 fresh_seed20260823 cg_1e-01: 25.8813 ms; mean error 0.0098286046, worst 0.024150506
N=512 heldout_seed0 cg_3e-02: 29.8767 ms; mean error 0.0019645026, worst 0.0044312336
N=512 fresh_seed20260823 cg_3e-02: 30.2959 ms; mean error 0.0023769363, worst 0.0041527392
N=512 heldout_seed0 cg_1e-02: 33.9283 ms; mean error 0.00065261072, worst 0.0013077456
N=512 fresh_seed20260823 cg_1e-02: 34.2306 ms; mean error 0.00083790691, worst 0.0015387754
N=512 heldout_seed0 cg_3e-03: 37.6706 ms; mean error 0.00019513877, worst 0.00046959516
N=512 fresh_seed20260823 cg_3e-03: 38.1025 ms; mean error 0.00021183101, worst 0.00040453247
N=512 heldout_seed0 cg_1e-03: 41.7042 ms; mean error 5.3962098e-05, worst 0.00010316515
N=512 fresh_seed20260823 cg_1e-03: 41.8437 ms; mean error 6.2684759e-05, worst 0.00015207468
N=512 heldout_seed0 cg_3e-04: 45.8799 ms; mean error 1.307566e-05, worst 2.4638341e-05
N=512 fresh_seed20260823 cg_3e-04: 45.4706 ms; mean error 1.6424811e-05, worst 4.3022826e-05
N=512 heldout_seed0 cg_1e-04: 48.6188 ms; mean error 3.3561629e-06, worst 7.302426e-06
N=512 fresh_seed20260823 cg_1e-04: 48.4237 ms; mean error 4.8220111e-06, worst 1.0628725e-05
N=512 heldout_seed0 cg_1e-06: 59.1002 ms; mean error 3.2914673e-08, worst 6.6872455e-08
N=512 fresh_seed20260823 cg_1e-06: 59.1653 ms; mean error 4.5384895e-08, worst 1.0286089e-07
N=512 heldout_seed0 spectral_dense: 0.2180 ms; mean error 4.7983294e-15, worst 6.7330396e-15
N=512 fresh_seed20260823 spectral_dense: 0.2176 ms; mean error 4.8868181e-15, worst 7.603288e-15
N=512: writing captured float64 fields
DONE N=512 270.6s -> /cluster/tufts/paralab/tawal01/mr_poisson2d_20260907/historical_replay02/out/poisson_n512.json
ALL-DONE
