host=pax051  node=pax051  gpu=NVIDIA A100-PCIE-40GB
commit=9741ff0  dirty=e3b0c44298fc (dirty marker 'e3b0c442' == clean)  cell=ctol_p_n256  job=2511806
src_bundle=ctol=9741ff0/e3b0c44298fc,2026-08-16-poisson2d-rom-objective=d68d8cb/e3b0c442,2026-08-16-burgers2d-rom-latent-stepping=c7e9c2e/e3b0c442,2026-08-14-multistage-precision=b389467/e3b0c442,2026-08-14-burgers2d-coord-rom=b327915/e3b0c442
jax_backend=gpu cuda:0
jax_backend=gpu device=cuda:0 gpu=NVIDIA A100-PCIE-40GB x64=True KS=[2, 4, 6, 8, 12, 16, 24, 32] NS=[256] TAUS=[0.1, 0.01, 0.001] M=64 m=256 reps=7 warm=2
  plan: 1 mesh(es) [256], k values [2, 4, 6, 8, 12, 16, 24, 32], 20 (arm, method) cells
  ckpt k= 2: autodec_K2_N64_hbc_stages.pkl hard_bc=1 train_seed=0 latent_rms=0.235
  ckpt k= 4: autodec_K4_N64_hbc_stages.pkl hard_bc=1 train_seed=0 latent_rms=0.192
  ckpt k= 6: autodec_K6_N64_hbc_stages.pkl hard_bc=1 train_seed=0 latent_rms=0.182
  ckpt k= 8: autodec_K8_N64_hbc_stages.pkl hard_bc=1 train_seed=0 latent_rms=0.175
  ckpt k=12: autodec_K12_N64_hbc_stages.pkl hard_bc=1 train_seed=0 latent_rms=0.164
  ckpt k=16: autodec_K16_N64_hbc_stages.pkl hard_bc=1 train_seed=0 latent_rms=0.147
  ckpt k=24: autodec_K24_N64_hbc_stages.pkl hard_bc=1 train_seed=0 latent_rms=0.143
  ckpt k=32: autodec_K32_N64_hbc_stages.pkl hard_bc=1 train_seed=0 latent_rms=0.141
   FOM CG tol=3e-01:    6.845 ms  err 6.581e-02  achieved residual 3.00e-01
   FOM CG tol=1e-01:    8.585 ms  err 1.065e-02  achieved residual 9.99e-02
   FOM CG tol=1e-02:   11.607 ms  err 8.878e-04  achieved residual 1.00e-02
   FOM CG tol=1e-03:   14.469 ms  err 8.042e-05  achieved residual 9.98e-04
   FOM CG tol=1e-04:   16.832 ms  err 5.194e-06  achieved residual 9.98e-05
   FOM CG tol=1e-05:   18.635 ms  err 4.615e-07  achieved residual 1.00e-05
   FOM CG tol=1e-06:   20.640 ms  err 5.188e-08  achieved residual 9.97e-07
   FOM CG tol=1e-08:   23.883 ms  err 4.102e-10  achieved residual 9.88e-09
   FOM CG tol=1e-10:   26.931 ms  err 3.157e-12  achieved residual 1.00e-10
   FOM CG tol=1e-13:   31.128 ms  err 0.000e+00  achieved residual 1.25e-11
   anchor N=256: archived 31.14 ms vs re-timed 31.13 ms (0.0% diff; archived achieved 1.3e-11, re-timed 1.2e-11)
   overconvergence factor at N=256: 1.00x (testbed 1e-13 achieved 1.2e-11; matched rung tol=1e-13)
== N= 256  FOM CG @1e-13    31.13 ms  (residual 1.2e-11) -- the ladder above is the iso-accuracy baseline
  FOM: 576 CG solves in 19s, max rel residual over all samples 1.38e-11
   POD basis: 512 snapshots, orthonormality dev 1.77e-13, sv0 1.198e+01 sv[31] 8.410e-02
   EQ candidate pool: 4096 of 64516 interior nodes (cap 4096)
   preprocess M=64: selected-mode matvec 0.267 ms/query (full dense sine transform 0.280 ms; offline table 0.2 s; vs reference rel 1.4e-16)
  NNLS-EQ poisson coord N=256 k=2 M=64 m=256: pool 4096 support 256 (+0 pad) rel fit 4.40e-03 (row p95 5.5e-01, max 4.5e+02) [23s]
   tau-solver vs reference solver at tau=0: rel |dz| 0.00e+00
   coord N= 256 k= 2 M= 64 m= 256 tau=1e-01  solve    6.57 ms  e2e    8.96 ms  jac  24.0  err 4.925e-01  fd 1.27e+00  cens 100%
   coord N= 256 k= 2 M= 64 m= 256 tau=1e-02  solve    6.13 ms  e2e    8.53 ms  jac  24.0  err 4.925e-01  fd 1.27e+00  cens 100%
   coord N= 256 k= 2 M= 64 m= 256 tau=1e-03  solve    6.13 ms  e2e    8.53 ms  jac  24.0  err 4.925e-01  fd 1.27e+00  cens 100%
   ceiling  N= 256 k= 2: oracle inferred-latent 1.233e-01 (max 3.087e-01, inits {'nearest': 14, 'mean': 2})
   [cell coord N=256 k=2 M=64 m=256: 46s]
  NNLS-EQ poisson pod N=256 k=2 M=64 m=256: pool 4096 support 124 (+132 pad) rel fit 1.87e-06 (row p95 5.0e-04, max 2.1e-01) [8s]
   tau-solver vs reference solver at tau=0: rel |dz| 0.00e+00
   pod   N= 256 k= 2 M= 64 m= 256 tau=1e-01  solve    1.50 ms  e2e    1.84 ms  jac   3.3  err 4.565e-01  fd 9.19e-01  cens 100%
   pod   N= 256 k= 2 M= 64 m= 256 tau=1e-02  solve    1.51 ms  e2e    1.85 ms  jac   3.3  err 4.565e-01  fd 9.19e-01  cens 100%
   pod   N= 256 k= 2 M= 64 m= 256 tau=1e-03  solve    1.58 ms  e2e    1.92 ms  jac   3.3  err 4.565e-01  fd 9.19e-01  cens 100%
   pod_direct N= 256 k= 2 solve 0.0527 ms err 4.565e-01 cond 1.0e+00
   [cell pod N=256 k=2 M=64 m=256: 15s]
  NNLS-EQ poisson coord N=256 k=4 M=64 m=256: pool 4096 support 256 (+0 pad) rel fit 1.83e-03 (row p95 3.6e-01, max 6.0e+02) [21s]
   coord N= 256 k= 4 M= 64 m= 256 tau=1e-01  solve    0.75 ms  e2e    3.16 ms  jac   4.5  err 8.300e-02  fd 5.73e-01  cens   0%
   coord N= 256 k= 4 M= 64 m= 256 tau=1e-02  solve    2.21 ms  e2e    4.62 ms  jac  12.8  err 2.003e-02  fd 3.65e-01  cens  56%
   coord N= 256 k= 4 M= 64 m= 256 tau=1e-03  solve    3.45 ms  e2e    5.86 ms  jac  17.1  err 1.717e-02  fd 3.53e-01  cens 100%
   ceiling  N= 256 k= 4: oracle inferred-latent 1.519e-02 (max 3.291e-02, inits {'nearest': 11, 'mean': 5})
   [cell coord N=256 k=4 M=64 m=256: 40s]
  NNLS-EQ poisson pod N=256 k=4 M=64 m=256: pool 4096 support 192 (+64 pad) rel fit 5.23e-06 (row p95 3.3e-03, max 8.4e+00) [16s]
   pod   N= 256 k= 4 M= 64 m= 256 tau=1e-01  solve    0.85 ms  e2e    1.18 ms  jac   3.4  err 2.907e-01  fd 8.53e-01  cens  88%
   pod   N= 256 k= 4 M= 64 m= 256 tau=1e-02  solve    1.01 ms  e2e    1.35 ms  jac   3.6  err 2.907e-01  fd 8.53e-01  cens 100%
   pod   N= 256 k= 4 M= 64 m= 256 tau=1e-03  solve    1.01 ms  e2e    1.34 ms  jac   3.6  err 2.907e-01  fd 8.53e-01  cens 100%
   pod_direct N= 256 k= 4 solve 0.0560 ms err 2.907e-01 cond 1.0e+00
   [cell pod N=256 k=4 M=64 m=256: 23s]
  NNLS-EQ poisson coord N=256 k=6 M=64 m=256: pool 4096 support 256 (+0 pad) rel fit 1.56e-03 (row p95 2.5e-01, max 1.2e+02) [22s]
   coord N= 256 k= 6 M= 64 m= 256 tau=1e-01  solve    1.19 ms  e2e    3.57 ms  jac   9.6  err 1.350e-01  fd 7.15e-01  cens   6%
   coord N= 256 k= 6 M= 64 m= 256 tau=1e-02  solve    2.46 ms  e2e    4.84 ms  jac  15.2  err 7.199e-02  fd 5.09e-01  cens  12%
   coord N= 256 k= 6 M= 64 m= 256 tau=1e-03  solve    6.53 ms  e2e    8.92 ms  jac  30.6  err 7.027e-02  fd 5.04e-01  cens 100%
   ceiling  N= 256 k= 6: oracle inferred-latent 8.596e-03 (max 1.539e-02, inits {'nearest': 13, 'mean': 3})
   [cell coord N=256 k=6 M=64 m=256: 49s]
  NNLS-EQ poisson pod N=256 k=6 M=64 m=256: pool 4096 support 227 (+29 pad) rel fit 6.95e-06 (row p95 5.5e-03, max 5.4e+00) [23s]
   pod   N= 256 k= 6 M= 64 m= 256 tau=1e-01  solve    1.06 ms  e2e    1.40 ms  jac   3.2  err 2.193e-01  fd 8.14e-01  cens  81%
   pod   N= 256 k= 6 M= 64 m= 256 tau=1e-02  solve    2.36 ms  e2e    2.70 ms  jac   3.4  err 2.193e-01  fd 8.14e-01  cens 100%
   pod   N= 256 k= 6 M= 64 m= 256 tau=1e-03  solve    2.39 ms  e2e    2.73 ms  jac   3.4  err 2.193e-01  fd 8.14e-01  cens 100%
   pod_direct N= 256 k= 6 solve 0.0530 ms err 2.193e-01 cond 1.0e+00
   [cell pod N=256 k=6 M=64 m=256: 30s]
  NNLS-EQ poisson coord N=256 k=8 M=64 m=256: pool 4096 support 256 (+0 pad) rel fit 1.54e-03 (row p95 3.3e-01, max 5.5e+02) [22s]
   coord N= 256 k= 8 M= 64 m= 256 tau=1e-01  solve    1.05 ms  e2e    3.45 ms  jac   4.8  err 1.013e-01  fd 8.31e-01  cens   0%
   coord N= 256 k= 8 M= 64 m= 256 tau=1e-02  solve    1.83 ms  e2e    4.22 ms  jac  10.3  err 1.406e-02  fd 2.23e-01  cens   6%
   coord N= 256 k= 8 M= 64 m= 256 tau=1e-03  solve    6.39 ms  e2e    8.79 ms  jac  30.6  err 8.378e-03  fd 2.01e-01  cens 100%
   ceiling  N= 256 k= 8: oracle inferred-latent 6.933e-03 (max 1.505e-02, inits {'nearest': 7, 'mean': 9})
   [cell coord N=256 k=8 M=64 m=256: 48s]
  NNLS-EQ poisson pod N=256 k=8 M=64 m=256: pool 4096 support 256 (+0 pad) rel fit 7.21e-06 (row p95 5.7e-03, max 2.2e+01) [29s]
   pod   N= 256 k= 8 M= 64 m= 256 tau=1e-01  solve    0.62 ms  e2e    0.94 ms  jac   3.4  err 1.761e-01  fd 7.69e-01  cens  75%
   pod   N= 256 k= 8 M= 64 m= 256 tau=1e-02  solve    1.07 ms  e2e    1.39 ms  jac   3.9  err 1.761e-01  fd 7.69e-01  cens 100%
   pod   N= 256 k= 8 M= 64 m= 256 tau=1e-03  solve    1.02 ms  e2e    1.34 ms  jac   3.9  err 1.761e-01  fd 7.69e-01  cens 100%
   pod_direct N= 256 k= 8 solve 0.0535 ms err 1.761e-01 cond 1.0e+00
   [cell pod N=256 k=8 M=64 m=256: 35s]
   preprocess M=256: selected-mode matvec 0.338 ms/query (full dense sine transform 0.266 ms; offline table 0.3 s; vs reference rel 1.4e-16)
  NNLS-EQ poisson coord N=256 k=8 M=256 m=256: pool 4096 support 256 (+0 pad) rel fit 6.70e-02 (row p95 6.2e+01, max 6.1e+05) [61s]
   coord N= 256 k= 8 M=256 m= 256 tau=1e-01  solve    1.08 ms  e2e    3.53 ms  jac   4.7  err 9.462e-02  fd 6.22e-01  cens   0%
   coord N= 256 k= 8 M=256 m= 256 tau=1e-02  solve    9.76 ms  e2e   12.21 ms  jac  33.4  err 1.552e-02  fd 2.68e-01  cens 100%
   coord N= 256 k= 8 M=256 m= 256 tau=1e-03  solve    9.87 ms  e2e   12.32 ms  jac  33.4  err 1.552e-02  fd 2.68e-01  cens 100%
   [cell coord N=256 k=8 M=256 m=256: 74s]
  NNLS-EQ poisson pod N=256 k=8 M=256 m=256: pool 4096 support 256 (+0 pad) rel fit 4.19e-02 (row p95 1.1e+03, max 5.4e+07) [60s]
   pod   N= 256 k= 8 M=256 m= 256 tau=1e-01  solve    0.86 ms  e2e    1.25 ms  jac   3.2  err 1.761e-01  fd 7.69e-01  cens  75%
   pod   N= 256 k= 8 M=256 m= 256 tau=1e-02  solve    1.62 ms  e2e    2.01 ms  jac   3.6  err 1.761e-01  fd 7.69e-01  cens 100%
   pod   N= 256 k= 8 M=256 m= 256 tau=1e-03  solve    1.66 ms  e2e    2.05 ms  jac   3.6  err 1.761e-01  fd 7.69e-01  cens 100%
   pod_direct N= 256 k= 8 solve 0.0555 ms err 1.761e-01 cond 1.0e+00
   [cell pod N=256 k=8 M=256 m=256: 68s]
  NNLS-EQ poisson coord N=256 k=12 M=64 m=256: pool 4096 support 256 (+0 pad) rel fit 1.46e-03 (row p95 2.8e-01, max 3.2e+02) [21s]
   coord N= 256 k=12 M= 64 m= 256 tau=1e-01  solve    1.10 ms  e2e    3.51 ms  jac  10.2  err 1.117e-01  fd 8.79e-01  cens  12%
   coord N= 256 k=12 M= 64 m= 256 tau=1e-02  solve    2.39 ms  e2e    4.80 ms  jac  16.1  err 6.235e-02  fd 5.30e-01  cens  25%
   coord N= 256 k=12 M= 64 m= 256 tau=1e-03  solve   10.58 ms  e2e   13.00 ms  jac  36.2  err 6.007e-02  fd 5.17e-01  cens 100%
   ceiling  N= 256 k=12: oracle inferred-latent 6.117e-03 (max 1.435e-02, inits {'nearest': 9, 'mean': 7})
   [cell coord N=256 k=12 M=64 m=256: 61s]
  NNLS-EQ poisson pod N=256 k=12 M=64 m=256: pool 4096 support 256 (+0 pad) rel fit 2.26e-05 (row p95 1.9e-02, max 3.7e+01) [26s]
   pod   N= 256 k=12 M= 64 m= 256 tau=1e-01  solve    0.17 ms  e2e    0.49 ms  jac   2.8  err 1.282e-01  fd 7.09e-01  cens  44%
   pod   N= 256 k=12 M= 64 m= 256 tau=1e-02  solve    0.85 ms  e2e    1.18 ms  jac   3.8  err 1.282e-01  fd 7.09e-01  cens 100%
   pod   N= 256 k=12 M= 64 m= 256 tau=1e-03  solve    0.86 ms  e2e    1.18 ms  jac   3.8  err 1.282e-01  fd 7.09e-01  cens 100%
   pod_direct N= 256 k=12 solve 0.0510 ms err 1.282e-01 cond 1.0e+00
   [cell pod N=256 k=12 M=64 m=256: 33s]
  NNLS-EQ poisson coord N=256 k=16 M=64 m=256: pool 4096 support 256 (+0 pad) rel fit 1.26e-03 (row p95 2.4e-01, max 4.2e+02) [20s]
   coord N= 256 k=16 M= 64 m= 256 tau=1e-01  solve    1.39 ms  e2e    3.81 ms  jac   4.7  err 9.984e-02  fd 4.14e-01  cens   0%
   coord N= 256 k=16 M= 64 m= 256 tau=1e-02  solve    2.38 ms  e2e    4.80 ms  jac   7.5  err 1.127e-02  fd 1.86e-01  cens   0%
   coord N= 256 k=16 M= 64 m= 256 tau=1e-03  solve    9.28 ms  e2e   11.70 ms  jac  28.8  err 6.733e-03  fd 1.60e-01  cens  94%
   ceiling  N= 256 k=16: oracle inferred-latent 4.062e-03 (max 6.279e-03, inits {'nearest': 9, 'mean': 7})
   [cell coord N=256 k=16 M=64 m=256: 54s]
  NNLS-EQ poisson pod N=256 k=16 M=64 m=256: pool 4096 support 256 (+0 pad) rel fit 4.85e-05 (row p95 3.1e-02, max 3.2e+01) [25s]
   pod   N= 256 k=16 M= 64 m= 256 tau=1e-01  solve    0.11 ms  e2e    0.46 ms  jac   2.4  err 1.000e-01  fd 6.49e-01  cens  25%
   pod   N= 256 k=16 M= 64 m= 256 tau=1e-02  solve    1.09 ms  e2e    1.44 ms  jac   3.7  err 1.000e-01  fd 6.49e-01  cens 100%
   pod   N= 256 k=16 M= 64 m= 256 tau=1e-03  solve    1.11 ms  e2e    1.46 ms  jac   3.7  err 1.000e-01  fd 6.49e-01  cens 100%
   pod_direct N= 256 k=16 solve 0.0525 ms err 1.000e-01 cond 1.0e+00
   [cell pod N=256 k=16 M=64 m=256: 32s]
  NNLS-EQ poisson coord N=256 k=24 M=64 m=256: pool 4096 support 256 (+0 pad) rel fit 1.50e-03 (row p95 3.0e-01, max 7.9e+02) [21s]
   coord N= 256 k=24 M= 64 m= 256 tau=1e-01  solve    1.54 ms  e2e    3.96 ms  jac   5.1  err 9.974e-02  fd 4.91e-01  cens   0%
   coord N= 256 k=24 M= 64 m= 256 tau=1e-02  solve    2.89 ms  e2e    5.30 ms  jac  11.0  err 1.929e-02  fd 3.03e-01  cens   6%
   coord N= 256 k=24 M= 64 m= 256 tau=1e-03  solve   16.81 ms  e2e   19.23 ms  jac  38.4  err 1.563e-02  fd 2.74e-01  cens  94%
   ceiling  N= 256 k=24: oracle inferred-latent 3.922e-03 (max 8.400e-03, inits {'nearest': 7, 'mean': 9})
   [cell coord N=256 k=24 M=64 m=256: 80s]
  NNLS-EQ poisson pod N=256 k=24 M=64 m=256: pool 4096 support 256 (+0 pad) rel fit 9.38e-05 (row p95 3.5e-02, max 2.3e+01) [26s]
   pod   N= 256 k=24 M= 64 m= 256 tau=1e-01  solve    0.13 ms  e2e    0.47 ms  jac   2.0  err 6.605e-02  fd 5.59e-01  cens   0%
   pod   N= 256 k=24 M= 64 m= 256 tau=1e-02  solve    1.26 ms  e2e    1.61 ms  jac   3.7  err 6.605e-02  fd 5.59e-01  cens 100%
   pod   N= 256 k=24 M= 64 m= 256 tau=1e-03  solve    1.27 ms  e2e    1.61 ms  jac   3.7  err 6.605e-02  fd 5.59e-01  cens 100%
   pod_direct N= 256 k=24 solve 0.0492 ms err 6.605e-02 cond 1.0e+00
   [cell pod N=256 k=24 M=64 m=256: 33s]
  NNLS-EQ poisson coord N=256 k=32 M=256 m=256: pool 4096 support 256 (+0 pad) rel fit 7.06e-02 (row p95 8.1e+01, max 3.9e+05) [63s]
   coord N= 256 k=32 M=256 m= 256 tau=1e-01  solve    4.00 ms  e2e    6.55 ms  jac  12.4  err 1.024e-01  fd 9.90e-01  cens  12%
   coord N= 256 k=32 M=256 m= 256 tau=1e-02  solve   21.10 ms  e2e   23.65 ms  jac  40.2  err 5.796e-02  fd 1.02e+00  cens 100%
   coord N= 256 k=32 M=256 m= 256 tau=1e-03  solve   21.06 ms  e2e   23.62 ms  jac  40.2  err 5.796e-02  fd 1.02e+00  cens 100%
   [cell coord N=256 k=32 M=256 m=256: 82s]
  NNLS-EQ poisson pod N=256 k=32 M=256 m=256: pool 4096 support 256 (+0 pad) rel fit 6.25e-02 (row p95 3.9e+02, max 2.7e+06) [63s]
   pod   N= 256 k=32 M=256 m= 256 tau=1e-01  solve    0.33 ms  e2e    0.75 ms  jac   2.2  err 5.165e-02  fd 5.07e-01  cens  12%
   pod   N= 256 k=32 M=256 m= 256 tau=1e-02  solve    0.76 ms  e2e    1.18 ms  jac   4.0  err 5.165e-02  fd 5.07e-01  cens 100%
   pod   N= 256 k=32 M=256 m= 256 tau=1e-03  solve    0.80 ms  e2e    1.22 ms  jac   4.0  err 5.165e-02  fd 5.07e-01  cens 100%
   pod_direct N= 256 k=32 solve 0.0533 ms err 5.165e-02 cond 1.1e+00
   [cell pod N=256 k=32 M=256 m=256: 71s]
  NNLS-EQ poisson coord N=256 k=32 M=256 m=1024: pool 4096 support 1024 (+0 pad) rel fit 1.20e-04 (row p95 1.6e-01, max 1.0e+03) [1407s]
   coord N= 256 k=32 M=256 m=1024 tau=1e-01  solve    5.80 ms  e2e    8.27 ms  jac  10.8  err 1.216e-01  fd 7.03e-01  cens  12%
   coord N= 256 k=32 M=256 m=1024 tau=1e-02  solve    8.34 ms  e2e   10.81 ms  jac  18.1  err 6.089e-02  fd 4.64e-01  cens  31%
   coord N= 256 k=32 M=256 m=1024 tau=1e-03  solve   37.01 ms  e2e   39.47 ms  jac  41.4  err 5.790e-02  fd 4.54e-01  cens 100%
   ceiling  N= 256 k=32: oracle inferred-latent 3.220e-03 (max 5.186e-03, inits {'nearest': 10, 'mean': 6})
   [cell coord N=256 k=32 M=256 m=1024: 1533s]
  NNLS-EQ poisson pod N=256 k=32 M=256 m=1024: pool 4096 support 818 (+206 pad) rel fit 1.31e-05 (row p95 8.1e-02, max 4.3e+03) [1030s]
   pod   N= 256 k=32 M=256 m=1024 tau=1e-01  solve    0.33 ms  e2e    0.75 ms  jac   2.0  err 5.035e-02  fd 5.03e-01  cens   0%
   pod   N= 256 k=32 M=256 m=1024 tau=1e-02  solve    0.95 ms  e2e    1.36 ms  jac   3.4  err 5.035e-02  fd 5.03e-01  cens  88%
   pod   N= 256 k=32 M=256 m=1024 tau=1e-03  solve    1.28 ms  e2e    1.69 ms  jac   3.7  err 5.035e-02  fd 5.03e-01  cens 100%
   pod_direct N= 256 k=32 solve 0.0716 ms err 5.035e-02 cond 1.0e+00
   [cell pod N=256 k=32 M=256 m=1024: 1038s]
  NNLS-EQ poisson coord MESHFREE-POOL N=256 k=8: pool 4096 support 256 (+0 pad) rel fit 1.51e-03 (row p95 3.2e-01, max 2.7e+02) [20s]
   [pool_control] coord_meshfree_pool N=256 k=8 tau=1e-01 e2e 3.50 ms err 9.079e-02 eqfit 1.51e-03
   [pool_control] coord_meshfree_pool N=256 k=8 tau=1e-02 e2e 4.43 ms err 1.309e-02 eqfit 1.51e-03
   [pool_control] coord_meshfree_pool N=256 k=8 tau=1e-03 e2e 8.42 ms err 8.511e-03 eqfit 1.51e-03
== N=256 done [3537s]
DONE
ALL-DONE
