host=pax009 gpu=NVIDIA H200
jax_backend=gpu
stage MANIFEST OK
6d20b1eb48b4a458dd68da8e43677edd22df185d65a65d44a552c8210ddb6f11  /cluster/tufts/paralab/tawal01/eqladder/lad1024k32/in/sep_burgers_r4_N1024_K32_R512_h512x3.pkl
jax_backend=gpu device=cuda:0 EQ-LADDER N=1024 ckpt=sep_burgers_r4_N1024_K32_R512_h512x3.pkl
  test data: 4 fresh trajectories, worst FOM rel residual 8.68e-13
  EQ-fit bank vs meshfree full-interior decode: 2.85e-16
  NNLS-EQ eq-ladder N=1024 k=32 M=64 m=256: pool 65536 support 256 (+0 pad) rel fit 5.06e-03 (row p95 7.5e-01, max 4.0e+02) [31s]
  GATE 0 [ctrl]: 1.56e-15
  GATE F skipped at N=1024 (> FULL_GATE_MAX_N)
  NNLS-EQ eq-ladder N=1024 k=32 M=256 m=1024: pool 65536 support 1024 (+0 pad) rel fit 5.57e-04 (row p95 8.7e-01, max 3.1e+03) [715s]
  GATE 0 [M256]: 1.09e-15
  GATE F skipped at N=1024 (> FULL_GATE_MAX_N)
  [ctrl] traj 0: rollout err 4.234e-03 (t0 1.18e-03, t1 1.21e-03, t50 8.09e-03), 117 LM iterates recorded [5s]
  [ctrl] traj 1: rollout err 4.847e-02 (t0 1.40e-01, t1 1.22e-01, t50 1.96e-02), 125 LM iterates recorded [1s]
  [ctrl] traj 2: rollout err 4.281e-02 (t0 3.33e-03, t1 3.81e-02, t50 2.18e-02), 121 LM iterates recorded [1s]
  [ctrl] traj 3: rollout err 2.557e-02 (t0 4.06e-03, t1 4.14e-02, t50 3.39e-02), 161 LM iterates recorded [2s]
  [M256] traj 0: rollout err 3.810e-03 (t0 1.18e-03, t1 1.19e-03, t50 7.06e-03), 116 LM iterates recorded [5s]
  [M256] traj 1: rollout err 4.353e-02 (t0 1.40e-01, t1 1.21e-01, t50 1.60e-02), 130 LM iterates recorded [2s]
  [M256] traj 2: rollout err 4.874e-03 (t0 3.33e-03, t1 2.31e-02, t50 3.97e-03), 172 LM iterates recorded [2s]
  [M256] traj 3: rollout err 5.178e-03 (t0 4.06e-03, t1 1.96e-02, t50 5.81e-03), 156 LM iterates recorded [2s]
  oracle traj 0: codes at t=[0, 1, 2, 3, 5, 10, 25, 50] placed
  oracle traj 1: codes at t=[0, 1, 2, 3, 5, 10, 25, 50] placed
  oracle traj 2: codes at t=[0, 1, 2, 3, 5, 10, 25, 50] placed
  oracle traj 3: codes at t=[0, 1, 2, 3, 5, 10, 25, 50] placed
  training snapshots: 16 states
  ctrl  solver t= 1- 1 n=  64  (b) 1.49e-01 [lin 1.6e-01 adv 1.5e-01]  (c1) 4.62e-01 cos 0.6188  (c2) 6.70e-03  (c3) 2.41e-01 cos 0.9287
  ctrl  solver t= 2- 2 n=  29  (b) 4.10e-01 [lin 3.3e-01 adv 2.9e-01]  (c1) 7.88e-01 cos 0.2675  (c2) 7.59e-03  (c3) 4.80e-01 cos 0.7292
  ctrl  solver t= 3- 4 n=  60  (b) 4.51e-01 [lin 3.4e-01 adv 2.9e-01]  (c1) 6.79e-01 cos 0.4178  (c2) 6.69e-03  (c3) 5.92e-01 cos 0.6242
  ctrl  solver t= 5- 9 n=  43  (b) 4.71e-01 [lin 3.5e-01 adv 3.9e-01]  (c1) 7.36e-01 cos 0.3899  (c2) 4.99e-03  (c3) 8.20e-01 cos 0.3137
  ctrl  solver t=10-24 n= 120  (b) 4.46e-01 [lin 3.7e-01 adv 5.8e-01]  (c1) 7.06e-01 cos 0.5111  (c2) 4.25e-03  (c3) 8.18e-01 cos 0.3801
  ctrl  solver t=25-50 n= 208  (b) 4.87e-01 [lin 3.9e-01 adv 6.1e-01]  (c1) 7.38e-01 cos 0.3343  (c2) 3.51e-03  (c3) 8.51e-01 cos 0.1619
  M256  solver t= 1- 1 n= 104  (b) 7.72e-02 [lin 7.4e-02 adv 2.1e-02]  (c1) 4.33e-01 cos 0.5910  (c2) 8.34e-04  (c3) 2.18e-01 cos 0.9498
  M256  solver t= 2- 2 n=  36  (b) 2.54e-01 [lin 2.6e-01 adv 4.0e-02]  (c1) 5.33e-01 cos 0.5643  (c2) 6.05e-04  (c3) 3.46e-01 cos 0.7737
  M256  solver t= 3- 4 n=  63  (b) 2.10e-01 [lin 2.1e-01 adv 2.6e-02]  (c1) 4.18e-01 cos 0.7188  (c2) 3.56e-04  (c3) 2.40e-01 cos 0.8598
  M256  solver t= 5- 9 n=  43  (b) 1.17e-01 [lin 1.2e-01 adv 2.9e-02]  (c1) 3.49e-01 cos 0.8381  (c2) 1.98e-04  (c3) 4.96e-01 cos 0.6816
  M256  solver t=10-24 n= 120  (b) 8.37e-02 [lin 8.7e-02 adv 5.3e-02]  (c1) 4.78e-01 cos 0.5851  (c2) 1.48e-04  (c3) 5.31e-01 cos 0.4357
  M256  solver t=25-50 n= 208  (b) 8.99e-02 [lin 9.8e-02 adv 7.7e-02]  (c1) 4.99e-01 cos 0.5540  (c2) 1.27e-04  (c3) 5.35e-01 cos 0.5583
DONE -> /cluster/tufts/paralab/tawal01/eqladder/lad1024k32/out/sep_eq_ladder_N1024_K32_r4a6.json [1118s]
ALL-DONE
