E1008 22:51:58.837276 3674251 numa_hwloc.cc:121] Call to hwloc_set_cpubind() failed: Invalid argument [22]
jax_backend=gpu device=NVIDIA A100-PCIE-40GB arm=coarse sigma=4.0 lam=0.0 nodes=129 seed=0 steps=300000
   gen n=129: trajectories 64/576 worst FOM rel residual 9.99e-13 [10s]
   gen n=129: trajectories 128/576 worst FOM rel residual 9.99e-13 [14s]
   gen n=129: trajectories 192/576 worst FOM rel residual 9.99e-13 [18s]
   gen n=129: trajectories 256/576 worst FOM rel residual 9.99e-13 [21s]
   gen n=129: trajectories 320/576 worst FOM rel residual 9.99e-13 [25s]
   gen n=129: trajectories 384/576 worst FOM rel residual 9.99e-13 [28s]
   gen n=129: trajectories 448/576 worst FOM rel residual 1.00e-12 [31s]
   gen n=129: trajectories 512/576 worst FOM rel residual 1.00e-12 [35s]
   gen n=129: trajectories 576/576 worst FOM rel residual 1.00e-12 [38s]
  data: (16384, 16129) worst residual 1.00e-12 fingerprint {'sum': 50262675.441357374, 'sumsq': 25326103.50787963, 'shape': [576, 51, 16641]} sha 1d30ca4dc71a
  FD-target uncertainty (D2 vs D4): {'median': 0.0014152320858631965, 'p90': 0.0050881774334856356, 'max': 0.35039198289947077}
   train2[coarse] step      1/300000  rel-MSE 2.395e+00  grad-rel-MSE 0.000e+00  [20s]
   train2[coarse] step   5000/300000  rel-MSE 3.174e-03  grad-rel-MSE 0.000e+00  [153s]
   train2[coarse] step  10000/300000  rel-MSE 1.069e-03  grad-rel-MSE 0.000e+00  [287s]
   train2[coarse] step  15000/300000  rel-MSE 1.714e-03  grad-rel-MSE 0.000e+00  [422s]
   train2[coarse] step  20000/300000  rel-MSE 7.896e-04  grad-rel-MSE 0.000e+00  [556s]
   train2[coarse] step  25000/300000  rel-MSE 3.643e-04  grad-rel-MSE 0.000e+00  [691s]
   train2[coarse] step  30000/300000  rel-MSE 5.057e-04  grad-rel-MSE 0.000e+00  [826s]
   train2[coarse] step  35000/300000  rel-MSE 5.115e-04  grad-rel-MSE 0.000e+00  [960s]
   train2[coarse] step  40000/300000  rel-MSE 5.173e-04  grad-rel-MSE 0.000e+00  [1095s]
   train2[coarse] step  45000/300000  rel-MSE 5.002e-04  grad-rel-MSE 0.000e+00  [1230s]
   train2[coarse] step  50000/300000  rel-MSE 1.561e-04  grad-rel-MSE 0.000e+00  [1364s]
   train2[coarse] step  55000/300000  rel-MSE 4.973e-04  grad-rel-MSE 0.000e+00  [1499s]
   train2[coarse] step  60000/300000  rel-MSE 2.192e-04  grad-rel-MSE 0.000e+00  [1634s]
   train2[coarse] step  65000/300000  rel-MSE 1.430e-04  grad-rel-MSE 0.000e+00  [1768s]
   train2[coarse] step  70000/300000  rel-MSE 2.029e-04  grad-rel-MSE 0.000e+00  [1903s]
   train2[coarse] step  75000/300000  rel-MSE 9.279e-05  grad-rel-MSE 0.000e+00  [2038s]
   train2[coarse] step  80000/300000  rel-MSE 1.260e-04  grad-rel-MSE 0.000e+00  [2173s]
   train2[coarse] step  85000/300000  rel-MSE 8.845e-05  grad-rel-MSE 0.000e+00  [2307s]
   train2[coarse] step  90000/300000  rel-MSE 8.698e-05  grad-rel-MSE 0.000e+00  [2442s]
   train2[coarse] step  95000/300000  rel-MSE 5.628e-05  grad-rel-MSE 0.000e+00  [2577s]
   train2[coarse] step 100000/300000  rel-MSE 9.793e-05  grad-rel-MSE 0.000e+00  [2712s]
   train2[coarse] step 105000/300000  rel-MSE 6.370e-05  grad-rel-MSE 0.000e+00  [2846s]
   train2[coarse] step 110000/300000  rel-MSE 4.813e-05  grad-rel-MSE 0.000e+00  [2981s]
   train2[coarse] step 115000/300000  rel-MSE 4.542e-05  grad-rel-MSE 0.000e+00  [3116s]
   train2[coarse] step 120000/300000  rel-MSE 5.349e-05  grad-rel-MSE 0.000e+00  [3251s]
   train2[coarse] step 125000/300000  rel-MSE 4.187e-05  grad-rel-MSE 0.000e+00  [3385s]
   train2[coarse] step 130000/300000  rel-MSE 4.042e-05  grad-rel-MSE 0.000e+00  [3520s]
   train2[coarse] step 135000/300000  rel-MSE 3.984e-05  grad-rel-MSE 0.000e+00  [3655s]
   train2[coarse] step 140000/300000  rel-MSE 4.743e-05  grad-rel-MSE 0.000e+00  [3789s]
   train2[coarse] step 145000/300000  rel-MSE 7.362e-05  grad-rel-MSE 0.000e+00  [3924s]
   train2[coarse] step 150000/300000  rel-MSE 4.104e-05  grad-rel-MSE 0.000e+00  [4059s]
   train2[coarse] step 155000/300000  rel-MSE 4.062e-05  grad-rel-MSE 0.000e+00  [4194s]
   train2[coarse] step 160000/300000  rel-MSE 3.936e-05  grad-rel-MSE 0.000e+00  [4329s]
   train2[coarse] step 165000/300000  rel-MSE 3.936e-05  grad-rel-MSE 0.000e+00  [4463s]
   train2[coarse] step 170000/300000  rel-MSE 3.476e-05  grad-rel-MSE 0.000e+00  [4598s]
   train2[coarse] step 175000/300000  rel-MSE 3.597e-05  grad-rel-MSE 0.000e+00  [4733s]
   train2[coarse] step 180000/300000  rel-MSE 3.207e-05  grad-rel-MSE 0.000e+00  [4868s]
   train2[coarse] step 185000/300000  rel-MSE 3.307e-05  grad-rel-MSE 0.000e+00  [5002s]
   train2[coarse] step 190000/300000  rel-MSE 3.148e-05  grad-rel-MSE 0.000e+00  [5137s]
   train2[coarse] step 195000/300000  rel-MSE 3.081e-05  grad-rel-MSE 0.000e+00  [5272s]
   train2[coarse] step 200000/300000  rel-MSE 3.060e-05  grad-rel-MSE 0.000e+00  [5407s]
   train2[coarse] step 205000/300000  rel-MSE 3.064e-05  grad-rel-MSE 0.000e+00  [5541s]
   train2[coarse] step 210000/300000  rel-MSE 3.005e-05  grad-rel-MSE 0.000e+00  [5676s]
   train2[coarse] step 215000/300000  rel-MSE 3.002e-05  grad-rel-MSE 0.000e+00  [5811s]
   train2[coarse] step 220000/300000  rel-MSE 3.164e-05  grad-rel-MSE 0.000e+00  [5946s]
   train2[coarse] step 225000/300000  rel-MSE 2.909e-05  grad-rel-MSE 0.000e+00  [6080s]
   train2[coarse] step 230000/300000  rel-MSE 2.850e-05  grad-rel-MSE 0.000e+00  [6215s]
   train2[coarse] step 235000/300000  rel-MSE 2.898e-05  grad-rel-MSE 0.000e+00  [6350s]
   train2[coarse] step 240000/300000  rel-MSE 2.816e-05  grad-rel-MSE 0.000e+00  [6484s]
   train2[coarse] step 245000/300000  rel-MSE 2.753e-05  grad-rel-MSE 0.000e+00  [6619s]
   train2[coarse] step 250000/300000  rel-MSE 2.712e-05  grad-rel-MSE 0.000e+00  [6754s]
   train2[coarse] step 255000/300000  rel-MSE 2.726e-05  grad-rel-MSE 0.000e+00  [6889s]
   train2[coarse] step 260000/300000  rel-MSE 2.745e-05  grad-rel-MSE 0.000e+00  [7024s]
   train2[coarse] step 265000/300000  rel-MSE 2.706e-05  grad-rel-MSE 0.000e+00  [7158s]
   train2[coarse] step 270000/300000  rel-MSE 2.675e-05  grad-rel-MSE 0.000e+00  [7293s]
   train2[coarse] step 275000/300000  rel-MSE 2.683e-05  grad-rel-MSE 0.000e+00  [7428s]
   train2[coarse] step 280000/300000  rel-MSE 2.669e-05  grad-rel-MSE 0.000e+00  [7562s]
   train2[coarse] step 285000/300000  rel-MSE 2.615e-05  grad-rel-MSE 0.000e+00  [7697s]
   train2[coarse] step 290000/300000  rel-MSE 2.615e-05  grad-rel-MSE 0.000e+00  [7832s]
   train2[coarse] step 295000/300000  rel-MSE 2.599e-05  grad-rel-MSE 0.000e+00  [8265s]
   train2[coarse] step 300000/300000  rel-MSE 2.588e-05  grad-rel-MSE 0.000e+00  [8688s]
   train2[coarse] done: recon mean 6.465e-03 max 7.120e-02 (used raw) [8693s]
  rotation: {"R_G_condition_number": 26159.278794674563, "train_ls_floor": {"mean": 0.00033773815505368113, "median": 0.00014612454460130099, "max": 0.007472359273638486}}
DONE
