audited_case 64 0
audited_case 64 1
audited_case 64 2
audited_case 64 3
audited_case 64 4
audited_case 64 5
audited_case 64 6
audited_case 64 7
audited_case 64 8
audited_case 64 9
audited_case 64 10
audited_case 64 11
audited_case 256 0
audited_case 256 1
audited_case 256 2
audited_case 256 3
audited_case 256 4
audited_case 256 5
audited_case 256 6
audited_case 256 7
audited_case 256 8
audited_case 256 9
audited_case 256 10
audited_case 256 11
audited_case 1024 0
audited_case 1024 1
audited_case 1024 2
audited_case 1024 3
audited_case 1024 4
audited_case 1024 5
audited_case 1024 6
audited_case 1024 7
audited_case 1024 8
audited_case 1024 9
audited_case 1024 10
audited_case 1024 11
{
  "passed": true,
  "result_sha256": "dac4dae88c4df077a7cf199e6d182be07ebf7893bcec2bb09a9a5f7a087bd419",
  "metadata": {
    "job_id": "3529772",
    "node": "pax003",
    "gpu": "NVIDIA A100-PCIE-40GB",
    "backend": "gpu",
    "x64": true,
    "precision": "highest",
    "jax": "0.10.2"
  },
  "source_commit": "7e6d2e39aafdf90afc53fad03af8eca6799574bc",
  "settings": {
    "schema": "heat-iterative-cg-v1",
    "checkpoint": "expanded_seed790715",
    "requested_intervals": [
      64,
      256,
      1024
    ],
    "cohorts": [
      {
        "name": "original",
        "seed": 790711,
        "count": 4
      },
      {
        "name": "fresh",
        "seed": 790716,
        "count": 8
      }
    ],
    "timing_repetitions": 3,
    "dt": 0.025,
    "gradient_tolerance": 1e-05,
    "reference_pair": [
      1024,
      2048
    ],
    "coarse_solver_intervals": 16,
    "primary_method": "nmrom_cholesky",
    "accuracy_target": 0.05,
    "final_cohort_opened": false,
    "methods": [
      "nmrom",
      "nmrom_cholesky",
      "fom_cg_cn",
      "fom_cg_cn_tol1e3",
      "fom_cg_cn_tol1e2",
      "fom_cg_be50",
      "linear_weak_exact",
      "fom_same_grid"
    ],
    "field_parity_tolerance": 1e-08,
    "latent_parity_tolerance": 1e-06,
    "primary_fom": "fom_cg_cn",
    "cg_methods": {
      "fom_cg_cn": {
        "theta": 0.5,
        "dt": 0.025,
        "tolerance": 1e-06,
        "max_iterations": 1000
      },
      "fom_cg_cn_tol1e3": {
        "theta": 0.5,
        "dt": 0.025,
        "tolerance": 0.001,
        "max_iterations": 1000
      },
      "fom_cg_cn_tol1e2": {
        "theta": 0.5,
        "dt": 0.025,
        "tolerance": 0.01,
        "max_iterations": 1000
      },
      "fom_cg_be50": {
        "theta": 1.0,
        "dt": 0.01,
        "tolerance": 1e-06,
        "max_iterations": 1000
      }
    }
  },
  "unique_fields_checked": 372,
  "timed_invocations_checked": 864,
  "metric_entries_checked": 62640,
  "maximum_metric_difference": 5.262457136723242e-14,
  "maximum_reference_refinement": 1.6281088458585425e-12,
  "operator_errors": [
    {
      "intervals": 64,
      "operator": "generator",
      "relative_error": 2.1588481526873763e-14
    },
    {
      "intervals": 64,
      "operator": "cn_step",
      "relative_error": 4.547761746944968e-15
    },
    {
      "intervals": 64,
      "operator": "initial_gram",
      "relative_error": 0.0
    },
    {
      "intervals": 64,
      "operator": "weak_gram",
      "relative_error": 0.0
    },
    {
      "intervals": 256,
      "operator": "generator",
      "relative_error": 1.8439530807666867e-14
    },
    {
      "intervals": 256,
      "operator": "cn_step",
      "relative_error": 3.953100654391505e-15
    },
    {
      "intervals": 256,
      "operator": "initial_gram",
      "relative_error": 0.0
    },
    {
      "intervals": 256,
      "operator": "weak_gram",
      "relative_error": 0.0
    },
    {
      "intervals": 1024,
      "operator": "generator",
      "relative_error": 1.7004361447071053e-14
    },
    {
      "intervals": 1024,
      "operator": "cn_step",
      "relative_error": 3.885206380493334e-15
    },
    {
      "intervals": 1024,
      "operator": "initial_gram",
      "relative_error": 0.0
    },
    {
      "intervals": 1024,
      "operator": "weak_gram",
      "relative_error": 0.0
    }
  ],
  "outlier_rule": "Above 1.5 times the median of the same case/method/mesh repetition group; none excluded.",
  "summaries": [
    {
      "intervals": 64,
      "method": "fom_cg_be50",
      "cases": 12,
      "invocations": 36,
      "worst_physical_error": 0.006538249356001222,
      "worst_initial_error": 0.0,
      "worst_same_grid_error": 0.00565751699825711,
      "largest_energy_increase": -0.0005895091415296294,
      "device_median_ms": 10.573869454674423,
      "device_outliers": 0,
      "host_median_ms": 11.072051944211125,
      "host_outliers": 0,
      "nonstationary_fit_count": 0,
      "nonstationary_step_count": 0,
      "total_initial_attempts": 0,
      "total_step_attempts": 0,
      "skipped_second_initializations": 0,
      "cg_nonconverged_steps": 0,
      "cg_total_iterations": 9690,
      "cg_zero_iteration_steps": 0,
      "cg_max_true_relative_residual": 9.988263910653492e-07,
      "cg_max_recurrent_true_difference": 4.108972708998372e-17,
      "worst_exact_time_discrete_error": 6.1150471419198275e-06
    },
    {
      "intervals": 64,
      "method": "fom_cg_cn",
      "cases": 12,
      "invocations": 36,
      "worst_physical_error": 0.0006737856413173462,
      "worst_initial_error": 0.0,
      "worst_same_grid_error": 0.0003465949783785291,
      "largest_energy_increase": -0.0005857156108186887,
      "device_median_ms": 5.505837965756655,
      "device_outliers": 0,
      "host_median_ms": 6.023616413585842,
      "host_outliers": 0,
      "nonstationary_fit_count": 0,
      "nonstationary_step_count": 0,
      "total_initial_attempts": 0,
      "total_step_attempts": 0,
      "skipped_second_initializations": 0,
      "cg_nonconverged_steps": 0,
      "cg_total_iterations": 5115,
      "cg_zero_iteration_steps": 0,
      "cg_max_true_relative_residual": 9.895559838498118e-07,
      "cg_max_recurrent_true_difference": 5.0950408205885454e-17,
      "worst_exact_time_discrete_error": 3.774096353794816e-06
    },
    {
      "intervals": 64,
      "method": "fom_cg_cn_tol1e2",
      "cases": 12,
      "invocations": 36,
      "worst_physical_error": 0.015860306094822633,
      "worst_initial_error": 0.0,
      "worst_same_grid_error": 0.015461211714180143,
      "largest_energy_increase": -0.0005834349317946999,
      "device_median_ms": 2.503836411051452,
      "device_outliers": 0,
      "host_median_ms": 2.997430507093668,
      "host_outliers": 0,
      "nonstationary_fit_count": 0,
      "nonstationary_step_count": 0,
      "total_initial_attempts": 0,
      "total_step_attempts": 0,
      "skipped_second_initializations": 0,
      "cg_nonconverged_steps": 0,
      "cg_total_iterations": 1545,
      "cg_zero_iteration_steps": 0,
      "cg_max_true_relative_residual": 0.00999072013037032,
      "cg_max_recurrent_true_difference": 2.3852447794681098e-17,
      "worst_exact_time_discrete_error": 0.015514904875754605
    },
    {
      "intervals": 64,
      "method": "fom_cg_cn_tol1e3",
      "cases": 12,
      "invocations": 36,
      "worst_physical_error": 0.0049245139394787285,
      "worst_initial_error": 0.0,
      "worst_same_grid_error": 0.00485033741764422,
      "largest_energy_increase": -0.0005847953290570654,
      "device_median_ms": 2.65499041415751,
      "device_outliers": 0,
      "host_median_ms": 3.165223402902484,
      "host_outliers": 0,
      "nonstationary_fit_count": 0,
      "nonstationary_step_count": 0,
      "total_initial_attempts": 0,
      "total_step_attempts": 0,
      "skipped_second_initializations": 0,
      "cg_nonconverged_steps": 0,
      "cg_total_iterations": 1767,
      "cg_zero_iteration_steps": 0,
      "cg_max_true_relative_residual": 0.0009940433560458174,
      "cg_max_recurrent_true_difference": 1.702197410802242e-17,
      "worst_exact_time_discrete_error": 0.0048208591584875905
    },
    {
      "intervals": 64,
      "method": "fom_same_grid",
      "cases": 12,
      "invocations": 36,
      "worst_physical_error": 0.000897485037432332,
      "worst_initial_error": 0.0,
      "worst_same_grid_error": 0.0,
      "largest_energy_increase": -0.000585852710764819,
      "device_median_ms": 0.177714042365551,
      "device_outliers": 12,
      "host_median_ms": 0.5437779473140836,
      "host_outliers": 12,
      "nonstationary_fit_count": 0,
      "nonstationary_step_count": 0,
      "total_initial_attempts": 0,
      "total_step_attempts": 0,
      "skipped_second_initializations": 0
    },
    {
      "intervals": 64,
      "method": "linear_weak_exact",
      "cases": 12,
      "invocations": 36,
      "worst_physical_error": 0.016757537550577573,
      "worst_initial_error": 0.016757537550577573,
      "worst_same_grid_error": 0.016757537550577573,
      "largest_energy_increase": -0.0005858648337689907,
      "device_median_ms": 0.1083100214600563,
      "device_outliers": 1,
      "host_median_ms": 0.5029350286349654,
      "host_outliers": 1,
      "nonstationary_fit_count": 0,
      "nonstationary_step_count": 0,
      "total_initial_attempts": 0,
      "total_step_attempts": 0,
      "skipped_second_initializations": 0
    },
    {
      "intervals": 64,
      "method": "nmrom",
      "cases": 12,
      "invocations": 36,
      "worst_physical_error": 0.0455926037131942,
      "worst_initial_error": 0.04545174045420822,
      "worst_same_grid_error": 0.045542457913599385,
      "largest_energy_increase": -0.0005851084320341827,
      "device_median_ms": 12.649236945435405,
      "device_outliers": 1,
      "host_median_ms": 13.384897029027343,
      "host_outliers": 0,
      "nonstationary_fit_count": 0,
      "nonstationary_step_count": 0,
      "total_initial_attempts": 810,
      "total_step_attempts": 1812,
      "skipped_second_initializations": 0
    },
    {
      "intervals": 64,
      "method": "nmrom_cholesky",
      "cases": 12,
      "invocations": 36,
      "worst_physical_error": 0.04559260371319415,
      "worst_initial_error": 0.04545174045420848,
      "worst_same_grid_error": 0.045542457913599343,
      "largest_energy_increase": -0.0005851084320341827,
      "device_median_ms": 11.226765462197363,
      "device_outliers": 0,
      "host_median_ms": 11.685870005749166,
      "host_outliers": 0,
      "nonstationary_fit_count": 0,
      "nonstationary_step_count": 0,
      "total_initial_attempts": 810,
      "total_step_attempts": 1812,
      "skipped_second_initializations": 0
    },
    {
      "intervals": 256,
      "method": "fom_cg_be50",
      "cases": 12,
      "invocations": 36,
      "worst_physical_error": 0.005721838383349489,
      "worst_initial_error": 0.0,
      "worst_same_grid_error": 0.005667026506176574,
      "largest_energy_increase": -0.0005889579513821842,
      "device_median_ms": 33.156004501506686,
      "device_outliers": 0,
      "host_median_ms": 34.70290545374155,
      "host_outliers": 0,
      "nonstationary_fit_count": 0,
      "nonstationary_step_count": 0,
      "total_initial_attempts": 0,
      "total_step_attempts": 0,
      "skipped_second_initializations": 0,
      "cg_nonconverged_steps": 0,
      "cg_total_iterations": 36738,
      "cg_zero_iteration_steps": 0,
      "cg_max_true_relative_residual": 9.996108433130828e-07,
      "cg_max_recurrent_true_difference": 3.2499129526842446e-16,
      "worst_exact_time_discrete_error": 4.473903949927274e-06
    },
    {
      "intervals": 256,
      "method": "fom_cg_cn",
      "cases": 12,
      "invocations": 36,
      "worst_physical_error": 0.0003126076669711945,
      "worst_initial_error": 0.0,
      "worst_same_grid_error": 0.0003512434934510177,
      "largest_energy_increase": -0.0005851628638675363,
      "device_median_ms": 20.997201558202505,
      "device_outliers": 0,
      "host_median_ms": 22.424818482249975,
      "host_outliers": 0,
      "nonstationary_fit_count": 0,
      "nonstationary_step_count": 0,
      "total_initial_attempts": 0,
      "total_step_attempts": 0,
      "skipped_second_initializations": 0,
      "cg_nonconverged_steps": 0,
      "cg_total_iterations": 23319,
      "cg_zero_iteration_steps": 0,
      "cg_max_true_relative_residual": 9.991577430118117e-07,
      "cg_max_recurrent_true_difference": 2.898159227930847e-16,
      "worst_exact_time_discrete_error": 2.444176067581853e-06
    },
    {
      "intervals": 256,
      "method": "fom_cg_cn_tol1e2",
      "cases": 12,
      "invocations": 36,
      "worst_physical_error": 0.009254642451452147,
      "worst_initial_error": 0.0,
      "worst_same_grid_error": 0.009234659958742278,
      "largest_energy_increase": -0.0005876260707999184,
      "device_median_ms": 6.938944570720196,
      "device_outliers": 0,
      "host_median_ms": 8.353524026460946,
      "host_outliers": 0,
      "nonstationary_fit_count": 0,
      "nonstationary_step_count": 0,
      "total_initial_attempts": 0,
      "total_step_attempts": 0,
      "skipped_second_initializations": 0,
      "cg_nonconverged_steps": 0,
      "cg_total_iterations": 6819,
      "cg_zero_iteration_steps": 0,
      "cg_max_true_relative_residual": 0.009975349908003745,
      "cg_max_recurrent_true_difference": 1.8908485888147197e-16,
      "worst_exact_time_discrete_error": 0.009265155496916208
    },
    {
      "intervals": 256,
      "method": "fom_cg_cn_tol1e3",
      "cases": 12,
      "invocations": 36,
      "worst_physical_error": 0.0034296953838732452,
      "worst_initial_error": 0.0,
      "worst_same_grid_error": 0.0034327332833070335,
      "largest_energy_increase": -0.0005824173235215572,
      "device_median_ms": 8.354508434422314,
      "device_outliers": 0,
      "host_median_ms": 9.793593548238277,
      "host_outliers": 0,
      "nonstationary_fit_count": 0,
      "nonstationary_step_count": 0,
      "total_initial_attempts": 0,
      "total_step_attempts": 0,
      "skipped_second_initializations": 0,
      "cg_nonconverged_steps": 0,
      "cg_total_iterations": 8571,
      "cg_zero_iteration_steps": 0,
      "cg_max_true_relative_residual": 0.0009991899964083906,
      "cg_max_recurrent_true_difference": 1.973247953923618e-16,
      "worst_exact_time_discrete_error": 0.003391112371040458
    },
    {
      "intervals": 256,
      "method": "fom_same_grid",
      "cases": 12,
      "invocations": 36,
      "worst_physical_error": 5.6020916596720584e-05,
      "worst_initial_error": 0.0,
      "worst_same_grid_error": 0.0,
      "largest_energy_increase": -0.0005853003416325135,
      "device_median_ms": 0.2620250452309847,
      "device_outliers": 9,
      "host_median_ms": 1.4372965088114142,
      "host_outliers": 9,
      "nonstationary_fit_count": 0,
      "nonstationary_step_count": 0,
      "total_initial_attempts": 0,
      "total_step_attempts": 0,
      "skipped_second_initializations": 0
    },
    {
      "intervals": 256,
      "method": "linear_weak_exact",
      "cases": 12,
      "invocations": 36,
      "worst_physical_error": 0.016758301823072853,
      "worst_initial_error": 0.016758301823072853,
      "worst_same_grid_error": 0.016758301823072853,
      "largest_energy_increase": -0.0005853134848576745,
      "device_median_ms": 0.1381520414724946,
      "device_outliers": 2,
      "host_median_ms": 1.4012360479682684,
      "host_outliers": 0,
      "nonstationary_fit_count": 0,
      "nonstationary_step_count": 0,
      "total_initial_attempts": 0,
      "total_step_attempts": 0,
      "skipped_second_initializations": 0
    },
    {
      "intervals": 256,
      "method": "nmrom",
      "cases": 12,
      "invocations": 36,
      "worst_physical_error": 0.045556812082243825,
      "worst_initial_error": 0.04545182279996536,
      "worst_same_grid_error": 0.04555390163440953,
      "largest_energy_increase": -0.0005844152829723092,
      "device_median_ms": 12.164991581812501,
      "device_outliers": 0,
      "host_median_ms": 13.915150542743504,
      "host_outliers": 0,
      "nonstationary_fit_count": 0,
      "nonstationary_step_count": 0,
      "total_initial_attempts": 810,
      "total_step_attempts": 1821,
      "skipped_second_initializations": 0
    },
    {
      "intervals": 256,
      "method": "nmrom_cholesky",
      "cases": 12,
      "invocations": 36,
      "worst_physical_error": 0.04555681208224373,
      "worst_initial_error": 0.04545182279996517,
      "worst_same_grid_error": 0.045553901634409436,
      "largest_energy_increase": -0.000584415282972311,
      "device_median_ms": 11.341399629600346,
      "device_outliers": 0,
      "host_median_ms": 12.74859404657036,
      "host_outliers": 0,
      "nonstationary_fit_count": 0,
      "nonstationary_step_count": 0,
      "total_initial_attempts": 810,
      "total_step_attempts": 1821,
      "skipped_second_initializations": 0
    },
    {
      "intervals": 1024,
      "method": "fom_cg_be50",
      "cases": 12,
      "invocations": 36,
      "worst_physical_error": 0.005671198821854178,
      "worst_initial_error": 0.0,
      "worst_same_grid_error": 0.005667774087865829,
      "largest_energy_increase": -0.0005889232622286727,
      "device_median_ms": 306.818958488293,
      "device_outliers": 0,
      "host_median_ms": 331.49787795264274,
      "host_outliers": 0,
      "nonstationary_fit_count": 0,
      "nonstationary_step_count": 0,
      "total_initial_attempts": 0,
      "total_step_attempts": 0,
      "skipped_second_initializations": 0,
      "cg_nonconverged_steps": 0,
      "cg_total_iterations": 151011,
      "cg_zero_iteration_steps": 0,
      "cg_max_true_relative_residual": 9.99584418869831e-07,
      "cg_max_recurrent_true_difference": 3.6783561934490994e-15,
      "worst_exact_time_discrete_error": 2.8753982281685277e-06
    },
    {
      "intervals": 1024,
      "method": "fom_cg_cn",
      "cases": 12,
      "invocations": 36,
      "worst_physical_error": 0.00034908539218443045,
      "worst_initial_error": 0.0,
      "worst_same_grid_error": 0.00035153896007608545,
      "largest_energy_increase": -0.000585128315414728,
      "device_median_ms": 210.5955354636535,
      "device_outliers": 0,
      "host_median_ms": 235.20259244833142,
      "host_outliers": 0,
      "nonstationary_fit_count": 0,
      "nonstationary_step_count": 0,
      "total_initial_attempts": 0,
      "total_step_attempts": 0,
      "skipped_second_initializations": 0,
      "cg_nonconverged_steps": 0,
      "cg_total_iterations": 103782,
      "cg_zero_iteration_steps": 0,
      "cg_max_true_relative_residual": 9.995615411775964e-07,
      "cg_max_recurrent_true_difference": 3.883646486677441e-15,
      "worst_exact_time_discrete_error": 1.3149574580613148e-06
    },
    {
      "intervals": 1024,
      "method": "fom_cg_cn_tol1e2",
      "cases": 12,
      "invocations": 36,
      "worst_physical_error": 0.007706845902824921,
      "worst_initial_error": 0.0,
      "worst_same_grid_error": 0.007705923761893057,
      "largest_energy_increase": -0.0005883429185948707,
      "device_median_ms": 59.1779820388183,
      "device_outliers": 0,
      "host_median_ms": 83.50166003219783,
      "host_outliers": 0,
      "nonstationary_fit_count": 0,
      "nonstationary_step_count": 0,
      "total_initial_attempts": 0,
      "total_step_attempts": 0,
      "skipped_second_initializations": 0,
      "cg_nonconverged_steps": 0,
      "cg_total_iterations": 28281,
      "cg_zero_iteration_steps": 0,
      "cg_max_true_relative_residual": 0.009998142797941232,
      "cg_max_recurrent_true_difference": 2.5222879340702775e-15,
      "worst_exact_time_discrete_error": 0.007716344170163615
    },
    {
      "intervals": 1024,
      "method": "fom_cg_cn_tol1e3",
      "cases": 12,
      "invocations": 36,
      "worst_physical_error": 0.002157746087242216,
      "worst_initial_error": 0.0,
      "worst_same_grid_error": 0.002158249139367692,
      "largest_energy_increase": -0.0005828067702766029,
      "device_median_ms": 83.22693896479905,
      "device_outliers": 0,
      "host_median_ms": 107.81514353584498,
      "host_outliers": 0,
      "nonstationary_fit_count": 0,
      "nonstationary_step_count": 0,
      "total_initial_attempts": 0,
      "total_step_attempts": 0,
      "skipped_second_initializations": 0,
      "cg_nonconverged_steps": 0,
      "cg_total_iterations": 41220,
      "cg_zero_iteration_steps": 0,
      "cg_max_true_relative_residual": 0.0009997430958629233,
      "cg_max_recurrent_true_difference": 2.7214558731558647e-15,
      "worst_exact_time_discrete_error": 0.0020951832872633095
    },
    {
      "intervals": 1024,
      "method": "fom_same_grid",
      "cases": 12,
      "invocations": 36,
      "worst_physical_error": 3.501026827628017e-06,
      "worst_initial_error": 0.0,
      "worst_same_grid_error": 0.0,
      "largest_energy_increase": -0.0005852658605002155,
      "device_median_ms": 1.2359034735709429,
      "device_outliers": 0,
      "host_median_ms": 25.920844869688153,
      "host_outliers": 0,
      "nonstationary_fit_count": 0,
      "nonstationary_step_count": 0,
      "total_initial_attempts": 0,
      "total_step_attempts": 0,
      "skipped_second_initializations": 0
    },
    {
      "intervals": 1024,
      "method": "linear_weak_exact",
      "cases": 12,
      "invocations": 36,
      "worst_physical_error": 0.016758304893223035,
      "worst_initial_error": 0.016758304893223035,
      "worst_same_grid_error": 0.016758304893223035,
      "largest_energy_increase": -0.0005852790671887109,
      "device_median_ms": 0.8380644721910357,
      "device_outliers": 0,
      "host_median_ms": 25.340797496028244,
      "host_outliers": 0,
      "nonstationary_fit_count": 0,
      "nonstationary_step_count": 0,
      "total_initial_attempts": 0,
      "total_step_attempts": 0,
      "skipped_second_initializations": 0
    },
    {
      "intervals": 1024,
      "method": "nmrom",
      "cases": 12,
      "invocations": 36,
      "worst_physical_error": 0.04555479479880725,
      "worst_initial_error": 0.04545182314006734,
      "worst_same_grid_error": 0.04555461377197946,
      "largest_energy_increase": -0.0005843719899763155,
      "device_median_ms": 13.179173925891519,
      "device_outliers": 0,
      "host_median_ms": 37.012103013694286,
      "host_outliers": 0,
      "nonstationary_fit_count": 0,
      "nonstationary_step_count": 0,
      "total_initial_attempts": 810,
      "total_step_attempts": 1821,
      "skipped_second_initializations": 0
    },
    {
      "intervals": 1024,
      "method": "nmrom_cholesky",
      "cases": 12,
      "invocations": 36,
      "worst_physical_error": 0.045554794798807384,
      "worst_initial_error": 0.04545182314006721,
      "worst_same_grid_error": 0.04555461377197959,
      "largest_energy_increase": -0.0005843719899763147,
      "device_median_ms": 12.206228449940681,
      "device_outliers": 0,
      "host_median_ms": 36.841067019850016,
      "host_outliers": 0,
      "nonstationary_fit_count": 0,
      "nonstationary_step_count": 0,
      "total_initial_attempts": 810,
      "total_step_attempts": 1821,
      "skipped_second_initializations": 0
    }
  ],
  "nonlinear_decoder_checks": 216,
  "maximum_sampled_decoder_error": 4.686489197948733e-16,
  "time_step_weak_checks": 4320,
  "maximum_time_step_weak_difference": 1.4973983966833082e-15,
  "initial_fit_weak_checks": 432,
  "maximum_initial_fit_weak_difference": 1.8041124150158794e-15,
  "initial_target_audit": "Recovered by independent QR from sampled linear initial projection; not a full-grid independent projection reconstruction.",
  "algebra_parity_passed": true,
  "all_counts_equal": true,
  "cg_reference": "Independent NumPy/SciPy sine transform of the exact matching finite-difference theta-method; every CG output checked. Full internal CG fields are not stored for independent per-step true-residual reconstruction."
}
