host=pax007  node=pax007  gpu=NVIDIA A100 80GB PCIe
commit=9741ff0  dirty=e3b0c44298fc (dirty marker 'e3b0c442' == clean)  cell=ctol_b_n256  job=2511813
src_bundle=ctol=9741ff0/e3b0c44298fc,2026-08-16-poisson2d-rom-objective=d68d8cb/e3b0c442,2026-08-16-burgers2d-rom-latent-stepping=c7e9c2e/e3b0c442,2026-08-14-multistage-precision=b389467/e3b0c442,2026-08-14-burgers2d-coord-rom=b327915/e3b0c442
jax_backend=gpu cuda:0
jax_backend=gpu device=cuda:0 gpu=NVIDIA A100 80GB PCIe KS=[2, 4, 6, 8, 12, 16, 24, 32] NS=[256] TAUS=[0.1, 0.01, 0.001] M=64 m=256 reps=7 warm=2 ckpt_N=64 n_test=16 n_pod_traj=512
  plan: 1 mesh(es) [256], k values [2, 4, 6, 8, 12, 16, 24, 32], 20 (arm, method) cells
  ckpt k= 2: blat_ad_N64_K2.pkl train_seed=0
  ckpt k= 4: blat_ad_N64_K4.pkl train_seed=None
  ckpt k= 6: blat_ad_N64_K6.pkl train_seed=0
  ckpt k= 8: blat_ad_N64_K8.pkl train_seed=None
  ckpt k=12: blat_ad_N64_K12.pkl train_seed=0
  ckpt k=16: blat_ad_N64_K16.pkl train_seed=None
  ckpt k=24: blat_ad_N64_K24.pkl train_seed=0
  ckpt k=32: blat_ad_N64_K32.pkl train_seed=0
== N= 256: test trajectories regenerated, FOM Newton residual 9.84e-13
   FOM Newton=1:    158.9 ms  err 2.734e-04  residual 4.60e-02
   FOM Newton=2:    369.2 ms  err 1.340e-07  residual 1.60e-04
   FOM Newton=3:    610.4 ms  err 7.616e-13  residual 2.48e-09
   FOM Newton=4:    857.1 ms  err 7.229e-16  residual 9.84e-13
   FOM Newton=6:   1351.0 ms  err 7.229e-16  residual 9.84e-13
   FOM Newton=8:   1844.3 ms  err 7.229e-16  residual 9.84e-13
   FOM rollout (batch 1, median over 16 sources, reference Newton=8) 1840.1 ms -- ladder above is iso-accuracy
   POD basis: 6656 snapshots from 512 trajectories x 13 slices (stride 4), orthonormality dev 1.83e-14, sv0 3.315e+03 sv[31] 8.224e+01 (train FOM residual 1.00e-12)
   POD projection floor (held-out): k=2:6.068e-01  k=4:3.830e-01  k=6:2.650e-01  k=8:2.057e-01  k=12:1.349e-01  k=16:9.679e-02  k=24:6.091e-02  k=32:4.368e-02
   EQ candidate pool: 4096 of 64516 interior nodes (cap 4096)
  NNLS-EQ burgers coord N=256 k=2 M=64 m=256: pool 4096 support 256 (+0 pad) rel fit 5.49e-02 (row p95 3.2e+00, max 4.8e+03) [16s]
   coord N= 256 k= 2 M= 64 m= 256 tau=1e-01  e2e    416.8 ms  solve    247.9 ms  jac  414.0  err 4.201e-01  fomres 1.42e+00  cens 100.0%  blowups 0
   coord N= 256 k= 2 M= 64 m= 256 tau=1e-02  e2e    423.0 ms  solve    254.1 ms  jac  414.0  err 4.201e-01  fomres 1.42e+00  cens 100.0%  blowups 0
   coord N= 256 k= 2 M= 64 m= 256 tau=1e-03  e2e    433.8 ms  solve    264.9 ms  jac  414.0  err 4.201e-01  fomres 1.42e+00  cens 100.0%  blowups 0
   WARNING ceiling N=256 k=2: the ROM (4.201e-01) BEAT the oracle ceiling (6.858e-01); the ceiling LM did not converge and this cell's ceiling is not a valid bound
   ceiling  N= 256 k= 2: oracle inferred-latent 6.858e-01 (max 2.452e+00, every 10th slice)
   [cell coord N=256 k=2 M=64 m=256: 402s]
  NNLS-EQ burgers pod N=256 k=2 M=64 m=256: pool 4096 support 256 (+0 pad) rel fit 1.42e-05 (row p95 6.5e-03, max 2.8e+01) [19s]
   pod   N= 256 k= 2 M= 64 m= 256 tau=1e-01  e2e     33.4 ms  solve     33.3 ms  jac  194.6  err 6.117e-01  fomres 5.16e-02  cens 100.0%  blowups 0
   pod   N= 256 k= 2 M= 64 m= 256 tau=1e-02  e2e     33.3 ms  solve     33.2 ms  jac  194.6  err 6.117e-01  fomres 5.16e-02  cens 100.0%  blowups 0
   pod   N= 256 k= 2 M= 64 m= 256 tau=1e-03  e2e     33.2 ms  solve     33.1 ms  jac  194.6  err 6.117e-01  fomres 5.16e-02  cens 100.0%  blowups 0
   [cell pod N=256 k=2 M=64 m=256: 38s]
  NNLS-EQ burgers coord N=256 k=4 M=64 m=256: pool 4096 support 256 (+0 pad) rel fit 9.35e-03 (row p95 8.0e-01, max 4.6e+02) [16s]
   coord N= 256 k= 4 M= 64 m= 256 tau=1e-01  e2e    417.9 ms  solve    248.7 ms  jac  290.5  err 8.435e-02  fomres 1.99e-02  cens 79.5%  blowups 0
   coord N= 256 k= 4 M= 64 m= 256 tau=1e-02  e2e    440.4 ms  solve    271.2 ms  jac  333.6  err 8.235e-02  fomres 1.98e-02  cens 100.0%  blowups 0
   coord N= 256 k= 4 M= 64 m= 256 tau=1e-03  e2e    443.2 ms  solve    273.9 ms  jac  333.6  err 8.235e-02  fomres 1.98e-02  cens 100.0%  blowups 0
   ceiling  N= 256 k= 4: oracle inferred-latent 6.127e-02 (max 2.150e-01, every 10th slice)
   [cell coord N=256 k=4 M=64 m=256: 307s]
  NNLS-EQ burgers pod N=256 k=4 M=64 m=256: pool 4096 support 256 (+0 pad) rel fit 8.63e-05 (row p95 2.6e-02, max 2.1e+01) [18s]
   pod   N= 256 k= 4 M= 64 m= 256 tau=1e-01  e2e     31.7 ms  solve     31.7 ms  jac  198.2  err 4.012e-01  fomres 6.18e-02  cens 100.0%  blowups 0
   pod   N= 256 k= 4 M= 64 m= 256 tau=1e-02  e2e     31.8 ms  solve     31.7 ms  jac  198.2  err 4.012e-01  fomres 6.18e-02  cens 100.0%  blowups 0
   pod   N= 256 k= 4 M= 64 m= 256 tau=1e-03  e2e     31.7 ms  solve     31.6 ms  jac  198.2  err 4.012e-01  fomres 6.18e-02  cens 100.0%  blowups 0
   [cell pod N=256 k=4 M=64 m=256: 37s]
  NNLS-EQ burgers coord N=256 k=6 M=64 m=256: pool 4096 support 256 (+0 pad) rel fit 6.83e-03 (row p95 5.9e-01, max 7.8e+02) [15s]
   coord N= 256 k= 6 M= 64 m= 256 tau=1e-01  e2e    276.3 ms  solve    106.7 ms  jac  134.1  err 2.468e-02  fomres 1.45e-02  cens 10.2%  blowups 0
   coord N= 256 k= 6 M= 64 m= 256 tau=1e-02  e2e    471.0 ms  solve    301.4 ms  jac  302.8  err 2.000e-02  fomres 1.43e-02  cens 100.0%  blowups 0
   coord N= 256 k= 6 M= 64 m= 256 tau=1e-03  e2e    482.4 ms  solve    312.8 ms  jac  302.8  err 2.000e-02  fomres 1.43e-02  cens 100.0%  blowups 0
   ceiling  N= 256 k= 6: oracle inferred-latent 1.888e-02 (max 7.988e-02, every 10th slice)
   [cell coord N=256 k=6 M=64 m=256: 319s]
  NNLS-EQ burgers pod N=256 k=6 M=64 m=256: pool 4096 support 256 (+0 pad) rel fit 1.41e-04 (row p95 3.6e-02, max 1.6e+02) [16s]
   pod   N= 256 k= 6 M= 64 m= 256 tau=1e-01  e2e     33.5 ms  solve     33.4 ms  jac  199.9  err 2.787e-01  fomres 6.89e-02  cens 100.0%  blowups 0
   pod   N= 256 k= 6 M= 64 m= 256 tau=1e-02  e2e     33.5 ms  solve     33.4 ms  jac  199.9  err 2.787e-01  fomres 6.89e-02  cens 100.0%  blowups 0
   pod   N= 256 k= 6 M= 64 m= 256 tau=1e-03  e2e     33.5 ms  solve     33.4 ms  jac  199.9  err 2.787e-01  fomres 6.89e-02  cens 100.0%  blowups 0
   [cell pod N=256 k=6 M=64 m=256: 36s]
  NNLS-EQ burgers coord N=256 k=8 M=64 m=256: pool 4096 support 256 (+0 pad) rel fit 7.30e-03 (row p95 6.3e-01, max 4.0e+02) [16s]
   coord N= 256 k= 8 M= 64 m= 256 tau=1e-01  e2e    290.4 ms  solve    120.8 ms  jac  136.6  err 2.541e-02  fomres 1.27e-02  cens  8.6%  blowups 0
   coord N= 256 k= 8 M= 64 m= 256 tau=1e-02  e2e    521.3 ms  solve    351.7 ms  jac  327.2  err 1.761e-02  fomres 1.23e-02  cens 100.0%  blowups 0
   coord N= 256 k= 8 M= 64 m= 256 tau=1e-03  e2e    531.5 ms  solve    361.8 ms  jac  327.6  err 1.761e-02  fomres 1.23e-02  cens 100.0%  blowups 0
   ceiling  N= 256 k= 8: oracle inferred-latent 1.611e-02 (max 7.283e-02, every 10th slice)
   [cell coord N=256 k=8 M=64 m=256: 411s]
  NNLS-EQ burgers pod N=256 k=8 M=64 m=256: pool 4096 support 256 (+0 pad) rel fit 1.91e-04 (row p95 5.1e-02, max 9.8e+00) [17s]
   pod   N= 256 k= 8 M= 64 m= 256 tau=1e-01  e2e     32.3 ms  solve     32.2 ms  jac  201.1  err 2.190e-01  fomres 6.96e-02  cens 100.0%  blowups 0
   pod   N= 256 k= 8 M= 64 m= 256 tau=1e-02  e2e     32.0 ms  solve     32.0 ms  jac  201.1  err 2.190e-01  fomres 6.96e-02  cens 100.0%  blowups 0
   pod   N= 256 k= 8 M= 64 m= 256 tau=1e-03  e2e     31.8 ms  solve     31.7 ms  jac  201.1  err 2.190e-01  fomres 6.96e-02  cens 100.0%  blowups 0
   [cell pod N=256 k=8 M=64 m=256: 36s]
  NNLS-EQ burgers coord N=256 k=8 M=256 m=256: pool 4096 support 256 (+0 pad) rel fit 1.34e-01 (row p95 1.3e+02, max 1.7e+05) [34s]
   coord N= 256 k= 8 M=256 m= 256 tau=1e-01  e2e    524.9 ms  solve    356.2 ms  jac  359.2  err 7.422e-02  fomres 1.39e-02  cens 98.3%  blowups 0
   coord N= 256 k= 8 M=256 m= 256 tau=1e-02  e2e    557.5 ms  solve    388.8 ms  jac  390.5  err 6.970e-02  fomres 1.29e-02  cens 100.0%  blowups 0
   coord N= 256 k= 8 M=256 m= 256 tau=1e-03  e2e    563.7 ms  solve    394.9 ms  jac  391.6  err 6.970e-02  fomres 1.29e-02  cens 100.0%  blowups 0
   [cell coord N=256 k=8 M=256 m=256: 292s]
  NNLS-EQ burgers pod N=256 k=8 M=256 m=256: pool 4096 support 256 (+0 pad) rel fit 8.28e-02 (row p95 1.2e+02, max 1.1e+05) [33s]
   pod   N= 256 k= 8 M=256 m= 256 tau=1e-01  e2e     36.2 ms  solve     36.2 ms  jac  201.3  err 2.204e-01  fomres 6.81e-02  cens 100.0%  blowups 0
   pod   N= 256 k= 8 M=256 m= 256 tau=1e-02  e2e     36.1 ms  solve     36.0 ms  jac  201.3  err 2.204e-01  fomres 6.81e-02  cens 100.0%  blowups 0
   pod   N= 256 k= 8 M=256 m= 256 tau=1e-03  e2e     35.7 ms  solve     35.7 ms  jac  201.3  err 2.204e-01  fomres 6.81e-02  cens 100.0%  blowups 0
   [cell pod N=256 k=8 M=256 m=256: 53s]
  NNLS-EQ burgers coord N=256 k=12 M=64 m=256: pool 4096 support 256 (+0 pad) rel fit 8.29e-03 (row p95 6.7e-01, max 1.2e+03) [15s]
   coord N= 256 k=12 M= 64 m= 256 tau=1e-01  e2e    320.3 ms  solve    151.9 ms  jac  134.4  err 2.133e-02  fomres 1.20e-02  cens  4.2%  blowups 0
   coord N= 256 k=12 M= 64 m= 256 tau=1e-02  e2e    668.9 ms  solve    500.5 ms  jac  367.4  err 1.489e-02  fomres 1.17e-02  cens 100.0%  blowups 0
   coord N= 256 k=12 M= 64 m= 256 tau=1e-03  e2e    678.6 ms  solve    510.2 ms  jac  369.0  err 1.489e-02  fomres 1.17e-02  cens 100.0%  blowups 0
   ceiling  N= 256 k=12: oracle inferred-latent 1.372e-02 (max 1.111e-01, every 10th slice)
   [cell coord N=256 k=12 M=64 m=256: 575s]
  NNLS-EQ burgers pod N=256 k=12 M=64 m=256: pool 4096 support 256 (+0 pad) rel fit 4.23e-04 (row p95 8.0e-02, max 1.6e+01) [16s]
   pod   N= 256 k=12 M= 64 m= 256 tau=1e-01  e2e     36.1 ms  solve     36.0 ms  jac  203.6  err 1.459e-01  fomres 6.74e-02  cens 100.0%  blowups 0
   pod   N= 256 k=12 M= 64 m= 256 tau=1e-02  e2e     35.8 ms  solve     35.7 ms  jac  203.6  err 1.459e-01  fomres 6.74e-02  cens 100.0%  blowups 0
   pod   N= 256 k=12 M= 64 m= 256 tau=1e-03  e2e     35.9 ms  solve     35.8 ms  jac  203.6  err 1.459e-01  fomres 6.74e-02  cens 100.0%  blowups 0
   [cell pod N=256 k=12 M=64 m=256: 36s]
  NNLS-EQ burgers coord N=256 k=16 M=64 m=256: pool 4096 support 256 (+0 pad) rel fit 8.63e-03 (row p95 7.8e-01, max 1.5e+02) [15s]
   coord N= 256 k=16 M= 64 m= 256 tau=1e-01  e2e    360.0 ms  solve    191.0 ms  jac  190.8  err 4.135e-02  fomres 3.81e-02  cens 12.0%  blowups 0
   coord N= 256 k=16 M= 64 m= 256 tau=1e-02  e2e    824.3 ms  solve    655.3 ms  jac  416.9  err 1.451e-02  fomres 1.31e-02  cens 98.5%  blowups 0
   coord N= 256 k=16 M= 64 m= 256 tau=1e-03  e2e    826.2 ms  solve    657.2 ms  jac  423.1  err 1.444e-02  fomres 1.31e-02  cens 100.0%  blowups 0
   ceiling  N= 256 k=16: oracle inferred-latent 1.362e-02 (max 1.133e-01, every 10th slice)
   [cell coord N=256 k=16 M=64 m=256: 1029s]
  NNLS-EQ burgers pod N=256 k=16 M=64 m=256: pool 4096 support 256 (+0 pad) rel fit 6.65e-04 (row p95 9.0e-02, max 4.2e+01) [16s]
   pod   N= 256 k=16 M= 64 m= 256 tau=1e-01  e2e     36.6 ms  solve     36.5 ms  jac  204.9  err 1.035e-01  fomres 7.17e-02  cens 100.0%  blowups 0
   pod   N= 256 k=16 M= 64 m= 256 tau=1e-02  e2e     36.6 ms  solve     36.5 ms  jac  206.0  err 1.035e-01  fomres 7.17e-02  cens 100.0%  blowups 0
   pod   N= 256 k=16 M= 64 m= 256 tau=1e-03  e2e     36.6 ms  solve     36.5 ms  jac  206.0  err 1.035e-01  fomres 7.17e-02  cens 100.0%  blowups 0
   [cell pod N=256 k=16 M=64 m=256: 38s]
  NNLS-EQ burgers coord N=256 k=24 M=64 m=256: pool 4096 support 256 (+0 pad) rel fit 9.51e-03 (row p95 7.2e-01, max 3.8e+02) [15s]
   coord N= 256 k=24 M= 64 m= 256 tau=1e-01  e2e    481.1 ms  solve    312.2 ms  jac  301.6  err 9.278e-02  fomres 2.31e-01  cens 18.1%  blowups 0
   coord N= 256 k=24 M= 64 m= 256 tau=1e-02  e2e   1331.9 ms  solve   1163.0 ms  jac  621.3  err 2.079e-02  fomres 1.83e-02  cens 96.0%  blowups 0
   coord N= 256 k=24 M= 64 m= 256 tau=1e-03  e2e   1381.0 ms  solve   1212.0 ms  jac  669.1  err 2.702e-02  fomres 2.80e-02  cens 100.0%  blowups 0
   ceiling  N= 256 k=24: oracle inferred-latent 1.161e-02 (max 1.264e-01, every 10th slice)
   [cell coord N=256 k=24 M=64 m=256: 2066s]
  NNLS-EQ burgers pod N=256 k=24 M=64 m=256: pool 4096 support 256 (+0 pad) rel fit 1.47e-03 (row p95 1.7e-01, max 6.5e+03) [15s]
   pod   N= 256 k=24 M= 64 m= 256 tau=1e-01  e2e     39.2 ms  solve     39.1 ms  jac  197.4  err 6.497e-02  fomres 6.99e-02  cens 91.5%  blowups 0
   pod   N= 256 k=24 M= 64 m= 256 tau=1e-02  e2e     44.7 ms  solve     44.6 ms  jac  206.3  err 6.497e-02  fomres 6.99e-02  cens 100.0%  blowups 0
   pod   N= 256 k=24 M= 64 m= 256 tau=1e-03  e2e     44.7 ms  solve     44.6 ms  jac  206.3  err 6.497e-02  fomres 6.99e-02  cens 100.0%  blowups 0
   [cell pod N=256 k=24 M=64 m=256: 39s]
  NNLS-EQ burgers coord N=256 k=32 M=256 m=256: pool 4096 support 256 (+0 pad) rel fit 1.32e-01 (row p95 9.8e+01, max 3.7e+05) [33s]
   coord N= 256 k=32 M=256 m= 256 tau=1e-01  e2e   3227.1 ms  solve   3058.6 ms  jac  958.4  err 9.516e-02  fomres 6.53e-02  cens 98.0%  blowups 0
   coord N= 256 k=32 M=256 m= 256 tau=1e-02  e2e   3378.0 ms  solve   3209.5 ms  jac 1092.5  err 8.797e-02  fomres 4.20e-02  cens 99.8%  blowups 0
   coord N= 256 k=32 M=256 m= 256 tau=1e-03  e2e   3372.6 ms  solve   3204.1 ms  jac 1109.3  err 9.062e-02  fomres 4.26e-02  cens 100.0%  blowups 0
   [cell coord N=256 k=32 M=256 m=256: 1430s]
  NNLS-EQ burgers pod N=256 k=32 M=256 m=256: pool 4096 support 256 (+0 pad) rel fit 1.27e-01 (row p95 1.3e+02, max 7.8e+04) [39s]
   pod   N= 256 k=32 M=256 m= 256 tau=1e-01  e2e     42.9 ms  solve     42.8 ms  jac  203.8  err 9.473e-02  fomres 8.69e-02  cens 99.4%  blowups 0
   pod   N= 256 k=32 M=256 m= 256 tau=1e-02  e2e     45.9 ms  solve     45.9 ms  jac  205.8  err 9.473e-02  fomres 8.69e-02  cens 100.0%  blowups 0
   pod   N= 256 k=32 M=256 m= 256 tau=1e-03  e2e     45.7 ms  solve     45.6 ms  jac  205.8  err 9.473e-02  fomres 8.69e-02  cens 100.0%  blowups 0
   [cell pod N=256 k=32 M=256 m=256: 84s]
  NNLS-EQ burgers coord N=256 k=32 M=256 m=1024: pool 4096 support 1024 (+0 pad) rel fit 4.40e-03 (row p95 2.3e+00, max 7.4e+03) [1582s]
   coord N= 256 k=32 M=256 m=1024 tau=1e-01  e2e   2416.6 ms  solve   2248.7 ms  jac  317.1  err 2.427e-02  fomres 1.48e-02  cens 25.6%  blowups 0
   coord N= 256 k=32 M=256 m=1024 tau=1e-02  e2e   7400.7 ms  solve   7232.8 ms  jac  719.4  err 1.041e-02  fomres 1.43e-02  cens 100.0%  blowups 0
   coord N= 256 k=32 M=256 m=1024 tau=1e-03  e2e   7388.1 ms  solve   7220.2 ms  jac  724.1  err 1.037e-02  fomres 1.43e-02  cens 100.0%  blowups 0
   WARNING ceiling N=256 k=32: the ROM (1.037e-02) BEAT the oracle ceiling (1.063e-02); the ceiling LM did not converge and this cell's ceiling is not a valid bound
   ceiling  N= 256 k=32: oracle inferred-latent 1.063e-02 (max 6.911e-02, every 10th slice)
   [cell coord N=256 k=32 M=256 m=1024: 7437s]
  NNLS-EQ burgers pod N=256 k=32 M=256 m=1024: pool 4096 support 1024 (+0 pad) rel fit 2.04e-04 (row p95 1.9e-01, max 4.8e+02) [1162s]
   pod   N= 256 k=32 M=256 m=1024 tau=1e-01  e2e     45.1 ms  solve     45.0 ms  jac  198.0  err 4.748e-02  fomres 5.75e-02  cens 90.6%  blowups 0
   pod   N= 256 k=32 M=256 m=1024 tau=1e-02  e2e     45.0 ms  solve     44.9 ms  jac  208.4  err 4.748e-02  fomres 5.75e-02  cens 100.0%  blowups 0
   pod   N= 256 k=32 M=256 m=1024 tau=1e-03  e2e     45.4 ms  solve     45.3 ms  jac  208.4  err 4.748e-02  fomres 5.75e-02  cens 100.0%  blowups 0
   [cell pod N=256 k=32 M=256 m=1024: 1188s]
== N=256 done [17574s]
DONE
ALL-DONE
