Filesystem                       Size  Used Avail Use% Mounted on
10.235.106.26:/projects/paralab  4.6T  4.1T  470G  90% /cluster/tufts/paralab
Mon Sep  7 14:20:36 2026       
+-----------------------------------------------------------------------------------------+
| NVIDIA-SMI 575.57.08              Driver Version: 575.57.08      CUDA Version: 12.9     |
|-----------------------------------------+------------------------+----------------------+
| GPU  Name                 Persistence-M | Bus-Id          Disp.A | Volatile Uncorr. ECC |
| Fan  Temp   Perf          Pwr:Usage/Cap |           Memory-Usage | GPU-Util  Compute M. |
|                                         |                        |               MIG M. |
|=========================================+========================+======================|
|   0  NVIDIA A100 80GB PCIe          On  |   00000000:D5:00.0 Off |                    0 |
| N/A   39C    P0             57W /  300W |       0MiB /  81920MiB |      0%      Default |
|                                         |                        |             Disabled |
+-----------------------------------------+------------------------+----------------------+
                                                                                         
+-----------------------------------------------------------------------------------------+
| Processes:                                                                              |
|  GPU   GI   CI              PID   Type   Process name                        GPU Memory |
|        ID   ID                                                               Usage      |
|=========================================================================================|
|  No running processes found                                                             |
+-----------------------------------------------------------------------------------------+
jax_backend=gpu
....
----------------------------------------------------------------------
Ran 4 tests in 10.005s

OK
jax_backend=gpu device=cuda:0 x64=True precision=highest
reference verification passed {'dst_vs_scipy': 2.971923443794274e-16, 'dst_involution': 3.428265348573781e-16, 'laplacian_diagonalization': 2.784401478256092e-16, 'discrete_eigenmode_decay': 3.5450889635165485e-16, 'continuum_eigenmode_decay': 3.5563415581309744e-16, 'initial_fidelity': 0.0, 'linear_weak_rollout_exact_cn': 1.7953687572393583e-14, 'second_output_advancement': 0.22639802045083285, 'frozen_negative_control_error': 0.6301011800580956, 'linear_rollout_energy_monotone': True, 'cn_time_refinement_ratio': np.float64(4.001192622464839), 'weak_discrete_operator_identity': 3.2125551621232964e-15, 'reference_spectral_refinement_current_errors': [1.8100328399258268e-10, 1.520144920073653e-10, 3.68213593362977e-11, 3.170038840272982e-11], 'spatial_refinement': [{'errors_32_64_128': [0.0028450395021611175, 0.0007092112812837499, 0.0001771753191278081], 'ratios': [4.011554211336409, 4.002878531699721]}, {'errors_32_64_128': [0.0025850312132252354, 0.0006447102786704451, 0.00016108118909184034], 'ratios': [4.009601364749792, 4.002393341551905]}, {'errors_32_64_128': [0.002831644800336318, 0.0007056995607416569, 0.00017628736876863337], 'ratios': [4.012535869174118, 4.003120391840696]}, {'errors_32_64_128': [0.002556375388558319, 0.0006373779699503317, 0.00015923764522816032], 'ratios': [4.010768349520343, 4.002683969843174]}], 'hard_boundary_max': 0.0, 'passed': True}
train {'step': 1, 'relative_mse': 1.0910435075033507, 'seconds': 11.499976160936058}
train {'step': 500, 'relative_mse': 0.011610023646658418, 'seconds': 11.720358264981769}
train {'step': 1000, 'relative_mse': 0.0031715545568657896, 'seconds': 11.94075052801054}
train {'step': 1500, 'relative_mse': 0.0017283264357691162, 'seconds': 12.161252947989851}
train {'step': 2000, 'relative_mse': 0.0013789127990838446, 'seconds': 12.382148224045523}
train {'step': 2500, 'relative_mse': 0.0007172685496356782, 'seconds': 12.602950869011693}
train {'step': 3000, 'relative_mse': 0.0005098226461878934, 'seconds': 12.823804576997645}
train {'step': 3500, 'relative_mse': 0.0005621094466979465, 'seconds': 13.044656084966846}
train {'step': 4000, 'relative_mse': 0.0003020489391400699, 'seconds': 13.265472923987545}
train {'step': 4500, 'relative_mse': 0.00024132302941503225, 'seconds': 13.48823990195524}
train {'step': 5000, 'relative_mse': 0.0001985701621410051, 'seconds': 13.709205619990826}
train {'step': 5500, 'relative_mse': 0.00018841360440477106, 'seconds': 13.930259697022848}
train {'step': 6000, 'relative_mse': 0.00014462349568581512, 'seconds': 14.15122836199589}
train {'step': 6500, 'relative_mse': 0.00012719988755153735, 'seconds': 14.371957940980792}
train {'step': 7000, 'relative_mse': 0.00011354588500183925, 'seconds': 14.592723882989958}
train {'step': 7500, 'relative_mse': 0.0001020747467081649, 'seconds': 14.813844396965578}
train {'step': 8000, 'relative_mse': 9.633872615364328e-05, 'seconds': 15.034782900009304}
train {'step': 8500, 'relative_mse': 8.478924606849768e-05, 'seconds': 15.255600803997368}
train {'step': 9000, 'relative_mse': 7.814001635708236e-05, 'seconds': 15.476457437034696}
train {'step': 9500, 'relative_mse': 7.264135476335258e-05, 'seconds': 15.6973363510333}
train {'step': 10000, 'relative_mse': 6.825733749241594e-05, 'seconds': 15.918143374030478}
train {'step': 10500, 'relative_mse': 6.49468810161985e-05, 'seconds': 16.138947541010566}
train {'step': 11000, 'relative_mse': 6.262661851740923e-05, 'seconds': 16.359757964033633}
train {'step': 11500, 'relative_mse': 6.112082482849654e-05, 'seconds': 16.580630196025595}
train {'step': 12000, 'relative_mse': 6.0067816229265945e-05, 'seconds': 16.801515531959012}
evaluating frozen network at intervals 64
row 64 0 fom_dst_exact_time 0.0009986440418288112 0.0007092112812837499
row 64 0 rom_cn_dt0.025 0.027820326038636267 0.09735644633034897
row 64 0 rom_cn_dt0.0125 0.03634979296475649 0.09735644633034897
row 64 1 fom_dst_exact_time 0.0011947950115427375 0.0006447102786704451
row 64 1 rom_cn_dt0.025 0.027790407999418676 0.05042342404617888
row 64 1 rom_cn_dt0.0125 0.03850807005073875 0.05091545588078156
row 64 2 fom_dst_exact_time 0.0012472629314288497 0.0007056995607416569
row 64 2 rom_cn_dt0.025 0.02776014502160251 0.06672728060184675
row 64 2 rom_cn_dt0.0125 0.03795517503749579 0.06672728060184675
row 64 3 fom_dst_exact_time 0.001615969929844141 0.0006373779699503317
row 64 3 rom_cn_dt0.025 0.025102707906626165 0.018678127714164064
row 64 3 rom_cn_dt0.0125 0.03426094900351018 0.018678127714164064
evaluating frozen network at intervals 128
row 128 0 fom_dst_exact_time 0.0012775330105796456 0.0001771753191278081
row 128 0 rom_cn_dt0.025 0.0277092179749161 0.09735645615367934
row 128 0 rom_cn_dt0.0125 0.03636770707089454 0.09735645615367934
row 128 1 fom_dst_exact_time 0.0014607150806114078 0.00016108118909184034
row 128 1 rom_cn_dt0.025 0.02820936602074653 0.050362976929032896
row 128 1 rom_cn_dt0.0125 0.03840314596891403 0.05085377808540122
row 128 2 fom_dst_exact_time 0.0015403160359710455 0.00017628736876863337
row 128 2 rom_cn_dt0.025 0.027766551007516682 0.06672733401551059
row 128 2 rom_cn_dt0.0125 0.037940941052511334 0.06672733401551059
row 128 3 fom_dst_exact_time 0.001172156073153019 0.00015923764522816032
row 128 3 rom_cn_dt0.025 0.02508711803238839 0.01867826078771444
row 128 3 rom_cn_dt0.0125 0.034111996996216476 0.01867826078771444
PILOT COMPLETE
