host=pax008 source_commit=705c0c8f984561894ed9162b6e0a740ca01330b1
NVIDIA H200, GPU-d115e0d0-3aa6-50ba-f7e0-cd2c2b54a5ae, 143771 MiB
10.235.106.32:/projects/paralab  4.6T  4.2T  373G  92% /cluster/tufts/paralab
jax_backend=gpu
[1.8s] jax_backend=gpu x64=True mode=fine
[14.2s] [n=129] references 7.6s (incl. compile) max newton 3
[32.6s] [n=129] bank floor cond 1.002e+00 R64=0.1191/0.0577 R128=0.0507/0.0255 R192=0.0330/0.0156 R256=0.0240/0.0107 R384=0.0135/0.0060 R512=0.0109/0.0044
[49.0s] [n=129] fom_dt0.01_nt0.01_lt0.1: 27.50 ms worst 1.079%
[51.3s] [n=129] fom_dt0.025_nt0.01_lt0.5: 18.50 ms worst 4.236%
[54.0s] [n=129] fom_dt0.01_nt0.003_lt0.1: 31.80 ms worst 0.991%
[58.0s] [n=129] fom_dt0.005_nt0.001_lt0.1: 67.43 ms worst 0.643%
[61.3s] [n=129] fom_dt0.01_nt0.001_lt0.1: 47.16 ms worst 1.213%
[66.4s] [n=129] fom_dt0.005_nt0.0001_lt0.1: 105.06 ms worst 0.036%
[124.5s] [n=257] references 54.4s (incl. compile) max newton 3
[136.8s] [n=257] bank floor cond 1.002e+00 R64=0.1191/0.0604 R128=0.0531/0.0274 R192=0.0367/0.0173 R256=0.0268/0.0120 R384=0.0168/0.0071 R512=0.0134/0.0053
[161.7s] [n=257] fom_dt0.01_nt0.01_lt0.1: 200.23 ms worst 1.095%
[174.9s] [n=257] fom_dt0.025_nt0.01_lt0.5: 132.48 ms worst 4.585%
[190.8s] [n=257] fom_dt0.01_nt0.003_lt0.1: 230.18 ms worst 1.089%
[215.0s] [n=257] fom_dt0.005_nt0.001_lt0.1: 491.67 ms worst 0.669%
[235.5s] [n=257] fom_dt0.01_nt0.001_lt0.1: 347.37 ms worst 1.333%
[269.4s] [n=257] fom_dt0.005_nt0.0001_lt0.1: 777.23 ms worst 0.035%
[269.5s] PROBE COMPLETE
ALL-DONE
