host=pax009 source_commit=71dc5c91c4280d4cf52c408fac1f23be75820ba3
NVIDIA H200, GPU-d4905753-d303-3020-4db9-6f77e6bfc8c9, 143771 MiB
10.235.106.30:/projects/paralab  4.6T  4.2T  436G  91% /cluster/tufts/paralab
jax_backend=gpu
jax_backend=gpu x64=True precision=highest
BANK 4190209 rows in 1 blocks 8.1
TRUTH 0 10.8
TRUTH 1 11.5
TRUTH 2 12.7
TRUTH 3 13.8
TRUTH 4 14.7
TRUTH 5 15.3
QUICK fft_tight evolved% 0.0 all% 0.0 stalled 0 8.2 38.7
QUICK lean_nt3e-3_l3e-3_dt005 evolved% 0.0494 all% 0.0494 stalled 0 4.3 43.1
QUICK q256_M1088_lat64_g0p001_fast_chol_clip_lamcarry_pred2 evolved% 0.5979 all% 3.219 stalled 0 12.9 66.9
QUICK q256_M1088_lat64_g0p001_fast_chol_clip_lamcarry_pred2_x1 evolved% 0.5979 all% 3.219 stalled 0 26.7 93.6
QUICK q256_M1088_bad0_g0p001_fast_chol_clip_lamcarry_pred2 evolved% 1.0478 all% 3.219 stalled 0 7.9 104.8
POPULATION q 256 states 2856 stalled 1 513.3
RULE 256 1088 lat64 m 3969 rho_max(k>=0) 0.0794 draws 5 | k>=1 0.0376 5 522.6
RULE 256 1088 bad0 m 2048 rho_max(k>=0) 0.4969 draws 0 | k>=1 0.2808 2 523.5
ARM-STATUS q256_M1088_lat64_g0p001_fast_chol_clip_lamcarry_pred2 confirmed heldout 0.0794 deployed 0.1106 540.1
ARM-STATUS q256_M1088_lat64_g0p001_fast_chol_clip_lamcarry_pred2_x1 confirmed heldout 0.0376 deployed 0.0317 734.5
ARM-STATUS q256_M1088_bad0_g0p001_fast_chol_clip_lamcarry_pred2 fails heldout 0.4969 deployed 0.5426 748.8
TIMED rep 0 795.2
HIRES COMPLETE
ALL-DONE
