host=pax050 source_commit=90358c17d97c4084c2efd99adc8bc200f005b8db
NVIDIA A100 80GB PCIe, GPU-c58462eb-c0bf-1c85-741e-f8dc31e64312, 81920 MiB
10.235.106.33:/projects/paralab  4.6T  4.3T  334G  93% /cluster/tufts/paralab
jax_backend=gpu
jax_backend=gpu x64=True precision=highest
MESH 32 {'16': 4.6266, '32': 1.3841, '48': 0.5948, '64': 0.245, '96': 0.1628, '128': 0.1437} 8.5
WARMUP 21 22.5
MAIN 0 81.4
MAIN 1 124.8
MAIN 2 168.3
MAIN 3 211.7
MAIN 4 255.2
SLOW 0 258.8
SLOW 1 262.3
SLOW 2 265.7
NEIGHBOUR False 5.757657508129749
PROFILE 0 330.5
PROFILE 1 362.4
PROFILE 2 394.3
PARITY {'candidate': 'R128_q0', 'baseline': 'orig_q0', 'worst_field_relative': 1.485775465449978e-15, 'limit': 1e-10, 'passed': True}
PARITY {'candidate': 'orig_q0', 'baseline': 'engine_q0', 'worst_field_relative': 8.916634779785973e-16, 'limit': 1e-10, 'passed': True}
PARITY {'candidate': 'R128_q96', 'baseline': 'orig_q96', 'worst_field_relative': 1.4883157887622556e-15, 'limit': 1e-10, 'passed': True}
PARITY {'candidate': 'orig_q96', 'baseline': 'engine_q96', 'worst_field_relative': 7.200265349380854e-16, 'limit': 1e-10, 'passed': True}
GATES {'parity': True, 'deterministic': True, 'cg_converged': True, 'rom_stationary_parent_and_full_R': True, 'neighbour': False, 'profile_matches_fused': True, 'device_guard': True}
PBK3 CUBE COMPLETE
PASS 448 errors recomputed, worst relative deviation 6.5e-12, reference vs audit truth 9.0e-16, hashes match, repetitions identical: True; controls detected: swapped-case True, perturbed-error True; NumPy linear rung R'=64: 4.6e-15 (wrong-R' control 5.5e-03)
ALL-DONE
