host=pax007 gpu=NVIDIA A100 80GB PCIe
jax_backend=gpu
stage MANIFEST OK
3e98ca0067a3b3b65bf2ad9ff7bd83ea41cab11ec097ea726ad08c19f12b93ed  /cluster/tufts/paralab/tawal01/eqladder/lad256dm/in/sep_hfit_dense_mid_N256.pkl
jax_backend=gpu device=cuda:0 EQ-LADDER N=256 ckpt=sep_hfit_dense_mid_N256.pkl
  test data: 4 fresh trajectories, worst FOM rel residual 9.86e-13
  EQ-fit bank vs meshfree full-interior decode: 3.21e-15
  NNLS-EQ eq-ladder N=256 k=16 M=64 m=256: pool 64516 support 256 (+0 pad) rel fit 4.02e-03 (row p95 4.2e-01, max 1.4e+03) [26s]
  GATE 0 [ctrl]: 6.57e-15
  GATE F (full-grid ref vs make_weak_ops on interior) [ctrl]: 2.85e-16
  NNLS-EQ eq-ladder N=256 k=16 M=256 m=1024: pool 64516 support 1024 (+0 pad) rel fit 5.42e-04 (row p95 3.5e-01, max 3.2e+02) [772s]
  GATE 0 [M256]: 3.22e-15
  GATE F (full-grid ref vs make_weak_ops on interior) [M256]: 2.85e-16
  [ctrl] traj 0: rollout err 6.546e-03 (t0 5.21e-03, t1 4.42e-03, t50 9.14e-03), 133 LM iterates recorded [3s]
  [ctrl] traj 1: rollout err 3.556e-02 (t0 9.04e-02, t1 7.57e-02, t50 1.32e-02), 137 LM iterates recorded [1s]
  [ctrl] traj 2: rollout err 1.614e-02 (t0 8.54e-03, t1 1.92e-02, t50 1.56e-02), 170 LM iterates recorded [1s]
  [ctrl] traj 3: rollout err 8.788e-03 (t0 1.45e-02, t1 2.37e-02, t50 7.87e-03), 139 LM iterates recorded [1s]
  [M256] traj 0: rollout err 5.990e-03 (t0 5.21e-03, t1 4.29e-03, t50 8.79e-03), 134 LM iterates recorded [3s]
  [M256] traj 1: rollout err 2.389e-02 (t0 9.04e-02, t1 7.43e-02, t50 1.38e-02), 141 LM iterates recorded [1s]
  [M256] traj 2: rollout err 6.730e-03 (t0 8.54e-03, t1 1.91e-02, t50 6.22e-03), 126 LM iterates recorded [1s]
  [M256] traj 3: rollout err 7.878e-03 (t0 1.45e-02, t1 2.20e-02, t50 7.08e-03), 123 LM iterates recorded [1s]
  oracle traj 0: codes at t=[0, 1, 2, 3, 5, 10, 25, 50] placed
  oracle traj 1: codes at t=[0, 1, 2, 3, 5, 10, 25, 50] placed
  oracle traj 2: codes at t=[0, 1, 2, 3, 5, 10, 25, 50] placed
  oracle traj 3: codes at t=[0, 1, 2, 3, 5, 10, 25, 50] placed
  training snapshots: 16 states
  ctrl  solver t= 1- 1 n=  71  (b) 2.47e-01 [lin 2.3e-01 adv 9.2e-02]  (c1) 6.65e-01 cos 0.3748  (c2) 1.80e-02  (c3) 4.28e-01 cos 0.7814
  ctrl  solver t= 2- 2 n=  25  (b) 3.06e-01 [lin 3.2e-01 adv 9.2e-02]  (c1) 4.93e-01 cos 0.3844  (c2) 1.88e-02  (c3) 6.06e-01 cos 0.6176
  ctrl  solver t= 3- 4 n=  48  (b) 4.07e-01 [lin 4.6e-01 adv 1.4e-01]  (c1) 5.72e-01 cos 0.2718  (c2) 2.50e-02  (c3) 6.22e-01 cos 0.6885
  ctrl  solver t= 5- 9 n=  61  (b) 3.24e-01 [lin 3.7e-01 adv 1.7e-01]  (c1) 7.01e-01 cos 0.1711  (c2) 7.84e-03  (c3) 8.57e-01 cos 0.2231
  ctrl  solver t=10-24 n= 161  (b) 3.46e-01 [lin 3.1e-01 adv 2.2e-01]  (c1) 6.41e-01 cos 0.2779  (c2) 2.89e-03  (c3) 8.75e-01 cos 0.3628
  ctrl  solver t=25-50 n= 213  (b) 3.46e-01 [lin 2.7e-01 adv 2.2e-01]  (c1) 5.47e-01 cos 0.4395  (c2) 1.54e-03  (c3) 9.16e-01 cos 0.3045
  M256  solver t= 1- 1 n=  69  (b) 8.82e-02 [lin 8.7e-02 adv 2.4e-02]  (c1) 2.59e-01 cos 0.8020  (c2) 2.96e-03  (c3) 1.48e-01 cos 0.9569
  M256  solver t= 2- 2 n=  19  (b) 1.29e-01 [lin 1.3e-01 adv 2.2e-02]  (c1) 3.34e-01 cos 0.7468  (c2) 1.42e-03  (c3) 3.69e-01 cos 0.7688
  M256  solver t= 3- 4 n=  27  (b) 1.81e-01 [lin 1.7e-01 adv 2.9e-02]  (c1) 3.97e-01 cos 0.5250  (c2) 1.16e-03  (c3) 5.91e-01 cos 0.5833
  M256  solver t= 5- 9 n=  58  (b) 1.17e-01 [lin 1.1e-01 adv 2.4e-02]  (c1) 4.26e-01 cos 0.5493  (c2) 5.25e-04  (c3) 6.15e-01 cos 0.5097
  M256  solver t=10-24 n= 140  (b) 5.67e-02 [lin 5.6e-02 adv 1.5e-02]  (c1) 2.19e-01 cos 0.8655  (c2) 2.14e-04  (c3) 6.17e-01 cos 0.4045
  M256  solver t=25-50 n= 211  (b) 5.64e-02 [lin 5.4e-02 adv 1.6e-02]  (c1) 2.58e-01 cos 0.8903  (c2) 1.81e-04  (c3) 5.28e-01 cos 0.6157
DONE -> /cluster/tufts/paralab/tawal01/eqladder/lad256dm/out/sep_eq_ladder_N256_K16_dense_mid.json [1509s]
ALL-DONE
