jax_backend=gpu
jax_backend=gpu [CudaDevice(id=0)]
reference 0 [1.5850237495194804e-05, 3.962148232492551e-06] uncertainty 3.962163931173368e-06
reference 1 [6.665078307104516e-06, 1.6662361045678847e-06] uncertainty 1.6662388809152668e-06
reference 2 [9.780204994968103e-06, 2.4449753961365608e-06] uncertainty 2.4449813740558642e-06
reference 3 [7.04516347439882e-06, 1.7612400287339842e-06] uncertainty 1.7612431307058863e-06
reference 4 [1.1522078585524128e-05, 2.880353981146452e-06] uncertainty 2.8803622776094053e-06
reference 5 [2.9415335452338743e-05, 7.351177051286694e-06] uncertainty 7.351231091487993e-06
assembling intervals 256
finished 256 case 0
finished 256 case 1
finished 256 case 2
finished 256 case 3
finished 256 case 4
finished 256 case 5
assembling intervals 512
finished 512 case 0
finished 512 case 1
finished 512 case 2
finished 512 case 3
finished 512 case 4
finished 512 case 5
ALL-DONE
