host=pax106 source_commit=31b34cd771ed4e12583e8f48218563cc6eec2181 job=4232681 mesh=64 arm=fno-l
NVIDIA A100 80GB PCIe, GPU-4d93df32-aec8-40bc-f107-d8fc98bdf033, 81920 MiB
10.235.106.32:/projects/paralab  4.6T  4.3T  327G  93% /cluster/tufts/paralab
jax_backend=gpu
generated 64/512 (12s)
generated 128/512 (23s)
generated 192/512 (34s)
generated 256/512 (45s)
generated 320/512 (55s)
generated 384/512 (66s)
generated 448/512 (77s)
generated 512/512 (88s)
torch_backend=cuda NVIDIA A100 80GB PCIe
{"arm": "fno-l", "mesh": 64, "micro_batch": 8, "real_parameter_count": 18888495}
{"arm": "fno-l", "epoch": 0, "steps": 56, "train": 0.37277599613846313, "val_mean": 0.23508560673026563, "val_worst": 0.3068213074623286, "lr": 0.0009997141369932068, "wall": 34.2}
{"arm": "fno-l", "epoch": 1, "steps": 112, "train": 0.024382676944455804, "val_mean": 0.14997217432294013, "val_worst": 0.20927907535581158, "lr": 0.0009987951893694915, "wall": 68.3}
{"arm": "fno-l", "epoch": 2, "steps": 168, "train": 0.010654045895221077, "val_mean": 0.10911056542165315, "val_worst": 0.15806926334114285, "lr": 0.000997248032334204, "wall": 102.3}
{"arm": "fno-l", "epoch": 3, "steps": 224, "train": 0.005614924950240441, "val_mean": 0.08129246451008008, "val_worst": 0.12404724023777197, "lr": 0.0009950735277434607, "wall": 136.5}
{"arm": "fno-l", "epoch": 4, "steps": 280, "train": 0.0031713761438397054, "val_mean": 0.06197201298331526, "val_worst": 0.09779107809615649, "lr": 0.0009922726019953427, "wall": 170.6}
{"arm": "fno-l", "epoch": 5, "steps": 336, "train": 0.0020528238078458836, "val_mean": 0.051540805980324, "val_worst": 0.0806499972339397, "lr": 0.0009888529527556313, "wall": 204.7}
{"arm": "fno-l", "epoch": 6, "steps": 392, "train": 0.0014844280099374188, "val_mean": 0.043935806477256964, "val_worst": 0.07145940885042854, "lr": 0.000984813964612247, "wall": 238.8}
{"arm": "fno-l", "epoch": 7, "steps": 448, "train": 0.0011403924243372824, "val_mean": 0.038348606731645495, "val_worst": 0.06427559379910733, "lr": 0.0009801598860004674, "wall": 272.9}
{"arm": "fno-l", "epoch": 8, "steps": 504, "train": 0.0009145095584723126, "val_mean": 0.034291042037121924, "val_worst": 0.05864070501044062, "lr": 0.0009749004892966543, "wall": 307.0}
{"arm": "fno-l", "epoch": 9, "steps": 560, "train": 0.0007638001330428781, "val_mean": 0.03124065476786786, "val_worst": 0.05254144886321156, "lr": 0.0009690430427290684, "wall": 341.1}
{"arm": "fno-l", "epoch": 10, "steps": 616, "train": 0.0006427348471371993, "val_mean": 0.029285301379601704, "val_worst": 0.04833616413729522, "lr": 0.0009625919566630542, "wall": 375.2}
{"arm": "fno-l", "epoch": 11, "steps": 672, "train": 0.000562433497810188, "val_mean": 0.02694748506443332, "val_worst": 0.046270972342704095, "lr": 0.0009555559265228112, "wall": 409.4}
{"arm": "fno-l", "epoch": 12, "steps": 728, "train": 0.0004899395867052028, "val_mean": 0.025133382164622138, "val_worst": 0.04282919445983265, "lr": 0.0009479483258307025, "wall": 443.5}
{"arm": "fno-l", "epoch": 13, "steps": 784, "train": 0.00044170952935188316, "val_mean": 0.023743899036356396, "val_worst": 0.04043675279185032, "lr": 0.0009397756107181724, "wall": 477.6}
{"arm": "fno-l", "epoch": 14, "steps": 840, "train": 0.0003975456588194566, "val_mean": 0.02263389667222449, "val_worst": 0.03925163437436698, "lr": 0.0009310477695458386, "wall": 511.7}
{"arm": "fno-l", "epoch": 15, "steps": 896, "train": 0.0003586329645726928, "val_mean": 0.021326317933938237, "val_worst": 0.036576874882139836, "lr": 0.000921779325764342, "wall": 545.8}
{"arm": "fno-l", "epoch": 16, "steps": 952, "train": 0.00033200586974178604, "val_mean": 0.02020814197564371, "val_worst": 0.0348751763768747, "lr": 0.0009119740582190445, "wall": 579.9}
{"arm": "fno-l", "epoch": 17, "steps": 1008, "train": 0.0003045132851353017, "val_mean": 0.01983394958100694, "val_worst": 0.034598297401462814, "lr": 0.0009016407952081285, "wall": 614.1}
{"arm": "fno-l", "epoch": 18, "steps": 1064, "train": 0.00028477778578908143, "val_mean": 0.01888107097954372, "val_worst": 0.03287497779002361, "lr": 0.0008908128544277317, "wall": 648.1}
{"arm": "fno-l", "epoch": 19, "steps": 1120, "train": 0.0002615070101290455, "val_mean": 0.018138111218422605, "val_worst": 0.03076100733771292, "lr": 0.0008794984640028462, "wall": 682.3}
{"arm": "fno-l", "epoch": 20, "steps": 1176, "train": 0.0002480774780419494, "val_mean": 0.01746668070264373, "val_worst": 0.030468981348013575, "lr": 0.0008676852838227256, "wall": 716.4}
{"arm": "fno-l", "epoch": 21, "steps": 1232, "train": 0.00023407795393437693, "val_mean": 0.01708159623871071, "val_worst": 0.029405951384191147, "lr": 0.0008554342377130941, "wall": 750.5}
{"arm": "fno-l", "epoch": 22, "steps": 1288, "train": 0.0002196009731552241, "val_mean": 0.016712546463984342, "val_worst": 0.028676000837628637, "lr": 0.000842711891563646, "wall": 784.6}
{"arm": "fno-l", "epoch": 23, "steps": 1344, "train": 0.00021532565642360725, "val_mean": 0.017369299126095993, "val_worst": 0.0298541932293248, "lr": 0.0008295799010985317, "wall": 818.5}
{"arm": "fno-l", "epoch": 24, "steps": 1400, "train": 0.00019903885021007843, "val_mean": 0.015638141783325732, "val_worst": 0.027671095147847363, "lr": 0.0008161255352680994, "wall": 852.6}
{"arm": "fno-l", "epoch": 25, "steps": 1456, "train": 0.00018734980102727284, "val_mean": 0.014993757349367327, "val_worst": 0.026540782263926106, "lr": 0.0008021720045946564, "wall": 886.7}
{"arm": "fno-l", "epoch": 26, "steps": 1512, "train": 0.00017628525744650938, "val_mean": 0.014804397680119338, "val_worst": 0.025310020510032512, "lr": 0.0007878509632491133, "wall": 920.8}
{"arm": "fno-l", "epoch": 27, "steps": 1568, "train": 0.0001693024853418925, "val_mean": 0.014847625628098392, "val_worst": 0.026091508464221605, "lr": 0.0007731499320836554, "wall": 954.7}
{"arm": "fno-l", "epoch": 28, "steps": 1624, "train": 0.0001656179009317285, "val_mean": 0.014298794070125777, "val_worst": 0.02456961745991222, "lr": 0.0007582286128951827, "wall": 988.8}
{"arm": "fno-l", "epoch": 29, "steps": 1680, "train": 0.0001568735022578278, "val_mean": 0.013959435144208563, "val_worst": 0.0243425349697466, "lr": 0.0007428630744833404, "wall": 1023.0}
{"arm": "fno-l", "epoch": 30, "steps": 1736, "train": 0.00015037566236567504, "val_mean": 0.013752493686252452, "val_worst": 0.023885732719706846, "lr": 0.0007271998103366286, "wall": 1057.1}
{"arm": "fno-l", "epoch": 31, "steps": 1792, "train": 0.00014464482431589121, "val_mean": 0.013150652177869454, "val_worst": 0.02281950484802757, "lr": 0.0007112702236826765, "wall": 1091.2}
{"arm": "fno-l", "epoch": 32, "steps": 1848, "train": 0.00014141711396183483, "val_mean": 0.013002886579276982, "val_worst": 0.02242605092289026, "lr": 0.0006950709534987536, "wall": 1125.3}
{"arm": "fno-l", "epoch": 33, "steps": 1904, "train": 0.0001357416425421682, "val_mean": 0.012624215073815528, "val_worst": 0.02194404760869819, "lr": 0.0006786268357805201, "wall": 1159.4}
{"arm": "fno-l", "epoch": 34, "steps": 1960, "train": 0.0001305880927182695, "val_mean": 0.012849964991474856, "val_worst": 0.02148966920104551, "lr": 0.0006619485683543105, "wall": 1193.3}
{"arm": "fno-l", "epoch": 35, "steps": 2016, "train": 0.0001283486623341525, "val_mean": 0.012593923147615977, "val_worst": 0.02169494285196384, "lr": 0.0006452043648429925, "wall": 1227.4}
{"arm": "fno-l", "epoch": 36, "steps": 2072, "train": 0.00012317643926336013, "val_mean": 0.012297036255163457, "val_worst": 0.021603783367519336, "lr": 0.0006281476966524008, "wall": 1261.5}
{"arm": "fno-l", "epoch": 37, "steps": 2128, "train": 0.00011742454713714247, "val_mean": 0.012078894155229421, "val_worst": 0.02069194943300398, "lr": 0.0006109597071525698, "wall": 1295.6}
{"arm": "fno-l", "epoch": 38, "steps": 2184, "train": 0.00011403241990380653, "val_mean": 0.011964364929021774, "val_worst": 0.020657820296701233, "lr": 0.0005936380367808288, "wall": 1329.7}
{"arm": "fno-l", "epoch": 39, "steps": 2240, "train": 0.000113352868270176, "val_mean": 0.011788549095934513, "val_worst": 0.02014495159967165, "lr": 0.0005761876256783392, "wall": 1363.8}
{"arm": "fno-l", "epoch": 40, "steps": 2296, "train": 0.00010716602139225126, "val_mean": 0.011566007384476523, "val_worst": 0.020255800232589178, "lr": 0.0005586540884527223, "wall": 1397.9}
{"arm": "fno-l", "epoch": 41, "steps": 2352, "train": 0.0001060983794867705, "val_mean": 0.011342362872307929, "val_worst": 0.019814352878158862, "lr": 0.0005410572725402553, "wall": 1432.0}
{"arm": "fno-l", "epoch": 42, "steps": 2408, "train": 0.00010190683670968108, "val_mean": 0.011333798402570417, "val_worst": 0.019599615402606994, "lr": 0.0005234197853004432, "wall": 1466.1}
{"arm": "fno-l", "epoch": 43, "steps": 2464, "train": 0.0001016521315175818, "val_mean": 0.011100805550175986, "val_worst": 0.019095891003321954, "lr": 0.0005057550015489417, "wall": 1500.2}
{"arm": "fno-l", "epoch": 44, "steps": 2520, "train": 9.849722266616521e-05, "val_mean": 0.010987880830524172, "val_worst": 0.01924205450701026, "lr": 0.00048808302085954976, "wall": 1534.3}
{"arm": "fno-l", "epoch": 45, "steps": 2576, "train": 9.59235221694552e-05, "val_mean": 0.01089006403727152, "val_worst": 0.019223217021590504, "lr": 0.0004704094584426418, "wall": 1568.4}
{"arm": "fno-l", "epoch": 46, "steps": 2632, "train": 9.440183212623419e-05, "val_mean": 0.010694817901947623, "val_worst": 0.018532724065618476, "lr": 0.0004527886982533788, "wall": 1602.5}
{"arm": "fno-l", "epoch": 47, "steps": 2688, "train": 9.392852441246689e-05, "val_mean": 0.010778856661473903, "val_worst": 0.01904813156691868, "lr": 0.00043524494639630886, "wall": 1636.4}
{"arm": "fno-l", "epoch": 48, "steps": 2744, "train": 9.120278791151928e-05, "val_mean": 0.0104365238762077, "val_worst": 0.018488085315054005, "lr": 0.0004178906939296384, "wall": 1670.5}
{"arm": "fno-l", "epoch": 49, "steps": 2800, "train": 8.90195376729169e-05, "val_mean": 0.010415403592967566, "val_worst": 0.01834463698585015, "lr": 0.00040053624118102134, "wall": 1704.7}
{"arm": "fno-l", "epoch": 50, "steps": 2856, "train": 8.67193730369688e-05, "val_mean": 0.010240454039484929, "val_worst": 0.01790479982187359, "lr": 0.0003833043604778467, "wall": 1738.8}
{"arm": "fno-l", "epoch": 51, "steps": 2912, "train": 8.497386971911903e-05, "val_mean": 0.010139901030737329, "val_worst": 0.0179321277886956, "lr": 0.0003662422132889914, "wall": 1772.9}
{"arm": "fno-l", "epoch": 52, "steps": 2968, "train": 8.436972069796866e-05, "val_mean": 0.010125932836617217, "val_worst": 0.01795711056141948, "lr": 0.0003493410465633212, "wall": 1807.1}
{"arm": "fno-l", "epoch": 53, "steps": 3024, "train": 8.28583550845667e-05, "val_mean": 0.010011787797082268, "val_worst": 0.017907671475200865, "lr": 0.0003326326268738791, "wall": 1841.3}
{"arm": "fno-l", "epoch": 54, "steps": 3080, "train": 8.069390445251791e-05, "val_mean": 0.01006550066559002, "val_worst": 0.017396549199910495, "lr": 0.0003161247386360344, "wall": 1875.2}
{"arm": "fno-l", "epoch": 55, "steps": 3136, "train": 8.08017623561264e-05, "val_mean": 0.009910187984998837, "val_worst": 0.017143473888396144, "lr": 0.00029999640863905393, "wall": 1909.4}
{"arm": "fno-l", "epoch": 56, "steps": 3192, "train": 7.886758424553612e-05, "val_mean": 0.010044600737131924, "val_worst": 0.017176835673491337, "lr": 0.00028403010806232634, "wall": 1943.2}
{"arm": "fno-l", "epoch": 57, "steps": 3248, "train": 7.784414256614297e-05, "val_mean": 0.00991555232958044, "val_worst": 0.017231311008826182, "lr": 0.00026844414875081956, "wall": 1977.1}
{"arm": "fno-l", "epoch": 58, "steps": 3304, "train": 7.695427905796896e-05, "val_mean": 0.00978881100989194, "val_worst": 0.01702514800768079, "lr": 0.0002531591069179359, "wall": 2011.3}
{"arm": "fno-l", "epoch": 59, "steps": 3360, "train": 7.597560929456263e-05, "val_mean": 0.009656587146897991, "val_worst": 0.016949593948811983, "lr": 0.00023808248380760124, "wall": 2045.5}
{"arm": "fno-l", "epoch": 60, "steps": 3416, "train": 7.452601089430423e-05, "val_mean": 0.009629100521691608, "val_worst": 0.0164187856783414, "lr": 0.00022335329307489178, "wall": 2079.6}
{"arm": "fno-l", "epoch": 61, "steps": 3472, "train": 7.358649866470985e-05, "val_mean": 0.009551242057889167, "val_worst": 0.01721814365107631, "lr": 0.00020897558398561277, "wall": 2113.8}
{"arm": "fno-l", "epoch": 62, "steps": 3528, "train": 7.320900607754482e-05, "val_mean": 0.009425092779809637, "val_worst": 0.016645954125976057, "lr": 0.0001949834125195316, "wall": 2147.9}
{"arm": "fno-l", "epoch": 63, "steps": 3584, "train": 7.216204712398633e-05, "val_mean": 0.009417439450983542, "val_worst": 0.016567548211716344, "lr": 0.00018139330883672254, "wall": 2182.0}
{"arm": "fno-l", "epoch": 64, "steps": 3640, "train": 7.146217127631248e-05, "val_mean": 0.00936727513729261, "val_worst": 0.01633018878362777, "lr": 0.00016821219111475718, "wall": 2216.2}
{"arm": "fno-l", "epoch": 65, "steps": 3696, "train": 7.089710510870064e-05, "val_mean": 0.00934212579962767, "val_worst": 0.016419888835883596, "lr": 0.00015546434401548818, "wall": 2250.3}
{"arm": "fno-l", "epoch": 66, "steps": 3752, "train": 7.014325165113608e-05, "val_mean": 0.009301623496736206, "val_worst": 0.0163032030544048, "lr": 0.00014315064754109026, "wall": 2284.5}
{"arm": "fno-l", "epoch": 67, "steps": 3808, "train": 6.993830252060124e-05, "val_mean": 0.009242519111307652, "val_worst": 0.016321409919449, "lr": 0.00013131005834578614, "wall": 2318.6}
{"arm": "fno-l", "epoch": 68, "steps": 3864, "train": 6.92794501830649e-05, "val_mean": 0.009226585065708871, "val_worst": 0.016248866837974923, "lr": 0.00011994796956283613, "wall": 2352.7}
{"arm": "fno-l", "epoch": 69, "steps": 3920, "train": 6.883516897407791e-05, "val_mean": 0.009182393073679306, "val_worst": 0.016203795887422684, "lr": 0.00010906649317238989, "wall": 2386.9}
{"arm": "fno-l", "epoch": 70, "steps": 3976, "train": 6.846263788277256e-05, "val_mean": 0.009241120766999785, "val_worst": 0.016135114100787773, "lr": 9.86927656765014e-05, "wall": 2420.8}
{"arm": "fno-l", "epoch": 71, "steps": 4032, "train": 6.776003393337305e-05, "val_mean": 0.009130764356447989, "val_worst": 0.01613488440461677, "lr": 8.891254494127504e-05, "wall": 2455.0}
{"arm": "fno-l", "epoch": 72, "steps": 4088, "train": 6.775035858500612e-05, "val_mean": 0.009110803656770423, "val_worst": 0.016220317486752688, "lr": 7.959012125579405e-05, "wall": 2489.2}
{"arm": "fno-l", "epoch": 73, "steps": 4144, "train": 6.71302992061827e-05, "val_mean": 0.009086332741036984, "val_worst": 0.01606584821106728, "lr": 7.080290719748078e-05, "wall": 2523.3}
{"arm": "fno-l", "epoch": 74, "steps": 4200, "train": 6.687911041214825e-05, "val_mean": 0.009075986147839445, "val_worst": 0.015960644618747903, "lr": 6.258238685189065e-05, "wall": 2557.5}
{"arm": "fno-l", "epoch": 75, "steps": 4256, "train": 6.654740976649699e-05, "val_mean": 0.00907919957698674, "val_worst": 0.016023743135481605, "lr": 5.4932702836439833e-05, "wall": 2591.3}
{"arm": "fno-l", "epoch": 76, "steps": 4312, "train": 6.614430066670502e-05, "val_mean": 0.009033887187254352, "val_worst": 0.01594258403178233, "lr": 4.78977000158312e-05, "wall": 2625.5}
{"arm": "fno-l", "epoch": 77, "steps": 4368, "train": 6.598967588639547e-05, "val_mean": 0.008995199950586698, "val_worst": 0.01599639038677888, "lr": 4.1399341585162175e-05, "wall": 2659.7}
{"arm": "fno-l", "epoch": 78, "steps": 4424, "train": 6.566183082506567e-05, "val_mean": 0.009046392020178783, "val_worst": 0.016005937947610606, "lr": 3.548812448785264e-05, "wall": 2693.6}
{"arm": "fno-l", "epoch": 79, "steps": 4480, "train": 6.563280940684821e-05, "val_mean": 0.008991684580478193, "val_worst": 0.01588275418446678, "lr": 3.0217785115622633e-05, "wall": 2727.7}
{"arm": "fno-l", "epoch": 80, "steps": 4536, "train": 6.546026383846376e-05, "val_mean": 0.008988085473228751, "val_worst": 0.015840230861069924, "lr": 2.551677553198682e-05, "wall": 2761.9}
{"arm": "fno-l", "epoch": 81, "steps": 4592, "train": 6.534326029249464e-05, "val_mean": 0.009004295298669003, "val_worst": 0.0159280831414227, "lr": 2.142599759084976e-05, "wall": 2795.8}
{"arm": "fno-l", "epoch": 82, "steps": 4648, "train": 6.522712398799843e-05, "val_mean": 0.0089635245704328, "val_worst": 0.015892053667734, "lr": 1.7976920334894224e-05, "wall": 2829.9}
{"arm": "fno-l", "epoch": 83, "steps": 4704, "train": 6.51485272977074e-05, "val_mean": 0.008960477359587398, "val_worst": 0.015849755681372264, "lr": 1.5124265882136928e-05, "wall": 2864.1}
{"arm": "fno-l", "epoch": 84, "steps": 4760, "train": 6.499239173129556e-05, "val_mean": 0.008958843143610753, "val_worst": 0.01580212516381665, "lr": 1.2897392038449359e-05, "wall": 2898.3}
{"arm": "fno-l", "epoch": 85, "steps": 4816, "train": 6.492186074955266e-05, "val_mean": 0.008953423443879447, "val_worst": 0.015825972507234668, "lr": 1.1299175214965224e-05, "wall": 2932.4}
{"arm": "fno-l", "epoch": 86, "steps": 4872, "train": 6.483225626737531e-05, "val_mean": 0.008939159056240154, "val_worst": 0.015844414430224975, "lr": 1.0333846522591178e-05, "wall": 2966.6}
{"arm": "fno-l", "epoch": 87, "steps": 4928, "train": 6.481648369160997e-05, "val_mean": 0.008948162464360102, "val_worst": 0.01585000554514848, "lr": 1.000020940623261e-05, "wall": 3000.5}
TRAIN DONE {"arm": "fno-l", "mesh": 64, "stop_reason": "wall_budget", "epochs_completed": 88, "optimisation_steps": 4928, "best_epoch": 86} val_mean_case_max 0.008939159056240154 val_worst 0.015844414430224975
RUN_EXIT=0
