host=pax010 source_commit=9468164336ff1bc6bb914757507596ed48597849
NVIDIA H200, GPU-60396734-91c3-c42c-e348-c8852c7fab18, 143771 MiB
10.235.106.22:/projects/paralab  4.6T  995G  3.6T  22% /cluster/tufts/paralab
jax_backend=gpu
jax_backend=gpu x64=True precision=highest
CASES 64 3.4
REFS 128 7.3
BANK+OPS 44.5
TRUTH 313.4
ARMS acc 20 360.4
CASE acc 0 test64 0 517.8
CASE acc 1 test64 1 621.6
CASE acc 2 test64 2 723.9
CASE acc 3 test64 3 825.0
CASE acc 4 test64 4 927.0
CASE acc 5 test64 5 1028.1
CASE acc 6 test64 6 1031.6
CASE acc 7 test64 7 1035.1
CASE acc 8 test64 8 1038.7
CASE acc 9 test64 9 1042.4
CASE acc 10 test64 10 1046.1
CASE acc 11 test64 11 1049.6
CASE acc 12 test64 12 1053.2
CASE acc 13 test64 13 1056.9
CASE acc 14 test64 14 1060.4
CASE acc 15 test64 15 1064.1
CASE acc 16 test64 16 1067.7
CASE acc 17 test64 17 1071.4
CASE acc 18 test64 18 1075.0
CASE acc 19 test64 19 1079.0
CASE acc 20 test64 20 1082.6
CASE acc 21 test64 21 1086.1
CASE acc 22 test64 22 1089.7
CASE acc 23 test64 23 1093.3
CASE acc 24 test64 24 1097.0
CASE acc 25 test64 25 1100.5
CASE acc 26 test64 26 1104.1
CASE acc 27 test64 27 1107.8
CASE acc 28 test64 28 1111.4
CASE acc 29 test64 29 1114.9
CASE acc 30 test64 30 1118.4
CASE acc 31 test64 31 1122.0
CASE acc 32 test64 32 1125.7
CASE acc 33 test64 33 1129.3
CASE acc 34 test64 34 1132.8
CASE acc 35 test64 35 1136.4
CASE acc 36 test64 36 1140.2
CASE acc 37 test64 37 1144.0
CASE acc 38 test64 38 1147.8
CASE acc 39 test64 39 1151.3
CASE acc 40 test64 40 1154.9
CASE acc 41 test64 41 1158.5
CASE acc 42 test64 42 1162.0
CASE acc 43 test64 43 1165.6
CASE acc 44 test64 44 1169.2
CASE acc 45 test64 45 1172.7
CASE acc 46 test64 46 1176.3
CASE acc 47 test64 47 1180.0
CASE acc 48 test64 48 1183.8
CASE acc 49 test64 49 1187.5
CASE acc 50 test64 50 1191.0
CASE acc 51 test64 51 1194.6
CASE acc 52 test64 52 1198.1
CASE acc 53 test64 53 1201.7
CASE acc 54 test64 54 1205.3
CASE acc 55 test64 55 1208.8
CASE acc 56 test64 56 1212.6
CASE acc 57 test64 57 1216.2
CASE acc 58 test64 58 1219.8
CASE acc 59 test64 59 1223.4
CASE acc 60 test64 60 1227.2
CASE acc 61 test64 61 1230.9
CASE acc 62 test64 62 1234.6
CASE acc 63 test64 63 1238.3
RHO acc 3200 131.5 1370.1
TIMING acc 1729.4
ARMS fast 20 1748.7
CASE fast 0 test64 0 1813.0
CASE fast 1 test64 1 1831.2
CASE fast 2 test64 2 1851.5
CASE fast 3 test64 3 1870.1
CASE fast 4 test64 4 1888.4
CASE fast 5 test64 5 1906.7
CASE fast 6 test64 6 1908.0
CASE fast 7 test64 7 1909.3
CASE fast 8 test64 8 1910.9
CASE fast 9 test64 9 1912.2
CASE fast 10 test64 10 1913.5
CASE fast 11 test64 11 1914.9
CASE fast 12 test64 12 1916.2
CASE fast 13 test64 13 1917.5
CASE fast 14 test64 14 1918.9
CASE fast 15 test64 15 1920.2
CASE fast 16 test64 16 1921.7
CASE fast 17 test64 17 1923.1
CASE fast 18 test64 18 1924.4
CASE fast 19 test64 19 1925.8
CASE fast 20 test64 20 1927.1
CASE fast 21 test64 21 1928.4
CASE fast 22 test64 22 1929.8
CASE fast 23 test64 23 1931.1
CASE fast 24 test64 24 1932.8
CASE fast 25 test64 25 1934.2
CASE fast 26 test64 26 1935.5
CASE fast 27 test64 27 1936.8
CASE fast 28 test64 28 1938.2
CASE fast 29 test64 29 1939.5
CASE fast 30 test64 30 1940.8
CASE fast 31 test64 31 1942.2
CASE fast 32 test64 32 1943.8
CASE fast 33 test64 33 1945.1
CASE fast 34 test64 34 1946.4
CASE fast 35 test64 35 1947.7
CASE fast 36 test64 36 1949.1
CASE fast 37 test64 37 1950.5
CASE fast 38 test64 38 1951.8
CASE fast 39 test64 39 1953.1
CASE fast 40 test64 40 1954.7
CASE fast 41 test64 41 1956.1
CASE fast 42 test64 42 1957.4
CASE fast 43 test64 43 1958.7
CASE fast 44 test64 44 1960.1
CASE fast 45 test64 45 1961.4
CASE fast 46 test64 46 1962.7
CASE fast 47 test64 47 1964.1
CASE fast 48 test64 48 1965.7
CASE fast 49 test64 49 1967.0
CASE fast 50 test64 50 1968.4
CASE fast 51 test64 51 1969.7
CASE fast 52 test64 52 1971.0
CASE fast 53 test64 53 1972.4
CASE fast 54 test64 54 1973.7
CASE fast 55 test64 55 1975.1
CASE fast 56 test64 56 1976.7
CASE fast 57 test64 57 1978.1
CASE fast 58 test64 58 1979.4
CASE fast 59 test64 59 1980.7
CASE fast 60 test64 60 1982.1
CASE fast 61 test64 61 1983.4
CASE fast 62 test64 62 1984.8
CASE fast 63 test64 63 1986.1
RHO fast 3200 83.5 2070.3
TIMING fast 2338.0
ARMS head 21 2359.6
CASE head 0 test64 0 2453.6
CASE head 1 test64 1 2462.4
CASE head 2 test64 2 2473.2
CASE head 3 test64 3 2482.2
CASE head 4 test64 4 2490.6
CASE head 5 test64 5 2498.3
CASE head 6 test64 6 2500.1
CASE head 7 test64 7 2502.0
CASE head 8 test64 8 2504.2
CASE head 9 test64 9 2506.3
CASE head 10 test64 10 2508.3
CASE head 11 test64 11 2510.1
CASE head 12 test64 12 2512.2
CASE head 13 test64 13 2514.5
CASE head 14 test64 14 2516.3
CASE head 15 test64 15 2518.4
CASE head 16 test64 16 2520.6
CASE head 17 test64 17 2522.7
CASE head 18 test64 18 2524.6
CASE head 19 test64 19 2526.7
CASE head 20 test64 20 2528.9
CASE head 21 test64 21 2530.7
CASE head 22 test64 22 2532.8
CASE head 23 test64 23 2534.6
CASE head 24 test64 24 2537.0
CASE head 25 test64 25 2538.9
CASE head 26 test64 26 2541.0
CASE head 27 test64 27 2543.0
CASE head 28 test64 28 2545.2
CASE head 29 test64 29 2547.2
CASE head 30 test64 30 2549.1
CASE head 31 test64 31 2551.1
CASE head 32 test64 32 2553.6
CASE head 33 test64 33 2555.6
CASE head 34 test64 34 2557.3
CASE head 35 test64 35 2559.2
CASE head 36 test64 36 2561.1
CASE head 37 test64 37 2563.1
CASE head 38 test64 38 2565.2
CASE head 39 test64 39 2567.1
CASE head 40 test64 40 2569.4
CASE head 41 test64 41 2571.3
CASE head 42 test64 42 2573.1
CASE head 43 test64 43 2574.9
CASE head 44 test64 44 2576.9
CASE head 45 test64 45 2579.2
CASE head 46 test64 46 2581.1
CASE head 47 test64 47 2583.1
CASE head 48 test64 48 2585.5
CASE head 49 test64 49 2587.6
CASE head 50 test64 50 2589.5
CASE head 51 test64 51 2591.4
CASE head 52 test64 52 2593.1
CASE head 53 test64 53 2595.1
CASE head 54 test64 54 2597.0
CASE head 55 test64 55 2599.0
CASE head 56 test64 56 2601.3
CASE head 57 test64 57 2603.2
CASE head 58 test64 58 2605.0
CASE head 59 test64 59 2607.1
CASE head 60 test64 60 2609.1
CASE head 61 test64 61 2611.1
CASE head 62 test64 62 2613.1
CASE head 63 test64 63 2615.7
RHO head 3200 78.6 2695.2
TIMING head 3027.4
QSTUDY COMPLETE
ALL-DONE
