E0826 01:15:06.646994 3698640 slow_operation_alarm.cc:73] Constant folding an instruction is taking > 1s:

  %dot = f64[5120,1024]{1,0} dot(%constant.14, %constant.15), lhs_contracting_dims={1}, rhs_contracting_dims={0}, operand_precision={highest,highest}, metadata={op_name="jit(prev_of)/dot_general" stack_frame_id=14}

This isn't necessarily a bug; constant-folding is inherently a trade-off between compilation time and speed at runtime. XLA has some guards that attempt to keep constant folding from taking too long, but fundamentally you'll always be able to come up with an input program that takes a long time.

If you'd like to file a bug, run with envvar XLA_FLAGS=--xla_dump_to=/tmp/foo and attach the results.
E0826 01:15:10.052136 3698588 slow_operation_alarm.cc:140] The operation took 4.405227226s
Constant folding an instruction is taking > 1s:

  %dot = f64[5120,1024]{1,0} dot(%constant.14, %constant.15), lhs_contracting_dims={1}, rhs_contracting_dims={0}, operand_precision={highest,highest}, metadata={op_name="jit(prev_of)/dot_general" stack_frame_id=14}

This isn't necessarily a bug; constant-folding is inherently a trade-off between compilation time and speed at runtime. XLA has some guards that attempt to keep constant folding from taking too long, but fundamentally you'll always be able to come up with an input program that takes a long time.

If you'd like to file a bug, run with envvar XLA_FLAGS=--xla_dump_to=/tmp/foo and attach the results.
E0826 01:15:12.056855 3698640 slow_operation_alarm.cc:73] Constant folding an instruction is taking > 2s:

  %dot.1 = f64[5120,1024]{1,0} dot(%constant.17, %constant.19), lhs_contracting_dims={1}, rhs_contracting_dims={0}, operand_precision={highest,highest}, metadata={op_name="jit(prev_of)/dot_general" stack_frame_id=14}

This isn't necessarily a bug; constant-folding is inherently a trade-off between compilation time and speed at runtime. XLA has some guards that attempt to keep constant folding from taking too long, but fundamentally you'll always be able to come up with an input program that takes a long time.

If you'd like to file a bug, run with envvar XLA_FLAGS=--xla_dump_to=/tmp/foo and attach the results.
E0826 01:15:14.458563 3698588 slow_operation_alarm.cc:140] The operation took 4.401786472s
Constant folding an instruction is taking > 2s:

  %dot.1 = f64[5120,1024]{1,0} dot(%constant.17, %constant.19), lhs_contracting_dims={1}, rhs_contracting_dims={0}, operand_precision={highest,highest}, metadata={op_name="jit(prev_of)/dot_general" stack_frame_id=14}

This isn't necessarily a bug; constant-folding is inherently a trade-off between compilation time and speed at runtime. XLA has some guards that attempt to keep constant folding from taking too long, but fundamentally you'll always be able to come up with an input program that takes a long time.

If you'd like to file a bug, run with envvar XLA_FLAGS=--xla_dump_to=/tmp/foo and attach the results.
E0826 01:15:18.863315 3698640 slow_operation_alarm.cc:73] Constant folding an instruction is taking > 4s:

  %dot_general.11 = f64[5120,1024]{1,0} dot(%constant.46, %constant.29), lhs_contracting_dims={1}, rhs_contracting_dims={0}, operand_precision={highest,highest}, metadata={op_name="jit(prev_of)/dot_general" stack_frame_id=14}

This isn't necessarily a bug; constant-folding is inherently a trade-off between compilation time and speed at runtime. XLA has some guards that attempt to keep constant folding from taking too long, but fundamentally you'll always be able to come up with an input program that takes a long time.

If you'd like to file a bug, run with envvar XLA_FLAGS=--xla_dump_to=/tmp/foo and attach the results.
E0826 01:15:59.067898 3698588 slow_operation_alarm.cc:140] The operation took 44.204663454s
Constant folding an instruction is taking > 4s:

  %dot_general.11 = f64[5120,1024]{1,0} dot(%constant.46, %constant.29), lhs_contracting_dims={1}, rhs_contracting_dims={0}, operand_precision={highest,highest}, metadata={op_name="jit(prev_of)/dot_general" stack_frame_id=14}

This isn't necessarily a bug; constant-folding is inherently a trade-off between compilation time and speed at runtime. XLA has some guards that attempt to keep constant folding from taking too long, but fundamentally you'll always be able to come up with an input program that takes a long time.

If you'd like to file a bug, run with envvar XLA_FLAGS=--xla_dump_to=/tmp/foo and attach the results.
E0826 01:16:07.420751 3698640 slow_operation_alarm.cc:73] Constant folding an instruction is taking > 8s:

  %dot_general.12 = f64[5120,512]{1,0} dot(%constant.54, %constant.30), lhs_contracting_dims={1}, rhs_contracting_dims={0}, operand_precision={highest,highest}, metadata={op_name="jit(prev_of)/dot_general" stack_frame_id=16}

This isn't necessarily a bug; constant-folding is inherently a trade-off between compilation time and speed at runtime. XLA has some guards that attempt to keep constant folding from taking too long, but fundamentally you'll always be able to come up with an input program that takes a long time.

If you'd like to file a bug, run with envvar XLA_FLAGS=--xla_dump_to=/tmp/foo and attach the results.
E0826 01:16:20.790912 3698588 slow_operation_alarm.cc:140] The operation took 21.370239456s
Constant folding an instruction is taking > 8s:

  %dot_general.12 = f64[5120,512]{1,0} dot(%constant.54, %constant.30), lhs_contracting_dims={1}, rhs_contracting_dims={0}, operand_precision={highest,highest}, metadata={op_name="jit(prev_of)/dot_general" stack_frame_id=16}

This isn't necessarily a bug; constant-folding is inherently a trade-off between compilation time and speed at runtime. XLA has some guards that attempt to keep constant folding from taking too long, but fundamentally you'll always be able to come up with an input program that takes a long time.

If you'd like to file a bug, run with envvar XLA_FLAGS=--xla_dump_to=/tmp/foo and attach the results.
E0826 01:16:47.382808 3698640 slow_operation_alarm.cc:73] Constant folding an instruction is taking > 16s:

  %dot_general.43 = f64[5120,1024]{1,0} dot(%constant.96, %constant.54), lhs_contracting_dims={1}, rhs_contracting_dims={0}, operand_precision={highest,highest}, metadata={op_name="jit(rJ)/dot_general" stack_frame_id=19}

This isn't necessarily a bug; constant-folding is inherently a trade-off between compilation time and speed at runtime. XLA has some guards that attempt to keep constant folding from taking too long, but fundamentally you'll always be able to come up with an input program that takes a long time.

If you'd like to file a bug, run with envvar XLA_FLAGS=--xla_dump_to=/tmp/foo and attach the results.
E0826 01:17:13.289116 3698588 slow_operation_alarm.cc:140] The operation took 41.906396569s
Constant folding an instruction is taking > 16s:

  %dot_general.43 = f64[5120,1024]{1,0} dot(%constant.96, %constant.54), lhs_contracting_dims={1}, rhs_contracting_dims={0}, operand_precision={highest,highest}, metadata={op_name="jit(rJ)/dot_general" stack_frame_id=19}

This isn't necessarily a bug; constant-folding is inherently a trade-off between compilation time and speed at runtime. XLA has some guards that attempt to keep constant folding from taking too long, but fundamentally you'll always be able to come up with an input program that takes a long time.

If you'd like to file a bug, run with envvar XLA_FLAGS=--xla_dump_to=/tmp/foo and attach the results.
E0826 01:18:16.008863 3698640 slow_operation_alarm.cc:73] Constant folding an instruction is taking > 32s:

  %dot_general.55 = f64[5120,1024]{1,0} dot(%constant.131, %constant.54), lhs_contracting_dims={1}, rhs_contracting_dims={0}, operand_precision={highest,highest}, metadata={op_name="jit(rJ)/vmap(jvp())/dot_general" stack_frame_id=71}

This isn't necessarily a bug; constant-folding is inherently a trade-off between compilation time and speed at runtime. XLA has some guards that attempt to keep constant folding from taking too long, but fundamentally you'll always be able to come up with an input program that takes a long time.

If you'd like to file a bug, run with envvar XLA_FLAGS=--xla_dump_to=/tmp/foo and attach the results.
E0826 01:18:25.930246 3698588 slow_operation_alarm.cc:140] The operation took 41.921468635s
Constant folding an instruction is taking > 32s:

  %dot_general.55 = f64[5120,1024]{1,0} dot(%constant.131, %constant.54), lhs_contracting_dims={1}, rhs_contracting_dims={0}, operand_precision={highest,highest}, metadata={op_name="jit(rJ)/vmap(jvp())/dot_general" stack_frame_id=71}

This isn't necessarily a bug; constant-folding is inherently a trade-off between compilation time and speed at runtime. XLA has some guards that attempt to keep constant folding from taking too long, but fundamentally you'll always be able to come up with an input program that takes a long time.

If you'd like to file a bug, run with envvar XLA_FLAGS=--xla_dump_to=/tmp/foo and attach the results.
E0826 01:59:07.842431 3698640 slow_operation_alarm.cc:73] 
********************************
[Compiling module input_reduce_fusion.2 for GPU] Very slow compile? If you want to file a bug, run with envvar XLA_FLAGS=--xla_dump_to=/tmp/foo and attach the results.
********************************
E0826 02:02:46.537602 3698638 slow_operation_alarm.cc:140] The operation took 5m38.695299371s

********************************
[Compiling module input_reduce_fusion.2 for GPU] Very slow compile? If you want to file a bug, run with envvar XLA_FLAGS=--xla_dump_to=/tmp/foo and attach the results.
********************************
