host=pax106 source_commit=31b34cd771ed4e12583e8f48218563cc6eec2181 job=4232710 mesh=64 arm=don-s
NVIDIA A100 80GB PCIe, GPU-93ae5f8d-299a-28bc-9b53-07a050aa9da5, 81920 MiB
10.235.106.32:/projects/paralab  4.6T  4.3T  327G  93% /cluster/tufts/paralab
jax_backend=gpu
generated 64/512 (12s)
generated 128/512 (23s)
generated 192/512 (34s)
generated 256/512 (45s)
generated 320/512 (56s)
generated 384/512 (67s)
generated 448/512 (78s)
generated 512/512 (89s)
torch_backend=cuda NVIDIA A100 80GB PCIe
{"arm": "don-s", "mesh": 64, "micro_batch": 8, "real_parameter_count": 5741519}
{"arm": "don-s", "epoch": 0, "steps": 56, "train": 0.7949510540223367, "val_mean": 0.9231184736987672, "val_worst": 0.9526519784694634, "lr": 0.0009999640815685274, "wall": 12.9}
{"arm": "don-s", "epoch": 1, "steps": 112, "train": 0.7194590505321745, "val_mean": 0.9060391799269372, "val_worst": 0.9345510216814619, "lr": 0.0009998378808336633, "wall": 25.8}
{"arm": "don-s", "epoch": 2, "steps": 168, "train": 0.6922000331973237, "val_mean": 0.8843190859572425, "val_worst": 0.9133092531256919, "lr": 0.0009996206232992615, "wall": 38.8}
{"arm": "don-s", "epoch": 3, "steps": 224, "train": 0.6732838076675834, "val_mean": 0.8786824653485202, "val_worst": 0.9046726241646407, "lr": 0.0009993132803958393, "wall": 51.7}
{"arm": "don-s", "epoch": 4, "steps": 280, "train": 0.6461469245529841, "val_mean": 0.8507006220304845, "val_worst": 0.8879845325190621, "lr": 0.0009989151937475902, "wall": 64.6}
{"arm": "don-s", "epoch": 5, "steps": 336, "train": 0.5854227850055898, "val_mean": 0.8103754208552357, "val_worst": 0.8672690141894496, "lr": 0.0009984258897170505, "wall": 77.6}
{"arm": "don-s", "epoch": 6, "steps": 392, "train": 0.5261824506795066, "val_mean": 0.7753279584478583, "val_worst": 0.8276947401551413, "lr": 0.000997844697247026, "wall": 90.5}
{"arm": "don-s", "epoch": 7, "steps": 448, "train": 0.4846461270497843, "val_mean": 0.7650420774789715, "val_worst": 0.8354212411301317, "lr": 0.0009971723402930433, "wall": 103.5}
{"arm": "don-s", "epoch": 8, "steps": 504, "train": 0.459693103834967, "val_mean": 0.7445307001973562, "val_worst": 0.8410569031840318, "lr": 0.0009964093293691617, "wall": 116.5}
{"arm": "don-s", "epoch": 9, "steps": 560, "train": 0.4231240559895489, "val_mean": 0.7215765350195027, "val_worst": 0.8244496011330001, "lr": 0.000995555173184014, "wall": 129.4}
{"arm": "don-s", "epoch": 10, "steps": 616, "train": 0.39221682127556984, "val_mean": 0.686613231654635, "val_worst": 0.8026942797192036, "lr": 0.0009946117484254493, "wall": 142.4}
{"arm": "don-s", "epoch": 11, "steps": 672, "train": 0.34302503439024207, "val_mean": 0.6491711153364332, "val_worst": 0.7737965471949753, "lr": 0.0009935784528246163, "wall": 155.4}
{"arm": "don-s", "epoch": 12, "steps": 728, "train": 0.29983799966336466, "val_mean": 0.6143307402133444, "val_worst": 0.7323726629251263, "lr": 0.0009924531102048345, "wall": 168.3}
{"arm": "don-s", "epoch": 13, "steps": 784, "train": 0.2781250301356078, "val_mean": 0.598127276313271, "val_worst": 0.7141711547616523, "lr": 0.0009912385552608579, "wall": 181.3}
{"arm": "don-s", "epoch": 14, "steps": 840, "train": 0.2578700288297995, "val_mean": 0.5807059687074274, "val_worst": 0.7096676968790705, "lr": 0.0009899336657775205, "wall": 194.3}
{"arm": "don-s", "epoch": 15, "steps": 896, "train": 0.24769922392772642, "val_mean": 0.5743609463233836, "val_worst": 0.7038470563771622, "lr": 0.0009885385894097308, "wall": 207.3}
{"arm": "don-s", "epoch": 16, "steps": 952, "train": 0.23669681533621403, "val_mean": 0.5580807315817542, "val_worst": 0.6934923415997564, "lr": 0.0009870555092271105, "wall": 220.2}
{"arm": "don-s", "epoch": 17, "steps": 1008, "train": 0.22479774924093476, "val_mean": 0.5568731885221421, "val_worst": 0.6942611908752395, "lr": 0.000985482487375015, "wall": 233.2}
{"arm": "don-s", "epoch": 18, "steps": 1064, "train": 0.22252417771306635, "val_mean": 0.547857684478182, "val_worst": 0.6806079049967323, "lr": 0.0009838194152881655, "wall": 246.2}
{"arm": "don-s", "epoch": 19, "steps": 1120, "train": 0.21623403168645425, "val_mean": 0.5533174971187191, "val_worst": 0.6802547288976221, "lr": 0.0009820662470201161, "wall": 259.2}
{"arm": "don-s", "epoch": 20, "steps": 1176, "train": 0.3443136476156603, "val_mean": 0.5747521138201087, "val_worst": 0.7248731667493736, "lr": 0.0009802370071461581, "wall": 272.1}
{"arm": "don-s", "epoch": 21, "steps": 1232, "train": 0.23126797755124734, "val_mean": 0.5423934696400406, "val_worst": 0.6638345646203763, "lr": 0.0009783200247714353, "wall": 285.1}
{"arm": "don-s", "epoch": 22, "steps": 1288, "train": 0.20595597705527346, "val_mean": 0.5240381255269273, "val_worst": 0.6657993706961962, "lr": 0.000976307988530381, "wall": 298.0}
{"arm": "don-s", "epoch": 23, "steps": 1344, "train": 0.18746142530842275, "val_mean": 0.5146206617171386, "val_worst": 0.6546267696040823, "lr": 0.000974208904974698, "wall": 311.0}
{"arm": "don-s", "epoch": 24, "steps": 1400, "train": 0.18131566875205074, "val_mean": 0.507826373149919, "val_worst": 0.6544482382302365, "lr": 0.0009720230170194331, "wall": 324.0}
{"arm": "don-s", "epoch": 25, "steps": 1456, "train": 0.1714462446173243, "val_mean": 0.4952115374124642, "val_worst": 0.6341409242384759, "lr": 0.0009697544260646457, "wall": 336.9}
{"arm": "don-s", "epoch": 26, "steps": 1512, "train": 0.16214352605947788, "val_mean": 0.4809749122253525, "val_worst": 0.6242644336358063, "lr": 0.0009673955515481963, "wall": 349.9}
{"arm": "don-s", "epoch": 27, "steps": 1568, "train": 0.15411659144171358, "val_mean": 0.4739698071775067, "val_worst": 0.61347758517299, "lr": 0.0009649499954923843, "wall": 362.9}
{"arm": "don-s", "epoch": 28, "steps": 1624, "train": 0.14888969315794628, "val_mean": 0.47328480796730393, "val_worst": 0.598558266275032, "lr": 0.0009624205822844496, "wall": 375.9}
{"arm": "don-s", "epoch": 29, "steps": 1680, "train": 0.14542423769422674, "val_mean": 0.4616317891320489, "val_worst": 0.6133236520319446, "lr": 0.0009598098489210998, "wall": 388.8}
{"arm": "don-s", "epoch": 30, "steps": 1736, "train": 0.13875023162461964, "val_mean": 0.45538002358440277, "val_worst": 0.6012942964424807, "lr": 0.0009571170265206935, "wall": 401.8}
{"arm": "don-s", "epoch": 31, "steps": 1792, "train": 0.13199834475680935, "val_mean": 0.45196511301190556, "val_worst": 0.6101477905902661, "lr": 0.0009543366502997548, "wall": 414.8}
{"arm": "don-s", "epoch": 32, "steps": 1848, "train": 0.13206120484112574, "val_mean": 0.45128905347922516, "val_worst": 0.5997523260763838, "lr": 0.0009514745803868853, "wall": 427.8}
{"arm": "don-s", "epoch": 33, "steps": 1904, "train": 0.13254025429493219, "val_mean": 0.4513072107735346, "val_worst": 0.5990646434941536, "lr": 0.0009485263102920325, "wall": 440.7}
{"arm": "don-s", "epoch": 34, "steps": 1960, "train": 0.1287309001929929, "val_mean": 0.44823253937521707, "val_worst": 0.5780716210310588, "lr": 0.0009455063587139406, "wall": 453.7}
{"arm": "don-s", "epoch": 35, "steps": 2016, "train": 0.1276212391137118, "val_mean": 0.4448622709936567, "val_worst": 0.6019650944667336, "lr": 0.0009423980759740202, "wall": 466.7}
{"arm": "don-s", "epoch": 36, "steps": 2072, "train": 0.1226804647592421, "val_mean": 0.43450253627306495, "val_worst": 0.566474584470274, "lr": 0.0009392085668020119, "wall": 479.6}
{"arm": "don-s", "epoch": 37, "steps": 2128, "train": 0.11849942202835291, "val_mean": 0.43148481679525313, "val_worst": 0.5668715128249109, "lr": 0.0009359405000514032, "wall": 492.6}
{"arm": "don-s", "epoch": 38, "steps": 2184, "train": 0.11364340992230774, "val_mean": 0.4302943435705042, "val_worst": 0.5565679240181742, "lr": 0.0009325871812945313, "wall": 505.6}
{"arm": "don-s", "epoch": 39, "steps": 2240, "train": 0.11674374794895345, "val_mean": 0.4339179345980158, "val_worst": 0.5552674051914179, "lr": 0.0009291563026641767, "wall": 518.5}
{"arm": "don-s", "epoch": 40, "steps": 2296, "train": 0.11206217553717814, "val_mean": 0.42404714760270035, "val_worst": 0.5594203020961898, "lr": 0.0009256661086053189, "wall": 531.5}
{"arm": "don-s", "epoch": 41, "steps": 2352, "train": 0.10793194946357065, "val_mean": 0.42443552187506195, "val_worst": 0.5612450770868759, "lr": 0.0009220816190000107, "wall": 544.4}
{"arm": "don-s", "epoch": 42, "steps": 2408, "train": 0.10762907512582112, "val_mean": 0.42042869294491886, "val_worst": 0.5441992592944812, "lr": 0.000918435962670002, "wall": 557.4}
{"arm": "don-s", "epoch": 43, "steps": 2464, "train": 0.10747871851615136, "val_mean": 0.42243554252966264, "val_worst": 0.5517025586521673, "lr": 0.0009147001255815057, "wall": 570.3}
{"arm": "don-s", "epoch": 44, "steps": 2520, "train": 0.10676104869489787, "val_mean": 0.4235908217692739, "val_worst": 0.5602179443394807, "lr": 0.0009108969644815839, "wall": 583.3}
{"arm": "don-s", "epoch": 45, "steps": 2576, "train": 0.10460431705605676, "val_mean": 0.4234482372385494, "val_worst": 0.56105434689396, "lr": 0.0009070254489737896, "wall": 596.2}
{"arm": "don-s", "epoch": 46, "steps": 2632, "train": 0.10168914473004934, "val_mean": 0.41624186719850476, "val_worst": 0.5489790466316509, "lr": 0.000903079710398609, "wall": 609.2}
{"arm": "don-s", "epoch": 47, "steps": 2688, "train": 0.09965903122928636, "val_mean": 0.41976820217333144, "val_worst": 0.5691819738689626, "lr": 0.0008990488024295007, "wall": 622.1}
{"arm": "don-s", "epoch": 48, "steps": 2744, "train": 0.10406498925864978, "val_mean": 0.42326747768789474, "val_worst": 0.5505786078025703, "lr": 0.0008949574262863903, "wall": 635.0}
{"arm": "don-s", "epoch": 49, "steps": 2800, "train": 0.10234628559638728, "val_mean": 0.41694052524977365, "val_worst": 0.5658626966432905, "lr": 0.0008907932853393588, "wall": 647.9}
{"arm": "don-s", "epoch": 50, "steps": 2856, "train": 0.09618286889479181, "val_mean": 0.411085864924565, "val_worst": 0.5642636216602139, "lr": 0.0008865620364011618, "wall": 660.9}
{"arm": "don-s", "epoch": 51, "steps": 2912, "train": 0.0926456858835143, "val_mean": 0.4071498034250811, "val_worst": 0.5663675823530215, "lr": 0.0008822445486684722, "wall": 673.9}
{"arm": "don-s", "epoch": 52, "steps": 2968, "train": 0.0909388681799794, "val_mean": 0.40608115236439535, "val_worst": 0.5527142277640494, "lr": 0.0008778590552627396, "wall": 686.8}
{"arm": "don-s", "epoch": 53, "steps": 3024, "train": 0.0897984159524526, "val_mean": 0.4067404954748903, "val_worst": 0.5384835044944988, "lr": 0.0008734037324348934, "wall": 699.7}
{"arm": "don-s", "epoch": 54, "steps": 3080, "train": 0.09130171194491113, "val_mean": 0.40766403067955537, "val_worst": 0.5564964559169491, "lr": 0.0008688943301020838, "wall": 712.7}
{"arm": "don-s", "epoch": 55, "steps": 3136, "train": 0.092694800012847, "val_mean": 0.412906114337315, "val_worst": 0.5467485734109401, "lr": 0.0008643195721295453, "wall": 725.6}
{"arm": "don-s", "epoch": 56, "steps": 3192, "train": 0.09135255332865867, "val_mean": 0.40398349458309424, "val_worst": 0.5374175287851621, "lr": 0.0008596800587611342, "wall": 738.6}
{"arm": "don-s", "epoch": 57, "steps": 3248, "train": 0.08649283118908462, "val_mean": 0.40029263734807585, "val_worst": 0.5455142617203097, "lr": 0.0008549642779345, "wall": 751.5}
{"arm": "don-s", "epoch": 58, "steps": 3304, "train": 0.08287296570030013, "val_mean": 0.3982774258209413, "val_worst": 0.5471058599187968, "lr": 0.0008501755142853636, "wall": 764.5}
{"arm": "don-s", "epoch": 59, "steps": 3360, "train": 0.08157495997919464, "val_mean": 0.3939985853645723, "val_worst": 0.5281578009852107, "lr": 0.0008453205835614741, "wall": 777.5}
{"arm": "don-s", "epoch": 60, "steps": 3416, "train": 0.08206416324850199, "val_mean": 0.4000417307102505, "val_worst": 0.5453911612723412, "lr": 0.0008403994723206081, "wall": 790.4}
{"arm": "don-s", "epoch": 61, "steps": 3472, "train": 0.08359304061781365, "val_mean": 0.3972986940386797, "val_worst": 0.5388471200780184, "lr": 0.000835446602133982, "wall": 803.3}
{"arm": "don-s", "epoch": 62, "steps": 3528, "train": 0.08079251380043799, "val_mean": 0.39334394502488373, "val_worst": 0.5406348698433182, "lr": 0.0008304308904466701, "wall": 816.3}
{"arm": "don-s", "epoch": 63, "steps": 3584, "train": 0.07986832900424659, "val_mean": 0.39388195540979193, "val_worst": 0.5431371597635567, "lr": 0.0008253188097542279, "wall": 829.3}
{"arm": "don-s", "epoch": 64, "steps": 3640, "train": 0.0806344797474453, "val_mean": 0.395445075329967, "val_worst": 0.5334347227492664, "lr": 0.0008201808916757247, "wall": 842.2}
{"arm": "don-s", "epoch": 65, "steps": 3696, "train": 0.07881783583774496, "val_mean": 0.38838978195391843, "val_worst": 0.5483803046620767, "lr": 0.0008149852681142157, "wall": 855.2}
{"arm": "don-s", "epoch": 66, "steps": 3752, "train": 0.07370439004266213, "val_mean": 0.3886027133441018, "val_worst": 0.5196752157248465, "lr": 0.0008097138444156577, "wall": 868.1}
{"arm": "don-s", "epoch": 67, "steps": 3808, "train": 0.07521205212282002, "val_mean": 0.3891542155359534, "val_worst": 0.529608456396301, "lr": 0.0008044097456201513, "wall": 881.0}
{"arm": "don-s", "epoch": 68, "steps": 3864, "train": 0.07449247896112574, "val_mean": 0.3914868184689816, "val_worst": 0.5426451969842838, "lr": 0.0007990494158967706, "wall": 893.9}
{"arm": "don-s", "epoch": 69, "steps": 3920, "train": 0.0729383261071196, "val_mean": 0.3854647589974533, "val_worst": 0.5392347047017108, "lr": 0.0007936372786924204, "wall": 906.9}
{"arm": "don-s", "epoch": 70, "steps": 3976, "train": 0.07341421074739454, "val_mean": 0.39114170210606075, "val_worst": 0.5357565882704064, "lr": 0.0007881452196234044, "wall": 919.8}
{"arm": "don-s", "epoch": 71, "steps": 4032, "train": 0.07279686703341086, "val_mean": 0.3838859281431337, "val_worst": 0.5260398225707777, "lr": 0.0007826344962836492, "wall": 932.8}
{"arm": "don-s", "epoch": 72, "steps": 4088, "train": 0.07195150746648307, "val_mean": 0.385272042789804, "val_worst": 0.5312995687520984, "lr": 0.0007770498681726201, "wall": 945.7}
{"arm": "don-s", "epoch": 73, "steps": 4144, "train": 0.07223258411999048, "val_mean": 0.38361545716930867, "val_worst": 0.5286297705932508, "lr": 0.0007714327939129064, "wall": 958.6}
{"arm": "don-s", "epoch": 74, "steps": 4200, "train": 0.06814556442632955, "val_mean": 0.3811488460376377, "val_worst": 0.5420982510243522, "lr": 0.0007657439079132646, "wall": 971.6}
{"arm": "don-s", "epoch": 75, "steps": 4256, "train": 0.06678416866474905, "val_mean": 0.3769829750973866, "val_worst": 0.5273648161262422, "lr": 0.000760003539897042, "wall": 984.6}
{"arm": "don-s", "epoch": 76, "steps": 4312, "train": 0.06481032013018821, "val_mean": 0.374165741578655, "val_worst": 0.5278624263594108, "lr": 0.0007542229163875732, "wall": 997.5}
{"arm": "don-s", "epoch": 77, "steps": 4368, "train": 0.06403930833705294, "val_mean": 0.3759479755913743, "val_worst": 0.5219729231149416, "lr": 0.0007483980917840403, "wall": 1010.4}
{"arm": "don-s", "epoch": 78, "steps": 4424, "train": 0.06268317668285214, "val_mean": 0.37326996218456, "val_worst": 0.5323383126945297, "lr": 0.0007425526212959233, "wall": 1023.4}
{"arm": "don-s", "epoch": 79, "steps": 4480, "train": 0.06264833162908366, "val_mean": 0.37291025976153985, "val_worst": 0.5304340032348838, "lr": 0.0007366315858188198, "wall": 1036.4}
{"arm": "don-s", "epoch": 80, "steps": 4536, "train": 0.06269067134141422, "val_mean": 0.3768803134508604, "val_worst": 0.5363474397157652, "lr": 0.0007306727048095296, "wall": 1049.3}
{"arm": "don-s", "epoch": 81, "steps": 4592, "train": 0.06379644810071786, "val_mean": 0.3873736736359424, "val_worst": 0.5451251630749638, "lr": 0.0007247016101306508, "wall": 1062.2}
{"arm": "don-s", "epoch": 82, "steps": 4648, "train": 0.06628275736576685, "val_mean": 0.3799594060002066, "val_worst": 0.5270768027149404, "lr": 0.0007186817496575578, "wall": 1075.1}
{"arm": "don-s", "epoch": 83, "steps": 4704, "train": 0.06380697061474275, "val_mean": 0.3716929157875761, "val_worst": 0.5349057660717279, "lr": 0.0007126315164907908, "wall": 1088.0}
{"arm": "don-s", "epoch": 84, "steps": 4760, "train": 0.06225546869479274, "val_mean": 0.3712752437913269, "val_worst": 0.5137617513458579, "lr": 0.0007065127376727177, "wall": 1101.1}
{"arm": "don-s", "epoch": 85, "steps": 4816, "train": 0.06152498381698389, "val_mean": 0.37372705067813417, "val_worst": 0.5169869657347719, "lr": 0.0007002936538832041, "wall": 1114.0}
{"arm": "don-s", "epoch": 86, "steps": 4872, "train": 0.060362720003901305, "val_mean": 0.36742128535561613, "val_worst": 0.5217465691704555, "lr": 0.0006941321504606332, "wall": 1127.0}
{"arm": "don-s", "epoch": 87, "steps": 4928, "train": 0.058316708450074625, "val_mean": 0.36681459663091803, "val_worst": 0.5223657553415912, "lr": 0.0006879090685100271, "wall": 1140.0}
{"arm": "don-s", "epoch": 88, "steps": 4984, "train": 0.05779657953950651, "val_mean": 0.36767265566700935, "val_worst": 0.5235246800118417, "lr": 0.000681643792129776, "wall": 1152.9}
{"arm": "don-s", "epoch": 89, "steps": 5040, "train": 0.05624792941158414, "val_mean": 0.36572365558622866, "val_worst": 0.5189582057774876, "lr": 0.0006753739977874808, "wall": 1165.9}
{"arm": "don-s", "epoch": 90, "steps": 5096, "train": 0.05525967614383885, "val_mean": 0.3641249655100366, "val_worst": 0.5078482480991787, "lr": 0.0006690387985091708, "wall": 1178.8}
{"arm": "don-s", "epoch": 91, "steps": 5152, "train": 0.05461970284497851, "val_mean": 0.3637058284657577, "val_worst": 0.5209978014852918, "lr": 0.0006626767805010123, "wall": 1191.8}
{"arm": "don-s", "epoch": 92, "steps": 5208, "train": 0.05498939492090006, "val_mean": 0.365380048507432, "val_worst": 0.5217380890395885, "lr": 0.0006562801173922064, "wall": 1204.7}
{"arm": "don-s", "epoch": 93, "steps": 5264, "train": 0.054864602731809195, "val_mean": 0.3647471223031506, "val_worst": 0.5126110906073131, "lr": 0.0006498922474416361, "wall": 1217.7}
{"arm": "don-s", "epoch": 94, "steps": 5320, "train": 0.05500482239464498, "val_mean": 0.36310292411600364, "val_worst": 0.5265622202771855, "lr": 0.0006434775492674677, "wall": 1230.6}
{"arm": "don-s", "epoch": 95, "steps": 5376, "train": 0.05437302018003976, "val_mean": 0.3636265883355314, "val_worst": 0.5196522825033709, "lr": 0.0006369890955941118, "wall": 1243.6}
{"arm": "don-s", "epoch": 96, "steps": 5432, "train": 0.05542331105787102, "val_mean": 0.3645580061142317, "val_worst": 0.5178908468349565, "lr": 0.0006305201935704769, "wall": 1256.5}
{"arm": "don-s", "epoch": 97, "steps": 5488, "train": 0.0537105165330084, "val_mean": 0.3615131266317927, "val_worst": 0.5126117213537742, "lr": 0.0006240321305369716, "wall": 1269.5}
{"arm": "don-s", "epoch": 98, "steps": 5544, "train": 0.05201475791388798, "val_mean": 0.36194694419916545, "val_worst": 0.5334170918371377, "lr": 0.0006174946716552079, "wall": 1282.4}
{"arm": "don-s", "epoch": 99, "steps": 5600, "train": 0.04982587589952558, "val_mean": 0.3588285066580609, "val_worst": 0.5132860764479078, "lr": 0.0006109622711888875, "wall": 1295.4}
{"arm": "don-s", "epoch": 100, "steps": 5656, "train": 0.049793237237125025, "val_mean": 0.356916247982631, "val_worst": 0.5163845846220183, "lr": 0.0006043843979413439, "wall": 1308.3}
{"arm": "don-s", "epoch": 101, "steps": 5712, "train": 0.04906486723134466, "val_mean": 0.3583418637359725, "val_worst": 0.5348967093432789, "lr": 0.0005977866858342984, "wall": 1321.3}
{"arm": "don-s", "epoch": 102, "steps": 5768, "train": 0.049380459444967585, "val_mean": 0.35793579908405687, "val_worst": 0.508973504076529, "lr": 0.0005912025932074962, "wall": 1334.2}
{"arm": "don-s", "epoch": 103, "steps": 5824, "train": 0.05086437954038527, "val_mean": 0.36017974839092226, "val_worst": 0.509796004186027, "lr": 0.0005846055778565562, "wall": 1347.1}
{"arm": "don-s", "epoch": 104, "steps": 5880, "train": 0.052174880281319114, "val_mean": 0.3594762678792621, "val_worst": 0.5082478306909479, "lr": 0.0005779239882667782, "wall": 1360.1}
{"arm": "don-s", "epoch": 105, "steps": 5936, "train": 0.050256343819724644, "val_mean": 0.3591983413955589, "val_worst": 0.5306520845519261, "lr": 0.0005712897259639649, "wall": 1373.1}
{"arm": "don-s", "epoch": 106, "steps": 5992, "train": 0.04986646907496012, "val_mean": 0.3594406258331099, "val_worst": 0.5095788282627063, "lr": 0.0005646425541472052, "wall": 1386.0}
{"arm": "don-s", "epoch": 107, "steps": 6048, "train": 0.04832750099951715, "val_mean": 0.35534076469224674, "val_worst": 0.5365824570464713, "lr": 0.0005579910356386362, "wall": 1399.0}
{"arm": "don-s", "epoch": 108, "steps": 6104, "train": 0.046545461227005806, "val_mean": 0.35396390691418883, "val_worst": 0.5165379447464357, "lr": 0.0005512889044784851, "wall": 1412.0}
{"arm": "don-s", "epoch": 109, "steps": 6160, "train": 0.0475103269484383, "val_mean": 0.3568037574309612, "val_worst": 0.518656851373242, "lr": 0.0005445991348675126, "wall": 1424.9}
{"arm": "don-s", "epoch": 110, "steps": 6216, "train": 0.0469020665974026, "val_mean": 0.35345003461605123, "val_worst": 0.5140597576013078, "lr": 0.0005379127519587879, "wall": 1437.8}
{"arm": "don-s", "epoch": 111, "steps": 6272, "train": 0.045336580180077836, "val_mean": 0.3538111459161723, "val_worst": 0.5223277180761771, "lr": 0.0005311995110510537, "wall": 1450.8}
{"arm": "don-s", "epoch": 112, "steps": 6328, "train": 0.044495467201169, "val_mean": 0.35245463866221305, "val_worst": 0.5112862660382372, "lr": 0.0005245049264124989, "wall": 1463.7}
{"arm": "don-s", "epoch": 113, "steps": 6384, "train": 0.04342972239764981, "val_mean": 0.3503858727212832, "val_worst": 0.5180836260864657, "lr": 0.0005177874835916599, "wall": 1476.7}
{"arm": "don-s", "epoch": 114, "steps": 6440, "train": 0.04238796401612159, "val_mean": 0.3483857945518528, "val_worst": 0.5014435923578693, "lr": 0.0005110733884311087, "wall": 1489.7}
{"arm": "don-s", "epoch": 115, "steps": 6496, "train": 0.0423877249367597, "val_mean": 0.35002573740172405, "val_worst": 0.5173364446949712, "lr": 0.0005043495483224508, "wall": 1502.6}
{"arm": "don-s", "epoch": 116, "steps": 6552, "train": 0.042462962580807104, "val_mean": 0.35037889295424235, "val_worst": 0.5120800772484289, "lr": 0.0004976477203954245, "wall": 1515.5}
{"arm": "don-s", "epoch": 117, "steps": 6608, "train": 0.04229350714144754, "val_mean": 0.3487752816485077, "val_worst": 0.5165264408657875, "lr": 0.0004909535260023835, "wall": 1528.4}
{"arm": "don-s", "epoch": 118, "steps": 6664, "train": 0.04257524461914946, "val_mean": 0.3501360973768425, "val_worst": 0.5001401657242551, "lr": 0.0004842603573706851, "wall": 1541.3}
{"arm": "don-s", "epoch": 119, "steps": 6720, "train": 0.04221009223781717, "val_mean": 0.34943073840139605, "val_worst": 0.5280106647659969, "lr": 0.0004775743638660043, "wall": 1554.3}
{"arm": "don-s", "epoch": 120, "steps": 6776, "train": 0.041755742949906645, "val_mean": 0.35185511178555284, "val_worst": 0.5219957415903647, "lr": 0.00047089056302224863, "wall": 1567.2}
{"arm": "don-s", "epoch": 121, "steps": 6832, "train": 0.042702612403018377, "val_mean": 0.34978793083807713, "val_worst": 0.514366440286538, "lr": 0.0004642131780823073, "wall": 1580.1}
{"arm": "don-s", "epoch": 122, "steps": 6888, "train": 0.04285438151923241, "val_mean": 0.35171497140427954, "val_worst": 0.5218672008543928, "lr": 0.0004575420434610843, "wall": 1593.0}
{"arm": "don-s", "epoch": 123, "steps": 6944, "train": 0.04230913147711187, "val_mean": 0.3495212079234996, "val_worst": 0.5212184623780307, "lr": 0.00045088665860894863, "wall": 1605.9}
{"arm": "don-s", "epoch": 124, "steps": 7000, "train": 0.04117035376789697, "val_mean": 0.3474651864016267, "val_worst": 0.5101832724097898, "lr": 0.0004442424167458398, "wall": 1618.9}
{"arm": "don-s", "epoch": 125, "steps": 7056, "train": 0.039973420815901335, "val_mean": 0.3483403251264553, "val_worst": 0.5148065766241714, "lr": 0.0004375697464609534, "wall": 1631.8}
{"arm": "don-s", "epoch": 126, "steps": 7112, "train": 0.03940882073779317, "val_mean": 0.3467214063306624, "val_worst": 0.5082807188086977, "lr": 0.00043094664088250107, "wall": 1644.8}
{"arm": "don-s", "epoch": 127, "steps": 7168, "train": 0.03877450562442459, "val_mean": 0.34541569510573705, "val_worst": 0.5074841824468272, "lr": 0.0004243073568410448, "wall": 1657.7}
{"arm": "don-s", "epoch": 128, "steps": 7224, "train": 0.038366403387638574, "val_mean": 0.3464381663546143, "val_worst": 0.5218423823233341, "lr": 0.0004176804965399622, "wall": 1670.7}
{"arm": "don-s", "epoch": 129, "steps": 7280, "train": 0.03803630841278559, "val_mean": 0.3455703578311901, "val_worst": 0.5177076921365054, "lr": 0.0004111020120749345, "wall": 1683.6}
{"arm": "don-s", "epoch": 130, "steps": 7336, "train": 0.03789774880551803, "val_mean": 0.34552465345215566, "val_worst": 0.5193504055795133, "lr": 0.0004045365733173352, "wall": 1696.5}
{"arm": "don-s", "epoch": 131, "steps": 7392, "train": 0.037704269867133995, "val_mean": 0.3441277269915221, "val_worst": 0.5169083030901284, "lr": 0.0003979891593360066, "wall": 1709.5}
{"arm": "don-s", "epoch": 132, "steps": 7448, "train": 0.03699491997914301, "val_mean": 0.3435749088918789, "val_worst": 0.5146977267864185, "lr": 0.00039143192195895284, "wall": 1722.4}
{"arm": "don-s", "epoch": 133, "steps": 7504, "train": 0.036804317375512555, "val_mean": 0.3440834391762453, "val_worst": 0.5240309744932549, "lr": 0.0003849004483614433, "wall": 1735.4}
{"arm": "don-s", "epoch": 134, "steps": 7560, "train": 0.036410992792907826, "val_mean": 0.34430151398817066, "val_worst": 0.5132201773042123, "lr": 0.00037841187462217486, "wall": 1748.3}
{"arm": "don-s", "epoch": 135, "steps": 7616, "train": 0.0363359876810969, "val_mean": 0.34378076867331464, "val_worst": 0.5131992853775474, "lr": 0.0003719526788512553, "wall": 1761.2}
{"arm": "don-s", "epoch": 136, "steps": 7672, "train": 0.03597753294358557, "val_mean": 0.34297836134040227, "val_worst": 0.5206895615281488, "lr": 0.00036551270441916007, "wall": 1774.2}
{"arm": "don-s", "epoch": 137, "steps": 7728, "train": 0.03579846371611179, "val_mean": 0.3437468142491278, "val_worst": 0.5256827812197759, "lr": 0.0003590746141841342, "wall": 1787.1}
{"arm": "don-s", "epoch": 138, "steps": 7784, "train": 0.03569597923658069, "val_mean": 0.34340636053031337, "val_worst": 0.515217526400794, "lr": 0.00035268030399268055, "wall": 1800.0}
{"arm": "don-s", "epoch": 139, "steps": 7840, "train": 0.03524269420490397, "val_mean": 0.3413584620710275, "val_worst": 0.521946510589977, "lr": 0.00034632184631437824, "wall": 1813.0}
{"arm": "don-s", "epoch": 140, "steps": 7896, "train": 0.035112971267428725, "val_mean": 0.341947827529845, "val_worst": 0.5115939745136152, "lr": 0.00033996374265678664, "wall": 1825.9}
{"arm": "don-s", "epoch": 141, "steps": 7952, "train": 0.034982658601046566, "val_mean": 0.3419105811202225, "val_worst": 0.5155079499753507, "lr": 0.00033366564885783245, "wall": 1838.8}
{"arm": "don-s", "epoch": 142, "steps": 8008, "train": 0.034823344816082256, "val_mean": 0.3413344944090457, "val_worst": 0.518152369051354, "lr": 0.00032738961618159254, "wall": 1851.8}
{"arm": "don-s", "epoch": 143, "steps": 8064, "train": 0.034721311668743655, "val_mean": 0.3430317059086666, "val_worst": 0.5163053604101728, "lr": 0.0003211155543620316, "wall": 1864.8}
{"arm": "don-s", "epoch": 144, "steps": 8120, "train": 0.03474206949187336, "val_mean": 0.34206091860077137, "val_worst": 0.5120348927077599, "lr": 0.00031490470187460837, "wall": 1877.7}
{"arm": "don-s", "epoch": 145, "steps": 8176, "train": 0.034197734629661115, "val_mean": 0.3415970542525034, "val_worst": 0.5217775442437468, "lr": 0.000308735496802594, "wall": 1890.6}
{"arm": "don-s", "epoch": 146, "steps": 8232, "train": 0.03385515598581506, "val_mean": 0.341794598303667, "val_worst": 0.5141248524407643, "lr": 0.0003025994971110075, "wall": 1903.6}
{"arm": "don-s", "epoch": 147, "steps": 8288, "train": 0.033774518916115256, "val_mean": 0.34073401626657707, "val_worst": 0.5099034303174402, "lr": 0.00029649986032927856, "wall": 1916.6}
{"arm": "don-s", "epoch": 148, "steps": 8344, "train": 0.03348229608928034, "val_mean": 0.34069829816295605, "val_worst": 0.5161157743766113, "lr": 0.00029040219418796713, "wall": 1929.6}
{"arm": "don-s", "epoch": 149, "steps": 8400, "train": 0.033122990002069294, "val_mean": 0.33960524484040544, "val_worst": 0.5191290711200123, "lr": 0.00028435397332169347, "wall": 1942.6}
{"arm": "don-s", "epoch": 150, "steps": 8456, "train": 0.03276466644453469, "val_mean": 0.3396230509311674, "val_worst": 0.5177486207502241, "lr": 0.0002783550851833944, "wall": 1955.5}
{"arm": "don-s", "epoch": 151, "steps": 8512, "train": 0.032467723991779975, "val_mean": 0.33986913584166123, "val_worst": 0.5141368957253087, "lr": 0.0002724200690886509, "wall": 1968.4}
{"arm": "don-s", "epoch": 152, "steps": 8568, "train": 0.032155159293527025, "val_mean": 0.3392311417329237, "val_worst": 0.5226175980012558, "lr": 0.000266522777904078, "wall": 1981.4}
{"arm": "don-s", "epoch": 153, "steps": 8624, "train": 0.03196264790285391, "val_mean": 0.33957192313974727, "val_worst": 0.5175879238056802, "lr": 0.0002606480313983226, "wall": 1994.3}
{"arm": "don-s", "epoch": 154, "steps": 8680, "train": 0.03183424654350891, "val_mean": 0.33912200553064964, "val_worst": 0.5210002638431086, "lr": 0.0002548375433982507, "wall": 2007.3}
{"arm": "don-s", "epoch": 155, "steps": 8736, "train": 0.031554308590897986, "val_mean": 0.3386395173517619, "val_worst": 0.5180613621934396, "lr": 0.00024905221321766974, "wall": 2020.3}
{"arm": "don-s", "epoch": 156, "steps": 8792, "train": 0.03130352335259604, "val_mean": 0.33886199237728787, "val_worst": 0.5163505282117303, "lr": 0.00024331027872412733, "wall": 2033.3}
{"arm": "don-s", "epoch": 157, "steps": 8848, "train": 0.031157934880626743, "val_mean": 0.3382389147482339, "val_worst": 0.5188249171865653, "lr": 0.00023763726329842624, "wall": 2046.3}
{"arm": "don-s", "epoch": 158, "steps": 8904, "train": 0.030907947581132664, "val_mean": 0.33788429611171844, "val_worst": 0.518985853150644, "lr": 0.00023199552677448108, "wall": 2059.2}
{"arm": "don-s", "epoch": 159, "steps": 8960, "train": 0.03077958015274269, "val_mean": 0.33886726499600717, "val_worst": 0.5196699996092166, "lr": 0.00022640534354693629, "wall": 2072.2}
{"arm": "don-s", "epoch": 160, "steps": 9016, "train": 0.03086739241681964, "val_mean": 0.338815484279226, "val_worst": 0.5145712017233721, "lr": 0.00022088696280233214, "wall": 2085.1}
{"arm": "don-s", "epoch": 161, "steps": 9072, "train": 0.030656387990718466, "val_mean": 0.33865568851740235, "val_worst": 0.5131834536792954, "lr": 0.0002154174825480848, "wall": 2098.1}
{"arm": "don-s", "epoch": 162, "steps": 9128, "train": 0.030362797740161502, "val_mean": 0.33809456314025943, "val_worst": 0.5160786825257018, "lr": 0.0002100000884131846, "wall": 2111.0}
{"arm": "don-s", "epoch": 163, "steps": 9184, "train": 0.030207252631951374, "val_mean": 0.337964557371759, "val_worst": 0.5198649547016314, "lr": 0.00020463561005296818, "wall": 2124.0}
{"arm": "don-s", "epoch": 164, "steps": 9240, "train": 0.030089006568216347, "val_mean": 0.3373702780008564, "val_worst": 0.5158519594176677, "lr": 0.00019932401441822455, "wall": 2137.0}
{"arm": "don-s", "epoch": 165, "steps": 9296, "train": 0.029824167683703388, "val_mean": 0.33713473742752265, "val_worst": 0.5157927673186508, "lr": 0.0001940501615250812, "wall": 2150.0}
{"arm": "don-s", "epoch": 166, "steps": 9352, "train": 0.029704601023492056, "val_mean": 0.3376992915985857, "val_worst": 0.5161693306492706, "lr": 0.00018883487632717218, "wall": 2162.9}
{"arm": "don-s", "epoch": 167, "steps": 9408, "train": 0.029574131526867713, "val_mean": 0.33730120748675524, "val_worst": 0.5178365680049342, "lr": 0.0001836992643034546, "wall": 2175.9}
{"arm": "don-s", "epoch": 168, "steps": 9464, "train": 0.029492513874916432, "val_mean": 0.3369616250345725, "val_worst": 0.513215451193022, "lr": 0.00017862983543524754, "wall": 2188.9}
{"arm": "don-s", "epoch": 169, "steps": 9520, "train": 0.02937130632040474, "val_mean": 0.3372441621346155, "val_worst": 0.5232050139083249, "lr": 0.00017359164087657459, "wall": 2201.8}
{"arm": "don-s", "epoch": 170, "steps": 9576, "train": 0.029309824307349738, "val_mean": 0.33703392556286427, "val_worst": 0.5173407129366383, "lr": 0.00016864488078507668, "wall": 2214.8}
{"arm": "don-s", "epoch": 171, "steps": 9632, "train": 0.02919468356428251, "val_mean": 0.33723077098907195, "val_worst": 0.5156981183220843, "lr": 0.0001637536430299982, "wall": 2227.7}
{"arm": "don-s", "epoch": 172, "steps": 9688, "train": 0.028977183041122383, "val_mean": 0.337246145927913, "val_worst": 0.5199841862473176, "lr": 0.00015892595653575016, "wall": 2240.6}
{"arm": "don-s", "epoch": 173, "steps": 9744, "train": 0.028904975862369953, "val_mean": 0.3369992339568839, "val_worst": 0.5140383812587156, "lr": 0.000154168886349103, "wall": 2253.5}
{"arm": "don-s", "epoch": 174, "steps": 9800, "train": 0.028732724049756436, "val_mean": 0.33659083433706904, "val_worst": 0.5148535801731586, "lr": 0.00014946884641722647, "wall": 2266.5}
{"arm": "don-s", "epoch": 175, "steps": 9856, "train": 0.028585941238052852, "val_mean": 0.3372841533960568, "val_worst": 0.5182020405616783, "lr": 0.00014481760511524745, "wall": 2279.5}
{"arm": "don-s", "epoch": 176, "steps": 9912, "train": 0.02846423378710638, "val_mean": 0.3367894962711806, "val_worst": 0.5164157967785338, "lr": 0.00014025470862342017, "wall": 2292.4}
{"arm": "don-s", "epoch": 177, "steps": 9968, "train": 0.02837478978414058, "val_mean": 0.336566410943635, "val_worst": 0.5194777973384751, "lr": 0.0001357570204375605, "wall": 2305.4}
{"arm": "don-s", "epoch": 178, "steps": 10024, "train": 0.02827526049691145, "val_mean": 0.33659762236202123, "val_worst": 0.5189311415619091, "lr": 0.00013131154519093803, "wall": 2318.3}
{"arm": "don-s", "epoch": 179, "steps": 10080, "train": 0.02815951769587408, "val_mean": 0.33638341498049085, "val_worst": 0.5161685412739897, "lr": 0.00012694666961968282, "wall": 2331.3}
{"arm": "don-s", "epoch": 180, "steps": 10136, "train": 0.028043242871957523, "val_mean": 0.33662316349892163, "val_worst": 0.5183715489456014, "lr": 0.0001226380173491086, "wall": 2344.2}
{"arm": "don-s", "epoch": 181, "steps": 10192, "train": 0.02797718832124768, "val_mean": 0.33632247576705415, "val_worst": 0.5142380635887166, "lr": 0.00011838945103799937, "wall": 2357.3}
{"arm": "don-s", "epoch": 182, "steps": 10248, "train": 0.02790615811331338, "val_mean": 0.33649753976065855, "val_worst": 0.516529891219959, "lr": 0.0001142276611773458, "wall": 2370.2}
{"arm": "don-s", "epoch": 183, "steps": 10304, "train": 0.027795223861767877, "val_mean": 0.33593897822321533, "val_worst": 0.5168976421549989, "lr": 0.00011015543154786318, "wall": 2383.2}
{"arm": "don-s", "epoch": 184, "steps": 10360, "train": 0.02772712876663789, "val_mean": 0.3361051902840506, "val_worst": 0.5138606348377398, "lr": 0.00010613444377948583, "wall": 2396.1}
{"arm": "don-s", "epoch": 185, "steps": 10416, "train": 0.027601041419737776, "val_mean": 0.3360328457204594, "val_worst": 0.515909971112677, "lr": 0.00010220513707516398, "wall": 2409.0}
{"arm": "don-s", "epoch": 186, "steps": 10472, "train": 0.027514098067184117, "val_mean": 0.33605271185313884, "val_worst": 0.5152673827094748, "lr": 9.834133267917281e-05, "wall": 2422.0}
{"arm": "don-s", "epoch": 187, "steps": 10528, "train": 0.02745845707743211, "val_mean": 0.33579207772841135, "val_worst": 0.5165192608245901, "lr": 9.455727118220073e-05, "wall": 2435.0}
{"arm": "don-s", "epoch": 188, "steps": 10584, "train": 0.027371187085065665, "val_mean": 0.335980438667948, "val_worst": 0.5156135947511562, "lr": 9.082901239178123e-05, "wall": 2447.9}
{"arm": "don-s", "epoch": 189, "steps": 10640, "train": 0.027317968128950487, "val_mean": 0.33593653260493106, "val_worst": 0.5161538859340447, "lr": 8.719702397737132e-05, "wall": 2460.8}
{"arm": "don-s", "epoch": 190, "steps": 10696, "train": 0.027223401130895924, "val_mean": 0.3356706578291282, "val_worst": 0.5163665364239346, "lr": 8.363664354627744e-05, "wall": 2473.8}
{"arm": "don-s", "epoch": 191, "steps": 10752, "train": 0.02713076477401566, "val_mean": 0.3358334948331593, "val_worst": 0.5165559002997788, "lr": 8.014593867927232e-05, "wall": 2486.7}
{"arm": "don-s", "epoch": 192, "steps": 10808, "train": 0.02708671676648767, "val_mean": 0.33584932677225393, "val_worst": 0.5135292929196376, "lr": 7.674800852834774e-05, "wall": 2499.7}
{"arm": "don-s", "epoch": 193, "steps": 10864, "train": 0.027018623328601197, "val_mean": 0.3356947412835383, "val_worst": 0.5168144566801108, "lr": 7.342899997681078e-05, "wall": 2512.6}
{"arm": "don-s", "epoch": 194, "steps": 10920, "train": 0.02694150964411634, "val_mean": 0.33573034690373893, "val_worst": 0.514782089437147, "lr": 7.018504471657566e-05, "wall": 2525.5}
{"arm": "don-s", "epoch": 195, "steps": 10976, "train": 0.026888886733711613, "val_mean": 0.3355151428875432, "val_worst": 0.5163341047542547, "lr": 6.701458969538128e-05, "wall": 2538.5}
{"arm": "don-s", "epoch": 196, "steps": 11032, "train": 0.026823102356262705, "val_mean": 0.33577007816985327, "val_worst": 0.5156700172094738, "lr": 6.391353246080659e-05, "wall": 2551.5}
{"arm": "don-s", "epoch": 197, "steps": 11088, "train": 0.026792483726801913, "val_mean": 0.33568797775507364, "val_worst": 0.5147535511751186, "lr": 6.091626770254166e-05, "wall": 2564.4}
{"arm": "don-s", "epoch": 198, "steps": 11144, "train": 0.02672738271488889, "val_mean": 0.3356180332974499, "val_worst": 0.5147432682642257, "lr": 5.799618204909135e-05, "wall": 2577.3}
{"arm": "don-s", "epoch": 199, "steps": 11200, "train": 0.026661311994023724, "val_mean": 0.3357489576156425, "val_worst": 0.5153486717548968, "lr": 5.515501711530522e-05, "wall": 2590.3}
{"arm": "don-s", "epoch": 200, "steps": 11256, "train": 0.026613592478045265, "val_mean": 0.3355202425802486, "val_worst": 0.5149393385506179, "lr": 5.2397145032367585e-05, "wall": 2603.2}
{"arm": "don-s", "epoch": 201, "steps": 11312, "train": 0.02657006912213625, "val_mean": 0.3357682413571067, "val_worst": 0.5141614444369768, "lr": 4.9725912466988214e-05, "wall": 2616.1}
{"arm": "don-s", "epoch": 202, "steps": 11368, "train": 0.026515645372513576, "val_mean": 0.33566888480703605, "val_worst": 0.514197558209599, "lr": 4.714004175656927e-05, "wall": 2629.1}
{"arm": "don-s", "epoch": 203, "steps": 11424, "train": 0.02648726363304729, "val_mean": 0.3356748370251875, "val_worst": 0.5152082396294313, "lr": 4.463475099297799e-05, "wall": 2642.0}
{"arm": "don-s", "epoch": 204, "steps": 11480, "train": 0.026444253441236514, "val_mean": 0.3356273596008601, "val_worst": 0.515280596638948, "lr": 4.221215244837168e-05, "wall": 2654.9}
{"arm": "don-s", "epoch": 205, "steps": 11536, "train": 0.026403099997325468, "val_mean": 0.3355986687548308, "val_worst": 0.51459085169771, "lr": 3.987425066824238e-05, "wall": 2667.9}
{"arm": "don-s", "epoch": 206, "steps": 11592, "train": 0.02635901378462233, "val_mean": 0.33551617881378726, "val_worst": 0.5154959515568366, "lr": 3.7621461604601966e-05, "wall": 2680.8}
{"arm": "don-s", "epoch": 207, "steps": 11648, "train": 0.026324537793251664, "val_mean": 0.33563138360960115, "val_worst": 0.5151771298233423, "lr": 3.545522882792432e-05, "wall": 2693.8}
{"arm": "don-s", "epoch": 208, "steps": 11704, "train": 0.026296046309292494, "val_mean": 0.33544682810213344, "val_worst": 0.5158510289632474, "lr": 3.3376579162728295e-05, "wall": 2706.7}
{"arm": "don-s", "epoch": 209, "steps": 11760, "train": 0.02625796256631152, "val_mean": 0.33537460314212914, "val_worst": 0.5147963203550983, "lr": 3.137832268110091e-05, "wall": 2719.7}
{"arm": "don-s", "epoch": 210, "steps": 11816, "train": 0.02621900967549231, "val_mean": 0.33557945849033033, "val_worst": 0.5147425460826726, "lr": 2.946392673194435e-05, "wall": 2732.6}
{"arm": "don-s", "epoch": 211, "steps": 11872, "train": 0.026190859634776152, "val_mean": 0.33541551203926556, "val_worst": 0.5147203626077574, "lr": 2.7644746994509544e-05, "wall": 2745.6}
{"arm": "don-s", "epoch": 212, "steps": 11928, "train": 0.026157235839991067, "val_mean": 0.33555125854654, "val_worst": 0.5151106242994695, "lr": 2.5913916708288815e-05, "wall": 2758.5}
{"arm": "don-s", "epoch": 213, "steps": 11984, "train": 0.026133882197761936, "val_mean": 0.3355513938112703, "val_worst": 0.5147042189233882, "lr": 2.4272917096215762e-05, "wall": 2771.5}
{"arm": "don-s", "epoch": 214, "steps": 12040, "train": 0.026104631000318464, "val_mean": 0.3354780079244259, "val_worst": 0.5147515413985426, "lr": 2.2719093096604275e-05, "wall": 2784.4}
{"arm": "don-s", "epoch": 215, "steps": 12096, "train": 0.026081598186407182, "val_mean": 0.33542833929927895, "val_worst": 0.5152690140445583, "lr": 2.125231315779623e-05, "wall": 2797.3}
{"arm": "don-s", "epoch": 216, "steps": 12152, "train": 0.02605885148278927, "val_mean": 0.3354597802696655, "val_worst": 0.5143957873197951, "lr": 1.9873432313997048e-05, "wall": 2810.3}
{"arm": "don-s", "epoch": 217, "steps": 12208, "train": 0.026038863173007402, "val_mean": 0.3355275164179046, "val_worst": 0.5147753228598599, "lr": 1.858430272661695e-05, "wall": 2823.2}
{"arm": "don-s", "epoch": 218, "steps": 12264, "train": 0.026019492215402347, "val_mean": 0.3353931603736615, "val_worst": 0.514646748269428, "lr": 1.7385739820535827e-05, "wall": 2836.2}
{"arm": "don-s", "epoch": 219, "steps": 12320, "train": 0.0259984328666721, "val_mean": 0.33550608237514584, "val_worst": 0.5146438860070818, "lr": 1.6274772128851925e-05, "wall": 2849.1}
{"arm": "don-s", "epoch": 220, "steps": 12376, "train": 0.025979869081858592, "val_mean": 0.33549047098672236, "val_worst": 0.5150419203480288, "lr": 1.5252782662897242e-05, "wall": 2862.1}
{"arm": "don-s", "epoch": 221, "steps": 12432, "train": 0.025965731371803358, "val_mean": 0.335475722356997, "val_worst": 0.5144568880580167, "lr": 1.4323202371260305e-05, "wall": 2875.0}
{"arm": "don-s", "epoch": 222, "steps": 12488, "train": 0.02595204529826972, "val_mean": 0.3354570893064756, "val_worst": 0.514753253579666, "lr": 1.3483231654596098e-05, "wall": 2888.0}
{"arm": "don-s", "epoch": 223, "steps": 12544, "train": 0.025936436671447544, "val_mean": 0.33548362658500375, "val_worst": 0.5152395008719641, "lr": 1.2734624854735674e-05, "wall": 2900.9}
{"arm": "don-s", "epoch": 224, "steps": 12600, "train": 0.02592395014583917, "val_mean": 0.3354104672819926, "val_worst": 0.5151827999513313, "lr": 1.2076744199154144e-05, "wall": 2913.8}
{"arm": "don-s", "epoch": 225, "steps": 12656, "train": 0.02591080126820951, "val_mean": 0.335459226946772, "val_worst": 0.5153958049885718, "lr": 1.1508466525073246e-05, "wall": 2926.8}
{"arm": "don-s", "epoch": 226, "steps": 12712, "train": 0.02589814137702941, "val_mean": 0.3354557731314157, "val_worst": 0.5152515981426663, "lr": 1.1030873766758606e-05, "wall": 2939.7}
{"arm": "don-s", "epoch": 227, "steps": 12768, "train": 0.025890617888402485, "val_mean": 0.3354556041108249, "val_worst": 0.5151878952842376, "lr": 1.0644075800045384e-05, "wall": 2952.6}
{"arm": "don-s", "epoch": 228, "steps": 12824, "train": 0.02588073882547188, "val_mean": 0.3354619037661074, "val_worst": 0.514899059737088, "lr": 1.034790832300221e-05, "wall": 2965.5}
{"arm": "don-s", "epoch": 229, "steps": 12880, "train": 0.02587303269295355, "val_mean": 0.3354474114373777, "val_worst": 0.5151725371438709, "lr": 1.0142127864932184e-05, "wall": 2978.4}
{"arm": "don-s", "epoch": 230, "steps": 12936, "train": 0.025864137855901644, "val_mean": 0.3354609577590447, "val_worst": 0.5150409973383154, "lr": 1.002689963827818e-05, "wall": 2991.4}
{"arm": "don-s", "epoch": 231, "steps": 12977, "train": 0.025904128855276532, "val_mean": 0.3354719907148398, "val_worst": 0.5154617499248615, "lr": 1.000000947209463e-05, "wall": 3001.1}
TRAIN DONE {"arm": "don-s", "mesh": 64, "stop_reason": "wall_budget", "epochs_completed": 232, "optimisation_steps": 12977, "best_epoch": 209} val_mean_case_max 0.33537460314212914 val_worst 0.5147963203550983
RUN_EXIT=0
