jax_backend=gpu
  table[train] built: 576 rows, seed 0, s* on 257^3 [77s] -> /cluster/tufts/paralab/tawal01/b3d_quadratic_20260906/screen40/code/runs/b3dtensor/tables/b3d_params_train_seed0_m576.npz
bank rank=128 condition=4.245e+02
extracted train: 8192 states
extracted validation: 256 states
quadratic_head seed=200 step=1/60000 train_mean=2.151094e-01
quadratic_head seed=200 step=5000/60000 train_mean=2.583817e-02
quadratic_head seed=200 step=10000/60000 train_mean=2.290138e-02
quadratic_head seed=200 step=15000/60000 train_mean=2.209329e-02
quadratic_head seed=200 step=20000/60000 train_mean=2.173337e-02
quadratic_head seed=200 step=25000/60000 train_mean=2.151187e-02
quadratic_head seed=200 step=30000/60000 train_mean=2.137159e-02
quadratic_head seed=200 step=35000/60000 train_mean=2.126770e-02
quadratic_head seed=200 step=40000/60000 train_mean=2.120082e-02
quadratic_head seed=200 step=45000/60000 train_mean=2.115701e-02
quadratic_head seed=200 step=50000/60000 train_mean=2.112367e-02
quadratic_head seed=200 step=55000/60000 train_mean=2.110969e-02
quadratic_head seed=200 step=60000/60000 train_mean=2.110581e-02
quadratic_head fit=400 mean=4.689399e-02 worst=2.030527e-01 nonstationary=0
quadratic_head fit=800 mean=4.689399e-02 worst=2.030527e-01 nonstationary=0
quadratic_head seed=201 step=1/60000 train_mean=2.151094e-01
quadratic_head seed=201 step=5000/60000 train_mean=2.583760e-02
quadratic_head seed=201 step=10000/60000 train_mean=2.290895e-02
quadratic_head seed=201 step=15000/60000 train_mean=2.210733e-02
quadratic_head seed=201 step=20000/60000 train_mean=2.173282e-02
quadratic_head seed=201 step=25000/60000 train_mean=2.151159e-02
quadratic_head seed=201 step=30000/60000 train_mean=2.136769e-02
quadratic_head seed=201 step=35000/60000 train_mean=2.126945e-02
quadratic_head seed=201 step=40000/60000 train_mean=2.120166e-02
quadratic_head seed=201 step=45000/60000 train_mean=2.114927e-02
quadratic_head seed=201 step=50000/60000 train_mean=2.112392e-02
quadratic_head seed=201 step=55000/60000 train_mean=2.110869e-02
quadratic_head seed=201 step=60000/60000 train_mean=2.110356e-02
quadratic_head fit=400 mean=4.688630e-02 worst=2.027291e-01 nonstationary=0
quadratic_head fit=800 mean=4.688630e-02 worst=2.027291e-01 nonstationary=0
DONE /cluster/tufts/paralab/tawal01/b3d_quadratic_20260906/screen40/out/result.json
