jax_backend=gpu
  table[train] built: 576 rows, seed 0, s* on 257^3 [81s] -> /cluster/tufts/paralab/tawal01/b3d_anchor_20260906/screen40/code/runs/b3dtensor/tables/b3d_params_train_seed0_m576.npz
bank rank=128 condition=4.245e+02
extracted train: 8192 states
extracted validation: 256 states
protected_anchor seed=200 step=1/60000 train_mean=2.151094e-01
protected_anchor seed=200 step=5000/60000 train_mean=3.624041e-02
protected_anchor seed=200 step=10000/60000 train_mean=3.269931e-02
protected_anchor seed=200 step=15000/60000 train_mean=3.139598e-02
protected_anchor seed=200 step=20000/60000 train_mean=3.069531e-02
protected_anchor seed=200 step=25000/60000 train_mean=3.025137e-02
protected_anchor seed=200 step=30000/60000 train_mean=2.994918e-02
protected_anchor seed=200 step=35000/60000 train_mean=2.972499e-02
protected_anchor seed=200 step=40000/60000 train_mean=2.956749e-02
protected_anchor seed=200 step=45000/60000 train_mean=2.946289e-02
protected_anchor seed=200 step=50000/60000 train_mean=2.939644e-02
protected_anchor seed=200 step=55000/60000 train_mean=2.936198e-02
protected_anchor seed=200 step=60000/60000 train_mean=2.935201e-02
protected_anchor fit=400 mean=6.072002e-02 worst=1.770301e-01 nonstationary=0
protected_anchor fit=800 mean=6.072002e-02 worst=1.770301e-01 nonstationary=0
protected_anchor seed=201 step=1/60000 train_mean=2.151094e-01
protected_anchor seed=201 step=5000/60000 train_mean=3.634287e-02
protected_anchor seed=201 step=10000/60000 train_mean=3.259797e-02
protected_anchor seed=201 step=15000/60000 train_mean=3.126816e-02
protected_anchor seed=201 step=20000/60000 train_mean=3.056361e-02
protected_anchor seed=201 step=25000/60000 train_mean=3.013249e-02
protected_anchor seed=201 step=30000/60000 train_mean=2.984520e-02
protected_anchor seed=201 step=35000/60000 train_mean=2.965012e-02
protected_anchor seed=201 step=40000/60000 train_mean=2.949535e-02
protected_anchor seed=201 step=45000/60000 train_mean=2.939770e-02
protected_anchor seed=201 step=50000/60000 train_mean=2.933686e-02
protected_anchor seed=201 step=55000/60000 train_mean=2.930696e-02
protected_anchor seed=201 step=60000/60000 train_mean=2.929575e-02
protected_anchor fit=400 mean=5.948452e-02 worst=1.787853e-01 nonstationary=0
protected_anchor fit=800 mean=5.948452e-02 worst=1.787853e-01 nonstationary=0
DONE /cluster/tufts/paralab/tawal01/b3d_anchor_20260906/screen40/out/result.json
