E0830 00:32:59.130427 3276854 slow_operation_alarm.cc:73] Constant folding an instruction is taking > 1s:

  %dot_general.11 = f64[1280,1024]{1,0} dot(%constant.46, %constant.29), lhs_contracting_dims={1}, rhs_contracting_dims={0}, operand_precision={highest,highest}, metadata={op_name="jit(prev_of)/dot_general" stack_frame_id=13}

This isn't necessarily a bug; constant-folding is inherently a trade-off between compilation time and speed at runtime. XLA has some guards that attempt to keep constant folding from taking too long, but fundamentally you'll always be able to come up with an input program that takes a long time.

If you'd like to file a bug, run with envvar XLA_FLAGS=--xla_dump_to=/tmp/foo and attach the results.
E0830 00:33:06.028101 3276800 slow_operation_alarm.cc:140] The operation took 7.897749984s
Constant folding an instruction is taking > 1s:

  %dot_general.11 = f64[1280,1024]{1,0} dot(%constant.46, %constant.29), lhs_contracting_dims={1}, rhs_contracting_dims={0}, operand_precision={highest,highest}, metadata={op_name="jit(prev_of)/dot_general" stack_frame_id=13}

This isn't necessarily a bug; constant-folding is inherently a trade-off between compilation time and speed at runtime. XLA has some guards that attempt to keep constant folding from taking too long, but fundamentally you'll always be able to come up with an input program that takes a long time.

If you'd like to file a bug, run with envvar XLA_FLAGS=--xla_dump_to=/tmp/foo and attach the results.
E0830 00:33:08.087320 3276854 slow_operation_alarm.cc:73] Constant folding an instruction is taking > 2s:

  %dot_general.12 = f64[1280,512]{1,0} dot(%constant.54, %constant.30), lhs_contracting_dims={1}, rhs_contracting_dims={0}, operand_precision={highest,highest}, metadata={op_name="jit(prev_of)/dot_general" stack_frame_id=15}

This isn't necessarily a bug; constant-folding is inherently a trade-off between compilation time and speed at runtime. XLA has some guards that attempt to keep constant folding from taking too long, but fundamentally you'll always be able to come up with an input program that takes a long time.

If you'd like to file a bug, run with envvar XLA_FLAGS=--xla_dump_to=/tmp/foo and attach the results.
E0830 00:33:10.020087 3276800 slow_operation_alarm.cc:140] The operation took 3.932834899s
Constant folding an instruction is taking > 2s:

  %dot_general.12 = f64[1280,512]{1,0} dot(%constant.54, %constant.30), lhs_contracting_dims={1}, rhs_contracting_dims={0}, operand_precision={highest,highest}, metadata={op_name="jit(prev_of)/dot_general" stack_frame_id=15}

This isn't necessarily a bug; constant-folding is inherently a trade-off between compilation time and speed at runtime. XLA has some guards that attempt to keep constant folding from taking too long, but fundamentally you'll always be able to come up with an input program that takes a long time.

If you'd like to file a bug, run with envvar XLA_FLAGS=--xla_dump_to=/tmp/foo and attach the results.
E0830 00:33:16.476703 3276854 slow_operation_alarm.cc:73] Constant folding an instruction is taking > 4s:

  %dot_general.43 = f64[1280,1024]{1,0} dot(%constant.96, %constant.54), lhs_contracting_dims={1}, rhs_contracting_dims={0}, operand_precision={highest,highest}, metadata={op_name="jit(rJ)/dot_general" stack_frame_id=18}

This isn't necessarily a bug; constant-folding is inherently a trade-off between compilation time and speed at runtime. XLA has some guards that attempt to keep constant folding from taking too long, but fundamentally you'll always be able to come up with an input program that takes a long time.

If you'd like to file a bug, run with envvar XLA_FLAGS=--xla_dump_to=/tmp/foo and attach the results.
E0830 00:33:20.361630 3276800 slow_operation_alarm.cc:140] The operation took 7.885001184s
Constant folding an instruction is taking > 4s:

  %dot_general.43 = f64[1280,1024]{1,0} dot(%constant.96, %constant.54), lhs_contracting_dims={1}, rhs_contracting_dims={0}, operand_precision={highest,highest}, metadata={op_name="jit(rJ)/dot_general" stack_frame_id=18}

This isn't necessarily a bug; constant-folding is inherently a trade-off between compilation time and speed at runtime. XLA has some guards that attempt to keep constant folding from taking too long, but fundamentally you'll always be able to come up with an input program that takes a long time.

If you'd like to file a bug, run with envvar XLA_FLAGS=--xla_dump_to=/tmp/foo and attach the results.
Traceback (most recent call last):
  File "/cluster/tufts/paralab/tawal01/b2dtensor/n1024r512/code/sep_b2d_tensor.py", line 1138, in <module>
    main()
    ~~~~^^
  File "/cluster/tufts/paralab/tawal01/b2dtensor/n1024r512/code/sep_b2d_tensor.py", line 724, in main
    assert gT0 < PCA_T0_TOL, ("HEAD-PCA projection tail too large", gT0)
           ^^^^^^^^^^^^^^^^
AssertionError: ('HEAD-PCA projection tail too large', 4.3010692768387743e-05)
