./run.sbatch: OK
./code/deps/multistage-precision/ms_autodecoder.py: OK
./code/blat_rom.py: OK
./code/followup/fu_common.py: OK
./code/blat_summarize.py: OK
./code/deps/burgers2d-coord-rom/burgers2d_film.py: OK
./code/followup/fu_summarize.py: OK
./code/blat_common.py: OK
./code/followup/fu_style.py: OK
./code/nda_burgers_eval.py: OK
./ckpt/variant.pkl: OK
./code/blat_stage1.py: OK
./code/deps/nonlinear-decoder-architecture/nda_arch.py: OK
./code/followup/fu_timing.py: OK
./code/blat_train_ad.py: OK
./code/deps/multistage-precision/ms_parametric.py: OK
cell=nda_beq128_s2_r16 commit=c512e259da0d06cb3f0226b56499a732d8e431b1 host=pax050 gpu=NVIDIA A100 80GB PCIe
Filesystem                       Size  Used Avail Use% Mounted on
10.246.194.85:/projects/paralab  4.6T  4.1T  474G  90% /cluster/tufts/paralab
jax_backend=gpu
CHECKPOINT_CONFIG {'N': 64, 'dt': 0.005, 'num_steps': 50, 'n_train': 512, 'n_val': 64, 'seed': 0, 'bc_mode': 'poly', 'k_lat': 16, 'n_test': 16, 'gn_budget': 30, 'gn_tol': 1e-09, 'ic_budget': 100, 'tr_factor': 0.0, 'ad_hidden': 160, 'ad_layers': 4, 'decoder_config': {'name': 'groupfilm', 'hidden': 160, 'n_layers': 4, 'group_size': 2, 'film_start': 0, 'z_width': 64, 'residual_scale': 0.5773502691896258, 'warp_max_shift': 0.15, 'warp_max_log_scale': 0.25, 'z_ff': 0}, 'x64': True, 'train_seed': 2, 'ad_steps': 60000, 'ad_batch': 128, 'p_sub': 2048, 't_smooth': 0.01, 'lat_reg': 0.0001, 'lat_lr': 0.005, 'peak_lr': 0.002, 'n_freq': 31, 'n_params': 140449}
jax_backend=gpu  N=64  variants=['lspg:full:weak128', 'lspg:eq640:weak128', 'lspg:eq768:weak128']
  TRUST factor=0 train_radius=19.2623 delta=inf
  FOM: 576 trajectories (50 Newton-implicit steps each) in 10s, max Newton rel residual 1.00e-12
  data check: max FOM rel residual over all trajectories 1.00e-12
  checks: {'local_vs_fom_maxabs': 0.0, 'fom_traj_step1_rel_res': 6.374458614255595e-16}
  ORACLE inferred-latent floor (held-out, budget 60): 7.431e-03 [97s]
  IC fit (u0 misfit): mean 1.923e-02
  lspg:full:weak128        m= 3844  traj rel mean 9.785e-03 (med 7.634e-03, max 2.318e-02) blowups 0  iters cold 9.2 warm 6.39  step 57.1 ms  [54s]
  NNLS-EQ weak/grid M=128 m=640: support 640 (+0 pad), rel fit 1.54e-03 (per-row median 7.4e-03, p95 5.3e-01, max 1.1e+03) [233s]
  lspg:eq640:weak128       m=  640  traj rel mean 9.969e-03 (med 7.826e-03, max 2.433e-02) blowups 0  iters cold 10.8 warm 6.45  step 9.6 ms  [246s]
  NNLS-EQ weak/grid M=128 m=768: support 768 (+0 pad), rel fit 9.70e-04 (per-row median 5.0e-03, p95 3.6e-01, max 4.9e+02) [364s]
  lspg:eq768:weak128       m=  768  traj rel mean 9.880e-03 (med 7.850e-03, max 2.336e-02) blowups 0  iters cold 9.6 warm 6.45  step 11.6 ms  [378s]
wrote blat_rom_N64_K16_S2.json
ALL-DONE
