COMMIT.txt: OK
PROVENANCE.json: OK
code/DESIGN.md: OK
code/audit.py: OK
code/cluster/collect.py: OK
code/cluster/stage.py: OK
code/common.py: OK
code/config.json: OK
code/rom.py: OK
code/run.py: OK
code/train.py: OK
run.sbatch: OK
source_commit=e6460d73c7d4d3292c9e9ef313ddb79c88bf59dd job_id=3989545
name, uuid, memory.total [MiB], driver_version
NVIDIA A100 80GB PCIe, GPU-23d3e7ad-ac8a-e90e-6fe4-8862db75d1e4, 81920 MiB, 575.57.08
Filesystem                       Size  Used Avail Use% Mounted on
10.235.106.26:/projects/paralab  4.6T  4.2T  442G  91% /cluster/tufts/paralab
jax_backend=gpu
jax_backend=gpu x64=True precision=highest
BANK {'step': 1000, 'relative_mse': 0.029837490146584128, 'seconds': 9.615568243898451}
BANK {'step': 2000, 'relative_mse': 0.00991428134375779, 'seconds': 10.167235516943038}
BANK {'step': 3000, 'relative_mse': 0.007199413278063231, 'seconds': 10.714978025993332}
BANK {'step': 4000, 'relative_mse': 0.005617669733179493, 'seconds': 11.267769879894331}
BANK {'step': 5000, 'relative_mse': 0.005069823673227777, 'seconds': 11.816519098822027}
BANK {'step': 6000, 'relative_mse': 0.0043486424434877454, 'seconds': 12.36351189087145}
HEAD 8 {'step': 1000, 'objective': 0.04972190535610253, 'seconds': 4.446048088138923}
HEAD 8 {'step': 2000, 'objective': 0.013867536203834801, 'seconds': 4.96491956198588}
HEAD 8 {'step': 3000, 'objective': 0.007442201834866821, 'seconds': 5.4785876020323485}
HEAD 8 {'step': 4000, 'objective': 0.004059463241692785, 'seconds': 5.994278696132824}
HEAD 8 {'step': 5000, 'objective': 0.003271151005279929, 'seconds': 6.508878295077011}
HEAD 8 {'step': 6000, 'objective': 0.0034149274283861207, 'seconds': 7.025656756944954}
HEAD 8 {'step': 7000, 'objective': 0.0026569199579726125, 'seconds': 7.546141166938469}
HEAD 8 {'step': 8000, 'objective': 0.0029873101778713196, 'seconds': 8.063344051130116}
HEAD 16 {'step': 1000, 'objective': 0.029732981497398062, 'seconds': 2.5442674020305276}
HEAD 16 {'step': 2000, 'objective': 0.0070024703407717106, 'seconds': 3.0756899921689183}
HEAD 16 {'step': 3000, 'objective': 0.004418740419955544, 'seconds': 3.609661947004497}
HEAD 16 {'step': 4000, 'objective': 0.0028841822484326476, 'seconds': 4.145149727119133}
HEAD 16 {'step': 5000, 'objective': 0.00275202118735827, 'seconds': 4.682764247059822}
HEAD 16 {'step': 6000, 'objective': 0.0022069385446490427, 'seconds': 5.221947608049959}
HEAD 16 {'step': 7000, 'objective': 0.0019852391047692395, 'seconds': 5.760768715059385}
HEAD 16 {'step': 8000, 'objective': 0.00204594402561682, 'seconds': 6.296108179027215}
REFERENCE 0 6.974858092552493e-08
REFERENCE 1 1.589789641153914e-08
REFERENCE 2 2.492901552557855e-08
REFERENCE 3 9.560329840922526e-08
REFERENCE 4 2.2889238644575374e-08
REFERENCE 5 2.0624512451658506e-08
REFERENCE 6 1.778895096445761e-08
REFERENCE 7 1.4817663336211028e-08
REFERENCE 8 1.0408988531836921e-07
REFERENCE 9 3.7527499306204084e-08
REFERENCE 10 9.2331694500511e-08
REFERENCE 11 1.73926372946263e-08
REFERENCE 12 6.044641716934641e-08
REFERENCE 13 3.04279994942639e-08
REFERENCE 14 1.4357451635716137e-07
REFERENCE 15 3.880682925569466e-08
COMPILED 32 linear_bank_cn 0.421
COMPILED 32 linear_bank_exact 0.0
COMPILED 32 pod8_exact 0.294
COMPILED 32 pod16_exact 0.284
COMPILED 32 pod24_exact 0.36
COMPILED 32 pod32_exact 0.285
COMPILED 32 pod40_exact 0.439
COMPILED 32 pod48_exact 0.339
COMPILED 32 pod64_exact 0.166
COMPILED 32 linear_bank_galerkin_exact 0.104
COMPILED 32 dst_exact 0.0
COMPILED 32 nmrom_K8_q0_dense 3.735
COMPILED 32 nmrom_K8_q0_eq 1.304
COMPILED 32 nmrom_K8_q8_dense 1.74
COMPILED 32 nmrom_K8_q8_eq 1.394
COMPILED 32 nmrom_K8_q16_dense 1.725
COMPILED 32 nmrom_K8_q16_eq 1.4
COMPILED 32 nmrom_K8_q32_dense 1.797
COMPILED 32 nmrom_K8_q32_eq 1.45
COMPILED 32 nmrom_K8_q32_dense_dt_half 1.422
COMPILED 32 nmrom_K16_q0_dense 3.707
COMPILED 32 nmrom_K16_q0_eq 1.464
COMPILED 32 nmrom_K16_q8_dense 1.38
COMPILED 32 nmrom_K16_q8_eq 1.393
COMPILED 32 nmrom_K16_q16_dense 1.462
COMPILED 32 nmrom_K16_q16_eq 1.402
COMPILED 32 nmrom_K16_q32_dense 1.503
COMPILED 32 nmrom_K16_q32_eq 1.463
COMPILED 32 nmrom_K16_q32_dense_dt_half 1.538
CASE 32 0 REP 0
CASE 32 0 REP 1
CASE 32 0 REP 2
CASE 32 1 REP 0
CASE 32 1 REP 1
CASE 32 1 REP 2
CASE 32 2 REP 0
CASE 32 2 REP 1
CASE 32 2 REP 2
CASE 32 3 REP 0
CASE 32 3 REP 1
CASE 32 3 REP 2
CASE 32 4 REP 0
CASE 32 4 REP 1
CASE 32 4 REP 2
CASE 32 5 REP 0
CASE 32 5 REP 1
CASE 32 5 REP 2
CASE 32 6 REP 0
CASE 32 6 REP 1
CASE 32 6 REP 2
CASE 32 7 REP 0
CASE 32 7 REP 1
CASE 32 7 REP 2
CASE 32 8 REP 0
CASE 32 8 REP 1
CASE 32 8 REP 2
CASE 32 9 REP 0
CASE 32 9 REP 1
CASE 32 9 REP 2
CASE 32 10 REP 0
CASE 32 10 REP 1
CASE 32 10 REP 2
CASE 32 11 REP 0
CASE 32 11 REP 1
CASE 32 11 REP 2
CASE 32 12 REP 0
CASE 32 12 REP 1
CASE 32 12 REP 2
CASE 32 13 REP 0
CASE 32 13 REP 1
CASE 32 13 REP 2
CASE 32 14 REP 0
CASE 32 14 REP 1
CASE 32 14 REP 2
CASE 32 15 REP 0
CASE 32 15 REP 1
CASE 32 15 REP 2
COMPILED 64 linear_bank_cn 0.465
COMPILED 64 linear_bank_exact 0.001
COMPILED 64 pod8_exact 0.296
COMPILED 64 pod16_exact 0.275
COMPILED 64 pod24_exact 0.332
COMPILED 64 pod32_exact 0.343
COMPILED 64 pod40_exact 0.49
COMPILED 64 pod48_exact 0.499
COMPILED 64 pod64_exact 0.199
COMPILED 64 linear_bank_galerkin_exact 0.135
COMPILED 64 dst_exact 0.0
COMPILED 64 nmrom_K8_q0_dense 1.432
COMPILED 64 nmrom_K8_q0_eq 1.304
COMPILED 64 nmrom_K8_q8_dense 1.449
COMPILED 64 nmrom_K8_q8_eq 1.463
COMPILED 64 nmrom_K8_q16_dense 1.488
COMPILED 64 nmrom_K8_q16_eq 1.438
COMPILED 64 nmrom_K8_q32_dense 1.48
COMPILED 64 nmrom_K8_q32_eq 1.468
COMPILED 64 nmrom_K8_q32_dense_dt_half 1.482
COMPILED 64 nmrom_K16_q0_dense 1.406
COMPILED 64 nmrom_K16_q0_eq 1.348
COMPILED 64 nmrom_K16_q8_dense 1.679
COMPILED 64 nmrom_K16_q8_eq 1.586
COMPILED 64 nmrom_K16_q16_dense 1.469
COMPILED 64 nmrom_K16_q16_eq 1.525
COMPILED 64 nmrom_K16_q32_dense 1.723
COMPILED 64 nmrom_K16_q32_eq 1.539
COMPILED 64 nmrom_K16_q32_dense_dt_half 1.563
CASE 64 0 REP 0
CASE 64 0 REP 1
CASE 64 0 REP 2
CASE 64 1 REP 0
CASE 64 1 REP 1
CASE 64 1 REP 2
CASE 64 2 REP 0
CASE 64 2 REP 1
CASE 64 2 REP 2
CASE 64 3 REP 0
CASE 64 3 REP 1
CASE 64 3 REP 2
CASE 64 4 REP 0
CASE 64 4 REP 1
CASE 64 4 REP 2
CASE 64 5 REP 0
CASE 64 5 REP 1
CASE 64 5 REP 2
CASE 64 6 REP 0
CASE 64 6 REP 1
CASE 64 6 REP 2
CASE 64 7 REP 0
CASE 64 7 REP 1
CASE 64 7 REP 2
CASE 64 8 REP 0
CASE 64 8 REP 1
CASE 64 8 REP 2
CASE 64 9 REP 0
CASE 64 9 REP 1
CASE 64 9 REP 2
CASE 64 10 REP 0
CASE 64 10 REP 1
CASE 64 10 REP 2
CASE 64 11 REP 0
CASE 64 11 REP 1
CASE 64 11 REP 2
CASE 64 12 REP 0
CASE 64 12 REP 1
CASE 64 12 REP 2
CASE 64 13 REP 0
CASE 64 13 REP 1
CASE 64 13 REP 2
CASE 64 14 REP 0
CASE 64 14 REP 1
CASE 64 14 REP 2
CASE 64 15 REP 0
CASE 64 15 REP 1
CASE 64 15 REP 2
run_exit=0
