jax_backend=gpu
family gaussian_compact_coverage dirichlet 0 128
family gaussian_compact_coverage dirichlet 0 256
family gaussian_compact_coverage dirichlet 0 512
family gaussian_compact_coverage dirichlet 1 128
family gaussian_compact_coverage dirichlet 1 256
family gaussian_compact_coverage dirichlet 1 512
family gaussian_compact_coverage dirichlet 2 128
family gaussian_compact_coverage dirichlet 2 256
family gaussian_compact_coverage dirichlet 2 512
family gaussian_compact_coverage dirichlet 3 128
family gaussian_compact_coverage dirichlet 3 256
family gaussian_compact_coverage dirichlet 3 512
family gaussian_compact_coverage dirichlet 4 128
family gaussian_compact_coverage dirichlet 4 256
family gaussian_compact_coverage dirichlet 4 512
family gaussian_compact_coverage dirichlet 5 128
family gaussian_compact_coverage dirichlet 5 256
family gaussian_compact_coverage dirichlet 5 512
family gaussian_compact_coverage dirichlet 6 128
family gaussian_compact_coverage dirichlet 6 256
family gaussian_compact_coverage dirichlet 6 512
family gaussian_compact_coverage dirichlet 7 128
family gaussian_compact_coverage dirichlet 7 256
family gaussian_compact_coverage dirichlet 7 512
family gaussian_compact_coverage dirichlet 8 128
family gaussian_compact_coverage dirichlet 8 256
family gaussian_compact_coverage dirichlet 8 512
family gaussian_compact_coverage dirichlet 9 128
family gaussian_compact_coverage dirichlet 9 256
family gaussian_compact_coverage dirichlet 9 512
family gaussian_compact_coverage dirichlet 10 128
family gaussian_compact_coverage dirichlet 10 256
family gaussian_compact_coverage dirichlet 10 512
family gaussian_compact_coverage dirichlet 11 128
family gaussian_compact_coverage dirichlet 11 256
family gaussian_compact_coverage dirichlet 11 512
family gaussian_compact_coverage dirichlet 12 128
family gaussian_compact_coverage dirichlet 12 256
family gaussian_compact_coverage dirichlet 12 512
family gaussian_compact_coverage absorbing 0 128
family gaussian_compact_coverage absorbing 0 256
family gaussian_compact_coverage absorbing 0 512
family gaussian_compact_coverage absorbing 1 128
family gaussian_compact_coverage absorbing 1 256
family gaussian_compact_coverage absorbing 1 512
family gaussian_compact_coverage absorbing 2 128
family gaussian_compact_coverage absorbing 2 256
family gaussian_compact_coverage absorbing 2 512
family gaussian_compact_coverage absorbing 3 128
family gaussian_compact_coverage absorbing 3 256
family gaussian_compact_coverage absorbing 3 512
family gaussian_compact_coverage absorbing 4 128
family gaussian_compact_coverage absorbing 4 256
family gaussian_compact_coverage absorbing 4 512
family gaussian_compact_coverage absorbing 5 128
family gaussian_compact_coverage absorbing 5 256
family gaussian_compact_coverage absorbing 5 512
family gaussian_compact_coverage absorbing 6 128
family gaussian_compact_coverage absorbing 6 256
family gaussian_compact_coverage absorbing 6 512
family gaussian_compact_coverage absorbing 7 128
family gaussian_compact_coverage absorbing 7 256
family gaussian_compact_coverage absorbing 7 512
family gaussian_compact_coverage absorbing 8 128
family gaussian_compact_coverage absorbing 8 256
family gaussian_compact_coverage absorbing 8 512
family gaussian_compact_coverage absorbing 9 128
family gaussian_compact_coverage absorbing 9 256
family gaussian_compact_coverage absorbing 9 512
family gaussian_compact_coverage absorbing 10 128
family gaussian_compact_coverage absorbing 10 256
family gaussian_compact_coverage absorbing 10 512
family gaussian_compact_coverage absorbing 11 128
family gaussian_compact_coverage absorbing 11 256
family gaussian_compact_coverage absorbing 11 512
family gaussian_compact_coverage absorbing 12 128
family gaussian_compact_coverage absorbing 12 256
family gaussian_compact_coverage absorbing 12 512
independent continuum sine 0
independent continuum sine 1
independent continuum sine 2
independent continuum sine 3
independent continuum sine 4
independent continuum sine 5
independent continuum sine 6
independent continuum sine 7
independent continuum sine 8
independent continuum sine 9
independent continuum sine 10
independent continuum sine 11
independent continuum sine 12
independent continuum sine 13
independent continuum sine 14
independent continuum sine 15
independent continuum sine 0
independent continuum sine 1
independent continuum sine 2
independent continuum sine 3
independent continuum sine 4
{"gates": {"gaussian_compact_coverage_dirichlet_0_128_finite": true, "gaussian_compact_coverage_dirichlet_0_128_balance": true, "gaussian_compact_coverage_dirichlet_0_128_invariant": true, "gaussian_compact_coverage_dirichlet_0_128_semidiscrete": true, "gaussian_compact_coverage_dirichlet_0_256_finite": true, "gaussian_compact_coverage_dirichlet_0_256_balance": true, "gaussian_compact_coverage_dirichlet_0_256_invariant": true, "gaussian_compact_coverage_dirichlet_0_256_semidiscrete": true, "gaussian_compact_coverage_dirichlet_0_512_finite": true, "gaussian_compact_coverage_dirichlet_0_512_balance": true, "gaussian_compact_coverage_dirichlet_0_512_invariant": true, "gaussian_compact_coverage_dirichlet_0_512_semidiscrete": true, "gaussian_compact_coverage_dirichlet_1_128_finite": true, "gaussian_compact_coverage_dirichlet_1_128_balance": true, "gaussian_compact_coverage_dirichlet_1_128_invariant": true, "gaussian_compact_coverage_dirichlet_1_128_semidiscrete": true, "gaussian_compact_coverage_dirichlet_1_256_finite": true, "gaussian_compact_coverage_dirichlet_1_256_balance": true, "gaussian_compact_coverage_dirichlet_1_256_invariant": true, "gaussian_compact_coverage_dirichlet_1_256_semidiscrete": true, "gaussian_compact_coverage_dirichlet_1_512_finite": true, "gaussian_compact_coverage_dirichlet_1_512_balance": true, "gaussian_compact_coverage_dirichlet_1_512_invariant": true, "gaussian_compact_coverage_dirichlet_1_512_semidiscrete": true, "gaussian_compact_coverage_dirichlet_2_128_finite": true, "gaussian_compact_coverage_dirichlet_2_128_balance": true, "gaussian_compact_coverage_dirichlet_2_128_invariant": true, "gaussian_compact_coverage_dirichlet_2_128_semidiscrete": true, "gaussian_compact_coverage_dirichlet_2_256_finite": true, "gaussian_compact_coverage_dirichlet_2_256_balance": true, "gaussian_compact_coverage_dirichlet_2_256_invariant": true, "gaussian_compact_coverage_dirichlet_2_256_semidiscrete": true, "gaussian_compact_coverage_dirichlet_2_512_finite": true, "gaussian_compact_coverage_dirichlet_2_512_balance": true, "gaussian_compact_coverage_dirichlet_2_512_invariant": true, "gaussian_compact_coverage_dirichlet_2_512_semidiscrete": true, "gaussian_compact_coverage_dirichlet_3_128_finite": true, "gaussian_compact_coverage_dirichlet_3_128_balance": true, "gaussian_compact_coverage_dirichlet_3_128_invariant": true, "gaussian_compact_coverage_dirichlet_3_128_semidiscrete": true, "gaussian_compact_coverage_dirichlet_3_256_finite": true, "gaussian_compact_coverage_dirichlet_3_256_balance": true, "gaussian_compact_coverage_dirichlet_3_256_invariant": true, "gaussian_compact_coverage_dirichlet_3_256_semidiscrete": true, "gaussian_compact_coverage_dirichlet_3_512_finite": true, "gaussian_compact_coverage_dirichlet_3_512_balance": true, "gaussian_compact_coverage_dirichlet_3_512_invariant": true, "gaussian_compact_coverage_dirichlet_3_512_semidiscrete": true, "gaussian_compact_coverage_dirichlet_4_128_finite": true, "gaussian_compact_coverage_dirichlet_4_128_balance": true, "gaussian_compact_coverage_dirichlet_4_128_invariant": true, "gaussian_compact_coverage_dirichlet_4_128_semidiscrete": true, "gaussian_compact_coverage_dirichlet_4_256_finite": true, "gaussian_compact_coverage_dirichlet_4_256_balance": true, "gaussian_compact_coverage_dirichlet_4_256_invariant": true, "gaussian_compact_coverage_dirichlet_4_256_semidiscrete": true, "gaussian_compact_coverage_dirichlet_4_512_finite": true, "gaussian_compact_coverage_dirichlet_4_512_balance": true, "gaussian_compact_coverage_dirichlet_4_512_invariant": true, "gaussian_compact_coverage_dirichlet_4_512_semidiscrete": true, "gaussian_compact_coverage_dirichlet_5_128_finite": true, "gaussian_compact_coverage_dirichlet_5_128_balance": true, "gaussian_compact_coverage_dirichlet_5_128_invariant": true, "gaussian_compact_coverage_dirichlet_5_128_semidiscrete": true, "gaussian_compact_coverage_dirichlet_5_256_finite": true, "gaussian_compact_coverage_dirichlet_5_256_balance": true, "gaussian_compact_coverage_dirichlet_5_256_invariant": true, "gaussian_compact_coverage_dirichlet_5_256_semidiscrete": true, "gaussian_compact_coverage_dirichlet_5_512_finite": true, "gaussian_compact_coverage_dirichlet_5_512_balance": true, "gaussian_compact_coverage_dirichlet_5_512_invariant": true, "gaussian_compact_coverage_dirichlet_5_512_semidiscrete": true, "gaussian_compact_coverage_dirichlet_6_128_finite": true, "gaussian_compact_coverage_dirichlet_6_128_balance": true, "gaussian_compact_coverage_dirichlet_6_128_invariant": true, "gaussian_compact_coverage_dirichlet_6_128_semidiscrete": true, "gaussian_compact_coverage_dirichlet_6_256_finite": true, "gaussian_compact_coverage_dirichlet_6_256_balance": true, "gaussian_compact_coverage_dirichlet_6_256_invariant": true, "gaussian_compact_coverage_dirichlet_6_256_semidiscrete": true, "gaussian_compact_coverage_dirichlet_6_512_finite": true, "gaussian_compact_coverage_dirichlet_6_512_balance": true, "gaussian_compact_coverage_dirichlet_6_512_invariant": true, "gaussian_compact_coverage_dirichlet_6_512_semidiscrete": true, "gaussian_compact_coverage_dirichlet_7_128_finite": true, "gaussian_compact_coverage_dirichlet_7_128_balance": true, "gaussian_compact_coverage_dirichlet_7_128_invariant": true, "gaussian_compact_coverage_dirichlet_7_128_semidiscrete": true, "gaussian_compact_coverage_dirichlet_7_256_finite": true, "gaussian_compact_coverage_dirichlet_7_256_balance": true, "gaussian_compact_coverage_dirichlet_7_256_invariant": true, "gaussian_compact_coverage_dirichlet_7_256_semidiscrete": true, "gaussian_compact_coverage_dirichlet_7_512_finite": true, "gaussian_compact_coverage_dirichlet_7_512_balance": true, "gaussian_compact_coverage_dirichlet_7_512_invariant": true, "gaussian_compact_coverage_dirichlet_7_512_semidiscrete": true, "gaussian_compact_coverage_dirichlet_8_128_finite": true, "gaussian_compact_coverage_dirichlet_8_128_balance": true, "gaussian_compact_coverage_dirichlet_8_128_invariant": true, "gaussian_compact_coverage_dirichlet_8_128_semidiscrete": true, "gaussian_compact_coverage_dirichlet_8_256_finite": true, "gaussian_compact_coverage_dirichlet_8_256_balance": true, "gaussian_compact_coverage_dirichlet_8_256_invariant": true, "gaussian_compact_coverage_dirichlet_8_256_semidiscrete": true, "gaussian_compact_coverage_dirichlet_8_512_finite": true, "gaussian_compact_coverage_dirichlet_8_512_balance": true, "gaussian_compact_coverage_dirichlet_8_512_invariant": true, "gaussian_compact_coverage_dirichlet_8_512_semidiscrete": true, "gaussian_compact_coverage_dirichlet_9_128_finite": true, "gaussian_compact_coverage_dirichlet_9_128_balance": true, "gaussian_compact_coverage_dirichlet_9_128_invariant": true, "gaussian_compact_coverage_dirichlet_9_128_semidiscrete": true, "gaussian_compact_coverage_dirichlet_9_256_finite": true, "gaussian_compact_coverage_dirichlet_9_256_balance": true, "gaussian_compact_coverage_dirichlet_9_256_invariant": true, "gaussian_compact_coverage_dirichlet_9_256_semidiscrete": true, "gaussian_compact_coverage_dirichlet_9_512_finite": true, "gaussian_compact_coverage_dirichlet_9_512_balance": true, "gaussian_compact_coverage_dirichlet_9_512_invariant": true, "gaussian_compact_coverage_dirichlet_9_512_semidiscrete": true, "gaussian_compact_coverage_dirichlet_10_128_finite": true, "gaussian_compact_coverage_dirichlet_10_128_balance": true, "gaussian_compact_coverage_dirichlet_10_128_invariant": true, "gaussian_compact_coverage_dirichlet_10_128_semidiscrete": true, "gaussian_compact_coverage_dirichlet_10_256_finite": true, "gaussian_compact_coverage_dirichlet_10_256_balance": true, "gaussian_compact_coverage_dirichlet_10_256_invariant": true, "gaussian_compact_coverage_dirichlet_10_256_semidiscrete": true, "gaussian_compact_coverage_dirichlet_10_512_finite": true, "gaussian_compact_coverage_dirichlet_10_512_balance": true, "gaussian_compact_coverage_dirichlet_10_512_invariant": true, "gaussian_compact_coverage_dirichlet_10_512_semidiscrete": true, "gaussian_compact_coverage_dirichlet_11_128_finite": true, "gaussian_compact_coverage_dirichlet_11_128_balance": true, "gaussian_compact_coverage_dirichlet_11_128_invariant": true, "gaussian_compact_coverage_dirichlet_11_128_semidiscrete": true, "gaussian_compact_coverage_dirichlet_11_256_finite": true, "gaussian_compact_coverage_dirichlet_11_256_balance": true, "gaussian_compact_coverage_dirichlet_11_256_invariant": true, "gaussian_compact_coverage_dirichlet_11_256_semidiscrete": true, "gaussian_compact_coverage_dirichlet_11_512_finite": true, "gaussian_compact_coverage_dirichlet_11_512_balance": true, "gaussian_compact_coverage_dirichlet_11_512_invariant": true, "gaussian_compact_coverage_dirichlet_11_512_semidiscrete": true, "gaussian_compact_coverage_dirichlet_12_128_finite": true, "gaussian_compact_coverage_dirichlet_12_128_balance": true, "gaussian_compact_coverage_dirichlet_12_128_invariant": true, "gaussian_compact_coverage_dirichlet_12_128_semidiscrete": true, "gaussian_compact_coverage_dirichlet_12_256_finite": true, "gaussian_compact_coverage_dirichlet_12_256_balance": true, "gaussian_compact_coverage_dirichlet_12_256_invariant": true, "gaussian_compact_coverage_dirichlet_12_256_semidiscrete": true, "gaussian_compact_coverage_dirichlet_12_512_finite": true, "gaussian_compact_coverage_dirichlet_12_512_balance": true, "gaussian_compact_coverage_dirichlet_12_512_invariant": true, "gaussian_compact_coverage_dirichlet_12_512_semidiscrete": true, "gaussian_compact_coverage_absorbing_0_128_finite": true, "gaussian_compact_coverage_absorbing_0_128_balance": true, "gaussian_compact_coverage_absorbing_0_128_invariant": true, "gaussian_compact_coverage_absorbing_0_256_finite": true, "gaussian_compact_coverage_absorbing_0_256_balance": true, "gaussian_compact_coverage_absorbing_0_256_invariant": true, "gaussian_compact_coverage_absorbing_0_512_finite": true, "gaussian_compact_coverage_absorbing_0_512_balance": true, "gaussian_compact_coverage_absorbing_0_512_invariant": true, "gaussian_compact_coverage_absorbing_1_128_finite": true, "gaussian_compact_coverage_absorbing_1_128_balance": true, "gaussian_compact_coverage_absorbing_1_128_invariant": true, "gaussian_compact_coverage_absorbing_1_256_finite": true, "gaussian_compact_coverage_absorbing_1_256_balance": true, "gaussian_compact_coverage_absorbing_1_256_invariant": true, "gaussian_compact_coverage_absorbing_1_512_finite": true, "gaussian_compact_coverage_absorbing_1_512_balance": true, "gaussian_compact_coverage_absorbing_1_512_invariant": true, "gaussian_compact_coverage_absorbing_2_128_finite": true, "gaussian_compact_coverage_absorbing_2_128_balance": true, "gaussian_compact_coverage_absorbing_2_128_invariant": true, "gaussian_compact_coverage_absorbing_2_256_finite": true, "gaussian_compact_coverage_absorbing_2_256_balance": true, "gaussian_compact_coverage_absorbing_2_256_invariant": true, "gaussian_compact_coverage_absorbing_2_512_finite": true, "gaussian_compact_coverage_absorbing_2_512_balance": true, "gaussian_compact_coverage_absorbing_2_512_invariant": true, "gaussian_compact_coverage_absorbing_3_128_finite": true, "gaussian_compact_coverage_absorbing_3_128_balance": true, "gaussian_compact_coverage_absorbing_3_128_invariant": true, "gaussian_compact_coverage_absorbing_3_256_finite": true, "gaussian_compact_coverage_absorbing_3_256_balance": true, "gaussian_compact_coverage_absorbing_3_256_invariant": true, "gaussian_compact_coverage_absorbing_3_512_finite": true, "gaussian_compact_coverage_absorbing_3_512_balance": true, "gaussian_compact_coverage_absorbing_3_512_invariant": true, "gaussian_compact_coverage_absorbing_4_128_finite": true, "gaussian_compact_coverage_absorbing_4_128_balance": true, "gaussian_compact_coverage_absorbing_4_128_invariant": true, "gaussian_compact_coverage_absorbing_4_256_finite": true, "gaussian_compact_coverage_absorbing_4_256_balance": true, "gaussian_compact_coverage_absorbing_4_256_invariant": true, "gaussian_compact_coverage_absorbing_4_512_finite": true, "gaussian_compact_coverage_absorbing_4_512_balance": true, "gaussian_compact_coverage_absorbing_4_512_invariant": true, "gaussian_compact_coverage_absorbing_5_128_finite": true, "gaussian_compact_coverage_absorbing_5_128_balance": true, "gaussian_compact_coverage_absorbing_5_128_invariant": true, "gaussian_compact_coverage_absorbing_5_256_finite": true, "gaussian_compact_coverage_absorbing_5_256_balance": true, "gaussian_compact_coverage_absorbing_5_256_invariant": true, "gaussian_compact_coverage_absorbing_5_512_finite": true, "gaussian_compact_coverage_absorbing_5_512_balance": true, "gaussian_compact_coverage_absorbing_5_512_invariant": true, "gaussian_compact_coverage_absorbing_6_128_finite": true, "gaussian_compact_coverage_absorbing_6_128_balance": true, "gaussian_compact_coverage_absorbing_6_128_invariant": true, "gaussian_compact_coverage_absorbing_6_256_finite": true, "gaussian_compact_coverage_absorbing_6_256_balance": true, "gaussian_compact_coverage_absorbing_6_256_invariant": true, "gaussian_compact_coverage_absorbing_6_512_finite": true, "gaussian_compact_coverage_absorbing_6_512_balance": true, "gaussian_compact_coverage_absorbing_6_512_invariant": true, "gaussian_compact_coverage_absorbing_7_128_finite": true, "gaussian_compact_coverage_absorbing_7_128_balance": true, "gaussian_compact_coverage_absorbing_7_128_invariant": true, "gaussian_compact_coverage_absorbing_7_256_finite": true, "gaussian_compact_coverage_absorbing_7_256_balance": true, "gaussian_compact_coverage_absorbing_7_256_invariant": true, "gaussian_compact_coverage_absorbing_7_512_finite": true, "gaussian_compact_coverage_absorbing_7_512_balance": true, "gaussian_compact_coverage_absorbing_7_512_invariant": true, "gaussian_compact_coverage_absorbing_8_128_finite": true, "gaussian_compact_coverage_absorbing_8_128_balance": true, "gaussian_compact_coverage_absorbing_8_128_invariant": true, "gaussian_compact_coverage_absorbing_8_256_finite": true, "gaussian_compact_coverage_absorbing_8_256_balance": true, "gaussian_compact_coverage_absorbing_8_256_invariant": true, "gaussian_compact_coverage_absorbing_8_512_finite": true, "gaussian_compact_coverage_absorbing_8_512_balance": true, "gaussian_compact_coverage_absorbing_8_512_invariant": true, "gaussian_compact_coverage_absorbing_9_128_finite": true, "gaussian_compact_coverage_absorbing_9_128_balance": true, "gaussian_compact_coverage_absorbing_9_128_invariant": true, "gaussian_compact_coverage_absorbing_9_256_finite": true, "gaussian_compact_coverage_absorbing_9_256_balance": true, "gaussian_compact_coverage_absorbing_9_256_invariant": true, "gaussian_compact_coverage_absorbing_9_512_finite": true, "gaussian_compact_coverage_absorbing_9_512_balance": true, "gaussian_compact_coverage_absorbing_9_512_invariant": true, "gaussian_compact_coverage_absorbing_10_128_finite": true, "gaussian_compact_coverage_absorbing_10_128_balance": true, "gaussian_compact_coverage_absorbing_10_128_invariant": true, "gaussian_compact_coverage_absorbing_10_256_finite": true, "gaussian_compact_coverage_absorbing_10_256_balance": true, "gaussian_compact_coverage_absorbing_10_256_invariant": true, "gaussian_compact_coverage_absorbing_10_512_finite": true, "gaussian_compact_coverage_absorbing_10_512_balance": true, "gaussian_compact_coverage_absorbing_10_512_invariant": true, "gaussian_compact_coverage_absorbing_11_128_finite": true, "gaussian_compact_coverage_absorbing_11_128_balance": true, "gaussian_compact_coverage_absorbing_11_128_invariant": true, "gaussian_compact_coverage_absorbing_11_256_finite": true, "gaussian_compact_coverage_absorbing_11_256_balance": true, "gaussian_compact_coverage_absorbing_11_256_invariant": true, "gaussian_compact_coverage_absorbing_11_512_finite": true, "gaussian_compact_coverage_absorbing_11_512_balance": true, "gaussian_compact_coverage_absorbing_11_512_invariant": true, "gaussian_compact_coverage_absorbing_12_128_finite": true, "gaussian_compact_coverage_absorbing_12_128_balance": true, "gaussian_compact_coverage_absorbing_12_128_invariant": true, "gaussian_compact_coverage_absorbing_12_256_finite": true, "gaussian_compact_coverage_absorbing_12_256_balance": true, "gaussian_compact_coverage_absorbing_12_256_invariant": true, "gaussian_compact_coverage_absorbing_12_512_finite": true, "gaussian_compact_coverage_absorbing_12_512_balance": true, "gaussian_compact_coverage_absorbing_12_512_invariant": true, "original_plane_reflective_fine_order": true, "dirichlet_0_fine_difference": true, "dirichlet_0_contracting_reference": true, "dirichlet_1_fine_difference": true, "dirichlet_1_contracting_reference": true, "dirichlet_2_fine_difference": true, "dirichlet_2_contracting_reference": true, "dirichlet_3_fine_difference": true, "dirichlet_3_contracting_reference": true, "dirichlet_4_fine_difference": true, "dirichlet_4_contracting_reference": true, "dirichlet_5_fine_difference": true, "dirichlet_5_contracting_reference": true, "dirichlet_6_fine_difference": true, "dirichlet_6_contracting_reference": true, "dirichlet_7_fine_difference": true, "dirichlet_7_contracting_reference": true, "dirichlet_8_fine_difference": true, "dirichlet_8_contracting_reference": true, "dirichlet_9_fine_difference": true, "dirichlet_9_contracting_reference": true, "dirichlet_10_fine_difference": true, "dirichlet_10_contracting_reference": true, "dirichlet_11_fine_difference": true, "dirichlet_11_contracting_reference": true, "dirichlet_12_fine_difference": true, "dirichlet_12_contracting_reference": true, "absorbing_0_fine_difference": true, "absorbing_0_contracting_reference": true, "absorbing_1_fine_difference": true, "absorbing_1_contracting_reference": true, "absorbing_2_fine_difference": true, "absorbing_2_contracting_reference": true, "absorbing_3_fine_difference": true, "absorbing_3_contracting_reference": true, "absorbing_4_fine_difference": true, "absorbing_4_contracting_reference": true, "absorbing_5_fine_difference": true, "absorbing_5_contracting_reference": true, "absorbing_6_fine_difference": true, "absorbing_6_contracting_reference": true, "absorbing_7_fine_difference": true, "absorbing_7_contracting_reference": true, "absorbing_8_fine_difference": true, "absorbing_8_contracting_reference": true, "absorbing_9_fine_difference": true, "absorbing_9_contracting_reference": true, "absorbing_10_fine_difference": true, "absorbing_10_contracting_reference": true, "absorbing_11_fine_difference": true, "absorbing_11_contracting_reference": true, "absorbing_12_fine_difference": true, "absorbing_12_contracting_reference": true, "direct_reflective_reference": true, "spectral_reference_self_resolution": true, "fft_resolution_difference": true, "fft_domain_difference": true, "fft_resolution_l2_difference": true, "fft_domain_l2_difference": true, "fft_resolution_mean_difference": true, "fft_domain_mean_difference": true}, "passed": true}
