host=pax007 commit=cbc4e4d8432763a8ea6a02fac0b433066cd521af
NVIDIA A100 80GB PCIe, 81920 MiB
jax_backend=gpu
TRAIN_BEGIN
HEAD_TRAIN 1 0.0005384306102147749
HEAD_TRAIN 500 0.02113912495563719
HEAD_TRAIN 1000 0.007794630770089494
HEAD_TRAIN 1500 0.008821999180485277
HEAD_TRAIN 2000 0.0021542395408515875
HEAD_TRAIN 2500 0.015324406883421448
HEAD_TRAIN 3000 0.001968866758273426
HEAD_TRAIN 3500 0.002101457306315939
HEAD_TRAIN 4000 0.002196611350133063
HEAD_TRAIN 4500 0.009761518342422152
HEAD_TRAIN 5000 0.0063329223231400715
HEAD_TRAIN 5500 0.0027288698687625242
HEAD_TRAIN 6000 0.006549313930035293
HEAD_TRAIN 6500 0.0015680321894899938
HEAD_TRAIN 7000 0.0026342297515624565
HEAD_TRAIN 7500 0.003397060892815181
HEAD_TRAIN 8000 0.008550890324896167
HEAD_TRAIN 8500 0.0019559931931647494
HEAD_TRAIN 9000 0.008873706392498414
HEAD_TRAIN 9500 0.0020774306795019607
HEAD_TRAIN 10000 0.0016928053788840612
HEAD_TRAIN 10500 0.0019030772786655685
HEAD_TRAIN 11000 0.008058115268459582
HEAD_TRAIN 11500 0.0024121371914542413
HEAD_TRAIN 12000 0.0025300578017253455
HEAD_TRAIN 12500 0.0029629869934782735
HEAD_TRAIN 13000 0.001116390974698209
HEAD_TRAIN 13500 0.0013350245796290685
HEAD_TRAIN 14000 0.0015602886423947864
HEAD_TRAIN 14500 0.0015781798536728437
HEAD_TRAIN 15000 0.0010070591576307154
HEAD_TRAIN 15500 0.001733154755623687
HEAD_TRAIN 16000 0.0010229571530189852
HEAD_TRAIN 16500 0.001101958038285813
HEAD_TRAIN 17000 0.002468596662784344
HEAD_TRAIN 17500 0.001066548614344764
HEAD_TRAIN 18000 0.0009312170380202076
HEAD_TRAIN 18500 0.001009617506470008
HEAD_TRAIN 19000 0.001056288933263164
HEAD_TRAIN 19500 0.0006666168543179709
HEAD_TRAIN 20000 0.0007976288870542806
HEAD_TRAIN 20500 0.00121182753303253
HEAD_TRAIN 21000 0.0007580693503834373
HEAD_TRAIN 21500 0.0007568612150772426
HEAD_TRAIN 22000 0.0006505289441153393
HEAD_TRAIN 22500 0.0007193118692658736
HEAD_TRAIN 23000 0.0005979510484548671
HEAD_TRAIN 23500 0.0006045078829942545
HEAD_TRAIN 24000 0.0006236606173561025
HEAD_TRAIN 24500 0.0006038192759760803
HEAD_TRAIN 25000 0.000594534138533674
HEAD_TRAIN 25500 0.0006157134879715935
HEAD_TRAIN 26000 0.0005396996632772851
HEAD_TRAIN 26500 0.0005328583623394871
HEAD_TRAIN 27000 0.0005494583658820784
HEAD_TRAIN 27500 0.0005458004470687642
HEAD_TRAIN 28000 0.0005223181760896935
HEAD_TRAIN 28500 0.0005417112413925936
HEAD_TRAIN 29000 0.0005754137367114981
HEAD_TRAIN 29500 0.000536591682849133
HEAD_TRAIN 30000 0.0005195110423125556
REFERENCE 2048 0.0003125
REFERENCE 4096 0.000625
REFERENCE 4096 0.0003125
REFERENCE 1024 0.000625
REFERENCE 2048 0.000625
REFERENCE 4096 0.00125
ASSEMBLE 64
TIMED 64 0 elapsed 1249.2240779380081
TIMED 64 1 elapsed 1261.9111204239307
TIMED 64 2 elapsed 1275.4040439099772
ASSEMBLE 256
