host=pax050 job_id=4302986
NVIDIA A100 80GB PCIe, GPU-d3b4eac9-553b-ac7f-475c-a7e58f8c909b, 81920 MiB, 575.57.08
10.235.106.34:/projects/paralab  4.6T  4.2T  364G  93% /cluster/tufts/paralab
jax_backend=gpu
torch_cuda True NVIDIA A100 80GB PCIe
CASE train burgers-train-00000 1.4
CASE train burgers-train-00001 0.34
CASE train burgers-train-00002 0.37
CASE train burgers-train-00003 0.57
CASE train burgers-train-00004 0.67
CASE train burgers-train-00005 0.45
CASE train burgers-train-00006 0.67
CASE train burgers-train-00007 0.66
CASE train burgers-train-00008 0.39
CASE train burgers-train-00009 0.65
CASE train burgers-train-00010 0.65
CASE train burgers-train-00011 0.27
CASE train burgers-train-00012 0.36
CASE train burgers-train-00013 0.57
CASE train burgers-train-00014 0.54
CASE train burgers-train-00015 0.28
CASE train burgers-train-00016 0.46
CASE train burgers-train-00017 0.55
CASE train burgers-train-00018 0.34
CASE train burgers-train-00019 0.48
CASE train burgers-train-00020 0.71
CASE train burgers-train-00021 0.42
CASE train burgers-train-00022 0.47
CASE train burgers-train-00023 0.71
CASE train burgers-train-00024 0.36
CASE train burgers-train-00025 0.91
CASE train burgers-train-00026 0.86
CASE train burgers-train-00027 0.44
CASE train burgers-train-00028 0.79
CASE train burgers-train-00029 0.78
CASE train burgers-train-00030 0.83
CASE train burgers-train-00031 0.64
CASE train burgers-train-00032 0.33
CASE train burgers-train-00033 0.31
CASE train burgers-train-00034 0.48
CASE train burgers-train-00035 0.22
CASE train burgers-train-00036 0.48
CASE train burgers-train-00037 0.5
CASE train burgers-train-00038 0.47
CASE train burgers-train-00039 0.75
CASE train burgers-train-00040 0.45
CASE train burgers-train-00041 0.57
CASE train burgers-train-00042 0.58
CASE train burgers-train-00043 0.67
CASE train burgers-train-00044 0.29
CASE train burgers-train-00045 0.43
CASE train burgers-train-00046 0.62
CASE train burgers-train-00047 0.27
CASE train burgers-train-00048 0.5
CASE train burgers-train-00049 0.49
CASE train burgers-train-00050 0.38
CASE train burgers-train-00051 0.66
CASE train burgers-train-00052 0.67
CASE train burgers-train-00053 0.55
CASE train burgers-train-00054 0.41
CASE train burgers-train-00055 0.43
CASE train burgers-train-00056 0.72
CASE train burgers-train-00057 0.65
CASE train burgers-train-00058 0.47
CASE train burgers-train-00059 0.53
CASE train burgers-train-00060 0.99
CASE train burgers-train-00061 0.43
CASE train burgers-train-00062 0.42
CASE train burgers-train-00063 0.54
CASE train burgers-train-00064 0.46
CASE train burgers-train-00065 0.45
CASE train burgers-train-00066 0.51
CASE train burgers-train-00067 0.42
CASE train burgers-train-00068 0.27
CASE train burgers-train-00069 0.36
CASE train burgers-train-00070 0.49
CASE train burgers-train-00071 0.45
CASE train burgers-train-00072 0.41
CASE train burgers-train-00073 0.41
CASE train burgers-train-00074 0.38
CASE train burgers-train-00075 0.71
CASE train burgers-train-00076 0.34
CASE train burgers-train-00077 0.47
CASE train burgers-train-00078 0.34
CASE train burgers-train-00079 0.78
CASE train burgers-train-00080 0.63
CASE train burgers-train-00081 0.52
CASE train burgers-train-00082 0.36
CASE train burgers-train-00083 0.5
CASE train burgers-train-00084 0.67
CASE train burgers-train-00085 0.45
CASE train burgers-train-00086 0.63
CASE train burgers-train-00087 0.58
CASE train burgers-train-00088 0.55
CASE train burgers-train-00089 0.57
CASE train burgers-train-00090 0.47
CASE train burgers-train-00091 0.42
CASE train burgers-train-00092 0.66
CASE train burgers-train-00093 0.73
CASE train burgers-train-00094 0.5
CASE train burgers-train-00095 0.41
CASE train burgers-train-00096 0.47
CASE train burgers-train-00097 0.44
CASE train burgers-train-00098 0.54
CASE train burgers-train-00099 0.74
CASE train burgers-train-00100 0.65
CASE train burgers-train-00101 0.6
CASE train burgers-train-00102 0.45
CASE train burgers-train-00103 0.46
CASE train burgers-train-00104 0.41
CASE train burgers-train-00105 0.36
CASE train burgers-train-00106 0.39
CASE train burgers-train-00107 0.39
CASE train burgers-train-00108 0.48
CASE train burgers-train-00109 0.72
CASE train burgers-train-00110 0.43
CASE train burgers-train-00111 0.56
CASE train burgers-train-00112 0.53
CASE train burgers-train-00113 0.56
CASE train burgers-train-00114 0.55
CASE train burgers-train-00115 0.52
CASE train burgers-train-00116 0.41
CASE train burgers-train-00117 0.53
CASE train burgers-train-00118 0.3
CASE train burgers-train-00119 0.6
CASE train burgers-train-00120 0.64
CASE train burgers-train-00121 0.4
CASE train burgers-train-00122 0.6
CASE train burgers-train-00123 0.33
CASE train burgers-train-00124 0.55
CASE train burgers-train-00125 0.57
CASE train burgers-train-00126 0.38
CASE train burgers-train-00127 0.66
CASE validation burgers-validation-00000 0.47
CASE validation burgers-validation-00001 0.48
CASE validation burgers-validation-00002 0.35
CASE validation burgers-validation-00003 0.33
CASE validation burgers-validation-00004 0.41
CASE validation burgers-validation-00005 0.79
CASE validation burgers-validation-00006 0.77
CASE validation burgers-validation-00007 0.48
CASE validation burgers-validation-00008 0.46
CASE validation burgers-validation-00009 0.39
CASE validation burgers-validation-00010 0.63
CASE validation burgers-validation-00011 0.29
CASE validation burgers-validation-00012 0.52
CASE validation burgers-validation-00013 0.39
CASE validation burgers-validation-00014 0.55
CASE validation burgers-validation-00015 0.29
CASE validation burgers-validation-00016 0.27
CASE validation burgers-validation-00017 0.57
CASE validation burgers-validation-00018 0.93
CASE validation burgers-validation-00019 0.88
CASE validation burgers-validation-00020 0.61
CASE validation burgers-validation-00021 0.45
CASE validation burgers-validation-00022 0.37
CASE validation burgers-validation-00023 0.36
CASE validation burgers-validation-00024 0.42
CASE validation burgers-validation-00025 0.34
CASE validation burgers-validation-00026 0.32
CASE validation burgers-validation-00027 0.32
CASE validation burgers-validation-00028 0.48
CASE validation burgers-validation-00029 0.3
CASE validation burgers-validation-00030 0.54
CASE validation burgers-validation-00031 0.57
DATA DONE {"train": {"cases": 128, "source_index_sha256": "5333584b7162df622ec7bc2b08e68d8003036b1b05abbea520249ed408fc8d49", "median_seconds": 0.49367103283293545, "host_bytes": 6455040000}, "validation": {"cases": 32, "source_index_sha256": "468b9e70df3392c4b5bbb41381c9062d3d697ac4772b7236c4ee59d0ca73ebad", "median_seconds": 0.4521713093854487, "host_bytes": 1613760000}, "mesh": 1024, "seconds": 93.971201851964, "solver": "iterative_paths.make_fom(L, dt, \"fft\") = fft_tight", "storage": "host memory only (no per-case files)"}
torch_backend=cuda NVIDIA A100 80GB PCIe
{"epoch": 0, "train_mean_squared_relative_error": 0.48138980717079055, "wall_seconds": 45.488782793749124, "best_so_far": 0.6566982989409507}
{"epoch": 1, "train_mean_squared_relative_error": 0.24381491839813368, "wall_seconds": 91.45589611073956, "best_so_far": 0.4261365949108428}
{"epoch": 2, "train_mean_squared_relative_error": 0.14260491735874856, "wall_seconds": 137.4251823038794, "best_so_far": 0.3620582319861958}
{"epoch": 3, "train_mean_squared_relative_error": 0.10490881900519147, "wall_seconds": 183.7370805768296, "best_so_far": 0.3316108068906511}
{"epoch": 4, "train_mean_squared_relative_error": 0.08556151870827672, "wall_seconds": 230.39237269666046, "best_so_far": 0.27721079957840383}
{"epoch": 5, "train_mean_squared_relative_error": 0.08950236591301419, "wall_seconds": 276.52450831374153, "best_so_far": 0.27721079957840383}
{"epoch": 6, "train_mean_squared_relative_error": 0.10619063977785212, "wall_seconds": 322.65264260210097, "best_so_far": 0.27721079957840383}
{"epoch": 7, "train_mean_squared_relative_error": 0.08160501019037998, "wall_seconds": 368.9234431688674, "best_so_far": 0.27721079957840383}
{"epoch": 8, "train_mean_squared_relative_error": 0.08655817512217531, "wall_seconds": 415.20174411684275, "best_so_far": 0.27721079957840383}
{"epoch": 9, "train_mean_squared_relative_error": 0.06939441630259591, "wall_seconds": 461.84036555700004, "best_so_far": 0.27721079957840383}
{"epoch": 10, "train_mean_squared_relative_error": 0.0749767191383308, "wall_seconds": 508.23638154380023, "best_so_far": 0.27721079957840383}
{"epoch": 11, "train_mean_squared_relative_error": 0.06509319379719888, "wall_seconds": 554.8408777248114, "best_so_far": 0.23769186601995493}
{"epoch": 12, "train_mean_squared_relative_error": 0.0570954101876603, "wall_seconds": 602.1417289730161, "best_so_far": 0.23769186601995493}
{"epoch": 13, "train_mean_squared_relative_error": 0.04473678511515874, "wall_seconds": 649.2111195637845, "best_so_far": 0.23769186601995493}
{"epoch": 14, "train_mean_squared_relative_error": 0.048663922151124486, "wall_seconds": 695.6868522749282, "best_so_far": 0.23769186601995493}
{"epoch": 15, "train_mean_squared_relative_error": 0.03787947312623533, "wall_seconds": 741.9914929666556, "best_so_far": 0.19311877428090574}
{"epoch": 16, "train_mean_squared_relative_error": 0.040572580482048225, "wall_seconds": 788.8586796950549, "best_so_far": 0.19311877428090574}
{"epoch": 17, "train_mean_squared_relative_error": 0.04442918852063485, "wall_seconds": 835.5941102858633, "best_so_far": 0.19311877428090574}
{"epoch": 18, "train_mean_squared_relative_error": 0.04509355357983851, "wall_seconds": 881.7444317629561, "best_so_far": 0.19311877428090574}
{"epoch": 19, "train_mean_squared_relative_error": 0.03659857019162746, "wall_seconds": 928.0962471696548, "best_so_far": 0.19311877428090574}
{"epoch": 20, "train_mean_squared_relative_error": 0.043618565687296856, "wall_seconds": 974.2907792110927, "best_so_far": 0.19311877428090574}
{"epoch": 21, "train_mean_squared_relative_error": 0.039389979355548256, "wall_seconds": 1020.3255039276555, "best_so_far": 0.19311877428090574}
{"epoch": 22, "train_mean_squared_relative_error": 0.033283658580087576, "wall_seconds": 1066.3230489827693, "best_so_far": 0.19311877428090574}
{"epoch": 23, "train_mean_squared_relative_error": 0.03017847823467166, "wall_seconds": 1112.2397772129625, "best_so_far": 0.19311877428090574}
{"epoch": 24, "train_mean_squared_relative_error": 0.02324719179142228, "wall_seconds": 1158.189193322789, "best_so_far": 0.1709533865279182}
{"epoch": 25, "train_mean_squared_relative_error": 0.026224049813860912, "wall_seconds": 1204.1416260879487, "best_so_far": 0.1709533865279182}
{"epoch": 26, "train_mean_squared_relative_error": 0.02741275360467166, "wall_seconds": 1250.0589311649092, "best_so_far": 0.1709533865279182}
{"epoch": 27, "train_mean_squared_relative_error": 0.031129019025906143, "wall_seconds": 1296.1707543777302, "best_so_far": 0.1709533865279182}
{"epoch": 28, "train_mean_squared_relative_error": 0.027788509389838355, "wall_seconds": 1342.0730027509853, "best_so_far": 0.1709533865279182}
{"epoch": 29, "train_mean_squared_relative_error": 0.02530191475794722, "wall_seconds": 1388.1806017309427, "best_so_far": 0.1709533865279182}
{"epoch": 30, "train_mean_squared_relative_error": 0.021315998115910742, "wall_seconds": 1434.0135887297802, "best_so_far": 0.16390712798524681}
{"epoch": 31, "train_mean_squared_relative_error": 0.02086557635148012, "wall_seconds": 1480.192423318047, "best_so_far": 0.16390712798524681}
{"epoch": 32, "train_mean_squared_relative_error": 0.020884437031630777, "wall_seconds": 1525.9820058387704, "best_so_far": 0.15974940203372046}
{"epoch": 33, "train_mean_squared_relative_error": 0.018972353940084504, "wall_seconds": 1572.3619445837103, "best_so_far": 0.15742726341142135}
{"epoch": 34, "train_mean_squared_relative_error": 0.023620078956119242, "wall_seconds": 1618.6159383500926, "best_so_far": 0.15742726341142135}
{"epoch": 35, "train_mean_squared_relative_error": 0.03727442267650525, "wall_seconds": 1664.3006195430644, "best_so_far": 0.15742726341142135}
{"epoch": 36, "train_mean_squared_relative_error": 0.0446581926453184, "wall_seconds": 1710.6089999340475, "best_so_far": 0.15742726341142135}
{"epoch": 37, "train_mean_squared_relative_error": 0.026750849384040713, "wall_seconds": 1756.7874920088798, "best_so_far": 0.15742726341142135}
{"epoch": 38, "train_mean_squared_relative_error": 0.02264523491702441, "wall_seconds": 1803.0862885648385, "best_so_far": 0.15742726341142135}
{"epoch": 39, "train_mean_squared_relative_error": 0.021116410313202376, "wall_seconds": 1849.2953230268322, "best_so_far": 0.15742726341142135}
{"epoch": 40, "train_mean_squared_relative_error": 0.01945670092267207, "wall_seconds": 1895.7304705739953, "best_so_far": 0.1469680986506306}
{"epoch": 41, "train_mean_squared_relative_error": 0.019687144605339338, "wall_seconds": 1942.2305752579123, "best_so_far": 0.1469680986506306}
{"epoch": 42, "train_mean_squared_relative_error": 0.017773124407300004, "wall_seconds": 1988.6051295837387, "best_so_far": 0.1469680986506306}
{"epoch": 43, "train_mean_squared_relative_error": 0.01900570746905037, "wall_seconds": 2035.1342407297343, "best_so_far": 0.1466514427140048}
{"epoch": 44, "train_mean_squared_relative_error": 0.015571230680264564, "wall_seconds": 2081.8503903830424, "best_so_far": 0.1391023197864209}
{"epoch": 45, "train_mean_squared_relative_error": 0.014528652013484501, "wall_seconds": 2128.4352540946566, "best_so_far": 0.1391023197864209}
{"epoch": 46, "train_mean_squared_relative_error": 0.015490171558587012, "wall_seconds": 2175.043495546095, "best_so_far": 0.1391023197864209}
{"epoch": 47, "train_mean_squared_relative_error": 0.020932695310137497, "wall_seconds": 2221.895411944017, "best_so_far": 0.1391023197864209}
{"epoch": 48, "train_mean_squared_relative_error": 0.020836839910862135, "wall_seconds": 2268.414988462813, "best_so_far": 0.1391023197864209}
{"epoch": 49, "train_mean_squared_relative_error": 0.019783465257938792, "wall_seconds": 2315.3914311267436, "best_so_far": 0.1391023197864209}
{"epoch": 50, "train_mean_squared_relative_error": 0.01771365857539295, "wall_seconds": 2361.9020367306657, "best_so_far": 0.1391023197864209}
{"epoch": 51, "train_mean_squared_relative_error": 0.01746620945780604, "wall_seconds": 2408.2900545080192, "best_so_far": 0.1391023197864209}
{"epoch": 52, "train_mean_squared_relative_error": 0.015894162056750715, "wall_seconds": 2455.1822874280624, "best_so_far": 0.1391023197864209}
{"epoch": 53, "train_mean_squared_relative_error": 0.013509858679939164, "wall_seconds": 2501.5556572950445, "best_so_far": 0.13012661107010734}
{"epoch": 54, "train_mean_squared_relative_error": 0.013409487901210061, "wall_seconds": 2548.2684891638346, "best_so_far": 0.13012661107010734}
{"epoch": 55, "train_mean_squared_relative_error": 0.010852705526157415, "wall_seconds": 2593.9552893810906, "best_so_far": 0.12267274346307613}
{"epoch": 56, "train_mean_squared_relative_error": 0.011298244724761083, "wall_seconds": 2640.1292843227275, "best_so_far": 0.11785238472952794}
{"epoch": 57, "train_mean_squared_relative_error": 0.009717261326672043, "wall_seconds": 2686.2524210256524, "best_so_far": 0.1153218565756953}
{"epoch": 58, "train_mean_squared_relative_error": 0.01037136577417057, "wall_seconds": 2732.396647868678, "best_so_far": 0.1153218565756953}
{"epoch": 59, "train_mean_squared_relative_error": 0.01137088093247213, "wall_seconds": 2778.86497631995, "best_so_far": 0.1153218565756953}
{"epoch": 60, "train_mean_squared_relative_error": 0.01238209945184315, "wall_seconds": 2824.8596489098854, "best_so_far": 0.1153218565756953}
{"epoch": 61, "train_mean_squared_relative_error": 0.01080974732826675, "wall_seconds": 2870.756671977695, "best_so_far": 0.1153218565756953}
{"epoch": 62, "train_mean_squared_relative_error": 0.010606048271882412, "wall_seconds": 2916.864322517067, "best_so_far": 0.1153218565756953}
{"epoch": 63, "train_mean_squared_relative_error": 0.010775337910372489, "wall_seconds": 2962.6039923229255, "best_so_far": 0.1153218565756953}
{"epoch": 64, "train_mean_squared_relative_error": 0.011386964502622625, "wall_seconds": 3008.86267122766, "best_so_far": 0.1153218565756953}
ARM {"arm": "tsol-large", "config": "inputs/opconfigs/tsol-large.json", "job_id": "4302986", "started_unix": 1790291873.36338, "ok": true, "epochs": 65, "stop_reason": "wall_budget", "validation_mean_case_max": 0.11532185059888089, "validation_worst_case_max": 0.21880228391995635, "micro_batch_final": 8, "best_checkpoint_sha256": "dc08686c8d11a10176abd290060e70951c573430c5807f6207c27da1c9ab34df", "ended_unix": 1790294892.2994184}
TRAIN_MEM FINISHED
run_exit=0
