== allen_cahn: reached states from dense reduced rollouts at N=256
  dense q=0 M=64 case 0: err same-grid 7.206% refined 6.749% (FOM 2.938%) its/step 2.0 exits [0, 50, 0, 0] wall 4.5s
  dense q=0 M=64 case 1: err same-grid 55.840% refined 53.949% (FOM 5.891%) its/step 2.4 exits [0, 50, 0, 0] wall 2.1s
  dense q=0 M=64 case 2: err same-grid 92.854% refined 92.203% (FOM 6.974%) its/step 2.6 exits [0, 50, 0, 0] wall 2.3s
  dense q=0 M=64 case 3: err same-grid 20.196% refined 18.110% (FOM 3.178%) its/step 2.1 exits [0, 50, 0, 0] wall 2.5s
  dense q=0 M=64 case 4: err same-grid 17.447% refined 21.200% (FOM 4.346%) its/step 2.0 exits [0, 50, 0, 0] wall 2.3s
  dense q=0 M=64 case 5: err same-grid 4.503% refined 6.121% (FOM 3.911%) its/step 2.0 exits [0, 50, 0, 0] wall 2.3s
  dense q=64 M=320 case 0: err same-grid 7.973% refined 6.216% (FOM 2.938%) its/step 2.0 exits [0, 50, 0, 0] wall 6.0s
  dense q=64 M=320 case 1: err same-grid 51.332% refined 50.035% (FOM 5.891%) its/step 2.1 exits [0, 50, 0, 0] wall 3.4s
  dense q=64 M=320 case 2: err same-grid 197.810% refined 196.902% (FOM 6.974%) its/step 2.8 exits [0, 50, 0, 0] wall 4.4s
  dense q=64 M=320 case 3: err same-grid 20.899% refined 22.054% (FOM 3.178%) its/step 2.1 exits [0, 50, 0, 0] wall 3.8s
  dense q=64 M=320 case 4: err same-grid 9.121% refined 11.927% (FOM 4.346%) its/step 2.0 exits [0, 50, 0, 0] wall 3.5s
  dense q=64 M=320 case 5: err same-grid 6.337% refined 5.726% (FOM 3.911%) its/step 2.0 exits [0, 50, 0, 0] wall 3.5s
  96 reached states kept
  reference check: GL200 vs GL300 rho max 3.67e-14
== off-mesh rules vs continuum reference (mesh-independent)
  [point] gauss_tensor     6     m=    36  rho(M=320) med 3.84e+00 max 5.37e+00 | rho(M=64) med 1.69e+00 max 2.30e+00
  [point] gauss_tensor     8     m=    64  rho(M=320) med 2.76e+00 max 3.26e+00 | rho(M=64) med 5.56e-01 max 1.14e+00
  [point] gauss_tensor     12    m=   144  rho(M=320) med 1.85e+00 max 2.20e+00 | rho(M=64) med 1.95e-02 max 3.34e-01
  [point] gauss_tensor     16    m=   256  rho(M=320) med 5.65e-01 max 1.22e+00 | rho(M=64) med 4.99e-03 max 5.85e-02
  [point] gauss_tensor     24    m=   576  rho(M=320) med 5.85e-03 max 7.53e-02 | rho(M=64) med 1.44e-03 max 2.02e-02
  [point] gauss_tensor     32    m=  1024  rho(M=320) med 1.71e-03 max 2.27e-02 | rho(M=64) med 2.08e-04 max 3.51e-03
  [point] gauss_tensor     48    m=  2304  rho(M=320) med 1.24e-05 max 4.30e-04 | rho(M=64) med 6.07e-07 max 6.20e-05
  [point] gauss_tensor     64    m=  4096  rho(M=320) med 9.17e-08 max 2.86e-05 | rho(M=64) med 4.73e-09 max 1.44e-06
  [point] smolyak_cc       3     m=    13  rho(M=320) med 1.36e+01 max 3.92e+01 | rho(M=64) med 6.68e+00 max 1.95e+01
  [point] smolyak_cc       4     m=    33  rho(M=320) med 1.19e+01 max 4.12e+01 | rho(M=64) med 3.90e+00 max 1.72e+01
  [point] smolyak_cc       5     m=    81  rho(M=320) med 7.26e+00 max 2.70e+01 | rho(M=64) med 2.00e+00 max 7.78e+00
  [point] smolyak_cc       6     m=   193  rho(M=320) med 4.32e+00 max 1.23e+01 | rho(M=64) med 5.24e-01 max 2.69e+00
  [point] smolyak_cc       7     m=   449  rho(M=320) med 2.20e+00 max 4.74e+00 | rho(M=64) med 3.65e-02 max 5.40e-01
  [point] smolyak_cc       8     m=  1025  rho(M=320) med 3.25e-01 max 1.49e+00 | rho(M=64) med 5.62e-03 max 7.84e-02
  [point] smolyak_cc       9     m=  2305  rho(M=320) med 1.01e-02 max 1.98e-01 | rho(M=64) med 1.91e-03 max 2.80e-02
  [point] smolyak_cc       10    m=  5121  rho(M=320) med 1.43e-03 max 2.42e-02 | rho(M=64) med 9.48e-05 max 2.09e-03
  [point] smolyak_gl_exp   3     m=    73  rho(M=320) med 1.05e+01 max 3.15e+01 | rho(M=64) med 3.18e+00 max 1.30e+01
  [point] smolyak_gl_exp   4     m=   221  rho(M=320) med 5.34e+00 max 1.81e+01 | rho(M=64) med 9.00e-01 max 3.58e+00
  [point] smolyak_gl_exp   5     m=   609  rho(M=320) med 2.50e+00 max 5.82e+00 | rho(M=64) med 5.91e-02 max 7.04e-01
  [point] smolyak_gl_exp   6     m=  1573  rho(M=320) med 5.30e-01 max 1.78e+00 | rho(M=64) med 6.40e-03 max 8.94e-02
  [point] smolyak_gl_exp   7     m=  3881  rho(M=320) med 1.29e-02 max 2.69e-01 | rho(M=64) med 2.20e-03 max 3.04e-02
  [point] smolyak_gl_exp   8     m=  9261  rho(M=320) med 1.68e-03 max 2.76e-02 | rho(M=64) med 1.29e-04 max 2.48e-03
  [point] smolyak_gl_exp   9     m= 21553  rho(M=320) med 8.21e-05 max 2.10e-03 | rho(M=64) med 2.86e-06 max 2.68e-04
  [point] smolyak_gl_lin   6     m=   305  rho(M=320) med 9.18e+00 max 1.16e+01 | rho(M=64) med 4.01e-01 max 3.30e+00
  [point] smolyak_gl_lin   10    m=  1361  rho(M=320) med 2.22e+00 max 5.06e+00 | rho(M=64) med 2.16e-02 max 2.39e-01
  [point] smolyak_gl_lin   14    m=  3697  rho(M=320) med 6.26e-02 max 9.70e-01 | rho(M=64) med 7.73e-03 max 1.14e-01
  [point] smolyak_gl_lin   18    m=  7825  rho(M=320) med 1.29e-02 max 1.58e-01 | rho(M=64) med 2.65e-03 max 4.27e-02
  [point] smolyak_gl_lin   22    m= 14257  rho(M=320) med 5.50e-03 max 6.25e-02 | rho(M=64) med 6.38e-04 max 1.82e-02
  [point] smolyak_gl_lin   26    m= 23505  rho(M=320) med 1.69e-03 max 4.18e-02 | rho(M=64) med 9.45e-05 max 1.95e-03
  [point] smolyak_gl_lin   30    m= 36081  rho(M=320) med 3.57e-04 max 7.26e-03 | rho(M=64) med 1.14e-05 max 8.56e-04
  [point] smolyak_gl_lin   34    m= 52497  rho(M=320) med 3.85e-05 max 1.50e-03 | rho(M=64) med 1.71e-06 max 3.46e-04
  [point] smolyak_gl_lin   38    m= 73265  rho(M=320) med 5.56e-06 max 6.70e-04 | rho(M=64) med 4.32e-07 max 1.65e-04
  [point] sobol            256   m=   256  rho(M=320) med 7.39e-01 max 7.89e-01 | rho(M=64) med 1.10e-01 max 1.63e-01
  [point] halton           256   m=   256  rho(M=320) med 6.37e-01 max 7.56e-01 | rho(M=64) med 2.22e-01 max 3.21e-01
  [point] mc               256   m=   256  rho(M=320) med 1.16e+00 max 1.42e+00 | rho(M=64) med 5.21e-01 max 6.16e-01
  [point] sobol            512   m=   512  rho(M=320) med 3.47e-01 max 3.96e-01 | rho(M=64) med 4.56e-02 max 1.05e-01
  [point] halton           512   m=   512  rho(M=320) med 3.88e-01 max 4.59e-01 | rho(M=64) med 6.75e-02 max 1.67e-01
  [point] mc               512   m=   512  rho(M=320) med 8.65e-01 max 9.70e-01 | rho(M=64) med 4.25e-01 max 4.74e-01
  [point] sobol            1024  m=  1024  rho(M=320) med 1.47e-01 max 1.63e-01 | rho(M=64) med 1.10e-02 max 2.63e-02
  [point] halton           1024  m=  1024  rho(M=320) med 2.16e-01 max 2.50e-01 | rho(M=64) med 3.22e-02 max 6.80e-02
  [point] mc               1024  m=  1024  rho(M=320) med 5.71e-01 max 6.90e-01 | rho(M=64) med 2.79e-01 max 3.03e-01
  [point] sobol            2048  m=  2048  rho(M=320) med 9.15e-02 max 1.07e-01 | rho(M=64) med 7.39e-03 max 1.09e-02
  [point] halton           2048  m=  2048  rho(M=320) med 1.03e-01 max 1.15e-01 | rho(M=64) med 2.31e-02 max 3.47e-02
  [point] mc               2048  m=  2048  rho(M=320) med 4.45e-01 max 5.12e-01 | rho(M=64) med 2.34e-01 max 2.86e-01
  [point] sobol            4096  m=  4096  rho(M=320) med 1.93e-02 max 2.56e-02 | rho(M=64) med 3.99e-03 max 6.12e-03
  [point] halton           4096  m=  4096  rho(M=320) med 6.41e-02 max 6.84e-02 | rho(M=64) med 1.17e-02 max 1.82e-02
  [point] mc               4096  m=  4096  rho(M=320) med 3.24e-01 max 3.50e-01 | rho(M=64) med 1.72e-01 max 2.02e-01
  [point] sobol            8192  m=  8192  rho(M=320) med 4.56e-03 max 6.20e-03 | rho(M=64) med 2.54e-04 max 6.52e-04
  [point] halton           8192  m=  8192  rho(M=320) med 2.71e-02 max 3.39e-02 | rho(M=64) med 5.47e-03 max 9.74e-03
  [point] mc               8192  m=  8192  rho(M=320) med 2.35e-01 max 2.75e-01 | rho(M=64) med 1.31e-01 max 1.70e-01
  [point] fibonacci        12    m=   144  rho(M=320) med 3.99e-01 max 8.25e-01 | rho(M=64) med 1.09e-02 max 5.89e-02
  [point] fibonacci_tent   12    m=   144  rho(M=320) med 1.24e+00 max 1.49e+00 | rho(M=64) med 9.22e-02 max 2.13e-01
  [point] fibonacci        13    m=   233  rho(M=320) med 6.86e-02 max 1.29e-01 | rho(M=64) med 3.20e-03 max 2.82e-02
  [point] fibonacci_tent   13    m=   233  rho(M=320) med 1.39e+00 max 1.50e+00 | rho(M=64) med 7.34e-02 max 2.49e-01
  [point] fibonacci        14    m=   377  rho(M=320) med 1.64e-02 max 5.23e-02 | rho(M=64) med 1.01e-03 max 1.50e-02
  [point] fibonacci_tent   14    m=   377  rho(M=320) med 3.21e-01 max 5.76e-01 | rho(M=64) med 1.33e-02 max 2.96e-02
  [point] fibonacci        15    m=   610  rho(M=320) med 3.39e-03 max 3.88e-02 | rho(M=64) med 1.06e-04 max 2.29e-03
  [point] fibonacci_tent   15    m=   610  rho(M=320) med 1.55e-01 max 4.32e-01 | rho(M=64) med 4.15e-03 max 2.91e-02
  [point] fibonacci        16    m=   987  rho(M=320) med 4.28e-04 max 1.76e-02 | rho(M=64) med 1.15e-05 max 3.05e-03
  [point] fibonacci_tent   16    m=   987  rho(M=320) med 2.55e-02 max 8.38e-02 | rho(M=64) med 1.65e-03 max 1.67e-02
  [point] fibonacci        17    m=  1597  rho(M=320) med 4.64e-05 max 1.52e-02 | rho(M=64) med 9.72e-07 max 2.01e-03
  [point] fibonacci_tent   17    m=  1597  rho(M=320) med 4.27e-03 max 2.14e-02 | rho(M=64) med 2.59e-04 max 3.54e-03
  [point] fibonacci        18    m=  2584  rho(M=320) med 4.09e-06 max 1.76e-03 | rho(M=64) med 8.94e-08 max 1.88e-04
  [point] fibonacci_tent   18    m=  2584  rho(M=320) med 8.43e-04 max 1.02e-02 | rho(M=64) med 4.82e-05 max 1.17e-03
  [point] fibonacci        19    m=  4181  rho(M=320) med 3.46e-07 max 4.82e-05 | rho(M=64) med 1.22e-08 max 5.43e-06
  [point] fibonacci_tent   19    m=  4181  rho(M=320) med 1.49e-04 max 1.81e-02 | rho(M=64) med 4.04e-06 max 3.52e-03
  [point] fibonacci        20    m=  6765  rho(M=320) med 3.13e-08 max 1.42e-05 | rho(M=64) med 6.87e-10 max 1.11e-06
  [point] fibonacci_tent   20    m=  6765  rho(M=320) med 1.96e-05 max 1.92e-03 | rho(M=64) med 5.05e-07 max 5.78e-04
== mesh N=256
  mesh-vs-continuum gap (continuum ref vs dense upwind at N): med 1.39e-07 max 1.55e-05
  dense q=0: 7.70 ms per residual+Jacobian
  dense q=64: 19.01 ms per residual+Jacobian
  mesh_lattice stride 32 m=49: rho(M=320) med 2.05e+00 max 2.20e+00 | fast max 3.35e-01
  mesh_lattice stride 16 m=225: rho(M=320) med 4.76e-02 max 9.36e-02 | fast max 2.44e-02
  mesh_lattice stride 8 m=961: rho(M=320) med 6.42e-03 max 2.93e-02 | fast max 9.74e-03
  mesh_lattice stride 4 m=3969: rho(M=320) med 4.81e-04 max 6.88e-03 | fast max 2.12e-03
  EQ fit matrix (7680, 8192)
  eq_nnls m=256 support 256 (fit res 1.40e-01, 5s): rho(M=320) med 1.69e-01 max 3.53e-01 | fast max 1.04e-01
  eq_nnls m=512 support 512 (fit res 9.07e-03, 59s): rho(M=320) med 1.20e-02 max 7.87e-02 | fast max 1.75e-02
  eq_nnls m=1024 support 1024 (fit res 5.14e-04, 243s): rho(M=320) med 1.11e-03 max 2.23e-02 | fast max 6.90e-03
  eq_nnls m=2048 support 2048 (fit res 8.92e-06, 1624s): rho(M=320) med 4.13e-05 max 9.99e-03 | fast max 2.07e-03
  time sobol:1024 m=1024 q=0: 0.41 ms per residual+Jacobian
  time sobol:1024 m=1024 q=64: 1.08 ms per residual+Jacobian
  time sobol:4096 m=4096 q=0: 1.89 ms per residual+Jacobian
  time sobol:4096 m=4096 q=64: 2.30 ms per residual+Jacobian
  time smolyak_cc:7 m=449 q=0: 0.30 ms per residual+Jacobian
  time smolyak_cc:7 m=449 q=64: 0.74 ms per residual+Jacobian
  time gauss_tensor:32 m=1024 q=0: 0.43 ms per residual+Jacobian
  time gauss_tensor:32 m=1024 q=64: 1.00 ms per residual+Jacobian
done
