== allen_cahn_mild: reached states from dense reduced rollouts at N=256
  using projected training snapshots as states
  96 reached states kept
  reference check: GL200 vs GL300 rho max 8.79e-15
== off-mesh rules vs continuum reference (mesh-independent)
  [point] gauss_tensor     6     m=    36  rho(M=384) med 4.45e+00 max 6.28e+00 | rho(M=128) med 2.60e+00 max 3.43e+00
  [point] gauss_tensor     8     m=    64  rho(M=384) med 3.07e+00 max 3.44e+00 | rho(M=128) med 1.83e+00 max 2.10e+00
  [point] gauss_tensor     12    m=   144  rho(M=384) med 2.27e+00 max 2.53e+00 | rho(M=128) med 3.69e-01 max 8.96e-01
  [point] gauss_tensor     16    m=   256  rho(M=384) med 1.32e+00 max 1.58e+00 | rho(M=128) med 1.23e-02 max 2.21e-01
  [point] gauss_tensor     24    m=   576  rho(M=384) med 5.65e-03 max 1.78e-01 | rho(M=128) med 5.51e-04 max 3.06e-03
  [point] gauss_tensor     32    m=  1024  rho(M=384) med 5.35e-04 max 2.93e-03 | rho(M=128) med 6.53e-05 max 5.87e-04
  [point] gauss_tensor     48    m=  2304  rho(M=384) med 1.91e-06 max 2.34e-05 | rho(M=128) med 9.87e-08 max 2.08e-06
  [point] gauss_tensor     64    m=  4096  rho(M=384) med 4.23e-09 max 1.73e-07 | rho(M=128) med 2.26e-10 max 1.41e-08
  [point] smolyak_cc       3     m=    13  rho(M=384) med 1.69e+01 max 3.70e+01 | rho(M=128) med 9.45e+00 max 2.25e+01
  [point] smolyak_cc       4     m=    33  rho(M=384) med 1.37e+01 max 3.85e+01 | rho(M=128) med 8.18e+00 max 2.38e+01
  [point] smolyak_cc       5     m=    81  rho(M=384) med 9.54e+00 max 2.70e+01 | rho(M=128) med 4.63e+00 max 1.15e+01
  [point] smolyak_cc       6     m=   193  rho(M=384) med 5.60e+00 max 1.27e+01 | rho(M=128) med 2.48e+00 max 4.48e+00
  [point] smolyak_cc       7     m=   449  rho(M=384) med 3.14e+00 max 5.22e+00 | rho(M=128) med 6.20e-01 max 1.19e+00
  [point] smolyak_cc       8     m=  1025  rho(M=384) med 1.21e+00 max 1.97e+00 | rho(M=128) med 4.34e-03 max 1.69e-01
  [point] smolyak_cc       9     m=  2305  rho(M=384) med 2.45e-02 max 3.34e-01 | rho(M=128) med 7.31e-04 max 4.13e-03
  [point] smolyak_cc       10    m=  5121  rho(M=384) med 3.51e-04 max 3.10e-03 | rho(M=128) med 2.68e-05 max 3.21e-04
  [point] smolyak_gl_exp   3     m=    73  rho(M=384) med 1.17e+01 max 2.95e+01 | rho(M=128) med 7.35e+00 max 1.88e+01
  [point] smolyak_gl_exp   4     m=   221  rho(M=384) med 8.07e+00 max 1.92e+01 | rho(M=128) med 2.90e+00 max 5.73e+00
  [point] smolyak_gl_exp   5     m=   609  rho(M=384) med 3.70e+00 max 6.39e+00 | rho(M=128) med 9.73e-01 max 1.44e+00
  [point] smolyak_gl_exp   6     m=  1573  rho(M=384) med 1.62e+00 max 2.24e+00 | rho(M=128) med 6.96e-03 max 2.33e-01
  [point] smolyak_gl_exp   7     m=  3881  rho(M=384) med 4.69e-02 max 4.26e-01 | rho(M=128) med 8.32e-04 max 7.28e-03
  [point] smolyak_gl_exp   8     m=  9261  rho(M=384) med 4.19e-04 max 3.32e-03 | rho(M=128) med 3.52e-05 max 3.82e-04
  [point] smolyak_gl_exp   9     m= 21553  rho(M=384) med 1.31e-05 max 1.52e-04 | rho(M=128) med 6.09e-07 max 1.12e-05
  [point] smolyak_gl_lin   6     m=   305  rho(M=384) med 1.08e+01 max 1.47e+01 | rho(M=128) med 2.80e+00 max 5.91e+00
  [point] smolyak_gl_lin   10    m=  1361  rho(M=384) med 3.59e+00 max 6.20e+00 | rho(M=128) med 5.65e-02 max 5.43e-01
  [point] smolyak_gl_lin   14    m=  3697  rho(M=384) med 2.80e-01 max 1.25e+00 | rho(M=128) med 3.31e-03 max 3.05e-02
  [point] smolyak_gl_lin   18    m=  7825  rho(M=384) med 5.74e-03 max 5.09e-02 | rho(M=128) med 8.13e-04 max 6.50e-03
  [point] smolyak_gl_lin   22    m= 14257  rho(M=384) med 1.42e-03 max 8.90e-03 | rho(M=128) med 1.61e-04 max 2.92e-03
  [point] smolyak_gl_lin   26    m= 23505  rho(M=384) med 2.85e-04 max 4.02e-03 | rho(M=128) med 2.14e-05 max 3.80e-04
  [point] smolyak_gl_lin   30    m= 36081  rho(M=384) med 4.53e-05 max 1.00e-03 | rho(M=128) med 1.95e-06 max 5.11e-05
  [point] smolyak_gl_lin   34    m= 52497  rho(M=384) med 4.41e-06 max 7.40e-05 | rho(M=128) med 2.69e-07 max 7.47e-06
  [point] smolyak_gl_lin   38    m= 73265  rho(M=384) med 5.41e-07 max 2.01e-05 | rho(M=128) med 3.18e-08 max 1.64e-06
  [point] sobol            256   m=   256  rho(M=384) med 8.49e-01 max 1.01e+00 | rho(M=128) med 2.66e-01 max 4.17e-01
  [point] halton           256   m=   256  rho(M=384) med 7.19e-01 max 8.54e-01 | rho(M=128) med 3.77e-01 max 5.69e-01
  [point] mc               256   m=   256  rho(M=384) med 1.31e+00 max 1.83e+00 | rho(M=128) med 7.81e-01 max 1.23e+00
  [point] sobol            512   m=   512  rho(M=384) med 3.99e-01 max 4.87e-01 | rho(M=128) med 9.75e-02 max 2.13e-01
  [point] halton           512   m=   512  rho(M=384) med 4.47e-01 max 5.33e-01 | rho(M=128) med 1.76e-01 max 2.59e-01
  [point] mc               512   m=   512  rho(M=384) med 9.72e-01 max 1.16e+00 | rho(M=128) med 6.06e-01 max 8.26e-01
  [point] sobol            1024  m=  1024  rho(M=384) med 1.64e-01 max 2.32e-01 | rho(M=128) med 3.67e-02 max 5.44e-02
  [point] halton           1024  m=  1024  rho(M=384) med 2.55e-01 max 3.22e-01 | rho(M=128) med 8.21e-02 max 1.02e-01
  [point] mc               1024  m=  1024  rho(M=384) med 6.33e-01 max 7.08e-01 | rho(M=128) med 3.69e-01 max 4.99e-01
  [point] sobol            2048  m=  2048  rho(M=384) med 1.00e-01 max 1.35e-01 | rho(M=128) med 1.92e-02 max 4.58e-02
  [point] halton           2048  m=  2048  rho(M=384) med 1.16e-01 max 1.48e-01 | rho(M=128) med 4.22e-02 max 5.95e-02
  [point] mc               2048  m=  2048  rho(M=384) med 4.84e-01 max 6.04e-01 | rho(M=128) med 2.91e-01 max 4.45e-01
  [point] sobol            4096  m=  4096  rho(M=384) med 2.16e-02 max 2.89e-02 | rho(M=128) med 7.45e-03 max 1.26e-02
  [point] halton           4096  m=  4096  rho(M=384) med 7.17e-02 max 8.29e-02 | rho(M=128) med 2.70e-02 max 3.88e-02
  [point] mc               4096  m=  4096  rho(M=384) med 3.44e-01 max 3.88e-01 | rho(M=128) med 2.13e-01 max 2.39e-01
  [point] sobol            8192  m=  8192  rho(M=384) med 7.00e-03 max 9.00e-03 | rho(M=128) med 6.64e-04 max 1.43e-03
  [point] halton           8192  m=  8192  rho(M=384) med 3.41e-02 max 4.44e-02 | rho(M=128) med 1.09e-02 max 1.86e-02
  [point] mc               8192  m=  8192  rho(M=384) med 2.47e-01 max 2.95e-01 | rho(M=128) med 1.51e-01 max 1.98e-01
  [point] fibonacci        12    m=   144  rho(M=384) med 1.02e+00 max 1.14e+00 | rho(M=128) med 9.29e-03 max 1.09e-01
  [point] fibonacci_tent   12    m=   144  rho(M=384) med 1.61e+00 max 1.81e+00 | rho(M=128) med 5.91e-01 max 7.00e-01
  [point] fibonacci        13    m=   233  rho(M=384) med 3.33e-02 max 2.78e-01 | rho(M=128) med 1.20e-03 max 9.57e-03
  [point] fibonacci_tent   13    m=   233  rho(M=384) med 1.59e+00 max 1.72e+00 | rho(M=128) med 4.43e-01 max 6.70e-01
  [point] fibonacci        14    m=   377  rho(M=384) med 3.23e-03 max 2.41e-02 | rho(M=128) med 2.81e-04 max 2.86e-03
  [point] fibonacci_tent   14    m=   377  rho(M=384) med 7.08e-01 max 7.30e-01 | rho(M=128) med 9.46e-03 max 8.87e-02
  [point] fibonacci        15    m=   610  rho(M=384) med 2.08e-04 max 4.82e-03 | rho(M=128) med 1.25e-05 max 7.07e-04
  [point] fibonacci_tent   15    m=   610  rho(M=384) med 3.92e-01 max 6.15e-01 | rho(M=128) med 4.01e-03 max 3.77e-02
  [point] fibonacci        16    m=   987  rho(M=384) med 7.59e-06 max 1.35e-03 | rho(M=128) med 4.32e-07 max 1.82e-04
  [point] fibonacci_tent   16    m=   987  rho(M=384) med 1.83e-02 max 1.79e-01 | rho(M=128) med 6.65e-04 max 3.27e-03
  [point] fibonacci        17    m=  1597  rho(M=384) med 6.18e-07 max 3.64e-04 | rho(M=128) med 2.95e-08 max 3.49e-05
  [point] fibonacci_tent   17    m=  1597  rho(M=384) med 5.44e-04 max 7.61e-03 | rho(M=128) med 4.85e-05 max 1.13e-03
  [point] fibonacci        18    m=  2584  rho(M=384) med 4.76e-08 max 5.34e-05 | rho(M=128) med 2.51e-09 max 3.52e-06
  [point] fibonacci_tent   18    m=  2584  rho(M=384) med 1.16e-04 max 1.37e-03 | rho(M=128) med 8.78e-06 max 1.53e-04
  [point] fibonacci        19    m=  4181  rho(M=384) med 4.21e-09 max 6.60e-06 | rho(M=128) med 2.32e-10 max 3.68e-07
  [point] fibonacci_tent   19    m=  4181  rho(M=384) med 1.84e-06 max 5.60e-04 | rho(M=128) med 9.27e-08 max 3.30e-05
  [point] fibonacci        20    m=  6765  rho(M=384) med 3.68e-10 max 5.51e-07 | rho(M=128) med 2.15e-11 max 3.37e-08
  [point] fibonacci_tent   20    m=  6765  rho(M=384) med 4.80e-08 max 1.23e-04 | rho(M=128) med 3.82e-09 max 1.88e-05
== mesh N=128
  mesh-vs-continuum gap (continuum ref vs dense upwind at N): med 2.17e-08 max 1.86e-04
  dense q=0: 3.41 ms per residual+Jacobian
  dense q=64: 17.33 ms per residual+Jacobian
  mesh_lattice stride 16 m=49: rho(M=384) med 2.53e+00 max 2.63e+00 | fast max 9.13e-01
  mesh_lattice stride 8 m=225: rho(M=384) med 1.66e-02 max 1.64e-01 | fast max 2.89e-02
  mesh_lattice stride 4 m=961: rho(M=384) med 1.06e-04 max 1.13e-02 | fast max 5.07e-03
  mesh_lattice stride 2 m=3969: rho(M=384) med 7.89e-07 max 7.68e-04 | fast max 3.36e-04
  EQ fit matrix (9216, 8192)
  eq_nnls m=256 support 256 (fit res 1.53e-01, 7s): rho(M=384) med 1.18e-01 max 4.52e-01 | fast max 4.12e-01
  eq_nnls m=512 support 512 (fit res 6.83e-03, 72s): rho(M=384) med 9.42e-03 max 6.38e-02 | fast max 1.15e-02
  eq_nnls m=1024 support 1024 (fit res 1.44e-04, 302s): rho(M=384) med 2.68e-04 max 3.59e-03 | fast max 6.46e-04
  eq_nnls m=2048 support 2048 (fit res 1.17e-06, 1412s): rho(M=384) med 5.72e-06 max 1.64e-04 | fast max 2.42e-05
  time sobol:1024 m=1024 q=0: 0.27 ms per residual+Jacobian
  time sobol:1024 m=1024 q=64: 0.60 ms per residual+Jacobian
  time sobol:4096 m=4096 q=0: 1.18 ms per residual+Jacobian
  time sobol:4096 m=4096 q=64: 1.27 ms per residual+Jacobian
  time smolyak_cc:7 m=449 q=0: 0.30 ms per residual+Jacobian
  time smolyak_cc:7 m=449 q=64: 0.48 ms per residual+Jacobian
  time gauss_tensor:32 m=1024 q=0: 0.28 ms per residual+Jacobian
  time gauss_tensor:32 m=1024 q=64: 0.62 ms per residual+Jacobian
== mesh N=256
  mesh-vs-continuum gap (continuum ref vs dense upwind at N): med 2.91e-10 max 6.90e-06
  dense q=0: 4.54 ms per residual+Jacobian
  dense q=64: 8.48 ms per residual+Jacobian
  mesh_lattice stride 32 m=49: rho(M=384) med 2.53e+00 max 2.63e+00 | fast max 9.13e-01
  mesh_lattice stride 16 m=225: rho(M=384) med 1.66e-02 max 1.64e-01 | fast max 2.89e-02
  mesh_lattice stride 8 m=961: rho(M=384) med 1.05e-04 max 1.13e-02 | fast max 5.07e-03
  mesh_lattice stride 4 m=3969: rho(M=384) med 8.00e-07 max 6.30e-04 | fast max 2.74e-04
  EQ fit matrix (9216, 8192)
  eq_nnls m=256 support 256 (fit res 1.52e-01, 3s): rho(M=384) med 1.22e-01 max 4.43e-01 | fast max 3.81e-01
  eq_nnls m=512 support 512 (fit res 7.51e-03, 21s): rho(M=384) med 1.00e-02 max 5.07e-02 | fast max 1.02e-02
  eq_nnls m=1024 support 1024 (fit res 1.51e-04, 128s): rho(M=384) med 2.84e-04 max 5.74e-03 | fast max 3.87e-04
  eq_nnls m=2048 support 2048 (fit res 1.44e-06, 782s): rho(M=384) med 7.41e-06 max 3.07e-04 | fast max 3.74e-05
  time sobol:1024 m=1024 q=0: 0.26 ms per residual+Jacobian
  time sobol:1024 m=1024 q=64: 0.61 ms per residual+Jacobian
  time sobol:4096 m=4096 q=0: 1.25 ms per residual+Jacobian
  time sobol:4096 m=4096 q=64: 1.31 ms per residual+Jacobian
  time smolyak_cc:7 m=449 q=0: 0.21 ms per residual+Jacobian
  time smolyak_cc:7 m=449 q=64: 0.40 ms per residual+Jacobian
  time gauss_tensor:32 m=1024 q=0: 0.28 ms per residual+Jacobian
  time gauss_tensor:32 m=1024 q=64: 0.52 ms per residual+Jacobian
== mesh N=512
  mesh-vs-continuum gap (continuum ref vs dense upwind at N): med 4.53e-12 max 1.28e-07
  dense q=0: 19.01 ms per residual+Jacobian
  dense q=64: 31.93 ms per residual+Jacobian
  mesh_lattice stride 64 m=49: rho(M=384) med 2.53e+00 max 2.63e+00 | fast max 9.13e-01
  mesh_lattice stride 32 m=225: rho(M=384) med 1.66e-02 max 1.64e-01 | fast max 2.89e-02
  mesh_lattice stride 16 m=961: rho(M=384) med 1.05e-04 max 1.13e-02 | fast max 5.07e-03
  mesh_lattice stride 8 m=3969: rho(M=384) med 8.00e-07 max 6.24e-04 | fast max 2.71e-04
  EQ fit matrix (9216, 8192)
  eq_nnls m=256 support 256 (fit res 1.54e-01, 3s): rho(M=384) med 1.26e-01 max 4.31e-01 | fast max 3.81e-01
  eq_nnls m=512 support 512 (fit res 8.38e-03, 20s): rho(M=384) med 1.15e-02 max 7.53e-02 | fast max 1.50e-02
  eq_nnls m=1024 support 1024 (fit res 1.53e-04, 120s): rho(M=384) med 3.21e-04 max 5.02e-03 | fast max 1.19e-03
  eq_nnls m=2048 support 2048 (fit res 1.21e-06, 866s): rho(M=384) med 5.68e-06 max 6.84e-04 | fast max 1.93e-05
  time sobol:1024 m=1024 q=0: 0.28 ms per residual+Jacobian
  time sobol:1024 m=1024 q=64: 0.58 ms per residual+Jacobian
  time sobol:4096 m=4096 q=0: 0.99 ms per residual+Jacobian
  time sobol:4096 m=4096 q=64: 1.28 ms per residual+Jacobian
  time smolyak_cc:7 m=449 q=0: 0.23 ms per residual+Jacobian
  time smolyak_cc:7 m=449 q=64: 0.40 ms per residual+Jacobian
  time gauss_tensor:32 m=1024 q=0: 0.28 ms per residual+Jacobian
  time gauss_tensor:32 m=1024 q=64: 0.53 ms per residual+Jacobian
done
