== bratu N=128 q=0 M=64 (offline 0.5s)
  dense           0     point m=  16129: worst err same-grid   7.166%  refined   7.158% (FOM 0.016%)  vs dense   0.000%      19.2 ms/query  6.33 att/step  3.02 ms/att  exits [0, 6, 0, 0]
  mesh_lattice    4     point m=    961: worst err same-grid   7.166%  refined   7.158% (FOM 0.016%)  vs dense   0.050%       9.7 ms/query  6.33 att/step  1.42 ms/att  exits [0, 6, 0, 0]
  mesh_lattice    2     point m=   3969: worst err same-grid   7.166%  refined   7.158% (FOM 0.016%)  vs dense   0.010%      38.5 ms/query  6.33 att/step  5.58 ms/att  exits [0, 6, 0, 0]
  eq_nnls         1024  point m=   1024: worst err same-grid   7.166%  refined   7.158% (FOM 0.016%)  vs dense   0.001%      10.5 ms/query  6.33 att/step  1.80 ms/att  exits [0, 6, 0, 0]
  eq_nnls         2048  point m=   2048: worst err same-grid   7.166%  refined   7.158% (FOM 0.016%)  vs dense   0.000%      16.4 ms/query  6.33 att/step  2.40 ms/att  exits [0, 6, 0, 0]
  gauss_tensor    16    point m=    256: worst err same-grid   7.164%  refined   7.156% (FOM 0.016%)  vs dense   0.111%       4.2 ms/query  6.33 att/step  0.63 ms/att  exits [0, 6, 0, 0]
  gauss_tensor    32    point m=   1024: worst err same-grid   7.167%  refined   7.159% (FOM 0.016%)  vs dense   0.018%       8.9 ms/query  6.33 att/step  1.46 ms/att  exits [0, 6, 0, 0]
  smolyak_cc      6     point m=    193: worst err same-grid   7.240%  refined   7.232% (FOM 0.016%)  vs dense   1.294%       3.7 ms/query  6.17 att/step  0.80 ms/att  exits [0, 6, 0, 0]
  smolyak_cc      8     point m=   1025: worst err same-grid   7.174%  refined   7.166% (FOM 0.016%)  vs dense   0.191%       9.0 ms/query  6.33 att/step  1.36 ms/att  exits [0, 6, 0, 0]
  sobol           1024  point m=   1024: worst err same-grid   7.165%  refined   7.156% (FOM 0.016%)  vs dense   0.026%      11.8 ms/query  6.33 att/step  2.93 ms/att  exits [0, 6, 0, 0]
  halton          1024  point m=   1024: worst err same-grid   7.171%  refined   7.162% (FOM 0.016%)  vs dense   0.122%      11.1 ms/query  6.33 att/step  1.63 ms/att  exits [0, 6, 0, 0]
  sobol           4096  point m=   4096: worst err same-grid   7.166%  refined   7.158% (FOM 0.016%)  vs dense   0.005%      12.3 ms/query  6.33 att/step  2.18 ms/att  exits [0, 6, 0, 0]
  halton          4096  point m=   4096: worst err same-grid   7.166%  refined   7.157% (FOM 0.016%)  vs dense   0.019%      11.8 ms/query  6.33 att/step  1.78 ms/att  exits [0, 6, 0, 0]
  fibonacci       16    point m=    987: worst err same-grid   7.166%  refined   7.158% (FOM 0.016%)  vs dense   0.003%       4.2 ms/query  6.33 att/step  0.77 ms/att  exits [0, 6, 0, 0]
  fibonacci_tent  16    point m=    987: worst err same-grid   7.166%  refined   7.158% (FOM 0.016%)  vs dense   0.010%       5.5 ms/query  6.33 att/step  0.87 ms/att  exits [0, 6, 0, 0]
  fibonacci       19    point m=   4181: worst err same-grid   7.166%  refined   7.158% (FOM 0.016%)  vs dense   0.003%      12.4 ms/query  6.33 att/step  2.05 ms/att  exits [0, 6, 0, 0]
  fibonacci_tent  19    point m=   4181: worst err same-grid   7.166%  refined   7.158% (FOM 0.016%)  vs dense   0.004%      11.5 ms/query  6.33 att/step  1.93 ms/att  exits [0, 6, 0, 0]
== bratu N=128 q=64 M=320 (offline 0.7s)
  dense           0     point m=  16129: worst err same-grid   1.153%  refined   1.153% (FOM 0.016%)  vs dense   0.000%      28.0 ms/query  3.67 att/step  8.26 ms/att  exits [0, 6, 0, 0]
  mesh_lattice    4     point m=    961: worst err same-grid   1.153%  refined   1.153% (FOM 0.016%)  vs dense   0.053%      19.3 ms/query  3.67 att/step  5.38 ms/att  exits [0, 6, 0, 0]
  mesh_lattice    2     point m=   3969: worst err same-grid   1.153%  refined   1.153% (FOM 0.016%)  vs dense   0.011%      29.6 ms/query  3.67 att/step  7.72 ms/att  exits [0, 6, 0, 0]
  eq_nnls         1024  point m=   1024: worst err same-grid   1.152%  refined   1.153% (FOM 0.016%)  vs dense   0.000%      29.3 ms/query  3.67 att/step  7.87 ms/att  exits [0, 6, 0, 0]
  eq_nnls         2048  point m=   2048: worst err same-grid   1.153%  refined   1.153% (FOM 0.016%)  vs dense   0.000%      28.0 ms/query  3.67 att/step  7.77 ms/att  exits [0, 6, 0, 0]
  gauss_tensor    16    point m=    256: worst err same-grid   1.150%  refined   1.150% (FOM 0.016%)  vs dense   0.037%       6.8 ms/query  3.50 att/step  2.20 ms/att  exits [0, 6, 0, 0]
  gauss_tensor    32    point m=   1024: worst err same-grid   1.153%  refined   1.153% (FOM 0.016%)  vs dense   0.008%      11.4 ms/query  3.67 att/step  2.94 ms/att  exits [0, 6, 0, 0]
  smolyak_cc      6     point m=    193: worst err same-grid   1.542%  refined   1.540% (FOM 0.016%)  vs dense   1.289%       8.1 ms/query  6.50 att/step  1.27 ms/att  exits [0, 6, 0, 0]
  smolyak_cc      8     point m=   1025: worst err same-grid   1.152%  refined   1.153% (FOM 0.016%)  vs dense   0.032%      12.2 ms/query  3.67 att/step  3.29 ms/att  exits [0, 6, 0, 0]
  sobol           1024  point m=   1024: worst err same-grid   1.153%  refined   1.153% (FOM 0.016%)  vs dense   0.025%      16.6 ms/query  3.67 att/step  4.35 ms/att  exits [0, 6, 0, 0]
  halton          1024  point m=   1024: worst err same-grid   1.157%  refined   1.157% (FOM 0.016%)  vs dense   0.129%      10.9 ms/query  3.50 att/step  3.32 ms/att  exits [0, 6, 0, 0]
  sobol           4096  point m=   4096: worst err same-grid   1.152%  refined   1.153% (FOM 0.016%)  vs dense   0.007%      28.3 ms/query  3.67 att/step  6.98 ms/att  exits [0, 6, 0, 0]
  halton          4096  point m=   4096: worst err same-grid   1.153%  refined   1.153% (FOM 0.016%)  vs dense   0.024%      27.9 ms/query  3.50 att/step  7.38 ms/att  exits [0, 6, 0, 0]
  fibonacci       16    point m=    987: worst err same-grid   1.152%  refined   1.153% (FOM 0.016%)  vs dense   0.004%      13.8 ms/query  3.67 att/step  3.68 ms/att  exits [0, 6, 0, 0]
  fibonacci_tent  16    point m=    987: worst err same-grid   1.152%  refined   1.153% (FOM 0.016%)  vs dense   0.007%      13.7 ms/query  3.67 att/step  4.85 ms/att  exits [0, 6, 0, 0]
  fibonacci       19    point m=   4181: worst err same-grid   1.153%  refined   1.153% (FOM 0.016%)  vs dense   0.004%      27.2 ms/query  3.67 att/step  7.37 ms/att  exits [0, 6, 0, 0]
  fibonacci_tent  19    point m=   4181: worst err same-grid   1.152%  refined   1.153% (FOM 0.016%)  vs dense   0.004%      31.0 ms/query  3.67 att/step  8.74 ms/att  exits [0, 6, 0, 0]
== bratu N=256 q=0 M=64 (offline 0.5s)
  dense           0     point m=  65025: worst err same-grid   7.158%  refined   7.157% (FOM 0.004%)  vs dense   0.000%      62.6 ms/query  6.33 att/step  9.01 ms/att  exits [0, 6, 0, 0]
  mesh_lattice    8     point m=    961: worst err same-grid   7.159%  refined   7.157% (FOM 0.004%)  vs dense   0.052%       9.5 ms/query  6.33 att/step  1.35 ms/att  exits [0, 6, 0, 0]
  mesh_lattice    4     point m=   3969: worst err same-grid   7.158%  refined   7.156% (FOM 0.004%)  vs dense   0.013%      24.9 ms/query  6.33 att/step  4.46 ms/att  exits [0, 6, 0, 0]
  eq_nnls         1024  point m=   1024: worst err same-grid   7.158%  refined   7.157% (FOM 0.004%)  vs dense   0.003%       8.7 ms/query  6.33 att/step  1.66 ms/att  exits [0, 6, 0, 0]
  eq_nnls         2048  point m=   2048: worst err same-grid   7.158%  refined   7.157% (FOM 0.004%)  vs dense   0.000%      23.5 ms/query  6.33 att/step  3.10 ms/att  exits [0, 6, 0, 0]
  gauss_tensor    16    point m=    256: worst err same-grid   7.156%  refined   7.154% (FOM 0.004%)  vs dense   0.112%       5.2 ms/query  6.33 att/step  0.87 ms/att  exits [0, 6, 0, 0]
  gauss_tensor    32    point m=   1024: worst err same-grid   7.159%  refined   7.157% (FOM 0.004%)  vs dense   0.018%       7.1 ms/query  6.33 att/step  1.05 ms/att  exits [0, 6, 0, 0]
  smolyak_cc      6     point m=    193: worst err same-grid   7.232%  refined   7.230% (FOM 0.004%)  vs dense   1.290%       4.2 ms/query  6.17 att/step  0.67 ms/att  exits [0, 6, 0, 0]
  smolyak_cc      8     point m=   1025: worst err same-grid   7.167%  refined   7.165% (FOM 0.004%)  vs dense   0.189%       7.4 ms/query  6.33 att/step  1.08 ms/att  exits [0, 6, 0, 0]
  sobol           1024  point m=   1024: worst err same-grid   7.157%  refined   7.155% (FOM 0.004%)  vs dense   0.024%       6.0 ms/query  6.33 att/step  1.03 ms/att  exits [0, 6, 0, 0]
  halton          1024  point m=   1024: worst err same-grid   7.163%  refined   7.161% (FOM 0.004%)  vs dense   0.120%      14.5 ms/query  6.17 att/step  2.43 ms/att  exits [0, 6, 0, 0]
  sobol           4096  point m=   4096: worst err same-grid   7.158%  refined   7.156% (FOM 0.004%)  vs dense   0.003%      20.1 ms/query  6.33 att/step  3.50 ms/att  exits [0, 6, 0, 0]
  halton          4096  point m=   4096: worst err same-grid   7.158%  refined   7.156% (FOM 0.004%)  vs dense   0.021%      16.3 ms/query  6.33 att/step  2.46 ms/att  exits [0, 6, 0, 0]
  fibonacci       16    point m=    987: worst err same-grid   7.158%  refined   7.157% (FOM 0.004%)  vs dense   0.004%       6.7 ms/query  6.33 att/step  0.98 ms/att  exits [0, 6, 0, 0]
  fibonacci_tent  16    point m=    987: worst err same-grid   7.158%  refined   7.156% (FOM 0.004%)  vs dense   0.011%       6.2 ms/query  6.33 att/step  1.01 ms/att  exits [0, 6, 0, 0]
  fibonacci       19    point m=   4181: worst err same-grid   7.158%  refined   7.157% (FOM 0.004%)  vs dense   0.001%      11.9 ms/query  6.33 att/step  2.10 ms/att  exits [0, 6, 0, 0]
  fibonacci_tent  19    point m=   4181: worst err same-grid   7.158%  refined   7.157% (FOM 0.004%)  vs dense   0.002%      12.1 ms/query  6.33 att/step  2.04 ms/att  exits [0, 6, 0, 0]
== bratu N=256 q=64 M=320 (offline 0.3s)
  dense           0     point m=  65025: worst err same-grid   1.153%  refined   1.153% (FOM 0.004%)  vs dense   0.000%      83.5 ms/query  3.67 att/step  22.97 ms/att  exits [0, 6, 0, 0]
  mesh_lattice    8     point m=    961: worst err same-grid   1.153%  refined   1.153% (FOM 0.004%)  vs dense   0.056%      19.3 ms/query  3.67 att/step  5.10 ms/att  exits [0, 6, 0, 0]
  mesh_lattice    4     point m=   3969: worst err same-grid   1.153%  refined   1.153% (FOM 0.004%)  vs dense   0.013%      36.5 ms/query  3.67 att/step  9.67 ms/att  exits [0, 6, 0, 0]
  eq_nnls         1024  point m=   1024: worst err same-grid   1.153%  refined   1.153% (FOM 0.004%)  vs dense   0.001%      23.3 ms/query  3.67 att/step  5.76 ms/att  exits [0, 6, 0, 0]
  eq_nnls         2048  point m=   2048: worst err same-grid   1.153%  refined   1.153% (FOM 0.004%)  vs dense   0.000%      27.2 ms/query  3.67 att/step  7.09 ms/att  exits [0, 6, 0, 0]
  gauss_tensor    16    point m=    256: worst err same-grid   1.150%  refined   1.150% (FOM 0.004%)  vs dense   0.037%      11.7 ms/query  3.50 att/step  3.40 ms/att  exits [0, 6, 0, 0]
  gauss_tensor    32    point m=   1024: worst err same-grid   1.153%  refined   1.153% (FOM 0.004%)  vs dense   0.007%      11.8 ms/query  3.67 att/step  3.26 ms/att  exits [0, 6, 0, 0]
  smolyak_cc      6     point m=    193: worst err same-grid   1.537%  refined   1.537% (FOM 0.004%)  vs dense   1.283%      11.0 ms/query  6.17 att/step  1.64 ms/att  exits [0, 6, 0, 0]
  smolyak_cc      8     point m=   1025: worst err same-grid   1.153%  refined   1.153% (FOM 0.004%)  vs dense   0.030%      12.3 ms/query  3.67 att/step  3.31 ms/att  exits [0, 6, 0, 0]
  sobol           1024  point m=   1024: worst err same-grid   1.153%  refined   1.153% (FOM 0.004%)  vs dense   0.025%      13.7 ms/query  3.67 att/step  4.54 ms/att  exits [0, 6, 0, 0]
  halton          1024  point m=   1024: worst err same-grid   1.157%  refined   1.157% (FOM 0.004%)  vs dense   0.128%      15.3 ms/query  3.50 att/step  4.37 ms/att  exits [0, 6, 0, 0]
  sobol           4096  point m=   4096: worst err same-grid   1.153%  refined   1.153% (FOM 0.004%)  vs dense   0.006%      26.2 ms/query  3.67 att/step  7.51 ms/att  exits [0, 6, 0, 0]
  halton          4096  point m=   4096: worst err same-grid   1.154%  refined   1.154% (FOM 0.004%)  vs dense   0.025%      23.4 ms/query  3.50 att/step  6.37 ms/att  exits [0, 6, 0, 0]
  fibonacci       16    point m=    987: worst err same-grid   1.153%  refined   1.153% (FOM 0.004%)  vs dense   0.002%      12.4 ms/query  3.67 att/step  3.24 ms/att  exits [0, 6, 0, 0]
  fibonacci_tent  16    point m=    987: worst err same-grid   1.153%  refined   1.153% (FOM 0.004%)  vs dense   0.005%       9.6 ms/query  3.67 att/step  2.77 ms/att  exits [0, 6, 0, 0]
  fibonacci       19    point m=   4181: worst err same-grid   1.153%  refined   1.153% (FOM 0.004%)  vs dense   0.001%      25.5 ms/query  3.67 att/step  6.31 ms/att  exits [0, 6, 0, 0]
  fibonacci_tent  19    point m=   4181: worst err same-grid   1.153%  refined   1.153% (FOM 0.004%)  vs dense   0.001%      26.8 ms/query  3.67 att/step  6.69 ms/att  exits [0, 6, 0, 0]
== bratu N=512 q=0 M=64 (offline 1.0s)
  dense           0     point m= 261121: worst err same-grid   7.157%  refined   7.156% (FOM 0.001%)  vs dense   0.000%     135.1 ms/query  6.33 att/step  29.17 ms/att  exits [0, 6, 0, 0]
  mesh_lattice    16    point m=    961: worst err same-grid   7.157%  refined   7.156% (FOM 0.001%)  vs dense   0.053%      11.4 ms/query  6.33 att/step  1.70 ms/att  exits [0, 6, 0, 0]
  mesh_lattice    8     point m=   3969: worst err same-grid   7.156%  refined   7.156% (FOM 0.001%)  vs dense   0.013%      17.2 ms/query  6.33 att/step  2.90 ms/att  exits [0, 6, 0, 0]
  eq_nnls         1024  point m=   1024: worst err same-grid   7.157%  refined   7.156% (FOM 0.001%)  vs dense   0.002%       8.2 ms/query  6.33 att/step  1.27 ms/att  exits [0, 6, 0, 0]
  eq_nnls         2048  point m=   2048: worst err same-grid   7.157%  refined   7.156% (FOM 0.001%)  vs dense   0.001%      13.2 ms/query  6.33 att/step  2.04 ms/att  exits [0, 6, 0, 0]
  gauss_tensor    16    point m=    256: worst err same-grid   7.154%  refined   7.154% (FOM 0.001%)  vs dense   0.112%       5.3 ms/query  6.33 att/step  0.78 ms/att  exits [0, 6, 0, 0]
  gauss_tensor    32    point m=   1024: worst err same-grid   7.157%  refined   7.157% (FOM 0.001%)  vs dense   0.019%       6.5 ms/query  6.33 att/step  0.94 ms/att  exits [0, 6, 0, 0]
  smolyak_cc      6     point m=    193: worst err same-grid   7.230%  refined   7.230% (FOM 0.001%)  vs dense   1.289%       5.3 ms/query  6.17 att/step  0.80 ms/att  exits [0, 6, 0, 0]
  smolyak_cc      8     point m=   1025: worst err same-grid   7.165%  refined   7.164% (FOM 0.001%)  vs dense   0.189%       6.1 ms/query  6.33 att/step  1.00 ms/att  exits [0, 6, 0, 0]
  sobol           1024  point m=   1024: worst err same-grid   7.155%  refined   7.154% (FOM 0.001%)  vs dense   0.024%       5.5 ms/query  6.33 att/step  1.00 ms/att  exits [0, 6, 0, 0]
  halton          1024  point m=   1024: worst err same-grid   7.161%  refined   7.161% (FOM 0.001%)  vs dense   0.120%       7.0 ms/query  6.17 att/step  1.10 ms/att  exits [0, 6, 0, 0]
  sobol           4096  point m=   4096: worst err same-grid   7.156%  refined   7.156% (FOM 0.001%)  vs dense   0.003%      19.0 ms/query  6.33 att/step  2.85 ms/att  exits [0, 6, 0, 0]
  halton          4096  point m=   4096: worst err same-grid   7.156%  refined   7.156% (FOM 0.001%)  vs dense   0.021%      15.6 ms/query  6.33 att/step  2.69 ms/att  exits [0, 6, 0, 0]
  fibonacci       16    point m=    987: worst err same-grid   7.157%  refined   7.156% (FOM 0.001%)  vs dense   0.004%       7.0 ms/query  6.33 att/step  1.09 ms/att  exits [0, 6, 0, 0]
  fibonacci_tent  16    point m=    987: worst err same-grid   7.156%  refined   7.156% (FOM 0.001%)  vs dense   0.011%       6.4 ms/query  6.33 att/step  1.08 ms/att  exits [0, 6, 0, 0]
  fibonacci       19    point m=   4181: worst err same-grid   7.157%  refined   7.156% (FOM 0.001%)  vs dense   0.000%      14.0 ms/query  6.33 att/step  2.53 ms/att  exits [0, 6, 0, 0]
  fibonacci_tent  19    point m=   4181: worst err same-grid   7.157%  refined   7.156% (FOM 0.001%)  vs dense   0.002%       8.4 ms/query  6.33 att/step  1.44 ms/att  exits [0, 6, 0, 0]
== bratu N=512 q=64 M=320 (offline 0.5s)
  dense           0     point m= 261121: worst err same-grid   1.153%  refined   1.153% (FOM 0.001%)  vs dense   0.000%     180.0 ms/query  3.67 att/step  54.77 ms/att  exits [0, 6, 0, 0]
  mesh_lattice    16    point m=    961: worst err same-grid   1.153%  refined   1.153% (FOM 0.001%)  vs dense   0.056%      16.7 ms/query  3.67 att/step  4.58 ms/att  exits [0, 6, 0, 0]
  mesh_lattice    8     point m=   3969: worst err same-grid   1.153%  refined   1.153% (FOM 0.001%)  vs dense   0.014%      30.1 ms/query  3.67 att/step  8.65 ms/att  exits [0, 6, 0, 0]
  eq_nnls         1024  point m=   1024: worst err same-grid   1.153%  refined   1.153% (FOM 0.001%)  vs dense   0.000%      17.3 ms/query  3.67 att/step  4.57 ms/att  exits [0, 6, 0, 0]
  eq_nnls         2048  point m=   2048: worst err same-grid   1.153%  refined   1.153% (FOM 0.001%)  vs dense   0.000%      23.5 ms/query  3.67 att/step  6.20 ms/att  exits [0, 6, 0, 0]
  gauss_tensor    16    point m=    256: worst err same-grid   1.150%  refined   1.150% (FOM 0.001%)  vs dense   0.037%       8.3 ms/query  3.50 att/step  2.16 ms/att  exits [0, 6, 0, 0]
  gauss_tensor    32    point m=   1024: worst err same-grid   1.153%  refined   1.153% (FOM 0.001%)  vs dense   0.006%      13.6 ms/query  3.67 att/step  3.56 ms/att  exits [0, 6, 0, 0]
  smolyak_cc      6     point m=    193: worst err same-grid   1.536%  refined   1.536% (FOM 0.001%)  vs dense   1.281%       7.5 ms/query  6.17 att/step  1.23 ms/att  exits [0, 6, 0, 0]
  smolyak_cc      8     point m=   1025: worst err same-grid   1.153%  refined   1.153% (FOM 0.001%)  vs dense   0.030%      17.7 ms/query  3.67 att/step  4.25 ms/att  exits [0, 6, 0, 0]
  sobol           1024  point m=   1024: worst err same-grid   1.153%  refined   1.153% (FOM 0.001%)  vs dense   0.025%      13.4 ms/query  3.67 att/step  3.78 ms/att  exits [0, 6, 0, 0]
  halton          1024  point m=   1024: worst err same-grid   1.157%  refined   1.157% (FOM 0.001%)  vs dense   0.128%      13.6 ms/query  3.50 att/step  3.93 ms/att  exits [0, 6, 0, 0]
  sobol           4096  point m=   4096: worst err same-grid   1.153%  refined   1.153% (FOM 0.001%)  vs dense   0.006%      28.4 ms/query  3.67 att/step  7.39 ms/att  exits [0, 6, 0, 0]
  halton          4096  point m=   4096: worst err same-grid   1.154%  refined   1.154% (FOM 0.001%)  vs dense   0.025%      28.0 ms/query  3.50 att/step  8.04 ms/att  exits [0, 6, 0, 0]
  fibonacci       16    point m=    987: worst err same-grid   1.153%  refined   1.153% (FOM 0.001%)  vs dense   0.002%      12.8 ms/query  3.67 att/step  3.37 ms/att  exits [0, 6, 0, 0]
  fibonacci_tent  16    point m=    987: worst err same-grid   1.153%  refined   1.153% (FOM 0.001%)  vs dense   0.005%      10.5 ms/query  3.67 att/step  2.65 ms/att  exits [0, 6, 0, 0]
  fibonacci       19    point m=   4181: worst err same-grid   1.153%  refined   1.153% (FOM 0.001%)  vs dense   0.000%      18.8 ms/query  3.67 att/step  4.88 ms/att  exits [0, 6, 0, 0]
  fibonacci_tent  19    point m=   4181: worst err same-grid   1.153%  refined   1.153% (FOM 0.001%)  vs dense   0.001%      22.7 ms/query  3.67 att/step  5.55 ms/att  exits [0, 6, 0, 0]
== bratu N=1024 q=0 M=64 (offline 1.7s)
  dense           0     point m=1046529: worst err same-grid   5.230%  refined   5.230% (FOM 0.000%)  vs dense   0.000%     423.5 ms/query  6.50 att/step  65.15 ms/att  exits [0, 2, 0, 0]
  mesh_lattice    32    point m=    961: worst err same-grid   7.156%  refined   7.156% (FOM 0.000%)  vs dense   0.044%       8.0 ms/query  6.33 att/step  1.29 ms/att  exits [0, 6, 0, 0]
  mesh_lattice    16    point m=   3969: worst err same-grid   7.156%  refined   7.156% (FOM 0.000%)  vs dense   0.011%      22.6 ms/query  6.33 att/step  3.46 ms/att  exits [0, 6, 0, 0]
  eq_nnls         1024  point m=   1024: worst err same-grid   7.156%  refined   7.156% (FOM 0.000%)  vs dense   0.001%       8.2 ms/query  6.33 att/step  1.30 ms/att  exits [0, 6, 0, 0]
  eq_nnls         2048  point m=   2048: worst err same-grid   7.156%  refined   7.156% (FOM 0.000%)  vs dense   0.000%      11.9 ms/query  6.33 att/step  2.00 ms/att  exits [0, 6, 0, 0]
  gauss_tensor    16    point m=    256: worst err same-grid   7.154%  refined   7.154% (FOM 0.000%)  vs dense   0.113%       3.6 ms/query  6.33 att/step  0.55 ms/att  exits [0, 6, 0, 0]
  gauss_tensor    32    point m=   1024: worst err same-grid   7.156%  refined   7.156% (FOM 0.000%)  vs dense   0.016%       5.5 ms/query  6.33 att/step  0.87 ms/att  exits [0, 6, 0, 0]
  smolyak_cc      6     point m=    193: worst err same-grid   7.230%  refined   7.230% (FOM 0.000%)  vs dense   1.289%       4.7 ms/query  6.17 att/step  0.73 ms/att  exits [0, 6, 0, 0]
  smolyak_cc      8     point m=   1025: worst err same-grid   7.164%  refined   7.164% (FOM 0.000%)  vs dense   0.189%       3.9 ms/query  6.33 att/step  0.63 ms/att  exits [0, 6, 0, 0]
  sobol           1024  point m=   1024: worst err same-grid   7.154%  refined   7.154% (FOM 0.000%)  vs dense   0.021%       5.8 ms/query  6.33 att/step  0.87 ms/att  exits [0, 6, 0, 0]
  halton          1024  point m=   1024: worst err same-grid   7.160%  refined   7.160% (FOM 0.000%)  vs dense   0.091%       6.0 ms/query  6.17 att/step  1.02 ms/att  exits [0, 6, 0, 0]
  sobol           4096  point m=   4096: worst err same-grid   7.156%  refined   7.156% (FOM 0.000%)  vs dense   0.002%      10.3 ms/query  6.33 att/step  2.00 ms/att  exits [0, 6, 0, 0]
  halton          4096  point m=   4096: worst err same-grid   7.155%  refined   7.155% (FOM 0.000%)  vs dense   0.017%       9.9 ms/query  6.33 att/step  1.78 ms/att  exits [0, 6, 0, 0]
  fibonacci       16    point m=    987: worst err same-grid   7.156%  refined   7.156% (FOM 0.000%)  vs dense   0.004%       8.2 ms/query  6.33 att/step  1.22 ms/att  exits [0, 6, 0, 0]
  fibonacci_tent  16    point m=    987: worst err same-grid   7.156%  refined   7.156% (FOM 0.000%)  vs dense   0.005%       4.5 ms/query  6.33 att/step  0.73 ms/att  exits [0, 6, 0, 0]
  fibonacci       19    point m=   4181: worst err same-grid   7.156%  refined   7.156% (FOM 0.000%)  vs dense   0.000%       9.7 ms/query  6.33 att/step  1.47 ms/att  exits [0, 6, 0, 0]
  fibonacci_tent  19    point m=   4181: worst err same-grid   7.156%  refined   7.156% (FOM 0.000%)  vs dense   0.002%      11.0 ms/query  6.33 att/step  1.80 ms/att  exits [0, 6, 0, 0]
== bratu N=1024 q=64 M=320 (offline 1.7s)
  mesh_lattice    32    point m=    961: worst err same-grid   1.153%  refined   1.153% (FOM 0.000%)  vs dense     nan%      15.2 ms/query  3.67 att/step  3.89 ms/att  exits [0, 6, 0, 0]
  mesh_lattice    16    point m=   3969: worst err same-grid   1.153%  refined   1.153% (FOM 0.000%)  vs dense     nan%      26.6 ms/query  3.67 att/step  7.24 ms/att  exits [0, 6, 0, 0]
  eq_nnls         1024  point m=   1024: worst err same-grid   1.153%  refined   1.153% (FOM 0.000%)  vs dense     nan%      17.6 ms/query  3.67 att/step  4.58 ms/att  exits [0, 6, 0, 0]
  eq_nnls         2048  point m=   2048: worst err same-grid   1.153%  refined   1.153% (FOM 0.000%)  vs dense     nan%      22.9 ms/query  3.67 att/step  5.98 ms/att  exits [0, 6, 0, 0]
  gauss_tensor    16    point m=    256: worst err same-grid   1.150%  refined   1.150% (FOM 0.000%)  vs dense     nan%       8.7 ms/query  3.50 att/step  2.39 ms/att  exits [0, 6, 0, 0]
  gauss_tensor    32    point m=   1024: worst err same-grid   1.153%  refined   1.153% (FOM 0.000%)  vs dense     nan%      11.4 ms/query  3.67 att/step  2.95 ms/att  exits [0, 6, 0, 0]
  smolyak_cc      6     point m=    193: worst err same-grid   1.536%  refined   1.536% (FOM 0.000%)  vs dense     nan%       8.5 ms/query  6.17 att/step  1.38 ms/att  exits [0, 6, 0, 0]
  smolyak_cc      8     point m=   1025: worst err same-grid   1.153%  refined   1.153% (FOM 0.000%)  vs dense     nan%      10.5 ms/query  3.67 att/step  3.14 ms/att  exits [0, 6, 0, 0]
  sobol           1024  point m=   1024: worst err same-grid   1.153%  refined   1.153% (FOM 0.000%)  vs dense     nan%      12.5 ms/query  3.67 att/step  3.46 ms/att  exits [0, 6, 0, 0]
  halton          1024  point m=   1024: worst err same-grid   1.157%  refined   1.157% (FOM 0.000%)  vs dense     nan%      13.5 ms/query  3.50 att/step  3.56 ms/att  exits [0, 6, 0, 0]
  sobol           4096  point m=   4096: worst err same-grid   1.153%  refined   1.153% (FOM 0.000%)  vs dense     nan%      26.0 ms/query  3.67 att/step  6.78 ms/att  exits [0, 6, 0, 0]
  halton          4096  point m=   4096: worst err same-grid   1.154%  refined   1.154% (FOM 0.000%)  vs dense     nan%      22.7 ms/query  3.50 att/step  6.36 ms/att  exits [0, 6, 0, 0]
  fibonacci       16    point m=    987: worst err same-grid   1.153%  refined   1.153% (FOM 0.000%)  vs dense     nan%      12.0 ms/query  3.67 att/step  3.14 ms/att  exits [0, 6, 0, 0]
  fibonacci_tent  16    point m=    987: worst err same-grid   1.153%  refined   1.153% (FOM 0.000%)  vs dense     nan%      10.2 ms/query  3.67 att/step  2.87 ms/att  exits [0, 6, 0, 0]
  fibonacci       19    point m=   4181: worst err same-grid   1.153%  refined   1.153% (FOM 0.000%)  vs dense     nan%      23.9 ms/query  3.67 att/step  6.51 ms/att  exits [0, 6, 0, 0]
  fibonacci_tent  19    point m=   4181: worst err same-grid   1.153%  refined   1.153% (FOM 0.000%)  vs dense     nan%      21.8 ms/query  3.67 att/step  5.58 ms/att  exits [0, 6, 0, 0]
done
