== bratu: reached states from dense reduced rollouts at N=256
  dense q=0 M=64 case 0: err same-grid 1.891% refined 1.891% (FOM 0.002%) its/step 4.0 exits [0, 1, 0, 0] wall 7.5s
  dense q=0 M=64 case 1: err same-grid 5.232% refined 5.231% (FOM 0.003%) its/step 9.0 exits [0, 1, 0, 0] wall 0.4s
  dense q=0 M=64 case 2: err same-grid 7.158% refined 7.157% (FOM 0.004%) its/step 8.0 exits [0, 1, 0, 0] wall 0.4s
  dense q=0 M=64 case 3: err same-grid 3.467% refined 3.466% (FOM 0.002%) its/step 11.0 exits [0, 1, 0, 0] wall 0.5s
  dense q=0 M=64 case 4: err same-grid 2.160% refined 2.160% (FOM 0.002%) its/step 3.0 exits [0, 1, 0, 0] wall 0.2s
  dense q=0 M=64 case 5: err same-grid 1.350% refined 1.350% (FOM 0.002%) its/step 3.0 exits [0, 1, 0, 0] wall 0.2s
  dense q=64 M=320 case 0: err same-grid 0.688% refined 0.688% (FOM 0.002%) its/step 4.0 exits [0, 1, 0, 0] wall 7.6s
  dense q=64 M=320 case 1: err same-grid 0.407% refined 0.407% (FOM 0.003%) its/step 4.0 exits [0, 1, 0, 0] wall 0.4s
  dense q=64 M=320 case 2: err same-grid 1.113% refined 1.113% (FOM 0.004%) its/step 4.0 exits [0, 1, 0, 0] wall 0.4s
  dense q=64 M=320 case 3: err same-grid 1.153% refined 1.153% (FOM 0.002%) its/step 4.0 exits [0, 1, 0, 0] wall 0.3s
  dense q=64 M=320 case 4: err same-grid 0.502% refined 0.502% (FOM 0.002%) its/step 3.0 exits [0, 1, 0, 0] wall 0.3s
  dense q=64 M=320 case 5: err same-grid 0.399% refined 0.399% (FOM 0.002%) its/step 3.0 exits [0, 1, 0, 0] wall 0.3s
  12 reached states kept
  reference check: GL200 vs GL300 rho max 6.60e-08
== off-mesh rules vs continuum reference (mesh-independent)
  [point] gauss_tensor     6     m=    36  rho(M=320) med 3.70e+00 max 3.77e+00 | rho(M=64) med 1.66e+00 max 1.70e+00
  [point] gauss_tensor     8     m=    64  rho(M=320) med 2.50e+00 max 2.58e+00 | rho(M=64) med 3.63e-01 max 4.14e-01
  [point] gauss_tensor     12    m=   144  rho(M=320) med 1.64e+00 max 1.71e+00 | rho(M=64) med 4.51e-03 max 9.04e-03
  [point] gauss_tensor     16    m=   256  rho(M=320) med 3.37e-01 max 3.87e-01 | rho(M=64) med 2.21e-03 max 7.68e-03
  [point] gauss_tensor     24    m=   576  rho(M=320) med 2.92e-03 max 5.78e-03 | rho(M=64) med 1.17e-03 max 3.42e-03
  [point] gauss_tensor     32    m=  1024  rho(M=320) med 1.65e-03 max 4.45e-03 | rho(M=64) med 6.30e-04 max 1.71e-03
  [point] gauss_tensor     48    m=  2304  rho(M=320) med 3.09e-04 max 1.14e-03 | rho(M=64) med 1.03e-04 max 4.01e-04
  [point] gauss_tensor     64    m=  4096  rho(M=320) med 8.54e-05 max 3.61e-04 | rho(M=64) med 3.20e-05 max 1.32e-04
  [point] smolyak_cc       3     m=    13  rho(M=320) med 1.18e+01 max 1.26e+01 | rho(M=64) med 5.94e+00 max 6.32e+00
  [point] smolyak_cc       4     m=    33  rho(M=320) med 1.08e+01 max 1.18e+01 | rho(M=64) med 3.34e+00 max 3.72e+00
  [point] smolyak_cc       5     m=    81  rho(M=320) med 6.66e+00 max 7.22e+00 | rho(M=64) med 1.80e+00 max 1.95e+00
  [point] smolyak_cc       6     m=   193  rho(M=320) med 4.04e+00 max 4.23e+00 | rho(M=64) med 1.96e-01 max 2.41e-01
  [point] smolyak_cc       7     m=   449  rho(M=320) med 1.96e+00 max 2.04e+00 | rho(M=64) med 1.84e-02 max 5.76e-02
  [point] smolyak_cc       8     m=  1025  rho(M=320) med 1.46e-01 max 1.91e-01 | rho(M=64) med 6.19e-03 max 2.35e-02
  [point] smolyak_cc       9     m=  2305  rho(M=320) med 5.71e-03 max 2.45e-02 | rho(M=64) med 2.35e-03 max 8.73e-03
  [point] smolyak_cc       10    m=  5121  rho(M=320) med 1.95e-03 max 7.55e-03 | rho(M=64) med 6.32e-04 max 1.42e-03
  [point] smolyak_gl_exp   3     m=    73  rho(M=320) med 9.48e+00 max 1.01e+01 | rho(M=64) med 2.74e+00 max 3.01e+00
  [point] smolyak_gl_exp   4     m=   221  rho(M=320) med 4.82e+00 max 5.12e+00 | rho(M=64) med 4.34e-01 max 5.15e-01
  [point] smolyak_gl_exp   5     m=   609  rho(M=320) med 2.21e+00 max 2.30e+00 | rho(M=64) med 2.62e-02 max 7.59e-02
  [point] smolyak_gl_exp   6     m=  1573  rho(M=320) med 2.68e-01 max 3.33e-01 | rho(M=64) med 7.03e-03 max 2.87e-02
  [point] smolyak_gl_exp   7     m=  3881  rho(M=320) med 6.75e-03 max 2.70e-02 | rho(M=64) med 2.58e-03 max 9.46e-03
  [point] smolyak_gl_exp   8     m=  9261  rho(M=320) med 2.06e-03 max 8.18e-03 | rho(M=64) med 6.71e-04 max 1.67e-03
  [point] smolyak_gl_exp   9     m= 21553  rho(M=320) med 5.03e-04 max 1.75e-03 | rho(M=64) med 1.78e-04 max 5.01e-04
  [point] smolyak_gl_lin   6     m=   305  rho(M=320) med 8.78e+00 max 9.07e+00 | rho(M=64) med 1.13e-01 max 1.79e-01
  [point] smolyak_gl_lin   10    m=  1361  rho(M=320) med 1.78e+00 max 1.83e+00 | rho(M=64) med 1.27e-02 max 3.58e-02
  [point] smolyak_gl_lin   14    m=  3697  rho(M=320) med 2.89e-02 max 6.69e-02 | rho(M=64) med 1.05e-02 max 3.55e-02
  [point] smolyak_gl_lin   18    m=  7825  rho(M=320) med 1.66e-02 max 4.81e-02 | rho(M=64) med 8.24e-03 max 2.33e-02
  [point] smolyak_gl_lin   22    m= 14257  rho(M=320) med 1.21e-02 max 2.94e-02 | rho(M=64) med 3.86e-03 max 9.08e-03
  [point] smolyak_gl_lin   26    m= 23505  rho(M=320) med 6.16e-03 max 1.62e-02 | rho(M=64) med 2.27e-03 max 5.61e-03
  [point] smolyak_gl_lin   30    m= 36081  rho(M=320) med 3.40e-03 max 9.53e-03 | rho(M=64) med 1.30e-03 max 4.95e-03
  [point] smolyak_gl_lin   34    m= 52497  rho(M=320) med 1.95e-03 max 5.22e-03 | rho(M=64) med 6.11e-04 max 1.94e-03
  [point] smolyak_gl_lin   38    m= 73265  rho(M=320) med 1.69e-03 max 6.27e-03 | rho(M=64) med 6.62e-04 max 2.66e-03
  [point] sobol            256   m=   256  rho(M=320) med 7.38e-01 max 7.40e-01 | rho(M=64) med 9.37e-02 max 9.72e-02
  [point] halton           256   m=   256  rho(M=320) med 6.41e-01 max 6.48e-01 | rho(M=64) med 2.08e-01 max 2.33e-01
  [point] mc               256   m=   256  rho(M=320) med 1.16e+00 max 1.19e+00 | rho(M=64) med 5.21e-01 max 5.26e-01
  [point] sobol            512   m=   512  rho(M=320) med 3.42e-01 max 3.50e-01 | rho(M=64) med 3.91e-02 max 4.19e-02
  [point] halton           512   m=   512  rho(M=320) med 3.87e-01 max 3.89e-01 | rho(M=64) med 6.05e-02 max 6.23e-02
  [point] mc               512   m=   512  rho(M=320) med 8.55e-01 max 8.64e-01 | rho(M=64) med 4.14e-01 max 4.20e-01
  [point] sobol            1024  m=  1024  rho(M=320) med 1.43e-01 max 1.46e-01 | rho(M=64) med 8.09e-03 max 8.76e-03
  [point] halton           1024  m=  1024  rho(M=320) med 2.09e-01 max 2.14e-01 | rho(M=64) med 2.65e-02 max 2.75e-02
  [point] mc               1024  m=  1024  rho(M=320) med 5.60e-01 max 5.70e-01 | rho(M=64) med 2.73e-01 max 2.77e-01
  [point] sobol            2048  m=  2048  rho(M=320) med 8.84e-02 max 9.24e-02 | rho(M=64) med 7.19e-03 max 7.29e-03
  [point] halton           2048  m=  2048  rho(M=320) med 9.96e-02 max 1.02e-01 | rho(M=64) med 2.23e-02 max 2.27e-02
  [point] mc               2048  m=  2048  rho(M=320) med 4.33e-01 max 4.40e-01 | rho(M=64) med 2.26e-01 max 2.34e-01
  [point] sobol            4096  m=  4096  rho(M=320) med 1.93e-02 max 1.98e-02 | rho(M=64) med 4.49e-03 max 4.76e-03
  [point] halton           4096  m=  4096  rho(M=320) med 6.33e-02 max 6.34e-02 | rho(M=64) med 1.07e-02 max 1.10e-02
  [point] mc               4096  m=  4096  rho(M=320) med 3.22e-01 max 3.28e-01 | rho(M=64) med 1.63e-01 max 1.75e-01
  [point] sobol            8192  m=  8192  rho(M=320) med 4.28e-03 max 4.41e-03 | rho(M=64) med 1.18e-04 max 1.42e-04
  [point] halton           8192  m=  8192  rho(M=320) med 2.59e-02 max 2.62e-02 | rho(M=64) med 5.22e-03 max 5.81e-03
  [point] mc               8192  m=  8192  rho(M=320) med 2.33e-01 max 2.36e-01 | rho(M=64) med 1.22e-01 max 1.35e-01
  [point] fibonacci        12    m=   144  rho(M=320) med 2.90e-01 max 3.31e-01 | rho(M=64) med 8.74e-03 max 1.03e-02
  [point] fibonacci_tent   12    m=   144  rho(M=320) med 1.20e+00 max 1.21e+00 | rho(M=64) med 6.64e-02 max 8.03e-02
  [point] fibonacci        13    m=   233  rho(M=320) med 6.18e-02 max 7.49e-02 | rho(M=64) med 3.37e-03 max 5.94e-03
  [point] fibonacci_tent   13    m=   233  rho(M=320) med 1.33e+00 max 1.35e+00 | rho(M=64) med 4.92e-02 max 5.97e-02
  [point] fibonacci        14    m=   377  rho(M=320) med 2.04e-02 max 2.47e-02 | rho(M=64) med 1.48e-03 max 2.55e-03
  [point] fibonacci_tent   14    m=   377  rho(M=320) med 2.48e-01 max 2.76e-01 | rho(M=64) med 1.68e-02 max 2.05e-02
  [point] fibonacci        15    m=   610  rho(M=320) med 7.86e-03 max 9.43e-03 | rho(M=64) med 6.44e-04 max 1.01e-03
  [point] fibonacci_tent   15    m=   610  rho(M=320) med 1.11e-01 max 1.36e-01 | rho(M=64) med 6.02e-03 max 7.37e-03
  [point] fibonacci        16    m=   987  rho(M=320) med 3.24e-03 max 3.86e-03 | rho(M=64) med 2.50e-04 max 6.03e-04
  [point] fibonacci_tent   16    m=   987  rho(M=320) med 3.45e-02 max 4.16e-02 | rho(M=64) med 2.70e-03 max 3.33e-03
  [point] fibonacci        17    m=  1597  rho(M=320) med 1.02e-03 max 1.22e-03 | rho(M=64) med 8.16e-05 max 2.37e-04
  [point] fibonacci_tent   17    m=  1597  rho(M=320) med 1.26e-02 max 1.52e-02 | rho(M=64) med 8.28e-04 max 1.03e-03
  [point] fibonacci        18    m=  2584  rho(M=320) med 3.85e-04 max 4.57e-04 | rho(M=64) med 2.55e-05 max 5.00e-05
  [point] fibonacci_tent   18    m=  2584  rho(M=320) med 3.02e-03 max 3.69e-03 | rho(M=64) med 3.59e-04 max 6.94e-04
  [point] fibonacci        19    m=  4181  rho(M=320) med 1.60e-04 max 1.93e-04 | rho(M=64) med 1.15e-05 max 1.77e-05
  [point] fibonacci_tent   19    m=  4181  rho(M=320) med 1.50e-03 max 1.80e-03 | rho(M=64) med 1.15e-04 max 3.24e-04
  [point] fibonacci        20    m=  6765  rho(M=320) med 6.15e-05 max 7.42e-05 | rho(M=64) med 4.40e-06 max 5.30e-06
  [point] fibonacci_tent   20    m=  6765  rho(M=320) med 6.89e-04 max 8.25e-04 | rho(M=64) med 4.02e-05 max 8.95e-05
== mesh N=128
  mesh-vs-continuum gap (continuum ref vs dense upwind at N): med 1.82e-03 max 2.20e-03
  dense q=0: 5.57 ms per residual+Jacobian
  dense q=64: 12.27 ms per residual+Jacobian
  mesh_lattice stride 16 m=49: rho(M=320) med 1.93e+00 max 1.95e+00 | fast max 2.35e-01
  mesh_lattice stride 8 m=225: rho(M=320) med 1.36e-01 max 1.65e-01 | fast max 5.10e-02
  mesh_lattice stride 4 m=961: rho(M=320) med 2.83e-02 max 3.41e-02 | fast max 1.19e-02
  mesh_lattice stride 2 m=3969: rho(M=320) med 5.51e-03 max 6.65e-03 | fast max 2.36e-03
  EQ fit matrix (7680, 8192)
  eq_nnls m=256 support 256 (fit res 8.95e-02, 8s): rho(M=320) med 8.82e-02 max 9.40e-02 | fast max 2.66e-02
  eq_nnls m=512 support 512 (fit res 1.05e-03, 102s): rho(M=320) med 1.93e-03 max 3.55e-03 | fast max 1.75e-03
  eq_nnls m=1024 support 1024 (fit res 9.98e-05, 208s): rho(M=320) med 2.37e-04 max 7.54e-04 | fast max 1.97e-04
  eq_nnls m=2048 support 2048 (fit res 3.29e-06, 1425s): rho(M=320) med 2.40e-05 max 8.76e-05 | fast max 3.28e-05
  time sobol:1024 m=1024 q=0: 0.60 ms per residual+Jacobian
  time sobol:1024 m=1024 q=64: 1.22 ms per residual+Jacobian
  time sobol:4096 m=4096 q=0: 2.28 ms per residual+Jacobian
  time sobol:4096 m=4096 q=64: 2.89 ms per residual+Jacobian
  time smolyak_cc:7 m=449 q=0: 0.45 ms per residual+Jacobian
  time smolyak_cc:7 m=449 q=64: 0.97 ms per residual+Jacobian
  time gauss_tensor:32 m=1024 q=0: 0.49 ms per residual+Jacobian
  time gauss_tensor:32 m=1024 q=64: 1.02 ms per residual+Jacobian
== mesh N=256
  mesh-vs-continuum gap (continuum ref vs dense upwind at N): med 4.55e-04 max 5.48e-04
  dense q=0: 4.52 ms per residual+Jacobian
  dense q=64: 11.71 ms per residual+Jacobian
  mesh_lattice stride 32 m=49: rho(M=320) med 1.92e+00 max 1.95e+00 | fast max 2.35e-01
  mesh_lattice stride 16 m=225: rho(M=320) med 1.38e-01 max 1.67e-01 | fast max 5.16e-02
  mesh_lattice stride 8 m=961: rho(M=320) med 2.97e-02 max 3.58e-02 | fast max 1.25e-02
  mesh_lattice stride 4 m=3969: rho(M=320) med 6.88e-03 max 8.30e-03 | fast max 2.95e-03
  EQ fit matrix (7680, 8192)
  eq_nnls m=256 support 256 (fit res 7.63e-02, 5s): rho(M=320) med 7.53e-02 max 8.73e-02 | fast max 2.28e-02
  eq_nnls m=512 support 512 (fit res 1.04e-03, 61s): rho(M=320) med 1.98e-03 max 3.85e-03 | fast max 1.99e-03
  eq_nnls m=1024 support 1024 (fit res 9.29e-05, 176s): rho(M=320) med 2.49e-04 max 7.28e-04 | fast max 2.54e-04
  eq_nnls m=2048 support 2048 (fit res 5.80e-06, 1031s): rho(M=320) med 3.79e-05 max 1.54e-04 | fast max 4.66e-05
  time sobol:1024 m=1024 q=0: 0.39 ms per residual+Jacobian
  time sobol:1024 m=1024 q=64: 0.91 ms per residual+Jacobian
  time sobol:4096 m=4096 q=0: 2.18 ms per residual+Jacobian
  time sobol:4096 m=4096 q=64: 2.17 ms per residual+Jacobian
  time smolyak_cc:7 m=449 q=0: 0.34 ms per residual+Jacobian
  time smolyak_cc:7 m=449 q=64: 0.58 ms per residual+Jacobian
  time gauss_tensor:32 m=1024 q=0: 0.38 ms per residual+Jacobian
  time gauss_tensor:32 m=1024 q=64: 0.87 ms per residual+Jacobian
== mesh N=512
  mesh-vs-continuum gap (continuum ref vs dense upwind at N): med 1.14e-04 max 1.37e-04
  dense q=0: 16.59 ms per residual+Jacobian
  dense q=64: 36.42 ms per residual+Jacobian
  mesh_lattice stride 64 m=49: rho(M=320) med 1.92e+00 max 1.95e+00 | fast max 2.35e-01
  mesh_lattice stride 32 m=225: rho(M=320) med 1.38e-01 max 1.67e-01 | fast max 5.17e-02
  mesh_lattice stride 16 m=961: rho(M=320) med 3.00e-02 max 3.62e-02 | fast max 1.26e-02
  mesh_lattice stride 8 m=3969: rho(M=320) med 7.22e-03 max 8.71e-03 | fast max 3.10e-03
  EQ fit matrix (7680, 8192)
  eq_nnls m=256 support 256 (fit res 6.80e-02, 5s): rho(M=320) med 6.31e-02 max 7.77e-02 | fast max 1.74e-02
  eq_nnls m=512 support 512 (fit res 1.10e-03, 57s): rho(M=320) med 2.18e-03 max 4.23e-03 | fast max 2.19e-03
  eq_nnls m=1024 support 1024 (fit res 9.64e-05, 258s): rho(M=320) med 2.49e-04 max 7.36e-04 | fast max 2.67e-04
  eq_nnls m=2048 support 2048 (fit res 7.60e-06, 1904s): rho(M=320) med 4.19e-05 max 1.98e-04 | fast max 8.17e-05
  time sobol:1024 m=1024 q=0: 0.45 ms per residual+Jacobian
  time sobol:1024 m=1024 q=64: 0.98 ms per residual+Jacobian
  time sobol:4096 m=4096 q=0: 1.85 ms per residual+Jacobian
  time sobol:4096 m=4096 q=64: 2.28 ms per residual+Jacobian
  time smolyak_cc:7 m=449 q=0: 0.33 ms per residual+Jacobian
  time smolyak_cc:7 m=449 q=64: 0.69 ms per residual+Jacobian
  time gauss_tensor:32 m=1024 q=0: 0.47 ms per residual+Jacobian
  time gauss_tensor:32 m=1024 q=64: 1.00 ms per residual+Jacobian
== mesh N=1024
  mesh-vs-continuum gap (continuum ref vs dense upwind at N): med 2.84e-05 max 3.43e-05
  dense q=0: 72.91 ms per residual+Jacobian
  dense q=64: 152.57 ms per residual+Jacobian
  mesh_lattice stride 128 m=49: rho(M=320) med 1.92e+00 max 1.95e+00 | fast max 2.35e-01
  mesh_lattice stride 64 m=225: rho(M=320) med 1.38e-01 max 1.67e-01 | fast max 5.17e-02
  mesh_lattice stride 32 m=961: rho(M=320) med 3.01e-02 max 3.63e-02 | fast max 1.26e-02
  mesh_lattice stride 16 m=3969: rho(M=320) med 7.30e-03 max 8.81e-03 | fast max 3.13e-03
  EQ fit matrix (7680, 8192)
  eq_nnls m=256 support 256 (fit res 7.92e-02, 6s): rho(M=320) med 7.52e-02 max 8.96e-02 | fast max 2.74e-02
  eq_nnls m=512 support 512 (fit res 1.14e-03, 65s): rho(M=320) med 2.19e-03 max 4.40e-03 | fast max 1.89e-03
  eq_nnls m=1024 support 1024 (fit res 1.02e-04, 219s): rho(M=320) med 2.73e-04 max 6.94e-04 | fast max 1.61e-04
  eq_nnls m=2048 support 2048 (fit res 1.13e-05, 2258s): rho(M=320) med 5.57e-05 max 4.82e-04 | fast max 1.02e-04
  time sobol:1024 m=1024 q=0: 0.88 ms per residual+Jacobian
  time sobol:1024 m=1024 q=64: 1.73 ms per residual+Jacobian
  time sobol:4096 m=4096 q=0: 0.97 ms per residual+Jacobian
  time sobol:4096 m=4096 q=64: 4.38 ms per residual+Jacobian
  time smolyak_cc:7 m=449 q=0: 0.16 ms per residual+Jacobian
  time smolyak_cc:7 m=449 q=64: 0.59 ms per residual+Jacobian
  time gauss_tensor:32 m=1024 q=0: 0.63 ms per residual+Jacobian
  time gauss_tensor:32 m=1024 q=64: 1.67 ms per residual+Jacobian
done
== bratu N=128 q=0 M=64 (offline 0.5s)
  dense           0     point m=  16129: worst err same-grid   7.166%  refined   7.158% (FOM 0.016%)  vs dense   0.000%      19.2 ms/query  6.33 att/step  3.02 ms/att  exits [0, 6, 0, 0]
  mesh_lattice    4     point m=    961: worst err same-grid   7.166%  refined   7.158% (FOM 0.016%)  vs dense   0.050%       9.7 ms/query  6.33 att/step  1.42 ms/att  exits [0, 6, 0, 0]
  mesh_lattice    2     point m=   3969: worst err same-grid   7.166%  refined   7.158% (FOM 0.016%)  vs dense   0.010%      38.5 ms/query  6.33 att/step  5.58 ms/att  exits [0, 6, 0, 0]
  eq_nnls         1024  point m=   1024: worst err same-grid   7.166%  refined   7.158% (FOM 0.016%)  vs dense   0.001%      10.5 ms/query  6.33 att/step  1.80 ms/att  exits [0, 6, 0, 0]
  eq_nnls         2048  point m=   2048: worst err same-grid   7.166%  refined   7.158% (FOM 0.016%)  vs dense   0.000%      16.4 ms/query  6.33 att/step  2.40 ms/att  exits [0, 6, 0, 0]
  gauss_tensor    16    point m=    256: worst err same-grid   7.164%  refined   7.156% (FOM 0.016%)  vs dense   0.111%       4.2 ms/query  6.33 att/step  0.63 ms/att  exits [0, 6, 0, 0]
  gauss_tensor    32    point m=   1024: worst err same-grid   7.167%  refined   7.159% (FOM 0.016%)  vs dense   0.018%       8.9 ms/query  6.33 att/step  1.46 ms/att  exits [0, 6, 0, 0]
  smolyak_cc      6     point m=    193: worst err same-grid   7.240%  refined   7.232% (FOM 0.016%)  vs dense   1.294%       3.7 ms/query  6.17 att/step  0.80 ms/att  exits [0, 6, 0, 0]
  smolyak_cc      8     point m=   1025: worst err same-grid   7.174%  refined   7.166% (FOM 0.016%)  vs dense   0.191%       9.0 ms/query  6.33 att/step  1.36 ms/att  exits [0, 6, 0, 0]
  sobol           1024  point m=   1024: worst err same-grid   7.165%  refined   7.156% (FOM 0.016%)  vs dense   0.026%      11.8 ms/query  6.33 att/step  2.93 ms/att  exits [0, 6, 0, 0]
  halton          1024  point m=   1024: worst err same-grid   7.171%  refined   7.162% (FOM 0.016%)  vs dense   0.122%      11.1 ms/query  6.33 att/step  1.63 ms/att  exits [0, 6, 0, 0]
  sobol           4096  point m=   4096: worst err same-grid   7.166%  refined   7.158% (FOM 0.016%)  vs dense   0.005%      12.3 ms/query  6.33 att/step  2.18 ms/att  exits [0, 6, 0, 0]
  halton          4096  point m=   4096: worst err same-grid   7.166%  refined   7.157% (FOM 0.016%)  vs dense   0.019%      11.8 ms/query  6.33 att/step  1.78 ms/att  exits [0, 6, 0, 0]
  fibonacci       16    point m=    987: worst err same-grid   7.166%  refined   7.158% (FOM 0.016%)  vs dense   0.003%       4.2 ms/query  6.33 att/step  0.77 ms/att  exits [0, 6, 0, 0]
  fibonacci_tent  16    point m=    987: worst err same-grid   7.166%  refined   7.158% (FOM 0.016%)  vs dense   0.010%       5.5 ms/query  6.33 att/step  0.87 ms/att  exits [0, 6, 0, 0]
  fibonacci       19    point m=   4181: worst err same-grid   7.166%  refined   7.158% (FOM 0.016%)  vs dense   0.003%      12.4 ms/query  6.33 att/step  2.05 ms/att  exits [0, 6, 0, 0]
  fibonacci_tent  19    point m=   4181: worst err same-grid   7.166%  refined   7.158% (FOM 0.016%)  vs dense   0.004%      11.5 ms/query  6.33 att/step  1.93 ms/att  exits [0, 6, 0, 0]
== bratu N=128 q=64 M=320 (offline 0.7s)
  dense           0     point m=  16129: worst err same-grid   1.153%  refined   1.153% (FOM 0.016%)  vs dense   0.000%      28.0 ms/query  3.67 att/step  8.26 ms/att  exits [0, 6, 0, 0]
  mesh_lattice    4     point m=    961: worst err same-grid   1.153%  refined   1.153% (FOM 0.016%)  vs dense   0.053%      19.3 ms/query  3.67 att/step  5.38 ms/att  exits [0, 6, 0, 0]
  mesh_lattice    2     point m=   3969: worst err same-grid   1.153%  refined   1.153% (FOM 0.016%)  vs dense   0.011%      29.6 ms/query  3.67 att/step  7.72 ms/att  exits [0, 6, 0, 0]
  eq_nnls         1024  point m=   1024: worst err same-grid   1.152%  refined   1.153% (FOM 0.016%)  vs dense   0.000%      29.3 ms/query  3.67 att/step  7.87 ms/att  exits [0, 6, 0, 0]
  eq_nnls         2048  point m=   2048: worst err same-grid   1.153%  refined   1.153% (FOM 0.016%)  vs dense   0.000%      28.0 ms/query  3.67 att/step  7.77 ms/att  exits [0, 6, 0, 0]
  gauss_tensor    16    point m=    256: worst err same-grid   1.150%  refined   1.150% (FOM 0.016%)  vs dense   0.037%       6.8 ms/query  3.50 att/step  2.20 ms/att  exits [0, 6, 0, 0]
  gauss_tensor    32    point m=   1024: worst err same-grid   1.153%  refined   1.153% (FOM 0.016%)  vs dense   0.008%      11.4 ms/query  3.67 att/step  2.94 ms/att  exits [0, 6, 0, 0]
  smolyak_cc      6     point m=    193: worst err same-grid   1.542%  refined   1.540% (FOM 0.016%)  vs dense   1.289%       8.1 ms/query  6.50 att/step  1.27 ms/att  exits [0, 6, 0, 0]
  smolyak_cc      8     point m=   1025: worst err same-grid   1.152%  refined   1.153% (FOM 0.016%)  vs dense   0.032%      12.2 ms/query  3.67 att/step  3.29 ms/att  exits [0, 6, 0, 0]
  sobol           1024  point m=   1024: worst err same-grid   1.153%  refined   1.153% (FOM 0.016%)  vs dense   0.025%      16.6 ms/query  3.67 att/step  4.35 ms/att  exits [0, 6, 0, 0]
  halton          1024  point m=   1024: worst err same-grid   1.157%  refined   1.157% (FOM 0.016%)  vs dense   0.129%      10.9 ms/query  3.50 att/step  3.32 ms/att  exits [0, 6, 0, 0]
  sobol           4096  point m=   4096: worst err same-grid   1.152%  refined   1.153% (FOM 0.016%)  vs dense   0.007%      28.3 ms/query  3.67 att/step  6.98 ms/att  exits [0, 6, 0, 0]
  halton          4096  point m=   4096: worst err same-grid   1.153%  refined   1.153% (FOM 0.016%)  vs dense   0.024%      27.9 ms/query  3.50 att/step  7.38 ms/att  exits [0, 6, 0, 0]
  fibonacci       16    point m=    987: worst err same-grid   1.152%  refined   1.153% (FOM 0.016%)  vs dense   0.004%      13.8 ms/query  3.67 att/step  3.68 ms/att  exits [0, 6, 0, 0]
  fibonacci_tent  16    point m=    987: worst err same-grid   1.152%  refined   1.153% (FOM 0.016%)  vs dense   0.007%      13.7 ms/query  3.67 att/step  4.85 ms/att  exits [0, 6, 0, 0]
  fibonacci       19    point m=   4181: worst err same-grid   1.153%  refined   1.153% (FOM 0.016%)  vs dense   0.004%      27.2 ms/query  3.67 att/step  7.37 ms/att  exits [0, 6, 0, 0]
  fibonacci_tent  19    point m=   4181: worst err same-grid   1.152%  refined   1.153% (FOM 0.016%)  vs dense   0.004%      31.0 ms/query  3.67 att/step  8.74 ms/att  exits [0, 6, 0, 0]
== bratu N=256 q=0 M=64 (offline 0.5s)
  dense           0     point m=  65025: worst err same-grid   7.158%  refined   7.157% (FOM 0.004%)  vs dense   0.000%      62.6 ms/query  6.33 att/step  9.01 ms/att  exits [0, 6, 0, 0]
  mesh_lattice    8     point m=    961: worst err same-grid   7.159%  refined   7.157% (FOM 0.004%)  vs dense   0.052%       9.5 ms/query  6.33 att/step  1.35 ms/att  exits [0, 6, 0, 0]
  mesh_lattice    4     point m=   3969: worst err same-grid   7.158%  refined   7.156% (FOM 0.004%)  vs dense   0.013%      24.9 ms/query  6.33 att/step  4.46 ms/att  exits [0, 6, 0, 0]
  eq_nnls         1024  point m=   1024: worst err same-grid   7.158%  refined   7.157% (FOM 0.004%)  vs dense   0.003%       8.7 ms/query  6.33 att/step  1.66 ms/att  exits [0, 6, 0, 0]
  eq_nnls         2048  point m=   2048: worst err same-grid   7.158%  refined   7.157% (FOM 0.004%)  vs dense   0.000%      23.5 ms/query  6.33 att/step  3.10 ms/att  exits [0, 6, 0, 0]
  gauss_tensor    16    point m=    256: worst err same-grid   7.156%  refined   7.154% (FOM 0.004%)  vs dense   0.112%       5.2 ms/query  6.33 att/step  0.87 ms/att  exits [0, 6, 0, 0]
  gauss_tensor    32    point m=   1024: worst err same-grid   7.159%  refined   7.157% (FOM 0.004%)  vs dense   0.018%       7.1 ms/query  6.33 att/step  1.05 ms/att  exits [0, 6, 0, 0]
  smolyak_cc      6     point m=    193: worst err same-grid   7.232%  refined   7.230% (FOM 0.004%)  vs dense   1.290%       4.2 ms/query  6.17 att/step  0.67 ms/att  exits [0, 6, 0, 0]
  smolyak_cc      8     point m=   1025: worst err same-grid   7.167%  refined   7.165% (FOM 0.004%)  vs dense   0.189%       7.4 ms/query  6.33 att/step  1.08 ms/att  exits [0, 6, 0, 0]
  sobol           1024  point m=   1024: worst err same-grid   7.157%  refined   7.155% (FOM 0.004%)  vs dense   0.024%       6.0 ms/query  6.33 att/step  1.03 ms/att  exits [0, 6, 0, 0]
  halton          1024  point m=   1024: worst err same-grid   7.163%  refined   7.161% (FOM 0.004%)  vs dense   0.120%      14.5 ms/query  6.17 att/step  2.43 ms/att  exits [0, 6, 0, 0]
  sobol           4096  point m=   4096: worst err same-grid   7.158%  refined   7.156% (FOM 0.004%)  vs dense   0.003%      20.1 ms/query  6.33 att/step  3.50 ms/att  exits [0, 6, 0, 0]
  halton          4096  point m=   4096: worst err same-grid   7.158%  refined   7.156% (FOM 0.004%)  vs dense   0.021%      16.3 ms/query  6.33 att/step  2.46 ms/att  exits [0, 6, 0, 0]
  fibonacci       16    point m=    987: worst err same-grid   7.158%  refined   7.157% (FOM 0.004%)  vs dense   0.004%       6.7 ms/query  6.33 att/step  0.98 ms/att  exits [0, 6, 0, 0]
  fibonacci_tent  16    point m=    987: worst err same-grid   7.158%  refined   7.156% (FOM 0.004%)  vs dense   0.011%       6.2 ms/query  6.33 att/step  1.01 ms/att  exits [0, 6, 0, 0]
  fibonacci       19    point m=   4181: worst err same-grid   7.158%  refined   7.157% (FOM 0.004%)  vs dense   0.001%      11.9 ms/query  6.33 att/step  2.10 ms/att  exits [0, 6, 0, 0]
  fibonacci_tent  19    point m=   4181: worst err same-grid   7.158%  refined   7.157% (FOM 0.004%)  vs dense   0.002%      12.1 ms/query  6.33 att/step  2.04 ms/att  exits [0, 6, 0, 0]
== bratu N=256 q=64 M=320 (offline 0.3s)
  dense           0     point m=  65025: worst err same-grid   1.153%  refined   1.153% (FOM 0.004%)  vs dense   0.000%      83.5 ms/query  3.67 att/step  22.97 ms/att  exits [0, 6, 0, 0]
  mesh_lattice    8     point m=    961: worst err same-grid   1.153%  refined   1.153% (FOM 0.004%)  vs dense   0.056%      19.3 ms/query  3.67 att/step  5.10 ms/att  exits [0, 6, 0, 0]
  mesh_lattice    4     point m=   3969: worst err same-grid   1.153%  refined   1.153% (FOM 0.004%)  vs dense   0.013%      36.5 ms/query  3.67 att/step  9.67 ms/att  exits [0, 6, 0, 0]
  eq_nnls         1024  point m=   1024: worst err same-grid   1.153%  refined   1.153% (FOM 0.004%)  vs dense   0.001%      23.3 ms/query  3.67 att/step  5.76 ms/att  exits [0, 6, 0, 0]
  eq_nnls         2048  point m=   2048: worst err same-grid   1.153%  refined   1.153% (FOM 0.004%)  vs dense   0.000%      27.2 ms/query  3.67 att/step  7.09 ms/att  exits [0, 6, 0, 0]
  gauss_tensor    16    point m=    256: worst err same-grid   1.150%  refined   1.150% (FOM 0.004%)  vs dense   0.037%      11.7 ms/query  3.50 att/step  3.40 ms/att  exits [0, 6, 0, 0]
  gauss_tensor    32    point m=   1024: worst err same-grid   1.153%  refined   1.153% (FOM 0.004%)  vs dense   0.007%      11.8 ms/query  3.67 att/step  3.26 ms/att  exits [0, 6, 0, 0]
  smolyak_cc      6     point m=    193: worst err same-grid   1.537%  refined   1.537% (FOM 0.004%)  vs dense   1.283%      11.0 ms/query  6.17 att/step  1.64 ms/att  exits [0, 6, 0, 0]
  smolyak_cc      8     point m=   1025: worst err same-grid   1.153%  refined   1.153% (FOM 0.004%)  vs dense   0.030%      12.3 ms/query  3.67 att/step  3.31 ms/att  exits [0, 6, 0, 0]
  sobol           1024  point m=   1024: worst err same-grid   1.153%  refined   1.153% (FOM 0.004%)  vs dense   0.025%      13.7 ms/query  3.67 att/step  4.54 ms/att  exits [0, 6, 0, 0]
  halton          1024  point m=   1024: worst err same-grid   1.157%  refined   1.157% (FOM 0.004%)  vs dense   0.128%      15.3 ms/query  3.50 att/step  4.37 ms/att  exits [0, 6, 0, 0]
  sobol           4096  point m=   4096: worst err same-grid   1.153%  refined   1.153% (FOM 0.004%)  vs dense   0.006%      26.2 ms/query  3.67 att/step  7.51 ms/att  exits [0, 6, 0, 0]
  halton          4096  point m=   4096: worst err same-grid   1.154%  refined   1.154% (FOM 0.004%)  vs dense   0.025%      23.4 ms/query  3.50 att/step  6.37 ms/att  exits [0, 6, 0, 0]
  fibonacci       16    point m=    987: worst err same-grid   1.153%  refined   1.153% (FOM 0.004%)  vs dense   0.002%      12.4 ms/query  3.67 att/step  3.24 ms/att  exits [0, 6, 0, 0]
  fibonacci_tent  16    point m=    987: worst err same-grid   1.153%  refined   1.153% (FOM 0.004%)  vs dense   0.005%       9.6 ms/query  3.67 att/step  2.77 ms/att  exits [0, 6, 0, 0]
  fibonacci       19    point m=   4181: worst err same-grid   1.153%  refined   1.153% (FOM 0.004%)  vs dense   0.001%      25.5 ms/query  3.67 att/step  6.31 ms/att  exits [0, 6, 0, 0]
  fibonacci_tent  19    point m=   4181: worst err same-grid   1.153%  refined   1.153% (FOM 0.004%)  vs dense   0.001%      26.8 ms/query  3.67 att/step  6.69 ms/att  exits [0, 6, 0, 0]
== bratu N=512 q=0 M=64 (offline 1.0s)
  dense           0     point m= 261121: worst err same-grid   7.157%  refined   7.156% (FOM 0.001%)  vs dense   0.000%     135.1 ms/query  6.33 att/step  29.17 ms/att  exits [0, 6, 0, 0]
  mesh_lattice    16    point m=    961: worst err same-grid   7.157%  refined   7.156% (FOM 0.001%)  vs dense   0.053%      11.4 ms/query  6.33 att/step  1.70 ms/att  exits [0, 6, 0, 0]
  mesh_lattice    8     point m=   3969: worst err same-grid   7.156%  refined   7.156% (FOM 0.001%)  vs dense   0.013%      17.2 ms/query  6.33 att/step  2.90 ms/att  exits [0, 6, 0, 0]
  eq_nnls         1024  point m=   1024: worst err same-grid   7.157%  refined   7.156% (FOM 0.001%)  vs dense   0.002%       8.2 ms/query  6.33 att/step  1.27 ms/att  exits [0, 6, 0, 0]
  eq_nnls         2048  point m=   2048: worst err same-grid   7.157%  refined   7.156% (FOM 0.001%)  vs dense   0.001%      13.2 ms/query  6.33 att/step  2.04 ms/att  exits [0, 6, 0, 0]
  gauss_tensor    16    point m=    256: worst err same-grid   7.154%  refined   7.154% (FOM 0.001%)  vs dense   0.112%       5.3 ms/query  6.33 att/step  0.78 ms/att  exits [0, 6, 0, 0]
  gauss_tensor    32    point m=   1024: worst err same-grid   7.157%  refined   7.157% (FOM 0.001%)  vs dense   0.019%       6.5 ms/query  6.33 att/step  0.94 ms/att  exits [0, 6, 0, 0]
  smolyak_cc      6     point m=    193: worst err same-grid   7.230%  refined   7.230% (FOM 0.001%)  vs dense   1.289%       5.3 ms/query  6.17 att/step  0.80 ms/att  exits [0, 6, 0, 0]
  smolyak_cc      8     point m=   1025: worst err same-grid   7.165%  refined   7.164% (FOM 0.001%)  vs dense   0.189%       6.1 ms/query  6.33 att/step  1.00 ms/att  exits [0, 6, 0, 0]
  sobol           1024  point m=   1024: worst err same-grid   7.155%  refined   7.154% (FOM 0.001%)  vs dense   0.024%       5.5 ms/query  6.33 att/step  1.00 ms/att  exits [0, 6, 0, 0]
  halton          1024  point m=   1024: worst err same-grid   7.161%  refined   7.161% (FOM 0.001%)  vs dense   0.120%       7.0 ms/query  6.17 att/step  1.10 ms/att  exits [0, 6, 0, 0]
  sobol           4096  point m=   4096: worst err same-grid   7.156%  refined   7.156% (FOM 0.001%)  vs dense   0.003%      19.0 ms/query  6.33 att/step  2.85 ms/att  exits [0, 6, 0, 0]
  halton          4096  point m=   4096: worst err same-grid   7.156%  refined   7.156% (FOM 0.001%)  vs dense   0.021%      15.6 ms/query  6.33 att/step  2.69 ms/att  exits [0, 6, 0, 0]
  fibonacci       16    point m=    987: worst err same-grid   7.157%  refined   7.156% (FOM 0.001%)  vs dense   0.004%       7.0 ms/query  6.33 att/step  1.09 ms/att  exits [0, 6, 0, 0]
  fibonacci_tent  16    point m=    987: worst err same-grid   7.156%  refined   7.156% (FOM 0.001%)  vs dense   0.011%       6.4 ms/query  6.33 att/step  1.08 ms/att  exits [0, 6, 0, 0]
  fibonacci       19    point m=   4181: worst err same-grid   7.157%  refined   7.156% (FOM 0.001%)  vs dense   0.000%      14.0 ms/query  6.33 att/step  2.53 ms/att  exits [0, 6, 0, 0]
  fibonacci_tent  19    point m=   4181: worst err same-grid   7.157%  refined   7.156% (FOM 0.001%)  vs dense   0.002%       8.4 ms/query  6.33 att/step  1.44 ms/att  exits [0, 6, 0, 0]
== bratu N=512 q=64 M=320 (offline 0.5s)
  dense           0     point m= 261121: worst err same-grid   1.153%  refined   1.153% (FOM 0.001%)  vs dense   0.000%     180.0 ms/query  3.67 att/step  54.77 ms/att  exits [0, 6, 0, 0]
  mesh_lattice    16    point m=    961: worst err same-grid   1.153%  refined   1.153% (FOM 0.001%)  vs dense   0.056%      16.7 ms/query  3.67 att/step  4.58 ms/att  exits [0, 6, 0, 0]
  mesh_lattice    8     point m=   3969: worst err same-grid   1.153%  refined   1.153% (FOM 0.001%)  vs dense   0.014%      30.1 ms/query  3.67 att/step  8.65 ms/att  exits [0, 6, 0, 0]
  eq_nnls         1024  point m=   1024: worst err same-grid   1.153%  refined   1.153% (FOM 0.001%)  vs dense   0.000%      17.3 ms/query  3.67 att/step  4.57 ms/att  exits [0, 6, 0, 0]
  eq_nnls         2048  point m=   2048: worst err same-grid   1.153%  refined   1.153% (FOM 0.001%)  vs dense   0.000%      23.5 ms/query  3.67 att/step  6.20 ms/att  exits [0, 6, 0, 0]
  gauss_tensor    16    point m=    256: worst err same-grid   1.150%  refined   1.150% (FOM 0.001%)  vs dense   0.037%       8.3 ms/query  3.50 att/step  2.16 ms/att  exits [0, 6, 0, 0]
  gauss_tensor    32    point m=   1024: worst err same-grid   1.153%  refined   1.153% (FOM 0.001%)  vs dense   0.006%      13.6 ms/query  3.67 att/step  3.56 ms/att  exits [0, 6, 0, 0]
  smolyak_cc      6     point m=    193: worst err same-grid   1.536%  refined   1.536% (FOM 0.001%)  vs dense   1.281%       7.5 ms/query  6.17 att/step  1.23 ms/att  exits [0, 6, 0, 0]
  smolyak_cc      8     point m=   1025: worst err same-grid   1.153%  refined   1.153% (FOM 0.001%)  vs dense   0.030%      17.7 ms/query  3.67 att/step  4.25 ms/att  exits [0, 6, 0, 0]
  sobol           1024  point m=   1024: worst err same-grid   1.153%  refined   1.153% (FOM 0.001%)  vs dense   0.025%      13.4 ms/query  3.67 att/step  3.78 ms/att  exits [0, 6, 0, 0]
  halton          1024  point m=   1024: worst err same-grid   1.157%  refined   1.157% (FOM 0.001%)  vs dense   0.128%      13.6 ms/query  3.50 att/step  3.93 ms/att  exits [0, 6, 0, 0]
  sobol           4096  point m=   4096: worst err same-grid   1.153%  refined   1.153% (FOM 0.001%)  vs dense   0.006%      28.4 ms/query  3.67 att/step  7.39 ms/att  exits [0, 6, 0, 0]
  halton          4096  point m=   4096: worst err same-grid   1.154%  refined   1.154% (FOM 0.001%)  vs dense   0.025%      28.0 ms/query  3.50 att/step  8.04 ms/att  exits [0, 6, 0, 0]
  fibonacci       16    point m=    987: worst err same-grid   1.153%  refined   1.153% (FOM 0.001%)  vs dense   0.002%      12.8 ms/query  3.67 att/step  3.37 ms/att  exits [0, 6, 0, 0]
  fibonacci_tent  16    point m=    987: worst err same-grid   1.153%  refined   1.153% (FOM 0.001%)  vs dense   0.005%      10.5 ms/query  3.67 att/step  2.65 ms/att  exits [0, 6, 0, 0]
  fibonacci       19    point m=   4181: worst err same-grid   1.153%  refined   1.153% (FOM 0.001%)  vs dense   0.000%      18.8 ms/query  3.67 att/step  4.88 ms/att  exits [0, 6, 0, 0]
  fibonacci_tent  19    point m=   4181: worst err same-grid   1.153%  refined   1.153% (FOM 0.001%)  vs dense   0.001%      22.7 ms/query  3.67 att/step  5.55 ms/att  exits [0, 6, 0, 0]
== bratu N=1024 q=0 M=64 (offline 1.7s)
  dense           0     point m=1046529: worst err same-grid   5.230%  refined   5.230% (FOM 0.000%)  vs dense   0.000%     423.5 ms/query  6.50 att/step  65.15 ms/att  exits [0, 2, 0, 0]
  mesh_lattice    32    point m=    961: worst err same-grid   7.156%  refined   7.156% (FOM 0.000%)  vs dense   0.044%       8.0 ms/query  6.33 att/step  1.29 ms/att  exits [0, 6, 0, 0]
  mesh_lattice    16    point m=   3969: worst err same-grid   7.156%  refined   7.156% (FOM 0.000%)  vs dense   0.011%      22.6 ms/query  6.33 att/step  3.46 ms/att  exits [0, 6, 0, 0]
  eq_nnls         1024  point m=   1024: worst err same-grid   7.156%  refined   7.156% (FOM 0.000%)  vs dense   0.001%       8.2 ms/query  6.33 att/step  1.30 ms/att  exits [0, 6, 0, 0]
  eq_nnls         2048  point m=   2048: worst err same-grid   7.156%  refined   7.156% (FOM 0.000%)  vs dense   0.000%      11.9 ms/query  6.33 att/step  2.00 ms/att  exits [0, 6, 0, 0]
  gauss_tensor    16    point m=    256: worst err same-grid   7.154%  refined   7.154% (FOM 0.000%)  vs dense   0.113%       3.6 ms/query  6.33 att/step  0.55 ms/att  exits [0, 6, 0, 0]
  gauss_tensor    32    point m=   1024: worst err same-grid   7.156%  refined   7.156% (FOM 0.000%)  vs dense   0.016%       5.5 ms/query  6.33 att/step  0.87 ms/att  exits [0, 6, 0, 0]
  smolyak_cc      6     point m=    193: worst err same-grid   7.230%  refined   7.230% (FOM 0.000%)  vs dense   1.289%       4.7 ms/query  6.17 att/step  0.73 ms/att  exits [0, 6, 0, 0]
  smolyak_cc      8     point m=   1025: worst err same-grid   7.164%  refined   7.164% (FOM 0.000%)  vs dense   0.189%       3.9 ms/query  6.33 att/step  0.63 ms/att  exits [0, 6, 0, 0]
  sobol           1024  point m=   1024: worst err same-grid   7.154%  refined   7.154% (FOM 0.000%)  vs dense   0.021%       5.8 ms/query  6.33 att/step  0.87 ms/att  exits [0, 6, 0, 0]
  halton          1024  point m=   1024: worst err same-grid   7.160%  refined   7.160% (FOM 0.000%)  vs dense   0.091%       6.0 ms/query  6.17 att/step  1.02 ms/att  exits [0, 6, 0, 0]
  sobol           4096  point m=   4096: worst err same-grid   7.156%  refined   7.156% (FOM 0.000%)  vs dense   0.002%      10.3 ms/query  6.33 att/step  2.00 ms/att  exits [0, 6, 0, 0]
  halton          4096  point m=   4096: worst err same-grid   7.155%  refined   7.155% (FOM 0.000%)  vs dense   0.017%       9.9 ms/query  6.33 att/step  1.78 ms/att  exits [0, 6, 0, 0]
  fibonacci       16    point m=    987: worst err same-grid   7.156%  refined   7.156% (FOM 0.000%)  vs dense   0.004%       8.2 ms/query  6.33 att/step  1.22 ms/att  exits [0, 6, 0, 0]
  fibonacci_tent  16    point m=    987: worst err same-grid   7.156%  refined   7.156% (FOM 0.000%)  vs dense   0.005%       4.5 ms/query  6.33 att/step  0.73 ms/att  exits [0, 6, 0, 0]
  fibonacci       19    point m=   4181: worst err same-grid   7.156%  refined   7.156% (FOM 0.000%)  vs dense   0.000%       9.7 ms/query  6.33 att/step  1.47 ms/att  exits [0, 6, 0, 0]
  fibonacci_tent  19    point m=   4181: worst err same-grid   7.156%  refined   7.156% (FOM 0.000%)  vs dense   0.002%      11.0 ms/query  6.33 att/step  1.80 ms/att  exits [0, 6, 0, 0]
== bratu N=1024 q=64 M=320 (offline 1.7s)
  mesh_lattice    32    point m=    961: worst err same-grid   1.153%  refined   1.153% (FOM 0.000%)  vs dense     nan%      15.2 ms/query  3.67 att/step  3.89 ms/att  exits [0, 6, 0, 0]
  mesh_lattice    16    point m=   3969: worst err same-grid   1.153%  refined   1.153% (FOM 0.000%)  vs dense     nan%      26.6 ms/query  3.67 att/step  7.24 ms/att  exits [0, 6, 0, 0]
  eq_nnls         1024  point m=   1024: worst err same-grid   1.153%  refined   1.153% (FOM 0.000%)  vs dense     nan%      17.6 ms/query  3.67 att/step  4.58 ms/att  exits [0, 6, 0, 0]
  eq_nnls         2048  point m=   2048: worst err same-grid   1.153%  refined   1.153% (FOM 0.000%)  vs dense     nan%      22.9 ms/query  3.67 att/step  5.98 ms/att  exits [0, 6, 0, 0]
  gauss_tensor    16    point m=    256: worst err same-grid   1.150%  refined   1.150% (FOM 0.000%)  vs dense     nan%       8.7 ms/query  3.50 att/step  2.39 ms/att  exits [0, 6, 0, 0]
  gauss_tensor    32    point m=   1024: worst err same-grid   1.153%  refined   1.153% (FOM 0.000%)  vs dense     nan%      11.4 ms/query  3.67 att/step  2.95 ms/att  exits [0, 6, 0, 0]
  smolyak_cc      6     point m=    193: worst err same-grid   1.536%  refined   1.536% (FOM 0.000%)  vs dense     nan%       8.5 ms/query  6.17 att/step  1.38 ms/att  exits [0, 6, 0, 0]
  smolyak_cc      8     point m=   1025: worst err same-grid   1.153%  refined   1.153% (FOM 0.000%)  vs dense     nan%      10.5 ms/query  3.67 att/step  3.14 ms/att  exits [0, 6, 0, 0]
  sobol           1024  point m=   1024: worst err same-grid   1.153%  refined   1.153% (FOM 0.000%)  vs dense     nan%      12.5 ms/query  3.67 att/step  3.46 ms/att  exits [0, 6, 0, 0]
  halton          1024  point m=   1024: worst err same-grid   1.157%  refined   1.157% (FOM 0.000%)  vs dense     nan%      13.5 ms/query  3.50 att/step  3.56 ms/att  exits [0, 6, 0, 0]
  sobol           4096  point m=   4096: worst err same-grid   1.153%  refined   1.153% (FOM 0.000%)  vs dense     nan%      26.0 ms/query  3.67 att/step  6.78 ms/att  exits [0, 6, 0, 0]
  halton          4096  point m=   4096: worst err same-grid   1.154%  refined   1.154% (FOM 0.000%)  vs dense     nan%      22.7 ms/query  3.50 att/step  6.36 ms/att  exits [0, 6, 0, 0]
  fibonacci       16    point m=    987: worst err same-grid   1.153%  refined   1.153% (FOM 0.000%)  vs dense     nan%      12.0 ms/query  3.67 att/step  3.14 ms/att  exits [0, 6, 0, 0]
  fibonacci_tent  16    point m=    987: worst err same-grid   1.153%  refined   1.153% (FOM 0.000%)  vs dense     nan%      10.2 ms/query  3.67 att/step  2.87 ms/att  exits [0, 6, 0, 0]
  fibonacci       19    point m=   4181: worst err same-grid   1.153%  refined   1.153% (FOM 0.000%)  vs dense     nan%      23.9 ms/query  3.67 att/step  6.51 ms/att  exits [0, 6, 0, 0]
  fibonacci_tent  19    point m=   4181: worst err same-grid   1.153%  refined   1.153% (FOM 0.000%)  vs dense     nan%      21.8 ms/query  3.67 att/step  5.58 ms/att  exits [0, 6, 0, 0]
done
