== burgers3d: 96 projected training states, M_acc=384 M_fast=128
  offline N=64: 1.2s
  korobov n=4093: z=[1, 1884, 825] P2=5.826e-04
  korobov n=16381: z=[1, 3657, 6753] P2=5.155e-05
  building continuum reference (Gauss 64^3) ...
  reference check GL48 vs GL64: rho max 2.36e-07
  flux vs point (GL48 vs GL64 point): rho max 4.08e-08
== off-mesh rules vs continuum reference
  [point] gauss_tensor      6      m=    216  rho(M=384) med 1.84e+00 max 3.13e+00 | rho(M=128) med 8.89e-01 max 2.62e+00
  [point] gauss_tensor      8      m=    512  rho(M=384) med 1.02e+00 max 1.79e+00 | rho(M=128) med 3.52e-01 max 1.54e+00
  [point] gauss_tensor      12     m=   1728  rho(M=384) med 1.17e-01 max 8.14e-01 | rho(M=128) med 2.81e-02 max 5.83e-01
  [point] gauss_tensor      16     m=   4096  rho(M=384) med 1.18e-02 max 1.39e-01 | rho(M=128) med 5.06e-03 max 5.55e-02
  [point] gauss_tensor      20     m=   8000  rho(M=384) med 2.83e-03 max 1.91e-02 | rho(M=128) med 1.17e-03 max 6.77e-03
  [point] gauss_tensor      24     m=  13824  rho(M=384) med 5.69e-04 max 1.81e-03 | rho(M=128) med 2.30e-04 max 7.51e-04
  [point] gauss_tensor      32     m=  32768  rho(M=384) med 2.16e-05 max 7.83e-05 | rho(M=128) med 8.16e-06 max 3.72e-05
  [point] smolyak_cc        3      m=     19  rho(M=384) med 1.69e+01 max 1.53e+02 | rho(M=128) med 9.14e+00 max 1.01e+02
  [point] smolyak_cc        4      m=     55  rho(M=384) med 8.26e+00 max 7.35e+01 | rho(M=128) med 4.83e+00 max 3.89e+01
  [point] smolyak_cc        5      m=    151  rho(M=384) med 8.94e+00 max 2.41e+01 | rho(M=128) med 5.48e+00 max 2.06e+01
  [point] smolyak_cc        6      m=    399  rho(M=384) med 7.78e+00 max 3.97e+01 | rho(M=128) med 3.94e+00 max 2.54e+01
  [point] smolyak_cc        7      m=   1023  rho(M=384) med 4.26e+00 max 3.17e+01 | rho(M=128) med 2.17e+00 max 1.76e+01
  [point] smolyak_cc        8      m=   2559  rho(M=384) med 2.31e+00 max 1.60e+01 | rho(M=128) med 1.00e+00 max 9.51e+00
  [point] smolyak_cc        9      m=   6271  rho(M=384) med 1.02e+00 max 6.94e+00 | rho(M=128) med 2.98e-01 max 4.13e+00
  [point] smolyak_cc        10     m=  15103  rho(M=384) med 2.86e-01 max 2.38e+00 | rho(M=128) med 6.96e-02 max 1.34e+00
  [point] sobol             1024   m=   1024  rho(M=384) med 3.67e-01 max 5.83e-01 | rho(M=128) med 1.65e-01 max 4.50e-01
  [point] mc                1024   m=   1024  rho(M=384) med 6.66e-01 max 1.05e+00 | rho(M=128) med 4.09e-01 max 8.29e-01
  [point] kuo_lattice       1024   m=   1024  rho(M=384) med 2.31e-01 max 4.54e-01 | rho(M=128) med 4.38e-02 max 2.61e-01
  [point] kuo_lattice_tent  1024   m=   1024  rho(M=384) med 4.71e-01 max 8.06e-01 | rho(M=128) med 2.72e-01 max 7.27e-01
  [point] sobol             2048   m=   2048  rho(M=384) med 1.85e-01 max 3.16e-01 | rho(M=128) med 8.36e-02 max 2.40e-01
  [point] mc                2048   m=   2048  rho(M=384) med 4.88e-01 max 7.02e-01 | rho(M=128) med 3.15e-01 max 4.84e-01
  [point] kuo_lattice       2048   m=   2048  rho(M=384) med 2.32e-01 max 4.55e-01 | rho(M=128) med 4.34e-02 max 2.61e-01
  [point] kuo_lattice_tent  2048   m=   2048  rho(M=384) med 4.21e-01 max 7.65e-01 | rho(M=128) med 2.62e-01 max 6.53e-01
  [point] sobol             4096   m=   4096  rho(M=384) med 9.96e-02 max 2.50e-01 | rho(M=128) med 4.56e-02 max 1.59e-01
  [point] mc                4096   m=   4096  rho(M=384) med 3.25e-01 max 6.32e-01 | rho(M=128) med 2.02e-01 max 5.54e-01
  [point] kuo_lattice       4096   m=   4096  rho(M=384) med 2.32e-01 max 4.55e-01 | rho(M=128) med 4.34e-02 max 2.61e-01
  [point] kuo_lattice_tent  4096   m=   4096  rho(M=384) med 4.21e-01 max 7.65e-01 | rho(M=128) med 2.62e-01 max 6.53e-01
  [point] sobol             8192   m=   8192  rho(M=384) med 4.20e-02 max 9.69e-02 | rho(M=128) med 1.76e-02 max 6.89e-02
  [point] mc                8192   m=   8192  rho(M=384) med 2.42e-01 max 4.15e-01 | rho(M=128) med 1.59e-01 max 3.29e-01
  [point] kuo_lattice       8192   m=   8192  rho(M=384) med 1.09e-02 max 2.00e-01 | rho(M=128) med 3.27e-03 max 1.02e-01
  [point] kuo_lattice_tent  8192   m=   8192  rho(M=384) med 1.11e-01 max 2.40e-01 | rho(M=128) med 3.40e-02 max 1.51e-01
  [point] sobol             16384  m=  16384  rho(M=384) med 2.64e-02 max 7.00e-02 | rho(M=128) med 1.18e-02 max 5.13e-02
  [point] mc                16384  m=  16384  rho(M=384) med 1.72e-01 max 2.77e-01 | rho(M=128) med 1.07e-01 max 2.31e-01
  [point] kuo_lattice       16384  m=  16384  rho(M=384) med 1.09e-02 max 2.00e-01 | rho(M=128) med 3.27e-03 max 1.02e-01
  [point] kuo_lattice_tent  16384  m=  16384  rho(M=384) med 8.19e-02 max 1.93e-01 | rho(M=128) med 2.60e-02 max 1.39e-01
  [point] sobol             32768  m=  32768  rho(M=384) med 1.12e-02 max 2.94e-02 | rho(M=128) med 3.94e-03 max 2.15e-02
  [point] mc                32768  m=  32768  rho(M=384) med 1.22e-01 max 1.90e-01 | rho(M=128) med 7.64e-02 max 1.32e-01
  [point] kuo_lattice       32768  m=  32768  rho(M=384) med 1.09e-02 max 2.00e-01 | rho(M=128) med 3.27e-03 max 1.02e-01
  [point] kuo_lattice_tent  32768  m=  32768  rho(M=384) med 8.18e-02 max 1.91e-01 | rho(M=128) med 2.59e-02 max 1.39e-01
  [point] korobov           4093   m=   4093  rho(M=384) med 3.12e-03 max 2.62e-02 | rho(M=128) med 8.11e-04 max 6.92e-03
  [point] korobov           16381  m=  16381  rho(M=384) med 3.76e-06 max 9.61e-05 | rho(M=128) med 1.09e-06 max 2.08e-05
  [flux] gauss_tensor      6      m=    216  rho(M=384) med 4.07e+00 max 6.54e+00 | rho(M=128) med 1.28e+00 max 2.05e+00
  [flux] gauss_tensor      8      m=    512  rho(M=384) med 2.02e+00 max 2.45e+00 | rho(M=128) med 3.73e-01 max 8.76e-01
  [flux] gauss_tensor      12     m=   1728  rho(M=384) med 1.27e-01 max 6.07e-01 | rho(M=128) med 1.36e-02 max 2.36e-01
  [flux] gauss_tensor      16     m=   4096  rho(M=384) med 6.99e-03 max 9.57e-02 | rho(M=128) med 1.71e-03 max 2.26e-02
  [flux] gauss_tensor      20     m=   8000  rho(M=384) med 1.27e-03 max 1.05e-02 | rho(M=128) med 3.67e-04 max 2.18e-03
  [flux] gauss_tensor      24     m=  13824  rho(M=384) med 2.53e-04 max 7.39e-04 | rho(M=128) med 5.53e-05 max 1.90e-04
  [flux] gauss_tensor      32     m=  32768  rho(M=384) med 6.31e-06 max 2.07e-05 | rho(M=128) med 1.38e-06 max 4.75e-06
  [flux] smolyak_cc        3      m=     19  rho(M=384) med 3.17e+01 max 3.08e+02 | rho(M=128) med 1.27e+01 max 1.38e+02
  [flux] smolyak_cc        4      m=     55  rho(M=384) med 1.79e+01 max 1.18e+02 | rho(M=128) med 6.27e+00 max 4.26e+01
  [flux] smolyak_cc        5      m=    151  rho(M=384) med 2.00e+01 max 4.62e+01 | rho(M=128) med 7.78e+00 max 2.57e+01
  [flux] smolyak_cc        6      m=    399  rho(M=384) med 1.70e+01 max 8.48e+01 | rho(M=128) med 6.86e+00 max 3.34e+01
  [flux] smolyak_cc        7      m=   1023  rho(M=384) med 8.64e+00 max 5.33e+01 | rho(M=128) med 3.15e+00 max 1.93e+01
  [flux] smolyak_cc        8      m=   2559  rho(M=384) med 4.92e+00 max 2.47e+01 | rho(M=128) med 1.12e+00 max 7.76e+00
  [flux] smolyak_cc        9      m=   6271  rho(M=384) med 1.55e+00 max 7.65e+00 | rho(M=128) med 2.25e-01 max 2.27e+00
  [flux] smolyak_cc        10     m=  15103  rho(M=384) med 2.92e-01 max 1.84e+00 | rho(M=128) med 3.47e-02 max 5.96e-01
  [flux] sobol             1024   m=   1024  rho(M=384) med 7.02e-01 max 1.79e+00 | rho(M=128) med 2.06e-01 max 4.61e-01
  [flux] kuo_lattice       1024   m=   1024  rho(M=384) med 2.30e-01 max 4.40e-01 | rho(M=128) med 4.20e-02 max 2.52e-01
  [flux] sobol             2048   m=   2048  rho(M=384) med 3.99e-01 max 7.09e-01 | rho(M=128) med 1.22e-01 max 3.00e-01
  [flux] kuo_lattice       2048   m=   2048  rho(M=384) med 2.30e-01 max 4.40e-01 | rho(M=128) med 4.20e-02 max 2.52e-01
  [flux] sobol             4096   m=   4096  rho(M=384) med 2.09e-01 max 3.62e-01 | rho(M=128) med 6.36e-02 max 1.23e-01
  [flux] kuo_lattice       4096   m=   4096  rho(M=384) med 2.30e-01 max 4.40e-01 | rho(M=128) med 4.20e-02 max 2.52e-01
  [flux] sobol             8192   m=   8192  rho(M=384) med 8.68e-02 max 1.41e-01 | rho(M=128) med 2.33e-02 max 4.80e-02
  [flux] kuo_lattice       8192   m=   8192  rho(M=384) med 6.79e-03 max 1.68e-01 | rho(M=128) med 1.99e-03 max 7.13e-02
  [flux] sobol             16384  m=  16384  rho(M=384) med 5.96e-02 max 9.32e-02 | rho(M=128) med 1.41e-02 max 2.63e-02
  [flux] kuo_lattice       16384  m=  16384  rho(M=384) med 6.75e-03 max 1.68e-01 | rho(M=128) med 1.98e-03 max 7.13e-02
  [flux] sobol             32768  m=  32768  rho(M=384) med 1.78e-02 max 3.33e-02 | rho(M=128) med 3.66e-03 max 1.38e-02
  [flux] kuo_lattice       32768  m=  32768  rho(M=384) med 6.75e-03 max 1.68e-01 | rho(M=128) med 1.98e-03 max 7.13e-02
== mesh N=64
  mesh-vs-continuum gap: med 1.48e-01 max 2.66e-01
  dense q=0: 74.09 ms per residual+Jacobian
  dense q=64: 157.04 ms per residual+Jacobian
  mesh_lattice stride 8 m=343: rho max 9.13e-01 | fast max 6.99e-01
  mesh_lattice stride 4 m=3375: rho max 1.51e-01 | fast max 8.35e-02
  mesh_lattice stride 2 m=29791: rho max 1.47e-02 | fast max 8.21e-03
  EQ fit matrix (6144, 8192)
  eq_nnls m=1024 support 1024 (151s): rho max 8.82e-01 | fast max 8.46e-01
  eq_nnls m=2048 support 2048 (1194s): rho max 6.18e-01 | fast max 3.96e-01
  time gauss_tensor:16 m=4096 q=0: 2.40 ms per residual+Jacobian
  time gauss_tensor:16 m=4096 q=64: 2.76 ms per residual+Jacobian
  time gauss_tensor:24 m=13824 q=0: 5.76 ms per residual+Jacobian
  time gauss_tensor:24 m=13824 q=64: 8.20 ms per residual+Jacobian
  time smolyak_cc:8 m=2559 q=0: 0.93 ms per residual+Jacobian
  time smolyak_cc:8 m=2559 q=64: 1.59 ms per residual+Jacobian
  time sobol:4096 m=4096 q=0: 2.17 ms per residual+Jacobian
  time sobol:4096 m=4096 q=64: 3.06 ms per residual+Jacobian
  time sobol:32768 m=32768 q=0: 24.55 ms per residual+Jacobian
  time sobol:32768 m=32768 q=64: 34.31 ms per residual+Jacobian
  time kuo_lattice:4096 m=4096 q=0: 2.29 ms per residual+Jacobian
  time kuo_lattice:4096 m=4096 q=64: 3.01 ms per residual+Jacobian
  time kuo_lattice:32768 m=32768 q=0: 24.30 ms per residual+Jacobian
  time kuo_lattice:32768 m=32768 q=64: 32.83 ms per residual+Jacobian
== mesh N=128
  offline N=128: 3.6s
/home/hari/Research/quadrature/.venv/lib/python3.12/site-packages/jax/_src/interpreters/mlir.py:1333: UserWarning: A large amount of constants were captured during lowering (2.10GB total). If this is intentional, disable this warning by setting JAX_CAPTURED_CONSTANTS_WARN_BYTES=-1. To obtain a report of where these constants were encountered, set JAX_CAPTURED_CONSTANTS_REPORT_FRAMES=-1.
  warnings.warn(message)
  mesh-vs-continuum gap: med 7.40e-02 max 1.36e-01
  dense q=0: 183.00 ms per residual+Jacobian
  dense q=64: 390.17 ms per residual+Jacobian
  mesh_lattice stride 16 m=343: rho max 9.37e-01 | fast max 7.14e-01
  mesh_lattice stride 8 m=3375: rho max 1.48e-01 | fast max 8.13e-02
  mesh_lattice stride 4 m=29791: rho max 1.77e-02 | fast max 9.83e-03
  EQ fit matrix (6144, 8192)
  eq_nnls m=1024 support 1024 (48s): rho max 8.65e-01 | fast max 8.24e-01
  eq_nnls m=2048 support 2048 (920s): rho max 5.79e-01 | fast max 3.86e-01
  time gauss_tensor:16 m=4096 q=0: 2.36 ms per residual+Jacobian
  time gauss_tensor:16 m=4096 q=64: 2.88 ms per residual+Jacobian
  time gauss_tensor:24 m=13824 q=0: 5.45 ms per residual+Jacobian
  time gauss_tensor:24 m=13824 q=64: 8.31 ms per residual+Jacobian
  time smolyak_cc:8 m=2559 q=0: 1.02 ms per residual+Jacobian
  time smolyak_cc:8 m=2559 q=64: 1.73 ms per residual+Jacobian
  time sobol:4096 m=4096 q=0: 2.25 ms per residual+Jacobian
  time sobol:4096 m=4096 q=64: 3.04 ms per residual+Jacobian
  time sobol:32768 m=32768 q=0: 23.44 ms per residual+Jacobian
  time sobol:32768 m=32768 q=64: 33.53 ms per residual+Jacobian
  time kuo_lattice:4096 m=4096 q=0: 2.25 ms per residual+Jacobian
  time kuo_lattice:4096 m=4096 q=64: 2.90 ms per residual+Jacobian
  time kuo_lattice:32768 m=32768 q=0: 23.84 ms per residual+Jacobian
  time kuo_lattice:32768 m=32768 q=64: 34.49 ms per residual+Jacobian
done
