== burgers N=128 q=0 M=128 (offline 0.7s)
  dense           0     point m=  16129: worst err same-grid  22.018%  refined  24.184% (FOM 4.900%)  vs dense   0.000%     800.6 ms/query  2.22 att/step  6.95 ms/att  exits [0, 300, 0, 0]
  gauss_tensor    16    point m=    256: worst err same-grid  22.530%  refined  24.273% (FOM 4.900%)  vs dense   5.259%     530.2 ms/query  2.22 att/step  4.62 ms/att  exits [0, 300, 0, 0]
  gauss_tensor    16    flux  m=    256: worst err same-grid  22.264%  refined  24.297% (FOM 4.900%)  vs dense   5.992%     357.7 ms/query  2.26 att/step  2.82 ms/att  exits [0, 300, 0, 0]
  gauss_tensor    32    point m=   1024: worst err same-grid  22.225%  refined  24.163% (FOM 4.900%)  vs dense   4.094%     355.6 ms/query  2.25 att/step  3.27 ms/att  exits [0, 300, 0, 0]
  gauss_tensor    32    flux  m=   1024: worst err same-grid  22.225%  refined  24.163% (FOM 4.900%)  vs dense   4.089%     272.5 ms/query  2.24 att/step  3.27 ms/att  exits [0, 300, 0, 0]
  smolyak_cc      6     point m=    193: worst err same-grid  28.706%  refined  31.958% (FOM 4.900%)  vs dense  27.558%     317.5 ms/query  2.74 att/step  2.17 ms/att  exits [1, 299, 0, 0]
  smolyak_cc      8     point m=   1025: worst err same-grid  22.492%  refined  24.160% (FOM 4.900%)  vs dense  11.094%     330.7 ms/query  2.26 att/step  2.92 ms/att  exits [0, 300, 0, 0]
  sobol           1024  point m=   1024: worst err same-grid  22.302%  refined  24.233% (FOM 4.900%)  vs dense   4.342%     385.9 ms/query  2.24 att/step  3.65 ms/att  exits [0, 300, 0, 0]
  sobol           1024  flux  m=   1024: worst err same-grid  22.114%  refined  24.049% (FOM 4.900%)  vs dense   4.236%     228.0 ms/query  2.21 att/step  2.17 ms/att  exits [0, 300, 0, 0]
  sobol           4096  point m=   4096: worst err same-grid  22.224%  refined  24.183% (FOM 4.900%)  vs dense   3.968%     863.4 ms/query  2.24 att/step  7.61 ms/att  exits [0, 300, 0, 0]
  sobol           4096  flux  m=   4096: worst err same-grid  22.224%  refined  24.154% (FOM 4.900%)  vs dense   4.099%     762.8 ms/query  2.24 att/step  7.34 ms/att  exits [0, 300, 0, 0]
  fibonacci       16    point m=    987: worst err same-grid  22.225%  refined  24.163% (FOM 4.900%)  vs dense   4.087%     477.8 ms/query  2.24 att/step  4.25 ms/att  exits [0, 300, 0, 0]
  fibonacci       19    point m=   4181: worst err same-grid  22.225%  refined  24.163% (FOM 4.900%)  vs dense   4.089%     733.7 ms/query  2.24 att/step  7.07 ms/att  exits [0, 300, 0, 0]
== burgers N=128 q=64 M=384 (offline 0.8s)
  dense           0     point m=  16129: worst err same-grid  12.594%  refined  14.380% (FOM 4.900%)  vs dense   0.000%    1989.6 ms/query  2.19 att/step  17.97 ms/att  exits [0, 300, 0, 0]
  gauss_tensor    16    point m=    256: worst err same-grid  16.679%  refined  19.722% (FOM 4.900%)  vs dense  11.379%     477.2 ms/query  1.89 att/step  5.25 ms/att  exits [0, 300, 0, 0]
  gauss_tensor    16    flux  m=    256: worst err same-grid  26.121%  refined  29.122% (FOM 4.900%)  vs dense  24.666%     591.7 ms/query  1.95 att/step  6.31 ms/att  exits [0, 300, 0, 0]
  gauss_tensor    32    point m=   1024: worst err same-grid  13.120%  refined  14.106% (FOM 4.900%)  vs dense   4.505%    1087.1 ms/query  2.19 att/step  9.08 ms/att  exits [0, 300, 0, 0]
  gauss_tensor    32    flux  m=   1024: worst err same-grid  13.189%  refined  14.160% (FOM 4.900%)  vs dense   4.483%    1041.5 ms/query  2.19 att/step  9.40 ms/att  exits [0, 300, 0, 0]
  smolyak_cc      6     point m=    193: worst err same-grid  28.767%  refined  31.506% (FOM 4.900%)  vs dense  26.507%     538.1 ms/query  2.12 att/step  5.50 ms/att  exits [0, 300, 0, 0]
  smolyak_cc      8     point m=   1025: worst err same-grid  21.182%  refined  24.236% (FOM 4.900%)  vs dense  19.041%     905.4 ms/query  1.91 att/step  9.72 ms/att  exits [0, 300, 0, 0]
  sobol           1024  point m=   1024: worst err same-grid  13.226%  refined  14.165% (FOM 4.900%)  vs dense   4.554%     890.1 ms/query  2.16 att/step  8.30 ms/att  exits [0, 300, 0, 0]
  sobol           1024  flux  m=   1024: worst err same-grid  13.266%  refined  14.103% (FOM 4.900%)  vs dense   4.685%     973.5 ms/query  1.99 att/step  9.50 ms/att  exits [0, 300, 0, 0]
  sobol           4096  point m=   4096: worst err same-grid  13.102%  refined  14.175% (FOM 4.900%)  vs dense   4.339%    1480.9 ms/query  2.19 att/step  13.26 ms/att  exits [0, 300, 0, 0]
  sobol           4096  flux  m=   4096: worst err same-grid  13.200%  refined  14.124% (FOM 4.900%)  vs dense   4.504%    1315.4 ms/query  2.16 att/step  11.52 ms/att  exits [0, 300, 0, 0]
  fibonacci       16    point m=    987: worst err same-grid  13.160%  refined  14.134% (FOM 4.900%)  vs dense   4.485%     660.5 ms/query  2.19 att/step  6.57 ms/att  exits [0, 300, 0, 0]
  fibonacci       19    point m=   4181: worst err same-grid  13.161%  refined  14.136% (FOM 4.900%)  vs dense   4.486%    1165.6 ms/query  2.19 att/step  9.59 ms/att  exits [0, 300, 0, 0]
== burgers N=256 q=0 M=128 (offline 0.7s)
  dense           0     point m=  65025: worst err same-grid  23.046%  refined  24.193% (FOM 2.631%)  vs dense   0.000%    1845.0 ms/query  2.23 att/step  16.33 ms/att  exits [0, 300, 0, 0]
  gauss_tensor    16    point m=    256: worst err same-grid  23.309%  refined  24.320% (FOM 2.631%)  vs dense   4.179%     227.4 ms/query  2.21 att/step  2.15 ms/att  exits [0, 300, 0, 0]
  gauss_tensor    16    flux  m=    256: worst err same-grid  23.199%  refined  24.334% (FOM 2.631%)  vs dense   5.337%     182.8 ms/query  2.25 att/step  1.60 ms/att  exits [0, 300, 0, 0]
  gauss_tensor    32    point m=   1024: worst err same-grid  23.109%  refined  24.205% (FOM 2.631%)  vs dense   2.146%     336.3 ms/query  2.25 att/step  2.92 ms/att  exits [0, 300, 0, 0]
  gauss_tensor    32    flux  m=   1024: worst err same-grid  23.108%  refined  24.204% (FOM 2.631%)  vs dense   2.143%     297.7 ms/query  2.24 att/step  2.51 ms/att  exits [0, 300, 0, 0]
  smolyak_cc      6     point m=    193: worst err same-grid  30.164%  refined  31.954% (FOM 2.631%)  vs dense  28.085%     143.0 ms/query  2.74 att/step  1.28 ms/att  exits [1, 299, 0, 0]
  smolyak_cc      8     point m=   1025: worst err same-grid  23.238%  refined  24.207% (FOM 2.631%)  vs dense  10.076%     297.8 ms/query  2.26 att/step  3.19 ms/att  exits [0, 300, 0, 0]
  sobol           1024  point m=   1024: worst err same-grid  23.179%  refined  24.274% (FOM 2.631%)  vs dense   2.520%     365.9 ms/query  2.24 att/step  3.80 ms/att  exits [0, 300, 0, 0]
  sobol           1024  flux  m=   1024: worst err same-grid  23.002%  refined  24.091% (FOM 2.631%)  vs dense   2.345%     178.8 ms/query  2.21 att/step  1.83 ms/att  exits [0, 300, 0, 0]
  sobol           4096  point m=   4096: worst err same-grid  23.118%  refined  24.224% (FOM 2.631%)  vs dense   2.032%     995.5 ms/query  2.24 att/step  9.08 ms/att  exits [0, 300, 0, 0]
  sobol           4096  flux  m=   4096: worst err same-grid  23.104%  refined  24.196% (FOM 2.631%)  vs dense   2.151%    1183.8 ms/query  2.24 att/step  11.07 ms/att  exits [0, 300, 0, 0]
  fibonacci       16    point m=    987: worst err same-grid  23.108%  refined  24.204% (FOM 2.631%)  vs dense   2.141%     885.7 ms/query  2.24 att/step  8.12 ms/att  exits [0, 300, 0, 0]
  fibonacci       19    point m=   4181: worst err same-grid  23.108%  refined  24.204% (FOM 2.631%)  vs dense   2.142%    1683.3 ms/query  2.24 att/step  15.14 ms/att  exits [0, 300, 0, 0]
== burgers N=256 q=64 M=384 (offline 0.9s)
  dense           0     point m=  65025: worst err same-grid  13.719%  refined  14.606% (FOM 2.631%)  vs dense   0.000%    7003.5 ms/query  2.19 att/step  64.65 ms/att  exits [0, 300, 0, 0]
  gauss_tensor    16    point m=    256: worst err same-grid  18.005%  refined  19.942% (FOM 2.631%)  vs dense  12.084%     938.3 ms/query  1.89 att/step  10.02 ms/att  exits [0, 300, 0, 0]
  gauss_tensor    16    flux  m=    256: worst err same-grid  28.187%  refined  29.756% (FOM 2.631%)  vs dense  26.467%    1042.9 ms/query  1.95 att/step  11.16 ms/att  exits [0, 300, 0, 0]
  gauss_tensor    32    point m=   1024: worst err same-grid  13.854%  refined  14.557% (FOM 2.631%)  vs dense   2.386%    1434.5 ms/query  2.19 att/step  12.66 ms/att  exits [0, 300, 0, 0]
  gauss_tensor    32    flux  m=   1024: worst err same-grid  13.945%  refined  14.639% (FOM 2.631%)  vs dense   2.368%    1462.8 ms/query  2.19 att/step  13.51 ms/att  exits [0, 300, 0, 0]
  smolyak_cc      6     point m=    193: worst err same-grid  29.933%  refined  31.515% (FOM 2.631%)  vs dense  27.404%    1123.3 ms/query  2.13 att/step  10.55 ms/att  exits [0, 300, 0, 0]
  smolyak_cc      8     point m=   1025: worst err same-grid  22.701%  refined  24.535% (FOM 2.631%)  vs dense  20.247%    1407.8 ms/query  1.91 att/step  15.15 ms/att  exits [0, 300, 0, 0]
  sobol           1024  point m=   1024: worst err same-grid  14.021%  refined  14.688% (FOM 2.631%)  vs dense   3.080%    1619.7 ms/query  2.15 att/step  14.99 ms/att  exits [0, 300, 0, 0]
  sobol           1024  flux  m=   1024: worst err same-grid  14.058%  refined  14.649% (FOM 2.631%)  vs dense   3.121%    1453.8 ms/query  1.99 att/step  15.15 ms/att  exits [0, 300, 0, 0]
  sobol           4096  point m=   4096: worst err same-grid  13.884%  refined  14.630% (FOM 2.631%)  vs dense   2.228%    2461.1 ms/query  2.19 att/step  24.38 ms/att  exits [0, 300, 0, 0]
  sobol           4096  flux  m=   4096: worst err same-grid  13.930%  refined  14.596% (FOM 2.631%)  vs dense   2.386%    2373.4 ms/query  2.16 att/step  22.44 ms/att  exits [0, 300, 0, 0]
  fibonacci       16    point m=    987: worst err same-grid  13.904%  refined  14.600% (FOM 2.631%)  vs dense   2.366%    1486.1 ms/query  2.19 att/step  13.77 ms/att  exits [0, 300, 0, 0]
  fibonacci       19    point m=   4181: worst err same-grid  13.906%  refined  14.603% (FOM 2.631%)  vs dense   2.368%    2266.2 ms/query  2.19 att/step  21.70 ms/att  exits [0, 300, 0, 0]
== burgers N=512 q=0 M=128 (offline 1.9s)
  dense           0     point m= 261121: worst err same-grid  23.605%  refined  24.189% (FOM 1.623%)  vs dense   0.000%    9543.6 ms/query  2.27 att/step  85.84 ms/att  exits [0, 300, 0, 0]
  gauss_tensor    16    point m=    256: worst err same-grid  23.767%  refined  24.313% (FOM 1.623%)  vs dense   4.124%     810.8 ms/query  2.27 att/step  7.21 ms/att  exits [0, 300, 0, 0]
  gauss_tensor    16    flux  m=    256: worst err same-grid  23.744%  refined  24.331% (FOM 1.623%)  vs dense   5.098%     753.0 ms/query  2.28 att/step  6.74 ms/att  exits [0, 300, 0, 0]
  gauss_tensor    32    point m=   1024: worst err same-grid  23.626%  refined  24.200% (FOM 1.623%)  vs dense   1.102%     865.4 ms/query  2.28 att/step  7.58 ms/att  exits [0, 300, 0, 0]
  gauss_tensor    32    flux  m=   1024: worst err same-grid  23.625%  refined  24.199% (FOM 1.623%)  vs dense   1.100%     795.0 ms/query  2.27 att/step  7.11 ms/att  exits [0, 300, 0, 0]
  smolyak_cc      6     point m=    193: worst err same-grid  31.019%  refined  31.953% (FOM 1.623%)  vs dense  28.343%     748.7 ms/query  2.75 att/step  5.45 ms/att  exits [1, 299, 0, 0]
  smolyak_cc      8     point m=   1025: worst err same-grid  23.679%  refined  24.201% (FOM 1.623%)  vs dense   9.661%    1102.0 ms/query  2.31 att/step  9.59 ms/att  exits [0, 300, 0, 0]
  sobol           1024  point m=   1024: worst err same-grid  23.693%  refined  24.269% (FOM 1.623%)  vs dense   1.742%    1037.0 ms/query  2.28 att/step  9.13 ms/att  exits [0, 300, 0, 0]
  sobol           1024  flux  m=   1024: worst err same-grid  23.520%  refined  24.086% (FOM 1.623%)  vs dense   1.465%     900.4 ms/query  2.25 att/step  8.40 ms/att  exits [0, 300, 0, 0]
  sobol           4096  point m=   4096: worst err same-grid  23.640%  refined  24.219% (FOM 1.623%)  vs dense   0.990%    2367.2 ms/query  2.27 att/step  20.77 ms/att  exits [0, 300, 0, 0]
  sobol           4096  flux  m=   4096: worst err same-grid  23.618%  refined  24.191% (FOM 1.623%)  vs dense   1.110%    1613.0 ms/query  2.28 att/step  13.50 ms/att  exits [0, 300, 0, 0]
  fibonacci       16    point m=    987: worst err same-grid  23.625%  refined  24.199% (FOM 1.623%)  vs dense   1.098%     800.9 ms/query  2.27 att/step  7.59 ms/att  exits [0, 300, 0, 0]
  fibonacci       19    point m=   4181: worst err same-grid  23.625%  refined  24.199% (FOM 1.623%)  vs dense   1.099%     846.8 ms/query  2.27 att/step  7.38 ms/att  exits [0, 300, 0, 0]
== burgers N=512 q=64 M=384 (offline 1.0s)
  dense           0     point m= 261121: worst err same-grid  14.045%  refined  14.521% (FOM 1.623%)  vs dense   0.000%   10840.4 ms/query  2.19 att/step  98.03 ms/att  exits [0, 300, 0, 0]
  gauss_tensor    16    point m=    256: worst err same-grid  18.620%  refined  19.903% (FOM 1.623%)  vs dense  12.433%     389.9 ms/query  1.89 att/step  4.28 ms/att  exits [0, 300, 0, 0]
  gauss_tensor    16    flux  m=    256: worst err same-grid  28.826%  refined  29.629% (FOM 1.623%)  vs dense  26.880%     274.9 ms/query  1.95 att/step  2.89 ms/att  exits [0, 300, 0, 0]
  gauss_tensor    32    point m=   1024: worst err same-grid  14.060%  refined  14.500% (FOM 1.623%)  vs dense   1.239%     479.1 ms/query  2.19 att/step  4.89 ms/att  exits [0, 300, 0, 0]
  gauss_tensor    32    flux  m=   1024: worst err same-grid  14.143%  refined  14.577% (FOM 1.623%)  vs dense   1.220%     504.4 ms/query  2.19 att/step  4.48 ms/att  exits [0, 300, 0, 0]
  smolyak_cc      6     point m=    193: worst err same-grid  30.640%  refined  31.505% (FOM 1.623%)  vs dense  27.887%     373.1 ms/query  2.13 att/step  3.48 ms/att  exits [0, 300, 0, 0]
  smolyak_cc      8     point m=   1025: worst err same-grid  23.398%  refined  24.490% (FOM 1.623%)  vs dense  20.686%     489.9 ms/query  1.91 att/step  5.10 ms/att  exits [0, 300, 0, 0]
  sobol           1024  point m=   1024: worst err same-grid  14.209%  refined  14.621% (FOM 1.623%)  vs dense   2.397%     571.4 ms/query  2.15 att/step  5.14 ms/att  exits [0, 300, 0, 0]
  sobol           1024  flux  m=   1024: worst err same-grid  14.230%  refined  14.579% (FOM 1.623%)  vs dense   2.567%     460.6 ms/query  1.99 att/step  5.05 ms/att  exits [0, 300, 0, 0]
  sobol           4096  point m=   4096: worst err same-grid  14.109%  refined  14.572% (FOM 1.623%)  vs dense   1.084%     881.4 ms/query  2.19 att/step  8.17 ms/att  exits [0, 300, 0, 0]
  sobol           4096  flux  m=   4096: worst err same-grid  14.119%  refined  14.536% (FOM 1.623%)  vs dense   1.257%     761.7 ms/query  2.17 att/step  7.80 ms/att  exits [0, 300, 0, 0]
  fibonacci       16    point m=    987: worst err same-grid  14.105%  refined  14.540% (FOM 1.623%)  vs dense   1.218%     498.3 ms/query  2.19 att/step  4.58 ms/att  exits [0, 300, 0, 0]
  fibonacci       19    point m=   4181: worst err same-grid  14.107%  refined  14.543% (FOM 1.623%)  vs dense   1.220%    1008.2 ms/query  2.19 att/step  9.27 ms/att  exits [0, 300, 0, 0]
done
