== burgers: reached states from dense reduced rollouts at N=256
  using projected training snapshots as states
  96 reached states kept
  reference check: GL200 vs GL300 rho max 1.33e-03
  point vs flux form at GL300: rho max 4.62e-04
== off-mesh rules vs continuum reference (mesh-independent)
  [point] gauss_tensor     6     m=    36  rho(M=384) med 3.84e+00 max 8.84e+00 | rho(M=128) med 2.09e+00 max 4.84e+00
  [point] gauss_tensor     8     m=    64  rho(M=384) med 2.94e+00 max 5.45e+00 | rho(M=128) med 1.55e+00 max 3.73e+00
  [point] gauss_tensor     12    m=   144  rho(M=384) med 2.08e+00 max 3.08e+00 | rho(M=128) med 6.01e-01 max 1.74e+00
  [point] gauss_tensor     16    m=   256  rho(M=384) med 1.20e+00 max 1.67e+00 | rho(M=128) med 5.64e-02 max 9.38e-01
  [point] gauss_tensor     24    m=   576  rho(M=384) med 4.04e-02 max 5.89e-01 | rho(M=128) med 1.41e-03 max 1.36e-01
  [point] gauss_tensor     32    m=  1024  rho(M=384) med 1.44e-03 max 1.37e-01 | rho(M=128) med 2.04e-04 max 5.37e-02
  [point] gauss_tensor     48    m=  2304  rho(M=384) med 1.66e-04 max 6.31e-02 | rho(M=128) med 1.22e-04 max 2.96e-02
  [point] gauss_tensor     64    m=  4096  rho(M=384) med 1.18e-04 max 1.74e-02 | rho(M=128) med 8.86e-05 max 8.32e-03
  [point] smolyak_cc       3     m=    13  rho(M=384) med 9.72e+00 max 3.08e+01 | rho(M=128) med 5.67e+00 max 1.93e+01
  [point] smolyak_cc       4     m=    33  rho(M=384) med 7.99e+00 max 3.09e+01 | rho(M=128) med 4.63e+00 max 1.93e+01
  [point] smolyak_cc       5     m=    81  rho(M=384) med 6.58e+00 max 2.24e+01 | rho(M=128) med 3.31e+00 max 9.29e+00
  [point] smolyak_cc       6     m=   193  rho(M=384) med 4.51e+00 max 1.06e+01 | rho(M=128) med 1.82e+00 max 3.54e+00
  [point] smolyak_cc       7     m=   449  rho(M=384) med 2.77e+00 max 4.75e+00 | rho(M=128) med 8.41e-01 max 1.70e+00
  [point] smolyak_cc       8     m=  1025  rho(M=384) med 1.30e+00 max 2.15e+00 | rho(M=128) med 4.12e-02 max 9.31e-01
  [point] smolyak_cc       9     m=  2305  rho(M=384) med 7.13e-02 max 7.62e-01 | rho(M=128) med 3.68e-03 max 2.89e-01
  [point] smolyak_cc       10    m=  5121  rho(M=384) med 1.27e-03 max 1.40e-01 | rho(M=128) med 2.14e-04 max 2.26e-02
  [point] smolyak_gl_exp   3     m=    73  rho(M=384) med 8.17e+00 max 2.31e+01 | rho(M=128) med 4.52e+00 max 1.48e+01
  [point] smolyak_gl_exp   4     m=   221  rho(M=384) med 5.48e+00 max 1.58e+01 | rho(M=128) med 2.22e+00 max 5.01e+00
  [point] smolyak_gl_exp   5     m=   609  rho(M=384) med 3.17e+00 max 5.44e+00 | rho(M=128) med 1.02e+00 max 1.94e+00
  [point] smolyak_gl_exp   6     m=  1573  rho(M=384) med 1.54e+00 max 2.46e+00 | rho(M=128) med 5.62e-02 max 1.10e+00
  [point] smolyak_gl_exp   7     m=  3881  rho(M=384) med 1.12e-01 max 8.48e-01 | rho(M=128) med 4.30e-03 max 3.01e-01
  [point] smolyak_gl_exp   8     m=  9261  rho(M=384) med 1.48e-03 max 1.59e-01 | rho(M=128) med 2.40e-04 max 2.68e-02
  [point] smolyak_gl_exp   9     m= 21553  rho(M=384) med 2.20e-04 max 1.32e-02 | rho(M=128) med 8.77e-05 max 2.26e-03
  [point] smolyak_gl_lin   6     m=   305  rho(M=384) med 9.42e+00 max 1.62e+01 | rho(M=128) med 2.72e+00 max 7.72e+00
  [point] smolyak_gl_lin   10    m=  1361  rho(M=384) med 3.57e+00 max 7.65e+00 | rho(M=128) med 1.80e-01 max 2.66e+00
  [point] smolyak_gl_lin   14    m=  3697  rho(M=384) med 4.71e-01 max 2.73e+00 | rho(M=128) med 1.53e-02 max 8.17e-01
  [point] smolyak_gl_lin   18    m=  7825  rho(M=384) med 2.25e-02 max 9.80e-01 | rho(M=128) med 2.48e-03 max 3.50e-01
  [point] smolyak_gl_lin   22    m= 14257  rho(M=384) med 3.79e-03 max 4.53e-01 | rho(M=128) med 8.85e-04 max 1.17e-01
  [point] smolyak_gl_lin   26    m= 23505  rho(M=384) med 1.74e-03 max 1.96e-01 | rho(M=128) med 4.47e-04 max 3.17e-02
  [point] smolyak_gl_lin   30    m= 36081  rho(M=384) med 9.07e-04 max 5.34e-02 | rho(M=128) med 3.59e-04 max 2.29e-02
  [point] smolyak_gl_lin   34    m= 52497  rho(M=384) med 7.46e-04 max 2.85e-02 | rho(M=128) med 3.37e-04 max 1.23e-02
  [point] smolyak_gl_lin   38    m= 73265  rho(M=384) med 7.32e-04 max 2.08e-02 | rho(M=128) med 3.66e-04 max 1.26e-02
  [point] sobol            256   m=   256  rho(M=384) med 9.23e-01 max 1.15e+00 | rho(M=128) med 2.91e-01 max 5.12e-01
  [point] halton           256   m=   256  rho(M=384) med 7.68e-01 max 1.08e+00 | rho(M=128) med 3.67e-01 max 5.96e-01
  [point] mc               256   m=   256  rho(M=384) med 1.30e+00 max 2.92e+00 | rho(M=128) med 7.58e-01 max 2.17e+00
  [point] sobol            512   m=   512  rho(M=384) med 4.08e-01 max 5.64e-01 | rho(M=128) med 1.25e-01 max 2.38e-01
  [point] halton           512   m=   512  rho(M=384) med 4.57e-01 max 6.11e-01 | rho(M=128) med 1.78e-01 max 3.39e-01
  [point] mc               512   m=   512  rho(M=384) med 9.19e-01 max 1.62e+00 | rho(M=128) med 5.66e-01 max 1.17e+00
  [point] sobol            1024  m=  1024  rho(M=384) med 1.88e-01 max 2.83e-01 | rho(M=128) med 4.96e-02 max 9.97e-02
  [point] halton           1024  m=  1024  rho(M=384) med 2.59e-01 max 3.59e-01 | rho(M=128) med 8.79e-02 max 1.44e-01
  [point] mc               1024  m=  1024  rho(M=384) med 6.26e-01 max 8.56e-01 | rho(M=128) med 3.70e-01 max 6.19e-01
  [point] sobol            2048  m=  2048  rho(M=384) med 9.62e-02 max 1.29e-01 | rho(M=128) med 2.93e-02 max 5.46e-02
  [point] halton           2048  m=  2048  rho(M=384) med 1.14e-01 max 1.58e-01 | rho(M=128) med 4.66e-02 max 7.70e-02
  [point] mc               2048  m=  2048  rho(M=384) med 4.75e-01 max 8.42e-01 | rho(M=128) med 2.80e-01 max 5.95e-01
  [point] sobol            4096  m=  4096  rho(M=384) med 2.34e-02 max 5.53e-02 | rho(M=128) med 9.30e-03 max 1.85e-02
  [point] halton           4096  m=  4096  rho(M=384) med 7.73e-02 max 1.02e-01 | rho(M=128) med 2.84e-02 max 4.86e-02
  [point] mc               4096  m=  4096  rho(M=384) med 3.27e-01 max 4.55e-01 | rho(M=128) med 2.00e-01 max 3.05e-01
  [point] sobol            8192  m=  8192  rho(M=384) med 7.79e-03 max 2.68e-02 | rho(M=128) med 1.17e-03 max 7.15e-03
  [point] halton           8192  m=  8192  rho(M=384) med 3.57e-02 max 4.93e-02 | rho(M=128) med 1.24e-02 max 2.41e-02
  [point] mc               8192  m=  8192  rho(M=384) med 2.39e-01 max 3.47e-01 | rho(M=128) med 1.37e-01 max 2.39e-01
  [point] fibonacci        12    m=   144  rho(M=384) med 1.05e+00 max 1.35e+00 | rho(M=128) med 9.11e-02 max 8.44e-01
  [point] fibonacci_tent   12    m=   144  rho(M=384) med 1.49e+00 max 2.02e+00 | rho(M=128) med 6.20e-01 max 1.06e+00
  [point] fibonacci        13    m=   233  rho(M=384) med 1.80e-01 max 8.14e-01 | rho(M=128) med 1.03e-02 max 2.70e-01
  [point] fibonacci_tent   13    m=   233  rho(M=384) med 1.47e+00 max 2.23e+00 | rho(M=128) med 6.72e-01 max 1.12e+00
  [point] fibonacci        14    m=   377  rho(M=384) med 8.03e-03 max 4.05e-01 | rho(M=128) med 6.68e-04 max 1.24e-01
  [point] fibonacci_tent   14    m=   377  rho(M=384) med 6.98e-01 max 7.74e-01 | rho(M=128) med 5.86e-02 max 3.60e-01
  [point] fibonacci        15    m=   610  rho(M=384) med 1.72e-03 max 2.36e-01 | rho(M=128) med 2.06e-04 max 8.13e-02
  [point] fibonacci_tent   15    m=   610  rho(M=384) med 6.27e-01 max 8.13e-01 | rho(M=128) med 3.13e-02 max 3.93e-01
  [point] fibonacci        16    m=   987  rho(M=384) med 3.13e-04 max 1.22e-01 | rho(M=128) med 8.17e-05 max 3.74e-02
  [point] fibonacci_tent   16    m=   987  rho(M=384) med 1.28e-01 max 5.43e-01 | rho(M=128) med 4.46e-03 max 1.68e-01
  [point] fibonacci        17    m=  1597  rho(M=384) med 1.37e-04 max 1.19e-01 | rho(M=128) med 5.82e-05 max 3.78e-02
  [point] fibonacci_tent   17    m=  1597  rho(M=384) med 2.69e-03 max 1.81e-01 | rho(M=128) med 3.32e-04 max 5.79e-02
  [point] fibonacci        18    m=  2584  rho(M=384) med 9.99e-05 max 7.90e-02 | rho(M=128) med 4.81e-05 max 1.14e-02
  [point] fibonacci_tent   18    m=  2584  rho(M=384) med 7.73e-04 max 9.82e-02 | rho(M=128) med 1.04e-04 max 3.15e-02
  [point] fibonacci        19    m=  4181  rho(M=384) med 7.23e-05 max 2.53e-02 | rho(M=128) med 4.46e-05 max 3.76e-03
  [point] fibonacci_tent   19    m=  4181  rho(M=384) med 1.24e-04 max 5.41e-02 | rho(M=128) med 5.19e-05 max 1.43e-02
  [point] fibonacci        20    m=  6765  rho(M=384) med 6.17e-05 max 5.57e-03 | rho(M=128) med 4.29e-05 max 6.18e-04
  [point] fibonacci_tent   20    m=  6765  rho(M=384) med 7.70e-05 max 4.44e-02 | rho(M=128) med 4.73e-05 max 9.17e-03
  [flux] gauss_tensor     6     m=    36  rho(M=384) med 2.26e+01 max 3.68e+01 | rho(M=128) med 8.10e+00 max 1.29e+01
  [flux] gauss_tensor     8     m=    64  rho(M=384) med 1.66e+01 max 2.73e+01 | rho(M=128) med 6.57e+00 max 1.09e+01
  [flux] gauss_tensor     12    m=   144  rho(M=384) med 1.19e+01 max 2.07e+01 | rho(M=128) med 1.80e+00 max 2.39e+00
  [flux] gauss_tensor     16    m=   256  rho(M=384) med 9.20e+00 max 1.90e+01 | rho(M=128) med 7.81e-02 max 7.55e-01
  [flux] gauss_tensor     24    m=   576  rho(M=384) med 7.51e-02 max 8.33e-01 | rho(M=128) med 6.14e-04 max 7.76e-02
  [flux] gauss_tensor     32    m=  1024  rho(M=384) med 8.26e-04 max 1.11e-01 | rho(M=128) med 6.33e-05 max 8.27e-03
  [flux] gauss_tensor     48    m=  2304  rho(M=384) med 6.29e-05 max 4.55e-03 | rho(M=128) med 4.35e-05 max 2.25e-03
  [flux] gauss_tensor     64    m=  4096  rho(M=384) med 5.88e-05 max 1.04e-03 | rho(M=128) med 4.25e-05 max 4.69e-04
  [flux] smolyak_cc       3     m=    13  rho(M=384) med 4.38e+01 max 1.96e+02 | rho(M=128) med 1.52e+01 max 6.09e+01
  [flux] smolyak_cc       4     m=    33  rho(M=384) med 3.86e+01 max 1.92e+02 | rho(M=128) med 1.38e+01 max 7.65e+01
  [flux] smolyak_cc       5     m=    81  rho(M=384) med 3.34e+01 max 1.58e+02 | rho(M=128) med 1.09e+01 max 3.82e+01
  [flux] smolyak_cc       6     m=   193  rho(M=384) med 2.54e+01 max 7.99e+01 | rho(M=128) med 7.72e+00 max 1.72e+01
  [flux] smolyak_cc       7     m=   449  rho(M=384) med 1.70e+01 max 3.70e+01 | rho(M=128) med 2.49e+00 max 3.69e+00
  [flux] smolyak_cc       8     m=  1025  rho(M=384) med 7.33e+00 max 1.49e+01 | rho(M=128) med 2.92e-02 max 7.18e-01
  [flux] smolyak_cc       9     m=  2305  rho(M=384) med 1.85e-01 max 1.54e+00 | rho(M=128) med 1.87e-03 max 1.26e-01
  [flux] smolyak_cc       10    m=  5121  rho(M=384) med 9.02e-04 max 9.77e-02 | rho(M=128) med 7.11e-05 max 6.44e-03
  [flux] smolyak_gl_exp   3     m=    73  rho(M=384) med 3.66e+01 max 1.47e+02 | rho(M=128) med 1.41e+01 max 6.33e+01
  [flux] smolyak_gl_exp   4     m=   221  rho(M=384) med 3.04e+01 max 1.24e+02 | rho(M=128) med 8.24e+00 max 2.02e+01
  [flux] smolyak_gl_exp   5     m=   609  rho(M=384) med 1.86e+01 max 4.57e+01 | rho(M=128) med 3.32e+00 max 5.13e+00
  [flux] smolyak_gl_exp   6     m=  1573  rho(M=384) med 9.25e+00 max 1.98e+01 | rho(M=128) med 5.12e-02 max 7.62e-01
  [flux] smolyak_gl_exp   7     m=  3881  rho(M=384) med 3.77e-01 max 2.04e+00 | rho(M=128) med 2.20e-03 max 1.49e-01
  [flux] smolyak_gl_exp   8     m=  9261  rho(M=384) med 1.08e-03 max 1.13e-01 | rho(M=128) med 8.64e-05 max 8.06e-03
  [flux] smolyak_gl_exp   9     m= 21553  rho(M=384) med 7.49e-05 max 7.50e-03 | rho(M=128) med 4.30e-05 max 4.94e-04
  [flux] smolyak_gl_lin   6     m=   305  rho(M=384) med 6.16e+01 max 1.01e+02 | rho(M=128) med 9.03e+00 max 2.16e+01
  [flux] smolyak_gl_lin   10    m=  1361  rho(M=384) med 2.18e+01 max 5.20e+01 | rho(M=128) med 2.51e-01 max 2.25e+00
  [flux] smolyak_gl_lin   14    m=  3697  rho(M=384) med 1.27e+00 max 7.93e+00 | rho(M=128) med 7.20e-03 max 3.71e-01
  [flux] smolyak_gl_lin   18    m=  7825  rho(M=384) med 2.37e-02 max 1.09e+00 | rho(M=128) med 9.21e-04 max 1.30e-01
  [flux] smolyak_gl_lin   22    m= 14257  rho(M=384) med 2.71e-03 max 3.76e-01 | rho(M=128) med 2.34e-04 max 4.09e-02
  [flux] smolyak_gl_lin   26    m= 23505  rho(M=384) med 7.28e-04 max 1.35e-01 | rho(M=128) med 7.07e-05 max 9.70e-03
  [flux] smolyak_gl_lin   30    m= 36081  rho(M=384) med 1.90e-04 max 3.01e-02 | rho(M=128) med 4.54e-05 max 1.77e-03
  [flux] smolyak_gl_lin   34    m= 52497  rho(M=384) med 7.13e-05 max 5.74e-03 | rho(M=128) med 4.33e-05 max 5.61e-04
  [flux] smolyak_gl_lin   38    m= 73265  rho(M=384) med 6.86e-05 max 1.43e-03 | rho(M=128) med 4.64e-05 max 4.18e-04
  [flux] sobol            256   m=   256  rho(M=384) med 5.25e+00 max 8.17e+00 | rho(M=128) med 1.01e+00 max 1.81e+00
  [flux] halton           256   m=   256  rho(M=384) med 4.28e+00 max 6.79e+00 | rho(M=128) med 1.40e+00 max 2.65e+00
  [flux] mc               256   m=   256  rho(M=384) med 6.09e+00 max 1.21e+01 | rho(M=128) med 2.29e+00 max 4.83e+00
  [flux] sobol            512   m=   512  rho(M=384) med 2.42e+00 max 3.80e+00 | rho(M=128) med 3.61e-01 max 9.51e-01
  [flux] halton           512   m=   512  rho(M=384) med 2.45e+00 max 3.79e+00 | rho(M=128) med 5.91e-01 max 9.49e-01
  [flux] mc               512   m=   512  rho(M=384) med 4.67e+00 max 7.78e+00 | rho(M=128) med 1.71e+00 max 2.93e+00
  [flux] sobol            1024  m=  1024  rho(M=384) med 1.04e+00 max 1.61e+00 | rho(M=128) med 1.41e-01 max 2.57e-01
  [flux] halton           1024  m=  1024  rho(M=384) med 1.44e+00 max 2.46e+00 | rho(M=128) med 3.01e-01 max 4.75e-01
  [flux] mc               1024  m=  1024  rho(M=384) med 3.04e+00 max 5.37e+00 | rho(M=128) med 1.12e+00 max 1.93e+00
  [flux] sobol            2048  m=  2048  rho(M=384) med 5.67e-01 max 9.26e-01 | rho(M=128) med 7.15e-02 max 1.40e-01
  [flux] halton           2048  m=  2048  rho(M=384) med 7.01e-01 max 1.28e+00 | rho(M=128) med 1.68e-01 max 2.74e-01
  [flux] mc               2048  m=  2048  rho(M=384) med 2.48e+00 max 4.28e+00 | rho(M=128) med 8.68e-01 max 1.32e+00
  [flux] sobol            4096  m=  4096  rho(M=384) med 1.28e-01 max 2.28e-01 | rho(M=128) med 2.80e-02 max 4.62e-02
  [flux] halton           4096  m=  4096  rho(M=384) med 4.06e-01 max 6.62e-01 | rho(M=128) med 8.92e-02 max 1.44e-01
  [flux] mc               4096  m=  4096  rho(M=384) med 1.77e+00 max 2.99e+00 | rho(M=128) med 5.99e-01 max 9.63e-01
  [flux] sobol            8192  m=  8192  rho(M=384) med 4.18e-02 max 8.21e-02 | rho(M=128) med 2.87e-03 max 6.25e-03
  [flux] halton           8192  m=  8192  rho(M=384) med 2.10e-01 max 3.12e-01 | rho(M=128) med 4.17e-02 max 8.32e-02
  [flux] mc               8192  m=  8192  rho(M=384) med 1.28e+00 max 2.13e+00 | rho(M=128) med 4.54e-01 max 7.30e-01
  [flux] fibonacci        12    m=   144  rho(M=384) med 1.02e+01 max 1.80e+01 | rho(M=128) med 1.02e-01 max 6.62e-01
  [flux] fibonacci_tent   12    m=   144  rho(M=384) med 9.01e+00 max 1.41e+01 | rho(M=128) med 2.42e+00 max 3.23e+00
  [flux] fibonacci        13    m=   233  rho(M=384) med 3.79e-01 max 1.34e+00 | rho(M=128) med 6.17e-03 max 1.62e-01
  [flux] fibonacci_tent   13    m=   233  rho(M=384) med 9.01e+00 max 1.46e+01 | rho(M=128) med 1.84e+00 max 2.69e+00
  [flux] fibonacci        14    m=   377  rho(M=384) med 9.89e-03 max 3.97e-01 | rho(M=128) med 3.37e-04 max 7.58e-02
  [flux] fibonacci_tent   14    m=   377  rho(M=384) med 4.77e+00 max 7.65e+00 | rho(M=128) med 7.73e-02 max 2.85e-01
  [flux] fibonacci        15    m=   610  rho(M=384) med 1.23e-03 max 1.12e-01 | rho(M=128) med 1.29e-04 max 2.29e-02
  [flux] fibonacci_tent   15    m=   610  rho(M=384) med 3.08e+00 max 4.01e+00 | rho(M=128) med 3.07e-02 max 3.03e-01
  [flux] fibonacci        16    m=   987  rho(M=384) med 2.17e-04 max 9.34e-02 | rho(M=128) med 5.56e-05 max 2.21e-02
  [flux] fibonacci_tent   16    m=   987  rho(M=384) med 3.09e-01 max 9.02e-01 | rho(M=128) med 3.23e-03 max 1.14e-01
  [flux] fibonacci        17    m=  1597  rho(M=384) med 8.92e-05 max 5.38e-02 | rho(M=128) med 4.73e-05 max 1.10e-02
  [flux] fibonacci_tent   17    m=  1597  rho(M=384) med 3.73e-03 max 1.13e-01 | rho(M=128) med 1.85e-04 max 3.99e-02
  [flux] fibonacci        18    m=  2584  rho(M=384) med 6.74e-05 max 2.39e-02 | rho(M=128) med 4.31e-05 max 2.08e-03
  [flux] fibonacci_tent   18    m=  2584  rho(M=384) med 6.33e-04 max 5.92e-02 | rho(M=128) med 6.07e-05 max 2.32e-02
  [flux] fibonacci        19    m=  4181  rho(M=384) med 6.07e-05 max 3.65e-03 | rho(M=128) med 4.28e-05 max 3.90e-04
  [flux] fibonacci_tent   19    m=  4181  rho(M=384) med 1.06e-04 max 3.96e-02 | rho(M=128) med 4.55e-05 max 9.54e-03
  [flux] fibonacci        20    m=  6765  rho(M=384) med 5.67e-05 max 5.86e-04 | rho(M=128) med 4.28e-05 max 3.90e-04
  [flux] fibonacci_tent   20    m=  6765  rho(M=384) med 6.52e-05 max 2.77e-02 | rho(M=128) med 4.30e-05 max 4.27e-03
== mesh N=256
  mesh-vs-continuum gap (continuum ref vs dense upwind at N): med 3.35e-02 max 1.30e-01
  dense q=0: 6.54 ms per residual+Jacobian
  dense q=64: 12.10 ms per residual+Jacobian
  mesh_lattice stride 32 m=49: rho(M=384) med 2.42e+00 max 2.97e+00 | fast max 1.72e+00
  mesh_lattice stride 16 m=225: rho(M=384) med 1.00e-01 max 8.10e-01 | fast max 5.63e-01
  mesh_lattice stride 8 m=961: rho(M=384) med 2.72e-04 max 2.84e-01 | fast max 1.64e-01
  mesh_lattice stride 4 m=3969: rho(M=384) med 3.60e-05 max 8.13e-02 | fast max 3.82e-02
  EQ fit matrix (9216, 8192)
done
