burgers3d: 1664 snapshots on 64^3 (250047 nodes)
  bank step 0 rel. proj. loss 1.989e-01
  bank step 500 rel. proj. loss 3.004e-03
  bank step 1000 rel. proj. loss 1.339e-03
  bank step 1500 rel. proj. loss 8.140e-04
  bank step 2000 rel. proj. loss 7.575e-04
  bank step 2500 rel. proj. loss 1.030e-03
  bank step 3000 rel. proj. loss 6.412e-04
  bank step 3500 rel. proj. loss 8.630e-04
  bank step 3999 rel. proj. loss 8.552e-04
bank trained in 445s; orthonormality err 6.1e-15
projection floor: median 2.602%  worst 40.287%
  head step 0 rel. loss 1.085e+00
  head step 2000 rel. loss 3.077e-03
  head step 4000 rel. loss 2.041e-03
  head step 6000 rel. loss 1.374e-03
  head step 8000 rel. loss 8.228e-04
  head step 10000 rel. loss 4.987e-04
  head step 12000 rel. loss 5.635e-04
  head step 14000 rel. loss 3.886e-04
  head step 16000 rel. loss 2.988e-04
  head step 18000 rel. loss 2.759e-04
  head step 20000 rel. loss 2.117e-04
  head step 22000 rel. loss 1.919e-04
  head step 24000 rel. loss 1.452e-04
  head step 26000 rel. loss 1.342e-04
  head step 28000 rel. loss 1.253e-04
  head step 29999 rel. loss 1.498e-04
head trained in 71s; head fit error median 0.352% worst 10.899%
saved
train exit 0
