N=  128 q=  0 dense         0     m=   16129  residual    0.153 ms  jacobian    3.381 ms  LM step     8.17 ms (3 attempts)
N=  128 q=  0 eq_nnls       1024  m=    1024  residual    0.076 ms  jacobian    0.381 ms  LM step     2.14 ms (3 attempts)
N=  128 q=  0 eq_nnls       2048  m=    2048  residual    0.088 ms  jacobian    0.534 ms  LM step     4.50 ms (3 attempts)
N=  128 q=  0 mesh_lattice  4     m=     961  residual    0.146 ms  jacobian    0.252 ms  LM step     2.07 ms (3 attempts)
N=  128 q=  0 mesh_lattice  2     m=    3969  residual    0.111 ms  jacobian    1.010 ms  LM step     7.40 ms (3 attempts)
N=  128 q=  0 gauss_tensor  16    m=     256  residual    0.029 ms  jacobian    0.170 ms  LM step     1.68 ms (3 attempts)
N=  128 q=  0 gauss_tensor  32    m=    1024  residual    0.057 ms  jacobian    0.270 ms  LM step     1.35 ms (3 attempts)
N=  128 q=  0 gauss_tensor  48    m=    2304  residual    0.113 ms  jacobian    0.606 ms  LM step    19.01 ms (3 attempts)
N=  128 q=  0 smolyak_cc    7     m=     449  residual    0.084 ms  jacobian    0.244 ms  LM step     3.85 ms (3 attempts)
N=  128 q=  0 smolyak_cc    8     m=    1025  residual    0.094 ms  jacobian    0.380 ms  LM step     1.73 ms (3 attempts)
N=  128 q=  0 smolyak_cc    9     m=    2305  residual    0.096 ms  jacobian    1.900 ms  LM step     3.46 ms (3 attempts)
N=  128 q=  0 sobol         1024  m=    1024  residual    0.082 ms  jacobian    0.395 ms  LM step     1.69 ms (3 attempts)
N=  128 q=  0 sobol         4096  m=    4096  residual    0.650 ms  jacobian    1.647 ms  LM step    10.76 ms (3 attempts)
N=  128 q=  0 fibonacci     16    m=     987  residual    0.080 ms  jacobian    1.502 ms  LM step     1.67 ms (3 attempts)
N=  128 q=  0 fibonacci     19    m=    4181  residual    0.138 ms  jacobian    0.997 ms  LM step     6.55 ms (3 attempts)
N=  128 q= 64 dense         0     m=   16129  residual    0.097 ms  jacobian    4.607 ms  LM step    13.79 ms (3 attempts)
N=  128 q= 64 eq_nnls       1024  m=    1024  residual    0.086 ms  jacobian    3.477 ms  LM step     5.07 ms (3 attempts)
N=  128 q= 64 eq_nnls       2048  m=    2048  residual    0.121 ms  jacobian    1.278 ms  LM step     7.77 ms (3 attempts)
N=  128 q= 64 mesh_lattice  4     m=     961  residual    0.076 ms  jacobian    0.686 ms  LM step     4.73 ms (3 attempts)
N=  128 q= 64 mesh_lattice  2     m=    3969  residual    0.263 ms  jacobian    2.330 ms  LM step    11.94 ms (3 attempts)
N=  128 q= 64 gauss_tensor  16    m=     256  residual    0.050 ms  jacobian    0.548 ms  LM step     3.75 ms (3 attempts)
N=  128 q= 64 gauss_tensor  32    m=    1024  residual    0.079 ms  jacobian    0.686 ms  LM step     4.47 ms (3 attempts)
N=  128 q= 64 gauss_tensor  48    m=    2304  residual    0.205 ms  jacobian    1.160 ms  LM step     7.66 ms (3 attempts)
N=  128 q= 64 smolyak_cc    7     m=     449  residual    0.066 ms  jacobian    0.608 ms  LM step     4.15 ms (4 attempts)
N=  128 q= 64 smolyak_cc    8     m=    1025  residual    0.084 ms  jacobian    0.671 ms  LM step     4.54 ms (3 attempts)
N=  128 q= 64 smolyak_cc    9     m=    2305  residual    0.115 ms  jacobian    1.129 ms  LM step     7.33 ms (3 attempts)
N=  128 q= 64 sobol         1024  m=    1024  residual    0.122 ms  jacobian    0.657 ms  LM step     4.43 ms (3 attempts)
N=  128 q= 64 sobol         4096  m=    4096  residual    0.253 ms  jacobian    2.099 ms  LM step    11.79 ms (3 attempts)
N=  128 q= 64 fibonacci     16    m=     987  residual    0.085 ms  jacobian    0.647 ms  LM step     4.15 ms (3 attempts)
N=  128 q= 64 fibonacci     19    m=    4181  residual    0.171 ms  jacobian    1.734 ms  LM step    10.20 ms (3 attempts)
N=  256 q=  0 dense         0     m=   65025  residual    0.678 ms  jacobian    5.292 ms  LM step    21.33 ms (3 attempts)
N=  256 q=  0 eq_nnls       1024  m=    1024  residual    0.054 ms  jacobian    0.252 ms  LM step     1.71 ms (3 attempts)
N=  256 q=  0 eq_nnls       2048  m=    2048  residual    0.074 ms  jacobian    0.569 ms  LM step     3.61 ms (3 attempts)
N=  256 q=  0 mesh_lattice  8     m=     961  residual    0.067 ms  jacobian    0.326 ms  LM step     1.57 ms (3 attempts)
N=  256 q=  0 mesh_lattice  4     m=    3969  residual    0.133 ms  jacobian    0.980 ms  LM step     6.44 ms (3 attempts)
N=  256 q=  0 gauss_tensor  16    m=     256  residual    0.036 ms  jacobian    0.163 ms  LM step     1.45 ms (3 attempts)
N=  256 q=  0 gauss_tensor  32    m=    1024  residual    0.059 ms  jacobian    0.272 ms  LM step     1.50 ms (3 attempts)
N=  256 q=  0 gauss_tensor  48    m=    2304  residual    0.093 ms  jacobian    0.494 ms  LM step     3.86 ms (3 attempts)
N=  256 q=  0 smolyak_cc    7     m=     449  residual    0.040 ms  jacobian    0.226 ms  LM step     0.92 ms (3 attempts)
N=  256 q=  0 smolyak_cc    8     m=    1025  residual    0.049 ms  jacobian    0.226 ms  LM step     1.26 ms (3 attempts)
N=  256 q=  0 smolyak_cc    9     m=    2305  residual    0.095 ms  jacobian    0.488 ms  LM step     3.45 ms (3 attempts)
N=  256 q=  0 sobol         1024  m=    1024  residual    0.059 ms  jacobian    0.301 ms  LM step     1.69 ms (3 attempts)
N=  256 q=  0 sobol         4096  m=    4096  residual    0.171 ms  jacobian    1.361 ms  LM step     8.29 ms (3 attempts)
N=  256 q=  0 fibonacci     16    m=     987  residual    0.054 ms  jacobian    0.212 ms  LM step     1.55 ms (3 attempts)
N=  256 q=  0 fibonacci     19    m=    4181  residual    0.145 ms  jacobian    0.807 ms  LM step     5.69 ms (3 attempts)
N=  256 q= 64 dense         0     m=   65025  residual    0.632 ms  jacobian   11.366 ms  LM step    43.45 ms (3 attempts)
N=  256 q= 64 eq_nnls       1024  m=    1024  residual    0.092 ms  jacobian    0.749 ms  LM step     5.02 ms (3 attempts)
N=  256 q= 64 eq_nnls       2048  m=    2048  residual    0.148 ms  jacobian    1.246 ms  LM step     7.41 ms (3 attempts)
N=  256 q= 64 mesh_lattice  8     m=     961  residual    0.119 ms  jacobian    0.674 ms  LM step     4.56 ms (3 attempts)
N=  256 q= 64 mesh_lattice  4     m=    3969  residual    0.205 ms  jacobian    2.205 ms  LM step    11.34 ms (3 attempts)
N=  256 q= 64 gauss_tensor  16    m=     256  residual    0.051 ms  jacobian    0.504 ms  LM step     4.19 ms (3 attempts)
N=  256 q= 64 gauss_tensor  32    m=    1024  residual    0.070 ms  jacobian    0.702 ms  LM step     4.38 ms (3 attempts)
N=  256 q= 64 gauss_tensor  48    m=    2304  residual    0.155 ms  jacobian    1.183 ms  LM step     7.75 ms (3 attempts)
N=  256 q= 64 smolyak_cc    7     m=     449  residual    0.066 ms  jacobian    0.652 ms  LM step     4.97 ms (4 attempts)
N=  256 q= 64 smolyak_cc    8     m=    1025  residual    0.106 ms  jacobian    0.673 ms  LM step     4.43 ms (3 attempts)
N=  256 q= 64 smolyak_cc    9     m=    2305  residual    0.124 ms  jacobian    1.118 ms  LM step     7.65 ms (3 attempts)
N=  256 q= 64 sobol         1024  m=    1024  residual    0.091 ms  jacobian    0.665 ms  LM step     4.36 ms (3 attempts)
N=  256 q= 64 sobol         4096  m=    4096  residual    0.261 ms  jacobian    2.143 ms  LM step    12.34 ms (3 attempts)
N=  256 q= 64 fibonacci     16    m=     987  residual    0.088 ms  jacobian    0.634 ms  LM step     4.41 ms (3 attempts)
N=  256 q= 64 fibonacci     19    m=    4181  residual    0.178 ms  jacobian    1.833 ms  LM step    10.60 ms (3 attempts)
N=  512 q=  0 dense         0     m=  261121  residual    4.486 ms  jacobian   20.007 ms  LM step    83.20 ms (3 attempts)
N=  512 q=  0 eq_nnls       1024  m=    1024  residual    0.096 ms  jacobian    0.260 ms  LM step     1.74 ms (3 attempts)
N=  512 q=  0 eq_nnls       2048  m=    2048  residual    0.106 ms  jacobian    0.513 ms  LM step     3.66 ms (3 attempts)
N=  512 q=  0 mesh_lattice  16    m=     961  residual    0.073 ms  jacobian    0.246 ms  LM step     1.67 ms (3 attempts)
N=  512 q=  0 mesh_lattice  8     m=    3969  residual    0.138 ms  jacobian    0.982 ms  LM step     6.40 ms (3 attempts)
N=  512 q=  0 gauss_tensor  16    m=     256  residual    0.037 ms  jacobian    0.281 ms  LM step     0.93 ms (3 attempts)
N=  512 q=  0 gauss_tensor  32    m=    1024  residual    0.050 ms  jacobian    0.226 ms  LM step     1.26 ms (3 attempts)
N=  512 q=  0 gauss_tensor  48    m=    2304  residual    0.098 ms  jacobian    0.473 ms  LM step     3.43 ms (3 attempts)
N=  512 q=  0 smolyak_cc    7     m=     449  residual    0.039 ms  jacobian    0.214 ms  LM step     1.36 ms (3 attempts)
N=  512 q=  0 smolyak_cc    8     m=    1025  residual    0.066 ms  jacobian    0.287 ms  LM step     1.53 ms (3 attempts)
N=  512 q=  0 smolyak_cc    9     m=    2305  residual    0.089 ms  jacobian    0.484 ms  LM step     3.40 ms (3 attempts)
N=  512 q=  0 sobol         1024  m=    1024  residual    0.054 ms  jacobian    0.229 ms  LM step     1.17 ms (3 attempts)
N=  512 q=  0 sobol         4096  m=    4096  residual    0.158 ms  jacobian    1.322 ms  LM step     9.00 ms (3 attempts)
N=  512 q=  0 fibonacci     16    m=     987  residual    0.076 ms  jacobian    0.222 ms  LM step     1.15 ms (3 attempts)
N=  512 q=  0 fibonacci     19    m=    4181  residual    0.097 ms  jacobian    0.792 ms  LM step     5.70 ms (3 attempts)
N=  512 q= 64 dense         0     m=  261121  residual    4.401 ms  jacobian   42.877 ms  LM step   168.17 ms (3 attempts)
N=  512 q= 64 eq_nnls       1024  m=    1024  residual    0.081 ms  jacobian    0.783 ms  LM step     5.55 ms (3 attempts)
N=  512 q= 64 eq_nnls       2048  m=    2048  residual    0.092 ms  jacobian    1.278 ms  LM step     7.29 ms (3 attempts)
N=  512 q= 64 mesh_lattice  16    m=     961  residual    0.076 ms  jacobian    0.693 ms  LM step     4.66 ms (3 attempts)
N=  512 q= 64 mesh_lattice  8     m=    3969  residual    0.218 ms  jacobian    2.264 ms  LM step    11.86 ms (3 attempts)
N=  512 q= 64 gauss_tensor  16    m=     256  residual    0.033 ms  jacobian    0.480 ms  LM step     2.72 ms (3 attempts)
N=  512 q= 64 gauss_tensor  32    m=    1024  residual    0.075 ms  jacobian    0.665 ms  LM step     4.31 ms (3 attempts)
N=  512 q= 64 gauss_tensor  48    m=    2304  residual    0.133 ms  jacobian    1.138 ms  LM step     7.36 ms (3 attempts)
N=  512 q= 64 smolyak_cc    7     m=     449  residual    0.055 ms  jacobian    0.618 ms  LM step     5.12 ms (4 attempts)
N=  512 q= 64 smolyak_cc    8     m=    1025  residual    0.091 ms  jacobian    0.674 ms  LM step     4.35 ms (3 attempts)
N=  512 q= 64 smolyak_cc    9     m=    2305  residual    0.154 ms  jacobian    1.043 ms  LM step     7.73 ms (3 attempts)
N=  512 q= 64 sobol         1024  m=    1024  residual    0.112 ms  jacobian    0.657 ms  LM step     4.57 ms (3 attempts)
N=  512 q= 64 sobol         4096  m=    4096  residual    0.273 ms  jacobian    2.219 ms  LM step    12.63 ms (3 attempts)
N=  512 q= 64 fibonacci     16    m=     987  residual    0.076 ms  jacobian    0.647 ms  LM step     4.24 ms (3 attempts)
N=  512 q= 64 fibonacci     19    m=    4181  residual    0.199 ms  jacobian    1.966 ms  LM step    10.70 ms (3 attempts)
N= 1024 q=  0 dense         0     m= 1046529  residual   18.513 ms  jacobian   75.380 ms  LM step   333.59 ms (3 attempts)
N= 1024 q=  0 mesh_lattice  32    m=     961  residual    0.052 ms  jacobian    0.261 ms  LM step     1.52 ms (3 attempts)
N= 1024 q=  0 mesh_lattice  16    m=    3969  residual    0.109 ms  jacobian    0.996 ms  LM step     6.84 ms (3 attempts)
N= 1024 q=  0 gauss_tensor  16    m=     256  residual    0.049 ms  jacobian    0.163 ms  LM step     0.92 ms (3 attempts)
N= 1024 q=  0 gauss_tensor  32    m=    1024  residual    0.080 ms  jacobian    0.269 ms  LM step     1.52 ms (3 attempts)
N= 1024 q=  0 gauss_tensor  48    m=    2304  residual    0.101 ms  jacobian    0.502 ms  LM step     3.35 ms (3 attempts)
N= 1024 q=  0 smolyak_cc    7     m=     449  residual    0.049 ms  jacobian    0.215 ms  LM step     1.01 ms (3 attempts)
N= 1024 q=  0 smolyak_cc    8     m=    1025  residual    0.051 ms  jacobian    0.258 ms  LM step     1.63 ms (3 attempts)
N= 1024 q=  0 smolyak_cc    9     m=    2305  residual    0.112 ms  jacobian    0.533 ms  LM step     3.82 ms (3 attempts)
N= 1024 q=  0 sobol         1024  m=    1024  residual    0.078 ms  jacobian    0.334 ms  LM step     1.21 ms (3 attempts)
N= 1024 q=  0 sobol         4096  m=    4096  residual    0.171 ms  jacobian    1.255 ms  LM step    10.06 ms (3 attempts)
N= 1024 q=  0 fibonacci     16    m=     987  residual    0.053 ms  jacobian    0.303 ms  LM step     1.49 ms (3 attempts)
N= 1024 q=  0 fibonacci     19    m=    4181  residual    0.111 ms  jacobian    0.798 ms  LM step     5.79 ms (3 attempts)
N= 1024 q= 64 dense         0     m= 1046529  residual   17.506 ms  jacobian  175.466 ms  LM step   673.43 ms (3 attempts)
N= 1024 q= 64 mesh_lattice  32    m=     961  residual    0.090 ms  jacobian    0.734 ms  LM step     4.90 ms (3 attempts)
N= 1024 q= 64 mesh_lattice  16    m=    3969  residual    0.232 ms  jacobian    2.436 ms  LM step    12.15 ms (3 attempts)
N= 1024 q= 64 gauss_tensor  16    m=     256  residual    0.060 ms  jacobian    0.480 ms  LM step     4.04 ms (3 attempts)
N= 1024 q= 64 gauss_tensor  32    m=    1024  residual    0.095 ms  jacobian    0.685 ms  LM step     4.33 ms (3 attempts)
N= 1024 q= 64 gauss_tensor  48    m=    2304  residual    0.118 ms  jacobian    1.122 ms  LM step     7.49 ms (3 attempts)
N= 1024 q= 64 smolyak_cc    7     m=     449  residual    0.079 ms  jacobian    0.580 ms  LM step     4.28 ms (4 attempts)
N= 1024 q= 64 smolyak_cc    8     m=    1025  residual    0.080 ms  jacobian    0.699 ms  LM step     4.67 ms (3 attempts)
N= 1024 q= 64 smolyak_cc    9     m=    2305  residual    0.125 ms  jacobian    1.109 ms  LM step     7.32 ms (3 attempts)
N= 1024 q= 64 sobol         1024  m=    1024  residual    0.079 ms  jacobian    0.623 ms  LM step     4.24 ms (3 attempts)
N= 1024 q= 64 sobol         4096  m=    4096  residual    0.222 ms  jacobian    2.178 ms  LM step    12.35 ms (3 attempts)
N= 1024 q= 64 fibonacci     16    m=     987  residual    0.081 ms  jacobian    0.674 ms  LM step     4.38 ms (3 attempts)
N= 1024 q= 64 fibonacci     19    m=    4181  residual    0.197 ms  jacobian    2.172 ms  LM step    10.72 ms (3 attempts)
done
