== burgers: reached states from dense reduced rollouts at N=256
  dense q=0 M=64 case 0: err same-grid 3.228% refined 3.488% (FOM 1.138%) its/step 2.6 exits [0, 50, 0, 0] wall 5.1s
  dense q=0 M=64 case 1: err same-grid 20.465% refined 21.798% (FOM 2.631%) its/step 2.2 exits [0, 50, 0, 0] wall 2.4s
  dense q=0 M=64 case 2: err same-grid 32.845% refined 34.097% (FOM 2.385%) its/step 2.0 exits [0, 50, 0, 0] wall 2.3s
  dense q=0 M=64 case 3: err same-grid 10.381% refined 10.432% (FOM 1.171%) its/step 2.2 exits [0, 50, 0, 0] wall 2.9s
  dense q=0 M=64 case 4: err same-grid 3.509% refined 3.603% (FOM 0.685%) its/step 2.0 exits [0, 50, 0, 0] wall 2.5s
  dense q=0 M=64 case 5: err same-grid 2.403% refined 2.463% (FOM 0.817%) its/step 2.0 exits [0, 50, 0, 0] wall 2.4s
  dense q=64 M=320 case 0: err same-grid 1.930% refined 2.136% (FOM 1.138%) its/step 2.5 exits [0, 50, 0, 0] wall 8.2s
  dense q=64 M=320 case 1: err same-grid 11.430% refined 12.573% (FOM 2.631%) its/step 2.3 exits [0, 50, 0, 0] wall 5.4s
  dense q=64 M=320 case 2: err same-grid 20.921% refined 21.848% (FOM 2.385%) its/step 2.0 exits [0, 50, 0, 0] wall 5.1s
  dense q=64 M=320 case 3: err same-grid 8.118% refined 8.166% (FOM 1.171%) its/step 2.2 exits [0, 50, 0, 0] wall 5.1s
  dense q=64 M=320 case 4: err same-grid 2.206% refined 2.305% (FOM 0.685%) its/step 2.0 exits [0, 50, 0, 0] wall 5.1s
  dense q=64 M=320 case 5: err same-grid 1.430% refined 1.492% (FOM 0.817%) its/step 2.0 exits [0, 50, 0, 0] wall 6.3s
  96 reached states kept
  reference check: GL200 vs GL300 rho max 9.70e-15
  point vs flux form at GL300: rho max 1.27e-14
== off-mesh rules vs continuum reference (mesh-independent)
  [point] gauss_tensor     6     m=    36  rho(M=320) med 3.43e+00 max 6.32e+00 | rho(M=64) med 1.37e+00 max 2.63e+00
  [point] gauss_tensor     8     m=    64  rho(M=320) med 2.91e+00 max 4.48e+00 | rho(M=64) med 9.63e-01 max 2.02e+00
  [point] gauss_tensor     12    m=   144  rho(M=320) med 1.85e+00 max 2.26e+00 | rho(M=64) med 1.46e-01 max 1.10e+00
  [point] gauss_tensor     16    m=   256  rho(M=320) med 1.01e+00 max 1.51e+00 | rho(M=64) med 1.80e-02 max 4.09e-01
  [point] gauss_tensor     24    m=   576  rho(M=320) med 2.64e-02 max 3.80e-01 | rho(M=64) med 1.95e-03 max 2.74e-02
  [point] gauss_tensor     32    m=  1024  rho(M=320) med 2.63e-03 max 3.56e-02 | rho(M=64) med 1.62e-04 max 2.13e-03
  [point] gauss_tensor     48    m=  2304  rho(M=320) med 1.82e-05 max 1.83e-04 | rho(M=64) med 1.28e-06 max 1.62e-05
  [point] gauss_tensor     64    m=  4096  rho(M=320) med 1.79e-07 max 5.07e-06 | rho(M=64) med 1.38e-08 max 1.26e-06
  [point] smolyak_cc       3     m=    13  rho(M=320) med 9.99e+00 max 3.12e+01 | rho(M=64) med 4.56e+00 max 1.94e+01
  [point] smolyak_cc       4     m=    33  rho(M=320) med 8.06e+00 max 3.41e+01 | rho(M=64) med 2.84e+00 max 2.29e+01
  [point] smolyak_cc       5     m=    81  rho(M=320) med 5.70e+00 max 2.34e+01 | rho(M=64) med 1.88e+00 max 1.25e+01
  [point] smolyak_cc       6     m=   193  rho(M=320) med 4.09e+00 max 1.12e+01 | rho(M=64) med 1.14e+00 max 5.41e+00
  [point] smolyak_cc       7     m=   449  rho(M=320) med 2.27e+00 max 4.73e+00 | rho(M=64) med 3.02e-01 max 1.68e+00
  [point] smolyak_cc       8     m=  1025  rho(M=320) med 9.94e-01 max 1.82e+00 | rho(M=64) med 1.99e-02 max 4.16e-01
  [point] smolyak_cc       9     m=  2305  rho(M=320) med 7.63e-02 max 6.48e-01 | rho(M=64) med 4.22e-03 max 9.36e-02
  [point] smolyak_cc       10    m=  5121  rho(M=320) med 1.87e-03 max 2.96e-02 | rho(M=64) med 1.05e-04 max 1.18e-03
  [point] smolyak_gl_exp   3     m=    73  rho(M=320) med 7.85e+00 max 2.80e+01 | rho(M=64) med 2.61e+00 max 1.88e+01
  [point] smolyak_gl_exp   4     m=   221  rho(M=320) med 5.01e+00 max 1.65e+01 | rho(M=64) med 1.40e+00 max 7.18e+00
  [point] smolyak_gl_exp   5     m=   609  rho(M=320) med 2.56e+00 max 5.63e+00 | rho(M=64) med 4.07e-01 max 2.05e+00
  [point] smolyak_gl_exp   6     m=  1573  rho(M=320) med 1.21e+00 max 1.97e+00 | rho(M=64) med 2.42e-02 max 5.13e-01
  [point] smolyak_gl_exp   7     m=  3881  rho(M=320) med 1.10e-01 max 7.34e-01 | rho(M=64) med 5.09e-03 max 1.06e-01
  [point] smolyak_gl_exp   8     m=  9261  rho(M=320) med 2.29e-03 max 3.65e-02 | rho(M=64) med 1.25e-04 max 1.54e-03
  [point] smolyak_gl_exp   9     m= 21553  rho(M=320) med 9.19e-05 max 1.23e-03 | rho(M=64) med 7.27e-06 max 1.65e-04
  [point] smolyak_gl_lin   6     m=   305  rho(M=320) med 8.16e+00 max 1.47e+01 | rho(M=64) med 1.12e+00 max 7.07e+00
  [point] smolyak_gl_lin   10    m=  1361  rho(M=320) med 2.94e+00 max 5.96e+00 | rho(M=64) med 9.12e-02 max 1.30e+00
  [point] smolyak_gl_lin   14    m=  3697  rho(M=320) med 2.81e-01 max 1.63e+00 | rho(M=64) med 1.87e-02 max 2.46e-01
  [point] smolyak_gl_lin   18    m=  7825  rho(M=320) med 3.76e-02 max 4.34e-01 | rho(M=64) med 3.54e-03 max 6.19e-02
  [point] smolyak_gl_lin   22    m= 14257  rho(M=320) med 9.45e-03 max 1.30e-01 | rho(M=64) med 6.27e-04 max 1.00e-02
  [point] smolyak_gl_lin   26    m= 23505  rho(M=320) med 1.91e-03 max 3.13e-02 | rho(M=64) med 1.18e-04 max 1.35e-03
  [point] smolyak_gl_lin   30    m= 36081  rho(M=320) med 3.33e-04 max 3.51e-03 | rho(M=64) med 2.74e-05 max 3.84e-04
  [point] smolyak_gl_lin   34    m= 52497  rho(M=320) med 6.90e-05 max 8.74e-04 | rho(M=64) med 5.84e-06 max 8.14e-05
  [point] smolyak_gl_lin   38    m= 73265  rho(M=320) med 1.45e-05 max 2.30e-04 | rho(M=64) med 1.29e-06 max 1.58e-05
  [point] sobol            256   m=   256  rho(M=320) med 7.98e-01 max 1.22e+00 | rho(M=64) med 1.45e-01 max 5.71e-01
  [point] halton           256   m=   256  rho(M=320) med 6.77e-01 max 8.23e-01 | rho(M=64) med 2.39e-01 max 3.98e-01
  [point] mc               256   m=   256  rho(M=320) med 1.04e+00 max 2.16e+00 | rho(M=64) med 5.32e-01 max 1.30e+00
  [point] sobol            512   m=   512  rho(M=320) med 3.59e-01 max 5.85e-01 | rho(M=64) med 5.61e-02 max 2.66e-01
  [point] halton           512   m=   512  rho(M=320) med 3.88e-01 max 5.19e-01 | rho(M=64) med 9.90e-02 max 2.57e-01
  [point] mc               512   m=   512  rho(M=320) med 8.15e-01 max 1.20e+00 | rho(M=64) med 4.15e-01 max 6.64e-01
  [point] sobol            1024  m=  1024  rho(M=320) med 1.48e-01 max 2.17e-01 | rho(M=64) med 2.30e-02 max 5.39e-02
  [point] halton           1024  m=  1024  rho(M=320) med 2.06e-01 max 2.51e-01 | rho(M=64) med 4.91e-02 max 1.55e-01
  [point] mc               1024  m=  1024  rho(M=320) med 5.61e-01 max 6.21e-01 | rho(M=64) med 2.76e-01 max 3.64e-01
  [point] sobol            2048  m=  2048  rho(M=320) med 8.62e-02 max 1.03e-01 | rho(M=64) med 1.10e-02 max 5.11e-02
  [point] halton           2048  m=  2048  rho(M=320) med 1.01e-01 max 1.73e-01 | rho(M=64) med 2.74e-02 max 7.33e-02
  [point] mc               2048  m=  2048  rho(M=320) med 4.21e-01 max 5.99e-01 | rho(M=64) med 2.25e-01 max 3.47e-01
  [point] sobol            4096  m=  4096  rho(M=320) med 2.06e-02 max 2.75e-02 | rho(M=64) med 4.64e-03 max 1.84e-02
  [point] halton           4096  m=  4096  rho(M=320) med 6.57e-02 max 8.38e-02 | rho(M=64) med 1.54e-02 max 2.80e-02
  [point] mc               4096  m=  4096  rho(M=320) med 2.88e-01 max 3.78e-01 | rho(M=64) med 1.56e-01 max 2.35e-01
  [point] sobol            8192  m=  8192  rho(M=320) med 6.63e-03 max 9.89e-03 | rho(M=64) med 4.53e-04 max 4.08e-03
  [point] halton           8192  m=  8192  rho(M=320) med 2.88e-02 max 4.22e-02 | rho(M=64) med 6.50e-03 max 1.37e-02
  [point] mc               8192  m=  8192  rho(M=320) med 2.20e-01 max 3.68e-01 | rho(M=64) med 1.23e-01 max 2.45e-01
  [point] fibonacci        12    m=   144  rho(M=320) med 9.79e-01 max 1.15e+00 | rho(M=64) med 2.55e-02 max 3.68e-01
  [point] fibonacci_tent   12    m=   144  rho(M=320) med 1.33e+00 max 2.06e+00 | rho(M=64) med 2.88e-01 max 7.12e-01
  [point] fibonacci        13    m=   233  rho(M=320) med 1.09e-01 max 5.36e-01 | rho(M=64) med 6.59e-03 max 6.14e-02
  [point] fibonacci_tent   13    m=   233  rho(M=320) med 1.46e+00 max 2.02e+00 | rho(M=64) med 1.78e-01 max 9.19e-01
  [point] fibonacci        14    m=   377  rho(M=320) med 9.34e-03 max 1.17e-01 | rho(M=64) med 6.02e-04 max 2.72e-02
  [point] fibonacci_tent   14    m=   377  rho(M=320) med 6.02e-01 max 6.93e-01 | rho(M=64) med 1.89e-02 max 2.08e-01
  [point] fibonacci        15    m=   610  rho(M=320) med 2.71e-03 max 8.10e-02 | rho(M=64) med 1.93e-04 max 1.33e-02
  [point] fibonacci_tent   15    m=   610  rho(M=320) med 4.14e-01 max 5.60e-01 | rho(M=64) med 9.21e-03 max 8.65e-02
  [point] fibonacci        16    m=   987  rho(M=320) med 6.95e-04 max 4.24e-02 | rho(M=64) med 5.87e-05 max 5.76e-03
  [point] fibonacci_tent   16    m=   987  rho(M=320) med 5.00e-02 max 2.95e-01 | rho(M=64) med 3.51e-03 max 4.54e-02
  [point] fibonacci        17    m=  1597  rho(M=320) med 2.61e-04 max 2.96e-02 | rho(M=64) med 1.09e-05 max 1.09e-03
  [point] fibonacci_tent   17    m=  1597  rho(M=320) med 3.94e-03 max 7.91e-02 | rho(M=64) med 2.21e-04 max 1.05e-02
  [point] fibonacci        18    m=  2584  rho(M=320) med 7.73e-05 max 9.81e-03 | rho(M=64) med 3.59e-06 max 4.37e-04
  [point] fibonacci_tent   18    m=  2584  rho(M=320) med 8.71e-04 max 1.65e-02 | rho(M=64) med 8.04e-05 max 3.37e-03
  [point] fibonacci        19    m=  4181  rho(M=320) med 1.68e-05 max 1.97e-03 | rho(M=64) med 7.19e-07 max 8.95e-05
  [point] fibonacci_tent   19    m=  4181  rho(M=320) med 1.98e-04 max 1.75e-02 | rho(M=64) med 1.69e-05 max 3.07e-03
  [point] fibonacci        20    m=  6765  rho(M=320) med 3.65e-06 max 4.53e-04 | rho(M=64) med 1.41e-07 max 1.91e-05
  [point] fibonacci_tent   20    m=  6765  rho(M=320) med 1.14e-04 max 1.43e-02 | rho(M=64) med 4.36e-06 max 5.35e-04
  [flux] gauss_tensor     6     m=    36  rho(M=320) med 1.76e+01 max 2.79e+01 | rho(M=64) med 3.23e+00 max 5.27e+00
  [flux] gauss_tensor     8     m=    64  rho(M=320) med 1.35e+01 max 1.70e+01 | rho(M=64) med 1.98e+00 max 2.47e+00
  [flux] gauss_tensor     12    m=   144  rho(M=320) med 1.02e+01 max 1.30e+01 | rho(M=64) med 1.66e-01 max 7.19e-01
  [flux] gauss_tensor     16    m=   256  rho(M=320) med 5.59e+00 max 7.75e+00 | rho(M=64) med 1.02e-02 max 2.01e-01
  [flux] gauss_tensor     24    m=   576  rho(M=320) med 3.83e-02 max 4.77e-01 | rho(M=64) med 6.57e-04 max 8.76e-03
  [flux] gauss_tensor     32    m=  1024  rho(M=320) med 1.97e-03 max 2.11e-02 | rho(M=64) med 3.21e-05 max 3.78e-04
  [flux] gauss_tensor     48    m=  2304  rho(M=320) med 5.84e-06 max 6.32e-05 | rho(M=64) med 2.22e-07 max 1.50e-05
  [flux] gauss_tensor     64    m=  4096  rho(M=320) med 3.97e-08 max 1.15e-06 | rho(M=64) med 2.89e-09 max 3.59e-07
  [flux] smolyak_cc       3     m=    13  rho(M=320) med 5.61e+01 max 9.66e+01 | rho(M=64) med 1.15e+01 max 2.30e+01
  [flux] smolyak_cc       4     m=    33  rho(M=320) med 3.86e+01 max 1.06e+02 | rho(M=64) med 6.64e+00 max 2.26e+01
  [flux] smolyak_cc       5     m=    81  rho(M=320) med 2.64e+01 max 7.59e+01 | rho(M=64) med 4.52e+00 max 1.02e+01
  [flux] smolyak_cc       6     m=   193  rho(M=320) med 2.13e+01 max 3.61e+01 | rho(M=64) med 2.21e+00 max 3.70e+00
  [flux] smolyak_cc       7     m=   449  rho(M=320) med 1.29e+01 max 1.65e+01 | rho(M=64) med 4.26e-01 max 9.74e-01
  [flux] smolyak_cc       8     m=  1025  rho(M=320) med 4.12e+00 max 5.48e+00 | rho(M=64) med 8.70e-03 max 1.84e-01
  [flux] smolyak_cc       9     m=  2305  rho(M=320) med 1.67e-01 max 1.13e+00 | rho(M=64) med 1.47e-03 max 3.01e-02
  [flux] smolyak_cc       10    m=  5121  rho(M=320) med 1.21e-03 max 2.02e-02 | rho(M=64) med 1.76e-05 max 2.17e-04
  [flux] smolyak_gl_exp   3     m=    73  rho(M=320) med 3.66e+01 max 8.17e+01 | rho(M=64) med 5.63e+00 max 1.78e+01
  [flux] smolyak_gl_exp   4     m=   221  rho(M=320) med 2.73e+01 max 5.46e+01 | rho(M=64) med 2.73e+00 max 4.83e+00
  [flux] smolyak_gl_exp   5     m=   609  rho(M=320) med 1.51e+01 max 1.90e+01 | rho(M=64) med 6.65e-01 max 1.18e+00
  [flux] smolyak_gl_exp   6     m=  1573  rho(M=320) med 5.27e+00 max 7.28e+00 | rho(M=64) med 1.17e-02 max 2.40e-01
  [flux] smolyak_gl_exp   7     m=  3881  rho(M=320) med 2.72e-01 max 1.38e+00 | rho(M=64) med 1.67e-03 max 3.48e-02
  [flux] smolyak_gl_exp   8     m=  9261  rho(M=320) med 1.52e-03 max 2.53e-02 | rho(M=64) med 2.17e-05 max 2.85e-04
  [flux] smolyak_gl_exp   9     m= 21553  rho(M=320) med 4.31e-05 max 5.59e-04 | rho(M=64) med 1.01e-06 max 2.44e-05
  [flux] smolyak_gl_lin   6     m=   305  rho(M=320) med 5.10e+01 max 6.40e+01 | rho(M=64) med 1.82e+00 max 5.19e+00
  [flux] smolyak_gl_lin   10    m=  1361  rho(M=320) med 1.30e+01 max 2.63e+01 | rho(M=64) med 4.12e-02 max 7.29e-01
  [flux] smolyak_gl_lin   14    m=  3697  rho(M=320) med 6.23e-01 max 3.15e+00 | rho(M=64) med 6.03e-03 max 8.49e-02
  [flux] smolyak_gl_lin   18    m=  7825  rho(M=320) med 3.30e-02 max 5.70e-01 | rho(M=64) med 9.56e-04 max 1.78e-02
  [flux] smolyak_gl_lin   22    m= 14257  rho(M=320) med 6.92e-03 max 1.06e-01 | rho(M=64) med 1.45e-04 max 2.23e-03
  [flux] smolyak_gl_lin   26    m= 23505  rho(M=320) med 1.15e-03 max 2.16e-02 | rho(M=64) med 1.93e-05 max 2.49e-04
  [flux] smolyak_gl_lin   30    m= 36081  rho(M=320) med 1.66e-04 max 1.85e-03 | rho(M=64) med 3.83e-06 max 6.42e-05
  [flux] smolyak_gl_lin   34    m= 52497  rho(M=320) med 2.78e-05 max 3.55e-04 | rho(M=64) med 7.31e-07 max 1.16e-05
  [flux] smolyak_gl_lin   38    m= 73265  rho(M=320) med 4.87e-06 max 8.55e-05 | rho(M=64) med 1.50e-07 max 1.69e-06
  [flux] sobol            256   m=   256  rho(M=320) med 3.81e+00 max 4.75e+00 | rho(M=64) med 2.51e-01 max 5.49e-01
  [flux] halton           256   m=   256  rho(M=320) med 2.91e+00 max 3.84e+00 | rho(M=64) med 5.59e-01 max 1.02e+00
  [flux] mc               256   m=   256  rho(M=320) med 4.87e+00 max 7.59e+00 | rho(M=64) med 1.05e+00 max 1.51e+00
  [flux] sobol            512   m=   512  rho(M=320) med 1.84e+00 max 2.62e+00 | rho(M=64) med 1.03e-01 max 2.43e-01
  [flux] halton           512   m=   512  rho(M=320) med 1.75e+00 max 2.53e+00 | rho(M=64) med 2.08e-01 max 3.18e-01
  [flux] mc               512   m=   512  rho(M=320) med 3.42e+00 max 4.94e+00 | rho(M=64) med 7.61e-01 max 1.36e+00
  [flux] sobol            1024  m=  1024  rho(M=320) med 8.57e-01 max 1.10e+00 | rho(M=64) med 4.18e-02 max 8.02e-02
  [flux] halton           1024  m=  1024  rho(M=320) med 8.74e-01 max 1.74e+00 | rho(M=64) med 1.02e-01 max 1.36e-01
  [flux] mc               1024  m=  1024  rho(M=320) med 2.44e+00 max 3.08e+00 | rho(M=64) med 5.83e-01 max 8.98e-01
  [flux] sobol            2048  m=  2048  rho(M=320) med 4.42e-01 max 7.53e-01 | rho(M=64) med 2.16e-02 max 3.68e-02
  [flux] halton           2048  m=  2048  rho(M=320) med 5.01e-01 max 9.04e-01 | rho(M=64) med 5.33e-02 max 8.99e-02
  [flux] mc               2048  m=  2048  rho(M=320) med 2.00e+00 max 2.86e+00 | rho(M=64) med 4.43e-01 max 8.55e-01
  [flux] sobol            4096  m=  4096  rho(M=320) med 9.55e-02 max 1.72e-01 | rho(M=64) med 8.63e-03 max 1.63e-02
  [flux] halton           4096  m=  4096  rho(M=320) med 2.87e-01 max 4.59e-01 | rho(M=64) med 3.10e-02 max 4.49e-02
  [flux] mc               4096  m=  4096  rho(M=320) med 1.45e+00 max 2.18e+00 | rho(M=64) med 3.19e-01 max 5.78e-01
  [flux] sobol            8192  m=  8192  rho(M=320) med 2.78e-02 max 4.41e-02 | rho(M=64) med 5.54e-04 max 2.29e-03
  [flux] halton           8192  m=  8192  rho(M=320) med 1.38e-01 max 1.72e-01 | rho(M=64) med 1.34e-02 max 3.25e-02
  [flux] mc               8192  m=  8192  rho(M=320) med 9.15e-01 max 1.53e+00 | rho(M=64) med 2.55e-01 max 4.37e-01
  [flux] fibonacci        12    m=   144  rho(M=320) med 5.84e+00 max 6.95e+00 | rho(M=64) med 1.30e-02 max 1.88e-01
  [flux] fibonacci_tent   12    m=   144  rho(M=320) med 5.86e+00 max 7.84e+00 | rho(M=64) med 4.62e-01 max 7.00e-01
  [flux] fibonacci        13    m=   233  rho(M=320) med 1.80e-01 max 7.77e-01 | rho(M=64) med 2.46e-03 max 2.73e-02
  [flux] fibonacci_tent   13    m=   233  rho(M=320) med 7.05e+00 max 8.64e+00 | rho(M=64) med 2.23e-01 max 6.44e-01
  [flux] fibonacci        14    m=   377  rho(M=320) med 7.91e-03 max 1.66e-01 | rho(M=64) med 2.54e-04 max 9.09e-03
  [flux] fibonacci_tent   14    m=   377  rho(M=320) med 2.67e+00 max 3.24e+00 | rho(M=64) med 1.31e-02 max 1.08e-01
  [flux] fibonacci        15    m=   610  rho(M=320) med 1.83e-03 max 6.43e-02 | rho(M=64) med 8.02e-05 max 7.72e-03
  [flux] fibonacci_tent   15    m=   610  rho(M=320) med 1.42e+00 max 1.73e+00 | rho(M=64) med 3.68e-03 max 3.92e-02
  [flux] fibonacci        16    m=   987  rho(M=320) med 4.22e-04 max 3.59e-02 | rho(M=64) med 2.06e-05 max 2.92e-03
  [flux] fibonacci_tent   16    m=   987  rho(M=320) med 9.68e-02 max 4.72e-01 | rho(M=64) med 1.19e-03 max 1.41e-02
  [flux] fibonacci        17    m=  1597  rho(M=320) med 1.31e-04 max 1.38e-02 | rho(M=64) med 4.59e-06 max 5.24e-04
  [flux] fibonacci_tent   17    m=  1597  rho(M=320) med 4.52e-03 max 8.32e-02 | rho(M=64) med 1.12e-04 max 7.73e-03
  [flux] fibonacci        18    m=  2584  rho(M=320) med 4.01e-05 max 5.31e-03 | rho(M=64) med 1.65e-06 max 1.83e-04
  [flux] fibonacci_tent   18    m=  2584  rho(M=320) med 6.72e-04 max 2.24e-02 | rho(M=64) med 3.61e-05 max 4.18e-03
  [flux] fibonacci        19    m=  4181  rho(M=320) med 8.19e-06 max 1.05e-03 | rho(M=64) med 3.52e-07 max 4.14e-05
  [flux] fibonacci_tent   19    m=  4181  rho(M=320) med 1.33e-04 max 1.15e-02 | rho(M=64) med 7.49e-06 max 1.72e-03
  [flux] fibonacci        20    m=  6765  rho(M=320) med 1.86e-06 max 2.36e-04 | rho(M=64) med 6.97e-08 max 1.01e-05
  [flux] fibonacci_tent   20    m=  6765  rho(M=320) med 6.12e-05 max 7.90e-03 | rho(M=64) med 2.07e-06 max 2.19e-04
== mesh N=256
  mesh-vs-continuum gap (continuum ref vs dense upwind at N): med 3.13e-02 max 7.06e-02
  dense q=0: 5.96 ms per residual+Jacobian
  dense q=64: 14.98 ms per residual+Jacobian
  mesh_lattice stride 32 m=49: rho(M=320) med 2.20e+00 max 2.60e+00 | fast max 1.23e+00
  mesh_lattice stride 16 m=225: rho(M=320) med 5.94e-02 max 3.97e-01 | fast max 8.56e-02
  mesh_lattice stride 8 m=961: rho(M=320) med 1.94e-03 max 1.90e-01 | fast max 6.61e-02
  mesh_lattice stride 4 m=3969: rho(M=320) med 6.86e-04 max 7.72e-02 | fast max 2.49e-02
  EQ fit matrix (7680, 8192)
  eq_nnls m=256 support 256 (fit res 2.63e-01, 3s): rho(M=320) med 3.92e-01 max 8.04e-01 | fast max 7.45e-01
  eq_nnls m=512 support 512 (fit res 1.54e-02, 51s): rho(M=320) med 3.50e-02 max 4.82e-01 | fast max 1.91e-01
  eq_nnls m=1024 support 1024 (fit res 2.31e-04, 290s): rho(M=320) med 2.22e-03 max 2.05e-01 | fast max 6.69e-02
  eq_nnls m=2048 support 2048 (fit res 2.46e-06, 1957s): rho(M=320) med 2.06e-04 max 1.45e-02 | fast max 1.84e-03
  time sobol:1024 m=1024 q=0: 3.44 ms per residual+Jacobian
  time sobol:1024 m=1024 q=64: 5.22 ms per residual+Jacobian
  time sobol:4096 m=4096 q=0: 12.47 ms per residual+Jacobian
  time sobol:4096 m=4096 q=64: 17.18 ms per residual+Jacobian
  time smolyak_cc:7 m=449 q=0: 0.95 ms per residual+Jacobian
  time smolyak_cc:7 m=449 q=64: 2.84 ms per residual+Jacobian
  time gauss_tensor:32 m=1024 q=0: 2.65 ms per residual+Jacobian
  time gauss_tensor:32 m=1024 q=64: 4.58 ms per residual+Jacobian
done
