== burgers: reached states from dense reduced rollouts at N=256
  using projected training snapshots as states
  96 reached states kept
  reference check: GL200 vs GL300 rho max 1.14e-14
  point vs flux form at GL300: rho max 1.40e-14
== off-mesh rules vs continuum reference (mesh-independent)
  [point] gauss_tensor     6     m=    36  rho(M=320) med 3.52e+00 max 8.03e+00 | rho(M=64) med 1.41e+00 max 3.47e+00
  [point] gauss_tensor     8     m=    64  rho(M=320) med 2.68e+00 max 4.88e+00 | rho(M=64) med 8.96e-01 max 3.55e+00
  [point] gauss_tensor     12    m=   144  rho(M=320) med 1.71e+00 max 2.80e+00 | rho(M=64) med 1.16e-01 max 1.51e+00
  [point] gauss_tensor     16    m=   256  rho(M=320) med 9.05e-01 max 1.47e+00 | rho(M=64) med 1.12e-02 max 6.64e-01
  [point] gauss_tensor     24    m=   576  rho(M=320) med 1.67e-02 max 4.63e-01 | rho(M=64) med 8.58e-04 max 5.17e-02
  [point] gauss_tensor     32    m=  1024  rho(M=320) med 1.15e-03 max 7.78e-02 | rho(M=64) med 5.33e-05 max 4.51e-03
  [point] gauss_tensor     48    m=  2304  rho(M=320) med 4.64e-06 max 4.45e-04 | rho(M=64) med 2.61e-07 max 3.14e-05
  [point] gauss_tensor     64    m=  4096  rho(M=320) med 3.61e-08 max 3.92e-06 | rho(M=64) med 2.02e-09 max 2.85e-07
  [point] smolyak_cc       3     m=    13  rho(M=320) med 9.00e+00 max 2.82e+01 | rho(M=64) med 4.15e+00 max 1.47e+01
  [point] smolyak_cc       4     m=    33  rho(M=320) med 7.50e+00 max 2.93e+01 | rho(M=64) med 2.81e+00 max 1.30e+01
  [point] smolyak_cc       5     m=    81  rho(M=320) med 5.92e+00 max 1.95e+01 | rho(M=64) med 1.96e+00 max 5.73e+00
  [point] smolyak_cc       6     m=   193  rho(M=320) med 4.00e+00 max 8.97e+00 | rho(M=64) med 1.01e+00 max 2.69e+00
  [point] smolyak_cc       7     m=   449  rho(M=320) med 2.26e+00 max 3.92e+00 | rho(M=64) med 2.19e-01 max 1.38e+00
  [point] smolyak_cc       8     m=  1025  rho(M=320) med 7.84e-01 max 1.75e+00 | rho(M=64) med 1.11e-02 max 6.56e-01
  [point] smolyak_cc       9     m=  2305  rho(M=320) med 3.78e-02 max 6.02e-01 | rho(M=64) med 1.83e-03 max 1.78e-01
  [point] smolyak_cc       10    m=  5121  rho(M=320) med 6.66e-04 max 7.64e-02 | rho(M=64) med 3.57e-05 max 4.13e-03
  [point] smolyak_gl_exp   3     m=    73  rho(M=320) med 7.33e+00 max 2.21e+01 | rho(M=64) med 2.71e+00 max 9.82e+00
  [point] smolyak_gl_exp   4     m=   221  rho(M=320) med 4.60e+00 max 1.32e+01 | rho(M=64) med 1.27e+00 max 3.47e+00
  [point] smolyak_gl_exp   5     m=   609  rho(M=320) med 2.50e+00 max 4.53e+00 | rho(M=64) med 3.16e-01 max 1.51e+00
  [point] smolyak_gl_exp   6     m=  1573  rho(M=320) med 1.05e+00 max 2.08e+00 | rho(M=64) med 1.61e-02 max 7.54e-01
  [point] smolyak_gl_exp   7     m=  3881  rho(M=320) med 5.29e-02 max 6.72e-01 | rho(M=64) med 2.27e-03 max 1.98e-01
  [point] smolyak_gl_exp   8     m=  9261  rho(M=320) med 7.86e-04 max 9.16e-02 | rho(M=64) med 4.29e-05 max 4.93e-03
  [point] smolyak_gl_exp   9     m= 21553  rho(M=320) med 3.48e-05 max 3.69e-03 | rho(M=64) med 2.09e-06 max 2.84e-04
  [point] smolyak_gl_lin   6     m=   305  rho(M=320) med 8.38e+00 max 1.51e+01 | rho(M=64) med 1.01e+00 max 6.27e+00
  [point] smolyak_gl_lin   10    m=  1361  rho(M=320) med 2.65e+00 max 6.59e+00 | rho(M=64) med 3.56e-02 max 1.42e+00
  [point] smolyak_gl_lin   14    m=  3697  rho(M=320) med 1.94e-01 max 2.01e+00 | rho(M=64) med 5.12e-03 max 4.53e-01
  [point] smolyak_gl_lin   18    m=  7825  rho(M=320) med 1.48e-02 max 6.54e-01 | rho(M=64) med 1.17e-03 max 1.60e-01
  [point] smolyak_gl_lin   22    m= 14257  rho(M=320) med 2.73e-03 max 3.15e-01 | rho(M=64) med 2.18e-04 max 3.27e-02
  [point] smolyak_gl_lin   26    m= 23505  rho(M=320) med 5.22e-04 max 8.52e-02 | rho(M=64) med 3.97e-05 max 3.52e-03
  [point] smolyak_gl_lin   30    m= 36081  rho(M=320) med 9.87e-05 max 1.31e-02 | rho(M=64) med 6.74e-06 max 6.90e-04
  [point] smolyak_gl_lin   34    m= 52497  rho(M=320) med 2.12e-05 max 1.70e-03 | rho(M=64) med 1.34e-06 max 2.28e-04
  [point] smolyak_gl_lin   38    m= 73265  rho(M=320) med 4.22e-06 max 4.47e-04 | rho(M=64) med 3.13e-07 max 4.57e-05
  [point] sobol            256   m=   256  rho(M=320) med 7.84e-01 max 1.00e+00 | rho(M=64) med 1.51e-01 max 4.28e-01
  [point] halton           256   m=   256  rho(M=320) med 6.83e-01 max 9.54e-01 | rho(M=64) med 2.39e-01 max 5.71e-01
  [point] mc               256   m=   256  rho(M=320) med 1.20e+00 max 2.64e+00 | rho(M=64) med 5.40e-01 max 1.66e+00
  [point] sobol            512   m=   512  rho(M=320) med 3.46e-01 max 5.04e-01 | rho(M=64) med 5.99e-02 max 2.17e-01
  [point] halton           512   m=   512  rho(M=320) med 3.90e-01 max 5.12e-01 | rho(M=64) med 9.53e-02 max 2.30e-01
  [point] mc               512   m=   512  rho(M=320) med 8.46e-01 max 1.41e+00 | rho(M=64) med 4.11e-01 max 9.07e-01
  [point] sobol            1024  m=  1024  rho(M=320) med 1.50e-01 max 2.33e-01 | rho(M=64) med 2.22e-02 max 7.10e-02
  [point] halton           1024  m=  1024  rho(M=320) med 2.18e-01 max 2.86e-01 | rho(M=64) med 4.35e-02 max 9.81e-02
  [point] mc               1024  m=  1024  rho(M=320) med 5.72e-01 max 8.17e-01 | rho(M=64) med 2.64e-01 max 5.45e-01
  [point] sobol            2048  m=  2048  rho(M=320) med 8.31e-02 max 1.14e-01 | rho(M=64) med 1.16e-02 max 4.01e-02
  [point] halton           2048  m=  2048  rho(M=320) med 9.68e-02 max 1.33e-01 | rho(M=64) med 2.73e-02 max 6.52e-02
  [point] mc               2048  m=  2048  rho(M=320) med 4.29e-01 max 7.90e-01 | rho(M=64) med 2.02e-01 max 4.49e-01
  [point] sobol            4096  m=  4096  rho(M=320) med 2.00e-02 max 4.65e-02 | rho(M=64) med 4.71e-03 max 1.18e-02
  [point] halton           4096  m=  4096  rho(M=320) med 6.63e-02 max 8.94e-02 | rho(M=64) med 1.48e-02 max 3.38e-02
  [point] mc               4096  m=  4096  rho(M=320) med 3.00e-01 max 4.25e-01 | rho(M=64) med 1.42e-01 max 2.30e-01
  [point] sobol            8192  m=  8192  rho(M=320) med 6.06e-03 max 1.92e-02 | rho(M=64) med 3.94e-04 max 4.25e-03
  [point] halton           8192  m=  8192  rho(M=320) med 2.95e-02 max 4.11e-02 | rho(M=64) med 7.14e-03 max 2.06e-02
  [point] mc               8192  m=  8192  rho(M=320) med 2.18e-01 max 3.28e-01 | rho(M=64) med 1.01e-01 max 2.00e-01
  [point] fibonacci        12    m=   144  rho(M=320) med 9.60e-01 max 1.24e+00 | rho(M=64) med 2.21e-02 max 5.96e-01
  [point] fibonacci_tent   12    m=   144  rho(M=320) med 1.31e+00 max 1.75e+00 | rho(M=64) med 2.66e-01 max 1.04e+00
  [point] fibonacci        13    m=   233  rho(M=320) med 1.07e-01 max 6.55e-01 | rho(M=64) med 3.46e-03 max 1.57e-01
  [point] fibonacci_tent   13    m=   233  rho(M=320) med 1.39e+00 max 2.05e+00 | rho(M=64) med 2.21e-01 max 7.14e-01
  [point] fibonacci        14    m=   377  rho(M=320) med 4.94e-03 max 3.21e-01 | rho(M=64) med 1.81e-04 max 5.44e-02
  [point] fibonacci_tent   14    m=   377  rho(M=320) med 5.81e-01 max 6.72e-01 | rho(M=64) med 1.67e-02 max 2.21e-01
  [point] fibonacci        15    m=   610  rho(M=320) med 9.37e-04 max 2.11e-01 | rho(M=64) med 3.69e-05 max 1.66e-02
  [point] fibonacci_tent   15    m=   610  rho(M=320) med 4.20e-01 max 6.95e-01 | rho(M=64) med 7.70e-03 max 2.50e-01
  [point] fibonacci        16    m=   987  rho(M=320) med 1.77e-04 max 1.01e-01 | rho(M=64) med 7.28e-06 max 9.84e-03
  [point] fibonacci_tent   16    m=   987  rho(M=320) med 6.30e-02 max 4.32e-01 | rho(M=64) med 1.64e-03 max 8.39e-02
  [point] fibonacci        17    m=  1597  rho(M=320) med 2.95e-05 max 4.15e-02 | rho(M=64) med 1.45e-06 max 1.16e-03
  [point] fibonacci_tent   17    m=  1597  rho(M=320) med 1.69e-03 max 1.44e-01 | rho(M=64) med 8.57e-05 max 1.40e-02
  [point] fibonacci        18    m=  2584  rho(M=320) med 7.70e-06 max 1.25e-02 | rho(M=64) med 3.52e-07 max 7.62e-04
  [point] fibonacci_tent   18    m=  2584  rho(M=320) med 3.73e-04 max 4.87e-02 | rho(M=64) med 2.26e-05 max 5.95e-03
  [point] fibonacci        19    m=  4181  rho(M=320) med 2.08e-06 max 3.17e-03 | rho(M=64) med 7.62e-08 max 9.34e-05
  [point] fibonacci_tent   19    m=  4181  rho(M=320) med 1.82e-05 max 2.91e-02 | rho(M=64) med 1.13e-06 max 1.83e-03
  [point] fibonacci        20    m=  6765  rho(M=320) med 4.60e-07 max 6.29e-04 | rho(M=64) med 1.81e-08 max 1.85e-05
  [point] fibonacci_tent   20    m=  6765  rho(M=320) med 4.01e-06 max 2.23e-02 | rho(M=64) med 1.25e-07 max 9.43e-04
  [flux] gauss_tensor     6     m=    36  rho(M=320) med 1.92e+01 max 3.36e+01 | rho(M=64) med 3.51e+00 max 6.42e+00
  [flux] gauss_tensor     8     m=    64  rho(M=320) med 1.39e+01 max 2.16e+01 | rho(M=64) med 2.10e+00 max 2.50e+00
  [flux] gauss_tensor     12    m=   144  rho(M=320) med 1.03e+01 max 1.75e+01 | rho(M=64) med 1.07e-01 max 6.13e-01
  [flux] gauss_tensor     16    m=   256  rho(M=320) med 5.05e+00 max 1.09e+01 | rho(M=64) med 5.66e-03 max 3.41e-01
  [flux] gauss_tensor     24    m=   576  rho(M=320) med 1.99e-02 max 5.47e-01 | rho(M=64) med 2.81e-04 max 1.75e-02
  [flux] gauss_tensor     32    m=  1024  rho(M=320) med 8.28e-04 max 4.54e-02 | rho(M=64) med 1.32e-05 max 1.08e-03
  [flux] gauss_tensor     48    m=  2304  rho(M=320) med 1.82e-06 max 1.61e-04 | rho(M=64) med 3.08e-08 max 6.65e-06
  [flux] gauss_tensor     64    m=  4096  rho(M=320) med 7.17e-09 max 8.06e-07 | rho(M=64) med 1.99e-10 max 1.43e-07
  [flux] smolyak_cc       3     m=    13  rho(M=320) med 3.76e+01 max 1.74e+02 | rho(M=64) med 9.10e+00 max 4.22e+01
  [flux] smolyak_cc       4     m=    33  rho(M=320) med 3.29e+01 max 1.77e+02 | rho(M=64) med 6.05e+00 max 3.35e+01
  [flux] smolyak_cc       5     m=    81  rho(M=320) med 2.54e+01 max 1.21e+02 | rho(M=64) med 4.78e+00 max 1.50e+01
  [flux] smolyak_cc       6     m=   193  rho(M=320) med 1.97e+01 max 5.87e+01 | rho(M=64) med 2.08e+00 max 5.13e+00
  [flux] smolyak_cc       7     m=   449  rho(M=320) med 1.31e+01 max 2.43e+01 | rho(M=64) med 2.41e-01 max 8.85e-01
  [flux] smolyak_cc       8     m=  1025  rho(M=320) med 3.47e+00 max 6.89e+00 | rho(M=64) med 4.79e-03 max 3.11e-01
  [flux] smolyak_cc       9     m=  2305  rho(M=320) med 5.66e-02 max 8.57e-01 | rho(M=64) med 5.99e-04 max 6.17e-02
  [flux] smolyak_cc       10    m=  5121  rho(M=320) med 4.51e-04 max 4.97e-02 | rho(M=64) med 6.10e-06 max 8.14e-04
  [flux] smolyak_gl_exp   3     m=    73  rho(M=320) med 3.21e+01 max 1.38e+02 | rho(M=64) med 5.41e+00 max 2.56e+01
  [flux] smolyak_gl_exp   4     m=   221  rho(M=320) med 2.43e+01 max 9.14e+01 | rho(M=64) med 2.75e+00 max 6.98e+00
  [flux] smolyak_gl_exp   5     m=   609  rho(M=320) med 1.45e+01 max 3.12e+01 | rho(M=64) med 4.06e-01 max 1.23e+00
  [flux] smolyak_gl_exp   6     m=  1573  rho(M=320) med 4.81e+00 max 9.69e+00 | rho(M=64) med 7.55e-03 max 3.12e-01
  [flux] smolyak_gl_exp   7     m=  3881  rho(M=320) med 8.25e-02 max 1.05e+00 | rho(M=64) med 7.02e-04 max 7.19e-02
  [flux] smolyak_gl_exp   8     m=  9261  rho(M=320) med 5.53e-04 max 6.11e-02 | rho(M=64) med 7.91e-06 max 9.99e-04
  [flux] smolyak_gl_exp   9     m= 21553  rho(M=320) med 1.63e-05 max 1.77e-03 | rho(M=64) med 3.07e-07 max 3.68e-05
  [flux] smolyak_gl_lin   6     m=   305  rho(M=320) med 4.99e+01 max 9.20e+01 | rho(M=64) med 1.66e+00 max 6.01e+00
  [flux] smolyak_gl_lin   10    m=  1361  rho(M=320) med 1.36e+01 max 3.14e+01 | rho(M=64) med 1.99e-02 max 5.31e-01
  [flux] smolyak_gl_lin   14    m=  3697  rho(M=320) med 4.38e-01 max 4.51e+00 | rho(M=64) med 1.95e-03 max 1.20e-01
  [flux] smolyak_gl_lin   18    m=  7825  rho(M=320) med 1.44e-02 max 6.56e-01 | rho(M=64) med 3.12e-04 max 4.72e-02
  [flux] smolyak_gl_lin   22    m= 14257  rho(M=320) med 2.20e-03 max 2.54e-01 | rho(M=64) med 4.08e-05 max 7.58e-03
  [flux] smolyak_gl_lin   26    m= 23505  rho(M=320) med 3.10e-04 max 5.52e-02 | rho(M=64) med 7.05e-06 max 7.64e-04
  [flux] smolyak_gl_lin   30    m= 36081  rho(M=320) med 5.12e-05 max 7.15e-03 | rho(M=64) med 1.15e-06 max 1.03e-04
  [flux] smolyak_gl_lin   34    m= 52497  rho(M=320) med 9.12e-06 max 7.43e-04 | rho(M=64) med 1.76e-07 max 2.62e-05
  [flux] smolyak_gl_lin   38    m= 73265  rho(M=320) med 1.54e-06 max 1.61e-04 | rho(M=64) med 4.03e-08 max 5.67e-06
  [flux] sobol            256   m=   256  rho(M=320) med 3.90e+00 max 6.34e+00 | rho(M=64) med 3.24e-01 max 5.61e-01
  [flux] halton           256   m=   256  rho(M=320) med 3.27e+00 max 5.48e+00 | rho(M=64) med 6.72e-01 max 1.19e+00
  [flux] mc               256   m=   256  rho(M=320) med 4.96e+00 max 1.10e+01 | rho(M=64) med 1.12e+00 max 2.37e+00
  [flux] sobol            512   m=   512  rho(M=320) med 2.03e+00 max 3.36e+00 | rho(M=64) med 1.12e-01 max 2.84e-01
  [flux] halton           512   m=   512  rho(M=320) med 2.02e+00 max 3.18e+00 | rho(M=64) med 2.05e-01 max 3.39e-01
  [flux] mc               512   m=   512  rho(M=320) med 3.88e+00 max 6.94e+00 | rho(M=64) med 8.17e-01 max 1.71e+00
  [flux] sobol            1024  m=  1024  rho(M=320) med 8.26e-01 max 1.28e+00 | rho(M=64) med 4.10e-02 max 7.40e-02
  [flux] halton           1024  m=  1024  rho(M=320) med 1.18e+00 max 1.91e+00 | rho(M=64) med 1.07e-01 max 1.74e-01
  [flux] mc               1024  m=  1024  rho(M=320) med 2.52e+00 max 4.58e+00 | rho(M=64) med 6.01e-01 max 1.04e+00
  [flux] sobol            2048  m=  2048  rho(M=320) med 4.89e-01 max 8.37e-01 | rho(M=64) med 2.06e-02 max 5.00e-02
  [flux] halton           2048  m=  2048  rho(M=320) med 5.73e-01 max 1.07e+00 | rho(M=64) med 6.18e-02 max 1.15e-01
  [flux] mc               2048  m=  2048  rho(M=320) med 2.05e+00 max 3.56e+00 | rho(M=64) med 4.67e-01 max 9.77e-01
  [flux] sobol            4096  m=  4096  rho(M=320) med 1.05e-01 max 1.67e-01 | rho(M=64) med 1.02e-02 max 1.87e-02
  [flux] halton           4096  m=  4096  rho(M=320) med 3.21e-01 max 5.21e-01 | rho(M=64) med 3.24e-02 max 5.41e-02
  [flux] mc               4096  m=  4096  rho(M=320) med 1.52e+00 max 2.41e+00 | rho(M=64) med 3.39e-01 max 7.37e-01
  [flux] sobol            8192  m=  8192  rho(M=320) med 2.83e-02 max 4.91e-02 | rho(M=64) med 5.55e-04 max 3.07e-03
  [flux] halton           8192  m=  8192  rho(M=320) med 1.48e-01 max 2.58e-01 | rho(M=64) med 1.44e-02 max 3.80e-02
  [flux] mc               8192  m=  8192  rho(M=320) med 1.06e+00 max 1.67e+00 | rho(M=64) med 2.72e-01 max 5.87e-01
  [flux] fibonacci        12    m=   144  rho(M=320) med 5.59e+00 max 7.22e+00 | rho(M=64) med 1.20e-02 max 2.55e-01
  [flux] fibonacci_tent   12    m=   144  rho(M=320) med 6.31e+00 max 9.18e+00 | rho(M=64) med 4.08e-01 max 7.19e-01
  [flux] fibonacci        13    m=   233  rho(M=320) med 1.67e-01 max 9.10e-01 | rho(M=64) med 1.27e-03 max 6.63e-02
  [flux] fibonacci_tent   13    m=   233  rho(M=320) med 7.13e+00 max 1.12e+01 | rho(M=64) med 2.55e-01 max 6.83e-01
  [flux] fibonacci        14    m=   377  rho(M=320) med 4.84e-03 max 2.95e-01 | rho(M=64) med 7.27e-05 max 3.57e-02
  [flux] fibonacci_tent   14    m=   377  rho(M=320) med 2.66e+00 max 3.55e+00 | rho(M=64) med 1.02e-02 max 1.50e-01
  [flux] fibonacci        15    m=   610  rho(M=320) med 5.30e-04 max 9.71e-02 | rho(M=64) med 1.63e-05 max 8.46e-03
  [flux] fibonacci_tent   15    m=   610  rho(M=320) med 1.39e+00 max 1.91e+00 | rho(M=64) med 3.45e-03 max 1.15e-01
  [flux] fibonacci        16    m=   987  rho(M=320) med 1.14e-04 max 7.26e-02 | rho(M=64) med 2.79e-06 max 3.00e-03
  [flux] fibonacci_tent   16    m=   987  rho(M=320) med 1.27e-01 max 5.89e-01 | rho(M=64) med 6.01e-04 max 4.42e-02
  [flux] fibonacci        17    m=  1597  rho(M=320) med 1.81e-05 max 2.17e-02 | rho(M=64) med 7.13e-07 max 7.79e-04
  [flux] fibonacci_tent   17    m=  1597  rho(M=320) med 2.05e-03 max 1.08e-01 | rho(M=64) med 2.49e-05 max 2.56e-02
  [flux] fibonacci        18    m=  2584  rho(M=320) med 4.31e-06 max 7.01e-03 | rho(M=64) med 1.63e-07 max 3.46e-04
  [flux] fibonacci_tent   18    m=  2584  rho(M=320) med 2.67e-04 max 4.76e-02 | rho(M=64) med 5.21e-06 max 5.92e-03
  [flux] fibonacci        19    m=  4181  rho(M=320) med 1.06e-06 max 1.52e-03 | rho(M=64) med 3.79e-08 max 4.49e-05
  [flux] fibonacci_tent   19    m=  4181  rho(M=320) med 1.92e-05 max 3.10e-02 | rho(M=64) med 3.70e-07 max 1.08e-03
  [flux] fibonacci        20    m=  6765  rho(M=320) med 2.43e-07 max 3.31e-04 | rho(M=64) med 9.04e-09 max 9.84e-06
  [flux] fibonacci_tent   20    m=  6765  rho(M=320) med 2.80e-06 max 9.61e-03 | rho(M=64) med 4.67e-08 max 3.56e-04
== mesh N=128
  mesh-vs-continuum gap (continuum ref vs dense upwind at N): med 6.73e-02 max 2.55e-01
  dense q=0: 1.65 ms per residual+Jacobian
  dense q=64: 4.53 ms per residual+Jacobian
  mesh_lattice stride 16 m=49: rho(M=320) med 2.20e+00 max 2.65e+00 | fast max 1.60e+00
  mesh_lattice stride 8 m=225: rho(M=320) med 4.56e-02 max 7.27e-01 | fast max 3.81e-01
  mesh_lattice stride 4 m=961: rho(M=320) med 2.97e-04 max 2.32e-01 | fast max 9.60e-02
  mesh_lattice stride 2 m=3969: rho(M=320) med 3.81e-05 max 1.57e-01 | fast max 5.11e-02
  EQ fit matrix (7680, 8192)
  eq_nnls m=256 support 256 (fit res 2.50e-01, 5s): rho(M=320) med 2.91e-01 max 7.89e-01 | fast max 6.49e-01
  eq_nnls m=512 support 512 (fit res 1.33e-02, 41s): rho(M=320) med 2.71e-02 max 3.76e-01 | fast max 7.15e-02
  eq_nnls m=1024 support 1024 (fit res 2.23e-04, 329s): rho(M=320) med 9.90e-04 max 5.86e-02 | fast max 1.13e-02
  eq_nnls m=2048 support 2048 (fit res 2.10e-06, 1331s): rho(M=320) med 2.29e-05 max 8.35e-04 | fast max 2.13e-04
  time sobol:1024 m=1024 q=0: 0.68 ms per residual+Jacobian
  time sobol:1024 m=1024 q=64: 1.65 ms per residual+Jacobian
  time sobol:4096 m=4096 q=0: 4.99 ms per residual+Jacobian
  time sobol:4096 m=4096 q=64: 4.89 ms per residual+Jacobian
  time smolyak_cc:7 m=449 q=0: 0.33 ms per residual+Jacobian
  time smolyak_cc:7 m=449 q=64: 2.32 ms per residual+Jacobian
  time gauss_tensor:32 m=1024 q=0: 0.87 ms per residual+Jacobian
  time gauss_tensor:32 m=1024 q=64: 1.31 ms per residual+Jacobian
== mesh N=256
  mesh-vs-continuum gap (continuum ref vs dense upwind at N): med 3.35e-02 max 1.26e-01
  dense q=0: 8.28 ms per residual+Jacobian
  dense q=64: 17.13 ms per residual+Jacobian
  mesh_lattice stride 32 m=49: rho(M=320) med 2.20e+00 max 2.67e+00 | fast max 1.62e+00
  mesh_lattice stride 16 m=225: rho(M=320) med 4.57e-02 max 7.69e-01 | fast max 4.26e-01
  mesh_lattice stride 8 m=961: rho(M=320) med 3.04e-04 max 2.39e-01 | fast max 1.03e-01
  mesh_lattice stride 4 m=3969: rho(M=320) med 3.25e-05 max 9.77e-02 | fast max 3.11e-02
  EQ fit matrix (7680, 8192)
  eq_nnls m=256 support 256 (fit res 2.63e-01, 3s): rho(M=320) med 3.10e-01 max 8.53e-01 | fast max 7.38e-01
  eq_nnls m=512 support 512 (fit res 1.54e-02, 37s): rho(M=320) med 3.36e-02 max 4.92e-01 | fast max 8.82e-02
  eq_nnls m=1024 support 1024 (fit res 2.31e-04, 196s): rho(M=320) med 1.14e-03 max 3.88e-02 | fast max 9.73e-03
  eq_nnls m=2048 support 2048 (fit res 2.46e-06, 1576s): rho(M=320) med 2.42e-05 max 3.83e-03 | fast max 4.07e-04
  time sobol:1024 m=1024 q=0: 0.60 ms per residual+Jacobian
  time sobol:1024 m=1024 q=64: 1.42 ms per residual+Jacobian
  time sobol:4096 m=4096 q=0: 3.56 ms per residual+Jacobian
  time sobol:4096 m=4096 q=64: 4.27 ms per residual+Jacobian
  time smolyak_cc:7 m=449 q=0: 0.32 ms per residual+Jacobian
  time smolyak_cc:7 m=449 q=64: 1.09 ms per residual+Jacobian
  time gauss_tensor:32 m=1024 q=0: 1.93 ms per residual+Jacobian
  time gauss_tensor:32 m=1024 q=64: 1.21 ms per residual+Jacobian
== mesh N=512
  mesh-vs-continuum gap (continuum ref vs dense upwind at N): med 1.67e-02 max 6.23e-02
  dense q=0: 22.98 ms per residual+Jacobian
  dense q=64: 68.01 ms per residual+Jacobian
  mesh_lattice stride 64 m=49: rho(M=320) med 2.20e+00 max 2.68e+00 | fast max 1.62e+00
  mesh_lattice stride 32 m=225: rho(M=320) med 4.58e-02 max 7.87e-01 | fast max 4.49e-01
  mesh_lattice stride 16 m=961: rho(M=320) med 3.08e-04 max 2.40e-01 | fast max 1.07e-01
  mesh_lattice stride 8 m=3969: rho(M=320) med 3.70e-05 max 9.46e-02 | fast max 3.05e-02
  EQ fit matrix (7680, 8192)
  eq_nnls m=256 support 256 (fit res 2.60e-01, 4s): rho(M=320) med 3.18e-01 max 8.01e-01 | fast max 6.38e-01
  eq_nnls m=512 support 512 (fit res 1.51e-02, 40s): rho(M=320) med 3.35e-02 max 3.44e-01 | fast max 8.22e-02
  eq_nnls m=1024 support 1024 (fit res 2.25e-04, 334s): rho(M=320) med 1.14e-03 max 3.61e-02 | fast max 7.13e-03
  eq_nnls m=2048 support 2048 (fit res 2.11e-06, 1929s): rho(M=320) med 2.55e-05 max 3.01e-03 | fast max 4.13e-04
  time sobol:1024 m=1024 q=0: 1.60 ms per residual+Jacobian
  time sobol:1024 m=1024 q=64: 3.56 ms per residual+Jacobian
  time sobol:4096 m=4096 q=0: 8.08 ms per residual+Jacobian
  time sobol:4096 m=4096 q=64: 14.02 ms per residual+Jacobian
  time smolyak_cc:7 m=449 q=0: 0.62 ms per residual+Jacobian
  time smolyak_cc:7 m=449 q=64: 2.44 ms per residual+Jacobian
  time gauss_tensor:32 m=1024 q=0: 1.82 ms per residual+Jacobian
  time gauss_tensor:32 m=1024 q=64: 4.41 ms per residual+Jacobian
done
