== hj N=128 q=0 M=128 (offline 1.4s)
  dense           0     point m=  16129: worst err same-grid  18.104%  refined  18.708% (FOM 3.179%)  vs dense   0.000%    2328.7 ms/query  2.44 att/step  18.77 ms/att  exits [0, 300, 0, 0]
  mesh_lattice    4     point m=    961: worst err same-grid  18.195%  refined  18.750% (FOM 3.179%)  vs dense   8.142%    1162.4 ms/query  2.46 att/step  9.28 ms/att  exits [0, 300, 0, 0]
  mesh_lattice    2     point m=   3969: worst err same-grid  18.195%  refined  18.746% (FOM 3.179%)  vs dense   8.448%    2670.9 ms/query  2.46 att/step  21.12 ms/att  exits [0, 300, 0, 0]
  eq_nnls         1024  point m=   1024: worst err same-grid  18.106%  refined  18.696% (FOM 3.179%)  vs dense   1.102%    1252.6 ms/query  2.46 att/step  10.49 ms/att  exits [0, 300, 0, 0]
  eq_nnls         2048  point m=   2048: worst err same-grid  18.102%  refined  18.708% (FOM 3.179%)  vs dense   0.096%    1893.2 ms/query  2.44 att/step  14.65 ms/att  exits [0, 300, 0, 0]
  gauss_tensor    16    point m=    256: worst err same-grid  21.091%  refined  20.831% (FOM 3.179%)  vs dense  10.343%     679.4 ms/query  2.72 att/step  5.38 ms/att  exits [0, 300, 0, 0]
  gauss_tensor    32    point m=   1024: worst err same-grid  19.513%  refined  19.925% (FOM 3.179%)  vs dense   7.196%    1089.4 ms/query  2.47 att/step  8.91 ms/att  exits [0, 300, 0, 0]
  smolyak_cc      6     point m=    193: worst err same-grid  48.904%  refined  48.844% (FOM 3.179%)  vs dense  43.486%    1059.8 ms/query  5.87 att/step  3.41 ms/att  exits [4, 296, 0, 0]
  smolyak_cc      8     point m=   1025: worst err same-grid  21.666%  refined  22.209% (FOM 3.179%)  vs dense  12.784%    1492.7 ms/query  3.32 att/step  8.61 ms/att  exits [2, 298, 0, 0]
  sobol           1024  point m=   1024: worst err same-grid  20.196%  refined  20.563% (FOM 3.179%)  vs dense   9.267%    1262.2 ms/query  2.52 att/step  9.60 ms/att  exits [0, 300, 0, 0]
  halton          1024  point m=   1024: worst err same-grid  19.859%  refined  20.282% (FOM 3.179%)  vs dense   7.860%    1407.1 ms/query  2.48 att/step  11.28 ms/att  exits [0, 300, 0, 0]
  sobol           4096  point m=   4096: worst err same-grid  19.495%  refined  19.922% (FOM 3.179%)  vs dense   7.065%    2164.1 ms/query  2.48 att/step  16.78 ms/att  exits [0, 300, 0, 0]
  halton          4096  point m=   4096: worst err same-grid  19.836%  refined  20.229% (FOM 3.179%)  vs dense   8.168%    1989.9 ms/query  2.49 att/step  15.91 ms/att  exits [0, 300, 0, 0]
  fibonacci       16    point m=    987: worst err same-grid  19.517%  refined  19.934% (FOM 3.179%)  vs dense   7.193%    1234.6 ms/query  2.49 att/step  10.50 ms/att  exits [0, 300, 0, 0]
  fibonacci_tent  16    point m=    987: worst err same-grid  19.086%  refined  19.490% (FOM 3.179%)  vs dense   5.650%    1135.8 ms/query  2.49 att/step  9.47 ms/att  exits [0, 300, 0, 0]
  fibonacci       19    point m=   4181: worst err same-grid  19.555%  refined  19.964% (FOM 3.179%)  vs dense   7.430%    1538.6 ms/query  2.48 att/step  13.12 ms/att  exits [0, 300, 0, 0]
  fibonacci_tent  19    point m=   4181: worst err same-grid  19.565%  refined  19.970% (FOM 3.179%)  vs dense   7.469%    1870.7 ms/query  2.48 att/step  15.04 ms/att  exits [0, 300, 0, 0]
== hj N=128 q=64 M=384 (offline 0.7s)
  dense           0     point m=  16129: worst err same-grid  11.727%  refined  11.540% (FOM 3.179%)  vs dense   0.000%    4243.4 ms/query  2.45 att/step  35.21 ms/att  exits [0, 300, 0, 0]
  mesh_lattice    4     point m=    961: worst err same-grid  11.844%  refined  11.657% (FOM 3.179%)  vs dense   6.516%    1473.3 ms/query  2.45 att/step  12.97 ms/att  exits [0, 300, 0, 0]
  mesh_lattice    2     point m=   3969: worst err same-grid  11.845%  refined  11.654% (FOM 3.179%)  vs dense   5.194%    1591.7 ms/query  2.45 att/step  13.11 ms/att  exits [0, 300, 0, 0]
  eq_nnls         1024  point m=   1024: worst err same-grid  11.712%  refined  11.522% (FOM 3.179%)  vs dense   0.467%    1519.2 ms/query  2.44 att/step  11.37 ms/att  exits [0, 300, 0, 0]
  eq_nnls         2048  point m=   2048: worst err same-grid  11.720%  refined  11.534% (FOM 3.179%)  vs dense   0.062%    2239.3 ms/query  2.45 att/step  18.67 ms/att  exits [0, 300, 0, 0]
  gauss_tensor    16    point m=    256: worst err same-grid  24.451%  refined  25.253% (FOM 3.179%)  vs dense  22.692%    1126.2 ms/query  2.95 att/step  7.57 ms/att  exits [0, 297, 0, 3]
  gauss_tensor    32    point m=   1024: worst err same-grid  12.661%  refined  12.290% (FOM 3.179%)  vs dense   2.841%    1712.5 ms/query  2.41 att/step  14.92 ms/att  exits [0, 300, 0, 0]
  smolyak_cc      6     point m=    193: worst err same-grid  78.982%  refined  79.362% (FOM 3.179%)  vs dense  79.007%    1078.0 ms/query  2.95 att/step  7.63 ms/att  exits [0, 50, 0, 250]
  smolyak_cc      8     point m=   1025: worst err same-grid  20.815%  refined  20.572% (FOM 3.179%)  vs dense  18.262%    1481.3 ms/query  2.93 att/step  10.08 ms/att  exits [0, 299, 0, 1]
  sobol           1024  point m=   1024: worst err same-grid  14.266%  refined  13.780% (FOM 3.179%)  vs dense   5.622%    1484.0 ms/query  2.40 att/step  12.59 ms/att  exits [0, 300, 0, 0]
  halton          1024  point m=   1024: worst err same-grid  13.536%  refined  13.049% (FOM 3.179%)  vs dense   6.658%    1603.4 ms/query  2.30 att/step  13.86 ms/att  exits [0, 300, 0, 0]
  sobol           4096  point m=   4096: worst err same-grid  13.271%  refined  12.822% (FOM 3.179%)  vs dense   3.391%    2559.9 ms/query  2.42 att/step  21.44 ms/att  exits [0, 300, 0, 0]
  halton          4096  point m=   4096: worst err same-grid  14.133%  refined  13.631% (FOM 3.179%)  vs dense   4.807%    2407.3 ms/query  2.41 att/step  20.25 ms/att  exits [0, 300, 0, 0]
  fibonacci       16    point m=    987: worst err same-grid  13.624%  refined  13.153% (FOM 3.179%)  vs dense   3.894%    1278.2 ms/query  2.43 att/step  10.59 ms/att  exits [0, 300, 0, 0]
  fibonacci_tent  16    point m=    987: worst err same-grid  12.879%  refined  12.437% (FOM 3.179%)  vs dense   5.213%    1172.2 ms/query  2.42 att/step  9.66 ms/att  exits [0, 300, 0, 0]
  fibonacci       19    point m=   4181: worst err same-grid  13.547%  refined  13.082% (FOM 3.179%)  vs dense   3.831%    2182.7 ms/query  2.41 att/step  18.56 ms/att  exits [0, 300, 0, 0]
  fibonacci_tent  19    point m=   4181: worst err same-grid  13.578%  refined  13.113% (FOM 3.179%)  vs dense   3.912%    2150.0 ms/query  2.41 att/step  18.08 ms/att  exits [0, 300, 0, 0]
== hj N=256 q=0 M=128 (offline 0.8s)
  dense           0     point m=  65025: worst err same-grid  18.752%  refined  19.157% (FOM 2.873%)  vs dense   0.000%    3497.4 ms/query  2.47 att/step  28.31 ms/att  exits [0, 300, 0, 0]
  mesh_lattice    8     point m=    961: worst err same-grid  18.912%  refined  19.285% (FOM 2.873%)  vs dense   7.488%     957.2 ms/query  2.49 att/step  7.67 ms/att  exits [0, 300, 0, 0]
  mesh_lattice    4     point m=   3969: worst err same-grid  18.926%  refined  19.296% (FOM 2.873%)  vs dense   8.304%    1664.7 ms/query  2.48 att/step  13.69 ms/att  exits [0, 300, 0, 0]
  eq_nnls         1024  point m=   1024: worst err same-grid  18.886%  refined  19.275% (FOM 2.873%)  vs dense   2.169%     590.4 ms/query  2.45 att/step  5.53 ms/att  exits [0, 300, 0, 0]
  eq_nnls         2048  point m=   1836: worst err same-grid  18.830%  refined  19.229% (FOM 2.873%)  vs dense   0.454%     901.3 ms/query  2.47 att/step  7.35 ms/att  exits [0, 300, 0, 0]
  gauss_tensor    16    point m=    256: worst err same-grid  20.886%  refined  20.739% (FOM 2.873%)  vs dense   7.640%     616.0 ms/query  2.72 att/step  4.35 ms/att  exits [0, 300, 0, 0]
  gauss_tensor    32    point m=   1024: worst err same-grid  19.586%  refined  19.917% (FOM 2.873%)  vs dense   3.888%     877.1 ms/query  2.48 att/step  6.95 ms/att  exits [0, 300, 0, 0]
  smolyak_cc      6     point m=    193: worst err same-grid  48.840%  refined  48.811% (FOM 2.873%)  vs dense  43.302%     600.1 ms/query  5.88 att/step  1.97 ms/att  exits [4, 296, 0, 0]
  smolyak_cc      8     point m=   1025: worst err same-grid  21.806%  refined  22.218% (FOM 2.873%)  vs dense  12.195%    1076.7 ms/query  3.31 att/step  5.80 ms/att  exits [2, 298, 0, 0]
  sobol           1024  point m=   1024: worst err same-grid  20.259%  refined  20.557% (FOM 2.873%)  vs dense   5.996%     624.8 ms/query  2.52 att/step  5.32 ms/att  exits [0, 300, 0, 0]
  halton          1024  point m=   1024: worst err same-grid  19.926%  refined  20.268% (FOM 2.873%)  vs dense   5.008%     625.0 ms/query  2.48 att/step  5.69 ms/att  exits [0, 300, 0, 0]
  sobol           4096  point m=   4096: worst err same-grid  19.571%  refined  19.914% (FOM 2.873%)  vs dense   3.754%    1238.6 ms/query  2.48 att/step  10.01 ms/att  exits [0, 300, 0, 0]
  halton          4096  point m=   4096: worst err same-grid  19.901%  refined  20.219% (FOM 2.873%)  vs dense   4.860%    1235.9 ms/query  2.49 att/step  10.11 ms/att  exits [0, 300, 0, 0]
  fibonacci       16    point m=    987: worst err same-grid  19.591%  refined  19.926% (FOM 2.873%)  vs dense   3.889%     631.3 ms/query  2.49 att/step  5.21 ms/att  exits [0, 300, 0, 0]
  fibonacci_tent  16    point m=    987: worst err same-grid  19.161%  refined  19.484% (FOM 2.873%)  vs dense   2.996%     705.1 ms/query  2.49 att/step  5.58 ms/att  exits [0, 300, 0, 0]
  fibonacci       19    point m=   4181: worst err same-grid  19.627%  refined  19.956% (FOM 2.873%)  vs dense   4.120%     899.9 ms/query  2.48 att/step  7.61 ms/att  exits [0, 300, 0, 0]
  fibonacci_tent  19    point m=   4181: worst err same-grid  19.635%  refined  19.962% (FOM 2.873%)  vs dense   4.159%    1061.9 ms/query  2.48 att/step  8.44 ms/att  exits [0, 300, 0, 0]
== hj N=256 q=64 M=384 (offline 0.6s)
  dense           0     point m=  65025: worst err same-grid  12.275%  refined  12.064% (FOM 2.873%)  vs dense   0.000%    4668.9 ms/query  2.42 att/step  40.24 ms/att  exits [0, 300, 0, 0]
  mesh_lattice    8     point m=    961: worst err same-grid  12.452%  refined  12.240% (FOM 2.873%)  vs dense   6.613%    1125.8 ms/query  2.42 att/step  8.85 ms/att  exits [0, 300, 0, 0]
  mesh_lattice    4     point m=   3969: worst err same-grid  12.406%  refined  12.193% (FOM 2.873%)  vs dense   6.452%    1753.4 ms/query  2.44 att/step  14.33 ms/att  exits [0, 300, 0, 0]
  eq_nnls         1024  point m=   1024: worst err same-grid  12.309%  refined  12.104% (FOM 2.873%)  vs dense   1.725%    1175.7 ms/query  2.42 att/step  8.84 ms/att  exits [0, 300, 0, 0]
  eq_nnls         2048  point m=   1836: worst err same-grid  12.219%  refined  12.012% (FOM 2.873%)  vs dense   0.382%    1294.1 ms/query  2.43 att/step  10.90 ms/att  exits [0, 300, 0, 0]
  gauss_tensor    16    point m=    256: worst err same-grid  24.554%  refined  25.216% (FOM 2.873%)  vs dense  22.867%     754.7 ms/query  2.94 att/step  4.93 ms/att  exits [0, 297, 0, 3]
  gauss_tensor    32    point m=   1024: worst err same-grid  12.526%  refined  12.282% (FOM 2.873%)  vs dense   2.083%     820.9 ms/query  2.40 att/step  6.92 ms/att  exits [0, 300, 0, 0]
  smolyak_cc      6     point m=    193: worst err same-grid  79.089%  refined  79.393% (FOM 2.873%)  vs dense  79.108%     511.5 ms/query  2.77 att/step  3.96 ms/att  exits [0, 50, 0, 250]
  smolyak_cc      8     point m=   1025: worst err same-grid  20.669%  refined  20.526% (FOM 2.873%)  vs dense  17.845%     870.8 ms/query  2.92 att/step  6.36 ms/att  exits [0, 299, 0, 1]
  sobol           1024  point m=   1024: worst err same-grid  14.089%  refined  13.767% (FOM 2.873%)  vs dense   4.645%     874.3 ms/query  2.40 att/step  7.27 ms/att  exits [0, 300, 0, 0]
  halton          1024  point m=   1024: worst err same-grid  13.369%  refined  13.047% (FOM 2.873%)  vs dense   6.190%     978.5 ms/query  2.31 att/step  8.17 ms/att  exits [0, 300, 0, 0]
  sobol           4096  point m=   4096: worst err same-grid  13.119%  refined  12.816% (FOM 2.873%)  vs dense   1.919%    1426.6 ms/query  2.42 att/step  12.00 ms/att  exits [0, 300, 0, 0]
  halton          4096  point m=   4096: worst err same-grid  13.968%  refined  13.623% (FOM 2.873%)  vs dense   3.293%    1117.7 ms/query  2.40 att/step  9.07 ms/att  exits [0, 300, 0, 0]
  fibonacci       16    point m=    987: worst err same-grid  13.466%  refined  13.146% (FOM 2.873%)  vs dense   2.366%     781.4 ms/query  2.43 att/step  6.53 ms/att  exits [0, 300, 0, 0]
  fibonacci_tent  16    point m=    987: worst err same-grid  12.733%  refined  12.442% (FOM 2.873%)  vs dense   4.984%     752.2 ms/query  2.41 att/step  6.41 ms/att  exits [0, 300, 0, 0]
  fibonacci       19    point m=   4181: worst err same-grid  13.391%  refined  13.073% (FOM 2.873%)  vs dense   2.299%    1133.2 ms/query  2.41 att/step  9.21 ms/att  exits [0, 300, 0, 0]
  fibonacci_tent  19    point m=   4181: worst err same-grid  13.420%  refined  13.102% (FOM 2.873%)  vs dense   2.398%     948.1 ms/query  2.41 att/step  7.97 ms/att  exits [0, 300, 0, 0]
== hj N=512 q=0 M=128 (offline 0.9s)
  dense           0     point m= 261121: worst err same-grid  19.184%  refined  19.498% (FOM 2.709%)  vs dense   0.000%    6106.2 ms/query  2.46 att/step  49.80 ms/att  exits [0, 300, 0, 0]
  mesh_lattice    16    point m=    961: worst err same-grid  19.347%  refined  19.642% (FOM 2.709%)  vs dense   6.710%     476.0 ms/query  2.48 att/step  3.83 ms/att  exits [0, 300, 0, 0]
  mesh_lattice    8     point m=   3969: worst err same-grid  19.372%  refined  19.664% (FOM 2.709%)  vs dense   7.411%     805.4 ms/query  2.49 att/step  6.37 ms/att  exits [0, 300, 0, 0]
  eq_nnls         1024  point m=   1024: worst err same-grid  19.292%  refined  19.595% (FOM 2.709%)  vs dense   2.541%     384.2 ms/query  2.46 att/step  3.24 ms/att  exits [0, 300, 0, 0]
  eq_nnls         2048  point m=   2048: worst err same-grid  19.233%  refined  19.543% (FOM 2.709%)  vs dense   0.448%     526.0 ms/query  2.47 att/step  4.43 ms/att  exits [0, 300, 0, 0]
  gauss_tensor    16    point m=    256: worst err same-grid  20.803%  refined  20.713% (FOM 2.709%)  vs dense   7.240%     262.5 ms/query  2.73 att/step  2.32 ms/att  exits [0, 300, 0, 0]
  gauss_tensor    32    point m=   1024: worst err same-grid  19.629%  refined  19.914% (FOM 2.709%)  vs dense   2.003%     314.6 ms/query  2.48 att/step  2.56 ms/att  exits [0, 300, 0, 0]
  smolyak_cc      6     point m=    193: worst err same-grid  48.818%  refined  48.805% (FOM 2.709%)  vs dense  43.188%     302.7 ms/query  5.89 att/step  1.14 ms/att  exits [4, 296, 0, 0]
  smolyak_cc      8     point m=   1025: worst err same-grid  21.875%  refined  22.217% (FOM 2.709%)  vs dense  11.882%     393.5 ms/query  3.31 att/step  2.88 ms/att  exits [2, 298, 0, 0]
  sobol           1024  point m=   1024: worst err same-grid  20.295%  refined  20.554% (FOM 2.709%)  vs dense   4.121%     348.4 ms/query  2.52 att/step  2.66 ms/att  exits [0, 300, 0, 0]
  halton          1024  point m=   1024: worst err same-grid  19.968%  refined  20.264% (FOM 2.709%)  vs dense   4.532%     388.9 ms/query  2.48 att/step  2.97 ms/att  exits [0, 300, 0, 0]
  sobol           4096  point m=   4096: worst err same-grid  19.615%  refined  19.911% (FOM 2.709%)  vs dense   1.934%     703.5 ms/query  2.48 att/step  5.86 ms/att  exits [0, 300, 0, 0]
  halton          4096  point m=   4096: worst err same-grid  19.940%  refined  20.215% (FOM 2.709%)  vs dense   2.967%     652.0 ms/query  2.49 att/step  5.33 ms/att  exits [0, 300, 0, 0]
  fibonacci       16    point m=    987: worst err same-grid  19.635%  refined  19.923% (FOM 2.709%)  vs dense   1.991%     405.7 ms/query  2.49 att/step  3.36 ms/att  exits [0, 300, 0, 0]
  fibonacci_tent  16    point m=    987: worst err same-grid  19.204%  refined  19.481% (FOM 2.709%)  vs dense   2.527%     324.9 ms/query  2.49 att/step  2.73 ms/att  exits [0, 300, 0, 0]
  fibonacci       19    point m=   4181: worst err same-grid  19.669%  refined  19.952% (FOM 2.709%)  vs dense   2.214%     503.6 ms/query  2.49 att/step  4.16 ms/att  exits [0, 300, 0, 0]
  fibonacci_tent  19    point m=   4181: worst err same-grid  19.677%  refined  19.959% (FOM 2.709%)  vs dense   2.253%     582.6 ms/query  2.49 att/step  4.58 ms/att  exits [0, 300, 0, 0]
== hj N=512 q=64 M=384 (offline 0.7s)
  dense           0     point m= 261121: worst err same-grid  12.683%  refined  12.481% (FOM 2.709%)  vs dense   0.000%   12750.9 ms/query  2.42 att/step  105.14 ms/att  exits [0, 300, 0, 0]
  mesh_lattice    16    point m=    961: worst err same-grid  12.859%  refined  12.655% (FOM 2.709%)  vs dense   6.517%     789.6 ms/query  2.42 att/step  6.36 ms/att  exits [0, 300, 0, 0]
  mesh_lattice    8     point m=   3969: worst err same-grid  12.783%  refined  12.579% (FOM 2.709%)  vs dense   6.384%    1238.7 ms/query  2.43 att/step  10.17 ms/att  exits [0, 300, 0, 0]
  eq_nnls         1024  point m=   1024: worst err same-grid  12.764%  refined  12.557% (FOM 2.709%)  vs dense   1.897%     898.7 ms/query  2.41 att/step  7.95 ms/att  exits [0, 300, 0, 0]
  eq_nnls         2048  point m=   2048: worst err same-grid  12.683%  refined  12.482% (FOM 2.709%)  vs dense   0.334%    1042.5 ms/query  2.42 att/step  8.56 ms/att  exits [0, 300, 0, 0]
  gauss_tensor    16    point m=    256: worst err same-grid  24.613%  refined  25.203% (FOM 2.709%)  vs dense  22.960%     543.2 ms/query  2.93 att/step  4.48 ms/att  exits [0, 297, 0, 3]
  gauss_tensor    32    point m=   1024: worst err same-grid  12.461%  refined  12.278% (FOM 2.709%)  vs dense   2.016%     769.3 ms/query  2.40 att/step  6.50 ms/att  exits [0, 300, 0, 0]
  smolyak_cc      6     point m=    193: worst err same-grid  79.195%  refined  79.459% (FOM 2.709%)  vs dense  79.200%     473.0 ms/query  2.76 att/step  3.88 ms/att  exits [0, 50, 0, 250]
  smolyak_cc      8     point m=   1025: worst err same-grid  20.609%  refined  20.516% (FOM 2.709%)  vs dense  17.634%     674.9 ms/query  2.92 att/step  4.88 ms/att  exits [0, 299, 0, 1]
  sobol           1024  point m=   1024: worst err same-grid  14.004%  refined  13.761% (FOM 2.709%)  vs dense   4.216%     633.7 ms/query  2.40 att/step  5.43 ms/att  exits [0, 300, 0, 0]
  halton          1024  point m=   1024: worst err same-grid  13.283%  refined  13.043% (FOM 2.709%)  vs dense   6.004%     691.3 ms/query  2.31 att/step  5.83 ms/att  exits [0, 300, 0, 0]
  sobol           4096  point m=   4096: worst err same-grid  13.044%  refined  12.811% (FOM 2.709%)  vs dense   1.086%    1293.0 ms/query  2.42 att/step  10.41 ms/att  exits [0, 300, 0, 0]
  halton          4096  point m=   4096: worst err same-grid  13.885%  refined  13.618% (FOM 2.709%)  vs dense   2.393%    1221.4 ms/query  2.40 att/step  10.02 ms/att  exits [0, 300, 0, 0]
  fibonacci       16    point m=    987: worst err same-grid  13.389%  refined  13.141% (FOM 2.709%)  vs dense   1.405%     595.8 ms/query  2.43 att/step  5.26 ms/att  exits [0, 300, 0, 0]
  fibonacci_tent  16    point m=    987: worst err same-grid  12.657%  refined  12.439% (FOM 2.709%)  vs dense   5.029%     694.1 ms/query  2.42 att/step  5.47 ms/att  exits [0, 300, 0, 0]
  fibonacci       19    point m=   4181: worst err same-grid  13.314%  refined  13.068% (FOM 2.709%)  vs dense   1.320%     820.4 ms/query  2.41 att/step  7.07 ms/att  exits [0, 300, 0, 0]
  fibonacci_tent  19    point m=   4181: worst err same-grid  13.343%  refined  13.097% (FOM 2.709%)  vs dense   1.435%    1417.7 ms/query  2.42 att/step  11.51 ms/att  exits [0, 300, 0, 0]
== hj N=1024 q=0 M=128 (offline 2.9s)
  dense           0     point m=1046529: worst err same-grid  10.656%  refined  10.759% (FOM 2.143%)  vs dense   0.000%   24299.7 ms/query  2.54 att/step  191.34 ms/att  exits [0, 100, 0, 0]
  mesh_lattice    32    point m=    961: worst err same-grid  19.586%  refined  19.845% (FOM 2.623%)  vs dense   5.512%     409.2 ms/query  2.50 att/step  3.26 ms/att  exits [0, 300, 0, 0]
  mesh_lattice    16    point m=   3969: worst err same-grid  19.616%  refined  19.873% (FOM 2.623%)  vs dense   4.576%    1026.4 ms/query  2.49 att/step  7.75 ms/att  exits [0, 300, 0, 0]
  gauss_tensor    16    point m=    256: worst err same-grid  20.768%  refined  20.707% (FOM 2.623%)  vs dense   7.044%     355.3 ms/query  2.72 att/step  2.72 ms/att  exits [0, 300, 0, 0]
  gauss_tensor    32    point m=   1024: worst err same-grid  19.652%  refined  19.913% (FOM 2.623%)  vs dense   0.522%     497.1 ms/query  2.48 att/step  3.91 ms/att  exits [0, 300, 0, 0]
  smolyak_cc      6     point m=    193: worst err same-grid  48.809%  refined  48.803% (FOM 2.623%)  vs dense  21.402%     393.2 ms/query  5.85 att/step  1.40 ms/att  exits [4, 296, 0, 0]
  smolyak_cc      8     point m=   1025: worst err same-grid  21.911%  refined  22.217% (FOM 2.623%)  vs dense  11.721%     413.5 ms/query  3.31 att/step  2.60 ms/att  exits [2, 298, 0, 0]
  sobol           1024  point m=   1024: worst err same-grid  20.315%  refined  20.553% (FOM 2.623%)  vs dense   3.424%     427.6 ms/query  2.52 att/step  3.56 ms/att  exits [0, 300, 0, 0]
  halton          1024  point m=   1024: worst err same-grid  19.991%  refined  20.263% (FOM 2.623%)  vs dense   4.298%     565.5 ms/query  2.48 att/step  4.33 ms/att  exits [0, 300, 0, 0]
  sobol           4096  point m=   4096: worst err same-grid  19.639%  refined  19.910% (FOM 2.623%)  vs dense   0.358%     756.0 ms/query  2.48 att/step  5.94 ms/att  exits [0, 300, 0, 0]
  halton          4096  point m=   4096: worst err same-grid  19.961%  refined  20.214% (FOM 2.623%)  vs dense   1.589%     833.9 ms/query  2.50 att/step  6.10 ms/att  exits [0, 300, 0, 0]
  fibonacci       16    point m=    987: worst err same-grid  19.658%  refined  19.922% (FOM 2.623%)  vs dense   0.479%     394.3 ms/query  2.49 att/step  3.35 ms/att  exits [0, 300, 0, 0]
  fibonacci_tent  16    point m=    987: worst err same-grid  19.228%  refined  19.480% (FOM 2.623%)  vs dense   2.320%     377.3 ms/query  2.49 att/step  3.21 ms/att  exits [0, 300, 0, 0]
  fibonacci       19    point m=   4181: worst err same-grid  19.692%  refined  19.951% (FOM 2.623%)  vs dense   0.371%     612.1 ms/query  2.49 att/step  5.06 ms/att  exits [0, 300, 0, 0]
  fibonacci_tent  19    point m=   4181: worst err same-grid  19.699%  refined  19.958% (FOM 2.623%)  vs dense   0.371%     588.0 ms/query  2.49 att/step  5.10 ms/att  exits [0, 300, 0, 0]
== hj N=1024 q=64 M=384 (offline 2.2s)
  mesh_lattice    32    point m=    961: worst err same-grid  13.099%  refined  12.905% (FOM 2.623%)  vs dense     nan%     660.0 ms/query  2.42 att/step  5.61 ms/att  exits [0, 300, 0, 0]
  mesh_lattice    16    point m=   3969: worst err same-grid  13.005%  refined  12.812% (FOM 2.623%)  vs dense     nan%    1260.4 ms/query  2.43 att/step  9.84 ms/att  exits [0, 300, 0, 0]
  gauss_tensor    16    point m=    256: worst err same-grid  24.647%  refined  25.199% (FOM 2.623%)  vs dense     nan%     597.7 ms/query  2.93 att/step  3.92 ms/att  exits [0, 297, 0, 3]
  gauss_tensor    32    point m=   1024: worst err same-grid  12.431%  refined  12.277% (FOM 2.623%)  vs dense     nan%     750.1 ms/query  2.40 att/step  6.43 ms/att  exits [0, 300, 0, 0]
  smolyak_cc      6     point m=    193: worst err same-grid  79.223%  refined  79.466% (FOM 2.623%)  vs dense     nan%     385.1 ms/query  2.76 att/step  3.41 ms/att  exits [0, 50, 0, 250]
  smolyak_cc      8     point m=   1025: worst err same-grid  20.581%  refined  20.513% (FOM 2.623%)  vs dense     nan%     715.0 ms/query  2.92 att/step  5.24 ms/att  exits [0, 299, 0, 1]
  sobol           1024  point m=   1024: worst err same-grid  13.963%  refined  13.759% (FOM 2.623%)  vs dense     nan%     735.1 ms/query  2.40 att/step  6.39 ms/att  exits [0, 300, 0, 0]
  halton          1024  point m=   1024: worst err same-grid  13.242%  refined  13.042% (FOM 2.623%)  vs dense     nan%     665.0 ms/query  2.31 att/step  6.09 ms/att  exits [0, 300, 0, 0]
  sobol           4096  point m=   4096: worst err same-grid  13.008%  refined  12.810% (FOM 2.623%)  vs dense     nan%    1109.2 ms/query  2.42 att/step  9.29 ms/att  exits [0, 300, 0, 0]
  halton          4096  point m=   4096: worst err same-grid  13.846%  refined  13.616% (FOM 2.623%)  vs dense     nan%     955.5 ms/query  2.40 att/step  8.41 ms/att  exits [0, 300, 0, 0]
  fibonacci       16    point m=    987: worst err same-grid  13.352%  refined  13.140% (FOM 2.623%)  vs dense     nan%     557.3 ms/query  2.43 att/step  4.57 ms/att  exits [0, 300, 0, 0]
  fibonacci_tent  16    point m=    987: worst err same-grid  12.621%  refined  12.438% (FOM 2.623%)  vs dense     nan%     553.9 ms/query  2.42 att/step  4.79 ms/att  exits [0, 300, 0, 0]
  fibonacci       19    point m=   4181: worst err same-grid  13.278%  refined  13.067% (FOM 2.623%)  vs dense     nan%    1517.9 ms/query  2.41 att/step  12.77 ms/att  exits [0, 300, 0, 0]
  fibonacci_tent  19    point m=   4181: worst err same-grid  13.306%  refined  13.095% (FOM 2.623%)  vs dense     nan%    1581.1 ms/query  2.42 att/step  12.82 ms/att  exits [0, 300, 0, 0]
done
