N=  128 q=  0 dense         0     m=   16129  residual    0.103 ms  jacobian    1.211 ms  LM step     8.72 ms (4 attempts)
N=  128 q=  0 eq_nnls       1024  m=    1024  residual    0.055 ms  jacobian    0.347 ms  LM step     2.27 ms (4 attempts)
N=  128 q=  0 eq_nnls       2048  m=    2048  residual    0.102 ms  jacobian    0.562 ms  LM step     4.51 ms (4 attempts)
N=  128 q=  0 mesh_lattice  4     m=     961  residual    0.052 ms  jacobian    0.242 ms  LM step     1.88 ms (4 attempts)
N=  128 q=  0 mesh_lattice  2     m=    3969  residual    0.109 ms  jacobian    1.020 ms  LM step     9.21 ms (4 attempts)
N=  128 q=  0 gauss_tensor  16    m=     256  residual    0.032 ms  jacobian    0.135 ms  LM step     0.95 ms (4 attempts)
N=  128 q=  0 gauss_tensor  32    m=    1024  residual    0.040 ms  jacobian    0.193 ms  LM step     1.40 ms (4 attempts)
N=  128 q=  0 gauss_tensor  48    m=    2304  residual    0.072 ms  jacobian    0.303 ms  LM step     3.27 ms (4 attempts)
N=  128 q=  0 smolyak_cc    7     m=     449  residual    0.039 ms  jacobian    0.169 ms  LM step     1.82 ms (6 attempts)
N=  128 q=  0 smolyak_cc    8     m=    1025  residual    0.052 ms  jacobian    0.186 ms  LM step     1.64 ms (5 attempts)
N=  128 q=  0 smolyak_cc    9     m=    2305  residual    0.076 ms  jacobian    0.311 ms  LM step     2.71 ms (4 attempts)
N=  128 q=  0 sobol         1024  m=    1024  residual    0.067 ms  jacobian    0.181 ms  LM step     1.43 ms (4 attempts)
N=  128 q=  0 sobol         4096  m=    4096  residual    0.118 ms  jacobian    0.454 ms  LM step     4.95 ms (4 attempts)
N=  128 q=  0 fibonacci     16    m=     987  residual    0.053 ms  jacobian    0.230 ms  LM step     1.37 ms (4 attempts)
N=  128 q=  0 fibonacci     19    m=    4181  residual    0.093 ms  jacobian    0.410 ms  LM step     3.87 ms (4 attempts)
N=  128 q= 64 dense         0     m=   16129  residual    0.113 ms  jacobian    2.714 ms  LM step    18.28 ms (4 attempts)
N=  128 q= 64 eq_nnls       1024  m=    1024  residual    0.082 ms  jacobian    0.769 ms  LM step     6.50 ms (4 attempts)
N=  128 q= 64 eq_nnls       2048  m=    2048  residual    0.094 ms  jacobian    1.335 ms  LM step     9.90 ms (4 attempts)
N=  128 q= 64 mesh_lattice  4     m=     961  residual    0.090 ms  jacobian    0.704 ms  LM step     5.90 ms (4 attempts)
N=  128 q= 64 mesh_lattice  2     m=    3969  residual    0.166 ms  jacobian    2.165 ms  LM step    14.96 ms (4 attempts)
N=  128 q= 64 gauss_tensor  16    m=     256  residual    0.046 ms  jacobian    0.493 ms  LM step     5.49 ms (6 attempts)
N=  128 q= 64 gauss_tensor  32    m=    1024  residual    0.070 ms  jacobian    0.781 ms  LM step     6.19 ms (4 attempts)
N=  128 q= 64 gauss_tensor  48    m=    2304  residual    0.093 ms  jacobian    1.353 ms  LM step     9.62 ms (4 attempts)
N=  128 q= 64 smolyak_cc    7     m=     449  residual    0.060 ms  jacobian    0.583 ms  LM step    63.90 ms (100 attempts)
N=  128 q= 64 smolyak_cc    8     m=    1025  residual    0.063 ms  jacobian    0.753 ms  LM step     8.49 ms (6 attempts)
N=  128 q= 64 smolyak_cc    9     m=    2305  residual    0.098 ms  jacobian    1.340 ms  LM step     9.91 ms (4 attempts)
N=  128 q= 64 sobol         1024  m=    1024  residual    0.070 ms  jacobian    0.801 ms  LM step     6.07 ms (4 attempts)
N=  128 q= 64 sobol         4096  m=    4096  residual    0.200 ms  jacobian    1.831 ms  LM step    13.54 ms (4 attempts)
N=  128 q= 64 fibonacci     16    m=     987  residual    0.069 ms  jacobian    0.752 ms  LM step     5.70 ms (4 attempts)
N=  128 q= 64 fibonacci     19    m=    4181  residual    0.115 ms  jacobian    2.413 ms  LM step    12.72 ms (4 attempts)
N=  256 q=  0 dense         0     m=   65025  residual    0.694 ms  jacobian    5.341 ms  LM step    28.04 ms (4 attempts)
N=  256 q=  0 eq_nnls       1024  m=    1024  residual    0.062 ms  jacobian    0.313 ms  LM step     2.91 ms (4 attempts)
N=  256 q=  0 eq_nnls       2048  m=    1836  residual    0.076 ms  jacobian    0.485 ms  LM step     4.11 ms (4 attempts)
N=  256 q=  0 mesh_lattice  8     m=     961  residual    0.075 ms  jacobian    0.252 ms  LM step     2.19 ms (4 attempts)
N=  256 q=  0 mesh_lattice  4     m=    3969  residual    0.166 ms  jacobian    0.994 ms  LM step     8.27 ms (4 attempts)
N=  256 q=  0 gauss_tensor  16    m=     256  residual    0.035 ms  jacobian    0.129 ms  LM step     0.85 ms (4 attempts)
N=  256 q=  0 gauss_tensor  32    m=    1024  residual    0.062 ms  jacobian    0.181 ms  LM step     2.24 ms (4 attempts)
N=  256 q=  0 gauss_tensor  48    m=    2304  residual    0.084 ms  jacobian    0.318 ms  LM step     2.75 ms (4 attempts)
N=  256 q=  0 smolyak_cc    7     m=     449  residual    0.028 ms  jacobian    0.168 ms  LM step     1.33 ms (6 attempts)
N=  256 q=  0 smolyak_cc    8     m=    1025  residual    0.063 ms  jacobian    0.177 ms  LM step     1.69 ms (5 attempts)
N=  256 q=  0 smolyak_cc    9     m=    2305  residual    0.083 ms  jacobian    0.318 ms  LM step     2.65 ms (4 attempts)
N=  256 q=  0 sobol         1024  m=    1024  residual    0.048 ms  jacobian    0.188 ms  LM step     1.48 ms (4 attempts)
N=  256 q=  0 sobol         4096  m=    4096  residual    0.145 ms  jacobian    0.441 ms  LM step     4.32 ms (4 attempts)
N=  256 q=  0 fibonacci     16    m=     987  residual    0.056 ms  jacobian    0.234 ms  LM step     1.58 ms (4 attempts)
N=  256 q=  0 fibonacci     19    m=    4181  residual    0.090 ms  jacobian    0.413 ms  LM step     3.69 ms (4 attempts)
N=  256 q= 64 dense         0     m=   65025  residual    0.612 ms  jacobian   11.510 ms  LM step    56.34 ms (4 attempts)
N=  256 q= 64 eq_nnls       1024  m=    1024  residual    0.075 ms  jacobian    0.746 ms  LM step     6.98 ms (4 attempts)
N=  256 q= 64 eq_nnls       2048  m=    1836  residual    0.117 ms  jacobian    1.175 ms  LM step     9.10 ms (4 attempts)
N=  256 q= 64 mesh_lattice  8     m=     961  residual    0.070 ms  jacobian    0.684 ms  LM step     6.13 ms (4 attempts)
N=  256 q= 64 mesh_lattice  4     m=    3969  residual    0.264 ms  jacobian    2.331 ms  LM step    15.54 ms (4 attempts)
N=  256 q= 64 gauss_tensor  16    m=     256  residual    0.038 ms  jacobian    0.515 ms  LM step     5.42 ms (6 attempts)
N=  256 q= 64 gauss_tensor  32    m=    1024  residual    0.078 ms  jacobian    0.782 ms  LM step     6.17 ms (4 attempts)
N=  256 q= 64 gauss_tensor  48    m=    2304  residual    0.104 ms  jacobian    1.375 ms  LM step    10.21 ms (4 attempts)
N=  256 q= 64 smolyak_cc    7     m=     449  residual    0.048 ms  jacobian    0.588 ms  LM step    65.61 ms (100 attempts)
N=  256 q= 64 smolyak_cc    8     m=    1025  residual    0.062 ms  jacobian    0.778 ms  LM step     8.59 ms (6 attempts)
N=  256 q= 64 smolyak_cc    9     m=    2305  residual    0.101 ms  jacobian    1.381 ms  LM step    10.08 ms (4 attempts)
N=  256 q= 64 sobol         1024  m=    1024  residual    0.066 ms  jacobian    0.776 ms  LM step     6.11 ms (4 attempts)
N=  256 q= 64 sobol         4096  m=    4096  residual    0.208 ms  jacobian    1.876 ms  LM step    13.02 ms (4 attempts)
N=  256 q= 64 fibonacci     16    m=     987  residual    0.071 ms  jacobian    0.741 ms  LM step     6.28 ms (4 attempts)
N=  256 q= 64 fibonacci     19    m=    4181  residual    0.114 ms  jacobian    1.702 ms  LM step    12.25 ms (4 attempts)
N=  512 q=  0 dense         0     m=  261121  residual    4.516 ms  jacobian   20.854 ms  LM step   109.86 ms (4 attempts)
N=  512 q=  0 eq_nnls       1024  m=    1024  residual    0.054 ms  jacobian    0.258 ms  LM step     2.18 ms (4 attempts)
N=  512 q=  0 eq_nnls       2048  m=    2048  residual    0.071 ms  jacobian    0.434 ms  LM step     4.03 ms (4 attempts)
N=  512 q=  0 mesh_lattice  16    m=     961  residual    0.072 ms  jacobian    0.252 ms  LM step     1.79 ms (4 attempts)
N=  512 q=  0 mesh_lattice  8     m=    3969  residual    0.135 ms  jacobian    0.887 ms  LM step     8.06 ms (4 attempts)
N=  512 q=  0 gauss_tensor  16    m=     256  residual    0.032 ms  jacobian    0.162 ms  LM step     0.99 ms (4 attempts)
N=  512 q=  0 gauss_tensor  32    m=    1024  residual    0.051 ms  jacobian    0.210 ms  LM step     1.77 ms (4 attempts)
N=  512 q=  0 gauss_tensor  48    m=    2304  residual    0.114 ms  jacobian    0.325 ms  LM step     2.69 ms (4 attempts)
N=  512 q=  0 smolyak_cc    7     m=     449  residual    0.057 ms  jacobian    0.198 ms  LM step     1.56 ms (6 attempts)
N=  512 q=  0 smolyak_cc    8     m=    1025  residual    0.061 ms  jacobian    0.247 ms  LM step     1.69 ms (5 attempts)
N=  512 q=  0 smolyak_cc    9     m=    2305  residual    0.070 ms  jacobian    0.314 ms  LM step     2.45 ms (4 attempts)
N=  512 q=  0 sobol         1024  m=    1024  residual    0.043 ms  jacobian    0.247 ms  LM step     1.49 ms (4 attempts)
N=  512 q=  0 sobol         4096  m=    4096  residual    0.139 ms  jacobian    0.444 ms  LM step     4.56 ms (4 attempts)
N=  512 q=  0 fibonacci     16    m=     987  residual    0.059 ms  jacobian    0.227 ms  LM step     1.50 ms (4 attempts)
N=  512 q=  0 fibonacci     19    m=    4181  residual    0.102 ms  jacobian    0.425 ms  LM step     3.71 ms (4 attempts)
N=  512 q= 64 dense         0     m=  261121  residual    4.879 ms  jacobian   45.688 ms  LM step   219.58 ms (4 attempts)
N=  512 q= 64 eq_nnls       1024  m=    1024  residual    0.117 ms  jacobian    0.750 ms  LM step     6.84 ms (4 attempts)
N=  512 q= 64 eq_nnls       2048  m=    2048  residual    0.174 ms  jacobian    1.305 ms  LM step    10.07 ms (4 attempts)
N=  512 q= 64 mesh_lattice  16    m=     961  residual    0.085 ms  jacobian    0.710 ms  LM step     5.98 ms (4 attempts)
N=  512 q= 64 mesh_lattice  8     m=    3969  residual    0.265 ms  jacobian    2.233 ms  LM step    15.18 ms (4 attempts)
N=  512 q= 64 gauss_tensor  16    m=     256  residual    0.084 ms  jacobian    0.524 ms  LM step     5.54 ms (6 attempts)
N=  512 q= 64 gauss_tensor  32    m=    1024  residual    0.067 ms  jacobian    0.770 ms  LM step     6.15 ms (4 attempts)
N=  512 q= 64 gauss_tensor  48    m=    2304  residual    0.149 ms  jacobian    1.316 ms  LM step     9.48 ms (4 attempts)
N=  512 q= 64 smolyak_cc    7     m=     449  residual    0.048 ms  jacobian    0.580 ms  LM step    66.46 ms (100 attempts)
N=  512 q= 64 smolyak_cc    8     m=    1025  residual    0.073 ms  jacobian    0.795 ms  LM step     8.61 ms (6 attempts)
N=  512 q= 64 smolyak_cc    9     m=    2305  residual    0.121 ms  jacobian    1.279 ms  LM step     9.32 ms (4 attempts)
N=  512 q= 64 sobol         1024  m=    1024  residual    0.080 ms  jacobian    0.764 ms  LM step     6.16 ms (4 attempts)
N=  512 q= 64 sobol         4096  m=    4096  residual    0.199 ms  jacobian    1.899 ms  LM step    13.85 ms (4 attempts)
N=  512 q= 64 fibonacci     16    m=     987  residual    0.064 ms  jacobian    0.728 ms  LM step     6.10 ms (4 attempts)
N=  512 q= 64 fibonacci     19    m=    4181  residual    0.148 ms  jacobian    1.783 ms  LM step    12.67 ms (4 attempts)
N= 1024 q=  0 dense         0     m= 1046529  residual   19.325 ms  jacobian   79.038 ms  LM step   423.98 ms (4 attempts)
N= 1024 q=  0 mesh_lattice  32    m=     961  residual    0.070 ms  jacobian    0.253 ms  LM step     2.06 ms (4 attempts)
N= 1024 q=  0 mesh_lattice  16    m=    3969  residual    0.129 ms  jacobian    1.025 ms  LM step     8.24 ms (4 attempts)
N= 1024 q=  0 gauss_tensor  16    m=     256  residual    0.037 ms  jacobian    0.137 ms  LM step     0.97 ms (4 attempts)
N= 1024 q=  0 gauss_tensor  32    m=    1024  residual    0.052 ms  jacobian    0.243 ms  LM step     1.32 ms (4 attempts)
N= 1024 q=  0 gauss_tensor  48    m=    2304  residual    0.108 ms  jacobian    0.315 ms  LM step     2.54 ms (4 attempts)
N= 1024 q=  0 smolyak_cc    7     m=     449  residual    0.037 ms  jacobian    0.186 ms  LM step     1.79 ms (6 attempts)
N= 1024 q=  0 smolyak_cc    8     m=    1025  residual    0.063 ms  jacobian    0.224 ms  LM step     1.55 ms (5 attempts)
N= 1024 q=  0 smolyak_cc    9     m=    2305  residual    0.082 ms  jacobian    0.347 ms  LM step     2.99 ms (4 attempts)
N= 1024 q=  0 sobol         1024  m=    1024  residual    0.046 ms  jacobian    0.193 ms  LM step     1.43 ms (4 attempts)
N= 1024 q=  0 sobol         4096  m=    4096  residual    0.155 ms  jacobian    0.434 ms  LM step     4.85 ms (4 attempts)
N= 1024 q=  0 fibonacci     16    m=     987  residual    0.055 ms  jacobian    0.237 ms  LM step     1.43 ms (4 attempts)
N= 1024 q=  0 fibonacci     19    m=    4181  residual    0.104 ms  jacobian    0.423 ms  LM step     3.93 ms (4 attempts)
N= 1024 q= 64 dense         0     m= 1046529  residual   19.335 ms  jacobian  180.908 ms  LM step   868.37 ms (4 attempts)
N= 1024 q= 64 mesh_lattice  32    m=     961  residual    0.122 ms  jacobian    0.729 ms  LM step     6.46 ms (4 attempts)
N= 1024 q= 64 mesh_lattice  16    m=    3969  residual    0.225 ms  jacobian    2.445 ms  LM step    15.99 ms (4 attempts)
N= 1024 q= 64 gauss_tensor  16    m=     256  residual    0.046 ms  jacobian    0.523 ms  LM step     5.61 ms (6 attempts)
N= 1024 q= 64 gauss_tensor  32    m=    1024  residual    0.063 ms  jacobian    0.781 ms  LM step     6.22 ms (4 attempts)
N= 1024 q= 64 gauss_tensor  48    m=    2304  residual    0.112 ms  jacobian    1.367 ms  LM step     9.66 ms (4 attempts)
N= 1024 q= 64 smolyak_cc    7     m=     449  residual    0.051 ms  jacobian    0.610 ms  LM step    63.89 ms (100 attempts)
N= 1024 q= 64 smolyak_cc    8     m=    1025  residual    0.099 ms  jacobian    0.804 ms  LM step     8.38 ms (6 attempts)
N= 1024 q= 64 smolyak_cc    9     m=    2305  residual    0.107 ms  jacobian    1.339 ms  LM step     9.69 ms (4 attempts)
N= 1024 q= 64 sobol         1024  m=    1024  residual    0.088 ms  jacobian    0.810 ms  LM step     6.21 ms (4 attempts)
N= 1024 q= 64 sobol         4096  m=    4096  residual    0.185 ms  jacobian    1.856 ms  LM step    13.48 ms (4 attempts)
N= 1024 q= 64 fibonacci     16    m=     987  residual    0.071 ms  jacobian    0.731 ms  LM step     5.80 ms (4 attempts)
N= 1024 q= 64 fibonacci     19    m=    4181  residual    0.161 ms  jacobian    1.615 ms  LM step    12.05 ms (4 attempts)
done
