COMMIT.txt: OK
PROVENANCE.json: OK
code/DESIGN.md: OK
code/audit.py: OK
code/audit_coverage.py: OK
code/audit_head.py: OK
code/audit_panel.py: OK
code/audit_pretraining.py: OK
code/audit_states.py: OK
code/cluster/collect.py: OK
code/cluster/stage.py: OK
code/common.py: OK
code/config.json: OK
code/coverage_train.py: OK
code/final_freeze.py: OK
code/frozen.py: OK
code/head_pca_diagnostic.py: OK
code/operators/README.md: OK
code/operators/__init__.py: OK
code/operators/extra_models3d.py: OK
code/operators/extra_smoke.py: OK
code/operators/extra_train_smoke.py: OK
code/operators/heat_adapter.py: OK
code/operators/models3d.py: OK
code/operators/pretrained_deeponet.py: OK
code/operators/smoke.py: OK
code/operators/train_smoke.py: OK
code/operators/training.py: OK
code/operators/upstream/LICENSE: OK
code/operators/upstream/PROVENANCE.json: OK
code/operators/upstream/Physics_Attention.py: OK
code/operators/upstream/prior_families.py: OK
code/rom.py: OK
code/run.py: OK
code/train.py: OK
run.sbatch: OK
out/control128/FROZEN.json: OK
out/control128/bank.pkl: OK
out/control128/bank_curve.json: OK
out/control128/bank_partial.pkl: OK
out/control128/bank_selected_partial.pkl: OK
out/control128/cohorts.json: OK
out/control128/coordinates.npz: OK
out/control128/head_K16.pkl: OK
out/control128/head_K16_curve.json: OK
out/control128/head_K16_development.npz: OK
out/control128/head_K16_partial.pkl: OK
out/control128/head_K16_selected_partial.pkl: OK
out/control128/head_K32.pkl: OK
out/control128/head_K32_curve.json: OK
out/control128/head_K32_development.npz: OK
out/control128/head_K32_partial.pkl: OK
out/control128/head_K32_selected_partial.pkl: OK
out/control128/reference.npz: OK
out/control128/result.json: OK
out/control128/training_coordinates.npz: OK
out/result.json: OK
out/seedA/FROZEN.json: OK
out/seedA/bank.pkl: OK
out/seedA/bank_curve.json: OK
out/seedA/bank_partial.pkl: OK
out/seedA/bank_selected_partial.pkl: OK
out/seedA/cohorts.json: OK
out/seedA/coordinates.npz: OK
out/seedA/head_K16.pkl: OK
out/seedA/head_K16_curve.json: OK
out/seedA/head_K16_development.npz: OK
out/seedA/head_K16_partial.pkl: OK
out/seedA/head_K16_selected_partial.pkl: OK
out/seedA/head_K32.pkl: OK
out/seedA/head_K32_curve.json: OK
out/seedA/head_K32_development.npz: OK
out/seedA/head_K32_partial.pkl: OK
out/seedA/head_K32_selected_partial.pkl: OK
out/seedA/operators/deeponet3d_r128_w16/adapter.pkl: OK
out/seedA/operators/deeponet3d_r128_w16/best.pkl: OK
out/seedA/operators/deeponet3d_r128_w16/curve.json: OK
out/seedA/operators/deeponet3d_r128_w16/development.npz: OK
out/seedA/operators/deeponet3d_r128_w16/diagnostics.json: OK
out/seedA/operators/deeponet3d_r128_w16/latest.pkl: OK
out/seedA/operators/deeponet3d_r128_w16/pretraining/branch_curve.json: OK
out/seedA/operators/deeponet3d_r128_w16/pretraining/branch_latest.pkl: OK
out/seedA/operators/deeponet3d_r128_w16/pretraining/branch_teacher.npz: OK
out/seedA/operators/deeponet3d_r128_w16/pretraining/initialized.pkl: OK
out/seedA/operators/deeponet3d_r128_w16/pretraining/pretraining.json: OK
out/seedA/operators/deeponet3d_r128_w16/pretraining/random_initialization.pkl: OK
out/seedA/operators/deeponet3d_r128_w16/pretraining/training_teacher.npz: OK
out/seedA/operators/deeponet3d_r128_w16/pretraining/trunk_curve.json: OK
out/seedA/operators/deeponet3d_r128_w16/pretraining/trunk_latest.pkl: OK
out/seedA/operators/deeponet3d_r128_w16/pretraining/trunk_selected.pkl: OK
out/seedA/operators/deeponet3d_r128_w16/training.json: OK
out/seedA/operators/fno3d_w16_m6/adapter.pkl: OK
out/seedA/operators/fno3d_w16_m6/best.pkl: OK
out/seedA/operators/fno3d_w16_m6/curve.json: OK
out/seedA/operators/fno3d_w16_m6/development.npz: OK
out/seedA/operators/fno3d_w16_m6/diagnostics.json: OK
out/seedA/operators/fno3d_w16_m6/latest.pkl: OK
out/seedA/operators/fno3d_w16_m6/training.json: OK
out/seedA/operators/transolver3d_w48_s32/adapter.pkl: OK
out/seedA/operators/transolver3d_w48_s32/best.pkl: OK
out/seedA/operators/transolver3d_w48_s32/curve.json: OK
out/seedA/operators/transolver3d_w48_s32/development.npz: OK
out/seedA/operators/transolver3d_w48_s32/diagnostics.json: OK
out/seedA/operators/transolver3d_w48_s32/latest.pkl: OK
out/seedA/operators/transolver3d_w48_s32/training.json: OK
out/seedA/operators/unet3d_w8/adapter.pkl: OK
out/seedA/operators/unet3d_w8/best.pkl: OK
out/seedA/operators/unet3d_w8/curve.json: OK
out/seedA/operators/unet3d_w8/development.npz: OK
out/seedA/operators/unet3d_w8/diagnostics.json: OK
out/seedA/operators/unet3d_w8/latest.pkl: OK
out/seedA/operators/unet3d_w8/training.json: OK
out/seedA/reference.npz: OK
out/seedA/result.json: OK
out/seedA/training_coordinates.npz: OK
out/seedB/FROZEN.json: OK
out/seedB/bank.pkl: OK
out/seedB/bank_curve.json: OK
out/seedB/bank_partial.pkl: OK
out/seedB/bank_selected_partial.pkl: OK
out/seedB/cohorts.json: OK
out/seedB/coordinates.npz: OK
out/seedB/head_K16.pkl: OK
out/seedB/head_K16_curve.json: OK
out/seedB/head_K16_development.npz: OK
out/seedB/head_K16_partial.pkl: OK
out/seedB/head_K16_selected_partial.pkl: OK
out/seedB/head_K32.pkl: OK
out/seedB/head_K32_curve.json: OK
out/seedB/head_K32_development.npz: OK
out/seedB/head_K32_partial.pkl: OK
out/seedB/head_K32_selected_partial.pkl: OK
out/seedB/operators/deeponet3d_r128_w16/adapter.pkl: OK
out/seedB/operators/deeponet3d_r128_w16/best.pkl: OK
out/seedB/operators/deeponet3d_r128_w16/curve.json: OK
out/seedB/operators/deeponet3d_r128_w16/development.npz: OK
out/seedB/operators/deeponet3d_r128_w16/diagnostics.json: OK
out/seedB/operators/deeponet3d_r128_w16/latest.pkl: OK
out/seedB/operators/deeponet3d_r128_w16/pretraining/branch_curve.json: OK
out/seedB/operators/deeponet3d_r128_w16/pretraining/branch_latest.pkl: OK
out/seedB/operators/deeponet3d_r128_w16/pretraining/branch_teacher.npz: OK
out/seedB/operators/deeponet3d_r128_w16/pretraining/initialized.pkl: OK
out/seedB/operators/deeponet3d_r128_w16/pretraining/pretraining.json: OK
out/seedB/operators/deeponet3d_r128_w16/pretraining/random_initialization.pkl: OK
out/seedB/operators/deeponet3d_r128_w16/pretraining/training_teacher.npz: OK
out/seedB/operators/deeponet3d_r128_w16/pretraining/trunk_curve.json: OK
out/seedB/operators/deeponet3d_r128_w16/pretraining/trunk_latest.pkl: OK
out/seedB/operators/deeponet3d_r128_w16/pretraining/trunk_selected.pkl: OK
out/seedB/operators/deeponet3d_r128_w16/training.json: OK
out/seedB/operators/fno3d_w16_m6/adapter.pkl: OK
out/seedB/operators/fno3d_w16_m6/best.pkl: OK
out/seedB/operators/fno3d_w16_m6/curve.json: OK
out/seedB/operators/fno3d_w16_m6/development.npz: OK
out/seedB/operators/fno3d_w16_m6/diagnostics.json: OK
out/seedB/operators/fno3d_w16_m6/latest.pkl: OK
out/seedB/operators/fno3d_w16_m6/training.json: OK
out/seedB/operators/transolver3d_w48_s32/adapter.pkl: OK
out/seedB/operators/transolver3d_w48_s32/best.pkl: OK
out/seedB/operators/transolver3d_w48_s32/curve.json: OK
out/seedB/operators/transolver3d_w48_s32/development.npz: OK
out/seedB/operators/transolver3d_w48_s32/diagnostics.json: OK
out/seedB/operators/transolver3d_w48_s32/latest.pkl: OK
out/seedB/operators/transolver3d_w48_s32/training.json: OK
out/seedB/operators/unet3d_w8/adapter.pkl: OK
out/seedB/operators/unet3d_w8/best.pkl: OK
out/seedB/operators/unet3d_w8/curve.json: OK
out/seedB/operators/unet3d_w8/development.npz: OK
out/seedB/operators/unet3d_w8/diagnostics.json: OK
out/seedB/operators/unet3d_w8/latest.pkl: OK
out/seedB/operators/unet3d_w8/training.json: OK
out/seedB/reference.npz: OK
out/seedB/result.json: OK
out/seedB/training_coordinates.npz: OK
{"passed": true, "complete": true, "final_cohort_opened": false, "checked_fields": 32, "checked_fit_states": 192, "reconstruction_max_absolute_difference": 1.5543122344752192e-15, "gradient_max_absolute_difference": 1.5767314743990052e-16, "source_files_verified": 33, "independent_reference_max_absolute_difference": 5.551115123125783e-16, "independent_training_coordinate_max_absolute_difference": 2.1316282072803006e-14, "scope": "independent NumPy/SciPy PCA initialization, selected-checkpoint field errors, decoded fields and analytic normalized fitting gradients; operator diagnostics await a full paired panel"}
{"passed": true, "complete": true, "final_cohort_opened": false, "checked_fields": 32, "checked_fit_states": 192, "reconstruction_max_absolute_difference": 1.887379141862766e-15, "gradient_max_absolute_difference": 2.1013811590274505e-16, "source_files_verified": 33, "independent_reference_max_absolute_difference": 5.551115123125783e-16, "independent_training_coordinate_max_absolute_difference": 2.3092638912203256e-14, "scope": "independent NumPy/SciPy PCA initialization, selected-checkpoint field errors, decoded fields and analytic normalized fitting gradients; operator diagnostics await a full paired panel"}
{"passed": true, "complete": true, "final_cohort_opened": false, "checked_fields": 32, "checked_fit_states": 192, "reconstruction_max_absolute_difference": 2.220446049250313e-15, "gradient_max_absolute_difference": 1.6294685108371245e-16, "source_files_verified": 33, "independent_reference_max_absolute_difference": 5.551115123125783e-16, "independent_training_coordinate_max_absolute_difference": 2.1316282072803006e-14, "scope": "independent NumPy/SciPy PCA initialization, selected-checkpoint field errors, decoded fields and analytic normalized fitting gradients; operator diagnostics await a full paired panel"}
COVERAGE_AUDIT_PASS 3
out/control128/FROZEN.json: OK
out/control128/bank.pkl: OK
out/control128/bank_curve.json: OK
out/control128/bank_partial.pkl: OK
out/control128/bank_selected_partial.pkl: OK
out/control128/cohorts.json: OK
out/control128/coordinates.npz: OK
out/control128/head_K16.pkl: OK
out/control128/head_K16_curve.json: OK
out/control128/head_K16_development.npz: OK
out/control128/head_K16_partial.pkl: OK
out/control128/head_K16_selected_partial.pkl: OK
out/control128/head_K32.pkl: OK
out/control128/head_K32_curve.json: OK
out/control128/head_K32_development.npz: OK
out/control128/head_K32_partial.pkl: OK
out/control128/head_K32_selected_partial.pkl: OK
out/control128/reference.npz: OK
out/control128/result.json: OK
out/control128/training_coordinates.npz: OK
out/result.json: OK
out/seedA/FROZEN.json: OK
out/seedA/bank.pkl: OK
out/seedA/bank_curve.json: OK
out/seedA/bank_partial.pkl: OK
out/seedA/bank_selected_partial.pkl: OK
out/seedA/cohorts.json: OK
out/seedA/coordinates.npz: OK
out/seedA/head_K16.pkl: OK
out/seedA/head_K16_curve.json: OK
out/seedA/head_K16_development.npz: OK
out/seedA/head_K16_partial.pkl: OK
out/seedA/head_K16_selected_partial.pkl: OK
out/seedA/head_K32.pkl: OK
out/seedA/head_K32_curve.json: OK
out/seedA/head_K32_development.npz: OK
out/seedA/head_K32_partial.pkl: OK
out/seedA/head_K32_selected_partial.pkl: OK
out/seedA/operators/deeponet3d_r128_w16/adapter.pkl: OK
out/seedA/operators/deeponet3d_r128_w16/best.pkl: OK
out/seedA/operators/deeponet3d_r128_w16/curve.json: OK
out/seedA/operators/deeponet3d_r128_w16/development.npz: OK
out/seedA/operators/deeponet3d_r128_w16/diagnostics.json: OK
out/seedA/operators/deeponet3d_r128_w16/latest.pkl: OK
out/seedA/operators/deeponet3d_r128_w16/pretraining/branch_curve.json: OK
out/seedA/operators/deeponet3d_r128_w16/pretraining/branch_latest.pkl: OK
out/seedA/operators/deeponet3d_r128_w16/pretraining/branch_teacher.npz: OK
out/seedA/operators/deeponet3d_r128_w16/pretraining/initialized.pkl: OK
out/seedA/operators/deeponet3d_r128_w16/pretraining/pretraining.json: OK
out/seedA/operators/deeponet3d_r128_w16/pretraining/random_initialization.pkl: OK
out/seedA/operators/deeponet3d_r128_w16/pretraining/training_teacher.npz: OK
out/seedA/operators/deeponet3d_r128_w16/pretraining/trunk_curve.json: OK
out/seedA/operators/deeponet3d_r128_w16/pretraining/trunk_latest.pkl: OK
out/seedA/operators/deeponet3d_r128_w16/pretraining/trunk_selected.pkl: OK
out/seedA/operators/deeponet3d_r128_w16/training.json: OK
out/seedA/operators/fno3d_w16_m6/adapter.pkl: OK
out/seedA/operators/fno3d_w16_m6/best.pkl: OK
out/seedA/operators/fno3d_w16_m6/curve.json: OK
out/seedA/operators/fno3d_w16_m6/development.npz: OK
out/seedA/operators/fno3d_w16_m6/diagnostics.json: OK
out/seedA/operators/fno3d_w16_m6/latest.pkl: OK
out/seedA/operators/fno3d_w16_m6/training.json: OK
out/seedA/operators/transolver3d_w48_s32/adapter.pkl: OK
out/seedA/operators/transolver3d_w48_s32/best.pkl: OK
out/seedA/operators/transolver3d_w48_s32/curve.json: OK
out/seedA/operators/transolver3d_w48_s32/development.npz: OK
out/seedA/operators/transolver3d_w48_s32/diagnostics.json: OK
out/seedA/operators/transolver3d_w48_s32/latest.pkl: OK
out/seedA/operators/transolver3d_w48_s32/training.json: OK
out/seedA/operators/unet3d_w8/adapter.pkl: OK
out/seedA/operators/unet3d_w8/best.pkl: OK
out/seedA/operators/unet3d_w8/curve.json: OK
out/seedA/operators/unet3d_w8/development.npz: OK
out/seedA/operators/unet3d_w8/diagnostics.json: OK
out/seedA/operators/unet3d_w8/latest.pkl: OK
out/seedA/operators/unet3d_w8/training.json: OK
out/seedA/reference.npz: OK
out/seedA/result.json: OK
out/seedA/training_coordinates.npz: OK
out/seedB/FROZEN.json: OK
out/seedB/bank.pkl: OK
out/seedB/bank_curve.json: OK
out/seedB/bank_partial.pkl: OK
out/seedB/bank_selected_partial.pkl: OK
out/seedB/cohorts.json: OK
out/seedB/coordinates.npz: OK
out/seedB/head_K16.pkl: OK
out/seedB/head_K16_curve.json: OK
out/seedB/head_K16_development.npz: OK
out/seedB/head_K16_partial.pkl: OK
out/seedB/head_K16_selected_partial.pkl: OK
out/seedB/head_K32.pkl: OK
out/seedB/head_K32_curve.json: OK
out/seedB/head_K32_development.npz: OK
out/seedB/head_K32_partial.pkl: OK
out/seedB/head_K32_selected_partial.pkl: OK
out/seedB/operators/deeponet3d_r128_w16/adapter.pkl: OK
out/seedB/operators/deeponet3d_r128_w16/best.pkl: OK
out/seedB/operators/deeponet3d_r128_w16/curve.json: OK
out/seedB/operators/deeponet3d_r128_w16/development.npz: OK
out/seedB/operators/deeponet3d_r128_w16/diagnostics.json: OK
out/seedB/operators/deeponet3d_r128_w16/latest.pkl: OK
out/seedB/operators/deeponet3d_r128_w16/pretraining/branch_curve.json: OK
out/seedB/operators/deeponet3d_r128_w16/pretraining/branch_latest.pkl: OK
out/seedB/operators/deeponet3d_r128_w16/pretraining/branch_teacher.npz: OK
out/seedB/operators/deeponet3d_r128_w16/pretraining/initialized.pkl: OK
out/seedB/operators/deeponet3d_r128_w16/pretraining/pretraining.json: OK
out/seedB/operators/deeponet3d_r128_w16/pretraining/random_initialization.pkl: OK
out/seedB/operators/deeponet3d_r128_w16/pretraining/training_teacher.npz: OK
out/seedB/operators/deeponet3d_r128_w16/pretraining/trunk_curve.json: OK
out/seedB/operators/deeponet3d_r128_w16/pretraining/trunk_latest.pkl: OK
out/seedB/operators/deeponet3d_r128_w16/pretraining/trunk_selected.pkl: OK
out/seedB/operators/deeponet3d_r128_w16/training.json: OK
out/seedB/operators/fno3d_w16_m6/adapter.pkl: OK
out/seedB/operators/fno3d_w16_m6/best.pkl: OK
out/seedB/operators/fno3d_w16_m6/curve.json: OK
out/seedB/operators/fno3d_w16_m6/development.npz: OK
out/seedB/operators/fno3d_w16_m6/diagnostics.json: OK
out/seedB/operators/fno3d_w16_m6/latest.pkl: OK
out/seedB/operators/fno3d_w16_m6/training.json: OK
out/seedB/operators/transolver3d_w48_s32/adapter.pkl: OK
out/seedB/operators/transolver3d_w48_s32/best.pkl: OK
out/seedB/operators/transolver3d_w48_s32/curve.json: OK
out/seedB/operators/transolver3d_w48_s32/development.npz: OK
out/seedB/operators/transolver3d_w48_s32/diagnostics.json: OK
out/seedB/operators/transolver3d_w48_s32/latest.pkl: OK
out/seedB/operators/transolver3d_w48_s32/training.json: OK
out/seedB/operators/unet3d_w8/adapter.pkl: OK
out/seedB/operators/unet3d_w8/best.pkl: OK
out/seedB/operators/unet3d_w8/curve.json: OK
out/seedB/operators/unet3d_w8/development.npz: OK
out/seedB/operators/unet3d_w8/diagnostics.json: OK
out/seedB/operators/unet3d_w8/latest.pkl: OK
out/seedB/operators/unet3d_w8/training.json: OK
out/seedB/reference.npz: OK
out/seedB/result.json: OK
out/seedB/training_coordinates.npz: OK
