COMMIT.txt: OK
PROVENANCE.json: OK
code/DESIGN.md: OK
code/audit.py: OK
code/audit_coverage.py: OK
code/audit_head.py: OK
code/audit_panel.py: OK
code/audit_pretraining.py: OK
code/audit_states.py: OK
code/cluster/collect.py: OK
code/cluster/stage.py: OK
code/common.py: OK
code/config.json: OK
code/coverage_train.py: OK
code/final_freeze.py: OK
code/frozen.py: OK
code/head_pca_diagnostic.py: OK
code/operators/README.md: OK
code/operators/__init__.py: OK
code/operators/extra_models3d.py: OK
code/operators/extra_smoke.py: OK
code/operators/extra_train_smoke.py: OK
code/operators/heat_adapter.py: OK
code/operators/models3d.py: OK
code/operators/pretrained_deeponet.py: OK
code/operators/smoke.py: OK
code/operators/train_smoke.py: OK
code/operators/training.py: OK
code/operators/upstream/LICENSE: OK
code/operators/upstream/PROVENANCE.json: OK
code/operators/upstream/Physics_Attention.py: OK
code/operators/upstream/prior_families.py: OK
code/rom.py: OK
code/run.py: OK
code/train.py: OK
run.sbatch: OK
