jax_backend=gpu
mesh 256 zero     cap   1: worst  91.8759%  median 74.8828%  iters med 1  budget-exits 12/12  ms 9.97
mesh 256 zero     cap   2: worst  91.8759%  median 74.8828%  iters med 2  budget-exits 12/12  ms 16.08
mesh 256 zero     cap   3: worst  91.8759%  median 74.8828%  iters med 3  budget-exits 12/12  ms 20.43
mesh 256 zero     cap   4: worst  91.8759%  median 74.8828%  iters med 4  budget-exits 12/12  ms 24.98
mesh 256 zero     cap   5: worst  91.8759%  median 74.8828%  iters med 5  budget-exits 12/12  ms 29.22
mesh 256 zero     cap   6: worst  91.8759%  median 54.3719%  iters med 6  budget-exits 12/12  ms 33.68
mesh 256 zero     cap   8: worst  30.0280%  median  5.9693%  iters med 8  budget-exits 9/12  ms 43.03
mesh 256 zero     cap  10: worst   8.1948%  median  2.0988%  iters med 10  budget-exits 9/12  ms 52.79
mesh 256 zero     cap  12: worst   6.1014%  median  1.4660%  iters med 12  budget-exits 9/12  ms 62.05
mesh 256 zero     cap  14: worst   6.1014%  median  1.2621%  iters med 14  budget-exits 5/12  ms 71.69
mesh 256 zero     cap  16: worst   6.1014%  median  1.2423%  iters med 14  budget-exits 2/12  ms 71.91
mesh 256 zero     cap  20: worst   6.1014%  median  1.2423%  iters med 14  budget-exits 0/12  ms 71.68
mesh 256 zero     cap 300: worst   6.1014%  median  1.2423%  iters med 14  budget-exits 0/12  ms 71.77
mesh 256 nearest  cap   1: worst  13.5564%  median  4.2914%  iters med 1  budget-exits 12/12  ms 9.93
mesh 256 nearest  cap   2: worst   6.8040%  median  1.2909%  iters med 2  budget-exits 12/12  ms 16.00
mesh 256 nearest  cap   3: worst   6.1028%  median  1.2423%  iters med 3  budget-exits 12/12  ms 20.05
mesh 256 nearest  cap   4: worst   6.1014%  median  1.2423%  iters med 4  budget-exits 11/12  ms 24.75
mesh 256 nearest  cap   5: worst   6.1014%  median  1.2423%  iters med 5  budget-exits 4/12  ms 29.28
mesh 256 nearest  cap   6: worst   6.1014%  median  1.2423%  iters med 5  budget-exits 0/12  ms 29.73
mesh 256 nearest  cap   8: worst   6.1014%  median  1.2423%  iters med 5  budget-exits 0/12  ms 29.87
mesh 256 nearest  cap  10: worst   6.1014%  median  1.2423%  iters med 5  budget-exits 0/12  ms 29.79
mesh 256 nearest  cap  12: worst   6.1014%  median  1.2423%  iters med 5  budget-exits 0/12  ms 29.70
mesh 256 nearest  cap  14: worst   6.1014%  median  1.2423%  iters med 5  budget-exits 0/12  ms 29.22
mesh 256 nearest  cap  16: worst   6.1014%  median  1.2423%  iters med 5  budget-exits 0/12  ms 29.84
mesh 256 nearest  cap  20: worst   6.1014%  median  1.2423%  iters med 5  budget-exits 0/12  ms 29.16
mesh 256 nearest  cap 300: worst   6.1014%  median  1.2423%  iters med 5  budget-exits 0/12  ms 29.70
mesh 1024 zero     cap   1: worst  91.8757%  median 74.8818%  iters med 1  budget-exits 12/12  ms 20.60
mesh 1024 zero     cap   2: worst  91.8757%  median 74.8818%  iters med 2  budget-exits 12/12  ms 25.46
mesh 1024 zero     cap   3: worst  91.8757%  median 74.8818%  iters med 3  budget-exits 12/12  ms 30.15
mesh 1024 zero     cap   4: worst  91.8757%  median 74.8818%  iters med 4  budget-exits 12/12  ms 33.43
mesh 1024 zero     cap   5: worst  91.8757%  median 74.8818%  iters med 5  budget-exits 12/12  ms 38.22
mesh 1024 zero     cap   6: worst  91.8757%  median 54.3680%  iters med 6  budget-exits 12/12  ms 45.09
mesh 1024 zero     cap   8: worst  30.0276%  median  5.9638%  iters med 8  budget-exits 9/12  ms 52.23
mesh 1024 zero     cap  10: worst   8.1939%  median  2.0973%  iters med 10  budget-exits 9/12  ms 61.98
mesh 1024 zero     cap  12: worst   6.0931%  median  1.4648%  iters med 12  budget-exits 9/12  ms 71.31
mesh 1024 zero     cap  14: worst   6.0931%  median  1.2622%  iters med 14  budget-exits 5/12  ms 80.52
mesh 1024 zero     cap  16: worst   6.0931%  median  1.2421%  iters med 14  budget-exits 2/12  ms 85.10
mesh 1024 zero     cap  20: worst   6.0931%  median  1.2421%  iters med 14  budget-exits 0/12  ms 85.48
mesh 1024 zero     cap 300: worst   6.0931%  median  1.2421%  iters med 14  budget-exits 0/12  ms 80.89
mesh 1024 nearest  cap   1: worst  13.5500%  median  4.2925%  iters med 1  budget-exits 12/12  ms 20.18
mesh 1024 nearest  cap   2: worst   6.7957%  median  1.2907%  iters med 2  budget-exits 12/12  ms 25.68
mesh 1024 nearest  cap   3: worst   6.0945%  median  1.2421%  iters med 3  budget-exits 12/12  ms 29.03
mesh 1024 nearest  cap   4: worst   6.0931%  median  1.2421%  iters med 4  budget-exits 11/12  ms 33.83
mesh 1024 nearest  cap   5: worst   6.0931%  median  1.2421%  iters med 5  budget-exits 4/12  ms 40.65
mesh 1024 nearest  cap   6: worst   6.0931%  median  1.2421%  iters med 5  budget-exits 0/12  ms 40.58
mesh 1024 nearest  cap   8: worst   6.0931%  median  1.2421%  iters med 5  budget-exits 0/12  ms 38.67
mesh 1024 nearest  cap  10: worst   6.0931%  median  1.2421%  iters med 5  budget-exits 0/12  ms 38.23
mesh 1024 nearest  cap  12: worst   6.0931%  median  1.2421%  iters med 5  budget-exits 0/12  ms 38.92
mesh 1024 nearest  cap  14: worst   6.0931%  median  1.2421%  iters med 5  budget-exits 0/12  ms 41.17
mesh 1024 nearest  cap  16: worst   6.0931%  median  1.2421%  iters med 5  budget-exits 0/12  ms 41.56
mesh 1024 nearest  cap  20: worst   6.0931%  median  1.2421%  iters med 5  budget-exits 0/12  ms 38.47
mesh 1024 nearest  cap 300: worst   6.0931%  median  1.2421%  iters med 5  budget-exits 0/12  ms 70.17
DONE
