host=pax143 gpu=NVIDIA A100-PCIE-40GB, 40960 MiB
jax_backend=gpu
stage MANIFEST OK
commit=003d1387c82fd8885792a4cb6aa90397cf5dd93a
[01:50:17] phase-2 head gates N=64 BC=ref R=64 STEPS=40000 SMOKE=0 backend=gpu
[01:50:22]   data loaded from cache /cluster/tufts/paralab/tawal01/wav2d/p2fix_n64_ref/cache/data_ref_N64_tr512_te16.npz (sha256 cafaced88cd3)
[01:50:25]   bank R=64 (eigh) in 3s: sigma_R/sigma_1 2.107e-02, gap 0.977
[01:50:47]   D0    PASS  orth 1.07e-14 (control 8.00e+00), floor bank/indep 0.0693/0.0693 reldiff 6.6e-13, metric 1.2e-14
[01:50:48] == head arm sup (K=6) ==
[01:50:48]   loaded cached head /cluster/tufts/paralab/tawal01/wav2d/p2fix_n64_ref/cache/head_ref_N64_R64_sup_s40000.npz
[01:50:52]   oracle: 816 held-out + 816 train rows in 4s
[01:51:31]   D1 controls (untrained, shuffled) trained+evaluated in 39s
[01:51:31]   D1    FAIL  value=6.492e-01 thr=5.0e-01  control=3.912e+00 fired=True  [held-out oracle / POD-K, medians (0.2458 / 0.3786); bank ceiling POD-R 0.0639; control: UNTRAINED head's oracle 0.9617 must be >= 1.3x the trained head's (retraction 5); shuffled-target head 0.3679 reported (vacuous for free-code arms); FiLM 08-14 comparator NOT recomputed in this pass]
[01:51:44]   D2    PASS  value=-3.662e-03 thr=-1.0e-08  control=-0.000e+00 fired=True  [-(min sigma_min/sigma_max of J_h) over train codes (3.66e-03) and oracle points (5.27e-03); control: duplicated latent coordinate reads 0.0e+00 (must be ~0)]
[01:52:24]   G0a   PASS  value=5.423e-01 thr=1.0e+00  control=6.172e+00 fired=True  [max(ratio/1.5, absgap/0.05): held-out 0.2458 vs train 0.3022, ratio 0.813, gap -0.0564; control: overfit head (4 trajectories) held-out 0.7063 vs train 0.3977, ratio 1.776, gap 0.3086 (retraction 6)]
[01:52:24]   G0b   PASS  value=8.594e-01 thr=1.0e+00  control=1.280e+00 fired=True  [tangent-space velocity residual (median 0.6490) / POD-K on the same 796 states (median 0.7552); J_h ranks [6]; nonfinite states 0 (any -> FAIL); control: random K-dim tangent / POD-K (median 0.967) must be >= 1.2]
[01:52:24]   G0 PASS (predicted PASS)
[01:52:24] == head arm auto (K=8) ==
[01:52:24]   loaded cached head /cluster/tufts/paralab/tawal01/wav2d/p2fix_n64_ref/cache/head_ref_N64_R64_auto_s40000.npz
[01:52:27]   oracle: 816 held-out + 816 train rows in 3s
[01:52:56]   D1 controls (untrained, shuffled) trained+evaluated in 28s
[01:52:56]   D1    FAIL  value=6.156e-01 thr=5.0e-01  control=5.080e+00 fired=True  [held-out oracle / POD-K, medians (0.1862 / 0.3024); bank ceiling POD-R 0.0639; control: UNTRAINED head's oracle 0.9456 must be >= 1.3x the trained head's (retraction 5); shuffled-target head 0.1817 reported (vacuous for free-code arms); FiLM 08-14 comparator NOT recomputed in this pass]
[01:53:07]   D2    PASS  value=-7.699e-02 thr=-1.0e-08  control=-0.000e+00 fired=True  [-(min sigma_min/sigma_max of J_h) over train codes (7.70e-02) and oracle points (1.15e-01); control: duplicated latent coordinate reads 0.0e+00 (must be ~0)]
[01:53:35]   G0a   PASS  value=7.461e-01 thr=1.0e+00  control=1.054e+01 fired=True  [max(ratio/1.5, absgap/0.05): held-out 0.1862 vs train 0.1663, ratio 1.119, gap 0.0198; control: overfit head (4 trajectories) held-out 0.6028 vs train 0.0757, ratio 7.963, gap 0.5271 (retraction 6)]
[01:53:35]   G0b   PASS  value=9.531e-01 thr=1.0e+00  control=1.388e+00 fired=True  [tangent-space velocity residual (median 0.6530) / POD-K on the same 796 states (median 0.6852); J_h ranks [8]; nonfinite states 0 (any -> FAIL); control: random K-dim tangent / POD-K (median 0.951) must be >= 1.2]
[01:53:35]   G0 PASS (predicted FAIL)
[01:53:35] == head arm auto+vc (K=8) ==
[01:53:35]   loaded cached head /cluster/tufts/paralab/tawal01/wav2d/p2fix_n64_ref/cache/head_ref_N64_R64_autovc_s40000.npz
[01:53:36]   oracle: 816 held-out + 816 train rows in 1s
[01:54:27]   D1 controls (untrained, shuffled) trained+evaluated in 51s
[01:54:27]   D1    FAIL  value=6.173e-01 thr=5.0e-01  control=5.065e+00 fired=True  [held-out oracle / POD-K, medians (0.1867 / 0.3024); bank ceiling POD-R 0.0639; control: UNTRAINED head's oracle 0.9455 must be >= 1.3x the trained head's (retraction 5); shuffled-target head 0.7368 reported (vacuous for free-code arms); FiLM 08-14 comparator NOT recomputed in this pass]
[01:54:28]   D2    PASS  value=-9.493e-02 thr=-1.0e-08  control=-0.000e+00 fired=True  [-(min sigma_min/sigma_max of J_h) over train codes (9.49e-02) and oracle points (1.59e-01); control: duplicated latent coordinate reads 0.0e+00 (must be ~0)]
[01:55:16]   G0a   PASS  value=7.363e-01 thr=1.0e+00  control=1.051e+01 fired=True  [max(ratio/1.5, absgap/0.05): held-out 0.1867 vs train 0.1690, ratio 1.104, gap 0.0177; control: overfit head (4 trajectories) held-out 0.6014 vs train 0.0757, ratio 7.945, gap 0.5257 (retraction 6)]
[01:55:16]   G0b   PASS  value=9.150e-01 thr=1.0e+00  control=1.388e+00 fired=True  [tangent-space velocity residual (median 0.6269) / POD-K on the same 796 states (median 0.6852); J_h ranks [8]; nonfinite states 0 (any -> FAIL); control: random K-dim tangent / POD-K (median 0.951) must be >= 1.2]
[01:55:16]   G0 PASS (predicted PASS)
[01:55:16] phase 2 done (300s) -> /cluster/tufts/paralab/tawal01/wav2d/p2fix_n64_ref/out/wav2d_head_gates_ref_N64_R64.json
[01:55:20] phase-3 ROM gates N=64 BC=ref R=64 M=64 RS=[8, 20, 40] heads=['sup', 'auto', 'auto+vc'] SMOKE=0 backend=gpu
[01:55:23]   W1     PASS  value=1.062e-15 thr=1.0e-12  control=1.091e-15 fired=True  [||A + Lambda B||/||A|| with the M-weighted tables; control: unweighted Phi^T L G (fires for 'abs' where L_N is not Euclidean-symmetric; identical for 'ref', reported)]
[01:55:27]   4T FOM references (200 intervals x 16) in 4s
[01:55:29]   same-dt FOM error at RS=8: median 8.539e-03
[01:55:32]   same-dt FOM error at RS=20: median 1.309e-03
[01:55:37]   same-dt FOM error at RS=40: median 2.628e-04
[01:55:42]   W2-6   PASS  value=3.705e-11 thr=1.0e-09  control=-9.264e-01 fired=True  [POD-6 CN reflective energy ratio deviation (max over 16); error median 0.3793 vs floor 0.3786 (reported); control: reduced BE energy ratio 0.9264 must be < 1 - 1e-3]
[01:55:48]   W2-8   PASS  value=1.647e-11 thr=1.0e-09  control=-9.112e-01 fired=True  [POD-8 CN reflective energy ratio deviation (max over 16); error median 0.3029 vs floor 0.3024 (reported); control: reduced BE energy ratio 0.9112 must be < 1 - 1e-3]
[01:55:55]   W2-64  PASS  value=4.989e-11 thr=1.0e-09  control=-8.725e-01 fired=True  [POD-64 CN reflective energy ratio deviation (max over 16); error median 0.0652 vs floor 0.0639 (reported); control: reduced BE energy ratio 0.8725 must be < 1 - 1e-3]
[01:55:55] == head sup (K=6) ==
[01:55:59]   W0     PASS  value=7.111e-16 thr=1.0e-12  control=1.000e-08 fired=True  [Petrov-table residual vs decode->SOLVER STENCIL+damping rows->Phi^T M: 32 random states (relative, 7.1e-16) and 23 captured arm-A solves (backward-error normalised by ||B h_n||, 8.7e-17); control: B perturbed by 1e-8]
[01:55:59]   W0g    PASS  value=1.531e-09 thr=1.0e-07  [analytic Jacobian-vector product vs central FD of the FULL-GRID residual (independent path)]
[01:55:59]   W7     PASS  value=2.400e-13 thr=1.0e-11  control=4.844e-01 fired=True  [arm C with h = [I_K;0] z vs the independent POD-K damped Verlet, RS=8, complete=True; CFL c dt sqrt(lam_max) = 0.184; control: traveling pulse (|qv0| = 1.10e+00) with zdot_0 dropped]
[01:58:30]   arm A RS=8: 16/16 complete in 151s, err_T median 0.4763 (floor 0.2458, POD-K 0.3786, same-dt FOM 8.54e-03), err_4T 0.9147, E ratio 4.4839
[02:03:22]   arm A RS=20: 16/16 complete in 292s, err_T median 0.5496 (floor 0.2458, POD-K 0.3786, same-dt FOM 1.31e-03), err_4T 0.9454, E ratio 6.4525
[02:10:24]   arm A RS=40: 13/16 complete in 422s
[02:10:50]   arm C RS=8: 9/16 complete in 26s
[02:12:00]   arm C RS=20: 14/16 complete in 70s
[02:14:19]   arm C RS=40: 15/16 complete in 139s
[02:14:20]   W6C    FAIL  value=nan thr=2.0e-01  control=4.391e+00 fired=True  [arm C: spread of the median ROM-floor excess over RS>=20 relative to its mean; excess per RS [(8, nan), (20, nan), (40, nan)]; control (AMENDMENT 8: a first-order integrator on the linear POD-K subspace, where the time-step error is not masked by manifold error; the design's RS=1 mutation of the ROM arm cannot fire when the manifold error dominates): POD-K BE excess over the POD-K floor {8: 0.0031177845586108643, 40: 0.0005783596929415658} must differ by > 20% between RS=8 and 40 (POD-K CN excess {8: 0.0004314192537175493, 40: 0.00043347984217273483} for reference)]
[02:14:20]   W6A    FAIL  value=nan thr=2.0e-01  control=4.391e+00 fired=True  [arm A: spread of the median ROM-floor excess over RS>=20 relative to its mean; excess per RS [(8, 0.27066), (20, 0.34147), (40, nan)]; control (AMENDMENT 8: a first-order integrator on the linear POD-K subspace, where the time-step error is not masked by manifold error; the design's RS=1 mutation of the ROM arm cannot fire when the manifold error dominates): POD-K BE excess over the POD-K floor {8: 0.0031177845586108643, 40: 0.0005783596929415658} must differ by > 20% between RS=8 and 40 (POD-K CN excess {8: 0.0004314192537175493, 40: 0.00043347984217273483} for reference)]
[02:14:21]   W3-A   FAIL  value=4.953e+00 thr=1.0e+00  control=7.856e+02 fired=True  [arm A RS=20 (finest complete): err_T/floor 2.236 (<=1.5), err_4T/floor 2.333 (<=1.5), err_T/POD-K-CN 1.449 (<=0.5), err_4T/POD-K-CN 2.476 (<=0.5), energy ratio at T median 6.4525 (in [0.9,1.1]: False); value = max of the normalised ratios; POD-K projection floors T/4T 0.3786/0.3802 reported; control: wrong-sign stiffness (K -> -K) error must exceed 1 (control complete: False; a diverged control is recorded as nonfinite, not as fired)]
[02:14:21]   W3-C FAIL  no RS with 16/16 complete
[02:14:44]   G0c    FAIL  value=nan thr=5.0e-01  control=5.029e+00 fired=True  [stepdiag from oracle starts (arm C, RS=20, 4 launch times x 16 traj): median excess over the destination floor at H=10 / median floor; excess per H [(1, nan), (2, nan), (5, nan), (10, nan)]; floor per H [(1, 0.16788), (2, 0.17741), (5, 0.16231), (10, 0.20149)]; hold comparator per H [(1, 0.2611), (2, 0.4233), (5, 0.9063), (10, 1.3144)]; nonfinite launches: 4 (any -> FAIL); control: wrong-sign stiffness at H=10 (read at its last finite state if diverged) must exceed 1]
[02:14:44] == head auto (K=8) ==
[02:14:47]   W0     PASS  value=8.940e-16 thr=1.0e-12  control=1.000e-08 fired=True  [Petrov-table residual vs decode->SOLVER STENCIL+damping rows->Phi^T M: 32 random states (relative, 8.9e-16) and 23 captured arm-A solves (backward-error normalised by ||B h_n||, 8.7e-17); control: B perturbed by 1e-8]
[02:14:47]   W0g    PASS  value=9.670e-10 thr=1.0e-07  [analytic Jacobian-vector product vs central FD of the FULL-GRID residual (independent path)]
[02:14:47]   W7     PASS  value=2.569e-13 thr=1.0e-11  control=4.848e-01 fired=True  [arm C with h = [I_K;0] z vs the independent POD-K damped Verlet, RS=8, complete=True; CFL c dt sqrt(lam_max) = 0.184; control: traveling pulse (|qv0| = 1.27e+00) with zdot_0 dropped]
[02:17:35]   arm A RS=8: 16/16 complete in 168s, err_T median 0.8875 (floor 0.1862, POD-K 0.3024, same-dt FOM 8.54e-03), err_4T 0.9837, E ratio 6.9531
[02:22:42]   arm A RS=20: 16/16 complete in 307s, err_T median 0.9321 (floor 0.1862, POD-K 0.3024, same-dt FOM 1.31e-03), err_4T 1.0386, E ratio 13.9292
[02:30:21]   arm A RS=40: 14/16 complete in 459s
[02:30:55]   arm C RS=8: 16/16 complete in 34s, err_T median 1.0123 (floor 0.1862, POD-K 0.3024, same-dt FOM 8.54e-03), err_4T 1.1641, E ratio 1.0007
[02:32:09]   arm C RS=20: 16/16 complete in 74s, err_T median 1.0690 (floor 0.1862, POD-K 0.3024, same-dt FOM 1.31e-03), err_4T 1.1689, E ratio 1.0001
[02:34:35]   arm C RS=40: 16/16 complete in 145s, err_T median 1.0641 (floor 0.1862, POD-K 0.3024, same-dt FOM 2.63e-04), err_4T 1.1858, E ratio 1.0000
[02:34:35]   W6C    PASS  value=1.649e-05 thr=2.0e-01  control=6.358e+00 fired=True  [arm C: spread of the median ROM-floor excess over RS>=20 relative to its mean; excess per RS [(8, 0.79117), (20, 0.79749), (40, 0.7975)]; control (AMENDMENT 8: a first-order integrator on the linear POD-K subspace, where the time-step error is not masked by manifold error; the design's RS=1 mutation of the ROM arm cannot fire when the manifold error dominates): POD-K BE excess over the POD-K floor {8: 0.005754381556726099, 40: 0.000782006519950168} must differ by > 20% between RS=8 and 40 (POD-K CN excess {8: 0.0004130714893504639, 40: 0.0004169847251843245} for reference)]
[02:34:36]   W6A    FAIL  value=nan thr=2.0e-01  control=6.358e+00 fired=True  [arm A: spread of the median ROM-floor excess over RS>=20 relative to its mean; excess per RS [(8, 0.68198), (20, 0.71833), (40, nan)]; control (AMENDMENT 8: a first-order integrator on the linear POD-K subspace, where the time-step error is not masked by manifold error; the design's RS=1 mutation of the ROM arm cannot fire when the manifold error dominates): POD-K BE excess over the POD-K floor {8: 0.005754381556726099, 40: 0.000782006519950168} must differ by > 20% between RS=8 and 40 (POD-K CN excess {8: 0.0004130714893504639, 40: 0.0004169847251843245} for reference)]
[02:34:41]   W4     FAIL  value=1.034e+00 thr=1.0e+00  control=8.138e-01 fired=True  [arm C reflective at RS=40: max |E_r/E_r0 - 1| over 4T (max over 16) 1.03e-02 (<= 1e-2), max |secular slope| 8.87e-06/T (<= 1e-3), bound at RS=8 1.10e-01 (must not grow under refinement: True), W6-C passed: True; control: first-order reduced-BE stepping on the same head loses 0.814 of E_r]
[02:34:42]   W3-A   FAIL  value=6.907e+00 thr=1.0e+00  control=2.856e+03 fired=True  [arm A RS=20 (finest complete): err_T/floor 5.007 (<=1.5), err_4T/floor 3.694 (<=1.5), err_T/POD-K-CN 3.077 (<=0.5), err_4T/POD-K-CN 3.454 (<=0.5), energy ratio at T median 13.9292 (in [0.9,1.1]: False); value = max of the normalised ratios; POD-K projection floors T/4T 0.3024/0.2994 reported; control: wrong-sign stiffness (K -> -K) error must exceed 1 (control complete: False; a diverged control is recorded as nonfinite, not as fired)]
[02:34:44]   W3-C   FAIL  value=7.886e+00 thr=1.0e+00  control=2.661e+09 fired=True  [arm C RS=40 (finest complete): err_T/floor 5.716 (<=1.5), err_4T/floor 4.218 (<=1.5), err_T/POD-K-CN 3.513 (<=0.5), err_4T/POD-K-CN 3.943 (<=0.5), energy ratio at T median 1.0000 (in [0.9,1.1]: True); value = max of the normalised ratios; POD-K projection floors T/4T 0.3024/0.2994 reported; control: wrong-sign stiffness (K -> -K) error must exceed 1 (control complete: True; a diverged control is recorded as nonfinite, not as fired)]
[02:35:07]   G0c    FAIL  value=1.808e+00 thr=5.0e-01  control=7.379e+00 fired=True  [stepdiag from oracle starts (arm C, RS=20, 4 launch times x 16 traj): median excess over the destination floor at H=10 / median floor; excess per H [(1, 0.00215), (2, 0.01012), (5, 0.11874), (10, 0.32163)]; floor per H [(1, 0.17693), (2, 0.16503), (5, 0.17239), (10, 0.17791)]; hold comparator per H [(1, 0.2505), (2, 0.4037), (5, 0.9531), (10, 1.3615)]; nonfinite launches: 0 (any -> FAIL); control: wrong-sign stiffness at H=10 (read at its last finite state if diverged) must exceed 1]
[02:35:07] == head auto+vc (K=8) ==
[02:35:08]   W0     PASS  value=7.605e-16 thr=1.0e-12  control=1.000e-08 fired=True  [Petrov-table residual vs decode->SOLVER STENCIL+damping rows->Phi^T M: 32 random states (relative, 7.6e-16) and 23 captured arm-A solves (backward-error normalised by ||B h_n||, 9.2e-17); control: B perturbed by 1e-8]
[02:35:08]   W0g    PASS  value=2.117e-09 thr=1.0e-07  [analytic Jacobian-vector product vs central FD of the FULL-GRID residual (independent path)]
[02:35:08]   W7     PASS  value=2.569e-13 thr=1.0e-11  control=4.848e-01 fired=True  [arm C with h = [I_K;0] z vs the independent POD-K damped Verlet, RS=8, complete=True; CFL c dt sqrt(lam_max) = 0.184; control: traveling pulse (|qv0| = 1.27e+00) with zdot_0 dropped]
[02:37:54]   arm A RS=8: 16/16 complete in 166s, err_T median 0.8212 (floor 0.1867, POD-K 0.3024, same-dt FOM 8.54e-03), err_4T 0.9772, E ratio 7.9368
[02:43:01]   arm A RS=20: 16/16 complete in 306s, err_T median 0.8468 (floor 0.1867, POD-K 0.3024, same-dt FOM 1.31e-03), err_4T 1.0026, E ratio 14.6982
[02:50:04]   arm A RS=40: 13/16 complete in 423s
[02:50:38]   arm C RS=8: 16/16 complete in 34s, err_T median 0.9315 (floor 0.1867, POD-K 0.3024, same-dt FOM 8.54e-03), err_4T 1.2158, E ratio 1.0007
[02:51:52]   arm C RS=20: 16/16 complete in 74s, err_T median 0.9281 (floor 0.1867, POD-K 0.3024, same-dt FOM 1.31e-03), err_4T 1.1901, E ratio 1.0001
[02:54:15]   arm C RS=40: 16/16 complete in 143s, err_T median 0.9278 (floor 0.1867, POD-K 0.3024, same-dt FOM 2.63e-04), err_4T 1.2026, E ratio 1.0000
[02:54:16]   W6C    PASS  value=3.486e-03 thr=2.0e-01  control=6.358e+00 fired=True  [arm C: spread of the median ROM-floor excess over RS>=20 relative to its mean; excess per RS [(8, 0.69972), (20, 0.74006), (40, 0.74265)]; control (AMENDMENT 8: a first-order integrator on the linear POD-K subspace, where the time-step error is not masked by manifold error; the design's RS=1 mutation of the ROM arm cannot fire when the manifold error dominates): POD-K BE excess over the POD-K floor {8: 0.005754381556726099, 40: 0.000782006519950168} must differ by > 20% between RS=8 and 40 (POD-K CN excess {8: 0.0004130714893504639, 40: 0.0004169847251843245} for reference)]
[02:54:16]   W6A    FAIL  value=nan thr=2.0e-01  control=6.358e+00 fired=True  [arm A: spread of the median ROM-floor excess over RS>=20 relative to its mean; excess per RS [(8, 0.58846), (20, 0.65826), (40, nan)]; control (AMENDMENT 8: a first-order integrator on the linear POD-K subspace, where the time-step error is not masked by manifold error; the design's RS=1 mutation of the ROM arm cannot fire when the manifold error dominates): POD-K BE excess over the POD-K floor {8: 0.005754381556726099, 40: 0.000782006519950168} must differ by > 20% between RS=8 and 40 (POD-K CN excess {8: 0.0004130714893504639, 40: 0.0004169847251843245} for reference)]
[02:54:22]   W4     PASS  value=5.446e-01 thr=1.0e+00  control=7.860e-01 fired=True  [arm C reflective at RS=40: max |E_r/E_r0 - 1| over 4T (max over 16) 5.45e-03 (<= 1e-2), max |secular slope| 1.37e-05/T (<= 1e-3), bound at RS=8 1.65e-01 (must not grow under refinement: True), W6-C passed: True; control: first-order reduced-BE stepping on the same head loses 0.786 of E_r]
[02:54:22]   W3-A   FAIL  value=6.668e+00 thr=1.0e+00  control=6.946e+03 fired=True  [arm A RS=20 (finest complete): err_T/floor 4.536 (<=1.5), err_4T/floor 3.416 (<=1.5), err_T/POD-K-CN 2.795 (<=0.5), err_4T/POD-K-CN 3.334 (<=0.5), energy ratio at T median 14.6982 (in [0.9,1.1]: False); value = max of the normalised ratios; POD-K projection floors T/4T 0.3024/0.2994 reported; control: wrong-sign stiffness (K -> -K) error must exceed 1 (control complete: False; a diverged control is recorded as nonfinite, not as fired)]
[02:54:24]   W3-C   FAIL  value=7.998e+00 thr=1.0e+00  control=5.909e+09 fired=True  [arm C RS=40 (finest complete): err_T/floor 4.970 (<=1.5), err_4T/floor 4.098 (<=1.5), err_T/POD-K-CN 3.063 (<=0.5), err_4T/POD-K-CN 3.999 (<=0.5), energy ratio at T median 1.0000 (in [0.9,1.1]: True); value = max of the normalised ratios; POD-K projection floors T/4T 0.3024/0.2994 reported; control: wrong-sign stiffness (K -> -K) error must exceed 1 (control complete: True; a diverged control is recorded as nonfinite, not as fired)]
[02:54:47]   G0c    FAIL  value=1.447e+00 thr=5.0e-01  control=9.671e+00 fired=True  [stepdiag from oracle starts (arm C, RS=20, 4 launch times x 16 traj): median excess over the destination floor at H=10 / median floor; excess per H [(1, 0.00183), (2, 0.01271), (5, 0.06249), (10, 0.25748)]; floor per H [(1, 0.18228), (2, 0.17317), (5, 0.17425), (10, 0.17794)]; hold comparator per H [(1, 0.2599), (2, 0.4077), (5, 0.9563), (10, 1.4069)]; nonfinite launches: 0 (any -> FAIL); control: wrong-sign stiffness at H=10 (read at its last finite state if diverged) must exceed 1]
[02:54:47] phase 3 done (3568s) -> /cluster/tufts/paralab/tawal01/wav2d/p2fix_n64_ref/out/wav2d_rom_gates_ref_N64_R64.json
ALL-DONE
