host=pax049 gpu=NVIDIA A100 80GB PCIe
jax_backend=gpu
stage MANIFEST OK
jax_backend=gpu device=cuda:0 x64=True HFIT arms=['k96', 'k128', 'k48_wd', 'k48_h512'] steps=120000
  whitening round-trip 1.183e-14   q == L^T h deviation 2.312e-15
  span LS floor: train 4.1422e-04  fresh test 2.1236e-04  (S=16384, R=512, K_ckpt=16)
   hfit[k96]       1/120000 loss 1.0827e+00 recon 1.0379e+00 [7s]
   hfit[k96]    5000/120000 loss 9.5696e-04 recon 2.7643e-02 [35s]
   hfit[k96]   10000/120000 loss 3.4219e-04 recon 1.6455e-02 [64s]
   hfit[k96]   15000/120000 loss 2.4085e-04 recon 1.3668e-02 [93s]
   hfit[k96]   20000/120000 loss 2.1029e-04 recon 1.2662e-02 [122s]
   hfit[k96]   25000/120000 loss 1.0123e-04 recon 9.1671e-03 [152s]
   hfit[k96]   30000/120000 loss 8.2121e-05 recon 7.8988e-03 [181s]
   hfit[k96]   35000/120000 loss 6.1605e-05 recon 6.9216e-03 [210s]
   hfit[k96]   40000/120000 loss 4.6894e-05 recon 6.0373e-03 [239s]
   hfit[k96]   45000/120000 loss 4.5628e-05 recon 5.9575e-03 [268s]
   hfit[k96]   50000/120000 loss 3.5153e-05 recon 5.1302e-03 [298s]
   hfit[k96]   55000/120000 loss 1.8617e-05 recon 3.7509e-03 [327s]
   hfit[k96]   60000/120000 loss 1.3421e-05 recon 3.5745e-03 [356s]
   hfit[k96]   65000/120000 loss 1.2231e-05 recon 3.2668e-03 [385s]
   hfit[k96]   70000/120000 loss 7.6023e-06 recon 2.5570e-03 [415s]
   hfit[k96]   75000/120000 loss 6.5379e-06 recon 2.4313e-03 [444s]
   hfit[k96]   80000/120000 loss 3.4902e-06 recon 1.9309e-03 [473s]
   hfit[k96]   85000/120000 loss 2.2729e-06 recon 1.5472e-03 [502s]
   hfit[k96]   90000/120000 loss 1.8654e-06 recon 1.4865e-03 [531s]
   hfit[k96]   95000/120000 loss 1.6339e-06 recon 1.3831e-03 [561s]
   hfit[k96]  100000/120000 loss 1.1367e-06 recon 1.2130e-03 [590s]
   hfit[k96]  105000/120000 loss 9.3562e-07 recon 1.1217e-03 [619s]
   hfit[k96]  110000/120000 loss 8.5625e-07 recon 1.0887e-03 [648s]
   hfit[k96]  115000/120000 loss 8.2710e-07 recon 1.0726e-03 [678s]
   hfit[k96]  120000/120000 loss 8.1335e-07 recon 1.0647e-03 [707s]
  ARM k96: recon 1.0647e-03  oracle 2.7636e-03  oracle/floor 13.0x  oracle_nn 2.7632e-03  code-refit gain 1.298x
   hfit[k128]       1/120000 loss 1.1118e+00 recon 1.0493e+00 [5s]
   hfit[k128]    5000/120000 loss 8.8565e-04 recon 2.7315e-02 [34s]
   hfit[k128]   10000/120000 loss 3.2609e-04 recon 1.6021e-02 [64s]
   hfit[k128]   15000/120000 loss 1.8996e-04 recon 1.1871e-02 [94s]
   hfit[k128]   20000/120000 loss 2.0214e-04 recon 1.2294e-02 [123s]
   hfit[k128]   25000/120000 loss 1.2734e-04 recon 9.7665e-03 [153s]
   hfit[k128]   30000/120000 loss 5.5106e-05 recon 6.5941e-03 [183s]
   hfit[k128]   35000/120000 loss 4.3895e-05 recon 5.6734e-03 [212s]
   hfit[k128]   40000/120000 loss 3.9971e-05 recon 5.4524e-03 [242s]
   hfit[k128]   45000/120000 loss 3.7346e-05 recon 5.4315e-03 [272s]
   hfit[k128]   50000/120000 loss 2.7458e-05 recon 4.7744e-03 [301s]
   hfit[k128]   55000/120000 loss 2.3316e-05 recon 4.2576e-03 [331s]
   hfit[k128]   60000/120000 loss 1.3297e-05 recon 3.3419e-03 [361s]
   hfit[k128]   65000/120000 loss 9.9496e-06 recon 2.8991e-03 [390s]
   hfit[k128]   70000/120000 loss 4.4755e-06 recon 2.1043e-03 [420s]
   hfit[k128]   75000/120000 loss 4.5524e-06 recon 2.0454e-03 [450s]
   hfit[k128]   80000/120000 loss 3.0974e-06 recon 1.7810e-03 [479s]
   hfit[k128]   85000/120000 loss 1.9967e-06 recon 1.4275e-03 [509s]
   hfit[k128]   90000/120000 loss 1.6023e-06 recon 1.3553e-03 [539s]
   hfit[k128]   95000/120000 loss 1.1285e-06 recon 1.1911e-03 [568s]
   hfit[k128]  100000/120000 loss 8.8264e-07 recon 1.1042e-03 [598s]
   hfit[k128]  105000/120000 loss 7.2445e-07 recon 1.0199e-03 [628s]
   hfit[k128]  110000/120000 loss 6.6395e-07 recon 9.9331e-04 [657s]
   hfit[k128]  115000/120000 loss 6.4421e-07 recon 9.8058e-04 [687s]
   hfit[k128]  120000/120000 loss 6.3183e-07 recon 9.7308e-04 [717s]
  ARM k128: recon 9.7308e-04  oracle 2.0619e-03  oracle/floor 9.7x  oracle_nn 2.0616e-03  code-refit gain 1.353x
   hfit[k48_wd]       1/120000 loss 1.0426e+00 recon 1.0204e+00 [4s]
   hfit[k48_wd]    5000/120000 loss 8.9037e-04 recon 2.6450e-02 [32s]
   hfit[k48_wd]   10000/120000 loss 4.0248e-04 recon 1.7747e-02 [61s]
   hfit[k48_wd]   15000/120000 loss 2.9743e-04 recon 1.6581e-02 [89s]
   hfit[k48_wd]   20000/120000 loss 1.8654e-04 recon 1.1931e-02 [118s]
   hfit[k48_wd]   25000/120000 loss 1.0975e-04 recon 9.3966e-03 [146s]
   hfit[k48_wd]   30000/120000 loss 8.3584e-05 recon 8.2621e-03 [175s]
   hfit[k48_wd]   35000/120000 loss 5.3807e-05 recon 6.7776e-03 [203s]
   hfit[k48_wd]   40000/120000 loss 7.9429e-05 recon 7.4975e-03 [232s]
   hfit[k48_wd]   45000/120000 loss 6.7792e-05 recon 7.4269e-03 [260s]
   hfit[k48_wd]   50000/120000 loss 3.5290e-05 recon 5.4171e-03 [288s]
   hfit[k48_wd]   55000/120000 loss 2.1859e-05 recon 4.1880e-03 [317s]
   hfit[k48_wd]   60000/120000 loss 2.9349e-05 recon 5.2333e-03 [345s]
   hfit[k48_wd]   65000/120000 loss 1.7095e-05 recon 3.7829e-03 [374s]
   hfit[k48_wd]   70000/120000 loss 1.1519e-05 recon 3.1249e-03 [402s]
   hfit[k48_wd]   75000/120000 loss 9.6693e-06 recon 2.9640e-03 [431s]
   hfit[k48_wd]   80000/120000 loss 7.0962e-06 recon 2.6895e-03 [459s]
   hfit[k48_wd]   85000/120000 loss 4.4550e-06 recon 2.1453e-03 [488s]
   hfit[k48_wd]   90000/120000 loss 3.6666e-06 recon 1.9856e-03 [516s]
   hfit[k48_wd]   95000/120000 loss 2.4053e-06 recon 1.6348e-03 [545s]
   hfit[k48_wd]  100000/120000 loss 1.8622e-06 recon 1.4818e-03 [573s]
   hfit[k48_wd]  105000/120000 loss 1.5932e-06 recon 1.3866e-03 [602s]
   hfit[k48_wd]  110000/120000 loss 1.4594e-06 recon 1.3450e-03 [630s]
   hfit[k48_wd]  115000/120000 loss 1.4179e-06 recon 1.3225e-03 [659s]
   hfit[k48_wd]  120000/120000 loss 1.3807e-06 recon 1.3106e-03 [687s]
  ARM k48_wd: recon 1.3106e-03  oracle 3.9600e-03  oracle/floor 18.6x  oracle_nn 3.9592e-03  code-refit gain 1.208x
   hfit[k48_h512]       1/120000 loss 1.0428e+00 recon 1.0205e+00 [4s]
   hfit[k48_h512]    5000/120000 loss 1.0518e-03 recon 2.8793e-02 [15s]
   hfit[k48_h512]   10000/120000 loss 4.5192e-04 recon 1.9903e-02 [27s]
   hfit[k48_h512]   15000/120000 loss 2.7561e-04 recon 1.5304e-02 [38s]
   hfit[k48_h512]   20000/120000 loss 2.0142e-04 recon 1.2286e-02 [50s]
   hfit[k48_h512]   25000/120000 loss 1.4491e-04 recon 1.0991e-02 [61s]
   hfit[k48_h512]   30000/120000 loss 9.9759e-05 recon 8.9626e-03 [73s]
   hfit[k48_h512]   35000/120000 loss 1.0337e-04 recon 9.2159e-03 [84s]
   hfit[k48_h512]   40000/120000 loss 6.5556e-05 recon 7.5522e-03 [95s]
   hfit[k48_h512]   45000/120000 loss 4.8290e-05 recon 6.3636e-03 [107s]
   hfit[k48_h512]   50000/120000 loss 3.3936e-05 recon 5.4221e-03 [118s]
   hfit[k48_h512]   55000/120000 loss 4.4372e-05 recon 6.1075e-03 [130s]
   hfit[k48_h512]   60000/120000 loss 3.0231e-05 recon 4.9456e-03 [141s]
   hfit[k48_h512]   65000/120000 loss 1.9714e-05 recon 4.1412e-03 [153s]
   hfit[k48_h512]   70000/120000 loss 1.4662e-05 recon 3.7329e-03 [164s]
   hfit[k48_h512]   75000/120000 loss 1.0064e-05 recon 3.0979e-03 [176s]
   hfit[k48_h512]   80000/120000 loss 9.6055e-06 recon 3.0216e-03 [187s]
   hfit[k48_h512]   85000/120000 loss 7.4145e-06 recon 2.6983e-03 [198s]
   hfit[k48_h512]   90000/120000 loss 6.4290e-06 recon 2.5096e-03 [210s]
   hfit[k48_h512]   95000/120000 loss 5.3230e-06 recon 2.2694e-03 [221s]
   hfit[k48_h512]  100000/120000 loss 4.8567e-06 recon 2.1864e-03 [233s]
   hfit[k48_h512]  105000/120000 loss 4.4339e-06 recon 2.0804e-03 [244s]
   hfit[k48_h512]  110000/120000 loss 4.1362e-06 recon 2.0306e-03 [256s]
   hfit[k48_h512]  115000/120000 loss 4.1077e-06 recon 1.9997e-03 [267s]
   hfit[k48_h512]  120000/120000 loss 4.0077e-06 recon 1.9811e-03 [279s]
  ARM k48_h512: recon 1.9811e-03  oracle 4.0853e-03  oracle/floor 19.2x  oracle_nn 4.0853e-03  code-refit gain 1.135x
HFIT done in 2543s -> /cluster/tufts/paralab/tawal01/burgacc/hf7/out/hfit_hf7.json
ALL-DONE
