host=pax106 source_commit=07320515a44c70266cb73c50ab7c32877e21d131
NVIDIA A100 80GB PCIe, GPU-c692ba0c-a68c-8e5c-5811-dbbe618d443c, 81920 MiB
10.235.106.35:/projects/paralab  4.6T  999G  3.6T  22% /cluster/tufts/paralab
jax_backend=gpu
jax_backend=gpu x64=True precision=highest
ORDER 21.8
CALIBRATION 236.4
EVAL 0 295.7
EVAL 1 307.8
EVAL 2 324.3
EVAL 3 339.7
EVAL 4 351.7
EVAL 5 363.0
EVAL 6 375.5
EVAL 7 385.7
EVAL 8 416.7
EVAL 9 428.4
EVAL 10 440.9
EVAL 11 459.9
EVAL 12 471.2
EVAL 13 489.8
EVAL 14 504.4
EVAL 15 517.7
EVAL 16 558.5
EVAL 17 568.8
EVAL 18 578.9
EVAL 19 589.5
EVAL 20 600.5
EVAL 21 612.4
EVAL 22 622.9
EVAL 23 639.2
EVAL 24 693.3
EVAL 25 715.6
EVAL 26 728.0
EVAL 27 738.8
EVAL 28 750.2
EVAL 29 761.2
EVAL 30 773.6
EVAL 31 787.9
EVAL 32 848.9
EVAL 33 859.0
EVAL 34 870.3
EVAL 35 882.6
EVAL 36 895.7
EVAL 37 907.0
FOMRUN COMPLETE
ALL-DONE
