host=pax010 source_commit=329ea2d1cad3687746b9ee83832cf0689234fee3
NVIDIA H200, GPU-60396734-91c3-c42c-e348-c8852c7fab18, 143771 MiB
10.235.106.23:/projects/paralab  4.6T  995G  3.6T  22% /cluster/tufts/paralab
jax_backend=gpu
jax_backend=gpu x64=True precision=highest
CASES 38 3.3
REFS 76 5.3
BANK+OPS 43.1
TRUTH 206.5
ARMS acc 20 253.7
CASE acc 0 dev6 0 412.8
CASE acc 1 dev6 1 515.7
CASE acc 2 dev6 2 617.9
CASE acc 3 dev6 3 721.9
CASE acc 4 dev6 4 822.1
CASE acc 5 dev6 5 921.3
CASE acc 6 val32 0 924.9
CASE acc 7 val32 1 928.5
CASE acc 8 val32 2 932.1
CASE acc 9 val32 3 935.6
CASE acc 10 val32 4 939.1
CASE acc 11 val32 5 942.7
CASE acc 12 val32 6 946.3
CASE acc 13 val32 7 950.0
CASE acc 14 val32 8 953.5
CASE acc 15 val32 9 957.2
CASE acc 16 val32 10 961.0
CASE acc 17 val32 11 964.6
CASE acc 18 val32 12 968.1
CASE acc 19 val32 13 971.6
CASE acc 20 val32 14 975.2
CASE acc 21 val32 15 978.7
CASE acc 22 val32 16 982.3
CASE acc 23 val32 17 986.1
CASE acc 24 val32 18 989.8
CASE acc 25 val32 19 993.4
CASE acc 26 val32 20 997.1
CASE acc 27 val32 21 1000.7
CASE acc 28 val32 22 1004.2
CASE acc 29 val32 23 1007.8
CASE acc 30 val32 24 1011.5
CASE acc 31 val32 25 1015.1
CASE acc 32 val32 26 1018.7
CASE acc 33 val32 27 1022.2
CASE acc 34 val32 28 1025.8
CASE acc 35 val32 29 1029.4
CASE acc 36 val32 30 1033.0
CASE acc 37 val32 31 1036.7
RHO acc 1900 170.1 1206.9
TIMING acc 1564.9
ARMS fast 20 1584.7
CASE fast 0 dev6 0 1648.5
CASE fast 1 dev6 1 1667.4
CASE fast 2 dev6 2 1687.7
CASE fast 3 dev6 3 1706.1
CASE fast 4 dev6 4 1723.9
CASE fast 5 dev6 5 1742.1
CASE fast 6 val32 0 1743.5
CASE fast 7 val32 1 1744.8
CASE fast 8 val32 2 1746.2
CASE fast 9 val32 3 1747.6
CASE fast 10 val32 4 1748.9
CASE fast 11 val32 5 1750.2
CASE fast 12 val32 6 1751.5
CASE fast 13 val32 7 1752.9
CASE fast 14 val32 8 1754.2
CASE fast 15 val32 9 1755.5
CASE fast 16 val32 10 1757.1
CASE fast 17 val32 11 1758.4
CASE fast 18 val32 12 1759.7
CASE fast 19 val32 13 1761.0
CASE fast 20 val32 14 1762.3
CASE fast 21 val32 15 1763.6
CASE fast 22 val32 16 1765.0
CASE fast 23 val32 17 1766.3
CASE fast 24 val32 18 1767.9
CASE fast 25 val32 19 1769.3
CASE fast 26 val32 20 1770.6
CASE fast 27 val32 21 1771.9
CASE fast 28 val32 22 1773.3
CASE fast 29 val32 23 1774.6
CASE fast 30 val32 24 1775.9
CASE fast 31 val32 25 1777.2
CASE fast 32 val32 26 1778.7
CASE fast 33 val32 27 1780.1
CASE fast 34 val32 28 1781.4
CASE fast 35 val32 29 1782.7
CASE fast 36 val32 30 1784.0
CASE fast 37 val32 31 1785.4
RHO fast 1900 127.0 1912.6
TIMING fast 2176.8
ARMS head 21 2198.8
CASE head 0 dev6 0 2293.6
CASE head 1 dev6 1 2302.6
CASE head 2 dev6 2 2313.6
CASE head 3 dev6 3 2322.0
CASE head 4 dev6 4 2329.1
CASE head 5 dev6 5 2336.8
CASE head 6 val32 0 2338.9
CASE head 7 val32 1 2340.7
CASE head 8 val32 2 2342.8
CASE head 9 val32 3 2344.6
CASE head 10 val32 4 2346.5
CASE head 11 val32 5 2348.3
CASE head 12 val32 6 2350.5
CASE head 13 val32 7 2352.6
CASE head 14 val32 8 2354.5
CASE head 15 val32 9 2356.7
CASE head 16 val32 10 2359.1
CASE head 17 val32 11 2361.0
CASE head 18 val32 12 2362.8
CASE head 19 val32 13 2364.7
CASE head 20 val32 14 2366.7
CASE head 21 val32 15 2368.7
CASE head 22 val32 16 2370.5
CASE head 23 val32 17 2372.5
CASE head 24 val32 18 2374.8
CASE head 25 val32 19 2377.0
CASE head 26 val32 20 2378.8
CASE head 27 val32 21 2380.9
CASE head 28 val32 22 2382.7
CASE head 29 val32 23 2384.7
CASE head 30 val32 24 2386.9
CASE head 31 val32 25 2388.8
CASE head 32 val32 26 2391.0
CASE head 33 val32 27 2392.8
CASE head 34 val32 28 2394.8
CASE head 35 val32 29 2396.7
CASE head 36 val32 30 2398.9
CASE head 37 val32 31 2401.0
RHO head 1900 123.1 2524.4
TIMING head 2856.2
QSTUDY COMPLETE
ALL-DONE
