torch_backend=cuda NVIDIA A100 80GB PCIe
{"micro_batch_reduced_to": 4, "epoch": 0}
{"micro_batch_reduced_to": 2, "epoch": 0}
{"micro_batch_reduced_to": 1, "epoch": 0}
Traceback (most recent call last):
  File "/cluster/tufts/paralab/tawal01/bcmp_20260923/t2048s/experiments/burgers-compare-hires/ops/train.py", line 264, in <module>
    train(args)
    ~~~~~^^^^^^
  File "/cluster/tufts/paralab/tawal01/bcmp_20260923/t2048s/experiments/burgers-compare-hires/ops/train.py", line 164, in train
    loss.backward()
    ~~~~~~~~~~~~~^^
  File "/cluster/tufts/paralab/tawal01/ae-research/venv/lib/python3.13/site-packages/torch/_tensor.py", line 631, in backward
    torch.autograd.backward(
    ~~~~~~~~~~~~~~~~~~~~~~~^
        self, gradient, retain_graph, create_graph, inputs=inputs
        ^^^^^^^^^^^^^^^^^^^^^^^^^^^^^^^^^^^^^^^^^^^^^^^^^^^^^^^^^
    )
    ^
  File "/cluster/tufts/paralab/tawal01/ae-research/venv/lib/python3.13/site-packages/torch/autograd/__init__.py", line 381, in backward
    _engine_run_backward(
    ~~~~~~~~~~~~~~~~~~~~^
        tensors,
        ^^^^^^^^
    ...<5 lines>...
        accumulate_grad=True,
        ^^^^^^^^^^^^^^^^^^^^^
    )
    ^
  File "/cluster/tufts/paralab/tawal01/ae-research/venv/lib/python3.13/site-packages/torch/autograd/graph.py", line 869, in _engine_run_backward
    return Variable._execution_engine.run_backward(  # Calls into the C++ engine to run the backward pass
           ~~~~~~~~~~~~~~~~~~~~~~~~~~~~~~~~~~~~~~~^^^^^^^^^^^^^^^^^^^^^^^^^^^^^^^^^^^^^^^^^^^^^^^^^^^^^^^
        t_outputs, *args, **kwargs
        ^^^^^^^^^^^^^^^^^^^^^^^^^^
    )  # Calls into the C++ engine to run the backward pass
    ^
torch.OutOfMemoryError: CUDA out of memory. Tried to allocate 32.02 GiB. GPU 0 has a total capacity of 79.25 GiB of which 23.79 GiB is free. Including non-PyTorch memory, this process has 55.46 GiB memory in use. Of the allocated memory 54.77 GiB is allocated by PyTorch, and 180.11 MiB is reserved by PyTorch but unallocated. If reserved but unallocated memory is large try setting PYTORCH_CUDA_ALLOC_CONF=expandable_segments:True to avoid fragmentation.  See documentation for Memory Management  (https://docs.pytorch.org/docs/stable/notes/cuda.html#optimizing-memory-usage-with-pytorch-cuda-alloc-conf)
