code/NEURALOPERATOR-LICENSE: OK
code/check_burgers_error_definition.py: OK
code/check_burgers_reference.py: OK
code/collect_burgers.py: OK
code/collect_when_done.py: OK
code/configs/burgers/large.json: OK
code/configs/burgers/medium.json: OK
code/configs/burgers/small.json: OK
code/configs/burgers-long/large.json: OK
code/configs/burgers-long/medium.json: OK
code/configs/burgers-long/small.json: OK
code/configs/fno-large.json: OK
code/configs/fno-medium.json: OK
code/configs/fno-small.json: OK
code/dataset.py: OK
code/evaluate_cohort.py: OK
code/install_cluster.py: OK
code/model.py: OK
code/prepare_diagnosis_cohort.py: OK
code/prepare_fixed_checkpoint_tuning.py: OK
code/smoke.py: OK
code/spectral_conv_f64.py: OK
code/stage.py: OK
code/stage_burgers.py: OK
code/timing.py: OK
code/train.py: OK
code/training_smoke.py: OK
code/training_smoke_burgers.py: OK
code/worker.py: OK
code/worker_burgers.py: OK
code/worker_burgers_long.py: OK
run.sbatch: OK
source-provenance.json: OK
refinement/burgers-calibration-00000_L4096_dt0.000156250.npz: OK
refinement/burgers-calibration-00001_L4096_dt0.000156250.npz: OK
refinement/burgers-calibration-00002_L4096_dt0.000156250.npz: OK
refinement/burgers-calibration-00003_L4096_dt0.000156250.npz: OK
refinement/burgers-calibration-00004_L4096_dt0.000156250.npz: OK
refinement/burgers-calibration-00005_L4096_dt0.000156250.npz: OK
refinement/burgers-calibration-00006_L4096_dt0.000156250.npz: OK
refinement/burgers-calibration-00007_L4096_dt0.000156250.npz: OK
refinement/index.json: OK
train/burgers-train-00000.npz: OK
train/burgers-train-00001.npz: OK
train/burgers-train-00002.npz: OK
train/burgers-train-00003.npz: OK
train/burgers-train-00004.npz: OK
train/burgers-train-00005.npz: OK
train/burgers-train-00006.npz: OK
train/burgers-train-00007.npz: OK
train/burgers-train-00008.npz: OK
train/burgers-train-00009.npz: OK
train/burgers-train-00010.npz: OK
train/burgers-train-00011.npz: OK
train/burgers-train-00012.npz: OK
train/burgers-train-00013.npz: OK
train/burgers-train-00014.npz: OK
train/burgers-train-00015.npz: OK
train/burgers-train-00016.npz: OK
train/burgers-train-00017.npz: OK
train/burgers-train-00018.npz: OK
train/burgers-train-00019.npz: OK
train/burgers-train-00020.npz: OK
train/burgers-train-00021.npz: OK
train/burgers-train-00022.npz: OK
train/burgers-train-00023.npz: OK
train/burgers-train-00024.npz: OK
train/burgers-train-00025.npz: OK
train/burgers-train-00026.npz: OK
train/burgers-train-00027.npz: OK
train/burgers-train-00028.npz: OK
train/burgers-train-00029.npz: OK
train/burgers-train-00030.npz: OK
train/burgers-train-00031.npz: OK
train/burgers-train-00032.npz: OK
train/burgers-train-00033.npz: OK
train/burgers-train-00034.npz: OK
train/burgers-train-00035.npz: OK
train/burgers-train-00036.npz: OK
train/burgers-train-00037.npz: OK
train/burgers-train-00038.npz: OK
train/burgers-train-00039.npz: OK
train/burgers-train-00040.npz: OK
train/burgers-train-00041.npz: OK
train/burgers-train-00042.npz: OK
train/burgers-train-00043.npz: OK
train/burgers-train-00044.npz: OK
train/burgers-train-00045.npz: OK
train/burgers-train-00046.npz: OK
train/burgers-train-00047.npz: OK
train/burgers-train-00048.npz: OK
train/burgers-train-00049.npz: OK
train/burgers-train-00050.npz: OK
train/burgers-train-00051.npz: OK
train/burgers-train-00052.npz: OK
train/burgers-train-00053.npz: OK
train/burgers-train-00054.npz: OK
train/burgers-train-00055.npz: OK
train/burgers-train-00056.npz: OK
train/burgers-train-00057.npz: OK
train/burgers-train-00058.npz: OK
train/burgers-train-00059.npz: OK
train/burgers-train-00060.npz: OK
train/burgers-train-00061.npz: OK
train/burgers-train-00062.npz: OK
train/burgers-train-00063.npz: OK
train/burgers-train-00064.npz: OK
train/burgers-train-00065.npz: OK
train/burgers-train-00066.npz: OK
train/burgers-train-00067.npz: OK
train/burgers-train-00068.npz: OK
train/burgers-train-00069.npz: OK
train/burgers-train-00070.npz: OK
train/burgers-train-00071.npz: OK
train/burgers-train-00072.npz: OK
train/burgers-train-00073.npz: OK
train/burgers-train-00074.npz: OK
train/burgers-train-00075.npz: OK
train/burgers-train-00076.npz: OK
train/burgers-train-00077.npz: OK
train/burgers-train-00078.npz: OK
train/burgers-train-00079.npz: OK
train/burgers-train-00080.npz: OK
train/burgers-train-00081.npz: OK
train/burgers-train-00082.npz: OK
train/burgers-train-00083.npz: OK
train/burgers-train-00084.npz: OK
train/burgers-train-00085.npz: OK
train/burgers-train-00086.npz: OK
train/burgers-train-00087.npz: OK
train/burgers-train-00088.npz: OK
train/burgers-train-00089.npz: OK
train/burgers-train-00090.npz: OK
train/burgers-train-00091.npz: OK
train/burgers-train-00092.npz: OK
train/burgers-train-00093.npz: OK
train/burgers-train-00094.npz: OK
train/burgers-train-00095.npz: OK
train/burgers-train-00096.npz: OK
train/burgers-train-00097.npz: OK
train/burgers-train-00098.npz: OK
train/burgers-train-00099.npz: OK
train/burgers-train-00100.npz: OK
train/burgers-train-00101.npz: OK
train/burgers-train-00102.npz: OK
train/burgers-train-00103.npz: OK
train/burgers-train-00104.npz: OK
train/burgers-train-00105.npz: OK
train/burgers-train-00106.npz: OK
train/burgers-train-00107.npz: OK
train/burgers-train-00108.npz: OK
train/burgers-train-00109.npz: OK
train/burgers-train-00110.npz: OK
train/burgers-train-00111.npz: OK
train/burgers-train-00112.npz: OK
train/burgers-train-00113.npz: OK
train/burgers-train-00114.npz: OK
train/burgers-train-00115.npz: OK
train/burgers-train-00116.npz: OK
train/burgers-train-00117.npz: OK
train/burgers-train-00118.npz: OK
train/burgers-train-00119.npz: OK
train/burgers-train-00120.npz: OK
train/burgers-train-00121.npz: OK
train/burgers-train-00122.npz: OK
train/burgers-train-00123.npz: OK
train/burgers-train-00124.npz: OK
train/burgers-train-00125.npz: OK
train/burgers-train-00126.npz: OK
train/burgers-train-00127.npz: OK
train/index.json: OK
validation/burgers-validation-00000.npz: OK
validation/burgers-validation-00001.npz: OK
validation/burgers-validation-00002.npz: OK
validation/burgers-validation-00003.npz: OK
validation/burgers-validation-00004.npz: OK
validation/burgers-validation-00005.npz: OK
validation/burgers-validation-00006.npz: OK
validation/burgers-validation-00007.npz: OK
validation/burgers-validation-00008.npz: OK
validation/burgers-validation-00009.npz: OK
validation/burgers-validation-00010.npz: OK
validation/burgers-validation-00011.npz: OK
validation/burgers-validation-00012.npz: OK
validation/burgers-validation-00013.npz: OK
validation/burgers-validation-00014.npz: OK
validation/burgers-validation-00015.npz: OK
validation/burgers-validation-00016.npz: OK
validation/burgers-validation-00017.npz: OK
validation/burgers-validation-00018.npz: OK
validation/burgers-validation-00019.npz: OK
validation/burgers-validation-00020.npz: OK
validation/burgers-validation-00021.npz: OK
validation/burgers-validation-00022.npz: OK
validation/burgers-validation-00023.npz: OK
validation/burgers-validation-00024.npz: OK
validation/burgers-validation-00025.npz: OK
validation/burgers-validation-00026.npz: OK
validation/burgers-validation-00027.npz: OK
validation/burgers-validation-00028.npz: OK
validation/burgers-validation-00029.npz: OK
validation/burgers-validation-00030.npz: OK
validation/burgers-validation-00031.npz: OK
validation/index.json: OK
jax_backend=gpu
name, uuid, driver_version
NVIDIA A100 80GB PCIe, GPU-c166dee7-f138-fc72-533f-4bfaee778a5c, 575.57.08
{"task": "precision", "command": ["/cluster/tufts/paralab/tawal01/ae-research/venv/bin/python", "code/smoke.py", "--output", "out/precision.json"], "exit_code": 0, "started_unix": 1789438713.405331, "ended_unix": 1789438734.4451249, "job_id": "3710846", "remaining_global_seconds": 14378.957979413914}
{"task": "training-smoke", "command": ["/cluster/tufts/paralab/tawal01/ae-research/venv/bin/python", "code/training_smoke_burgers.py", "--out", "out/training-smoke"], "exit_code": 0, "started_unix": 1789438734.4500268, "ended_unix": 1789438741.468857, "job_id": "3710846", "remaining_global_seconds": 14371.934253090061}
{"task": "cohort", "command": ["/cluster/tufts/paralab/tawal01/ae-research/venv/bin/python", "code/prepare_diagnosis_cohort.py", "--reference-index", "data/refinement/index.json", "--train-index", "data/train/index.json", "--out", "data/diagnosis-cohort"], "exit_code": 0, "started_unix": 1789438741.4734364, "ended_unix": 1789438742.7262006, "job_id": "3710846", "remaining_global_seconds": 14370.6769112139}
{"task": "small", "command": ["/cluster/tufts/paralab/tawal01/ae-research/venv/bin/python", "code/train.py", "--train-index", "data/train/index.json", "--validation-index", "data/validation/index.json", "--config", "code/configs/burgers-long/small.json", "--out", "out/fno-small", "--wall-seconds", "3000"], "exit_code": 0, "started_unix": 1789438742.7292602, "ended_unix": 1789441754.2032418, "job_id": "3710846", "remaining_global_seconds": 11359.199864737922}
{"task": "medium", "command": ["/cluster/tufts/paralab/tawal01/ae-research/venv/bin/python", "code/train.py", "--train-index", "data/train/index.json", "--validation-index", "data/validation/index.json", "--config", "code/configs/burgers-long/medium.json", "--out", "out/fno-medium", "--wall-seconds", "3000"], "exit_code": 0, "started_unix": 1789441754.207753, "ended_unix": 1789444767.769956, "job_id": "3710846", "remaining_global_seconds": 8345.633151412942}
{"task": "large", "command": ["/cluster/tufts/paralab/tawal01/ae-research/venv/bin/python", "code/train.py", "--train-index", "data/train/index.json", "--validation-index", "data/validation/index.json", "--config", "code/configs/burgers-long/large.json", "--out", "out/fno-large", "--wall-seconds", "3000"], "exit_code": 0, "started_unix": 1789444767.7752585, "ended_unix": 1789447781.1773381, "job_id": "3710846", "remaining_global_seconds": 5332.2257686459925}
{"task": "refine", "command": ["/cluster/tufts/paralab/tawal01/ae-research/venv/bin/python", "code/train.py", "--train-index", "data/train/index.json", "--validation-index", "data/validation/index.json", "--config", "out/refine-config.json", "--out", "out/fno-refine", "--wall-seconds", "3000"], "exit_code": 0, "started_unix": 1789447781.194806, "ended_unix": 1789450796.5524244, "job_id": "3710846", "remaining_global_seconds": 2316.850682985969}
{"task": "cohort-eval", "command": ["/cluster/tufts/paralab/tawal01/ae-research/venv/bin/python", "code/evaluate_cohort.py", "--index", "data/diagnosis-cohort/index.json", "--runs", "out", "--out", "out/diagnosis-cohort"], "exit_code": 0, "started_unix": 1789450796.6428866, "ended_unix": 1789450804.8299768, "job_id": "3710846", "remaining_global_seconds": 2308.5731310960837}
{"task": "timing", "command": ["/cluster/tufts/paralab/tawal01/ae-research/venv/bin/python", "code/timing.py", "--train-index", "data/train/index.json", "--validation-index", "data/validation/index.json", "--runs", "out", "--out", "out/timing", "--repetitions", "30", "--burn-in", "20"], "exit_code": 0, "started_unix": 1789450804.8334467, "ended_unix": 1789450853.113071, "job_id": "3710846", "remaining_global_seconds": 2260.2900378289632}
WORKER FINISHED
