./code/poisson/pro_colloc.py: OK
./code/poisson/deps/ms_autodecoder.py: OK
./code/poisson/followup/fu_train.py: OK
./code/poisson/deps/nonlinear-decoder-architecture/nda_arch.py: OK
./code/poisson/pro_common.py: OK
./run.sbatch: OK
./code/poisson/deps/ms_parametric.py: OK
cell=nda_pg128l4g4_r2 commit=de160809a02469253537d830c56b9a3cf55ba4f6 dirty_hash=8c662a9a41a7 host=pax142 gpu=NVIDIA A100-PCIE-40GB
Filesystem                       Size  Used Avail Use% Mounted on
10.246.194.81:/projects/paralab  4.6T  4.1T  473G  90% /cluster/tufts/paralab
jax_backend=gpu
jax_backend=gpu x64=True K_LAT=16 HARD_BC=1 decoder={'name': 'groupfilm', 'hidden': 128, 'n_layers': 4, 'group_size': 4, 'film_start': 0, 'z_width': 64, 'residual_scale': 0.5773502691896258, 'warp_max_shift': 0.15, 'warp_max_log_scale': 0.25, 'z_ff': 0}
CONFIG {"N": 64, "n_train": 512, "n_val": 64, "n_stages": 1, "steps": 20000, "batch": 32, "p_sub": 1024, "hidden": 128, "n_layers": 4, "peak_lr": 0.002, "const_lr": 0, "lbfgs_steps": 0, "z_ff": 0, "freq_margin": 4, "seed": 0, "K_LAT": 16, "lat_lr": 0.005, "lat_reg": 0.0001, "hard_bc": 1, "gn_iters": 60, "train_seed": 0, "decoder_config": {"name": "groupfilm", "hidden": 128, "n_layers": 4, "group_size": 4, "film_start": 0, "z_width": 64, "residual_scale": 0.5773502691896258, "warp_max_shift": 0.15, "warp_max_log_scale": 0.25, "z_ff": 0}}
  FOM: 576 CG solves in 6s, max rel residual over all samples 4.29e-13
  [A] step      0 loss 3.787e-02 [4s]
  [A] step   5000 loss 5.619e-05 [19s]
  [A] step  10000 loss 1.483e-05 [34s]
  [A] step  15000 loss 4.472e-06 [48s]
  [A] Adam 20000 steps in 62s (final batch loss 4.086e-06)
RESULT K16_N64_hbc: TRAIN 6.160e-03/6.075e-03  VAL inferred mean 9.068e-03 nearest 5.427e-03 best 5.255e-03  boundary-block(train) 0.0e+00
DONE
jax_backend=gpu x64=True
MANIFEST {"pkl": "autodec_K16_N64_hbc_stages.pkl", "pkl_config": {"N": 64, "n_train": 512, "n_val": 64, "n_stages": 1, "steps": 20000, "batch": 32, "p_sub": 1024, "hidden": 128, "n_layers": 4, "peak_lr": 0.002, "const_lr": 0, "lbfgs_steps": 0, "z_ff": 0, "freq_margin": 4, "seed": 0, "K_LAT": 16, "lat_lr": 0.005, "lat_reg": 0.0001, "hard_bc": 1, "gn_iters": 60, "train_seed": 0, "decoder_config": {"name": "groupfilm", "hidden": 128, "n_layers": 4, "group_size": 4, "film_start": 0, "z_width": 64, "residual_scale": 0.5773502691896258, "warp_max_shift": 0.15, "warp_max_log_scale": 0.25, "z_ff": 0}, "n_params": 70849}, "ns": 1, "n_test": 16, "gn_iters": 60, "hard_bc": 1, "objectives": ["weak_a1_M128"], "ms": [512], "schemes": ["full", "nnls"], "inits": ["nearest"], "eq_snaps": 64, "eq_perturb": 3, "eq_modes": 64, "eq_rows": 3072, "eq_fixed_snaps": 1, "bc_beta": 0.0, "backend": "gpu"}
  FOM: 576 CG solves in 5s, max rel residual over all samples 4.29e-13
ORACLE nearest=4.663e-03
RESULT obj=weak_a1_M128   full     m= 3844 init=nearest  ROM 5.011e-03 (med 4.386e-03 max 8.920e-03) oracle 4.663e-03 acc/rej 29/3 {'converged': 13, 'budget': 3} [7s]
  NNLS-EQ m=512 M=128 grid: support 512 (+0 padded) rows 3072 rnorm capped 1.29e-01 final(all rows) 5.82e-01 / ||b|| 7.55e+02 (per-row median 6.4e-03, p95 3.3e-01, max 1.9e+03) [157s]
RESULT obj=weak_a1_M128   nnls     m=  512 init=nearest  ROM 5.195e-03 (med 4.514e-03 max 1.072e-02) oracle 4.663e-03 acc/rej 28/3 {'converged': 12, 'budget': 4} [161s]
DONE
ALL-DONE
