jax_backend=gpu
data absorbing train 64
data absorbing validation 16
bank absorbing 0 0.015631805268264257
bank absorbing 200 0.0002904199956602946
bank absorbing 400 0.0001300614905063838
bank absorbing 600 9.445881425113316e-05
bank absorbing 800 8.770431195395258e-05
bank absorbing 1000 5.709429294801987e-05
bank absorbing 1200 5.908783407889116e-05
bank absorbing 1400 5.013130271719816e-05
bank absorbing 1600 2.6676629404924426e-05
bank absorbing 1800 4.3324428820732376e-05
bank absorbing 2000 3.059659689460879e-05
bank absorbing 2200 3.4220398759899376e-05
bank absorbing 2400 3.044728600189074e-05
bank absorbing 2600 1.738986391644479e-05
bank absorbing 2800 2.789610234913642e-05
bank absorbing 3000 2.5826016284287934e-05
bank absorbing 3200 2.6443268560377706e-05
bank absorbing 3400 1.888839487281115e-05
bank absorbing 3600 2.131056456023404e-05
bank absorbing 3800 2.3682530940338323e-05
bank absorbing 4000 1.7058733751865035e-05
bank absorbing 4200 1.526971379164342e-05
bank absorbing 4400 1.9965364330158896e-05
bank absorbing 4600 2.1352653481002148e-05
bank absorbing 4800 2.1396049641516714e-05
bank absorbing 5000 1.735712772403544e-05
bank absorbing 5200 2.0198035995564763e-05
bank absorbing 5400 2.0210832861494653e-05
bank absorbing 5600 1.8410239321449937e-05
bank absorbing 5800 1.521130803007649e-05
bank absorbing 5999 1.300518326885033e-05
head mlp 0.0 691200 0 0.0010465296897410894 0.0010454087405204662 0.0
head mlp 0.0 691200 200 0.0022790761210999544 0.0022779318238471263 0.0
head mlp 0.0 691200 400 0.006867271458140523 0.006866438983015331 0.0
head mlp 0.0 691200 600 0.0020344976483915385 0.0020335213529978128 0.0
head mlp 0.0 691200 800 0.00313360441370278 0.003132776532250848 0.0
head mlp 0.0 691200 1000 0.002191198387442219 0.00218995799104092 0.0
head mlp 0.0 691200 1200 0.0016734238668638206 0.0016726688660475438 0.0
head mlp 0.0 691200 1400 0.002661863050817941 0.002660580223219669 0.0
head mlp 0.0 691200 1600 0.0008084785547254718 0.0008078761457594925 0.0
head mlp 0.0 691200 1800 0.0013955108836937143 0.001394886074204921 0.0
head mlp 0.0 691200 2000 0.0015368447427173484 0.00153585249007427 0.0
head mlp 0.0 691200 2200 0.0012273466655387377 0.0012265221581576839 0.0
head mlp 0.0 691200 2400 0.0005354137359836621 0.0005347153678047919 0.0
head mlp 0.0 691200 2600 0.003757788882991272 0.0037572579083396482 0.0
head mlp 0.0 691200 2800 0.0017512978471999991 0.0017504138464625322 0.0
head mlp 0.0 691200 3000 0.0007430444267877479 0.0007423813746283219 0.0
head mlp 0.0 691200 3200 0.0015608536071357482 0.0015602230500665235 0.0
head mlp 0.0 691200 3400 0.000986115364572101 0.000985308586048472 0.0
head mlp 0.0 691200 3600 0.001039881950967152 0.0010393062389292729 0.0
head mlp 0.0 691200 3800 0.0011231524980436865 0.0011224105620306853 0.0
head mlp 0.0 691200 4000 0.00039361825146404575 0.00039290408662160655 0.0
head mlp 0.0 691200 4200 0.0007164624961604808 0.0007157507245497843 0.0
head mlp 0.0 691200 4400 0.00030390688742517615 0.00030327980627742037 0.0
head mlp 0.0 691200 4600 0.00037193935793196554 0.0003711280774851722 0.0
head mlp 0.0 691200 4800 0.0008139283716623523 0.0008131065105999076 0.0
head mlp 0.0 691200 5000 0.0005723280264692664 0.0005716781373523296 0.0
head mlp 0.0 691200 5200 0.0003147493021057933 0.0003141111590983204 0.0
head mlp 0.0 691200 5400 0.00023890271200501014 0.00023823245184152216 0.0
head mlp 0.0 691200 5600 0.00017743368878497852 0.00017695392530059042 0.0
head mlp 0.0 691200 5800 0.000613733451457278 0.000613073825988625 0.0
head mlp 0.0 691200 6000 0.00016265569742787196 0.00016216452607304893 0.0
head mlp 0.0 691200 6200 0.00020267308761524893 0.00020203570182785935 0.0
head mlp 0.0 691200 6400 0.00015377077308565177 0.00015315016664830598 0.0
head mlp 0.0 691200 6600 0.00017452901574832106 0.00017391013246390656 0.0
head mlp 0.0 691200 6800 0.0001314867218700859 0.00013086720505589333 0.0
head mlp 0.0 691200 7000 0.00011072366860599907 0.00011012954294540285 0.0
head mlp 0.0 691200 7200 0.00014489813951553264 0.00014435734666801397 0.0
head mlp 0.0 691200 7400 0.00012103179236423168 0.00012016290191083259 0.0
head mlp 0.0 691200 7600 0.00013141923401644378 0.00013049249560929992 0.0
head mlp 0.0 691200 7800 0.00011683717220321141 0.00011626788453914534 0.0
head mlp 0.0 691200 8000 9.859645400149814e-05 9.806038856240951e-05 0.0
head mlp 0.0 691200 8200 0.00012006949090422115 0.00011929384822070236 0.0
head mlp 0.0 691200 8400 0.00010021641669157436 9.946143856211372e-05 0.0
head mlp 0.0 691200 8600 6.536884693027399e-05 6.470564671859794e-05 0.0
head mlp 0.0 691200 8800 7.286561597434788e-05 7.236604717827046e-05 0.0
head mlp 0.0 691200 9000 7.88116790286239e-05 7.810478849969995e-05 0.0
head mlp 0.0 691200 9200 7.956803710824055e-05 7.865916576380548e-05 0.0
head mlp 0.0 691200 9400 8.341160258161764e-05 8.273250457431185e-05 0.0
head mlp 0.0 691200 9600 8.932302514600401e-05 8.845395978171168e-05 0.0
head mlp 0.0 691200 9800 7.287836031091437e-05 7.233335004147974e-05 0.0
head mlp 0.0 691200 9999 8.020917252043032e-05 7.956156416880607e-05 0.0
rollout absorbing mlp 0.005 0
rollout absorbing mlp 0.005 1
rollout absorbing mlp 0.005 2
rollout absorbing mlp 0.005 3
rollout absorbing mlp 0.005 4
rollout absorbing mlp 0.005 5
rollout absorbing mlp 0.005 6
rollout absorbing mlp 0.005 7
rollout absorbing mlp 0.005 8
rollout absorbing mlp 0.005 9
rollout absorbing mlp 0.005 10
rollout absorbing mlp 0.005 11
rollout absorbing mlp 0.005 12
rollout absorbing mlp 0.005 13
rollout absorbing mlp 0.005 14
rollout absorbing mlp 0.005 15
rollout absorbing mlp 0.0025 0
rollout absorbing mlp 0.0025 1
rollout absorbing mlp 0.0025 2
rollout absorbing mlp 0.0025 3
rollout absorbing mlp 0.0025 4
rollout absorbing mlp 0.0025 5
rollout absorbing mlp 0.0025 6
rollout absorbing mlp 0.0025 7
rollout absorbing mlp 0.0025 8
rollout absorbing mlp 0.0025 9
rollout absorbing mlp 0.0025 10
rollout absorbing mlp 0.0025 11
rollout absorbing mlp 0.0025 12
rollout absorbing mlp 0.0025 13
rollout absorbing mlp 0.0025 14
rollout absorbing mlp 0.0025 15
rollout absorbing mlp 0.00125 0
rollout absorbing mlp 0.00125 1
rollout absorbing mlp 0.00125 2
rollout absorbing mlp 0.00125 3
rollout absorbing mlp 0.00125 4
rollout absorbing mlp 0.00125 5
rollout absorbing mlp 0.00125 6
rollout absorbing mlp 0.00125 7
rollout absorbing mlp 0.00125 8
rollout absorbing mlp 0.00125 9
rollout absorbing mlp 0.00125 10
rollout absorbing mlp 0.00125 11
rollout absorbing mlp 0.00125 12
rollout absorbing mlp 0.00125 13
rollout absorbing mlp 0.00125 14
rollout absorbing mlp 0.00125 15
head quadratic 0.0 691200 0 0.0010465296897410894 0.0010454087405204662 0.0
head quadratic 0.0 691200 200 0.002675022871522108 0.0026738793109620934 0.0
head quadratic 0.0 691200 400 0.011426037736170312 0.011425213277731973 0.0
head quadratic 0.0 691200 600 0.0034324869521823983 0.0034315241651849664 0.0
head quadratic 0.0 691200 800 0.002778646636903817 0.0027778272709409846 0.0
head quadratic 0.0 691200 1000 0.0035879644453612777 0.003586736515608694 0.0
head quadratic 0.0 691200 1200 0.0016656612497956407 0.0016649024285661056 0.0
head quadratic 0.0 691200 1400 0.004682770582884571 0.0046814957813825706 0.0
head quadratic 0.0 691200 1600 0.0015829343304214615 0.001582327258221546 0.0
head quadratic 0.0 691200 1800 0.0028012932167812907 0.0028006758437094754 0.0
head quadratic 0.0 691200 2000 0.0023626082384075493 0.002361632192402239 0.0
head quadratic 0.0 691200 2200 0.002310097074172335 0.0023092867054489877 0.0
head quadratic 0.0 691200 2400 0.0009386218963082753 0.0009379369020742103 0.0
head quadratic 0.0 691200 2600 0.0028914383814983655 0.0028909021674085045 0.0
head quadratic 0.0 691200 2800 0.002094037844204252 0.0020931655305761005 0.0
head quadratic 0.0 691200 3000 0.0008816816595805765 0.0008810189670480562 0.0
head quadratic 0.0 691200 3200 0.0018499760280878842 0.0018493522358978042 0.0
head quadratic 0.0 691200 3400 0.001063680728573578 0.00106288990821377 0.0
head quadratic 0.0 691200 3600 0.001419446657962616 0.0014188846038920076 0.0
head quadratic 0.0 691200 3800 0.001931491440443689 0.0019307631674721222 0.0
head quadratic 0.0 691200 4000 0.0007543279139634215 0.0007536286933890724 0.0
head quadratic 0.0 691200 4200 0.0010499116480628093 0.0010492150015287995 0.0
head quadratic 0.0 691200 4400 0.0006877681796057956 0.000687160179136853 0.0
head quadratic 0.0 691200 4600 0.000720231594580619 0.0007194363131305292 0.0
head quadratic 0.0 691200 4800 0.0011848953430734094 0.0011840969897176726 0.0
head quadratic 0.0 691200 5000 0.0007721838159406277 0.0007715612680180217 0.0
head quadratic 0.0 691200 5200 0.0005273805422524547 0.0005267598903373399 0.0
head quadratic 0.0 691200 5400 0.0003422090266310024 0.0003415604909690489 0.0
head quadratic 0.0 691200 5600 0.00029900115654139955 0.0002985385953193779 0.0
head quadratic 0.0 691200 5800 0.0010277153038792091 0.0010270762145186785 0.0
head quadratic 0.0 691200 6000 0.00030869414825894384 0.0003082207848798058 0.0
head quadratic 0.0 691200 6200 0.00040686017999879375 0.00040624708894976773 0.0
head quadratic 0.0 691200 6400 0.00020560001721840044 0.00020499838692355382 0.0
head quadratic 0.0 691200 6600 0.0003421778945057015 0.00034156965604505596 0.0
head quadratic 0.0 691200 6800 0.0002957325924065199 0.0002951199345690075 0.0
head quadratic 0.0 691200 7000 0.0002480588927395913 0.00024747589738827484 0.0
head quadratic 0.0 691200 7200 0.00022360735743432881 0.0002230901127219402 0.0
head quadratic 0.0 691200 7400 0.0002461977901627414 0.0002453749150667257 0.0
head quadratic 0.0 691200 7600 0.00023617773640956618 0.00023528223503125982 0.0
head quadratic 0.0 691200 7800 0.00019271997612999207 0.00019217314412788234 0.0
head quadratic 0.0 691200 8000 0.00018399316429003364 0.00018346168196100286 0.0
head quadratic 0.0 691200 8200 0.00027245423484938743 0.0002717162613521006 0.0
head quadratic 0.0 691200 8400 0.00019389012030848586 0.00019316671193273706 0.0
head quadratic 0.0 691200 8600 0.00014036189165935056 0.00013972243036141542 0.0
head quadratic 0.0 691200 8800 0.00013271757778289737 0.00013223298924350369 0.0
head quadratic 0.0 691200 9000 0.00016582757517532757 0.000165148620301495 0.0
head quadratic 0.0 691200 9200 0.00019574346531876243 0.0001948688790138707 0.0
head quadratic 0.0 691200 9400 0.0002165639014220004 0.00021591195303772247 0.0
head quadratic 0.0 691200 9600 0.00017896530369876376 0.000178143854667036 0.0
head quadratic 0.0 691200 9800 0.00013935341217689273 0.00013882221175267852 0.0
head quadratic 0.0 691200 9999 0.00016510087982032475 0.00016446713126324632 0.0
rollout absorbing quadratic 0.005 0
rollout absorbing quadratic 0.005 1
rollout absorbing quadratic 0.005 2
rollout absorbing quadratic 0.005 3
rollout absorbing quadratic 0.005 4
rollout absorbing quadratic 0.005 5
rollout absorbing quadratic 0.005 6
rollout absorbing quadratic 0.005 7
rollout absorbing quadratic 0.005 8
rollout absorbing quadratic 0.005 9
rollout absorbing quadratic 0.005 10
rollout absorbing quadratic 0.005 11
rollout absorbing quadratic 0.005 12
rollout absorbing quadratic 0.005 13
rollout absorbing quadratic 0.005 14
rollout absorbing quadratic 0.005 15
rollout absorbing quadratic 0.0025 0
rollout absorbing quadratic 0.0025 1
rollout absorbing quadratic 0.0025 2
rollout absorbing quadratic 0.0025 3
rollout absorbing quadratic 0.0025 4
rollout absorbing quadratic 0.0025 5
rollout absorbing quadratic 0.0025 6
rollout absorbing quadratic 0.0025 7
rollout absorbing quadratic 0.0025 8
rollout absorbing quadratic 0.0025 9
rollout absorbing quadratic 0.0025 10
rollout absorbing quadratic 0.0025 11
rollout absorbing quadratic 0.0025 12
rollout absorbing quadratic 0.0025 13
rollout absorbing quadratic 0.0025 14
rollout absorbing quadratic 0.0025 15
rollout absorbing quadratic 0.00125 0
rollout absorbing quadratic 0.00125 1
rollout absorbing quadratic 0.00125 2
rollout absorbing quadratic 0.00125 3
rollout absorbing quadratic 0.00125 4
rollout absorbing quadratic 0.00125 5
rollout absorbing quadratic 0.00125 6
rollout absorbing quadratic 0.00125 7
rollout absorbing quadratic 0.00125 8
rollout absorbing quadratic 0.00125 9
rollout absorbing quadratic 0.00125 10
rollout absorbing quadratic 0.00125 11
rollout absorbing quadratic 0.00125 12
rollout absorbing quadratic 0.00125 13
rollout absorbing quadratic 0.00125 14
rollout absorbing quadratic 0.00125 15
head mlp 1.0 691200 0 0.004173296415186762 0.0010454087405204662 0.003126766725445672
head mlp 1.0 691200 200 0.005212701957790157 0.002477751408576537 0.0027338140082229755
head mlp 1.0 691200 400 0.004918952898395794 0.0033748547899388123 0.001543275528929407
head mlp 1.0 691200 600 0.002607141710542256 0.0014175435245968857 0.0011886393198204176
head mlp 1.0 691200 800 0.0025571046914953165 0.0016570610269316124 0.0008992335454801766
head mlp 1.0 691200 1000 0.004100124954113613 0.0025495824850799687 0.0015493154716400743
head mlp 1.0 691200 1200 0.0029793450133336085 0.0017016096010970922 0.0012769983185652075
head mlp 1.0 691200 1400 0.004387401381189737 0.002773073944926489 0.0016130797432146742
head mlp 1.0 691200 1600 0.001796825810561882 0.0009116344279367254 0.0008846087811024485
head mlp 1.0 691200 1800 0.0017100893486070993 0.0009176259925236471 0.0007918707826867753
head mlp 1.0 691200 2000 0.002264055690357748 0.0011481053691923446 0.0011149965477515824
head mlp 1.0 691200 2200 0.002278544690306634 0.0014429158898779622 0.0008348419094574005
head mlp 1.0 691200 2400 0.0011667616255785003 0.0005775147078111434 0.000588594990916581
head mlp 1.0 691200 2600 0.002240972927375243 0.0014401893735358161 0.0008002757232459094
head mlp 1.0 691200 2800 0.002420088903938041 0.0016077714716162175 0.0008114825937170877
head mlp 1.0 691200 3000 0.0007467716603507797 0.0003756748484400784 0.00037046621781962693
head mlp 1.0 691200 3200 0.0013869992169541967 0.0008306716647644708 0.0005557406593655458
head mlp 1.0 691200 3400 0.0012755570613353778 0.0006759744114078172 0.0005988294041085476
head mlp 1.0 691200 3600 0.0013130692192455601 0.0008251769435801743 0.00048735904296624605
head mlp 1.0 691200 3800 0.0015276743447345852 0.0009614936589710653 0.0005655062557220918
head mlp 1.0 691200 4000 0.00076635720699683 0.0003491221902195364 0.00041657580419929844
head mlp 1.0 691200 4200 0.0008035058353388068 0.0004665626604634301 0.0003362820299353458
head mlp 1.0 691200 4400 0.0005948726816609487 0.00030011149187670206 0.00029418683100432654
head mlp 1.0 691200 4600 0.0007616294841682696 0.0003607832822058679 0.00040010965794033546
head mlp 1.0 691200 4800 0.0006929907306924386 0.00038942500732570915 0.0003028296710164201
head mlp 1.0 691200 5000 0.0008518850495404022 0.00037401989765386385 0.0004772690091291489
head mlp 1.0 691200 5200 0.000648918082734275 0.00037878801694648905 0.0002695465819680056
head mlp 1.0 691200 5400 0.0005006374699285744 0.00023842015831219732 0.000261608291504127
head mlp 1.0 691200 5600 0.0004062128447234536 0.00019485081571974107 0.0002109365069448441
head mlp 1.0 691200 5800 0.0005143212992062667 0.00024997266877641456 0.0002637607557893608
head mlp 1.0 691200 6000 0.00034329683988727614 0.0001515963381550017 0.00019125499084076306
head mlp 1.0 691200 6200 0.00041244076757583853 0.00018103562350884716 0.00023082142886542812
head mlp 1.0 691200 6400 0.00030130623007052697 0.00013492178192833591 0.00016584014834111253
head mlp 1.0 691200 6600 0.00035323040074536257 0.00016015652872488316 0.00019250964830507488
head mlp 1.0 691200 6800 0.0002727737391665831 0.00013440989302735196 0.000137819270191897
head mlp 1.0 691200 7000 0.0003050942109478063 0.00013615532163352952 0.0001684152750742057
head mlp 1.0 691200 7200 0.00028335546054924674 0.00012625926403049168 0.00015662571715389443
head mlp 1.0 691200 7400 0.00026321022071281824 0.00011785714309323482 0.00014457360171734777
head mlp 1.0 691200 7600 0.00030375762261112524 0.00012653946115105696 0.00017640690208007553
head mlp 1.0 691200 7800 0.00022243316758554393 9.634696566378352e-05 0.00012558957322276337
head mlp 1.0 691200 8000 0.00022477944132058233 0.00010287152476547338 0.00012142303709482712
head mlp 1.0 691200 8200 0.00020038344899832642 7.335799316699864e-05 0.00012633881140751375
head mlp 1.0 691200 8400 0.00023637448404520469 0.00010856388183855931 0.00012713154439996846
head mlp 1.0 691200 8600 0.00021064090352445762 8.715431810824173e-05 0.00012290547083405916
head mlp 1.0 691200 8800 0.00018728600330999426 7.722439568056998e-05 0.0001096223004179844
head mlp 1.0 691200 9000 0.00019172272461416172 7.422684564448035e-05 0.00011686844006012566
head mlp 1.0 691200 9200 0.00023082551604851651 8.191592062544712e-05 0.00014809734133016146
head mlp 1.0 691200 9400 0.00019663418585558445 7.906983692427459e-05 0.00011696132459028245
head mlp 1.0 691200 9600 0.00019415270517807035 7.227817031401056e-05 0.00012110795842142965
head mlp 1.0 691200 9800 0.00015706625373095327 6.025195062149429e-05 9.634285646069602e-05
head mlp 1.0 691200 9999 0.0001702927968110953 6.983734608371586e-05 9.987491822353098e-05
rollout absorbing mlp 0.005 0
rollout absorbing mlp 0.005 1
rollout absorbing mlp 0.005 2
rollout absorbing mlp 0.005 3
rollout absorbing mlp 0.005 4
rollout absorbing mlp 0.005 5
rollout absorbing mlp 0.005 6
rollout absorbing mlp 0.005 7
rollout absorbing mlp 0.005 8
rollout absorbing mlp 0.005 9
rollout absorbing mlp 0.005 10
rollout absorbing mlp 0.005 11
rollout absorbing mlp 0.005 12
rollout absorbing mlp 0.005 13
rollout absorbing mlp 0.005 14
rollout absorbing mlp 0.005 15
rollout absorbing mlp 0.0025 0
rollout absorbing mlp 0.0025 1
rollout absorbing mlp 0.0025 2
rollout absorbing mlp 0.0025 3
rollout absorbing mlp 0.0025 4
rollout absorbing mlp 0.0025 5
rollout absorbing mlp 0.0025 6
rollout absorbing mlp 0.0025 7
rollout absorbing mlp 0.0025 8
rollout absorbing mlp 0.0025 9
rollout absorbing mlp 0.0025 10
rollout absorbing mlp 0.0025 11
rollout absorbing mlp 0.0025 12
rollout absorbing mlp 0.0025 13
rollout absorbing mlp 0.0025 14
rollout absorbing mlp 0.0025 15
rollout absorbing mlp 0.00125 0
rollout absorbing mlp 0.00125 1
rollout absorbing mlp 0.00125 2
rollout absorbing mlp 0.00125 3
rollout absorbing mlp 0.00125 4
rollout absorbing mlp 0.00125 5
rollout absorbing mlp 0.00125 6
rollout absorbing mlp 0.00125 7
rollout absorbing mlp 0.00125 8
rollout absorbing mlp 0.00125 9
rollout absorbing mlp 0.00125 10
rollout absorbing mlp 0.00125 11
rollout absorbing mlp 0.00125 12
rollout absorbing mlp 0.00125 13
rollout absorbing mlp 0.00125 14
rollout absorbing mlp 0.00125 15
head quadratic 1.0 691200 0 0.004173296415186762 0.0010454087405204662 0.003126766725445672
head quadratic 1.0 691200 200 0.004923924540828322 0.002752786288369422 0.0021700007374796703
head quadratic 1.0 691200 400 0.004959414906584233 0.00353058892076054 0.0014280037427742507
head quadratic 1.0 691200 600 0.003521993003643065 0.0025234770877819975 0.0009975537099964978
head quadratic 1.0 691200 800 0.004130408174358367 0.003130659533878274 0.0009989250305714509
head quadratic 1.0 691200 1000 0.005494599608939927 0.003944056874686623 0.0015493236785577807
head quadratic 1.0 691200 1200 0.0029963836000341556 0.0019607999357240387 0.0010348252154885854
head quadratic 1.0 691200 1400 0.005363455387748072 0.004054497516396027 0.0013077197736293626
head quadratic 1.0 691200 1600 0.002364257975581586 0.0014636523552633575 0.0009000082147939867
head quadratic 1.0 691200 1800 0.0033707706262761667 0.0025208952208795464 0.000849273505739155
head quadratic 1.0 691200 2000 0.0032390542575538948 0.002111264980184301 0.0011268218644723109
head quadratic 1.0 691200 2200 0.0021226232143605737 0.0015345149362729006 0.0005873146828131535
head quadratic 1.0 691200 2400 0.0017764597173886548 0.001082747572947208 0.0006930429052274568
head quadratic 1.0 691200 2600 0.00279308996630084 0.0020279240273775767 0.00076462586943038
head quadratic 1.0 691200 2800 0.0033405033272674925 0.0024811734616679106 0.0008584804346094546
head quadratic 1.0 691200 3000 0.001378404819302758 0.0008613889812473757 0.0005163577867102107
head quadratic 1.0 691200 3200 0.0024010078949014834 0.0016628703413971704 0.0007375307353826993
head quadratic 1.0 691200 3400 0.00232530358509923 0.0014872545249881314 0.000837289239918904
head quadratic 1.0 691200 3600 0.0023148463428802894 0.0016392692663642818 0.0006750367233541191
head quadratic 1.0 691200 3800 0.0027175594080757876 0.0020214752809168996 0.0006953836045067053
head quadratic 1.0 691200 4000 0.001151453403432874 0.0006713273750774135 0.00047943515772991556
head quadratic 1.0 691200 4200 0.0013719265121390687 0.0008236280665967577 0.0005475985773799735
head quadratic 1.0 691200 4400 0.0010464937640408596 0.0006574770057024863 0.00038843172535208326
head quadratic 1.0 691200 4600 0.0014221510940083024 0.0008809354368607566 0.000540426926922181
head quadratic 1.0 691200 4800 0.0012933427541147646 0.0008303884304182548 0.0004622036821434734
head quadratic 1.0 691200 5000 0.001247659470519983 0.0006893281524015083 0.0005577108746664944
head quadratic 1.0 691200 5200 0.0008375453161181088 0.000550088267096635 0.000286854504112565
head quadratic 1.0 691200 5400 0.0009451201820625922 0.0005397936619197003 0.0004046654767081476
head quadratic 1.0 691200 5600 0.0005851969291295523 0.00034659747567864657 0.00023815657265332317
head quadratic 1.0 691200 5800 0.0012226841458441464 0.0007301581015307552 0.0004918959041429065
head quadratic 1.0 691200 6000 0.0006270586006802199 0.0003184921549905175 0.00030810376566689653
head quadratic 1.0 691200 6200 0.0008321780006515126 0.00041453027333240085 0.00041704893771661356
head quadratic 1.0 691200 6400 0.0005610667185644138 0.000306317840854122 0.00025417696928791897
head quadratic 1.0 691200 6600 0.0006328708106906434 0.0003248974615835173 0.0003073604710763433
head quadratic 1.0 691200 6800 0.0005644412757482783 0.0003126028200127353 0.00025124655245580945
head quadratic 1.0 691200 7000 0.0005378540375828977 0.0002493788208798562 0.00028790575107266644
head quadratic 1.0 691200 7200 0.0005240862485983029 0.0002743585532852895 0.00024921514747098
head quadratic 1.0 691200 7400 0.0005167385379866305 0.0002663026902813649 0.00024962613759034566
head quadratic 1.0 691200 7600 0.000613483944599775 0.00033613299056338446 0.0002764981390221857
head quadratic 1.0 691200 7800 0.00043392963867373494 0.00021911133638407735 0.00021429956756623575
head quadratic 1.0 691200 8000 0.00042293231562983563 0.00021822538642575555 0.0002041834356840988
head quadratic 1.0 691200 8200 0.00047503195175269694 0.00025643789615921377 0.00021789472900334548
head quadratic 1.0 691200 8400 0.00047125635861758797 0.00023015883494541272 0.0002403895244431788
head quadratic 1.0 691200 8600 0.0003621305890638705 0.0001906657863841834 0.00017085071309999434
head quadratic 1.0 691200 8800 0.0003393521002775412 0.00015570496693415256 0.0001831942516024283
head quadratic 1.0 691200 9000 0.00037678673793871295 0.00018563936191711908 0.00019049958933800993
head quadratic 1.0 691200 9200 0.0004624012891140027 0.00021814381539140862 0.00024343298416412045
head quadratic 1.0 691200 9400 0.00045215603362548277 0.0002289517525089748 0.00022257288903069805
head quadratic 1.0 691200 9600 0.00044659310903923056 0.00021481638735924591 0.00023096509025294997
head quadratic 1.0 691200 9800 0.00031851787582832673 0.00016527730162451055 0.00015273233050697372
head quadratic 1.0 691200 9999 0.0003941883010971577 0.00021051111135446152 0.0001830247114804282
rollout absorbing quadratic 0.005 0
rollout absorbing quadratic 0.005 1
rollout absorbing quadratic 0.005 2
rollout absorbing quadratic 0.005 3
rollout absorbing quadratic 0.005 4
rollout absorbing quadratic 0.005 5
rollout absorbing quadratic 0.005 6
rollout absorbing quadratic 0.005 7
rollout absorbing quadratic 0.005 8
rollout absorbing quadratic 0.005 9
rollout absorbing quadratic 0.005 10
rollout absorbing quadratic 0.005 11
rollout absorbing quadratic 0.005 12
rollout absorbing quadratic 0.005 13
rollout absorbing quadratic 0.005 14
rollout absorbing quadratic 0.005 15
rollout absorbing quadratic 0.0025 0
rollout absorbing quadratic 0.0025 1
rollout absorbing quadratic 0.0025 2
rollout absorbing quadratic 0.0025 3
rollout absorbing quadratic 0.0025 4
rollout absorbing quadratic 0.0025 5
rollout absorbing quadratic 0.0025 6
rollout absorbing quadratic 0.0025 7
rollout absorbing quadratic 0.0025 8
rollout absorbing quadratic 0.0025 9
rollout absorbing quadratic 0.0025 10
rollout absorbing quadratic 0.0025 11
rollout absorbing quadratic 0.0025 12
rollout absorbing quadratic 0.0025 13
rollout absorbing quadratic 0.0025 14
rollout absorbing quadratic 0.0025 15
rollout absorbing quadratic 0.00125 0
rollout absorbing quadratic 0.00125 1
rollout absorbing quadratic 0.00125 2
rollout absorbing quadratic 0.00125 3
rollout absorbing quadratic 0.00125 4
rollout absorbing quadratic 0.00125 5
rollout absorbing quadratic 0.00125 6
rollout absorbing quadratic 0.00125 7
rollout absorbing quadratic 0.00125 8
rollout absorbing quadratic 0.00125 9
rollout absorbing quadratic 0.00125 10
rollout absorbing quadratic 0.00125 11
rollout absorbing quadratic 0.00125 12
rollout absorbing quadratic 0.00125 13
rollout absorbing quadratic 0.00125 14
rollout absorbing quadratic 0.00125 15
head mlp 0.0 691201 0 0.000898531380799252 0.0008978191964103438 0.0
head mlp 0.0 691201 200 0.005415356913435131 0.005414425266930832 0.0
head mlp 0.0 691201 400 0.005570856006299986 0.005569899737001016 0.0
head mlp 0.0 691201 600 0.0027577775419197125 0.0027571520489862887 0.0
head mlp 0.0 691201 800 0.0019647578075230455 0.0019637082191354635 0.0
head mlp 0.0 691201 1000 0.010930490575111007 0.010929531077601463 0.0
head mlp 0.0 691201 1200 0.0028303113350385783 0.002829091693863958 0.0
head mlp 0.0 691201 1400 0.0035775239039799738 0.003576435836312874 0.0
head mlp 0.0 691201 1600 0.0013932385142747755 0.001392574068604286 0.0
head mlp 0.0 691201 1800 0.004624265938985801 0.004623323172012913 0.0
head mlp 0.0 691201 2000 0.0028301293274122755 0.002829365392425581 0.0
head mlp 0.0 691201 2200 0.0012305667482147929 0.0012296428506920838 0.0
head mlp 0.0 691201 2400 0.003704798355442793 0.00370415090516508 0.0
head mlp 0.0 691201 2600 0.0005765927437889583 0.0005758371704768506 0.0
head mlp 0.0 691201 2800 0.0016142476590854141 0.0016135858145658335 0.0
head mlp 0.0 691201 3000 0.00039663154135784597 0.0003960390072753433 0.0
head mlp 0.0 691201 3200 0.001129837452436917 0.0011294158602953895 0.0
head mlp 0.0 691201 3400 0.0006651657418098837 0.0006644077839446808 0.0
head mlp 0.0 691201 3600 0.0009177304739300374 0.0009169849795117554 0.0
head mlp 0.0 691201 3800 0.0009410682248341872 0.0009404605782086216 0.0
head mlp 0.0 691201 4000 0.0006039501548609934 0.0006033167948651223 0.0
head mlp 0.0 691201 4200 0.0014650219701964487 0.001464369339578225 0.0
head mlp 0.0 691201 4400 0.000659631293366675 0.0006588929886455128 0.0
head mlp 0.0 691201 4600 0.0006111517257846658 0.0006103935025532699 0.0
head mlp 0.0 691201 4800 0.00035529586854360346 0.00035470022195971136 0.0
head mlp 0.0 691201 5000 0.000509747582686895 0.0005086699393390842 0.0
head mlp 0.0 691201 5200 0.0003281190269384459 0.00032725374016234586 0.0
head mlp 0.0 691201 5400 0.00023408431831255762 0.00023339322157569739 0.0
head mlp 0.0 691201 5600 0.0005872542550544965 0.0005863564010972397 0.0
head mlp 0.0 691201 5800 0.0002557568640708862 0.0002551717313150437 0.0
head mlp 0.0 691201 6000 0.00029289987487915415 0.0002925105319152103 0.0
head mlp 0.0 691201 6200 0.00013264827782262647 0.00013233171762494814 0.0
head mlp 0.0 691201 6400 0.00025359490386681765 0.0002525040508914103 0.0
head mlp 0.0 691201 6600 0.00020214747154490015 0.00020167692343688165 0.0
head mlp 0.0 691201 6800 0.000295768001328207 0.0002950337748521311 0.0
head mlp 0.0 691201 7000 0.00011547576194515827 0.00011504536976561942 0.0
head mlp 0.0 691201 7200 0.00014878065629232967 0.000148237920083875 0.0
head mlp 0.0 691201 7400 0.00013668770427896856 0.00013580199844426453 0.0
head mlp 0.0 691201 7600 0.00011608672848536447 0.00011536150338699297 0.0
head mlp 0.0 691201 7800 0.0001225515118264724 0.00012168300334182364 0.0
head mlp 0.0 691201 8000 8.645486313978349e-05 8.581839635886637e-05 0.0
head mlp 0.0 691201 8200 8.782319322523235e-05 8.735906784657859e-05 0.0
head mlp 0.0 691201 8400 7.510925095786763e-05 7.453416943278756e-05 0.0
head mlp 0.0 691201 8600 8.449393631365425e-05 8.372385016947295e-05 0.0
head mlp 0.0 691201 8800 7.251724425019747e-05 7.19214435939057e-05 0.0
head mlp 0.0 691201 9000 7.330783009000367e-05 7.264660117382849e-05 0.0
head mlp 0.0 691201 9200 7.23099061973452e-05 7.179659943625934e-05 0.0
head mlp 0.0 691201 9400 6.823698370605748e-05 6.748094322000226e-05 0.0
head mlp 0.0 691201 9600 6.306371230023804e-05 6.23811225904971e-05 0.0
head mlp 0.0 691201 9800 8.30477402063934e-05 8.231328182928536e-05 0.0
head mlp 0.0 691201 9999 7.716034572802592e-05 7.650282047895299e-05 0.0
rollout absorbing mlp 0.005 0
rollout absorbing mlp 0.005 1
rollout absorbing mlp 0.005 2
rollout absorbing mlp 0.005 3
rollout absorbing mlp 0.005 4
rollout absorbing mlp 0.005 5
rollout absorbing mlp 0.005 6
rollout absorbing mlp 0.005 7
rollout absorbing mlp 0.005 8
rollout absorbing mlp 0.005 9
rollout absorbing mlp 0.005 10
rollout absorbing mlp 0.005 11
rollout absorbing mlp 0.005 12
rollout absorbing mlp 0.005 13
rollout absorbing mlp 0.005 14
rollout absorbing mlp 0.005 15
rollout absorbing mlp 0.0025 0
rollout absorbing mlp 0.0025 1
rollout absorbing mlp 0.0025 2
rollout absorbing mlp 0.0025 3
rollout absorbing mlp 0.0025 4
rollout absorbing mlp 0.0025 5
rollout absorbing mlp 0.0025 6
rollout absorbing mlp 0.0025 7
rollout absorbing mlp 0.0025 8
rollout absorbing mlp 0.0025 9
rollout absorbing mlp 0.0025 10
rollout absorbing mlp 0.0025 11
rollout absorbing mlp 0.0025 12
rollout absorbing mlp 0.0025 13
rollout absorbing mlp 0.0025 14
rollout absorbing mlp 0.0025 15
rollout absorbing mlp 0.00125 0
rollout absorbing mlp 0.00125 1
rollout absorbing mlp 0.00125 2
rollout absorbing mlp 0.00125 3
rollout absorbing mlp 0.00125 4
rollout absorbing mlp 0.00125 5
rollout absorbing mlp 0.00125 6
rollout absorbing mlp 0.00125 7
rollout absorbing mlp 0.00125 8
rollout absorbing mlp 0.00125 9
rollout absorbing mlp 0.00125 10
rollout absorbing mlp 0.00125 11
rollout absorbing mlp 0.00125 12
rollout absorbing mlp 0.00125 13
rollout absorbing mlp 0.00125 14
rollout absorbing mlp 0.00125 15
head quadratic 0.0 691201 0 0.000898531380799252 0.0008978191964103438 0.0
head quadratic 0.0 691201 200 0.004713240283656057 0.004712309875401466 0.0
head quadratic 0.0 691201 400 0.006620510100118934 0.006619560552794885 0.0
head quadratic 0.0 691201 600 0.0023200419239655778 0.002319425770042982 0.0
head quadratic 0.0 691201 800 0.0021038442521361164 0.0021028106974569005 0.0
head quadratic 0.0 691201 1000 0.01726980423350309 0.017268853596624237 0.0
head quadratic 0.0 691201 1200 0.003923901776948805 0.003922703007333259 0.0
head quadratic 0.0 691201 1400 0.003179754561262802 0.003178679097880571 0.0
head quadratic 0.0 691201 1600 0.0030270443317657095 0.0030263962989006397 0.0
head quadratic 0.0 691201 1800 0.007889882631791072 0.007888970158712457 0.0
head quadratic 0.0 691201 2000 0.002957108586173562 0.0029563649037956156 0.0
head quadratic 0.0 691201 2200 0.005773436539522702 0.005772534349884287 0.0
head quadratic 0.0 691201 2400 0.0013842829471924336 0.0013836453452143703 0.0
head quadratic 0.0 691201 2600 0.0013925228998256992 0.0013917769714127397 0.0
head quadratic 0.0 691201 2800 0.002261268440628495 0.0022606102998561596 0.0
head quadratic 0.0 691201 3000 0.0009244100633759547 0.0009238270607359727 0.0
head quadratic 0.0 691201 3200 0.001311789927226619 0.001311373114363009 0.0
head quadratic 0.0 691201 3400 0.0011974387324763308 0.0011966891559506375 0.0
head quadratic 0.0 691201 3600 0.001119959642740064 0.0011192338400504924 0.0
head quadratic 0.0 691201 3800 0.002014928018193344 0.00201433340947492 0.0
head quadratic 0.0 691201 4000 0.0008779821321487496 0.0008773638038239084 0.0
head quadratic 0.0 691201 4200 0.000880212392961846 0.0008795740689789024 0.0
head quadratic 0.0 691201 4400 0.0011111425192950714 0.0011104151804061813 0.0
head quadratic 0.0 691201 4600 0.001078193907143529 0.0010774531501309675 0.0
head quadratic 0.0 691201 4800 0.0005734629694914701 0.0005728851771768667 0.0
head quadratic 0.0 691201 5000 0.000775004011670358 0.0007739719996356705 0.0
head quadratic 0.0 691201 5200 0.0006032469173300452 0.0006024060525813235 0.0
head quadratic 0.0 691201 5400 0.00041324460468710497 0.0004125710309303981 0.0
head quadratic 0.0 691201 5600 0.0008755826906645301 0.0008747173999557296 0.0
head quadratic 0.0 691201 5800 0.00033487417685930425 0.0003343079640028708 0.0
head quadratic 0.0 691201 6000 0.0003000027832367654 0.00029961789541715455 0.0
head quadratic 0.0 691201 6200 0.00023526309872947486 0.00023495197309508575 0.0
head quadratic 0.0 691201 6400 0.0005373525015985326 0.0005363027197055189 0.0
head quadratic 0.0 691201 6600 0.00038244082721835496 0.0003819783704181583 0.0
head quadratic 0.0 691201 6800 0.00036417177229327593 0.0003634608367805721 0.0
head quadratic 0.0 691201 7000 0.00022071809581734644 0.00022029655833082125 0.0
head quadratic 0.0 691201 7200 0.00030046693661329007 0.0002999401004932606 0.0
head quadratic 0.0 691201 7400 0.0002671706645925537 0.0002663308977139167 0.0
head quadratic 0.0 691201 7600 0.00023659592142458302 0.00023588985858270111 0.0
head quadratic 0.0 691201 7800 0.00022266602286637708 0.00022182744379043885 0.0
head quadratic 0.0 691201 8000 0.00017614657016652564 0.00017553972108210418 0.0
head quadratic 0.0 691201 8200 0.00015947595140431954 0.00015901058949272786 0.0
head quadratic 0.0 691201 8400 0.000167191246877854 0.00016662630071123688 0.0
head quadratic 0.0 691201 8600 0.00017308862841979456 0.00017234747350358307 0.0
head quadratic 0.0 691201 8800 0.00016499490702466435 0.00016441870680285943 0.0
head quadratic 0.0 691201 9000 0.00015397575425238442 0.00015332668098043528 0.0
head quadratic 0.0 691201 9200 0.00016116066753453753 0.00016065633695074542 0.0
head quadratic 0.0 691201 9400 0.00014365227422654422 0.00014292104281468938 0.0
head quadratic 0.0 691201 9600 0.00013259722750883664 0.00013193815183649437 0.0
head quadratic 0.0 691201 9800 0.00018381389220568212 0.00018309487762997913 0.0
head quadratic 0.0 691201 9999 0.00019088576205311382 0.00019025296097927052 0.0
rollout absorbing quadratic 0.005 0
rollout absorbing quadratic 0.005 1
rollout absorbing quadratic 0.005 2
rollout absorbing quadratic 0.005 3
rollout absorbing quadratic 0.005 4
rollout absorbing quadratic 0.005 5
rollout absorbing quadratic 0.005 6
rollout absorbing quadratic 0.005 7
rollout absorbing quadratic 0.005 8
rollout absorbing quadratic 0.005 9
rollout absorbing quadratic 0.005 10
rollout absorbing quadratic 0.005 11
rollout absorbing quadratic 0.005 12
rollout absorbing quadratic 0.005 13
rollout absorbing quadratic 0.005 14
rollout absorbing quadratic 0.005 15
rollout absorbing quadratic 0.0025 0
rollout absorbing quadratic 0.0025 1
rollout absorbing quadratic 0.0025 2
rollout absorbing quadratic 0.0025 3
rollout absorbing quadratic 0.0025 4
rollout absorbing quadratic 0.0025 5
rollout absorbing quadratic 0.0025 6
rollout absorbing quadratic 0.0025 7
rollout absorbing quadratic 0.0025 8
rollout absorbing quadratic 0.0025 9
rollout absorbing quadratic 0.0025 10
rollout absorbing quadratic 0.0025 11
rollout absorbing quadratic 0.0025 12
rollout absorbing quadratic 0.0025 13
rollout absorbing quadratic 0.0025 14
rollout absorbing quadratic 0.0025 15
rollout absorbing quadratic 0.00125 0
rollout absorbing quadratic 0.00125 1
rollout absorbing quadratic 0.00125 2
rollout absorbing quadratic 0.00125 3
rollout absorbing quadratic 0.00125 4
rollout absorbing quadratic 0.00125 5
rollout absorbing quadratic 0.00125 6
rollout absorbing quadratic 0.00125 7
rollout absorbing quadratic 0.00125 8
rollout absorbing quadratic 0.00125 9
rollout absorbing quadratic 0.00125 10
rollout absorbing quadratic 0.00125 11
rollout absorbing quadratic 0.00125 12
rollout absorbing quadratic 0.00125 13
rollout absorbing quadratic 0.00125 14
rollout absorbing quadratic 0.00125 15
head mlp 1.0 691201 0 0.0030806427181387084 0.0008978191964103438 0.0021821113373394563
head mlp 1.0 691201 200 0.0072401297077863865 0.0031155316793326556 0.00412366833945663
head mlp 1.0 691201 400 0.004844162015333898 0.002275806405106394 0.0025674014585694988
head mlp 1.0 691201 600 0.0029318362642124303 0.001554166943813925 0.001377048085961785
head mlp 1.0 691201 800 0.004605050691504164 0.002499160699813839 0.0021048536565561305
head mlp 1.0 691201 1000 0.0053585194266076355 0.0036257471438714416 0.0017318408646028335
head mlp 1.0 691201 1200 0.003668698687877073 0.0022372705892089615 0.0014302461535736011
head mlp 1.0 691201 1400 0.0019698174210844724 0.0012954770582708733 0.0006732691551259911
head mlp 1.0 691201 1600 0.0015801617349012434 0.0008952254292791307 0.0006842966636756797
head mlp 1.0 691201 1800 0.003552677086646035 0.0020559532040664214 0.0014958145637930299
head mlp 1.0 691201 2000 0.0016893335940030391 0.000969236066579853 0.0007193671325280376
head mlp 1.0 691201 2200 0.0021536330780567016 0.001295592265105869 0.0008571596836412757
head mlp 1.0 691201 2400 0.002432841201988216 0.0016182581886617596 0.0008139709125080784
head mlp 1.0 691201 2600 0.001205530326295372 0.0006903694827943886 0.0005144641945999279
head mlp 1.0 691201 2800 0.0015875199788669434 0.0009442845013454713 0.0006426153814408223
head mlp 1.0 691201 3000 0.0013073814824165228 0.0007302281333014599 0.0005766115123216274
head mlp 1.0 691201 3200 0.0010103716113060227 0.000697410276752611 0.0003125707840371371
head mlp 1.0 691201 3400 0.000956776815426259 0.0004920450973270265 0.00046404462389903285
head mlp 1.0 691201 3600 0.0014821196242458476 0.0008153730066682976 0.000666069286933691
head mlp 1.0 691201 3800 0.0010019799338735565 0.0005870698843450676 0.0004143658405952477
head mlp 1.0 691201 4000 0.000884695241830486 0.00046455565246687053 0.000419573313634135
head mlp 1.0 691201 4200 0.0010832954062282576 0.0005375652327572181 0.0005451434296505478
head mlp 1.0 691201 4400 0.0008579379819226254 0.0005081551006580437 0.0003491119409185472
head mlp 1.0 691201 4600 0.0006858129221366173 0.0003282114065779226 0.00035692016369595907
head mlp 1.0 691201 4800 0.0006743506220994457 0.0002921472368110167 0.0003816634498201314
head mlp 1.0 691201 5000 0.0009507369442931482 0.0005056774310459027 0.0004440872912694401
head mlp 1.0 691201 5200 0.0005462670253319162 0.0002718056875078343 0.00027367619639766087
head mlp 1.0 691201 5400 0.00048499555906339817 0.00024413392429541164 0.00024026017389407417
head mlp 1.0 691201 5600 0.0009846611761118594 0.0006017100538072421 0.00038213825320068174
head mlp 1.0 691201 5800 0.0003946298829975538 0.00019276072037650377 0.00020136245893524721
head mlp 1.0 691201 6000 0.000308124516574499 0.00014529837063695307 0.00016248705883257366
head mlp 1.0 691201 6200 0.00025608026262837456 0.00011084366567796086 0.00014495817532864314
head mlp 1.0 691201 6400 0.0004446477752959347 0.00020176311067849164 0.00024192081763467477
head mlp 1.0 691201 6600 0.0003337990217898749 0.0001326142581742198 0.00020077549573393238
head mlp 1.0 691201 6800 0.0003415298248578923 0.0001541280850745066 0.00018675929090068157
head mlp 1.0 691201 7000 0.00023849026106618942 0.00011780119451478138 0.00012031006445492622
head mlp 1.0 691201 7200 0.0002460874469666081 0.00011103455953521068 0.00013457014747157112
head mlp 1.0 691201 7400 0.0002841902401343402 0.0001180968567602512 0.00016533891969203472
head mlp 1.0 691201 7600 0.0002478272054370324 0.00010594307560013553 0.0001412441595070886
head mlp 1.0 691201 7800 0.000248269833714756 0.00011168515031396411 0.00013584345485858945
head mlp 1.0 691201 8000 0.00022217834937980223 8.085205968330343e-05 0.00014077190900369
head mlp 1.0 691201 8200 0.00021445544821981863 8.375685621440926e-05 0.00013028802954032407
head mlp 1.0 691201 8400 0.00018196229969165973 6.886135528951683e-05 0.00011259376664848878
head mlp 1.0 691201 8600 0.00019343114630385378 7.644559073988972e-05 0.00011632254568746626
head mlp 1.0 691201 8800 0.0001670372948927047 6.973188127845088e-05 9.679281262097209e-05
head mlp 1.0 691201 9000 0.00016877424751353696 7.605380303039886e-05 9.213896956603345e-05
head mlp 1.0 691201 9200 0.00020285960903004645 7.619432679284395e-05 0.0001262121722365449
head mlp 1.0 691201 9400 0.0001707178546385547 6.494731694921848e-05 0.00010512234681676397
head mlp 1.0 691201 9600 0.00015285089898386682 5.9352576597159325e-05 9.290294770281443e-05
head mlp 1.0 691201 9800 0.00017304475728424485 6.5360112568184e-05 0.00010704027171835544
head mlp 1.0 691201 9999 0.00019846313375884608 6.8317190649373e-05 0.00012957551015727677
rollout absorbing mlp 0.005 0
rollout absorbing mlp 0.005 1
rollout absorbing mlp 0.005 2
rollout absorbing mlp 0.005 3
rollout absorbing mlp 0.005 4
rollout absorbing mlp 0.005 5
rollout absorbing mlp 0.005 6
rollout absorbing mlp 0.005 7
rollout absorbing mlp 0.005 8
rollout absorbing mlp 0.005 9
rollout absorbing mlp 0.005 10
rollout absorbing mlp 0.005 11
rollout absorbing mlp 0.005 12
rollout absorbing mlp 0.005 13
rollout absorbing mlp 0.005 14
rollout absorbing mlp 0.005 15
rollout absorbing mlp 0.0025 0
rollout absorbing mlp 0.0025 1
rollout absorbing mlp 0.0025 2
rollout absorbing mlp 0.0025 3
rollout absorbing mlp 0.0025 4
rollout absorbing mlp 0.0025 5
rollout absorbing mlp 0.0025 6
rollout absorbing mlp 0.0025 7
rollout absorbing mlp 0.0025 8
rollout absorbing mlp 0.0025 9
rollout absorbing mlp 0.0025 10
rollout absorbing mlp 0.0025 11
rollout absorbing mlp 0.0025 12
rollout absorbing mlp 0.0025 13
rollout absorbing mlp 0.0025 14
rollout absorbing mlp 0.0025 15
rollout absorbing mlp 0.00125 0
rollout absorbing mlp 0.00125 1
rollout absorbing mlp 0.00125 2
rollout absorbing mlp 0.00125 3
rollout absorbing mlp 0.00125 4
rollout absorbing mlp 0.00125 5
rollout absorbing mlp 0.00125 6
rollout absorbing mlp 0.00125 7
rollout absorbing mlp 0.00125 8
rollout absorbing mlp 0.00125 9
rollout absorbing mlp 0.00125 10
rollout absorbing mlp 0.00125 11
rollout absorbing mlp 0.00125 12
rollout absorbing mlp 0.00125 13
rollout absorbing mlp 0.00125 14
rollout absorbing mlp 0.00125 15
head quadratic 1.0 691201 0 0.0030806427181387084 0.0008978191964103438 0.0021821113373394563
head quadratic 1.0 691201 200 0.0073095581652657185 0.003907662918302032 0.0034009687569222648
head quadratic 1.0 691201 400 0.005598989109432079 0.0037242068812637632 0.0018738333809957108
head quadratic 1.0 691201 600 0.0031039348201508518 0.0020278544232737814 0.0010754631225356303
head quadratic 1.0 691201 800 0.004564063732624886 0.003070322330421049 0.0014927091014337725
head quadratic 1.0 691201 1000 0.02341293944651553 0.0218014067085923 0.001610600299394373
head quadratic 1.0 691201 1200 0.0043621829871975226 0.0032489969218959026 0.0011120033615534429
head quadratic 1.0 691201 1400 0.00349789449072999 0.0026204390256286837 0.0008763907280310494
head quadratic 1.0 691201 1600 0.0022117444531402136 0.0014026128514519841 0.0008084827376662034
head quadratic 1.0 691201 1800 0.006000038580240683 0.004555358101860818 0.001443765232805354
head quadratic 1.0 691201 2000 0.0033251546831921954 0.0025845827677382577 0.0007398281885878022
head quadratic 1.0 691201 2200 0.009645982360609111 0.008353496708789356 0.0012915993667077315
head quadratic 1.0 691201 2400 0.0022304445795507544 0.0015101715464951274 0.0007196497928777406
head quadratic 1.0 691201 2600 0.0015642346165502304 0.0010190134794767999 0.0005445068895903987
head quadratic 1.0 691201 2800 0.003473713071019743 0.0025485347044717295 0.0009245485041702102
head quadratic 1.0 691201 3000 0.001387390234302316 0.0008324445492637504 0.0005543753860107034
head quadratic 1.0 691201 3200 0.0009090806038618501 0.0005904273494425811 0.00031824307990396556
head quadratic 1.0 691201 3400 0.0016023771720904683 0.0010590911143354958 0.0005425764670654773
head quadratic 1.0 691201 3600 0.0016315441607147648 0.0010352263269564192 0.0005956099379980618
head quadratic 1.0 691201 3800 0.001719113440787665 0.0011528824604933414 0.0005656441405882402
head quadratic 1.0 691201 4000 0.0014103640272930202 0.0009425511065070918 0.0004671960555352765
head quadratic 1.0 691201 4200 0.0015394909819699658 0.0008984680651801636 0.0006403997831552253
head quadratic 1.0 691201 4400 0.0013163043124119964 0.0008781171744093465 0.00043748810401595593
head quadratic 1.0 691201 4600 0.0013059601879587513 0.0008190452358883007 0.00048620009854376755
head quadratic 1.0 691201 4800 0.0010845719951676715 0.0005617627431989845 0.000522247226499974
head quadratic 1.0 691201 5000 0.001352605752890976 0.0008568027783895763 0.0004947805697702032
head quadratic 1.0 691201 5200 0.0010858789118041543 0.0006804503737419885 0.000404599617401215
head quadratic 1.0 691201 5400 0.0007735945617188076 0.00044273228416988965 0.0003302511378051202
head quadratic 1.0 691201 5600 0.0015370556523368658 0.00113280627315193 0.00040338926806065997
head quadratic 1.0 691201 5800 0.0007131400642074533 0.0004038323413131131 0.0003087516029050067
head quadratic 1.0 691201 6000 0.0005225411397014948 0.00027426017775094864 0.0002479089303842357
head quadratic 1.0 691201 6200 0.00048364288470621064 0.0002657720473689034 0.00021756609342337492
head quadratic 1.0 691201 6400 0.0008258780132498045 0.00045308334415243264 0.0003717579179461388
head quadratic 1.0 691201 6600 0.0005263533689072879 0.00030061666763278377 0.0002252939244141727
head quadratic 1.0 691201 6800 0.0006589236614420264 0.00035465384952922704 0.00030358874986077973
head quadratic 1.0 691201 7000 0.000407595988404103 0.00022157405674858168 0.00018560878581172307
head quadratic 1.0 691201 7200 0.0005047089841982348 0.0002734367357725263 0.00023075748541542297
head quadratic 1.0 691201 7400 0.0005813246584723291 0.00031993821479622136 0.00026061050723699957
head quadratic 1.0 691201 7600 0.0004266494937990352 0.00021921517072332646 0.00020674605393803945
head quadratic 1.0 691201 7800 0.0004966121673062656 0.0002615592807390646 0.00023425388204270178
head quadratic 1.0 691201 8000 0.00038187316508010596 0.00019280858008553564 0.00018847875905327077
head quadratic 1.0 691201 8200 0.00040930719202776536 0.00018534292502211843 0.00022349604740170523
head quadratic 1.0 691201 8400 0.0003439606111946424 0.0001652630811930084 0.00017815857485339602
head quadratic 1.0 691201 8600 0.0003830660218682786 0.00019677182944009635 0.00018560808697260946
head quadratic 1.0 691201 8800 0.0003249769977428203 0.00016737311938246877 0.0001570590944901915
head quadratic 1.0 691201 9000 0.0003249593709908429 0.00016515035463434444 0.00015917594685815428
head quadratic 1.0 691201 9200 0.00038364650597921634 0.00017482434809608165 0.00020832830935237307
head quadratic 1.0 691201 9400 0.00032394965489926066 0.0001569455298977709 0.0001663103839150147
head quadratic 1.0 691201 9600 0.0003393564127459372 0.00015615688125907723 0.0001825828832468432
head quadratic 1.0 691201 9800 0.0003570676925634229 0.00018169584848351668 0.00017467117894844316
head quadratic 1.0 691201 9999 0.0003848387086771255 0.00019025532326461534 0.00019397998989264265
rollout absorbing quadratic 0.005 0
rollout absorbing quadratic 0.005 1
rollout absorbing quadratic 0.005 2
rollout absorbing quadratic 0.005 3
rollout absorbing quadratic 0.005 4
rollout absorbing quadratic 0.005 5
rollout absorbing quadratic 0.005 6
rollout absorbing quadratic 0.005 7
rollout absorbing quadratic 0.005 8
rollout absorbing quadratic 0.005 9
rollout absorbing quadratic 0.005 10
rollout absorbing quadratic 0.005 11
rollout absorbing quadratic 0.005 12
rollout absorbing quadratic 0.005 13
rollout absorbing quadratic 0.005 14
rollout absorbing quadratic 0.005 15
rollout absorbing quadratic 0.0025 0
rollout absorbing quadratic 0.0025 1
rollout absorbing quadratic 0.0025 2
rollout absorbing quadratic 0.0025 3
rollout absorbing quadratic 0.0025 4
rollout absorbing quadratic 0.0025 5
rollout absorbing quadratic 0.0025 6
rollout absorbing quadratic 0.0025 7
rollout absorbing quadratic 0.0025 8
rollout absorbing quadratic 0.0025 9
rollout absorbing quadratic 0.0025 10
rollout absorbing quadratic 0.0025 11
rollout absorbing quadratic 0.0025 12
rollout absorbing quadratic 0.0025 13
rollout absorbing quadratic 0.0025 14
rollout absorbing quadratic 0.0025 15
rollout absorbing quadratic 0.00125 0
rollout absorbing quadratic 0.00125 1
rollout absorbing quadratic 0.00125 2
rollout absorbing quadratic 0.00125 3
rollout absorbing quadratic 0.00125 4
rollout absorbing quadratic 0.00125 5
rollout absorbing quadratic 0.00125 6
rollout absorbing quadratic 0.00125 7
rollout absorbing quadratic 0.00125 8
rollout absorbing quadratic 0.00125 9
rollout absorbing quadratic 0.00125 10
rollout absorbing quadratic 0.00125 11
rollout absorbing quadratic 0.00125 12
rollout absorbing quadratic 0.00125 13
rollout absorbing quadratic 0.00125 14
rollout absorbing quadratic 0.00125 15
fresh_campaign_complete
