13:49:30 submitting b4096tr
13:49:37 submitted b4096tr: Submitted batch job 4288583
13:49:43 submitting b512don
13:49:50 submitted b512don: Submitted batch job 4288587
13:49:55 submitting h4096fno
13:50:01 submitted h4096fno: Submitted batch job 4288598
ssh_askpass: exec(/usr/bin/ssh-askpass): No such file or directory
Permission denied, please try again.
ssh_askpass: exec(/usr/bin/ssh-askpass): No such file or directory
Permission denied, please try again.
ssh_askpass: exec(/usr/bin/ssh-askpass): No such file or directory
tawal01@login-prod.pax.tufts.edu: Permission denied (publickey,gssapi-keyex,gssapi-with-mic,password).
14:39:39 submitting h4096unet
14:39:40 submit h4096unet failed rc=0
4288583 g2d_b4096tr PENDING 0:00 (QOSMaxGRESPerUser)
4288587 g2d_b512don RUNNING 44:22 pax003
group cap: 3 g2d jobs running/pending
14:41:46 submitting h4096unet
14:42:49 submit h4096unet failed rc=0
4288587 g2d_b512don RUNNING 46:28 pax003
kex_exchange_identification: read: Connection reset by peer
Connection reset by 10.246.224.30 port 22
14:42:57 submitting h4096tran
14:44:08 submit h4096tran failed rc=0
Permission denied, please try again.
ssh_askpass: exec(/usr/bin/ssh-askpass): No such file or directory
tawal01@login-prod.pax.tufts.edu: Permission denied (publickey,gssapi-keyex,gssapi-with-mic,password).
14:44:14 submitting h4096deep
14:44:20 submitted h4096deep: Submitted batch job 4290390
14:46:44 submitting h4096unet
14:46:50 submitted h4096unet: Submitted batch job 4290468
14:46:57 submitting pb512
14:47:04 submitted pb512: Submitted batch job 4290476
14:53:11 submitting h4096tran
14:53:17 submitted h4096tran: Submitted batch job 4290668
14:55:23 submitting b4096tb
14:55:29 submitted b4096tb: Submitted batch job 4290745
Connection timed out during banner exchange
Connection to 10.246.224.31 port 22 timed out
15:44:07 submitting h4096deepb
Connection timed out during banner exchange
Connection to 10.246.224.31 port 22 timed out
15:47:08 submitting b4096tc
15:47:31 submit b4096tc failed rc=0
4290468 g2d_h4096unet PENDING 0:00 (Priority)
Connection timed out during banner exchange
Connection to 10.246.224.31 port 22 timed out
15:47:37 submitting h4096deepb
15:48:13 submitted h4096deepb: Submitted batch job 4293111
Connection timed out during banner exchange
Connection to 10.246.224.31 port 22 timed out
Connection timed out during banner exchange
Connection to 10.246.224.31 port 22 timed out
Connection timed out during banner exchange
Connection to 10.246.224.31 port 22 timed out
Connection timed out during banner exchange
Connection to 10.246.224.31 port 22 timed out
16:07:44 submitting b4096tc
16:07:51 submitted b4096tc: Submitted batch job 4293779
17:29:32 submitting pb4096
17:29:39 submitted pb4096: Submitted batch job 4297869
17:31:35 submitting t256ub64
17:31:42 submitted t256ub64: Submitted batch job 4298027
17:31:48 submitting t256ff32
17:31:54 submitted t256ff32: Submitted batch job 4298038
17:32:00 submitting t512ur
17:32:06 submitted t512ur: Submitted batch job 4298045
17:32:12 submitting t512ul
17:32:18 submitted t512ul: Submitted batch job 4298056
17:32:24 submitting t512ff32
17:32:31 submitted t512ff32: Submitted batch job 4298069
17:32:36 submitting t512tr
17:32:43 submitted t512tr: Submitted batch job 4298073
18:23:04 submitting pl256
18:23:30 submitted pl256: Submitted batch job 4301382
18:23:36 submitting t512fl
18:23:43 submitted t512fl: Submitted batch job 4301388
18:23:49 submitting t512ub64
18:23:56 submitted t512ub64: Submitted batch job 4301403
18:24:02 submitting t512tl
18:24:09 submitted t512tl: Submitted batch job 4301409
18:24:15 submitting t512ds
18:24:23 submitted t512ds: Submitted batch job 4301417
18:24:31 submitting t1024ul
18:24:38 submitted t1024ul: Submitted batch job 4301425
18:34:50 submitting t1024ub64
18:34:57 submitted t1024ub64: Submitted batch job 4301751
18:51:11 submitting t1024ff32
18:51:18 submitted t1024ff32: Submitted batch job 4302253
19:15:35 submitting pl512
19:15:42 submitted pl512: Submitted batch job 4302973
19:15:47 submitting t1024tl
19:15:55 submitted t1024tl: Submitted batch job 4302986
19:16:00 submitting h1024ul
19:16:07 submitted h1024ul: Submitted batch job 4302990
19:18:13 submitting h1024ub64
19:18:20 submitted h1024ub64: Submitted batch job 4303050
19:26:27 submitting h1024ff32
19:26:34 submitted h1024ff32: Submitted batch job 4303275
19:28:44 submitting phl4096
19:28:51 submitted phl4096: Submitted batch job 4303352
19:45:04 submitting t2048ul
19:45:12 submitted t2048ul: Submitted batch job 4303798
20:07:27 submitting h256unet
20:07:33 submitted h256unet: Submitted batch job 4304425
20:09:42 submitting pl1024
20:09:58 submitted pl1024: Submitted batch job 4304490
20:10:04 submitting h256fno
20:10:11 submitted h256fno: Submitted batch job 4304495
20:18:20 submitting phl1024
20:18:30 submitted phl1024: Submitted batch job 4305095
20:24:37 submitting h256tran
20:24:43 submitted h256tran: Submitted batch job 4305285
20:30:50 submitting h256ul
20:30:57 submitted h256ul: Submitted batch job 4305482
20:43:06 submitting h256ff32
20:43:13 submitted h256ff32: Submitted batch job 4305805
20:59:24 submitting h256deep
20:59:30 submitted h256deep: Submitted batch job 4306588
20:59:38 submitting h512unet
20:59:45 submitted h512unet: Submitted batch job 4306597
21:01:53 submitting h512fno
21:01:59 submitted h512fno: Submitted batch job 4306651
21:16:11 submitting h512tran
21:16:18 submitted h512tran: Submitted batch job 4307030
21:22:28 submitting h512ul
21:22:36 submitted h512ul: Submitted batch job 4307200
21:31:06 submitting h512ff32
21:31:14 submitted h512ff32: Submitted batch job 4307409
21:31:19 submitting h512deep
21:31:26 submitted h512deep: Submitted batch job 4307420
21:31:35 submitting t2048ub64
21:31:42 submitted t2048ub64: Submitted batch job 4307425
21:31:47 submitting t2048ff32
21:31:55 submitted t2048ff32: Submitted batch job 4307433
21:34:06 submitting t2048tl
21:34:14 submitted t2048tl: Submitted batch job 4307502
21:50:27 submitting phl256
21:50:34 submitted phl256: Submitted batch job 4307911
21:50:42 submitting h2048ul
21:50:48 submitted h2048ul: Submitted batch job 4307919
21:52:57 submitting h2048ub64
21:53:04 submitted h2048ub64: Submitted batch job 4307977
21:59:15 submitting h2048ff32
21:59:22 submitted h2048ff32: Submitted batch job 4308141
22:07:35 submitting h4096u2
22:07:42 submitted h4096u2: Submitted batch job 4308349
22:09:50 submitting t4096ts
22:09:58 submitted t4096ts: Submitted batch job 4308421
22:10:03 submitting t4096dn
22:10:11 submitted t4096dn: Submitted batch job 4308432
22:10:17 submitting t4096ul
22:10:25 submitted t4096ul: Submitted batch job 4308439
22:10:30 submitting t4096ff32
22:10:38 submitted t4096ff32: Submitted batch job 4308445
22:35:33 submitting pl2048
22:35:49 submitted pl2048: Submitted batch job 4309160
22:44:05 submitting pl4096
22:44:13 submitted pl4096: Submitted batch job 4309401
queue empty
