--- squeue before
4308141 g2d_h2048ff32 RUNNING 8:08 pax050
4307977 g2d_h2048ub64 RUNNING 14:09 pax050
4307919 g2d_h2048ul RUNNING 16:39 pax050
4307502 g2d_t2048tl RUNNING 33:11 pax050
4307425 g2d_t2048ub64 RUNNING 35:42 pax105
4307433 g2d_t2048ff32 RUNNING 35:42 pax105
4307409 g2d_h512ff32 RUNNING 36:12 pax050
4307420 g2d_h512deep RUNNING 36:12 pax050
4307200 g2d_h512ul RUNNING 44:43 pax105
Submitted batch job 4308349
--- squeue after
4308349 g2d_h4096u2 PENDING 0:00 (Priority)
4308141 g2d_h2048ff32 RUNNING 8:14 pax050
4307977 g2d_h2048ub64 RUNNING 14:15 pax050
4307919 g2d_h2048ul RUNNING 16:45 pax050
4307502 g2d_t2048tl RUNNING 33:17 pax050
4307425 g2d_t2048ub64 RUNNING 35:48 pax105
4307433 g2d_t2048ff32 RUNNING 35:48 pax105
4307409 g2d_h512ff32 RUNNING 36:18 pax050
4307420 g2d_h512deep RUNNING 36:18 pax050
4307200 g2d_h512ul RUNNING 44:49 pax105
