--- squeue before
4307425 g2d_t2048ub64 RUNNING 2:13 pax105
4307433 g2d_t2048ff32 RUNNING 2:13 pax105
4307409 g2d_h512ff32 RUNNING 2:43 pax050
4307420 g2d_h512deep RUNNING 2:43 pax050
4307200 g2d_h512ul RUNNING 11:14 pax105
4307030 g2d_h512tran RUNNING 17:44 pax105
4306651 g2d_h512fno RUNNING 31:46 pax050
4306588 g2d_h256deep RUNNING 34:16 pax050
4306597 g2d_h512unet RUNNING 34:16 pax050
Submitted batch job 4307502
--- squeue after
4307502 g2d_t2048tl PENDING 0:00 (Priority)
4307425 g2d_t2048ub64 RUNNING 2:20 pax105
4307433 g2d_t2048ff32 RUNNING 2:20 pax105
4307409 g2d_h512ff32 RUNNING 2:50 pax050
4307420 g2d_h512deep RUNNING 2:50 pax050
4307200 g2d_h512ul RUNNING 11:21 pax105
4307030 g2d_h512tran RUNNING 17:51 pax105
4306651 g2d_h512fno RUNNING 31:53 pax050
4306588 g2d_h256deep RUNNING 34:23 pax050
4306597 g2d_h512unet RUNNING 34:23 pax050
