--- squeue before
4307502 g2d_t2048tl RUNNING 16:02 pax050
4307425 g2d_t2048ub64 RUNNING 18:33 pax105
4307433 g2d_t2048ff32 RUNNING 18:33 pax105
4307409 g2d_h512ff32 RUNNING 19:03 pax050
4307420 g2d_h512deep RUNNING 19:03 pax050
4307200 g2d_h512ul RUNNING 27:34 pax105
4307030 g2d_h512tran RUNNING 34:04 pax105
4306651 g2d_h512fno RUNNING 48:06 pax050
Submitted batch job 4307911
--- squeue after
4307911 g2d_phl256 PENDING 0:00 (Priority)
4307502 g2d_t2048tl RUNNING 16:09 pax050
4307425 g2d_t2048ub64 RUNNING 18:40 pax105
4307433 g2d_t2048ff32 RUNNING 18:40 pax105
4307409 g2d_h512ff32 RUNNING 19:10 pax050
4307420 g2d_h512deep RUNNING 19:10 pax050
4307200 g2d_h512ul RUNNING 27:41 pax105
4307030 g2d_h512tran RUNNING 34:11 pax105
4306651 g2d_h512fno RUNNING 48:13 pax050
