host=pax106  gpu=NVIDIA A100 80GB PCIe  commit=70829fa  cell=obj_K8_S1
jax_backend=gpu cuda:0
jax_backend=gpu x64=True
MANIFEST {"pkl": "ms_autodecoder_K8_stages.pkl", "pkl_config": {"N": 64, "n_train": 512, "n_val": 64, "n_stages": 3, "steps": 20000, "batch": 32, "p_sub": 1024, "hidden": 128, "n_layers": 4, "peak_lr": 0.002, "const_lr": 0, "lbfgs_steps": 0, "z_ff": 0, "freq_margin": 4, "seed": 0, "K_LAT": 8, "lat_lr": 0.005, "lat_reg": 0.0001, "adam_infer_steps": 1500, "n_test": 16, "gn_iters": 60, "m_eq": 512}, "ns": 1, "n_test": 16, "gn_iters": 60, "hard_bc": 0, "objectives": ["fd", "spec_a0_M64", "spec_a0_M256", "spec_a0_M1024", "spec_a0.5_M64", "spec_a0.5_M256", "spec_a0.5_M1024", "spec_a0.5_Mall", "spec_a1_M64", "spec_a1_M256", "spec_a1_M1024", "spec_a1_Mall", "ritz", "cg5", "cg20", "lowpass2", "lowpass4", "lowpass8"], "inits": ["mean", "nearest", "encoder"], "enc_steps": 3000, "backend": "gpu"}
  FOM: 576 CG solves in 5s, max rel residual over all samples 4.29e-13
ENCODER train-mse 2.06e-05  plug-in held-out rel-L2 3.179e-01 (med 1.928e-01)
ORACLE (data-misfit LM, same budget): mean=2.577e-02  nearest=7.777e-03  encoder=7.777e-03  [6s]
RESULT obj=fd               init=mean     ROM 2.198e-01 (med 6.444e-02 max 9.353e-01) oracle 2.577e-02 | obj lm 9.868e-01 or 1.006e+00 (lm<=or 12/16) | fd-res lm 9.87e-01 or 1.01e+00 f 5.13e+00 | acc/rej 34/9 {'budget': 5, 'converged': 11} [5s]
RESULT obj=fd               init=nearest  ROM 6.248e-02 (med 5.064e-02 max 1.630e-01) oracle 7.777e-03 | obj lm 8.161e-01 or 1.006e+00 (lm<=or 16/16) | fd-res lm 8.16e-01 or 1.01e+00 f 5.13e+00 | acc/rej 24/0 {'budget': 1, 'converged': 15} [1s]
RESULT obj=fd               init=encoder  ROM 1.132e-01 (med 5.064e-02 max 9.092e-01) oracle 7.777e-03 | obj lm 8.961e-01 or 1.006e+00 (lm<=or 15/16) | fd-res lm 8.96e-01 or 1.01e+00 f 5.13e+00 | acc/rej 24/0 {'budget': 1, 'converged': 15} [1s]
RESULT obj=spec_a0_M64      init=mean     ROM 1.508e-01 (med 1.399e-02 max 8.469e-01) oracle 2.577e-02 | obj lm 1.557e-01 or 1.291e-01 (lm<=or 13/16) | fd-res lm 1.21e+00 or 1.01e+00 f 5.13e+00 | acc/rej 28/8 {'budget': 4, 'converged': 12} [3s]
RESULT obj=spec_a0_M64      init=nearest  ROM 1.345e-02 (med 1.399e-02 max 2.107e-02) oracle 7.777e-03 | obj lm 1.067e-01 or 1.291e-01 (lm<=or 16/16) | fd-res lm 1.06e+00 or 1.01e+00 f 5.13e+00 | acc/rej 16/1 {'converged': 16} [1s]
RESULT obj=spec_a0_M64      init=encoder  ROM 6.826e-02 (med 1.399e-02 max 8.551e-01) oracle 7.777e-03 | obj lm 1.279e-01 or 1.291e-01 (lm<=or 15/16) | fd-res lm 1.09e+00 or 1.01e+00 f 5.13e+00 | acc/rej 14/0 {'budget': 1, 'converged': 15} [1s]
RESULT obj=spec_a0_M256     init=mean     ROM 2.327e-01 (med 5.027e-02 max 9.205e-01) oracle 2.577e-02 | obj lm 6.550e-01 or 5.215e-01 (lm<=or 12/16) | fd-res lm 1.26e+00 or 1.01e+00 f 5.13e+00 | acc/rej 35/10 {'budget': 5, 'converged': 11} [2s]
RESULT obj=spec_a0_M256     init=nearest  ROM 3.825e-02 (med 3.168e-02 max 9.422e-02) oracle 7.777e-03 | obj lm 4.244e-01 or 5.215e-01 (lm<=or 16/16) | fd-res lm 9.92e-01 or 1.01e+00 f 5.13e+00 | acc/rej 16/0 {'budget': 1, 'converged': 15} [1s]
RESULT obj=spec_a0_M256     init=encoder  ROM 1.476e-01 (med 3.595e-02 max 9.255e-01) oracle 7.777e-03 | obj lm 5.436e-01 or 5.215e-01 (lm<=or 14/16) | fd-res lm 1.09e+00 or 1.01e+00 f 5.13e+00 | acc/rej 16/0 {'budget': 2, 'converged': 14} [1s]
RESULT obj=spec_a0_M1024    init=mean     ROM 2.858e-01 (med 7.280e-02 max 9.405e-01) oracle 2.577e-02 | obj lm 1.362e+00 or 9.442e-01 (lm<=or 11/16) | fd-res lm 1.43e+00 or 1.01e+00 f 5.13e+00 | acc/rej 30/10 {'budget': 5, 'converged': 11} [2s]
RESULT obj=spec_a0_M1024    init=nearest  ROM 5.894e-02 (med 4.422e-02 max 1.491e-01) oracle 7.777e-03 | obj lm 7.455e-01 or 9.442e-01 (lm<=or 16/16) | fd-res lm 8.19e-01 or 1.01e+00 f 5.13e+00 | acc/rej 20/0 {'budget': 2, 'converged': 14} [1s]
RESULT obj=spec_a0_M1024    init=encoder  ROM 1.101e-01 (med 4.676e-02 max 9.090e-01) oracle 7.777e-03 | obj lm 8.438e-01 or 9.442e-01 (lm<=or 15/16) | fd-res lm 8.98e-01 or 1.01e+00 f 5.13e+00 | acc/rej 20/0 {'budget': 2, 'converged': 14} [1s]
RESULT obj=spec_a0.5_M64    init=mean     ROM 8.820e-03 (med 7.972e-03 max 1.573e-02) oracle 2.577e-02 | obj lm 5.058e-03 or 5.488e-03 (lm<=or 16/16) | fd-res lm 1.07e+00 or 1.01e+00 f 5.13e+00 | acc/rej 23/4 {'budget': 3, 'converged': 13} [2s]
RESULT obj=spec_a0.5_M64    init=nearest  ROM 8.820e-03 (med 7.972e-03 max 1.573e-02) oracle 7.777e-03 | obj lm 5.058e-03 or 5.488e-03 (lm<=or 16/16) | fd-res lm 1.07e+00 or 1.01e+00 f 5.13e+00 | acc/rej 16/0 {'converged': 16} [1s]
RESULT obj=spec_a0.5_M64    init=encoder  ROM 8.820e-03 (med 7.972e-03 max 1.573e-02) oracle 7.777e-03 | obj lm 5.058e-03 or 5.488e-03 (lm<=or 16/16) | fd-res lm 1.07e+00 or 1.01e+00 f 5.13e+00 | acc/rej 18/0 {'converged': 16} [1s]
RESULT obj=spec_a0.5_M256   init=mean     ROM 9.587e-03 (med 8.044e-03 max 2.061e-02) oracle 2.577e-02 | obj lm 1.209e-02 or 1.266e-02 (lm<=or 16/16) | fd-res lm 1.01e+00 or 1.01e+00 f 5.13e+00 | acc/rej 19/4 {'converged': 16} [2s]
RESULT obj=spec_a0.5_M256   init=nearest  ROM 9.587e-03 (med 8.044e-03 max 2.061e-02) oracle 7.777e-03 | obj lm 1.209e-02 or 1.266e-02 (lm<=or 16/16) | fd-res lm 1.01e+00 or 1.01e+00 f 5.13e+00 | acc/rej 16/0 {'converged': 16} [1s]
RESULT obj=spec_a0.5_M256   init=encoder  ROM 9.587e-03 (med 8.044e-03 max 2.061e-02) oracle 7.777e-03 | obj lm 1.209e-02 or 1.266e-02 (lm<=or 16/16) | fd-res lm 1.01e+00 or 1.01e+00 f 5.13e+00 | acc/rej 17/0 {'converged': 16} [1s]
RESULT obj=spec_a0.5_M1024  init=mean     ROM 1.002e-02 (med 8.331e-03 max 2.100e-02) oracle 2.577e-02 | obj lm 1.517e-02 or 1.648e-02 (lm<=or 16/16) | fd-res lm 9.00e-01 or 1.01e+00 f 5.13e+00 | acc/rej 20/4 {'budget': 1, 'converged': 15} [2s]
RESULT obj=spec_a0.5_M1024  init=nearest  ROM 1.002e-02 (med 8.331e-03 max 2.100e-02) oracle 7.777e-03 | obj lm 1.517e-02 or 1.648e-02 (lm<=or 16/16) | fd-res lm 9.00e-01 or 1.01e+00 f 5.13e+00 | acc/rej 15/0 {'converged': 16} [1s]
RESULT obj=spec_a0.5_M1024  init=encoder  ROM 1.002e-02 (med 8.331e-03 max 2.100e-02) oracle 7.777e-03 | obj lm 1.517e-02 or 1.648e-02 (lm<=or 16/16) | fd-res lm 9.00e-01 or 1.01e+00 f 5.13e+00 | acc/rej 16/0 {'converged': 16} [1s]
RESULT obj=spec_a0.5_Mall   init=mean     ROM 1.002e-02 (med 8.379e-03 max 2.099e-02) oracle 2.577e-02 | obj lm 1.534e-02 or 1.678e-02 (lm<=or 16/16) | fd-res lm 8.98e-01 or 1.01e+00 f 5.13e+00 | acc/rej 22/4 {'budget': 1, 'converged': 15} [2s]
RESULT obj=spec_a0.5_Mall   init=nearest  ROM 1.002e-02 (med 8.379e-03 max 2.099e-02) oracle 7.777e-03 | obj lm 1.534e-02 or 1.678e-02 (lm<=or 16/16) | fd-res lm 8.98e-01 or 1.01e+00 f 5.13e+00 | acc/rej 16/0 {'converged': 16} [1s]
RESULT obj=spec_a0.5_Mall   init=encoder  ROM 1.002e-02 (med 8.379e-03 max 2.099e-02) oracle 7.777e-03 | obj lm 1.534e-02 or 1.678e-02 (lm<=or 16/16) | fd-res lm 8.98e-01 or 1.01e+00 f 5.13e+00 | acc/rej 17/0 {'converged': 16} [1s]
RESULT obj=spec_a1_M64      init=mean     ROM 8.464e-03 (med 7.656e-03 max 1.579e-02) oracle 2.577e-02 | obj lm 2.581e-04 or 2.845e-04 (lm<=or 16/16) | fd-res lm 1.09e+00 or 1.01e+00 f 5.13e+00 | acc/rej 22/4 {'converged': 16} [2s]
RESULT obj=spec_a1_M64      init=nearest  ROM 8.482e-03 (med 7.727e-03 max 1.579e-02) oracle 7.777e-03 | obj lm 2.581e-04 or 2.845e-04 (lm<=or 16/16) | fd-res lm 1.09e+00 or 1.01e+00 f 5.13e+00 | acc/rej 16/0 {'converged': 16} [1s]
RESULT obj=spec_a1_M64      init=encoder  ROM 8.482e-03 (med 7.727e-03 max 1.579e-02) oracle 7.777e-03 | obj lm 2.581e-04 or 2.845e-04 (lm<=or 16/16) | fd-res lm 1.09e+00 or 1.01e+00 f 5.13e+00 | acc/rej 17/0 {'converged': 16} [1s]
RESULT obj=spec_a1_M256     init=mean     ROM 2.586e-02 (med 7.415e-03 max 2.960e-01) oracle 2.577e-02 | obj lm 3.920e-04 or 3.934e-04 (lm<=or 16/16) | fd-res lm 1.05e+00 or 1.01e+00 f 5.13e+00 | acc/rej 22/4 {'budget': 2, 'converged': 14} [2s]
RESULT obj=spec_a1_M256     init=nearest  ROM 7.826e-03 (med 7.405e-03 max 1.433e-02) oracle 7.777e-03 | obj lm 3.920e-04 or 3.934e-04 (lm<=or 16/16) | fd-res lm 1.05e+00 or 1.01e+00 f 5.13e+00 | acc/rej 18/0 {'converged': 16} [1s]
RESULT obj=spec_a1_M256     init=encoder  ROM 7.826e-03 (med 7.405e-03 max 1.433e-02) oracle 7.777e-03 | obj lm 3.920e-04 or 3.934e-04 (lm<=or 16/16) | fd-res lm 1.05e+00 or 1.01e+00 f 5.13e+00 | acc/rej 16/0 {'converged': 16} [1s]
RESULT obj=spec_a1_M1024    init=mean     ROM 2.579e-02 (med 7.403e-03 max 2.957e-01) oracle 2.577e-02 | obj lm 4.213e-04 or 4.214e-04 (lm<=or 16/16) | fd-res lm 1.01e+00 or 1.01e+00 f 5.13e+00 | acc/rej 22/4 {'budget': 2, 'converged': 14} [2s]
RESULT obj=spec_a1_M1024    init=nearest  ROM 7.780e-03 (med 7.396e-03 max 1.432e-02) oracle 7.777e-03 | obj lm 4.213e-04 or 4.214e-04 (lm<=or 16/16) | fd-res lm 1.01e+00 or 1.01e+00 f 5.13e+00 | acc/rej 18/0 {'converged': 16} [1s]
RESULT obj=spec_a1_M1024    init=encoder  ROM 7.780e-03 (med 7.396e-03 max 1.432e-02) oracle 7.777e-03 | obj lm 4.213e-04 or 4.214e-04 (lm<=or 16/16) | fd-res lm 1.01e+00 or 1.01e+00 f 5.13e+00 | acc/rej 16/0 {'converged': 16} [1s]
RESULT obj=spec_a1_Mall     init=mean     ROM 2.579e-02 (med 7.402e-03 max 2.957e-01) oracle 2.577e-02 | obj lm 4.227e-04 or 4.228e-04 (lm<=or 16/16) | fd-res lm 1.01e+00 or 1.01e+00 f 5.13e+00 | acc/rej 22/4 {'budget': 2, 'converged': 14} [2s]
RESULT obj=spec_a1_Mall     init=nearest  ROM 7.780e-03 (med 7.396e-03 max 1.432e-02) oracle 7.777e-03 | obj lm 4.227e-04 or 4.228e-04 (lm<=or 16/16) | fd-res lm 1.01e+00 or 1.01e+00 f 5.13e+00 | acc/rej 18/0 {'converged': 16} [1s]
RESULT obj=spec_a1_Mall     init=encoder  ROM 7.780e-03 (med 7.396e-03 max 1.432e-02) oracle 7.777e-03 | obj lm 4.227e-04 or 4.228e-04 (lm<=or 16/16) | fd-res lm 1.01e+00 or 1.01e+00 f 5.13e+00 | acc/rej 16/0 {'converged': 16} [1s]
RESULT obj=ritz             init=mean     ROM 1.002e-02 (med 8.379e-03 max 2.099e-02) oracle 2.577e-02 | obj lm -8.854e-02 or -6.826e-02 (lm<=or 16/16) | fd-res lm 8.98e-01 or 1.01e+00 f 5.13e+00 | acc/rej 22/26 {'budget': 3, 'lambda_max': 13} [2s]
RESULT obj=ritz             init=nearest  ROM 1.002e-02 (med 8.379e-03 max 2.099e-02) oracle 7.777e-03 | obj lm -8.854e-02 or -8.851e-02 (lm<=or 16/16) | fd-res lm 8.98e-01 or 1.01e+00 f 5.13e+00 | acc/rej 18/25 {'converged': 2, 'budget': 2, 'lambda_max': 12} [1s]
RESULT obj=ritz             init=encoder  ROM 1.002e-02 (med 8.379e-03 max 2.099e-02) oracle 7.777e-03 | obj lm -8.854e-02 or -8.851e-02 (lm<=or 16/16) | fd-res lm 8.98e-01 or 1.01e+00 f 5.13e+00 | acc/rej 20/24 {'lambda_max': 10, 'budget': 2, 'converged': 4} [1s]
RESULT obj=cg5              init=mean     ROM 4.582e-01 (med 5.675e-01 max 9.611e-01) oracle 2.577e-02 | obj lm 4.162e-03 or 3.293e-04 (lm<=or 8/16) | fd-res lm 9.73e+00 or 1.01e+00 f 5.13e+00 | acc/rej 38/22 {'budget': 16} [3s]
RESULT obj=cg5              init=nearest  ROM 2.780e-02 (med 1.330e-02 max 2.111e-01) oracle 7.777e-03 | obj lm 3.179e-04 or 3.293e-04 (lm<=or 15/16) | fd-res lm 1.00e+00 or 1.01e+00 f 5.13e+00 | acc/rej 38/22 {'budget': 16} [2s]
RESULT obj=cg5              init=encoder  ROM 6.208e-02 (med 1.351e-02 max 7.588e-01) oracle 7.777e-03 | obj lm 3.180e-04 or 3.293e-04 (lm<=or 15/16) | fd-res lm 1.01e+00 or 1.01e+00 f 5.13e+00 | acc/rej 38/22 {'budget': 16} [2s]
RESULT obj=cg20             init=mean     ROM 8.454e-03 (med 7.599e-03 max 1.771e-02) oracle 2.577e-02 | obj lm 4.060e-04 or 4.102e-04 (lm<=or 16/16) | fd-res lm 9.90e-01 or 1.01e+00 f 5.13e+00 | acc/rej 55/5 {'budget': 13, 'converged': 3} [5s]
RESULT obj=cg20             init=nearest  ROM 8.447e-03 (med 7.600e-03 max 1.771e-02) oracle 7.777e-03 | obj lm 4.061e-04 or 4.102e-04 (lm<=or 16/16) | fd-res lm 9.90e-01 or 1.01e+00 f 5.13e+00 | acc/rej 54/3 {'budget': 10, 'converged': 6} [2s]
RESULT obj=cg20             init=encoder  ROM 8.471e-03 (med 7.602e-03 max 1.771e-02) oracle 7.777e-03 | obj lm 4.060e-04 or 4.102e-04 (lm<=or 16/16) | fd-res lm 9.90e-01 or 1.01e+00 f 5.13e+00 | acc/rej 52/0 {'budget': 9, 'converged': 7} [2s]
RESULT obj=lowpass2         init=mean     ROM 5.934e-02 (med 1.398e-02 max 6.864e-01) oracle 2.577e-02 | obj lm 2.029e-01 or 2.193e-01 (lm<=or 15/16) | fd-res lm 9.80e-01 or 1.01e+00 f 5.13e+00 | acc/rej 24/7 {'budget': 1, 'converged': 15} [2s]
RESULT obj=lowpass2         init=nearest  ROM 1.745e-02 (med 1.398e-02 max 3.655e-02) oracle 7.777e-03 | obj lm 2.029e-01 or 2.193e-01 (lm<=or 16/16) | fd-res lm 9.80e-01 or 1.01e+00 f 5.13e+00 | acc/rej 16/0 {'converged': 16} [1s]
RESULT obj=lowpass2         init=encoder  ROM 1.273e-01 (med 1.487e-02 max 9.235e-01) oracle 7.777e-03 | obj lm 2.624e-01 or 2.193e-01 (lm<=or 14/16) | fd-res lm 1.09e+00 or 1.01e+00 f 5.13e+00 | acc/rej 16/0 {'budget': 2, 'converged': 14} [1s]
RESULT obj=lowpass4         init=mean     ROM 9.405e-03 (med 8.144e-03 max 1.835e-02) oracle 2.577e-02 | obj lm 4.474e-02 or 4.777e-02 (lm<=or 16/16) | fd-res lm 1.06e+00 or 1.01e+00 f 5.13e+00 | acc/rej 22/5 {'converged': 16} [2s]
RESULT obj=lowpass4         init=nearest  ROM 9.405e-03 (med 8.144e-03 max 1.835e-02) oracle 7.777e-03 | obj lm 4.474e-02 or 4.777e-02 (lm<=or 16/16) | fd-res lm 1.06e+00 or 1.01e+00 f 5.13e+00 | acc/rej 16/0 {'converged': 16} [1s]
RESULT obj=lowpass4         init=encoder  ROM 9.405e-03 (med 8.144e-03 max 1.835e-02) oracle 7.777e-03 | obj lm 4.474e-02 or 4.777e-02 (lm<=or 16/16) | fd-res lm 1.06e+00 or 1.01e+00 f 5.13e+00 | acc/rej 15/0 {'converged': 16} [1s]
RESULT obj=lowpass8         init=mean     ROM 2.052e-02 (med 8.884e-03 max 8.849e-02) oracle 2.577e-02 | obj lm 6.872e-03 or 7.898e-03 (lm<=or 13/16) | fd-res lm 1.52e+00 or 1.01e+00 f 5.13e+00 | acc/rej 26/5 {'budget': 1, 'converged': 15} [2s]
RESULT obj=lowpass8         init=nearest  ROM 9.770e-03 (med 8.420e-03 max 2.618e-02) oracle 7.777e-03 | obj lm 5.535e-03 or 7.898e-03 (lm<=or 16/16) | fd-res lm 1.16e+00 or 1.01e+00 f 5.13e+00 | acc/rej 17/1 {'converged': 16} [1s]
RESULT obj=lowpass8         init=encoder  ROM 1.136e-02 (med 8.420e-03 max 3.999e-02) oracle 7.777e-03 | obj lm 6.454e-03 or 7.898e-03 (lm<=or 15/16) | fd-res lm 1.25e+00 or 1.01e+00 f 5.13e+00 | acc/rej 19/0 {'converged': 16} [1s]
DONE
ALL-DONE
