COMMIT.txt: OK
PROVENANCE.json: OK
code/DESIGN.md: OK
code/IMPORTS.json: OK
code/audit.py: OK
code/cluster/collect.py: OK
code/cluster/stage.py: OK
code/common.py: OK
code/config.json: OK
code/poisson.py: OK
code/run.py: OK
code/shared_rom.py: OK
code/train.py: OK
run.sbatch: OK
out/bank.pkl: OK
out/bank_curve.json: OK
out/bank_partial.pkl: OK
out/cohorts.json: OK
out/eq_N32_K16.npz: OK
out/eq_N32_K8.npz: OK
out/fields/N32_K16_q0_oracle_case0.npz: OK
out/fields/N32_K16_q16_oracle_case0.npz: OK
out/fields/N32_K16_q32_oracle_case0.npz: OK
out/fields/N32_K16_q8_oracle_case0.npz: OK
out/fields/N32_K8_q0_oracle_case0.npz: OK
out/fields/N32_K8_q16_oracle_case0.npz: OK
out/fields/N32_K8_q32_oracle_case0.npz: OK
out/fields/N32_K8_q8_oracle_case0.npz: OK
out/fields/N32_case0_dst_exact.npz: OK
out/fields/N32_case0_linear_bank_galerkin.npz: OK
out/fields/N32_case0_linear_bank_weak_qR.npz: OK
out/fields/N32_case0_nmrom_K16_q0_dense.npz: OK
out/fields/N32_case0_nmrom_K16_q0_eq.npz: OK
out/fields/N32_case0_nmrom_K16_q16_dense.npz: OK
out/fields/N32_case0_nmrom_K16_q16_eq.npz: OK
out/fields/N32_case0_nmrom_K16_q32_dense.npz: OK
out/fields/N32_case0_nmrom_K16_q32_eq.npz: OK
out/fields/N32_case0_nmrom_K16_q8_dense.npz: OK
out/fields/N32_case0_nmrom_K16_q8_eq.npz: OK
out/fields/N32_case0_nmrom_K8_q0_dense.npz: OK
out/fields/N32_case0_nmrom_K8_q0_eq.npz: OK
out/fields/N32_case0_nmrom_K8_q16_dense.npz: OK
out/fields/N32_case0_nmrom_K8_q16_eq.npz: OK
out/fields/N32_case0_nmrom_K8_q32_dense.npz: OK
out/fields/N32_case0_nmrom_K8_q32_eq.npz: OK
out/fields/N32_case0_nmrom_K8_q8_dense.npz: OK
out/fields/N32_case0_nmrom_K8_q8_eq.npz: OK
out/fields/N32_case0_pod16_galerkin.npz: OK
out/fields/N32_case0_pod24_galerkin.npz: OK
out/fields/N32_case0_pod32_galerkin.npz: OK
out/fields/N32_case0_pod40_galerkin.npz: OK
out/fields/N32_case0_pod48_galerkin.npz: OK
out/fields/N32_case0_pod64_galerkin.npz: OK
out/fields/N32_case0_pod8_galerkin.npz: OK
out/fields/N32_case0_reference.npz: OK
out/fields/N32_case10_dst_exact.npz: OK
out/fields/N32_case10_linear_bank_galerkin.npz: OK
out/fields/N32_case10_linear_bank_weak_qR.npz: OK
out/fields/N32_case10_nmrom_K16_q0_dense.npz: OK
out/fields/N32_case10_nmrom_K16_q0_eq.npz: OK
out/fields/N32_case10_nmrom_K16_q16_dense.npz: OK
out/fields/N32_case10_nmrom_K16_q16_eq.npz: OK
out/fields/N32_case10_nmrom_K16_q32_dense.npz: OK
out/fields/N32_case10_nmrom_K16_q32_eq.npz: OK
out/fields/N32_case10_nmrom_K16_q8_dense.npz: OK
out/fields/N32_case10_nmrom_K16_q8_eq.npz: OK
out/fields/N32_case10_nmrom_K8_q0_dense.npz: OK
out/fields/N32_case10_nmrom_K8_q0_eq.npz: OK
out/fields/N32_case10_nmrom_K8_q16_dense.npz: OK
out/fields/N32_case10_nmrom_K8_q16_eq.npz: OK
out/fields/N32_case10_nmrom_K8_q32_dense.npz: OK
out/fields/N32_case10_nmrom_K8_q32_eq.npz: OK
out/fields/N32_case10_nmrom_K8_q8_dense.npz: OK
out/fields/N32_case10_nmrom_K8_q8_eq.npz: OK
out/fields/N32_case10_pod16_galerkin.npz: OK
out/fields/N32_case10_pod24_galerkin.npz: OK
out/fields/N32_case10_pod32_galerkin.npz: OK
out/fields/N32_case10_pod40_galerkin.npz: OK
out/fields/N32_case10_pod48_galerkin.npz: OK
out/fields/N32_case10_pod64_galerkin.npz: OK
out/fields/N32_case10_pod8_galerkin.npz: OK
out/fields/N32_case10_reference.npz: OK
out/fields/N32_case11_dst_exact.npz: OK
out/fields/N32_case11_linear_bank_galerkin.npz: OK
out/fields/N32_case11_linear_bank_weak_qR.npz: OK
out/fields/N32_case11_nmrom_K16_q0_dense.npz: OK
out/fields/N32_case11_nmrom_K16_q0_eq.npz: OK
out/fields/N32_case11_nmrom_K16_q16_dense.npz: OK
out/fields/N32_case11_nmrom_K16_q16_eq.npz: OK
out/fields/N32_case11_nmrom_K16_q32_dense.npz: OK
out/fields/N32_case11_nmrom_K16_q32_eq.npz: OK
out/fields/N32_case11_nmrom_K16_q8_dense.npz: OK
out/fields/N32_case11_nmrom_K16_q8_eq.npz: OK
out/fields/N32_case11_nmrom_K8_q0_dense.npz: OK
out/fields/N32_case11_nmrom_K8_q0_eq.npz: OK
out/fields/N32_case11_nmrom_K8_q16_dense.npz: OK
out/fields/N32_case11_nmrom_K8_q16_eq.npz: OK
out/fields/N32_case11_nmrom_K8_q32_dense.npz: OK
out/fields/N32_case11_nmrom_K8_q32_eq.npz: OK
out/fields/N32_case11_nmrom_K8_q8_dense.npz: OK
out/fields/N32_case11_nmrom_K8_q8_eq.npz: OK
out/fields/N32_case11_pod16_galerkin.npz: OK
out/fields/N32_case11_pod24_galerkin.npz: OK
out/fields/N32_case11_pod32_galerkin.npz: OK
out/fields/N32_case11_pod40_galerkin.npz: OK
out/fields/N32_case11_pod48_galerkin.npz: OK
out/fields/N32_case11_pod64_galerkin.npz: OK
out/fields/N32_case11_pod8_galerkin.npz: OK
out/fields/N32_case11_reference.npz: OK
out/fields/N32_case12_dst_exact.npz: OK
out/fields/N32_case12_linear_bank_galerkin.npz: OK
out/fields/N32_case12_linear_bank_weak_qR.npz: OK
out/fields/N32_case12_nmrom_K16_q0_dense.npz: OK
out/fields/N32_case12_nmrom_K16_q0_eq.npz: OK
out/fields/N32_case12_nmrom_K16_q16_dense.npz: OK
out/fields/N32_case12_nmrom_K16_q16_eq.npz: OK
out/fields/N32_case12_nmrom_K16_q32_dense.npz: OK
out/fields/N32_case12_nmrom_K16_q32_eq.npz: OK
out/fields/N32_case12_nmrom_K16_q8_dense.npz: OK
out/fields/N32_case12_nmrom_K16_q8_eq.npz: OK
out/fields/N32_case12_nmrom_K8_q0_dense.npz: OK
out/fields/N32_case12_nmrom_K8_q0_eq.npz: OK
out/fields/N32_case12_nmrom_K8_q16_dense.npz: OK
out/fields/N32_case12_nmrom_K8_q16_eq.npz: OK
out/fields/N32_case12_nmrom_K8_q32_dense.npz: OK
out/fields/N32_case12_nmrom_K8_q32_eq.npz: OK
out/fields/N32_case12_nmrom_K8_q8_dense.npz: OK
out/fields/N32_case12_nmrom_K8_q8_eq.npz: OK
out/fields/N32_case12_pod16_galerkin.npz: OK
out/fields/N32_case12_pod24_galerkin.npz: OK
out/fields/N32_case12_pod32_galerkin.npz: OK
out/fields/N32_case12_pod40_galerkin.npz: OK
out/fields/N32_case12_pod48_galerkin.npz: OK
out/fields/N32_case12_pod64_galerkin.npz: OK
out/fields/N32_case12_pod8_galerkin.npz: OK
out/fields/N32_case12_reference.npz: OK
out/fields/N32_case13_dst_exact.npz: OK
out/fields/N32_case13_linear_bank_galerkin.npz: OK
out/fields/N32_case13_linear_bank_weak_qR.npz: OK
out/fields/N32_case13_nmrom_K16_q0_dense.npz: OK
out/fields/N32_case13_nmrom_K16_q0_eq.npz: OK
out/fields/N32_case13_nmrom_K16_q16_dense.npz: OK
out/fields/N32_case13_nmrom_K16_q16_eq.npz: OK
out/fields/N32_case13_nmrom_K16_q32_dense.npz: OK
out/fields/N32_case13_nmrom_K16_q32_eq.npz: OK
out/fields/N32_case13_nmrom_K16_q8_dense.npz: OK
out/fields/N32_case13_nmrom_K16_q8_eq.npz: OK
out/fields/N32_case13_nmrom_K8_q0_dense.npz: OK
out/fields/N32_case13_nmrom_K8_q0_eq.npz: OK
out/fields/N32_case13_nmrom_K8_q16_dense.npz: OK
out/fields/N32_case13_nmrom_K8_q16_eq.npz: OK
out/fields/N32_case13_nmrom_K8_q32_dense.npz: OK
out/fields/N32_case13_nmrom_K8_q32_eq.npz: OK
out/fields/N32_case13_nmrom_K8_q8_dense.npz: OK
out/fields/N32_case13_nmrom_K8_q8_eq.npz: OK
out/fields/N32_case13_pod16_galerkin.npz: OK
out/fields/N32_case13_pod24_galerkin.npz: OK
out/fields/N32_case13_pod32_galerkin.npz: OK
out/fields/N32_case13_pod40_galerkin.npz: OK
out/fields/N32_case13_pod48_galerkin.npz: OK
out/fields/N32_case13_pod64_galerkin.npz: OK
out/fields/N32_case13_pod8_galerkin.npz: OK
out/fields/N32_case13_reference.npz: OK
out/fields/N32_case14_dst_exact.npz: OK
out/fields/N32_case14_linear_bank_galerkin.npz: OK
out/fields/N32_case14_linear_bank_weak_qR.npz: OK
out/fields/N32_case14_nmrom_K16_q0_dense.npz: OK
out/fields/N32_case14_nmrom_K16_q0_eq.npz: OK
out/fields/N32_case14_nmrom_K16_q16_dense.npz: OK
out/fields/N32_case14_nmrom_K16_q16_eq.npz: OK
out/fields/N32_case14_nmrom_K16_q32_dense.npz: OK
out/fields/N32_case14_nmrom_K16_q32_eq.npz: OK
out/fields/N32_case14_nmrom_K16_q8_dense.npz: OK
out/fields/N32_case14_nmrom_K16_q8_eq.npz: OK
out/fields/N32_case14_nmrom_K8_q0_dense.npz: OK
out/fields/N32_case14_nmrom_K8_q0_eq.npz: OK
out/fields/N32_case14_nmrom_K8_q16_dense.npz: OK
out/fields/N32_case14_nmrom_K8_q16_eq.npz: OK
out/fields/N32_case14_nmrom_K8_q32_dense.npz: OK
out/fields/N32_case14_nmrom_K8_q32_eq.npz: OK
out/fields/N32_case14_nmrom_K8_q8_dense.npz: OK
out/fields/N32_case14_nmrom_K8_q8_eq.npz: OK
out/fields/N32_case14_pod16_galerkin.npz: OK
out/fields/N32_case14_pod24_galerkin.npz: OK
out/fields/N32_case14_pod32_galerkin.npz: OK
out/fields/N32_case14_pod40_galerkin.npz: OK
out/fields/N32_case14_pod48_galerkin.npz: OK
out/fields/N32_case14_pod64_galerkin.npz: OK
out/fields/N32_case14_pod8_galerkin.npz: OK
out/fields/N32_case14_reference.npz: OK
out/fields/N32_case15_dst_exact.npz: OK
out/fields/N32_case15_linear_bank_galerkin.npz: OK
out/fields/N32_case15_linear_bank_weak_qR.npz: OK
out/fields/N32_case15_nmrom_K16_q0_dense.npz: OK
out/fields/N32_case15_nmrom_K16_q0_eq.npz: OK
out/fields/N32_case15_nmrom_K16_q16_dense.npz: OK
out/fields/N32_case15_nmrom_K16_q16_eq.npz: OK
out/fields/N32_case15_nmrom_K16_q32_dense.npz: OK
out/fields/N32_case15_nmrom_K16_q32_eq.npz: OK
out/fields/N32_case15_nmrom_K16_q8_dense.npz: OK
out/fields/N32_case15_nmrom_K16_q8_eq.npz: OK
out/fields/N32_case15_nmrom_K8_q0_dense.npz: OK
out/fields/N32_case15_nmrom_K8_q0_eq.npz: OK
out/fields/N32_case15_nmrom_K8_q16_dense.npz: OK
out/fields/N32_case15_nmrom_K8_q16_eq.npz: OK
out/fields/N32_case15_nmrom_K8_q32_dense.npz: OK
out/fields/N32_case15_nmrom_K8_q32_eq.npz: OK
out/fields/N32_case15_nmrom_K8_q8_dense.npz: OK
out/fields/N32_case15_nmrom_K8_q8_eq.npz: OK
out/fields/N32_case15_pod16_galerkin.npz: OK
out/fields/N32_case15_pod24_galerkin.npz: OK
out/fields/N32_case15_pod32_galerkin.npz: OK
out/fields/N32_case15_pod40_galerkin.npz: OK
out/fields/N32_case15_pod48_galerkin.npz: OK
out/fields/N32_case15_pod64_galerkin.npz: OK
out/fields/N32_case15_pod8_galerkin.npz: OK
out/fields/N32_case15_reference.npz: OK
out/fields/N32_case1_dst_exact.npz: OK
out/fields/N32_case1_linear_bank_galerkin.npz: OK
out/fields/N32_case1_linear_bank_weak_qR.npz: OK
out/fields/N32_case1_nmrom_K16_q0_dense.npz: OK
out/fields/N32_case1_nmrom_K16_q0_eq.npz: OK
out/fields/N32_case1_nmrom_K16_q16_dense.npz: OK
out/fields/N32_case1_nmrom_K16_q16_eq.npz: OK
out/fields/N32_case1_nmrom_K16_q32_dense.npz: OK
out/fields/N32_case1_nmrom_K16_q32_eq.npz: OK
out/fields/N32_case1_nmrom_K16_q8_dense.npz: OK
out/fields/N32_case1_nmrom_K16_q8_eq.npz: OK
out/fields/N32_case1_nmrom_K8_q0_dense.npz: OK
out/fields/N32_case1_nmrom_K8_q0_eq.npz: OK
out/fields/N32_case1_nmrom_K8_q16_dense.npz: OK
out/fields/N32_case1_nmrom_K8_q16_eq.npz: OK
out/fields/N32_case1_nmrom_K8_q32_dense.npz: OK
out/fields/N32_case1_nmrom_K8_q32_eq.npz: OK
out/fields/N32_case1_nmrom_K8_q8_dense.npz: OK
out/fields/N32_case1_nmrom_K8_q8_eq.npz: OK
out/fields/N32_case1_pod16_galerkin.npz: OK
out/fields/N32_case1_pod24_galerkin.npz: OK
out/fields/N32_case1_pod32_galerkin.npz: OK
out/fields/N32_case1_pod40_galerkin.npz: OK
out/fields/N32_case1_pod48_galerkin.npz: OK
out/fields/N32_case1_pod64_galerkin.npz: OK
out/fields/N32_case1_pod8_galerkin.npz: OK
out/fields/N32_case1_reference.npz: OK
out/fields/N32_case2_dst_exact.npz: OK
out/fields/N32_case2_linear_bank_galerkin.npz: OK
out/fields/N32_case2_linear_bank_weak_qR.npz: OK
out/fields/N32_case2_nmrom_K16_q0_dense.npz: OK
out/fields/N32_case2_nmrom_K16_q0_eq.npz: OK
out/fields/N32_case2_nmrom_K16_q16_dense.npz: OK
out/fields/N32_case2_nmrom_K16_q16_eq.npz: OK
out/fields/N32_case2_nmrom_K16_q32_dense.npz: OK
out/fields/N32_case2_nmrom_K16_q32_eq.npz: OK
out/fields/N32_case2_nmrom_K16_q8_dense.npz: OK
out/fields/N32_case2_nmrom_K16_q8_eq.npz: OK
out/fields/N32_case2_nmrom_K8_q0_dense.npz: OK
out/fields/N32_case2_nmrom_K8_q0_eq.npz: OK
out/fields/N32_case2_nmrom_K8_q16_dense.npz: OK
out/fields/N32_case2_nmrom_K8_q16_eq.npz: OK
out/fields/N32_case2_nmrom_K8_q32_dense.npz: OK
out/fields/N32_case2_nmrom_K8_q32_eq.npz: OK
out/fields/N32_case2_nmrom_K8_q8_dense.npz: OK
out/fields/N32_case2_nmrom_K8_q8_eq.npz: OK
out/fields/N32_case2_pod16_galerkin.npz: OK
out/fields/N32_case2_pod24_galerkin.npz: OK
out/fields/N32_case2_pod32_galerkin.npz: OK
out/fields/N32_case2_pod40_galerkin.npz: OK
out/fields/N32_case2_pod48_galerkin.npz: OK
out/fields/N32_case2_pod64_galerkin.npz: OK
out/fields/N32_case2_pod8_galerkin.npz: OK
out/fields/N32_case2_reference.npz: OK
out/fields/N32_case3_dst_exact.npz: OK
out/fields/N32_case3_linear_bank_galerkin.npz: OK
out/fields/N32_case3_linear_bank_weak_qR.npz: OK
out/fields/N32_case3_nmrom_K16_q0_dense.npz: OK
out/fields/N32_case3_nmrom_K16_q0_eq.npz: OK
out/fields/N32_case3_nmrom_K16_q16_dense.npz: OK
out/fields/N32_case3_nmrom_K16_q16_eq.npz: OK
out/fields/N32_case3_nmrom_K16_q32_dense.npz: OK
out/fields/N32_case3_nmrom_K16_q32_eq.npz: OK
out/fields/N32_case3_nmrom_K16_q8_dense.npz: OK
out/fields/N32_case3_nmrom_K16_q8_eq.npz: OK
out/fields/N32_case3_nmrom_K8_q0_dense.npz: OK
out/fields/N32_case3_nmrom_K8_q0_eq.npz: OK
out/fields/N32_case3_nmrom_K8_q16_dense.npz: OK
out/fields/N32_case3_nmrom_K8_q16_eq.npz: OK
out/fields/N32_case3_nmrom_K8_q32_dense.npz: OK
out/fields/N32_case3_nmrom_K8_q32_eq.npz: OK
out/fields/N32_case3_nmrom_K8_q8_dense.npz: OK
out/fields/N32_case3_nmrom_K8_q8_eq.npz: OK
out/fields/N32_case3_pod16_galerkin.npz: OK
out/fields/N32_case3_pod24_galerkin.npz: OK
out/fields/N32_case3_pod32_galerkin.npz: OK
out/fields/N32_case3_pod40_galerkin.npz: OK
out/fields/N32_case3_pod48_galerkin.npz: OK
out/fields/N32_case3_pod64_galerkin.npz: OK
out/fields/N32_case3_pod8_galerkin.npz: OK
out/fields/N32_case3_reference.npz: OK
out/fields/N32_case4_dst_exact.npz: OK
out/fields/N32_case4_linear_bank_galerkin.npz: OK
out/fields/N32_case4_linear_bank_weak_qR.npz: OK
out/fields/N32_case4_nmrom_K16_q0_dense.npz: OK
out/fields/N32_case4_nmrom_K16_q0_eq.npz: OK
out/fields/N32_case4_nmrom_K16_q16_dense.npz: OK
out/fields/N32_case4_nmrom_K16_q16_eq.npz: OK
out/fields/N32_case4_nmrom_K16_q32_dense.npz: OK
out/fields/N32_case4_nmrom_K16_q32_eq.npz: OK
out/fields/N32_case4_nmrom_K16_q8_dense.npz: OK
out/fields/N32_case4_nmrom_K16_q8_eq.npz: OK
out/fields/N32_case4_nmrom_K8_q0_dense.npz: OK
out/fields/N32_case4_nmrom_K8_q0_eq.npz: OK
out/fields/N32_case4_nmrom_K8_q16_dense.npz: OK
out/fields/N32_case4_nmrom_K8_q16_eq.npz: OK
out/fields/N32_case4_nmrom_K8_q32_dense.npz: OK
out/fields/N32_case4_nmrom_K8_q32_eq.npz: OK
out/fields/N32_case4_nmrom_K8_q8_dense.npz: OK
out/fields/N32_case4_nmrom_K8_q8_eq.npz: OK
out/fields/N32_case4_pod16_galerkin.npz: OK
out/fields/N32_case4_pod24_galerkin.npz: OK
out/fields/N32_case4_pod32_galerkin.npz: OK
out/fields/N32_case4_pod40_galerkin.npz: OK
out/fields/N32_case4_pod48_galerkin.npz: OK
out/fields/N32_case4_pod64_galerkin.npz: OK
out/fields/N32_case4_pod8_galerkin.npz: OK
out/fields/N32_case4_reference.npz: OK
out/fields/N32_case5_dst_exact.npz: OK
out/fields/N32_case5_linear_bank_galerkin.npz: OK
out/fields/N32_case5_linear_bank_weak_qR.npz: OK
out/fields/N32_case5_nmrom_K16_q0_dense.npz: OK
out/fields/N32_case5_nmrom_K16_q0_eq.npz: OK
out/fields/N32_case5_nmrom_K16_q16_dense.npz: OK
out/fields/N32_case5_nmrom_K16_q16_eq.npz: OK
out/fields/N32_case5_nmrom_K16_q32_dense.npz: OK
out/fields/N32_case5_nmrom_K16_q32_eq.npz: OK
out/fields/N32_case5_nmrom_K16_q8_dense.npz: OK
out/fields/N32_case5_nmrom_K16_q8_eq.npz: OK
out/fields/N32_case5_nmrom_K8_q0_dense.npz: OK
out/fields/N32_case5_nmrom_K8_q0_eq.npz: OK
out/fields/N32_case5_nmrom_K8_q16_dense.npz: OK
out/fields/N32_case5_nmrom_K8_q16_eq.npz: OK
out/fields/N32_case5_nmrom_K8_q32_dense.npz: OK
out/fields/N32_case5_nmrom_K8_q32_eq.npz: OK
out/fields/N32_case5_nmrom_K8_q8_dense.npz: OK
out/fields/N32_case5_nmrom_K8_q8_eq.npz: OK
out/fields/N32_case5_pod16_galerkin.npz: OK
out/fields/N32_case5_pod24_galerkin.npz: OK
out/fields/N32_case5_pod32_galerkin.npz: OK
out/fields/N32_case5_pod40_galerkin.npz: OK
out/fields/N32_case5_pod48_galerkin.npz: OK
out/fields/N32_case5_pod64_galerkin.npz: OK
out/fields/N32_case5_pod8_galerkin.npz: OK
out/fields/N32_case5_reference.npz: OK
out/fields/N32_case6_dst_exact.npz: OK
out/fields/N32_case6_linear_bank_galerkin.npz: OK
out/fields/N32_case6_linear_bank_weak_qR.npz: OK
out/fields/N32_case6_nmrom_K16_q0_dense.npz: OK
out/fields/N32_case6_nmrom_K16_q0_eq.npz: OK
out/fields/N32_case6_nmrom_K16_q16_dense.npz: OK
out/fields/N32_case6_nmrom_K16_q16_eq.npz: OK
out/fields/N32_case6_nmrom_K16_q32_dense.npz: OK
out/fields/N32_case6_nmrom_K16_q32_eq.npz: OK
out/fields/N32_case6_nmrom_K16_q8_dense.npz: OK
out/fields/N32_case6_nmrom_K16_q8_eq.npz: OK
out/fields/N32_case6_nmrom_K8_q0_dense.npz: OK
out/fields/N32_case6_nmrom_K8_q0_eq.npz: OK
out/fields/N32_case6_nmrom_K8_q16_dense.npz: OK
out/fields/N32_case6_nmrom_K8_q16_eq.npz: OK
out/fields/N32_case6_nmrom_K8_q32_dense.npz: OK
out/fields/N32_case6_nmrom_K8_q32_eq.npz: OK
out/fields/N32_case6_nmrom_K8_q8_dense.npz: OK
out/fields/N32_case6_nmrom_K8_q8_eq.npz: OK
out/fields/N32_case6_pod16_galerkin.npz: OK
out/fields/N32_case6_pod24_galerkin.npz: OK
out/fields/N32_case6_pod32_galerkin.npz: OK
out/fields/N32_case6_pod40_galerkin.npz: OK
out/fields/N32_case6_pod48_galerkin.npz: OK
out/fields/N32_case6_pod64_galerkin.npz: OK
out/fields/N32_case6_pod8_galerkin.npz: OK
out/fields/N32_case6_reference.npz: OK
out/fields/N32_case7_dst_exact.npz: OK
out/fields/N32_case7_linear_bank_galerkin.npz: OK
out/fields/N32_case7_linear_bank_weak_qR.npz: OK
out/fields/N32_case7_nmrom_K16_q0_dense.npz: OK
out/fields/N32_case7_nmrom_K16_q0_eq.npz: OK
out/fields/N32_case7_nmrom_K16_q16_dense.npz: OK
out/fields/N32_case7_nmrom_K16_q16_eq.npz: OK
out/fields/N32_case7_nmrom_K16_q32_dense.npz: OK
out/fields/N32_case7_nmrom_K16_q32_eq.npz: OK
out/fields/N32_case7_nmrom_K16_q8_dense.npz: OK
out/fields/N32_case7_nmrom_K16_q8_eq.npz: OK
out/fields/N32_case7_nmrom_K8_q0_dense.npz: OK
out/fields/N32_case7_nmrom_K8_q0_eq.npz: OK
out/fields/N32_case7_nmrom_K8_q16_dense.npz: OK
out/fields/N32_case7_nmrom_K8_q16_eq.npz: OK
out/fields/N32_case7_nmrom_K8_q32_dense.npz: OK
out/fields/N32_case7_nmrom_K8_q32_eq.npz: OK
out/fields/N32_case7_nmrom_K8_q8_dense.npz: OK
out/fields/N32_case7_nmrom_K8_q8_eq.npz: OK
out/fields/N32_case7_pod16_galerkin.npz: OK
out/fields/N32_case7_pod24_galerkin.npz: OK
out/fields/N32_case7_pod32_galerkin.npz: OK
out/fields/N32_case7_pod40_galerkin.npz: OK
out/fields/N32_case7_pod48_galerkin.npz: OK
out/fields/N32_case7_pod64_galerkin.npz: OK
out/fields/N32_case7_pod8_galerkin.npz: OK
out/fields/N32_case7_reference.npz: OK
out/fields/N32_case8_dst_exact.npz: OK
out/fields/N32_case8_linear_bank_galerkin.npz: OK
out/fields/N32_case8_linear_bank_weak_qR.npz: OK
out/fields/N32_case8_nmrom_K16_q0_dense.npz: OK
out/fields/N32_case8_nmrom_K16_q0_eq.npz: OK
out/fields/N32_case8_nmrom_K16_q16_dense.npz: OK
out/fields/N32_case8_nmrom_K16_q16_eq.npz: OK
out/fields/N32_case8_nmrom_K16_q32_dense.npz: OK
out/fields/N32_case8_nmrom_K16_q32_eq.npz: OK
out/fields/N32_case8_nmrom_K16_q8_dense.npz: OK
out/fields/N32_case8_nmrom_K16_q8_eq.npz: OK
out/fields/N32_case8_nmrom_K8_q0_dense.npz: OK
out/fields/N32_case8_nmrom_K8_q0_eq.npz: OK
out/fields/N32_case8_nmrom_K8_q16_dense.npz: OK
out/fields/N32_case8_nmrom_K8_q16_eq.npz: OK
out/fields/N32_case8_nmrom_K8_q32_dense.npz: OK
out/fields/N32_case8_nmrom_K8_q32_eq.npz: OK
out/fields/N32_case8_nmrom_K8_q8_dense.npz: OK
out/fields/N32_case8_nmrom_K8_q8_eq.npz: OK
out/fields/N32_case8_pod16_galerkin.npz: OK
out/fields/N32_case8_pod24_galerkin.npz: OK
out/fields/N32_case8_pod32_galerkin.npz: OK
out/fields/N32_case8_pod40_galerkin.npz: OK
out/fields/N32_case8_pod48_galerkin.npz: OK
out/fields/N32_case8_pod64_galerkin.npz: OK
out/fields/N32_case8_pod8_galerkin.npz: OK
out/fields/N32_case8_reference.npz: OK
out/fields/N32_case9_dst_exact.npz: OK
out/fields/N32_case9_linear_bank_galerkin.npz: OK
out/fields/N32_case9_linear_bank_weak_qR.npz: OK
out/fields/N32_case9_nmrom_K16_q0_dense.npz: OK
out/fields/N32_case9_nmrom_K16_q0_eq.npz: OK
out/fields/N32_case9_nmrom_K16_q16_dense.npz: OK
out/fields/N32_case9_nmrom_K16_q16_eq.npz: OK
out/fields/N32_case9_nmrom_K16_q32_dense.npz: OK
out/fields/N32_case9_nmrom_K16_q32_eq.npz: OK
out/fields/N32_case9_nmrom_K16_q8_dense.npz: OK
out/fields/N32_case9_nmrom_K16_q8_eq.npz: OK
out/fields/N32_case9_nmrom_K8_q0_dense.npz: OK
out/fields/N32_case9_nmrom_K8_q0_eq.npz: OK
out/fields/N32_case9_nmrom_K8_q16_dense.npz: OK
out/fields/N32_case9_nmrom_K8_q16_eq.npz: OK
out/fields/N32_case9_nmrom_K8_q32_dense.npz: OK
out/fields/N32_case9_nmrom_K8_q32_eq.npz: OK
out/fields/N32_case9_nmrom_K8_q8_dense.npz: OK
out/fields/N32_case9_nmrom_K8_q8_eq.npz: OK
out/fields/N32_case9_pod16_galerkin.npz: OK
out/fields/N32_case9_pod24_galerkin.npz: OK
out/fields/N32_case9_pod32_galerkin.npz: OK
out/fields/N32_case9_pod40_galerkin.npz: OK
out/fields/N32_case9_pod48_galerkin.npz: OK
out/fields/N32_case9_pod64_galerkin.npz: OK
out/fields/N32_case9_pod8_galerkin.npz: OK
out/fields/N32_case9_reference.npz: OK
out/head_K16.pkl: OK
out/head_K16_curve.json: OK
out/head_K16_partial.pkl: OK
out/head_K8.pkl: OK
out/head_K8_curve.json: OK
out/head_K8_partial.pkl: OK
out/result.json: OK
out/summary.json: OK
out/training_coordinates.npz: OK
{
  "passed": true,
  "checked_fields": 416,
  "checked_references": 16,
  "checked_summary_rows": 26,
  "maximum_reference_relative_defect": 7.637563663211996e-16,
  "maximum_metric_absolute_defect": 3.3306690738754696e-16,
  "limitation": "independent field/reference/aggregation audit; no independent retraining or global-optimality proof"
}
out/bank.pkl: OK
out/bank_curve.json: OK
out/bank_partial.pkl: OK
out/cohorts.json: OK
out/eq_N32_K16.npz: OK
out/eq_N32_K8.npz: OK
out/fields/N32_K16_q0_oracle_case0.npz: OK
out/fields/N32_K16_q16_oracle_case0.npz: OK
out/fields/N32_K16_q32_oracle_case0.npz: OK
out/fields/N32_K16_q8_oracle_case0.npz: OK
out/fields/N32_K8_q0_oracle_case0.npz: OK
out/fields/N32_K8_q16_oracle_case0.npz: OK
out/fields/N32_K8_q32_oracle_case0.npz: OK
out/fields/N32_K8_q8_oracle_case0.npz: OK
out/fields/N32_case0_dst_exact.npz: OK
out/fields/N32_case0_linear_bank_galerkin.npz: OK
out/fields/N32_case0_linear_bank_weak_qR.npz: OK
out/fields/N32_case0_nmrom_K16_q0_dense.npz: OK
out/fields/N32_case0_nmrom_K16_q0_eq.npz: OK
out/fields/N32_case0_nmrom_K16_q16_dense.npz: OK
out/fields/N32_case0_nmrom_K16_q16_eq.npz: OK
out/fields/N32_case0_nmrom_K16_q32_dense.npz: OK
out/fields/N32_case0_nmrom_K16_q32_eq.npz: OK
out/fields/N32_case0_nmrom_K16_q8_dense.npz: OK
out/fields/N32_case0_nmrom_K16_q8_eq.npz: OK
out/fields/N32_case0_nmrom_K8_q0_dense.npz: OK
out/fields/N32_case0_nmrom_K8_q0_eq.npz: OK
out/fields/N32_case0_nmrom_K8_q16_dense.npz: OK
out/fields/N32_case0_nmrom_K8_q16_eq.npz: OK
out/fields/N32_case0_nmrom_K8_q32_dense.npz: OK
out/fields/N32_case0_nmrom_K8_q32_eq.npz: OK
out/fields/N32_case0_nmrom_K8_q8_dense.npz: OK
out/fields/N32_case0_nmrom_K8_q8_eq.npz: OK
out/fields/N32_case0_pod16_galerkin.npz: OK
out/fields/N32_case0_pod24_galerkin.npz: OK
out/fields/N32_case0_pod32_galerkin.npz: OK
out/fields/N32_case0_pod40_galerkin.npz: OK
out/fields/N32_case0_pod48_galerkin.npz: OK
out/fields/N32_case0_pod64_galerkin.npz: OK
out/fields/N32_case0_pod8_galerkin.npz: OK
out/fields/N32_case0_reference.npz: OK
out/fields/N32_case10_dst_exact.npz: OK
out/fields/N32_case10_linear_bank_galerkin.npz: OK
out/fields/N32_case10_linear_bank_weak_qR.npz: OK
out/fields/N32_case10_nmrom_K16_q0_dense.npz: OK
out/fields/N32_case10_nmrom_K16_q0_eq.npz: OK
out/fields/N32_case10_nmrom_K16_q16_dense.npz: OK
out/fields/N32_case10_nmrom_K16_q16_eq.npz: OK
out/fields/N32_case10_nmrom_K16_q32_dense.npz: OK
out/fields/N32_case10_nmrom_K16_q32_eq.npz: OK
out/fields/N32_case10_nmrom_K16_q8_dense.npz: OK
out/fields/N32_case10_nmrom_K16_q8_eq.npz: OK
out/fields/N32_case10_nmrom_K8_q0_dense.npz: OK
out/fields/N32_case10_nmrom_K8_q0_eq.npz: OK
out/fields/N32_case10_nmrom_K8_q16_dense.npz: OK
out/fields/N32_case10_nmrom_K8_q16_eq.npz: OK
out/fields/N32_case10_nmrom_K8_q32_dense.npz: OK
out/fields/N32_case10_nmrom_K8_q32_eq.npz: OK
out/fields/N32_case10_nmrom_K8_q8_dense.npz: OK
out/fields/N32_case10_nmrom_K8_q8_eq.npz: OK
out/fields/N32_case10_pod16_galerkin.npz: OK
out/fields/N32_case10_pod24_galerkin.npz: OK
out/fields/N32_case10_pod32_galerkin.npz: OK
out/fields/N32_case10_pod40_galerkin.npz: OK
out/fields/N32_case10_pod48_galerkin.npz: OK
out/fields/N32_case10_pod64_galerkin.npz: OK
out/fields/N32_case10_pod8_galerkin.npz: OK
out/fields/N32_case10_reference.npz: OK
out/fields/N32_case11_dst_exact.npz: OK
out/fields/N32_case11_linear_bank_galerkin.npz: OK
out/fields/N32_case11_linear_bank_weak_qR.npz: OK
out/fields/N32_case11_nmrom_K16_q0_dense.npz: OK
out/fields/N32_case11_nmrom_K16_q0_eq.npz: OK
out/fields/N32_case11_nmrom_K16_q16_dense.npz: OK
out/fields/N32_case11_nmrom_K16_q16_eq.npz: OK
out/fields/N32_case11_nmrom_K16_q32_dense.npz: OK
out/fields/N32_case11_nmrom_K16_q32_eq.npz: OK
out/fields/N32_case11_nmrom_K16_q8_dense.npz: OK
out/fields/N32_case11_nmrom_K16_q8_eq.npz: OK
out/fields/N32_case11_nmrom_K8_q0_dense.npz: OK
out/fields/N32_case11_nmrom_K8_q0_eq.npz: OK
out/fields/N32_case11_nmrom_K8_q16_dense.npz: OK
out/fields/N32_case11_nmrom_K8_q16_eq.npz: OK
out/fields/N32_case11_nmrom_K8_q32_dense.npz: OK
out/fields/N32_case11_nmrom_K8_q32_eq.npz: OK
out/fields/N32_case11_nmrom_K8_q8_dense.npz: OK
out/fields/N32_case11_nmrom_K8_q8_eq.npz: OK
out/fields/N32_case11_pod16_galerkin.npz: OK
out/fields/N32_case11_pod24_galerkin.npz: OK
out/fields/N32_case11_pod32_galerkin.npz: OK
out/fields/N32_case11_pod40_galerkin.npz: OK
out/fields/N32_case11_pod48_galerkin.npz: OK
out/fields/N32_case11_pod64_galerkin.npz: OK
out/fields/N32_case11_pod8_galerkin.npz: OK
out/fields/N32_case11_reference.npz: OK
out/fields/N32_case12_dst_exact.npz: OK
out/fields/N32_case12_linear_bank_galerkin.npz: OK
out/fields/N32_case12_linear_bank_weak_qR.npz: OK
out/fields/N32_case12_nmrom_K16_q0_dense.npz: OK
out/fields/N32_case12_nmrom_K16_q0_eq.npz: OK
out/fields/N32_case12_nmrom_K16_q16_dense.npz: OK
out/fields/N32_case12_nmrom_K16_q16_eq.npz: OK
out/fields/N32_case12_nmrom_K16_q32_dense.npz: OK
out/fields/N32_case12_nmrom_K16_q32_eq.npz: OK
out/fields/N32_case12_nmrom_K16_q8_dense.npz: OK
out/fields/N32_case12_nmrom_K16_q8_eq.npz: OK
out/fields/N32_case12_nmrom_K8_q0_dense.npz: OK
out/fields/N32_case12_nmrom_K8_q0_eq.npz: OK
out/fields/N32_case12_nmrom_K8_q16_dense.npz: OK
out/fields/N32_case12_nmrom_K8_q16_eq.npz: OK
out/fields/N32_case12_nmrom_K8_q32_dense.npz: OK
out/fields/N32_case12_nmrom_K8_q32_eq.npz: OK
out/fields/N32_case12_nmrom_K8_q8_dense.npz: OK
out/fields/N32_case12_nmrom_K8_q8_eq.npz: OK
out/fields/N32_case12_pod16_galerkin.npz: OK
out/fields/N32_case12_pod24_galerkin.npz: OK
out/fields/N32_case12_pod32_galerkin.npz: OK
out/fields/N32_case12_pod40_galerkin.npz: OK
out/fields/N32_case12_pod48_galerkin.npz: OK
out/fields/N32_case12_pod64_galerkin.npz: OK
out/fields/N32_case12_pod8_galerkin.npz: OK
out/fields/N32_case12_reference.npz: OK
out/fields/N32_case13_dst_exact.npz: OK
out/fields/N32_case13_linear_bank_galerkin.npz: OK
out/fields/N32_case13_linear_bank_weak_qR.npz: OK
out/fields/N32_case13_nmrom_K16_q0_dense.npz: OK
out/fields/N32_case13_nmrom_K16_q0_eq.npz: OK
out/fields/N32_case13_nmrom_K16_q16_dense.npz: OK
out/fields/N32_case13_nmrom_K16_q16_eq.npz: OK
out/fields/N32_case13_nmrom_K16_q32_dense.npz: OK
out/fields/N32_case13_nmrom_K16_q32_eq.npz: OK
out/fields/N32_case13_nmrom_K16_q8_dense.npz: OK
out/fields/N32_case13_nmrom_K16_q8_eq.npz: OK
out/fields/N32_case13_nmrom_K8_q0_dense.npz: OK
out/fields/N32_case13_nmrom_K8_q0_eq.npz: OK
out/fields/N32_case13_nmrom_K8_q16_dense.npz: OK
out/fields/N32_case13_nmrom_K8_q16_eq.npz: OK
out/fields/N32_case13_nmrom_K8_q32_dense.npz: OK
out/fields/N32_case13_nmrom_K8_q32_eq.npz: OK
out/fields/N32_case13_nmrom_K8_q8_dense.npz: OK
out/fields/N32_case13_nmrom_K8_q8_eq.npz: OK
out/fields/N32_case13_pod16_galerkin.npz: OK
out/fields/N32_case13_pod24_galerkin.npz: OK
out/fields/N32_case13_pod32_galerkin.npz: OK
out/fields/N32_case13_pod40_galerkin.npz: OK
out/fields/N32_case13_pod48_galerkin.npz: OK
out/fields/N32_case13_pod64_galerkin.npz: OK
out/fields/N32_case13_pod8_galerkin.npz: OK
out/fields/N32_case13_reference.npz: OK
out/fields/N32_case14_dst_exact.npz: OK
out/fields/N32_case14_linear_bank_galerkin.npz: OK
out/fields/N32_case14_linear_bank_weak_qR.npz: OK
out/fields/N32_case14_nmrom_K16_q0_dense.npz: OK
out/fields/N32_case14_nmrom_K16_q0_eq.npz: OK
out/fields/N32_case14_nmrom_K16_q16_dense.npz: OK
out/fields/N32_case14_nmrom_K16_q16_eq.npz: OK
out/fields/N32_case14_nmrom_K16_q32_dense.npz: OK
out/fields/N32_case14_nmrom_K16_q32_eq.npz: OK
out/fields/N32_case14_nmrom_K16_q8_dense.npz: OK
out/fields/N32_case14_nmrom_K16_q8_eq.npz: OK
out/fields/N32_case14_nmrom_K8_q0_dense.npz: OK
out/fields/N32_case14_nmrom_K8_q0_eq.npz: OK
out/fields/N32_case14_nmrom_K8_q16_dense.npz: OK
out/fields/N32_case14_nmrom_K8_q16_eq.npz: OK
out/fields/N32_case14_nmrom_K8_q32_dense.npz: OK
out/fields/N32_case14_nmrom_K8_q32_eq.npz: OK
out/fields/N32_case14_nmrom_K8_q8_dense.npz: OK
out/fields/N32_case14_nmrom_K8_q8_eq.npz: OK
out/fields/N32_case14_pod16_galerkin.npz: OK
out/fields/N32_case14_pod24_galerkin.npz: OK
out/fields/N32_case14_pod32_galerkin.npz: OK
out/fields/N32_case14_pod40_galerkin.npz: OK
out/fields/N32_case14_pod48_galerkin.npz: OK
out/fields/N32_case14_pod64_galerkin.npz: OK
out/fields/N32_case14_pod8_galerkin.npz: OK
out/fields/N32_case14_reference.npz: OK
out/fields/N32_case15_dst_exact.npz: OK
out/fields/N32_case15_linear_bank_galerkin.npz: OK
out/fields/N32_case15_linear_bank_weak_qR.npz: OK
out/fields/N32_case15_nmrom_K16_q0_dense.npz: OK
out/fields/N32_case15_nmrom_K16_q0_eq.npz: OK
out/fields/N32_case15_nmrom_K16_q16_dense.npz: OK
out/fields/N32_case15_nmrom_K16_q16_eq.npz: OK
out/fields/N32_case15_nmrom_K16_q32_dense.npz: OK
out/fields/N32_case15_nmrom_K16_q32_eq.npz: OK
out/fields/N32_case15_nmrom_K16_q8_dense.npz: OK
out/fields/N32_case15_nmrom_K16_q8_eq.npz: OK
out/fields/N32_case15_nmrom_K8_q0_dense.npz: OK
out/fields/N32_case15_nmrom_K8_q0_eq.npz: OK
out/fields/N32_case15_nmrom_K8_q16_dense.npz: OK
out/fields/N32_case15_nmrom_K8_q16_eq.npz: OK
out/fields/N32_case15_nmrom_K8_q32_dense.npz: OK
out/fields/N32_case15_nmrom_K8_q32_eq.npz: OK
out/fields/N32_case15_nmrom_K8_q8_dense.npz: OK
out/fields/N32_case15_nmrom_K8_q8_eq.npz: OK
out/fields/N32_case15_pod16_galerkin.npz: OK
out/fields/N32_case15_pod24_galerkin.npz: OK
out/fields/N32_case15_pod32_galerkin.npz: OK
out/fields/N32_case15_pod40_galerkin.npz: OK
out/fields/N32_case15_pod48_galerkin.npz: OK
out/fields/N32_case15_pod64_galerkin.npz: OK
out/fields/N32_case15_pod8_galerkin.npz: OK
out/fields/N32_case15_reference.npz: OK
out/fields/N32_case1_dst_exact.npz: OK
out/fields/N32_case1_linear_bank_galerkin.npz: OK
out/fields/N32_case1_linear_bank_weak_qR.npz: OK
out/fields/N32_case1_nmrom_K16_q0_dense.npz: OK
out/fields/N32_case1_nmrom_K16_q0_eq.npz: OK
out/fields/N32_case1_nmrom_K16_q16_dense.npz: OK
out/fields/N32_case1_nmrom_K16_q16_eq.npz: OK
out/fields/N32_case1_nmrom_K16_q32_dense.npz: OK
out/fields/N32_case1_nmrom_K16_q32_eq.npz: OK
out/fields/N32_case1_nmrom_K16_q8_dense.npz: OK
out/fields/N32_case1_nmrom_K16_q8_eq.npz: OK
out/fields/N32_case1_nmrom_K8_q0_dense.npz: OK
out/fields/N32_case1_nmrom_K8_q0_eq.npz: OK
out/fields/N32_case1_nmrom_K8_q16_dense.npz: OK
out/fields/N32_case1_nmrom_K8_q16_eq.npz: OK
out/fields/N32_case1_nmrom_K8_q32_dense.npz: OK
out/fields/N32_case1_nmrom_K8_q32_eq.npz: OK
out/fields/N32_case1_nmrom_K8_q8_dense.npz: OK
out/fields/N32_case1_nmrom_K8_q8_eq.npz: OK
out/fields/N32_case1_pod16_galerkin.npz: OK
out/fields/N32_case1_pod24_galerkin.npz: OK
out/fields/N32_case1_pod32_galerkin.npz: OK
out/fields/N32_case1_pod40_galerkin.npz: OK
out/fields/N32_case1_pod48_galerkin.npz: OK
out/fields/N32_case1_pod64_galerkin.npz: OK
out/fields/N32_case1_pod8_galerkin.npz: OK
out/fields/N32_case1_reference.npz: OK
out/fields/N32_case2_dst_exact.npz: OK
out/fields/N32_case2_linear_bank_galerkin.npz: OK
out/fields/N32_case2_linear_bank_weak_qR.npz: OK
out/fields/N32_case2_nmrom_K16_q0_dense.npz: OK
out/fields/N32_case2_nmrom_K16_q0_eq.npz: OK
out/fields/N32_case2_nmrom_K16_q16_dense.npz: OK
out/fields/N32_case2_nmrom_K16_q16_eq.npz: OK
out/fields/N32_case2_nmrom_K16_q32_dense.npz: OK
out/fields/N32_case2_nmrom_K16_q32_eq.npz: OK
out/fields/N32_case2_nmrom_K16_q8_dense.npz: OK
out/fields/N32_case2_nmrom_K16_q8_eq.npz: OK
out/fields/N32_case2_nmrom_K8_q0_dense.npz: OK
out/fields/N32_case2_nmrom_K8_q0_eq.npz: OK
out/fields/N32_case2_nmrom_K8_q16_dense.npz: OK
out/fields/N32_case2_nmrom_K8_q16_eq.npz: OK
out/fields/N32_case2_nmrom_K8_q32_dense.npz: OK
out/fields/N32_case2_nmrom_K8_q32_eq.npz: OK
out/fields/N32_case2_nmrom_K8_q8_dense.npz: OK
out/fields/N32_case2_nmrom_K8_q8_eq.npz: OK
out/fields/N32_case2_pod16_galerkin.npz: OK
out/fields/N32_case2_pod24_galerkin.npz: OK
out/fields/N32_case2_pod32_galerkin.npz: OK
out/fields/N32_case2_pod40_galerkin.npz: OK
out/fields/N32_case2_pod48_galerkin.npz: OK
out/fields/N32_case2_pod64_galerkin.npz: OK
out/fields/N32_case2_pod8_galerkin.npz: OK
out/fields/N32_case2_reference.npz: OK
out/fields/N32_case3_dst_exact.npz: OK
out/fields/N32_case3_linear_bank_galerkin.npz: OK
out/fields/N32_case3_linear_bank_weak_qR.npz: OK
out/fields/N32_case3_nmrom_K16_q0_dense.npz: OK
out/fields/N32_case3_nmrom_K16_q0_eq.npz: OK
out/fields/N32_case3_nmrom_K16_q16_dense.npz: OK
out/fields/N32_case3_nmrom_K16_q16_eq.npz: OK
out/fields/N32_case3_nmrom_K16_q32_dense.npz: OK
out/fields/N32_case3_nmrom_K16_q32_eq.npz: OK
out/fields/N32_case3_nmrom_K16_q8_dense.npz: OK
out/fields/N32_case3_nmrom_K16_q8_eq.npz: OK
out/fields/N32_case3_nmrom_K8_q0_dense.npz: OK
out/fields/N32_case3_nmrom_K8_q0_eq.npz: OK
out/fields/N32_case3_nmrom_K8_q16_dense.npz: OK
out/fields/N32_case3_nmrom_K8_q16_eq.npz: OK
out/fields/N32_case3_nmrom_K8_q32_dense.npz: OK
out/fields/N32_case3_nmrom_K8_q32_eq.npz: OK
out/fields/N32_case3_nmrom_K8_q8_dense.npz: OK
out/fields/N32_case3_nmrom_K8_q8_eq.npz: OK
out/fields/N32_case3_pod16_galerkin.npz: OK
out/fields/N32_case3_pod24_galerkin.npz: OK
out/fields/N32_case3_pod32_galerkin.npz: OK
out/fields/N32_case3_pod40_galerkin.npz: OK
out/fields/N32_case3_pod48_galerkin.npz: OK
out/fields/N32_case3_pod64_galerkin.npz: OK
out/fields/N32_case3_pod8_galerkin.npz: OK
out/fields/N32_case3_reference.npz: OK
out/fields/N32_case4_dst_exact.npz: OK
out/fields/N32_case4_linear_bank_galerkin.npz: OK
out/fields/N32_case4_linear_bank_weak_qR.npz: OK
out/fields/N32_case4_nmrom_K16_q0_dense.npz: OK
out/fields/N32_case4_nmrom_K16_q0_eq.npz: OK
out/fields/N32_case4_nmrom_K16_q16_dense.npz: OK
out/fields/N32_case4_nmrom_K16_q16_eq.npz: OK
out/fields/N32_case4_nmrom_K16_q32_dense.npz: OK
out/fields/N32_case4_nmrom_K16_q32_eq.npz: OK
out/fields/N32_case4_nmrom_K16_q8_dense.npz: OK
out/fields/N32_case4_nmrom_K16_q8_eq.npz: OK
out/fields/N32_case4_nmrom_K8_q0_dense.npz: OK
out/fields/N32_case4_nmrom_K8_q0_eq.npz: OK
out/fields/N32_case4_nmrom_K8_q16_dense.npz: OK
out/fields/N32_case4_nmrom_K8_q16_eq.npz: OK
out/fields/N32_case4_nmrom_K8_q32_dense.npz: OK
out/fields/N32_case4_nmrom_K8_q32_eq.npz: OK
out/fields/N32_case4_nmrom_K8_q8_dense.npz: OK
out/fields/N32_case4_nmrom_K8_q8_eq.npz: OK
out/fields/N32_case4_pod16_galerkin.npz: OK
out/fields/N32_case4_pod24_galerkin.npz: OK
out/fields/N32_case4_pod32_galerkin.npz: OK
out/fields/N32_case4_pod40_galerkin.npz: OK
out/fields/N32_case4_pod48_galerkin.npz: OK
out/fields/N32_case4_pod64_galerkin.npz: OK
out/fields/N32_case4_pod8_galerkin.npz: OK
out/fields/N32_case4_reference.npz: OK
out/fields/N32_case5_dst_exact.npz: OK
out/fields/N32_case5_linear_bank_galerkin.npz: OK
out/fields/N32_case5_linear_bank_weak_qR.npz: OK
out/fields/N32_case5_nmrom_K16_q0_dense.npz: OK
out/fields/N32_case5_nmrom_K16_q0_eq.npz: OK
out/fields/N32_case5_nmrom_K16_q16_dense.npz: OK
out/fields/N32_case5_nmrom_K16_q16_eq.npz: OK
out/fields/N32_case5_nmrom_K16_q32_dense.npz: OK
out/fields/N32_case5_nmrom_K16_q32_eq.npz: OK
out/fields/N32_case5_nmrom_K16_q8_dense.npz: OK
out/fields/N32_case5_nmrom_K16_q8_eq.npz: OK
out/fields/N32_case5_nmrom_K8_q0_dense.npz: OK
out/fields/N32_case5_nmrom_K8_q0_eq.npz: OK
out/fields/N32_case5_nmrom_K8_q16_dense.npz: OK
out/fields/N32_case5_nmrom_K8_q16_eq.npz: OK
out/fields/N32_case5_nmrom_K8_q32_dense.npz: OK
out/fields/N32_case5_nmrom_K8_q32_eq.npz: OK
out/fields/N32_case5_nmrom_K8_q8_dense.npz: OK
out/fields/N32_case5_nmrom_K8_q8_eq.npz: OK
out/fields/N32_case5_pod16_galerkin.npz: OK
out/fields/N32_case5_pod24_galerkin.npz: OK
out/fields/N32_case5_pod32_galerkin.npz: OK
out/fields/N32_case5_pod40_galerkin.npz: OK
out/fields/N32_case5_pod48_galerkin.npz: OK
out/fields/N32_case5_pod64_galerkin.npz: OK
out/fields/N32_case5_pod8_galerkin.npz: OK
out/fields/N32_case5_reference.npz: OK
out/fields/N32_case6_dst_exact.npz: OK
out/fields/N32_case6_linear_bank_galerkin.npz: OK
out/fields/N32_case6_linear_bank_weak_qR.npz: OK
out/fields/N32_case6_nmrom_K16_q0_dense.npz: OK
out/fields/N32_case6_nmrom_K16_q0_eq.npz: OK
out/fields/N32_case6_nmrom_K16_q16_dense.npz: OK
out/fields/N32_case6_nmrom_K16_q16_eq.npz: OK
out/fields/N32_case6_nmrom_K16_q32_dense.npz: OK
out/fields/N32_case6_nmrom_K16_q32_eq.npz: OK
out/fields/N32_case6_nmrom_K16_q8_dense.npz: OK
out/fields/N32_case6_nmrom_K16_q8_eq.npz: OK
out/fields/N32_case6_nmrom_K8_q0_dense.npz: OK
out/fields/N32_case6_nmrom_K8_q0_eq.npz: OK
out/fields/N32_case6_nmrom_K8_q16_dense.npz: OK
out/fields/N32_case6_nmrom_K8_q16_eq.npz: OK
out/fields/N32_case6_nmrom_K8_q32_dense.npz: OK
out/fields/N32_case6_nmrom_K8_q32_eq.npz: OK
out/fields/N32_case6_nmrom_K8_q8_dense.npz: OK
out/fields/N32_case6_nmrom_K8_q8_eq.npz: OK
out/fields/N32_case6_pod16_galerkin.npz: OK
out/fields/N32_case6_pod24_galerkin.npz: OK
out/fields/N32_case6_pod32_galerkin.npz: OK
out/fields/N32_case6_pod40_galerkin.npz: OK
out/fields/N32_case6_pod48_galerkin.npz: OK
out/fields/N32_case6_pod64_galerkin.npz: OK
out/fields/N32_case6_pod8_galerkin.npz: OK
out/fields/N32_case6_reference.npz: OK
out/fields/N32_case7_dst_exact.npz: OK
out/fields/N32_case7_linear_bank_galerkin.npz: OK
out/fields/N32_case7_linear_bank_weak_qR.npz: OK
out/fields/N32_case7_nmrom_K16_q0_dense.npz: OK
out/fields/N32_case7_nmrom_K16_q0_eq.npz: OK
out/fields/N32_case7_nmrom_K16_q16_dense.npz: OK
out/fields/N32_case7_nmrom_K16_q16_eq.npz: OK
out/fields/N32_case7_nmrom_K16_q32_dense.npz: OK
out/fields/N32_case7_nmrom_K16_q32_eq.npz: OK
out/fields/N32_case7_nmrom_K16_q8_dense.npz: OK
out/fields/N32_case7_nmrom_K16_q8_eq.npz: OK
out/fields/N32_case7_nmrom_K8_q0_dense.npz: OK
out/fields/N32_case7_nmrom_K8_q0_eq.npz: OK
out/fields/N32_case7_nmrom_K8_q16_dense.npz: OK
out/fields/N32_case7_nmrom_K8_q16_eq.npz: OK
out/fields/N32_case7_nmrom_K8_q32_dense.npz: OK
out/fields/N32_case7_nmrom_K8_q32_eq.npz: OK
out/fields/N32_case7_nmrom_K8_q8_dense.npz: OK
out/fields/N32_case7_nmrom_K8_q8_eq.npz: OK
out/fields/N32_case7_pod16_galerkin.npz: OK
out/fields/N32_case7_pod24_galerkin.npz: OK
out/fields/N32_case7_pod32_galerkin.npz: OK
out/fields/N32_case7_pod40_galerkin.npz: OK
out/fields/N32_case7_pod48_galerkin.npz: OK
out/fields/N32_case7_pod64_galerkin.npz: OK
out/fields/N32_case7_pod8_galerkin.npz: OK
out/fields/N32_case7_reference.npz: OK
out/fields/N32_case8_dst_exact.npz: OK
out/fields/N32_case8_linear_bank_galerkin.npz: OK
out/fields/N32_case8_linear_bank_weak_qR.npz: OK
out/fields/N32_case8_nmrom_K16_q0_dense.npz: OK
out/fields/N32_case8_nmrom_K16_q0_eq.npz: OK
out/fields/N32_case8_nmrom_K16_q16_dense.npz: OK
out/fields/N32_case8_nmrom_K16_q16_eq.npz: OK
out/fields/N32_case8_nmrom_K16_q32_dense.npz: OK
out/fields/N32_case8_nmrom_K16_q32_eq.npz: OK
out/fields/N32_case8_nmrom_K16_q8_dense.npz: OK
out/fields/N32_case8_nmrom_K16_q8_eq.npz: OK
out/fields/N32_case8_nmrom_K8_q0_dense.npz: OK
out/fields/N32_case8_nmrom_K8_q0_eq.npz: OK
out/fields/N32_case8_nmrom_K8_q16_dense.npz: OK
out/fields/N32_case8_nmrom_K8_q16_eq.npz: OK
out/fields/N32_case8_nmrom_K8_q32_dense.npz: OK
out/fields/N32_case8_nmrom_K8_q32_eq.npz: OK
out/fields/N32_case8_nmrom_K8_q8_dense.npz: OK
out/fields/N32_case8_nmrom_K8_q8_eq.npz: OK
out/fields/N32_case8_pod16_galerkin.npz: OK
out/fields/N32_case8_pod24_galerkin.npz: OK
out/fields/N32_case8_pod32_galerkin.npz: OK
out/fields/N32_case8_pod40_galerkin.npz: OK
out/fields/N32_case8_pod48_galerkin.npz: OK
out/fields/N32_case8_pod64_galerkin.npz: OK
out/fields/N32_case8_pod8_galerkin.npz: OK
out/fields/N32_case8_reference.npz: OK
out/fields/N32_case9_dst_exact.npz: OK
out/fields/N32_case9_linear_bank_galerkin.npz: OK
out/fields/N32_case9_linear_bank_weak_qR.npz: OK
out/fields/N32_case9_nmrom_K16_q0_dense.npz: OK
out/fields/N32_case9_nmrom_K16_q0_eq.npz: OK
out/fields/N32_case9_nmrom_K16_q16_dense.npz: OK
out/fields/N32_case9_nmrom_K16_q16_eq.npz: OK
out/fields/N32_case9_nmrom_K16_q32_dense.npz: OK
out/fields/N32_case9_nmrom_K16_q32_eq.npz: OK
out/fields/N32_case9_nmrom_K16_q8_dense.npz: OK
out/fields/N32_case9_nmrom_K16_q8_eq.npz: OK
out/fields/N32_case9_nmrom_K8_q0_dense.npz: OK
out/fields/N32_case9_nmrom_K8_q0_eq.npz: OK
out/fields/N32_case9_nmrom_K8_q16_dense.npz: OK
out/fields/N32_case9_nmrom_K8_q16_eq.npz: OK
out/fields/N32_case9_nmrom_K8_q32_dense.npz: OK
out/fields/N32_case9_nmrom_K8_q32_eq.npz: OK
out/fields/N32_case9_nmrom_K8_q8_dense.npz: OK
out/fields/N32_case9_nmrom_K8_q8_eq.npz: OK
out/fields/N32_case9_pod16_galerkin.npz: OK
out/fields/N32_case9_pod24_galerkin.npz: OK
out/fields/N32_case9_pod32_galerkin.npz: OK
out/fields/N32_case9_pod40_galerkin.npz: OK
out/fields/N32_case9_pod48_galerkin.npz: OK
out/fields/N32_case9_pod64_galerkin.npz: OK
out/fields/N32_case9_pod8_galerkin.npz: OK
out/fields/N32_case9_reference.npz: OK
out/head_K16.pkl: OK
out/head_K16_curve.json: OK
out/head_K16_partial.pkl: OK
out/head_K8.pkl: OK
out/head_K8_curve.json: OK
out/head_K8_partial.pkl: OK
out/result.json: OK
out/summary.json: OK
out/training_coordinates.npz: OK
