host=pax106 source_commit=31b34cd771ed4e12583e8f48218563cc6eec2181 job=4232640 mesh=32 arm=unet-l
NVIDIA A100 80GB PCIe, GPU-93ae5f8d-299a-28bc-9b53-07a050aa9da5, 81920 MiB
10.235.106.32:/projects/paralab  4.6T  4.3T  328G  93% /cluster/tufts/paralab
jax_backend=gpu
generated 64/512 (4s)
generated 128/512 (6s)
generated 192/512 (8s)
generated 256/512 (11s)
generated 320/512 (13s)
generated 384/512 (16s)
generated 448/512 (18s)
generated 512/512 (20s)
torch_backend=cuda NVIDIA A100 80GB PCIe
{"arm": "unet-l", "mesh": 32, "micro_batch": 8, "real_parameter_count": 22581327}
{"arm": "unet-l", "epoch": 0, "steps": 56, "train": 0.18624397823669897, "val_mean": 0.2214612602969715, "val_worst": 0.35315587293397094, "lr": 0.0009999919134068723, "wall": 6.8}
{"arm": "unet-l", "epoch": 1, "steps": 112, "train": 0.01917994621306523, "val_mean": 0.12551938122695674, "val_worst": 0.22695676027630468, "lr": 0.000999959275077097, "wall": 13.5}
{"arm": "unet-l", "epoch": 2, "steps": 168, "train": 0.008596054572107914, "val_mean": 0.09365971139449614, "val_worst": 0.16498137025989906, "lr": 0.000999902257847754, "wall": 20.2}
{"arm": "unet-l", "epoch": 3, "steps": 224, "train": 0.005533156545910624, "val_mean": 0.08071245178455697, "val_worst": 0.14994464444619326, "lr": 0.0009998213492011317, "wall": 26.9}
{"arm": "unet-l", "epoch": 4, "steps": 280, "train": 0.003298004468328284, "val_mean": 0.05672214574657792, "val_worst": 0.11362482950002581, "lr": 0.0009997160735882072, "wall": 33.6}
{"arm": "unet-l", "epoch": 5, "steps": 336, "train": 0.0022115402326362593, "val_mean": 0.050698484306806346, "val_worst": 0.09674213350783742, "lr": 0.0009995863645955465, "wall": 40.3}
{"arm": "unet-l", "epoch": 6, "steps": 392, "train": 0.0016974545271304087, "val_mean": 0.050212633490085444, "val_worst": 0.08572813282966746, "lr": 0.000999432711115222, "wall": 46.9}
{"arm": "unet-l", "epoch": 7, "steps": 448, "train": 0.001460994518128278, "val_mean": 0.04284722993253256, "val_worst": 0.0762903531054773, "lr": 0.0009992558251389052, "wall": 53.6}
{"arm": "unet-l", "epoch": 8, "steps": 504, "train": 0.001238682061715152, "val_mean": 0.0411338828777421, "val_worst": 0.07355714844112228, "lr": 0.0009990548347194785, "wall": 60.2}
{"arm": "unet-l", "epoch": 9, "steps": 560, "train": 0.001009266379738169, "val_mean": 0.03502430921754792, "val_worst": 0.0661747483582346, "lr": 0.0009988291887146953, "wall": 66.9}
{"arm": "unet-l", "epoch": 10, "steps": 616, "train": 0.0009594306014914534, "val_mean": 0.03370200383243229, "val_worst": 0.06187176941769855, "lr": 0.0009985795021359384, "wall": 73.6}
{"arm": "unet-l", "epoch": 11, "steps": 672, "train": 0.001283771618659652, "val_mean": 0.030304727156025946, "val_worst": 0.0617962717718452, "lr": 0.0009983050175356755, "wall": 80.3}
{"arm": "unet-l", "epoch": 12, "steps": 728, "train": 0.0006840749454476627, "val_mean": 0.03495479564494095, "val_worst": 0.05810094765310053, "lr": 0.000998007657945934, "wall": 86.8}
{"arm": "unet-l", "epoch": 13, "steps": 784, "train": 0.0022599471058013356, "val_mean": 0.0393262890829653, "val_worst": 0.06825173444526769, "lr": 0.000997693398083113, "wall": 93.3}
{"arm": "unet-l", "epoch": 14, "steps": 840, "train": 0.00067524763732502, "val_mean": 0.02545426811413118, "val_worst": 0.05009910649484414, "lr": 0.000997356340616025, "wall": 100.0}
{"arm": "unet-l", "epoch": 15, "steps": 896, "train": 0.0004878683425246729, "val_mean": 0.02437572095807188, "val_worst": 0.043732392839967424, "lr": 0.0009969867907755788, "wall": 106.6}
{"arm": "unet-l", "epoch": 16, "steps": 952, "train": 0.0004659194363457443, "val_mean": 0.026316277530998963, "val_worst": 0.04269758692094274, "lr": 0.0009965950688817177, "wall": 113.1}
{"arm": "unet-l", "epoch": 17, "steps": 1008, "train": 0.0006864368483071279, "val_mean": 0.02313849269009139, "val_worst": 0.043686834261849786, "lr": 0.000996188412583423, "wall": 119.9}
{"arm": "unet-l", "epoch": 18, "steps": 1064, "train": 0.0006437243979686746, "val_mean": 0.025993216556467406, "val_worst": 0.04780104341954367, "lr": 0.0009957453385754458, "wall": 126.4}
{"arm": "unet-l", "epoch": 19, "steps": 1120, "train": 0.000669625078266992, "val_mean": 0.03130366484794993, "val_worst": 0.04849871158281994, "lr": 0.00099529247365266, "wall": 132.9}
{"arm": "unet-l", "epoch": 20, "steps": 1176, "train": 0.0003869831821809261, "val_mean": 0.022347811614995605, "val_worst": 0.03580847779429609, "lr": 0.0009948164178540577, "wall": 139.5}
{"arm": "unet-l", "epoch": 21, "steps": 1232, "train": 0.0004780273875398848, "val_mean": 0.027024699137659258, "val_worst": 0.042148344290470395, "lr": 0.0009943067108306215, "wall": 146.0}
{"arm": "unet-l", "epoch": 22, "steps": 1288, "train": 0.0007551355392495428, "val_mean": 0.03500968118559048, "val_worst": 0.045920907760143084, "lr": 0.0009937849931692996, "wall": 152.6}
{"arm": "unet-l", "epoch": 23, "steps": 1344, "train": 0.00040923797033528533, "val_mean": 0.018938257072192214, "val_worst": 0.03430419676920966, "lr": 0.0009932405019384835, "wall": 159.2}
{"arm": "unet-l", "epoch": 24, "steps": 1400, "train": 0.0002553917997234462, "val_mean": 0.016605730285638564, "val_worst": 0.0324801126627599, "lr": 0.0009926567456110275, "wall": 165.9}
{"arm": "unet-l", "epoch": 25, "steps": 1456, "train": 0.00028079232980126895, "val_mean": 0.03341702675638979, "val_worst": 0.04698293421811536, "lr": 0.0009920515070085442, "wall": 172.4}
{"arm": "unet-l", "epoch": 26, "steps": 1512, "train": 0.0007739896790915404, "val_mean": 0.02475243344238725, "val_worst": 0.03421073927040853, "lr": 0.0009914376201058752, "wall": 178.9}
{"arm": "unet-l", "epoch": 27, "steps": 1568, "train": 0.0002937845146567889, "val_mean": 0.018176337431566325, "val_worst": 0.031031474847222087, "lr": 0.0009908013128749726, "wall": 185.5}
{"arm": "unet-l", "epoch": 28, "steps": 1624, "train": 0.0005503077816844594, "val_mean": 0.021900328139625034, "val_worst": 0.03870369971665418, "lr": 0.0009901420131014395, "wall": 192.0}
{"arm": "unet-l", "epoch": 29, "steps": 1680, "train": 0.00026719921546710637, "val_mean": 0.01844092766415844, "val_worst": 0.032085527510216386, "lr": 0.0009894605975947779, "wall": 198.5}
{"arm": "unet-l", "epoch": 30, "steps": 1736, "train": 0.00028802561747681563, "val_mean": 0.021916140372050464, "val_worst": 0.031054127776816143, "lr": 0.0009887563321817406, "wall": 205.0}
{"arm": "unet-l", "epoch": 31, "steps": 1792, "train": 0.00033576267708195336, "val_mean": 0.022644889580877223, "val_worst": 0.029283062894051266, "lr": 0.0009880298746090463, "wall": 211.5}
{"arm": "unet-l", "epoch": 32, "steps": 1848, "train": 0.0006008867392237337, "val_mean": 0.03164938328326275, "val_worst": 0.044669174994057974, "lr": 0.0009872803712058383, "wall": 218.0}
{"arm": "unet-l", "epoch": 33, "steps": 1904, "train": 0.000981049409182524, "val_mean": 0.04242857604979243, "val_worst": 0.06233389479265103, "lr": 0.0009865086527010875, "wall": 224.5}
{"arm": "unet-l", "epoch": 34, "steps": 1960, "train": 0.0008106815751923745, "val_mean": 0.018315698603601237, "val_worst": 0.032202791393862486, "lr": 0.0009857146759943763, "wall": 231.0}
{"arm": "unet-l", "epoch": 35, "steps": 2016, "train": 0.0003265337478255105, "val_mean": 0.02276126607665226, "val_worst": 0.03287114964982157, "lr": 0.0009848979025064881, "wall": 237.6}
{"arm": "unet-l", "epoch": 36, "steps": 2072, "train": 0.0003760529362441101, "val_mean": 0.015671124018731164, "val_worst": 0.027697392739227035, "lr": 0.0009840590040484883, "wall": 244.2}
{"arm": "unet-l", "epoch": 37, "steps": 2128, "train": 0.0002448260580213401, "val_mean": 0.02117097705674232, "val_worst": 0.028825125272039433, "lr": 0.0009831775233777836, "wall": 250.7}
{"arm": "unet-l", "epoch": 38, "steps": 2184, "train": 0.0002491482782796322, "val_mean": 0.01571757960616091, "val_worst": 0.0270659136908448, "lr": 0.0009822938158523017, "wall": 257.3}
{"arm": "unet-l", "epoch": 39, "steps": 2240, "train": 0.00019756537233891564, "val_mean": 0.0142130014144502, "val_worst": 0.026342740811258248, "lr": 0.0009813875700675771, "wall": 264.0}
{"arm": "unet-l", "epoch": 40, "steps": 2296, "train": 0.0002240051173444359, "val_mean": 0.01706318069818348, "val_worst": 0.028937389971289453, "lr": 0.0009804299693555987, "wall": 270.5}
{"arm": "unet-l", "epoch": 41, "steps": 2352, "train": 0.00023694370434465775, "val_mean": 0.019272098769220064, "val_worst": 0.026749803025629907, "lr": 0.000979479658221549, "wall": 277.0}
{"arm": "unet-l", "epoch": 42, "steps": 2408, "train": 0.00036782007543925417, "val_mean": 0.017480242386845923, "val_worst": 0.027635298044144614, "lr": 0.0009785059353500383, "wall": 283.5}
{"arm": "unet-l", "epoch": 43, "steps": 2464, "train": 0.00018742759385535383, "val_mean": 0.015017744504707527, "val_worst": 0.024297062214558175, "lr": 0.0009775111550659335, "wall": 290.0}
{"arm": "unet-l", "epoch": 44, "steps": 2520, "train": 0.0001937148880155214, "val_mean": 0.016649223222189414, "val_worst": 0.02320873451778672, "lr": 0.0009764942250143422, "wall": 296.5}
{"arm": "unet-l", "epoch": 45, "steps": 2576, "train": 0.00024301906807551208, "val_mean": 0.01566145421693744, "val_worst": 0.024184648758348158, "lr": 0.0009754550181998643, "wall": 303.0}
{"arm": "unet-l", "epoch": 46, "steps": 2632, "train": 0.00025904070470865025, "val_mean": 0.014018683819566178, "val_worst": 0.023152346690248418, "lr": 0.0009743941351250865, "wall": 309.7}
{"arm": "unet-l", "epoch": 47, "steps": 2688, "train": 0.0001906542687537995, "val_mean": 0.014662335551792431, "val_worst": 0.02289432669378408, "lr": 0.0009732842238842686, "wall": 316.2}
{"arm": "unet-l", "epoch": 48, "steps": 2744, "train": 0.00014625919393424202, "val_mean": 0.01438849916243554, "val_worst": 0.0249002128137014, "lr": 0.0009721796639487035, "wall": 322.7}
{"arm": "unet-l", "epoch": 49, "steps": 2800, "train": 0.0003638166512974703, "val_mean": 0.02533317214823297, "val_worst": 0.04370463488567179, "lr": 0.0009710527242931933, "wall": 329.3}
{"arm": "unet-l", "epoch": 50, "steps": 2856, "train": 0.0004908259968048438, "val_mean": 0.0187000486037497, "val_worst": 0.026970174192535386, "lr": 0.0009699039353959762, "wall": 335.8}
{"arm": "unet-l", "epoch": 51, "steps": 2912, "train": 0.0005137876523815114, "val_mean": 0.021819657963032014, "val_worst": 0.02791850928797476, "lr": 0.0009687338077354989, "wall": 342.3}
{"arm": "unet-l", "epoch": 52, "steps": 2968, "train": 0.00039386346876984287, "val_mean": 0.02507422459084732, "val_worst": 0.03812330040660561, "lr": 0.0009675420116313824, "wall": 348.8}
{"arm": "unet-l", "epoch": 53, "steps": 3024, "train": 0.0003860878621124287, "val_mean": 0.013298098300361726, "val_worst": 0.023293657086499, "lr": 0.0009663274848253345, "wall": 355.5}
{"arm": "unet-l", "epoch": 54, "steps": 3080, "train": 0.0001095842644629399, "val_mean": 0.01153667671533274, "val_worst": 0.020336894863304443, "lr": 0.0009650544471615425, "wall": 362.3}
{"arm": "unet-l", "epoch": 55, "steps": 3136, "train": 0.0001319457735376756, "val_mean": 0.014691309355459835, "val_worst": 0.024387779201822217, "lr": 0.0009637514333679153, "wall": 368.8}
{"arm": "unet-l", "epoch": 56, "steps": 3192, "train": 0.000249962981114356, "val_mean": 0.025132327245982886, "val_worst": 0.03862560479855272, "lr": 0.0009624724739996667, "wall": 375.3}
{"arm": "unet-l", "epoch": 57, "steps": 3248, "train": 0.00014978513565707058, "val_mean": 0.012372409060221138, "val_worst": 0.018425663281899467, "lr": 0.000961173111893492, "wall": 381.8}
{"arm": "unet-l", "epoch": 58, "steps": 3304, "train": 0.00010867586088508619, "val_mean": 0.014152146094957975, "val_worst": 0.023210514567113937, "lr": 0.0009598513678955265, "wall": 388.3}
{"arm": "unet-l", "epoch": 59, "steps": 3360, "train": 0.00039597680657193005, "val_mean": 0.043033433980809374, "val_worst": 0.055295508405714684, "lr": 0.0009585085105335497, "wall": 394.8}
{"arm": "unet-l", "epoch": 60, "steps": 3416, "train": 0.0004738792919221032, "val_mean": 0.017581045099394774, "val_worst": 0.024171261929818867, "lr": 0.0009571448485125293, "wall": 401.4}
{"arm": "unet-l", "epoch": 61, "steps": 3472, "train": 0.00019888388638966546, "val_mean": 0.02120685567377876, "val_worst": 0.031033390080162464, "lr": 0.0009557597350096023, "wall": 407.9}
{"arm": "unet-l", "epoch": 62, "steps": 3528, "train": 0.00026922717427016777, "val_mean": 0.014493635206614335, "val_worst": 0.021751807285264907, "lr": 0.0009543502587849238, "wall": 414.4}
{"arm": "unet-l", "epoch": 63, "steps": 3584, "train": 0.0001047048652392656, "val_mean": 0.01091890369373424, "val_worst": 0.01732248077016155, "lr": 0.0009529237538190615, "wall": 421.1}
{"arm": "unet-l", "epoch": 64, "steps": 3640, "train": 0.00011761322749939954, "val_mean": 0.011980162570552844, "val_worst": 0.018191132283028696, "lr": 0.0009514351764162898, "wall": 427.6}
{"arm": "unet-l", "epoch": 65, "steps": 3696, "train": 0.00013933811598936015, "val_mean": 0.012536312778746431, "val_worst": 0.0193048612426711, "lr": 0.0009499663591863447, "wall": 434.1}
{"arm": "unet-l", "epoch": 66, "steps": 3752, "train": 0.00017907156029904609, "val_mean": 0.013719126397701085, "val_worst": 0.021281461172549525, "lr": 0.0009484760476075169, "wall": 440.6}
{"arm": "unet-l", "epoch": 67, "steps": 3808, "train": 0.00029100268948472084, "val_mean": 0.018544801244183107, "val_worst": 0.03231250981761518, "lr": 0.0009469661077934021, "wall": 447.2}
{"arm": "unet-l", "epoch": 68, "steps": 3864, "train": 0.00018538498115469758, "val_mean": 0.01252261217305124, "val_worst": 0.020317298274621497, "lr": 0.0009454350437927983, "wall": 453.7}
{"arm": "unet-l", "epoch": 69, "steps": 3920, "train": 0.00014272856560826571, "val_mean": 0.020597236874094926, "val_worst": 0.03374628334573682, "lr": 0.0009438838968212516, "wall": 460.2}
{"arm": "unet-l", "epoch": 70, "steps": 3976, "train": 0.00029022427287522665, "val_mean": 0.01764020535571123, "val_worst": 0.02314157931254703, "lr": 0.0009423122440305447, "wall": 466.7}
{"arm": "unet-l", "epoch": 71, "steps": 4032, "train": 0.000478655309418496, "val_mean": 0.019835177962579706, "val_worst": 0.025021461282764394, "lr": 0.0009407195978769018, "wall": 473.2}
{"arm": "unet-l", "epoch": 72, "steps": 4088, "train": 0.0004979297021033902, "val_mean": 0.02371296737344703, "val_worst": 0.03596367030046687, "lr": 0.0009391075886017291, "wall": 479.7}
{"arm": "unet-l", "epoch": 73, "steps": 4144, "train": 0.00021103073969536574, "val_mean": 0.013573829872689047, "val_worst": 0.02022995716506671, "lr": 0.0009374756128116966, "wall": 486.2}
{"arm": "unet-l", "epoch": 74, "steps": 4200, "train": 0.00018128033257604285, "val_mean": 0.015882187280286796, "val_worst": 0.022002688328849863, "lr": 0.0009358232960297876, "wall": 492.7}
{"arm": "unet-l", "epoch": 75, "steps": 4256, "train": 0.00013815560652384994, "val_mean": 0.010011322922519564, "val_worst": 0.018079602656726642, "lr": 0.0009341502181443843, "wall": 499.4}
{"arm": "unet-l", "epoch": 76, "steps": 4312, "train": 8.483175391986194e-05, "val_mean": 0.010750063955508898, "val_worst": 0.01776579662625594, "lr": 0.0009324148567361975, "wall": 505.9}
{"arm": "unet-l", "epoch": 77, "steps": 4368, "train": 8.397597839149173e-05, "val_mean": 0.009946358889868525, "val_worst": 0.01615720868340578, "lr": 0.000930702240318012, "wall": 512.6}
{"arm": "unet-l", "epoch": 78, "steps": 4424, "train": 8.352229642188437e-05, "val_mean": 0.010381623959427579, "val_worst": 0.017791824411185608, "lr": 0.000928930754000542, "wall": 519.1}
{"arm": "unet-l", "epoch": 79, "steps": 4480, "train": 7.81536488028785e-05, "val_mean": 0.011149267535932931, "val_worst": 0.015735806936725154, "lr": 0.0009271769686382662, "wall": 525.6}
{"arm": "unet-l", "epoch": 80, "steps": 4536, "train": 0.000308440910226146, "val_mean": 0.02632798273288682, "val_worst": 0.036186815476111286, "lr": 0.0009254042907830227, "wall": 532.1}
{"arm": "unet-l", "epoch": 81, "steps": 4592, "train": 0.0002572294058837251, "val_mean": 0.015506563154170547, "val_worst": 0.024217280524393817, "lr": 0.0009236118247806651, "wall": 538.7}
{"arm": "unet-l", "epoch": 82, "steps": 4648, "train": 0.00017754993085173965, "val_mean": 0.01135774214803421, "val_worst": 0.016140891491056037, "lr": 0.0009217999726010916, "wall": 545.2}
{"arm": "unet-l", "epoch": 83, "steps": 4704, "train": 8.745005351455311e-05, "val_mean": 0.010635374908874515, "val_worst": 0.016589824192481676, "lr": 0.000919966890344942, "wall": 551.7}
{"arm": "unet-l", "epoch": 84, "steps": 4760, "train": 0.0003740183637055478, "val_mean": 0.021929219949186375, "val_worst": 0.03210947296056223, "lr": 0.0009181167203594323, "wall": 558.2}
{"arm": "unet-l", "epoch": 85, "steps": 4816, "train": 0.0007864509802385997, "val_mean": 0.024700963457758105, "val_worst": 0.038384446675350126, "lr": 0.0009162467360357885, "wall": 564.7}
{"arm": "unet-l", "epoch": 86, "steps": 4872, "train": 0.0002727793976170474, "val_mean": 0.011631493754063965, "val_worst": 0.018947692432107543, "lr": 0.0009143580392953808, "wall": 571.2}
{"arm": "unet-l", "epoch": 87, "steps": 4928, "train": 0.00010199893355480576, "val_mean": 0.009887730828486277, "val_worst": 0.01622585263830698, "lr": 0.0009124506400466322, "wall": 577.9}
{"arm": "unet-l", "epoch": 88, "steps": 4984, "train": 7.634991060646976e-05, "val_mean": 0.010737340635599845, "val_worst": 0.015769877963077678, "lr": 0.0009104761988865403, "wall": 584.4}
{"arm": "unet-l", "epoch": 89, "steps": 5040, "train": 0.00010243034235252848, "val_mean": 0.009972059933518785, "val_worst": 0.018256718630662007, "lr": 0.0009085300460153051, "wall": 590.9}
{"arm": "unet-l", "epoch": 90, "steps": 5096, "train": 8.154766251674067e-05, "val_mean": 0.012368734917214817, "val_worst": 0.017413992103900083, "lr": 0.0009065649233287968, "wall": 597.4}
{"arm": "unet-l", "epoch": 91, "steps": 5152, "train": 8.090679035696643e-05, "val_mean": 0.011019458855929011, "val_worst": 0.016457673667671112, "lr": 0.0009045813835058698, "wall": 604.0}
{"arm": "unet-l", "epoch": 92, "steps": 5208, "train": 0.00036264938074980114, "val_mean": 0.02249277815292233, "val_worst": 0.033711181444440345, "lr": 0.0009025793907185099, "wall": 610.5}
{"arm": "unet-l", "epoch": 93, "steps": 5264, "train": 0.00021066353118785657, "val_mean": 0.013000080791673984, "val_worst": 0.01952351164716146, "lr": 0.0009005585683313715, "wall": 617.0}
{"arm": "unet-l", "epoch": 94, "steps": 5320, "train": 0.00012456367003070435, "val_mean": 0.017754651572689135, "val_worst": 0.0212485560961979, "lr": 0.0008985201184496796, "wall": 623.5}
{"arm": "unet-l", "epoch": 95, "steps": 5376, "train": 0.0003590025329072583, "val_mean": 0.020771402895061526, "val_worst": 0.02852300862017023, "lr": 0.0008964624270484184, "wall": 630.0}
{"arm": "unet-l", "epoch": 96, "steps": 5432, "train": 0.00027418700345138654, "val_mean": 0.012730527446386721, "val_worst": 0.018993060896439713, "lr": 0.0008943868525552192, "wall": 636.5}
{"arm": "unet-l", "epoch": 97, "steps": 5488, "train": 9.429022742634565e-05, "val_mean": 0.009363162517927409, "val_worst": 0.014796884396124631, "lr": 0.0008922929508052804, "wall": 643.2}
{"arm": "unet-l", "epoch": 98, "steps": 5544, "train": 6.182564112973728e-05, "val_mean": 0.008047539013277, "val_worst": 0.01417115537393427, "lr": 0.0008901281916304745, "wall": 649.9}
{"arm": "unet-l", "epoch": 99, "steps": 5600, "train": 9.959245464031664e-05, "val_mean": 0.02042209146108786, "val_worst": 0.023968145623826657, "lr": 0.0008879503423932413, "wall": 656.4}
{"arm": "unet-l", "epoch": 100, "steps": 5656, "train": 0.00036827544266853615, "val_mean": 0.025464316242515047, "val_worst": 0.03616229698633643, "lr": 0.0008858020861722878, "wall": 662.9}
{"arm": "unet-l", "epoch": 101, "steps": 5712, "train": 0.00014865551566195227, "val_mean": 0.01051105372231151, "val_worst": 0.016503749092626654, "lr": 0.0008836356467309184, "wall": 669.4}
{"arm": "unet-l", "epoch": 102, "steps": 5768, "train": 7.279321351370687e-05, "val_mean": 0.009112336075862107, "val_worst": 0.014167814553510193, "lr": 0.0008814513469678299, "wall": 675.9}
{"arm": "unet-l", "epoch": 103, "steps": 5824, "train": 5.7001496909477845e-05, "val_mean": 0.00906795044895984, "val_worst": 0.01456430527695101, "lr": 0.000879249392195435, "wall": 682.4}
{"arm": "unet-l", "epoch": 104, "steps": 5880, "train": 8.330580587479767e-05, "val_mean": 0.014392930547698942, "val_worst": 0.02018526516633808, "lr": 0.0008770329930335482, "wall": 688.9}
{"arm": "unet-l", "epoch": 105, "steps": 5936, "train": 0.00010480318955143572, "val_mean": 0.009441986445632015, "val_worst": 0.015085955202146934, "lr": 0.0008747979185073297, "wall": 695.5}
{"arm": "unet-l", "epoch": 106, "steps": 5992, "train": 7.810204813914632e-05, "val_mean": 0.010593168331186835, "val_worst": 0.017173213835094805, "lr": 0.0008725462388688714, "wall": 702.0}
{"arm": "unet-l", "epoch": 107, "steps": 6048, "train": 0.0002893970889982904, "val_mean": 0.01794522829589848, "val_worst": 0.02621165047304701, "lr": 0.0008702780995644795, "wall": 708.5}
{"arm": "unet-l", "epoch": 108, "steps": 6104, "train": 0.00015217321250961846, "val_mean": 0.01801492329800062, "val_worst": 0.022847199548883087, "lr": 0.0008679902234128843, "wall": 715.0}
{"arm": "unet-l", "epoch": 109, "steps": 6160, "train": 0.00011350064489309556, "val_mean": 0.009392058708351726, "val_worst": 0.015652341208203455, "lr": 0.0008656869602661479, "wall": 721.5}
{"arm": "unet-l", "epoch": 110, "steps": 6216, "train": 6.247277474253138e-05, "val_mean": 0.007764089477150381, "val_worst": 0.012789127054059499, "lr": 0.0008633674170720805, "wall": 728.2}
{"arm": "unet-l", "epoch": 111, "steps": 6272, "train": 0.00018304910296421494, "val_mean": 0.02212643590342336, "val_worst": 0.03570567336666027, "lr": 0.000860971267065256, "wall": 734.7}
{"arm": "unet-l", "epoch": 112, "steps": 6328, "train": 0.00019556875657124117, "val_mean": 0.011131911698103278, "val_worst": 0.019458256839792017, "lr": 0.0008586164615642013, "wall": 741.2}
{"arm": "unet-l", "epoch": 113, "steps": 6384, "train": 0.00013543080637187655, "val_mean": 0.015382693567726613, "val_worst": 0.02341597450375356, "lr": 0.0008562452779108589, "wall": 747.7}
{"arm": "unet-l", "epoch": 114, "steps": 6440, "train": 8.518165289952018e-05, "val_mean": 0.008769957189363117, "val_worst": 0.014401678791399012, "lr": 0.0008538572285696136, "wall": 754.2}
{"arm": "unet-l", "epoch": 115, "steps": 6496, "train": 0.0004515846117904013, "val_mean": 0.02758377655209311, "val_worst": 0.03533794907097453, "lr": 0.0008514527976103126, "wall": 760.7}
{"arm": "unet-l", "epoch": 116, "steps": 6552, "train": 0.0003976364788002432, "val_mean": 0.016789358607413166, "val_worst": 0.02399410449496025, "lr": 0.0008490337142902427, "wall": 767.3}
{"arm": "unet-l", "epoch": 117, "steps": 6608, "train": 0.00013242659969090197, "val_mean": 0.0093832271424414, "val_worst": 0.015701122618817343, "lr": 0.0008465965802236375, "wall": 773.8}
{"arm": "unet-l", "epoch": 118, "steps": 6664, "train": 6.528237344646214e-05, "val_mean": 0.010386213305290645, "val_worst": 0.015077187042804125, "lr": 0.0008441451033732143, "wall": 780.3}
{"arm": "unet-l", "epoch": 119, "steps": 6720, "train": 6.401728952445249e-05, "val_mean": 0.011176171030862176, "val_worst": 0.016784378994384123, "lr": 0.0008416756944905665, "wall": 786.8}
{"arm": "unet-l", "epoch": 120, "steps": 6776, "train": 7.075634766976507e-05, "val_mean": 0.009732822177530694, "val_worst": 0.014342335298805822, "lr": 0.0008391926077836066, "wall": 793.3}
{"arm": "unet-l", "epoch": 121, "steps": 6832, "train": 5.717202676945378e-05, "val_mean": 0.008065969861772482, "val_worst": 0.01272205750955907, "lr": 0.0008366943154012387, "wall": 799.8}
{"arm": "unet-l", "epoch": 122, "steps": 6888, "train": 4.9409588866401334e-05, "val_mean": 0.008992273973319538, "val_worst": 0.013779184978470459, "lr": 0.0008341808065483791, "wall": 806.4}
{"arm": "unet-l", "epoch": 123, "steps": 6944, "train": 7.193965907097435e-05, "val_mean": 0.009357172629181317, "val_worst": 0.01500509683850988, "lr": 0.0008316498723521201, "wall": 812.9}
{"arm": "unet-l", "epoch": 124, "steps": 7000, "train": 8.855090849718443e-05, "val_mean": 0.0111010950948115, "val_worst": 0.016518115266899336, "lr": 0.0008291055560531302, "wall": 819.4}
{"arm": "unet-l", "epoch": 125, "steps": 7056, "train": 5.7224259757674246e-05, "val_mean": 0.007824367095245083, "val_worst": 0.012372333402320782, "lr": 0.0008265459260135598, "wall": 825.9}
{"arm": "unet-l", "epoch": 126, "steps": 7112, "train": 5.91080926713058e-05, "val_mean": 0.01401970419385518, "val_worst": 0.018843565011620336, "lr": 0.0008239715940358875, "wall": 832.4}
{"arm": "unet-l", "epoch": 127, "steps": 7168, "train": 9.307095187603626e-05, "val_mean": 0.012211470507364038, "val_worst": 0.018895251854281044, "lr": 0.0008213807170635004, "wall": 838.9}
{"arm": "unet-l", "epoch": 128, "steps": 7224, "train": 0.00010069090471931029, "val_mean": 0.009516713706590067, "val_worst": 0.014771269643617763, "lr": 0.0008187764441227706, "wall": 845.4}
{"arm": "unet-l", "epoch": 129, "steps": 7280, "train": 8.98325865275355e-05, "val_mean": 0.013322555344134257, "val_worst": 0.019024599467143275, "lr": 0.000816157806554991, "wall": 852.0}
{"arm": "unet-l", "epoch": 130, "steps": 7336, "train": 0.00010526642890232847, "val_mean": 0.011649726784990511, "val_worst": 0.014708829062562358, "lr": 0.0008135248963446768, "wall": 858.5}
{"arm": "unet-l", "epoch": 131, "steps": 7392, "train": 0.0003439578599778353, "val_mean": 0.019968196455142202, "val_worst": 0.028653550456272332, "lr": 0.0008108775366815169, "wall": 865.0}
{"arm": "unet-l", "epoch": 132, "steps": 7448, "train": 0.0004915842560305377, "val_mean": 0.02052012253628932, "val_worst": 0.033730975564654056, "lr": 0.0008082154456724864, "wall": 871.5}
{"arm": "unet-l", "epoch": 133, "steps": 7504, "train": 0.00022887565224992382, "val_mean": 0.012912457492626244, "val_worst": 0.02123348908577763, "lr": 0.0008055398432709785, "wall": 878.0}
{"arm": "unet-l", "epoch": 134, "steps": 7560, "train": 8.844772141427897e-05, "val_mean": 0.0085700531980478, "val_worst": 0.015461892786147546, "lr": 0.0008028490237383608, "wall": 884.5}
{"arm": "unet-l", "epoch": 135, "steps": 7616, "train": 4.53218378997029e-05, "val_mean": 0.0074682898683682605, "val_worst": 0.012397186626002504, "lr": 0.000800146007423499, "wall": 891.2}
{"arm": "unet-l", "epoch": 136, "steps": 7672, "train": 5.042900304506463e-05, "val_mean": 0.007190735575842573, "val_worst": 0.012535659467724475, "lr": 0.0007973552550794128, "wall": 897.9}
{"arm": "unet-l", "epoch": 137, "steps": 7728, "train": 5.7116014530618835e-05, "val_mean": 0.008452514360699773, "val_worst": 0.013365441173557752, "lr": 0.0007945320685775613, "wall": 904.5}
{"arm": "unet-l", "epoch": 138, "steps": 7784, "train": 5.416312339966269e-05, "val_mean": 0.007110082856226662, "val_worst": 0.01225046343824496, "lr": 0.0007917868798067349, "wall": 911.1}
{"arm": "unet-l", "epoch": 139, "steps": 7840, "train": 4.191525583486974e-05, "val_mean": 0.00730047287215564, "val_worst": 0.011494693511323827, "lr": 0.0007889557258026548, "wall": 917.7}
{"arm": "unet-l", "epoch": 140, "steps": 7896, "train": 3.390628741484343e-05, "val_mean": 0.006976763856343001, "val_worst": 0.011183540476870556, "lr": 0.0007861828897654725, "wall": 924.3}
{"arm": "unet-l", "epoch": 141, "steps": 7952, "train": 5.0775805960783797e-05, "val_mean": 0.010593660140786538, "val_worst": 0.020099844659855676, "lr": 0.0007833228670110311, "wall": 930.9}
{"arm": "unet-l", "epoch": 142, "steps": 8008, "train": 4.949545115498354e-05, "val_mean": 0.006800079321323032, "val_worst": 0.011711439975417057, "lr": 0.0007805237983613149, "wall": 937.5}
{"arm": "unet-l", "epoch": 143, "steps": 8064, "train": 3.366557019371018e-05, "val_mean": 0.006597254851372106, "val_worst": 0.011218101865546367, "lr": 0.0007776420708769421, "wall": 944.2}
{"arm": "unet-l", "epoch": 144, "steps": 8120, "train": 3.940559666161149e-05, "val_mean": 0.007641999431996565, "val_worst": 0.011975421475414133, "lr": 0.0007747566389827799, "wall": 950.7}
{"arm": "unet-l", "epoch": 145, "steps": 8176, "train": 0.00030764323566337393, "val_mean": 0.022195812154935345, "val_worst": 0.027558045047580547, "lr": 0.0007719190465961023, "wall": 957.2}
{"arm": "unet-l", "epoch": 146, "steps": 8232, "train": 0.0001636803918520495, "val_mean": 0.010149654773609646, "val_worst": 0.01912702944563593, "lr": 0.0007690642548778599, "wall": 963.7}
{"arm": "unet-l", "epoch": 147, "steps": 8288, "train": 4.424094207509348e-05, "val_mean": 0.0072828149999842615, "val_worst": 0.012158744054179747, "lr": 0.0007662004740842937, "wall": 970.3}
{"arm": "unet-l", "epoch": 148, "steps": 8344, "train": 4.04397750481679e-05, "val_mean": 0.007909527072252431, "val_worst": 0.011877154703313261, "lr": 0.0007633263493274176, "wall": 976.8}
{"arm": "unet-l", "epoch": 149, "steps": 8400, "train": 4.729693633334631e-05, "val_mean": 0.008190763316207238, "val_worst": 0.012868491633811608, "lr": 0.0007604405698879258, "wall": 983.3}
{"arm": "unet-l", "epoch": 150, "steps": 8456, "train": 5.35577910942935e-05, "val_mean": 0.008235788877688922, "val_worst": 0.014059441173076033, "lr": 0.0007575413093366666, "wall": 989.8}
{"arm": "unet-l", "epoch": 151, "steps": 8512, "train": 7.857691839514138e-05, "val_mean": 0.012257203532791375, "val_worst": 0.018519930331517064, "lr": 0.0007546288731806898, "wall": 996.3}
{"arm": "unet-l", "epoch": 152, "steps": 8568, "train": 9.37839624318557e-05, "val_mean": 0.009470594123560293, "val_worst": 0.015079747368187778, "lr": 0.0007517078663883006, "wall": 1002.8}
{"arm": "unet-l", "epoch": 153, "steps": 8624, "train": 5.8484213454160086e-05, "val_mean": 0.00750636491387023, "val_worst": 0.012477084197259644, "lr": 0.0007487750014059766, "wall": 1009.3}
{"arm": "unet-l", "epoch": 154, "steps": 8680, "train": 6.661673658542473e-05, "val_mean": 0.008759365551547138, "val_worst": 0.01317195032379223, "lr": 0.0007458310041343068, "wall": 1015.9}
{"arm": "unet-l", "epoch": 155, "steps": 8736, "train": 0.0001574604379826183, "val_mean": 0.01478473556494431, "val_worst": 0.01959954901169846, "lr": 0.0007428767505411849, "wall": 1022.4}
{"arm": "unet-l", "epoch": 156, "steps": 8792, "train": 0.00010775149799128873, "val_mean": 0.007634839567920844, "val_worst": 0.0128824959751854, "lr": 0.0007399019104632945, "wall": 1028.9}
{"arm": "unet-l", "epoch": 157, "steps": 8848, "train": 0.00016640261914395533, "val_mean": 0.024005928824766355, "val_worst": 0.0301377364179991, "lr": 0.0007369246534465925, "wall": 1035.4}
{"arm": "unet-l", "epoch": 158, "steps": 8904, "train": 0.0004352209452112653, "val_mean": 0.01716427497548172, "val_worst": 0.025879616322122448, "lr": 0.0007339355748519465, "wall": 1041.9}
{"arm": "unet-l", "epoch": 159, "steps": 8960, "train": 0.00015458928462636106, "val_mean": 0.009921100933237198, "val_worst": 0.01464098639323582, "lr": 0.0007309351030665239, "wall": 1048.5}
{"arm": "unet-l", "epoch": 160, "steps": 9016, "train": 6.585129582257179e-05, "val_mean": 0.008827875718765837, "val_worst": 0.015157791461213387, "lr": 0.0007279249018674721, "wall": 1055.0}
{"arm": "unet-l", "epoch": 161, "steps": 9072, "train": 7.286840513662109e-05, "val_mean": 0.01108308409965543, "val_worst": 0.01648571168303909, "lr": 0.0007249045816916998, "wall": 1061.5}
{"arm": "unet-l", "epoch": 162, "steps": 9128, "train": 4.74980051628344e-05, "val_mean": 0.006569159913741824, "val_worst": 0.010905149301245556, "lr": 0.000721875035155759, "wall": 1068.1}
{"arm": "unet-l", "epoch": 163, "steps": 9184, "train": 5.627001264900248e-05, "val_mean": 0.00887610896621332, "val_worst": 0.01380255019102718, "lr": 0.0007187630916380207, "wall": 1074.7}
{"arm": "unet-l", "epoch": 164, "steps": 9240, "train": 9.147850039869646e-05, "val_mean": 0.009569025372558958, "val_worst": 0.014517962067423784, "lr": 0.0007157115938218429, "wall": 1081.2}
{"arm": "unet-l", "epoch": 165, "steps": 9296, "train": 4.9941135533595315e-05, "val_mean": 0.008079938552619983, "val_worst": 0.012241116165021994, "lr": 0.0007126508934058811, "wall": 1087.7}
{"arm": "unet-l", "epoch": 166, "steps": 9352, "train": 3.6072096065014616e-05, "val_mean": 0.006528458509032515, "val_worst": 0.010858957596625095, "lr": 0.000709582001499567, "wall": 1094.4}
{"arm": "unet-l", "epoch": 167, "steps": 9408, "train": 3.6674994443627096e-05, "val_mean": 0.006608543594081572, "val_worst": 0.010749493083149477, "lr": 0.00070638749079958, "wall": 1101.0}
{"arm": "unet-l", "epoch": 168, "steps": 9464, "train": 6.262599240222758e-05, "val_mean": 0.013676478464674607, "val_worst": 0.022702257717638293, "lr": 0.0007032939801170273, "wall": 1107.5}
{"arm": "unet-l", "epoch": 169, "steps": 9520, "train": 0.00018462645333382463, "val_mean": 0.02101717159890673, "val_worst": 0.028163750839201498, "lr": 0.0007001946011566667, "wall": 1114.0}
{"arm": "unet-l", "epoch": 170, "steps": 9576, "train": 0.00020971581712960464, "val_mean": 0.010941719179051762, "val_worst": 0.01877575934329375, "lr": 0.0006970863705341451, "wall": 1120.5}
{"arm": "unet-l", "epoch": 171, "steps": 9632, "train": 8.353574038506428e-05, "val_mean": 0.009925971533890052, "val_worst": 0.013908468260756535, "lr": 0.0006939708219371049, "wall": 1127.0}
{"arm": "unet-l", "epoch": 172, "steps": 9688, "train": 7.65990832396153e-05, "val_mean": 0.008079280330961072, "val_worst": 0.012965009735610416, "lr": 0.0006908371961032572, "wall": 1133.6}
{"arm": "unet-l", "epoch": 173, "steps": 9744, "train": 5.773972476451593e-05, "val_mean": 0.00870834437105428, "val_worst": 0.012427371666136465, "lr": 0.0006877033469547334, "wall": 1140.1}
{"arm": "unet-l", "epoch": 174, "steps": 9800, "train": 3.573496718748196e-05, "val_mean": 0.006271125673919745, "val_worst": 0.010513157521792034, "lr": 0.0006845573555456087, "wall": 1146.8}
{"arm": "unet-l", "epoch": 175, "steps": 9856, "train": 2.8943625335450607e-05, "val_mean": 0.006261267946687771, "val_worst": 0.010445224212752074, "lr": 0.0006813170810387229, "wall": 1153.5}
{"arm": "unet-l", "epoch": 176, "steps": 9912, "train": 3.542616723528743e-05, "val_mean": 0.0074531556584715745, "val_worst": 0.012170449908404919, "lr": 0.0006780797640910648, "wall": 1160.0}
{"arm": "unet-l", "epoch": 177, "steps": 9968, "train": 5.276943549862336e-05, "val_mean": 0.010443527432977212, "val_worst": 0.016704138759097955, "lr": 0.0006749082301641989, "wall": 1166.5}
{"arm": "unet-l", "epoch": 178, "steps": 10024, "train": 0.00018152518687671723, "val_mean": 0.010035347349897715, "val_worst": 0.014403323804332114, "lr": 0.0006717154728099725, "wall": 1173.0}
{"arm": "unet-l", "epoch": 179, "steps": 10080, "train": 3.76943136981732e-05, "val_mean": 0.0060809163161935215, "val_worst": 0.010299408481728554, "lr": 0.0006685116154216275, "wall": 1179.7}
{"arm": "unet-l", "epoch": 180, "steps": 10136, "train": 2.827847170181629e-05, "val_mean": 0.005758765440760339, "val_worst": 0.009997334388353069, "lr": 0.0006652267454301727, "wall": 1186.4}
{"arm": "unet-l", "epoch": 181, "steps": 10192, "train": 3.194208989736548e-05, "val_mean": 0.008797409876531697, "val_worst": 0.012147222631224431, "lr": 0.0006619362364142071, "wall": 1193.0}
{"arm": "unet-l", "epoch": 182, "steps": 10248, "train": 5.3063751992538135e-05, "val_mean": 0.008743742951289359, "val_worst": 0.01392359703092274, "lr": 0.0006587089003136848, "wall": 1199.6}
{"arm": "unet-l", "epoch": 183, "steps": 10304, "train": 7.674178608864347e-05, "val_mean": 0.0158274112242058, "val_worst": 0.02218341255072601, "lr": 0.0006554755232732516, "wall": 1206.1}
{"arm": "unet-l", "epoch": 184, "steps": 10360, "train": 0.0001385102933293065, "val_mean": 0.010431234337902029, "val_worst": 0.013947921372893055, "lr": 0.000652231059061745, "wall": 1212.7}
{"arm": "unet-l", "epoch": 185, "steps": 10416, "train": 6.654490811501814e-05, "val_mean": 0.007755770427965556, "val_worst": 0.013441470497083961, "lr": 0.0006489831018288119, "wall": 1219.2}
{"arm": "unet-l", "epoch": 186, "steps": 10472, "train": 3.59419850454379e-05, "val_mean": 0.007022369362394195, "val_worst": 0.011903764767212803, "lr": 0.0006457281169267023, "wall": 1225.8}
{"arm": "unet-l", "epoch": 187, "steps": 10528, "train": 3.6949970612862525e-05, "val_mean": 0.007019580810575396, "val_worst": 0.010275930626435363, "lr": 0.000642468728362882, "wall": 1232.3}
{"arm": "unet-l", "epoch": 188, "steps": 10584, "train": 5.742715147361714e-05, "val_mean": 0.008727581439497027, "val_worst": 0.012576788416306633, "lr": 0.0006392013182362413, "wall": 1238.9}
{"arm": "unet-l", "epoch": 189, "steps": 10640, "train": 0.0002336326618021205, "val_mean": 0.01990084565462067, "val_worst": 0.030382936493014667, "lr": 0.0006359243314566789, "wall": 1245.5}
{"arm": "unet-l", "epoch": 190, "steps": 10696, "train": 0.0001478272360320318, "val_mean": 0.012942543371780172, "val_worst": 0.018337114254240845, "lr": 0.0006326438082623497, "wall": 1252.0}
{"arm": "unet-l", "epoch": 191, "steps": 10752, "train": 4.8875411049157516e-05, "val_mean": 0.006135105086288017, "val_worst": 0.01023363228051034, "lr": 0.0006293632999847108, "wall": 1258.6}
{"arm": "unet-l", "epoch": 192, "steps": 10808, "train": 2.5926081301834214e-05, "val_mean": 0.005614550860644231, "val_worst": 0.010150044027513825, "lr": 0.000626085419574033, "wall": 1265.2}
{"arm": "unet-l", "epoch": 193, "steps": 10864, "train": 2.2957709965652302e-05, "val_mean": 0.005865976161502116, "val_worst": 0.009643467398967738, "lr": 0.0006227315569793371, "wall": 1271.8}
{"arm": "unet-l", "epoch": 194, "steps": 10920, "train": 3.698667010356298e-05, "val_mean": 0.00846976184727534, "val_worst": 0.013292027942223771, "lr": 0.0006194501979342944, "wall": 1278.3}
{"arm": "unet-l", "epoch": 195, "steps": 10976, "train": 4.80780413019818e-05, "val_mean": 0.006589883774147346, "val_worst": 0.010462484389283305, "lr": 0.0006161616330730173, "wall": 1284.8}
{"arm": "unet-l", "epoch": 196, "steps": 11032, "train": 4.551697345976495e-05, "val_mean": 0.007186357080044671, "val_worst": 0.01065769527357359, "lr": 0.0006128656650390862, "wall": 1291.3}
{"arm": "unet-l", "epoch": 197, "steps": 11088, "train": 7.520490846983847e-05, "val_mean": 0.007081269233958689, "val_worst": 0.010313301231872336, "lr": 0.0006095683937753908, "wall": 1297.8}
{"arm": "unet-l", "epoch": 198, "steps": 11144, "train": 5.390975224636264e-05, "val_mean": 0.007242018821097148, "val_worst": 0.011132846345054296, "lr": 0.0006062650986308798, "wall": 1304.3}
{"arm": "unet-l", "epoch": 199, "steps": 11200, "train": 6.10102482746798e-05, "val_mean": 0.006938568977575282, "val_worst": 0.010967481106869674, "lr": 0.0006029578460193119, "wall": 1310.8}
{"arm": "unet-l", "epoch": 200, "steps": 11256, "train": 4.311706085506521e-05, "val_mean": 0.011444615568872146, "val_worst": 0.015451526937727004, "lr": 0.0005996452376496302, "wall": 1317.4}
{"arm": "unet-l", "epoch": 201, "steps": 11312, "train": 6.384589667370486e-05, "val_mean": 0.006969690813900989, "val_worst": 0.010626011987463565, "lr": 0.0005963299927218775, "wall": 1323.9}
{"arm": "unet-l", "epoch": 202, "steps": 11368, "train": 4.0483364104988e-05, "val_mean": 0.00839352097808251, "val_worst": 0.012710627509467115, "lr": 0.0005930095324706044, "wall": 1330.4}
{"arm": "unet-l", "epoch": 203, "steps": 11424, "train": 6.603955400500602e-05, "val_mean": 0.017491653649418425, "val_worst": 0.024396651575222184, "lr": 0.0005896836330235696, "wall": 1336.9}
{"arm": "unet-l", "epoch": 204, "steps": 11480, "train": 0.00010807233650072895, "val_mean": 0.011791986469647422, "val_worst": 0.015118169265228378, "lr": 0.0005863539679925902, "wall": 1343.4}
{"arm": "unet-l", "epoch": 205, "steps": 11536, "train": 6.36356565962146e-05, "val_mean": 0.007872787382833504, "val_worst": 0.013038492397076062, "lr": 0.0005830168494654255, "wall": 1349.9}
{"arm": "unet-l", "epoch": 206, "steps": 11592, "train": 4.497110398475027e-05, "val_mean": 0.006463432636623757, "val_worst": 0.011161973700750628, "lr": 0.0005796805048813935, "wall": 1356.4}
{"arm": "unet-l", "epoch": 207, "steps": 11648, "train": 2.376277430390761e-05, "val_mean": 0.005183044978906317, "val_worst": 0.009474136439992972, "lr": 0.0005763368987459181, "wall": 1363.1}
{"arm": "unet-l", "epoch": 208, "steps": 11704, "train": 1.9645945221248276e-05, "val_mean": 0.005455714817375586, "val_worst": 0.00926125871269057, "lr": 0.0005729113149587092, "wall": 1369.6}
{"arm": "unet-l", "epoch": 209, "steps": 11760, "train": 2.3195353081459375e-05, "val_mean": 0.006168200834195371, "val_worst": 0.010063238037454708, "lr": 0.0005695653785674972, "wall": 1376.2}
{"arm": "unet-l", "epoch": 210, "steps": 11816, "train": 3.8739757771836514e-05, "val_mean": 0.00865134330010511, "val_worst": 0.012707373608918698, "lr": 0.0005662161932727273, "wall": 1382.7}
{"arm": "unet-l", "epoch": 211, "steps": 11872, "train": 7.213490127533112e-05, "val_mean": 0.009869808311445797, "val_worst": 0.014288800718656736, "lr": 0.0005628653888556069, "wall": 1389.2}
{"arm": "unet-l", "epoch": 212, "steps": 11928, "train": 8.658929627932325e-05, "val_mean": 0.00707044552280014, "val_worst": 0.010388434612993156, "lr": 0.0005595121562928404, "wall": 1395.7}
{"arm": "unet-l", "epoch": 213, "steps": 11984, "train": 2.7702675373145816e-05, "val_mean": 0.005949820648792125, "val_worst": 0.009493075706802488, "lr": 0.0005561549087978703, "wall": 1402.2}
{"arm": "unet-l", "epoch": 214, "steps": 12040, "train": 4.405017371717953e-05, "val_mean": 0.007471214893130897, "val_worst": 0.01070841146028514, "lr": 0.0005527952103818462, "wall": 1408.7}
{"arm": "unet-l", "epoch": 215, "steps": 12096, "train": 4.447146603553714e-05, "val_mean": 0.007306960019695735, "val_worst": 0.010828169467925143, "lr": 0.0005494334737360896, "wall": 1415.2}
{"arm": "unet-l", "epoch": 216, "steps": 12152, "train": 3.689181850800398e-05, "val_mean": 0.008109107258024977, "val_worst": 0.012066406087415294, "lr": 0.0005460701977188491, "wall": 1421.7}
{"arm": "unet-l", "epoch": 217, "steps": 12208, "train": 9.049216430290166e-05, "val_mean": 0.009540526511038028, "val_worst": 0.014166236718815851, "lr": 0.0005427054188325488, "wall": 1428.3}
{"arm": "unet-l", "epoch": 218, "steps": 12264, "train": 0.00014029286852809035, "val_mean": 0.01135062802134957, "val_worst": 0.016266008170126196, "lr": 0.0005393363827341026, "wall": 1434.8}
{"arm": "unet-l", "epoch": 219, "steps": 12320, "train": 4.058350787160925e-05, "val_mean": 0.005561491927029181, "val_worst": 0.009802497623816896, "lr": 0.0005359658052424001, "wall": 1441.3}
{"arm": "unet-l", "epoch": 220, "steps": 12376, "train": 2.95675221480028e-05, "val_mean": 0.007574503107167464, "val_worst": 0.011083859600168307, "lr": 0.0005325941383009121, "wall": 1447.8}
{"arm": "unet-l", "epoch": 221, "steps": 12432, "train": 4.046639593025668e-05, "val_mean": 0.005723520966265059, "val_worst": 0.009127494678484414, "lr": 0.0005292211732916263, "wall": 1454.3}
{"arm": "unet-l", "epoch": 222, "steps": 12488, "train": 2.3889134175342963e-05, "val_mean": 0.005148864229181491, "val_worst": 0.009071687677832646, "lr": 0.0005258476066874558, "wall": 1461.0}
{"arm": "unet-l", "epoch": 223, "steps": 12544, "train": 2.858902865162578e-05, "val_mean": 0.007252461873251421, "val_worst": 0.01087049537187162, "lr": 0.000522389716771644, "wall": 1467.5}
{"arm": "unet-l", "epoch": 224, "steps": 12600, "train": 3.8574760310062075e-05, "val_mean": 0.007730777933709741, "val_worst": 0.01162323897513731, "lr": 0.0005190134752521236, "wall": 1474.0}
{"arm": "unet-l", "epoch": 225, "steps": 12656, "train": 3.063689634300782e-05, "val_mean": 0.005778715381861112, "val_worst": 0.009215460437708819, "lr": 0.0005156373315434717, "wall": 1480.5}
{"arm": "unet-l", "epoch": 226, "steps": 12712, "train": 3.0484723627652213e-05, "val_mean": 0.005766456505390465, "val_worst": 0.009483476330994438, "lr": 0.0005122608347419761, "wall": 1487.1}
{"arm": "unet-l", "epoch": 227, "steps": 12768, "train": 3.991686986391372e-05, "val_mean": 0.006897117504151201, "val_worst": 0.009786124772410478, "lr": 0.0005088851808387453, "wall": 1493.6}
{"arm": "unet-l", "epoch": 228, "steps": 12824, "train": 7.877143173785896e-05, "val_mean": 0.011631046811566695, "val_worst": 0.014057654459126465, "lr": 0.0005055091058432461, "wall": 1500.1}
{"arm": "unet-l", "epoch": 229, "steps": 12880, "train": 6.098249652636819e-05, "val_mean": 0.006658716328011176, "val_worst": 0.010160927166350885, "lr": 0.0005021318028338732, "wall": 1506.6}
{"arm": "unet-l", "epoch": 230, "steps": 12936, "train": 3.883624918653262e-05, "val_mean": 0.007701165089742158, "val_worst": 0.009948370358267733, "lr": 0.0004987541257889459, "wall": 1513.1}
{"arm": "unet-l", "epoch": 231, "steps": 12992, "train": 6.620548748180536e-05, "val_mean": 0.008511485116584113, "val_worst": 0.01275373236340538, "lr": 0.0004953774284687719, "wall": 1519.6}
{"arm": "unet-l", "epoch": 232, "steps": 13048, "train": 5.2505183596636015e-05, "val_mean": 0.008861547309374353, "val_worst": 0.01219340775628757, "lr": 0.00049200051063607, "wall": 1526.1}
{"arm": "unet-l", "epoch": 233, "steps": 13104, "train": 4.613322984168023e-05, "val_mean": 0.007210490747425438, "val_worst": 0.010784178969826743, "lr": 0.0004886260776307437, "wall": 1532.7}
{"arm": "unet-l", "epoch": 234, "steps": 13160, "train": 2.7822706039522954e-05, "val_mean": 0.006604339183825719, "val_worst": 0.010402206589676584, "lr": 0.00048524355872779445, "wall": 1539.2}
{"arm": "unet-l", "epoch": 235, "steps": 13216, "train": 3.474820087908922e-05, "val_mean": 0.006483612099043597, "val_worst": 0.010176108214254418, "lr": 0.00048186771293549615, "wall": 1545.7}
{"arm": "unet-l", "epoch": 236, "steps": 13272, "train": 2.056273616273576e-05, "val_mean": 0.0050707535372268775, "val_worst": 0.008853820519441658, "lr": 0.0004784952957170199, "wall": 1552.4}
{"arm": "unet-l", "epoch": 237, "steps": 13328, "train": 1.9160742772013678e-05, "val_mean": 0.005031921202811776, "val_worst": 0.008633803604873575, "lr": 0.0004750439532841877, "wall": 1559.1}
{"arm": "unet-l", "epoch": 238, "steps": 13384, "train": 2.055831844780883e-05, "val_mean": 0.005157940400840935, "val_worst": 0.008817066018316787, "lr": 0.00047158646100273346, "wall": 1565.6}
{"arm": "unet-l", "epoch": 239, "steps": 13440, "train": 2.070173210751907e-05, "val_mean": 0.005202657188194471, "val_worst": 0.008597270289225632, "lr": 0.0004682180708658387, "wall": 1572.1}
{"arm": "unet-l", "epoch": 240, "steps": 13496, "train": 3.990033939464531e-05, "val_mean": 0.005811774524409879, "val_worst": 0.008959950354716445, "lr": 0.0004648348162039894, "wall": 1578.6}
{"arm": "unet-l", "epoch": 241, "steps": 13552, "train": 2.0857509357251734e-05, "val_mean": 0.004799565714468603, "val_worst": 0.008502773475911052, "lr": 0.00046146981594048645, "wall": 1585.3}
{"arm": "unet-l", "epoch": 242, "steps": 13608, "train": 6.69549001503073e-05, "val_mean": 0.016186044204850883, "val_worst": 0.02025641997817473, "lr": 0.00045803631641749, "wall": 1591.8}
{"arm": "unet-l", "epoch": 243, "steps": 13664, "train": 0.0001481235352136399, "val_mean": 0.009378565188644689, "val_worst": 0.013614222052927259, "lr": 0.0004546756845938674, "wall": 1598.3}
{"arm": "unet-l", "epoch": 244, "steps": 13720, "train": 5.625265814403574e-05, "val_mean": 0.005391473500740464, "val_worst": 0.009516560468061742, "lr": 0.00045131794244011137, "wall": 1604.8}
{"arm": "unet-l", "epoch": 245, "steps": 13776, "train": 1.869677490542869e-05, "val_mean": 0.004984987755170124, "val_worst": 0.00873020045341005, "lr": 0.00044795486448741636, "wall": 1611.4}
{"arm": "unet-l", "epoch": 246, "steps": 13832, "train": 1.6878437565876653e-05, "val_mean": 0.004709834660632533, "val_worst": 0.008475769306355348, "lr": 0.00044459792948746353, "wall": 1618.0}
{"arm": "unet-l", "epoch": 247, "steps": 13888, "train": 1.62363792461322e-05, "val_mean": 0.004518605997972751, "val_worst": 0.008163498770539696, "lr": 0.0004411708896906006, "wall": 1624.7}
{"arm": "unet-l", "epoch": 248, "steps": 13944, "train": 1.647260187146314e-05, "val_mean": 0.004845401795758691, "val_worst": 0.008312331976395387, "lr": 0.0004377209094389137, "wall": 1631.3}
{"arm": "unet-l", "epoch": 249, "steps": 14000, "train": 1.5823231139809187e-05, "val_mean": 0.004627526655817492, "val_worst": 0.008207264101517979, "lr": 0.0004343776016570629, "wall": 1637.8}
{"arm": "unet-l", "epoch": 250, "steps": 14056, "train": 1.629575834006424e-05, "val_mean": 0.005045878832488358, "val_worst": 0.008433143642303858, "lr": 0.00043103614753456826, "wall": 1644.3}
{"arm": "unet-l", "epoch": 251, "steps": 14112, "train": 1.8554532391120896e-05, "val_mean": 0.00551051583748753, "val_worst": 0.009084586853029023, "lr": 0.00042769410475286144, "wall": 1650.8}
{"arm": "unet-l", "epoch": 252, "steps": 14168, "train": 2.063522014522895e-05, "val_mean": 0.0048349599389881405, "val_worst": 0.008421661279713388, "lr": 0.0004243597152250542, "wall": 1657.3}
{"arm": "unet-l", "epoch": 253, "steps": 14224, "train": 2.135144793471287e-05, "val_mean": 0.006395322777713789, "val_worst": 0.011158620889037177, "lr": 0.0004210292859101802, "wall": 1663.9}
{"arm": "unet-l", "epoch": 254, "steps": 14280, "train": 9.805761257621256e-05, "val_mean": 0.009079034205023059, "val_worst": 0.012984862095462445, "lr": 0.00041770199886075163, "wall": 1670.4}
{"arm": "unet-l", "epoch": 255, "steps": 14336, "train": 3.525324751530943e-05, "val_mean": 0.004990271073344783, "val_worst": 0.00881709678341407, "lr": 0.00041434717273794246, "wall": 1676.9}
{"arm": "unet-l", "epoch": 256, "steps": 14392, "train": 3.0352594544343313e-05, "val_mean": 0.0068736196223162516, "val_worst": 0.009869929235131055, "lr": 0.0004110295257772163, "wall": 1683.5}
{"arm": "unet-l", "epoch": 257, "steps": 14448, "train": 2.6866862654687375e-05, "val_mean": 0.005975517549694666, "val_worst": 0.008989983771233969, "lr": 0.0004077162629931409, "wall": 1690.0}
{"arm": "unet-l", "epoch": 258, "steps": 14504, "train": 1.8816730864787965e-05, "val_mean": 0.0046737548534399615, "val_worst": 0.00826944565457896, "lr": 0.0004044077043927955, "wall": 1696.5}
{"arm": "unet-l", "epoch": 259, "steps": 14560, "train": 1.5729826657495923e-05, "val_mean": 0.00488219070876603, "val_worst": 0.008506494910667527, "lr": 0.00040110270405581156, "wall": 1703.0}
{"arm": "unet-l", "epoch": 260, "steps": 14616, "train": 2.182095677910588e-05, "val_mean": 0.005541085255945471, "val_worst": 0.008672599134704306, "lr": 0.00039780156969583405, "wall": 1709.5}
{"arm": "unet-l", "epoch": 261, "steps": 14672, "train": 2.9277514227430146e-05, "val_mean": 0.005220797631548367, "val_worst": 0.008517718278108648, "lr": 0.0003945067696206914, "wall": 1716.0}
{"arm": "unet-l", "epoch": 262, "steps": 14728, "train": 1.9174581071633013e-05, "val_mean": 0.00440276362088595, "val_worst": 0.008009895258681126, "lr": 0.00039121389857188276, "wall": 1722.8}
{"arm": "unet-l", "epoch": 263, "steps": 14784, "train": 1.6898609564936023e-05, "val_mean": 0.004525425242263013, "val_worst": 0.008229178022915017, "lr": 0.00038783446719265456, "wall": 1729.3}
{"arm": "unet-l", "epoch": 264, "steps": 14840, "train": 1.5008156767032994e-05, "val_mean": 0.0046673953552532135, "val_worst": 0.008243078708951334, "lr": 0.0003845557990382161, "wall": 1735.8}
{"arm": "unet-l", "epoch": 265, "steps": 14896, "train": 1.6794976952932153e-05, "val_mean": 0.004473319593703698, "val_worst": 0.00808268743553936, "lr": 0.0003812802816222423, "wall": 1742.3}
{"arm": "unet-l", "epoch": 266, "steps": 14952, "train": 1.640298443947136e-05, "val_mean": 0.005116626429303727, "val_worst": 0.00838483927346771, "lr": 0.0003780111204715444, "wall": 1748.8}
{"arm": "unet-l", "epoch": 267, "steps": 15008, "train": 2.5651159299030807e-05, "val_mean": 0.00987906352203091, "val_worst": 0.012977911480428947, "lr": 0.0003747508445078344, "wall": 1755.3}
{"arm": "unet-l", "epoch": 268, "steps": 15064, "train": 0.00011075123840377499, "val_mean": 0.017797211579910974, "val_worst": 0.023310110874596536, "lr": 0.0003714927317798431, "wall": 1761.9}
{"arm": "unet-l", "epoch": 269, "steps": 15120, "train": 0.0002061044358886159, "val_mean": 0.007443351397804722, "val_worst": 0.010551759189513205, "lr": 0.0003682444580641056, "wall": 1768.4}
{"arm": "unet-l", "epoch": 270, "steps": 15176, "train": 2.3321455166858027e-05, "val_mean": 0.005061518360950049, "val_worst": 0.008394913418446363, "lr": 0.0003650010166516766, "wall": 1774.9}
{"arm": "unet-l", "epoch": 271, "steps": 15232, "train": 1.540474173190407e-05, "val_mean": 0.0045320141417199995, "val_worst": 0.007918055059999226, "lr": 0.00036176527303682996, "wall": 1781.4}
{"arm": "unet-l", "epoch": 272, "steps": 15288, "train": 1.5356167647815772e-05, "val_mean": 0.004546891600204454, "val_worst": 0.00871170381198508, "lr": 0.0003585363376356169, "wall": 1787.9}
{"arm": "unet-l", "epoch": 273, "steps": 15344, "train": 1.4645597136657403e-05, "val_mean": 0.0043108169317050225, "val_worst": 0.007930080098375585, "lr": 0.00035531461714898515, "wall": 1794.6}
{"arm": "unet-l", "epoch": 274, "steps": 15400, "train": 1.4557744153138136e-05, "val_mean": 0.004333741207541127, "val_worst": 0.007889475558721125, "lr": 0.0003520244503073415, "wall": 1801.1}
{"arm": "unet-l", "epoch": 275, "steps": 15456, "train": 1.28294616302683e-05, "val_mean": 0.004276931270007181, "val_worst": 0.008142688351834163, "lr": 0.0003488157541009375, "wall": 1807.8}
{"arm": "unet-l", "epoch": 276, "steps": 15512, "train": 1.328792279125485e-05, "val_mean": 0.004172200736072454, "val_worst": 0.007721599259931452, "lr": 0.0003455381811195179, "wall": 1814.4}
{"arm": "unet-l", "epoch": 277, "steps": 15568, "train": 1.2782976753727042e-05, "val_mean": 0.004377752421195436, "val_worst": 0.007905492137030953, "lr": 0.00034226603993896867, "wall": 1821.0}
{"arm": "unet-l", "epoch": 278, "steps": 15624, "train": 1.3375285217554254e-05, "val_mean": 0.004942825104511248, "val_worst": 0.00856363333286153, "lr": 0.0003390794478587098, "wall": 1827.5}
{"arm": "unet-l", "epoch": 279, "steps": 15680, "train": 1.6042909107536528e-05, "val_mean": 0.005285025382100158, "val_worst": 0.008653807256799883, "lr": 0.00033590156615215954, "wall": 1834.0}
{"arm": "unet-l", "epoch": 280, "steps": 15736, "train": 1.90101944779022e-05, "val_mean": 0.004553977181479973, "val_worst": 0.007927218707164915, "lr": 0.00033273118394235365, "wall": 1840.5}
{"arm": "unet-l", "epoch": 281, "steps": 15792, "train": 1.3381748398877673e-05, "val_mean": 0.004212227990799797, "val_worst": 0.007694825109021175, "lr": 0.0003295680516611703, "wall": 1847.0}
{"arm": "unet-l", "epoch": 282, "steps": 15848, "train": 1.3507840182843379e-05, "val_mean": 0.004098797863870879, "val_worst": 0.007616155343304548, "lr": 0.0003264124312772367, "wall": 1853.7}
{"arm": "unet-l", "epoch": 283, "steps": 15904, "train": 1.3118578206509977e-05, "val_mean": 0.004161395096959649, "val_worst": 0.00786119842168163, "lr": 0.0003231848285843047, "wall": 1860.2}
{"arm": "unet-l", "epoch": 284, "steps": 15960, "train": 1.2603492564787063e-05, "val_mean": 0.0042488745322015724, "val_worst": 0.007754505640773062, "lr": 0.0003200487008614786, "wall": 1866.7}
{"arm": "unet-l", "epoch": 285, "steps": 16016, "train": 1.2806678242775677e-05, "val_mean": 0.004270082760308134, "val_worst": 0.00752165631072856, "lr": 0.0003169197305677257, "wall": 1873.3}
{"arm": "unet-l", "epoch": 286, "steps": 16072, "train": 1.3418924015433925e-05, "val_mean": 0.0043687608218691085, "val_worst": 0.007611099153367462, "lr": 0.00031380038602341585, "wall": 1879.8}
{"arm": "unet-l", "epoch": 287, "steps": 16128, "train": 2.508079713608356e-05, "val_mean": 0.008770998971194153, "val_worst": 0.012149076342764395, "lr": 0.00031068975112719197, "wall": 1886.3}
{"arm": "unet-l", "epoch": 288, "steps": 16184, "train": 2.4014259959827086e-05, "val_mean": 0.0048315594530001895, "val_worst": 0.008256788136973588, "lr": 0.00030758932201598537, "wall": 1892.8}
{"arm": "unet-l", "epoch": 289, "steps": 16240, "train": 1.729883196133777e-05, "val_mean": 0.0044402836883314055, "val_worst": 0.00789256107045929, "lr": 0.000304498361881319, "wall": 1899.3}
{"arm": "unet-l", "epoch": 290, "steps": 16296, "train": 1.3545814780343573e-05, "val_mean": 0.0042379550178501466, "val_worst": 0.007670611020876458, "lr": 0.00030141486170624055, "wall": 1905.8}
{"arm": "unet-l", "epoch": 291, "steps": 16352, "train": 1.5569447836534013e-05, "val_mean": 0.0043935602867654164, "val_worst": 0.007610622129559093, "lr": 0.00029834144883652874, "wall": 1912.3}
{"arm": "unet-l", "epoch": 292, "steps": 16408, "train": 2.09550147091163e-05, "val_mean": 0.004720265317383312, "val_worst": 0.007966451926874821, "lr": 0.00029527777267277416, "wall": 1918.9}
{"arm": "unet-l", "epoch": 293, "steps": 16464, "train": 1.6252014031017907e-05, "val_mean": 0.004328769900494607, "val_worst": 0.007562955320112309, "lr": 0.00029222447936815606, "wall": 1925.4}
{"arm": "unet-l", "epoch": 294, "steps": 16520, "train": 1.491064244227573e-05, "val_mean": 0.004286346090627968, "val_worst": 0.007776887133837436, "lr": 0.000289178022512174, "wall": 1931.9}
{"arm": "unet-l", "epoch": 295, "steps": 16576, "train": 1.3931333103619853e-05, "val_mean": 0.004492447552991408, "val_worst": 0.007577838548559891, "lr": 0.0002861445512585689, "wall": 1938.4}
{"arm": "unet-l", "epoch": 296, "steps": 16632, "train": 2.8758320162819174e-05, "val_mean": 0.005584466886104826, "val_worst": 0.00854696691366889, "lr": 0.00028311979427665456, "wall": 1944.9}
{"arm": "unet-l", "epoch": 297, "steps": 16688, "train": 2.1091302756256868e-05, "val_mean": 0.004561696575587507, "val_worst": 0.007656003664379075, "lr": 0.0002801047730188315, "wall": 1951.4}
{"arm": "unet-l", "epoch": 298, "steps": 16744, "train": 1.8572461341756512e-05, "val_mean": 0.005156228762801451, "val_worst": 0.007945840652574213, "lr": 0.0002771019032320287, "wall": 1958.0}
{"arm": "unet-l", "epoch": 299, "steps": 16800, "train": 2.1971357244581397e-05, "val_mean": 0.005456594020144448, "val_worst": 0.008603359727897499, "lr": 0.0002741085101889028, "wall": 1964.5}
{"arm": "unet-l", "epoch": 300, "steps": 16856, "train": 2.288944636351402e-05, "val_mean": 0.004920570915768158, "val_worst": 0.008703542855861657, "lr": 0.00027112581071228625, "wall": 1971.0}
{"arm": "unet-l", "epoch": 301, "steps": 16912, "train": 1.5960103882579442e-05, "val_mean": 0.0043676585901894814, "val_worst": 0.00781713291489935, "lr": 0.000268155964466051, "wall": 1977.5}
{"arm": "unet-l", "epoch": 302, "steps": 16968, "train": 1.7439138322882178e-05, "val_mean": 0.005148644623983544, "val_worst": 0.00796656312012447, "lr": 0.00026519683660048305, "wall": 1984.0}
{"arm": "unet-l", "epoch": 303, "steps": 17024, "train": 3.725396878775885e-05, "val_mean": 0.006942947029831589, "val_worst": 0.009161331271864321, "lr": 0.0002622442321060386, "wall": 1990.5}
{"arm": "unet-l", "epoch": 304, "steps": 17080, "train": 2.2940113197325507e-05, "val_mean": 0.0045165016016445875, "val_worst": 0.007599493525973375, "lr": 0.00025930395323635065, "wall": 1997.1}
{"arm": "unet-l", "epoch": 305, "steps": 17136, "train": 1.2278029566312711e-05, "val_mean": 0.003982399162077457, "val_worst": 0.00723277163507624, "lr": 0.00025637567058198977, "wall": 2003.8}
{"arm": "unet-l", "epoch": 306, "steps": 17192, "train": 1.1677577192502712e-05, "val_mean": 0.004037304021062758, "val_worst": 0.007231975678303478, "lr": 0.0002533815364905715, "wall": 2010.3}
{"arm": "unet-l", "epoch": 307, "steps": 17248, "train": 1.1990036000991808e-05, "val_mean": 0.0048573615396272675, "val_worst": 0.008086771056538385, "lr": 0.0002504802011176184, "wall": 2016.8}
{"arm": "unet-l", "epoch": 308, "steps": 17304, "train": 1.6585819520925945e-05, "val_mean": 0.004127995010008389, "val_worst": 0.007399917743215015, "lr": 0.00024758926155021783, "wall": 2023.3}
{"arm": "unet-l", "epoch": 309, "steps": 17360, "train": 1.1590600126474591e-05, "val_mean": 0.004005956052512436, "val_worst": 0.007160309098139159, "lr": 0.00024471127997706415, "wall": 2029.8}
{"arm": "unet-l", "epoch": 310, "steps": 17416, "train": 1.3153748252762389e-05, "val_mean": 0.004300881511754812, "val_worst": 0.007398873337563107, "lr": 0.0002418457000243125, "wall": 2036.3}
{"arm": "unet-l", "epoch": 311, "steps": 17472, "train": 1.2532715383649418e-05, "val_mean": 0.004191170126726508, "val_worst": 0.007350440609869382, "lr": 0.00023899188408230208, "wall": 2042.8}
{"arm": "unet-l", "epoch": 312, "steps": 17528, "train": 1.366825728805693e-05, "val_mean": 0.004274597306132337, "val_worst": 0.00795832554943388, "lr": 0.0002361511380170249, "wall": 2049.4}
{"arm": "unet-l", "epoch": 313, "steps": 17584, "train": 1.2411328576378588e-05, "val_mean": 0.004088910998019439, "val_worst": 0.00738369882653421, "lr": 0.00023332153794928986, "wall": 2055.9}
{"arm": "unet-l", "epoch": 314, "steps": 17640, "train": 1.2307808602881903e-05, "val_mean": 0.004114218644271502, "val_worst": 0.007293975422252354, "lr": 0.00023050213736014398, "wall": 2062.4}
{"arm": "unet-l", "epoch": 315, "steps": 17696, "train": 1.595813652014275e-05, "val_mean": 0.004471942682961798, "val_worst": 0.0075395730768439365, "lr": 0.0002276988581130101, "wall": 2068.9}
{"arm": "unet-l", "epoch": 316, "steps": 17752, "train": 1.5564817990506624e-05, "val_mean": 0.004706421286331216, "val_worst": 0.007797575298983044, "lr": 0.00022490688959893082, "wall": 2075.4}
{"arm": "unet-l", "epoch": 317, "steps": 17808, "train": 1.4439539767422389e-05, "val_mean": 0.004265962810769221, "val_worst": 0.007446887613793046, "lr": 0.0002221291530052426, "wall": 2081.9}
{"arm": "unet-l", "epoch": 318, "steps": 17864, "train": 1.28016142671881e-05, "val_mean": 0.004221133944212066, "val_worst": 0.007311976948223598, "lr": 0.000219365017618, "wall": 2088.4}
{"arm": "unet-l", "epoch": 319, "steps": 17920, "train": 1.4194481630476478e-05, "val_mean": 0.004367134675009074, "val_worst": 0.007697193082602202, "lr": 0.00021661447083995777, "wall": 2095.0}
{"arm": "unet-l", "epoch": 320, "steps": 17976, "train": 1.2139406346798463e-05, "val_mean": 0.003946730723415064, "val_worst": 0.007197681843226011, "lr": 0.00021387801014644724, "wall": 2101.7}
{"arm": "unet-l", "epoch": 321, "steps": 18032, "train": 1.5828993369883308e-05, "val_mean": 0.00628087181672941, "val_worst": 0.010414479255141572, "lr": 0.00021105814445530473, "wall": 2108.2}
{"arm": "unet-l", "epoch": 322, "steps": 18088, "train": 2.1709429130538306e-05, "val_mean": 0.005278280789343788, "val_worst": 0.008235531236060908, "lr": 0.00020834843026993588, "wall": 2114.7}
{"arm": "unet-l", "epoch": 323, "steps": 18144, "train": 1.7075437361126866e-05, "val_mean": 0.00444265765691388, "val_worst": 0.007388680554337251, "lr": 0.00020565053753376187, "wall": 2121.2}
{"arm": "unet-l", "epoch": 324, "steps": 18200, "train": 1.1919329788195376e-05, "val_mean": 0.00387421305959168, "val_worst": 0.007112982984192441, "lr": 0.00020296766624272272, "wall": 2128.0}
{"arm": "unet-l", "epoch": 325, "steps": 18256, "train": 1.0980331246796243e-05, "val_mean": 0.004212948182942233, "val_worst": 0.007249255820847757, "lr": 0.00020020340480647153, "wall": 2134.5}
{"arm": "unet-l", "epoch": 326, "steps": 18312, "train": 1.1374125529918747e-05, "val_mean": 0.0039729675958777855, "val_worst": 0.007250910859180453, "lr": 0.00019755071572845237, "wall": 2141.0}
{"arm": "unet-l", "epoch": 327, "steps": 18368, "train": 1.2707239170611522e-05, "val_mean": 0.003847474345476866, "val_worst": 0.007245639530739316, "lr": 0.00019491104824260864, "wall": 2147.7}
{"arm": "unet-l", "epoch": 328, "steps": 18424, "train": 1.15962903697857e-05, "val_mean": 0.004329379858152625, "val_worst": 0.007080590537470533, "lr": 0.0001922115522304002, "wall": 2154.2}
{"arm": "unet-l", "epoch": 329, "steps": 18480, "train": 1.1718029306643833e-05, "val_mean": 0.004135692618652475, "val_worst": 0.007425694389235674, "lr": 0.00018960036395717497, "wall": 2160.8}
{"arm": "unet-l", "epoch": 330, "steps": 18536, "train": 1.3841560398555951e-05, "val_mean": 0.004817531633804325, "val_worst": 0.008458081605775726, "lr": 0.00018700226811835222, "wall": 2167.3}
{"arm": "unet-l", "epoch": 331, "steps": 18592, "train": 1.478463529830479e-05, "val_mean": 0.004071536948458131, "val_worst": 0.007316606931141538, "lr": 0.00018441913488171562, "wall": 2173.8}
{"arm": "unet-l", "epoch": 332, "steps": 18648, "train": 1.0608852657657602e-05, "val_mean": 0.0037833498676404015, "val_worst": 0.007247498191750252, "lr": 0.00018185001605163783, "wall": 2180.5}
{"arm": "unet-l", "epoch": 333, "steps": 18704, "train": 1.0089634570819695e-05, "val_mean": 0.003761646533783826, "val_worst": 0.007003845334701957, "lr": 0.00017922235933383955, "wall": 2187.2}
{"arm": "unet-l", "epoch": 334, "steps": 18760, "train": 1.0843482027184573e-05, "val_mean": 0.004115468669519017, "val_worst": 0.00732858894005672, "lr": 0.0001766252734836824, "wall": 2193.7}
{"arm": "unet-l", "epoch": 335, "steps": 18816, "train": 1.0101444063425995e-05, "val_mean": 0.0037200096046723927, "val_worst": 0.006897469501150733, "lr": 0.00017410560167793943, "wall": 2200.4}
{"arm": "unet-l", "epoch": 336, "steps": 18872, "train": 1.0071762560667403e-05, "val_mean": 0.004063462139992428, "val_worst": 0.006978917194651768, "lr": 0.00017153999923315866, "wall": 2206.9}
{"arm": "unet-l", "epoch": 337, "steps": 18928, "train": 1.4590280691098497e-05, "val_mean": 0.004184053611432368, "val_worst": 0.007382889999583038, "lr": 0.0001690519495300148, "wall": 2213.4}
{"arm": "unet-l", "epoch": 338, "steps": 18984, "train": 1.370226538724994e-05, "val_mean": 0.004322545302599616, "val_worst": 0.007406400346977224, "lr": 0.0001665809735610868, "wall": 2219.9}
{"arm": "unet-l", "epoch": 339, "steps": 19040, "train": 1.065031936201053e-05, "val_mean": 0.003846275224689653, "val_worst": 0.007008394275899223, "lr": 0.0001641232651844622, "wall": 2226.4}
{"arm": "unet-l", "epoch": 340, "steps": 19096, "train": 1.0136529860302543e-05, "val_mean": 0.0037132646269423942, "val_worst": 0.006925490968413318, "lr": 0.00016168204596942823, "wall": 2233.1}
{"arm": "unet-l", "epoch": 341, "steps": 19152, "train": 9.735302834058878e-06, "val_mean": 0.0036948471305009957, "val_worst": 0.006921801362593681, "lr": 0.00015919441602245185, "wall": 2239.8}
{"arm": "unet-l", "epoch": 342, "steps": 19208, "train": 1.0003063077202257e-05, "val_mean": 0.003962596503516108, "val_worst": 0.007113331014268361, "lr": 0.0001567316001149965, "wall": 2246.3}
{"arm": "unet-l", "epoch": 343, "steps": 19264, "train": 1.3932414393797968e-05, "val_mean": 0.004057769515559081, "val_worst": 0.006960627865015904, "lr": 0.00015433916371887494, "wall": 2252.8}
{"arm": "unet-l", "epoch": 344, "steps": 19320, "train": 1.0834432671215382e-05, "val_mean": 0.0038790528533437837, "val_worst": 0.007075354950441751, "lr": 0.00015196072332137125, "wall": 2259.3}
{"arm": "unet-l", "epoch": 345, "steps": 19376, "train": 1.2395180472361206e-05, "val_mean": 0.0044940599886311655, "val_worst": 0.007417434004649189, "lr": 0.0001496005695587542, "wall": 2265.9}
{"arm": "unet-l", "epoch": 346, "steps": 19432, "train": 1.1342061846332193e-05, "val_mean": 0.003761200406195071, "val_worst": 0.006969664661203359, "lr": 0.00014725281749524165, "wall": 2272.4}
{"arm": "unet-l", "epoch": 347, "steps": 19488, "train": 9.472192753967549e-06, "val_mean": 0.0037929404880498647, "val_worst": 0.0068783816589723925, "lr": 0.00014492552173341495, "wall": 2278.9}
{"arm": "unet-l", "epoch": 348, "steps": 19544, "train": 1.243620308108963e-05, "val_mean": 0.0039389252893923, "val_worst": 0.007122419311060819, "lr": 0.00014261411718354572, "wall": 2285.4}
{"arm": "unet-l", "epoch": 349, "steps": 19600, "train": 1.1879286407511168e-05, "val_mean": 0.00426377481234167, "val_worst": 0.007234297790052154, "lr": 0.0001403214509860425, "wall": 2292.0}
{"arm": "unet-l", "epoch": 350, "steps": 19656, "train": 1.0535931209279927e-05, "val_mean": 0.003580880115196625, "val_worst": 0.006763368979810311, "lr": 0.00013804562567814604, "wall": 2298.7}
{"arm": "unet-l", "epoch": 351, "steps": 19712, "train": 9.46736385357808e-06, "val_mean": 0.0036949696977902706, "val_worst": 0.006838608518250841, "lr": 0.0001357256171360562, "wall": 2305.2}
{"arm": "unet-l", "epoch": 352, "steps": 19768, "train": 9.392729539692792e-06, "val_mean": 0.0036047514586381437, "val_worst": 0.006762217955008639, "lr": 0.00013348441483158676, "wall": 2311.7}
{"arm": "unet-l", "epoch": 353, "steps": 19824, "train": 9.015036389771544e-06, "val_mean": 0.003551786570855958, "val_worst": 0.006743508191478726, "lr": 0.00013126021104651315, "wall": 2318.4}
{"arm": "unet-l", "epoch": 354, "steps": 19880, "train": 9.992694482083003e-06, "val_mean": 0.003800348609649241, "val_worst": 0.007257619352568696, "lr": 0.00012899519670261787, "wall": 2324.9}
{"arm": "unet-l", "epoch": 355, "steps": 19936, "train": 9.862656607181324e-06, "val_mean": 0.0036104166366068696, "val_worst": 0.00674535557147743, "lr": 0.0001268072925798652, "wall": 2331.4}
{"arm": "unet-l", "epoch": 356, "steps": 19992, "train": 8.951398112240009e-06, "val_mean": 0.0035998187406957012, "val_worst": 0.006788885987795755, "lr": 0.0001246372481250575, "wall": 2337.9}
{"arm": "unet-l", "epoch": 357, "steps": 20048, "train": 8.82931975642101e-06, "val_mean": 0.0036028918906484807, "val_worst": 0.006707421642885183, "lr": 0.00012248502947895994, "wall": 2344.4}
{"arm": "unet-l", "epoch": 358, "steps": 20104, "train": 9.02052104516618e-06, "val_mean": 0.003605206123215729, "val_worst": 0.0068439288493355975, "lr": 0.00012034900766667327, "wall": 2351.0}
{"arm": "unet-l", "epoch": 359, "steps": 20160, "train": 9.154727090329934e-06, "val_mean": 0.0035638717887318963, "val_worst": 0.0068297967049775025, "lr": 0.00011823262191377002, "wall": 2357.5}
{"arm": "unet-l", "epoch": 360, "steps": 20216, "train": 9.300383669580102e-06, "val_mean": 0.0035601024498548486, "val_worst": 0.006733359148297137, "lr": 0.0001161338865887504, "wall": 2364.0}
{"arm": "unet-l", "epoch": 361, "steps": 20272, "train": 9.144226522052668e-06, "val_mean": 0.003644176618180141, "val_worst": 0.006855556359234313, "lr": 0.00011405316051234083, "wall": 2370.5}
{"arm": "unet-l", "epoch": 362, "steps": 20328, "train": 8.98916151006539e-06, "val_mean": 0.003487980899249783, "val_worst": 0.0067282464201145736, "lr": 0.00011199047929207223, "wall": 2377.2}
{"arm": "unet-l", "epoch": 363, "steps": 20384, "train": 8.84380663090402e-06, "val_mean": 0.003569668162106546, "val_worst": 0.00672808301087602, "lr": 0.00010989707124252594, "wall": 2383.7}
{"arm": "unet-l", "epoch": 364, "steps": 20440, "train": 9.15060988061079e-06, "val_mean": 0.003615416836918275, "val_worst": 0.006813546311091671, "lr": 0.00010787251698834168, "wall": 2390.2}
{"arm": "unet-l", "epoch": 365, "steps": 20496, "train": 9.399855814472169e-06, "val_mean": 0.0037705334615021095, "val_worst": 0.0067421479869757914, "lr": 0.00010586577581453679, "wall": 2396.7}
{"arm": "unet-l", "epoch": 366, "steps": 20552, "train": 1.0160266838142942e-05, "val_mean": 0.003646365787590678, "val_worst": 0.00671764523057343, "lr": 0.00010387716019304558, "wall": 2403.2}
{"arm": "unet-l", "epoch": 367, "steps": 20608, "train": 9.246146143621318e-06, "val_mean": 0.00356762312695283, "val_worst": 0.006667997748345376, "lr": 0.00010190785797836304, "wall": 2409.8}
{"arm": "unet-l", "epoch": 368, "steps": 20664, "train": 9.598417907335617e-06, "val_mean": 0.003719210200223015, "val_worst": 0.006946169592505818, "lr": 9.995486532606577e-05, "wall": 2416.3}
{"arm": "unet-l", "epoch": 369, "steps": 20720, "train": 1.7797587364019255e-05, "val_mean": 0.0036485881729974353, "val_worst": 0.006793369596669188, "lr": 9.801829765073145e-05, "wall": 2422.8}
{"arm": "unet-l", "epoch": 370, "steps": 20776, "train": 8.916744666207159e-06, "val_mean": 0.0037074870948462873, "val_worst": 0.0068471487672904785, "lr": 9.610582661748436e-05, "wall": 2429.3}
{"arm": "unet-l", "epoch": 371, "steps": 20832, "train": 8.650848895139424e-06, "val_mean": 0.0034431042527032123, "val_worst": 0.006568336354983171, "lr": 9.420421692878655e-05, "wall": 2436.1}
{"arm": "unet-l", "epoch": 372, "steps": 20888, "train": 8.35701207707214e-06, "val_mean": 0.003539068575378721, "val_worst": 0.006704570984751898, "lr": 9.227349492041861e-05, "wall": 2442.6}
{"arm": "unet-l", "epoch": 373, "steps": 20944, "train": 8.461010042517349e-06, "val_mean": 0.0034531384270435283, "val_worst": 0.006656933358339152, "lr": 9.04176638414487e-05, "wall": 2449.1}
{"arm": "unet-l", "epoch": 374, "steps": 21000, "train": 8.404677600209604e-06, "val_mean": 0.003473842854375559, "val_worst": 0.00661768290683833, "lr": 8.858220298392452e-05, "wall": 2455.6}
{"arm": "unet-l", "epoch": 375, "steps": 21056, "train": 8.260444970596533e-06, "val_mean": 0.0035200176709787078, "val_worst": 0.006642913263021449, "lr": 8.676619763595086e-05, "wall": 2462.1}
{"arm": "unet-l", "epoch": 376, "steps": 21112, "train": 8.192248310200481e-06, "val_mean": 0.003436594862868986, "val_worst": 0.0065480267146945095, "lr": 8.496940516498206e-05, "wall": 2468.8}
{"arm": "unet-l", "epoch": 377, "steps": 21168, "train": 8.321535816287498e-06, "val_mean": 0.003437121863639337, "val_worst": 0.006574821843353888, "lr": 8.315171813833855e-05, "wall": 2475.3}
{"arm": "unet-l", "epoch": 378, "steps": 21224, "train": 8.227639247955166e-06, "val_mean": 0.0034554040276448296, "val_worst": 0.006492733832608573, "lr": 8.139501932245268e-05, "wall": 2481.8}
{"arm": "unet-l", "epoch": 379, "steps": 21280, "train": 8.263419698676471e-06, "val_mean": 0.0034015103947298295, "val_worst": 0.006547020742128929, "lr": 7.965382879760321e-05, "wall": 2488.5}
{"arm": "unet-l", "epoch": 380, "steps": 21336, "train": 8.162479198966456e-06, "val_mean": 0.0034364858268981623, "val_worst": 0.0065486176839867636, "lr": 7.789895531112353e-05, "wall": 2495.0}
{"arm": "unet-l", "epoch": 381, "steps": 21392, "train": 8.199576381680643e-06, "val_mean": 0.003409068361942306, "val_worst": 0.006558080941520429, "lr": 7.62020433174316e-05, "wall": 2501.5}
{"arm": "unet-l", "epoch": 382, "steps": 21448, "train": 8.437551254245912e-06, "val_mean": 0.0033916621079082042, "val_worst": 0.006495636184789693, "lr": 7.452476282629488e-05, "wall": 2508.2}
{"arm": "unet-l", "epoch": 383, "steps": 21504, "train": 8.278221566292134e-06, "val_mean": 0.0034612564452577666, "val_worst": 0.006563978789105934, "lr": 7.28258749208565e-05, "wall": 2514.7}
{"arm": "unet-l", "epoch": 384, "steps": 21560, "train": 8.529114487576147e-06, "val_mean": 0.0034132730528008024, "val_worst": 0.006588200822052424, "lr": 7.11889314539166e-05, "wall": 2521.2}
{"arm": "unet-l", "epoch": 385, "steps": 21616, "train": 8.00740894811019e-06, "val_mean": 0.0033864938324036356, "val_worst": 0.006467789884163389, "lr": 6.957100479402356e-05, "wall": 2527.9}
{"arm": "unet-l", "epoch": 386, "steps": 21672, "train": 7.960734824829647e-06, "val_mean": 0.0033726448225872975, "val_worst": 0.006500936415815487, "lr": 6.793973183395122e-05, "wall": 2534.6}
{"arm": "unet-l", "epoch": 387, "steps": 21728, "train": 8.087263437545765e-06, "val_mean": 0.003402915419540219, "val_worst": 0.0064670880304285765, "lr": 6.632309284536186e-05, "wall": 2541.1}
{"arm": "unet-l", "epoch": 388, "steps": 21784, "train": 8.029978563446155e-06, "val_mean": 0.00335742080090328, "val_worst": 0.006508527478007008, "lr": 6.476960314732869e-05, "wall": 2547.8}
{"arm": "unet-l", "epoch": 389, "steps": 21840, "train": 8.054644672296513e-06, "val_mean": 0.0033649028203647704, "val_worst": 0.006507294865611937, "lr": 6.320086767278596e-05, "wall": 2554.3}
{"arm": "unet-l", "epoch": 390, "steps": 21896, "train": 7.94991798379868e-06, "val_mean": 0.003369337569252874, "val_worst": 0.006465185291371799, "lr": 6.168822815895264e-05, "wall": 2560.8}
{"arm": "unet-l", "epoch": 391, "steps": 21952, "train": 7.863579581109098e-06, "val_mean": 0.00335916556499327, "val_worst": 0.006471414512536844, "lr": 6.019536601392113e-05, "wall": 2567.3}
{"arm": "unet-l", "epoch": 392, "steps": 22008, "train": 8.128820506213333e-06, "val_mean": 0.003369506493470139, "val_worst": 0.0065000851963589405, "lr": 5.872405721205405e-05, "wall": 2573.8}
{"arm": "unet-l", "epoch": 393, "steps": 22064, "train": 7.958038038404221e-06, "val_mean": 0.0033586916791368718, "val_worst": 0.006521411167154811, "lr": 5.727397583035979e-05, "wall": 2580.3}
{"arm": "unet-l", "epoch": 394, "steps": 22120, "train": 8.010831671593972e-06, "val_mean": 0.003399398075432979, "val_worst": 0.0065106997615759065, "lr": 5.5840801185998276e-05, "wall": 2586.9}
{"arm": "unet-l", "epoch": 395, "steps": 22176, "train": 7.81893824086082e-06, "val_mean": 0.003446920444810657, "val_worst": 0.00644648006124181, "lr": 5.443005281910019e-05, "wall": 2593.4}
{"arm": "unet-l", "epoch": 396, "steps": 22232, "train": 7.940637677803033e-06, "val_mean": 0.0034212850045567634, "val_worst": 0.006506976840036638, "lr": 5.30411248395885e-05, "wall": 2599.9}
{"arm": "unet-l", "epoch": 397, "steps": 22288, "train": 7.907810952980543e-06, "val_mean": 0.003395489985092033, "val_worst": 0.006424108629220674, "lr": 5.167465490705839e-05, "wall": 2606.4}
{"arm": "unet-l", "epoch": 398, "steps": 22344, "train": 8.011297910925953e-06, "val_mean": 0.0033281545755223085, "val_worst": 0.006399712777317696, "lr": 5.0328862554066566e-05, "wall": 2613.1}
{"arm": "unet-l", "epoch": 399, "steps": 22400, "train": 7.709828376407693e-06, "val_mean": 0.0033017364168350088, "val_worst": 0.006377711800822247, "lr": 4.896938080560099e-05, "wall": 2619.8}
{"arm": "unet-l", "epoch": 400, "steps": 22456, "train": 7.633796505766133e-06, "val_mean": 0.0033505457194111946, "val_worst": 0.006413449202549936, "lr": 4.7634222753645775e-05, "wall": 2626.3}
{"arm": "unet-l", "epoch": 401, "steps": 22512, "train": 7.648461895198413e-06, "val_mean": 0.0033168753659537286, "val_worst": 0.006501610511343083, "lr": 4.63530578165398e-05, "wall": 2632.8}
{"arm": "unet-l", "epoch": 402, "steps": 22568, "train": 7.641557577087818e-06, "val_mean": 0.0033126300398784747, "val_worst": 0.0063989969736233145, "lr": 4.5093627313800837e-05, "wall": 2639.3}
{"arm": "unet-l", "epoch": 403, "steps": 22624, "train": 7.667641876126748e-06, "val_mean": 0.0033541531458278822, "val_worst": 0.00638080807600369, "lr": 4.385238090642229e-05, "wall": 2645.9}
{"arm": "unet-l", "epoch": 404, "steps": 22680, "train": 7.625894477379514e-06, "val_mean": 0.003305810086571544, "val_worst": 0.006388094289408606, "lr": 4.263597895740649e-05, "wall": 2652.4}
{"arm": "unet-l", "epoch": 405, "steps": 22736, "train": 7.544876096935965e-06, "val_mean": 0.0032897386307960516, "val_worst": 0.006350970188502051, "lr": 4.144048036381455e-05, "wall": 2659.1}
{"arm": "unet-l", "epoch": 406, "steps": 22792, "train": 7.52505146121392e-06, "val_mean": 0.0033263291059464992, "val_worst": 0.006359551495195219, "lr": 4.02376968191887e-05, "wall": 2665.6}
{"arm": "unet-l", "epoch": 407, "steps": 22848, "train": 7.6209358237871284e-06, "val_mean": 0.003315519939089624, "val_worst": 0.006402518470381365, "lr": 3.908582225466078e-05, "wall": 2672.1}
{"arm": "unet-l", "epoch": 408, "steps": 22904, "train": 7.522036009732694e-06, "val_mean": 0.0032829571602519623, "val_worst": 0.006368095905505531, "lr": 3.795598861120885e-05, "wall": 2678.8}
{"arm": "unet-l", "epoch": 409, "steps": 22960, "train": 7.537831659804705e-06, "val_mean": 0.0033128768827695686, "val_worst": 0.006397520431064221, "lr": 3.682069006974461e-05, "wall": 2685.3}
{"arm": "unet-l", "epoch": 410, "steps": 23016, "train": 7.531281997624625e-06, "val_mean": 0.0032772221515668092, "val_worst": 0.0063687439114540395, "lr": 3.573477896081806e-05, "wall": 2692.0}
{"arm": "unet-l", "epoch": 411, "steps": 23072, "train": 7.444620033095892e-06, "val_mean": 0.003310572677847605, "val_worst": 0.0063852643533719375, "lr": 3.464448559624873e-05, "wall": 2698.5}
{"arm": "unet-l", "epoch": 412, "steps": 23128, "train": 7.470518270519084e-06, "val_mean": 0.003267157072357778, "val_worst": 0.006368182202005621, "lr": 3.3603146618070756e-05, "wall": 2705.1}
{"arm": "unet-l", "epoch": 413, "steps": 23184, "train": 7.415749337031208e-06, "val_mean": 0.003279485371500155, "val_worst": 0.0063318364912489915, "lr": 3.2560122268574687e-05, "wall": 2711.7}
{"arm": "unet-l", "epoch": 414, "steps": 23240, "train": 7.4607000045796806e-06, "val_mean": 0.0032647789292441676, "val_worst": 0.006336742154182318, "lr": 3.156334521218195e-05, "wall": 2718.4}
{"arm": "unet-l", "epoch": 415, "steps": 23296, "train": 7.420511521000864e-06, "val_mean": 0.0033251976081826932, "val_worst": 0.006304604659450795, "lr": 3.05587445788605e-05, "wall": 2724.9}
{"arm": "unet-l", "epoch": 416, "steps": 23352, "train": 7.428466176603355e-06, "val_mean": 0.00325425676780337, "val_worst": 0.006320049175896687, "lr": 2.960653025259303e-05, "wall": 2731.6}
{"arm": "unet-l", "epoch": 417, "steps": 23408, "train": 7.407470425351863e-06, "val_mean": 0.0032612278531943097, "val_worst": 0.006354110468305715, "lr": 2.8653318273957602e-05, "wall": 2738.1}
{"arm": "unet-l", "epoch": 418, "steps": 23464, "train": 7.422609298748046e-06, "val_mean": 0.00325187630818716, "val_worst": 0.006319300703524473, "lr": 2.7746141277620728e-05, "wall": 2744.8}
{"arm": "unet-l", "epoch": 419, "steps": 23520, "train": 7.345172029458193e-06, "val_mean": 0.003255370082888988, "val_worst": 0.006352082017706167, "lr": 2.683318016590824e-05, "wall": 2751.3}
{"arm": "unet-l", "epoch": 420, "steps": 23576, "train": 7.428062007541495e-06, "val_mean": 0.003269542675896943, "val_worst": 0.006340502027721766, "lr": 2.5970928896239702e-05, "wall": 2757.8}
{"arm": "unet-l", "epoch": 421, "steps": 23632, "train": 7.313009012689407e-06, "val_mean": 0.00326161078475835, "val_worst": 0.006306920815718945, "lr": 2.5131008589910508e-05, "wall": 2764.4}
{"arm": "unet-l", "epoch": 422, "steps": 23688, "train": 7.3012381059199245e-06, "val_mean": 0.003247272671222768, "val_worst": 0.006304759228078765, "lr": 2.4313519133063606e-05, "wall": 2771.0}
{"arm": "unet-l", "epoch": 423, "steps": 23744, "train": 7.2780568160972215e-06, "val_mean": 0.003261235964135162, "val_worst": 0.006323211488351702, "lr": 2.350043049290442e-05, "wall": 2777.5}
{"arm": "unet-l", "epoch": 424, "steps": 23800, "train": 7.2840833895908724e-06, "val_mean": 0.003255317446774881, "val_worst": 0.00630987953553943, "lr": 2.2728332377162804e-05, "wall": 2784.0}
{"arm": "unet-l", "epoch": 425, "steps": 23856, "train": 7.298691736408126e-06, "val_mean": 0.003238827002510944, "val_worst": 0.00631208946198939, "lr": 2.1978715686156398e-05, "wall": 2790.7}
{"arm": "unet-l", "epoch": 426, "steps": 23912, "train": 7.2253816627833726e-06, "val_mean": 0.0032245602688989942, "val_worst": 0.0062715953061995115, "lr": 2.123508959163051e-05, "wall": 2797.4}
{"arm": "unet-l", "epoch": 427, "steps": 23968, "train": 7.205778006769087e-06, "val_mean": 0.003232972783437995, "val_worst": 0.0062828855612318815, "lr": 2.0513261913680643e-05, "wall": 2803.9}
{"arm": "unet-l", "epoch": 428, "steps": 24024, "train": 7.2156732662099935e-06, "val_mean": 0.003234854502208583, "val_worst": 0.006305189632340564, "lr": 1.9832265256229358e-05, "wall": 2810.4}
{"arm": "unet-l", "epoch": 429, "steps": 24080, "train": 7.189427660172029e-06, "val_mean": 0.003228049409955603, "val_worst": 0.006287483307565716, "lr": 1.9173396386352426e-05, "wall": 2816.9}
{"arm": "unet-l", "epoch": 430, "steps": 24136, "train": 7.199159736684072e-06, "val_mean": 0.003254585613982468, "val_worst": 0.006354337064440577, "lr": 1.8537545704136927e-05, "wall": 2823.5}
{"arm": "unet-l", "epoch": 431, "steps": 24192, "train": 7.18132453065175e-06, "val_mean": 0.0032339990929084973, "val_worst": 0.006309606364659975, "lr": 1.792431741010101e-05, "wall": 2830.0}
{"arm": "unet-l", "epoch": 432, "steps": 24248, "train": 7.233065934472386e-06, "val_mean": 0.0032234562863731426, "val_worst": 0.00628041641188848, "lr": 1.7333791868221143e-05, "wall": 2836.6}
{"arm": "unet-l", "epoch": 433, "steps": 24304, "train": 7.180632636451541e-06, "val_mean": 0.003211980631923986, "val_worst": 0.006297796072134483, "lr": 1.6752201637935832e-05, "wall": 2843.3}
{"arm": "unet-l", "epoch": 434, "steps": 24360, "train": 7.134222126357291e-06, "val_mean": 0.0032118203071964634, "val_worst": 0.006297491780018339, "lr": 1.6194684580573464e-05, "wall": 2850.0}
{"arm": "unet-l", "epoch": 435, "steps": 24416, "train": 7.134763550531913e-06, "val_mean": 0.0032113831761708114, "val_worst": 0.0062827022422289325, "lr": 1.56587210603333e-05, "wall": 2856.7}
{"arm": "unet-l", "epoch": 436, "steps": 24472, "train": 7.151401010211222e-06, "val_mean": 0.003228248363360323, "val_worst": 0.006283388189442291, "lr": 1.5148526038995427e-05, "wall": 2863.2}
{"arm": "unet-l", "epoch": 437, "steps": 24528, "train": 7.1254218948993495e-06, "val_mean": 0.003212638551500019, "val_worst": 0.00628089435635077, "lr": 1.4673433823370251e-05, "wall": 2869.7}
{"arm": "unet-l", "epoch": 438, "steps": 24584, "train": 7.1100619580083104e-06, "val_mean": 0.003207292916812189, "val_worst": 0.006268236957141443, "lr": 1.4220809615227749e-05, "wall": 2876.4}
{"arm": "unet-l", "epoch": 439, "steps": 24640, "train": 7.1181148565568236e-06, "val_mean": 0.0032233561466852812, "val_worst": 0.0062459453614396344, "lr": 1.3782015403507672e-05, "wall": 2883.0}
{"arm": "unet-l", "epoch": 440, "steps": 24696, "train": 7.1083210850580975e-06, "val_mean": 0.003211014989146264, "val_worst": 0.006254506837524083, "lr": 1.3376294635868853e-05, "wall": 2889.5}
{"arm": "unet-l", "epoch": 441, "steps": 24752, "train": 7.097844158712906e-06, "val_mean": 0.0031963835208277088, "val_worst": 0.0062556857853037105, "lr": 1.2993285661072226e-05, "wall": 2896.2}
{"arm": "unet-l", "epoch": 442, "steps": 24808, "train": 7.0903868839493036e-06, "val_mean": 0.0032038226280502813, "val_worst": 0.006269026601291378, "lr": 1.2623832453285677e-05, "wall": 2902.7}
{"arm": "unet-l", "epoch": 443, "steps": 24864, "train": 7.068170912539444e-06, "val_mean": 0.0031962259949563053, "val_worst": 0.0062707920784450515, "lr": 1.2286555522303672e-05, "wall": 2909.4}
{"arm": "unet-l", "epoch": 444, "steps": 24920, "train": 7.0589601509716994e-06, "val_mean": 0.0031942619355056117, "val_worst": 0.006280867932166074, "lr": 1.196405721611821e-05, "wall": 2916.1}
{"arm": "unet-l", "epoch": 445, "steps": 24976, "train": 7.075079139344522e-06, "val_mean": 0.0032114187843414015, "val_worst": 0.0062786003369856465, "lr": 1.1667710198762499e-05, "wall": 2922.7}
{"arm": "unet-l", "epoch": 446, "steps": 25032, "train": 7.074721304682828e-06, "val_mean": 0.0032023060355302925, "val_worst": 0.006255281486090563, "lr": 1.1401128980204038e-05, "wall": 2929.2}
{"arm": "unet-l", "epoch": 447, "steps": 25088, "train": 7.052541636755066e-06, "val_mean": 0.003194049694783678, "val_worst": 0.006248357388984823, "lr": 1.1157524082759212e-05, "wall": 2935.9}
{"arm": "unet-l", "epoch": 448, "steps": 25144, "train": 7.0367019322195e-06, "val_mean": 0.0031861883189094895, "val_worst": 0.006244213145281852, "lr": 1.093215243985462e-05, "wall": 2942.6}
{"arm": "unet-l", "epoch": 449, "steps": 25200, "train": 7.040894281630627e-06, "val_mean": 0.0031956191511940332, "val_worst": 0.006260367451765512, "lr": 1.0730998656934875e-05, "wall": 2949.2}
{"arm": "unet-l", "epoch": 450, "steps": 25256, "train": 7.03269979711508e-06, "val_mean": 0.003188737465394738, "val_worst": 0.006235436983622329, "lr": 1.0558309772921848e-05, "wall": 2955.7}
{"arm": "unet-l", "epoch": 451, "steps": 25312, "train": 7.039023187598595e-06, "val_mean": 0.0031919407431352407, "val_worst": 0.006242970700627365, "lr": 1.040879980005048e-05, "wall": 2962.3}
{"arm": "unet-l", "epoch": 452, "steps": 25368, "train": 7.015734189111181e-06, "val_mean": 0.003194322637759555, "val_worst": 0.006238092638980103, "lr": 1.0282215324914184e-05, "wall": 2968.8}
{"arm": "unet-l", "epoch": 453, "steps": 25424, "train": 7.006362553160869e-06, "val_mean": 0.0031928879987314983, "val_worst": 0.006229776448661807, "lr": 1.0179156314150168e-05, "wall": 2975.4}
{"arm": "unet-l", "epoch": 454, "steps": 25480, "train": 7.01107545196219e-06, "val_mean": 0.003214232138797242, "val_worst": 0.006244293211928466, "lr": 1.009951426101748e-05, "wall": 2981.9}
{"arm": "unet-l", "epoch": 455, "steps": 25536, "train": 7.014832219163503e-06, "val_mean": 0.0031824404026580913, "val_worst": 0.006239253377016427, "lr": 1.004308549656656e-05, "wall": 2988.6}
{"arm": "unet-l", "epoch": 456, "steps": 25592, "train": 6.996093703456837e-06, "val_mean": 0.0031874464641859493, "val_worst": 0.006228570255906019, "lr": 1.0009475710236843e-05, "wall": 2995.2}
{"arm": "unet-l", "epoch": 457, "steps": 25641, "train": 7.073419650115807e-06, "val_mean": 0.003195494425848857, "val_worst": 0.006235645553045791, "lr": 1.0000000826041156e-05, "wall": 3001.0}
TRAIN DONE {"arm": "unet-l", "mesh": 32, "stop_reason": "wall_budget", "epochs_completed": 458, "optimisation_steps": 25641, "best_epoch": 455} val_mean_case_max 0.0031824404026580913 val_worst 0.006239253377016427
RUN_EXIT=0
