host=pax049 gpu=NVIDIA A100 80GB PCIe, 81920 MiB
jax_backend=gpu
stage MANIFEST OK
commit=8d5421a30db59eb69212f99adb195dc86dd054bc
jax_backend=gpu device=cuda:0 B3D-TENSOR N=33 K=16 R=64 M=128 m=512 arms=['full', 'ex', 'tensor'] train=1 pilot=1 micro=0 reps=5 burn=2 stall=0.001
  [mem start] device peak 0.0 GB (now 0.0, limit 59.4); host maxrss 2.5 GB
  TRAIN truth: 576 traj [37s], worst res 1.00e-12, min u 2.19e-30, frac<=0 0.00e+00; kept 8192 pool states, 256 D4 states
  GATE F5_nonnegativity_train_val: 2.192e-30 PASS
  [mem after_truth] device peak 2.2 GB (now 0.0, limit 59.4); host maxrss 6.3 GB
  TRAIN in-job: 8192 states x 29791 pool points, 60000 steps, lr 0.001, p_sub 16384
   train3d[b3d N=33 k=16 r=64] step      1/60000  rel-MSE 1.072e+00  [9s]
   train3d[b3d N=33 k=16 r=64] step   5000/60000  rel-MSE 9.620e-03  [62s]
   train3d[b3d N=33 k=16 r=64] step  10000/60000  rel-MSE 5.267e-03  [115s]
   train3d[b3d N=33 k=16 r=64] step  15000/60000  rel-MSE 3.883e-03  [169s]
   train3d[b3d N=33 k=16 r=64] step  20000/60000  rel-MSE 3.132e-03  [222s]
   train3d[b3d N=33 k=16 r=64] step  25000/60000  rel-MSE 2.712e-03  [275s]
   train3d[b3d N=33 k=16 r=64] step  30000/60000  rel-MSE 2.511e-03  [329s]
   train3d[b3d N=33 k=16 r=64] step  35000/60000  rel-MSE 2.314e-03  [382s]
   train3d[b3d N=33 k=16 r=64] step  40000/60000  rel-MSE 2.164e-03  [436s]
   train3d[b3d N=33 k=16 r=64] step  45000/60000  rel-MSE 2.059e-03  [489s]
   train3d[b3d N=33 k=16 r=64] step  50000/60000  rel-MSE 1.995e-03  [542s]
   train3d[b3d N=33 k=16 r=64] step  55000/60000  rel-MSE 1.956e-03  [596s]
   train3d[b3d N=33 k=16 r=64] step  60000/60000  rel-MSE 1.943e-03  [649s]
   train3d[b3d N=33 k=16 r=64] done: recon rel-L2 (training pool) mean 4.370e-02 max 3.024e-01 [653s]
  [mem after_train] device peak 3.9 GB (now 0.0, limit 59.4); host maxrss 8.2 GB
  M extended from 128 to 130 to complete the degenerate eigenshell [A70]
  [mem after_bank] device peak 3.9 GB (now 0.1, limit 59.4); host maxrss 8.2 GB
  GATE D1_bank_vs_meshfree_numpy: 1.226e-15 PASS  | control 2.129e-01 fired=True
  GATE D2_lineage_rlite: 3.855e-02 PASS  | control 1.014e+00 fired=True
  GATE D3_rank_of_A: 2.529e-02 PASS  | control 2.419e-18 fired=True
  [mem after_D3] device peak 3.9 GB (now 0.1, limit 59.4); host maxrss 8.2 GB
  GATE D4_heldout_oracle_validation: 4.879e-02 FAIL  | control 8.914e-01 fired=True
