host=pax050 job_id=4306597
NVIDIA A100 80GB PCIe, GPU-fe5316fb-35a6-78ef-4c0b-da5c343c936d, 81920 MiB, 575.57.08
10.235.106.34:/projects/paralab  4.6T  4.2T  371G  93% /cluster/tufts/paralab
jax_backend=gpu
torch_cuda True NVIDIA A100 80GB PCIe
torch_backend=cuda NVIDIA A100 80GB PCIe
{"arm": "unet", "epoch": 0, "steps": 64, "train": 0.07761173607435247, "val_mean_case_max": 0.2136887231649081, "val_worst": 0.4867719462069282, "lr": 0.0009999736108424078, "wall": 10.3}
{"arm": "unet", "epoch": 1, "steps": 128, "train": 0.00847894253384236, "val_mean_case_max": 0.048746879340820885, "val_worst": 0.10200473896402051, "lr": 0.0009998895352380265, "wall": 20.6}
{"arm": "unet", "epoch": 2, "steps": 192, "train": 0.0013998495002172679, "val_mean_case_max": 0.039512027967363715, "val_worst": 0.06343086593858437, "lr": 0.0009997473496641234, "wall": 31.0}
{"arm": "unet", "epoch": 3, "steps": 256, "train": 0.0007987018028533056, "val_mean_case_max": 0.03259648528839906, "val_worst": 0.05086907599435888, "lr": 0.0009995470042198989, "wall": 41.3}
{"arm": "unet", "epoch": 4, "steps": 320, "train": 0.0005537225894200026, "val_mean_case_max": 0.022022381326801913, "val_worst": 0.04005720903012151, "lr": 0.0009992882126814077, "wall": 51.7}
{"arm": "unet", "epoch": 5, "steps": 384, "train": 0.0004184086799975445, "val_mean_case_max": 0.021264212787118993, "val_worst": 0.03565522343787389, "lr": 0.0009989707831563467, "wall": 62.1}
{"arm": "unet", "epoch": 6, "steps": 448, "train": 0.000991408602094494, "val_mean_case_max": 0.032404963851688236, "val_worst": 0.050554792391626704, "lr": 0.0009985947325817795, "wall": 72.4}
{"arm": "unet", "epoch": 7, "steps": 512, "train": 0.00040468431411048094, "val_mean_case_max": 0.01884079521935275, "val_worst": 0.025988694231087187, "lr": 0.000998163017590425, "wall": 82.8}
{"arm": "unet", "epoch": 8, "steps": 576, "train": 0.00022325599497333653, "val_mean_case_max": 0.015270559694995925, "val_worst": 0.023500358066345723, "lr": 0.0009976695871242495, "wall": 93.2}
{"arm": "unet", "epoch": 9, "steps": 640, "train": 0.00020529377952873377, "val_mean_case_max": 0.020046618449522977, "val_worst": 0.026914501921003996, "lr": 0.0009971175477318133, "wall": 103.5}
{"arm": "unet", "epoch": 10, "steps": 704, "train": 0.0002799960199040267, "val_mean_case_max": 0.025811126527400655, "val_worst": 0.03159704059844793, "lr": 0.000996510640006932, "wall": 113.9}
{"arm": "unet", "epoch": 11, "steps": 768, "train": 0.0003131379640364977, "val_mean_case_max": 0.014708196774511816, "val_worst": 0.02825030033821385, "lr": 0.0009958461668501965, "wall": 124.3}
{"arm": "unet", "epoch": 12, "steps": 832, "train": 0.00015593074480193034, "val_mean_case_max": 0.012869238949567825, "val_worst": 0.026184066024411215, "lr": 0.0009951189257044859, "wall": 134.7}
{"arm": "unet", "epoch": 13, "steps": 896, "train": 0.0005083597729437752, "val_mean_case_max": 0.046152540872420884, "val_worst": 0.079928229542623, "lr": 0.0009943320491417385, "wall": 145.0}
{"arm": "unet", "epoch": 14, "steps": 960, "train": 0.0004922183280917201, "val_mean_case_max": 0.018569586498417445, "val_worst": 0.03533684829404638, "lr": 0.0009934925155196503, "wall": 155.4}
{"arm": "unet", "epoch": 15, "steps": 1024, "train": 0.0002125925465834551, "val_mean_case_max": 0.019097571019076505, "val_worst": 0.02339459277526507, "lr": 0.000992595981609001, "wall": 165.8}
{"arm": "unet", "epoch": 16, "steps": 1088, "train": 0.00019895820545314988, "val_mean_case_max": 0.01272012184869686, "val_worst": 0.027625410200459086, "lr": 0.0009916422806367819, "wall": 176.2}
{"arm": "unet", "epoch": 17, "steps": 1152, "train": 0.00011182738646437702, "val_mean_case_max": 0.011530027063498344, "val_worst": 0.023849943061182904, "lr": 0.0009906239101244968, "wall": 186.6}
{"arm": "unet", "epoch": 18, "steps": 1216, "train": 9.991987936923955e-05, "val_mean_case_max": 0.017552593994105695, "val_worst": 0.024236339972050804, "lr": 0.0009895484506988964, "wall": 197.0}
{"arm": "unet", "epoch": 19, "steps": 1280, "train": 0.0001571116230685151, "val_mean_case_max": 0.02073228375560849, "val_worst": 0.03706318061935822, "lr": 0.0009884219442000857, "wall": 207.3}
{"arm": "unet", "epoch": 20, "steps": 1344, "train": 0.0002349982880566284, "val_mean_case_max": 0.028468402164443133, "val_worst": 0.0387210629640297, "lr": 0.000987238313930628, "wall": 217.7}
{"arm": "unet", "epoch": 21, "steps": 1408, "train": 0.00031793541456057617, "val_mean_case_max": 0.02405465050777488, "val_worst": 0.02784437323465465, "lr": 0.0009859986656555273, "wall": 228.1}
{"arm": "unet", "epoch": 22, "steps": 1472, "train": 0.0005358160493876123, "val_mean_case_max": 0.018611449976153473, "val_worst": 0.03095927006940254, "lr": 0.0009847017765505096, "wall": 238.4}
{"arm": "unet", "epoch": 23, "steps": 1536, "train": 0.00016336857336327998, "val_mean_case_max": 0.012737515655872967, "val_worst": 0.01843935889460092, "lr": 0.0009833487448096465, "wall": 248.8}
{"arm": "unet", "epoch": 24, "steps": 1600, "train": 9.833571561165285e-05, "val_mean_case_max": 0.012761072629097547, "val_worst": 0.029979865829812723, "lr": 0.0009819397682631586, "wall": 259.1}
{"arm": "unet", "epoch": 25, "steps": 1664, "train": 0.00013550554059379912, "val_mean_case_max": 0.015011084340603598, "val_worst": 0.02621225038488511, "lr": 0.000980474643890167, "wall": 269.5}
{"arm": "unet", "epoch": 26, "steps": 1728, "train": 0.00011540553780114032, "val_mean_case_max": 0.014404980223152286, "val_worst": 0.038438503775658064, "lr": 0.0009789534340726841, "wall": 279.9}
{"arm": "unet", "epoch": 27, "steps": 1792, "train": 0.00014109745464297173, "val_mean_case_max": 0.011254445120232312, "val_worst": 0.023979826794920424, "lr": 0.0009773768623195474, "wall": 290.3}
{"arm": "unet", "epoch": 28, "steps": 1856, "train": 7.898800860744779e-05, "val_mean_case_max": 0.012399576219117085, "val_worst": 0.024508021294832982, "lr": 0.0009757327387940834, "wall": 300.6}
{"arm": "unet", "epoch": 29, "steps": 1920, "train": 9.331795136019024e-05, "val_mean_case_max": 0.009732467691696691, "val_worst": 0.018854806995074948, "lr": 0.0009740436555940791, "wall": 311.1}
{"arm": "unet", "epoch": 30, "steps": 1984, "train": 9.71189872915573e-05, "val_mean_case_max": 0.013328992087813633, "val_worst": 0.01981423231657683, "lr": 0.0009722880022780451, "wall": 321.4}
{"arm": "unet", "epoch": 31, "steps": 2048, "train": 0.0001250829664580768, "val_mean_case_max": 0.01308042334185922, "val_worst": 0.019343272625974323, "lr": 0.0009704886810308512, "wall": 331.8}
{"arm": "unet", "epoch": 32, "steps": 2112, "train": 0.0005194823493712041, "val_mean_case_max": 0.018763457119090846, "val_worst": 0.03944720168763673, "lr": 0.0009686343906395156, "wall": 342.2}
{"arm": "unet", "epoch": 33, "steps": 2176, "train": 0.00010560660873136529, "val_mean_case_max": 0.011785749004506027, "val_worst": 0.02276512709520858, "lr": 0.0009667248025723317, "wall": 352.5}
{"arm": "unet", "epoch": 34, "steps": 2240, "train": 7.013317307648479e-05, "val_mean_case_max": 0.010479386785462818, "val_worst": 0.01869108415626793, "lr": 0.0009647610744937263, "wall": 362.9}
{"arm": "unet", "epoch": 35, "steps": 2304, "train": 6.869715132474719e-05, "val_mean_case_max": 0.010484316186326888, "val_worst": 0.020662602597672677, "lr": 0.0009627435731842379, "wall": 373.3}
{"arm": "unet", "epoch": 36, "steps": 2368, "train": 0.00027010287081493637, "val_mean_case_max": 0.02458078718674559, "val_worst": 0.033662613065774415, "lr": 0.0009606717994793806, "wall": 383.6}
{"arm": "unet", "epoch": 37, "steps": 2432, "train": 0.00023318311091555276, "val_mean_case_max": 0.011988514488695472, "val_worst": 0.01830290083819292, "lr": 0.0009585469562766124, "wall": 394.0}
{"arm": "unet", "epoch": 38, "steps": 2496, "train": 0.00038220339796401234, "val_mean_case_max": 0.011579493677478857, "val_worst": 0.023520451724842992, "lr": 0.0009563677524443127, "wall": 404.4}
{"arm": "unet", "epoch": 39, "steps": 2560, "train": 0.0001226581965752306, "val_mean_case_max": 0.014156103933960143, "val_worst": 0.02244236983809235, "lr": 0.0009541365066745545, "wall": 414.7}
{"arm": "unet", "epoch": 40, "steps": 2624, "train": 7.489076838705535e-05, "val_mean_case_max": 0.010147267557877548, "val_worst": 0.01566031997927919, "lr": 0.0009518520028984277, "wall": 425.1}
{"arm": "unet", "epoch": 41, "steps": 2688, "train": 0.0003589403093690097, "val_mean_case_max": 0.025398018481034346, "val_worst": 0.030078020565947224, "lr": 0.0009495122154730904, "wall": 435.4}
{"arm": "unet", "epoch": 42, "steps": 2752, "train": 0.00012949541512949432, "val_mean_case_max": 0.015935136704550112, "val_worst": 0.04306309859467894, "lr": 0.000947121622448522, "wall": 445.8}
{"arm": "unet", "epoch": 43, "steps": 2816, "train": 0.00022060562398322462, "val_mean_case_max": 0.01237388019790227, "val_worst": 0.02926499165319735, "lr": 0.0009446784770521171, "wall": 456.2}
{"arm": "unet", "epoch": 44, "steps": 2880, "train": 7.08607829728242e-05, "val_mean_case_max": 0.009924564820589881, "val_worst": 0.019189142457747315, "lr": 0.0009421844546211206, "wall": 466.5}
{"arm": "unet", "epoch": 45, "steps": 2944, "train": 6.591645284741314e-05, "val_mean_case_max": 0.010715175932160398, "val_worst": 0.019966114947409526, "lr": 0.0009396402894331805, "wall": 476.9}
{"arm": "unet", "epoch": 46, "steps": 3008, "train": 0.00010956281397402485, "val_mean_case_max": 0.012981223069237316, "val_worst": 0.028185943066770146, "lr": 0.0009370441772297979, "wall": 487.3}
{"arm": "unet", "epoch": 47, "steps": 3072, "train": 8.11723123719489e-05, "val_mean_case_max": 0.01834912628034322, "val_worst": 0.021295907264984787, "lr": 0.0009343971473513919, "wall": 497.6}
{"arm": "unet", "epoch": 48, "steps": 3136, "train": 6.996904851497682e-05, "val_mean_case_max": 0.010606806712765987, "val_worst": 0.019097583023755627, "lr": 0.0009316971507975325, "wall": 508.0}
{"arm": "unet", "epoch": 49, "steps": 3200, "train": 4.5319977917889974e-05, "val_mean_case_max": 0.011204381400764036, "val_worst": 0.015474422135166104, "lr": 0.0009289484373826521, "wall": 518.4}
{"arm": "unet", "epoch": 50, "steps": 3264, "train": 8.695097464668278e-05, "val_mean_case_max": 0.011590438600950662, "val_worst": 0.018808270258100626, "lr": 0.0009261499470813891, "wall": 528.7}
{"arm": "unet", "epoch": 51, "steps": 3328, "train": 0.00011332982436242445, "val_mean_case_max": 0.011989353214126955, "val_worst": 0.021460535793728308, "lr": 0.0009233015780781827, "wall": 539.1}
{"arm": "unet", "epoch": 52, "steps": 3392, "train": 0.00027057152249690614, "val_mean_case_max": 0.011918381136596039, "val_worst": 0.02392421129871057, "lr": 0.0009204059653664146, "wall": 549.5}
{"arm": "unet", "epoch": 53, "steps": 3456, "train": 7.790587032346027e-05, "val_mean_case_max": 0.00923749650504638, "val_worst": 0.013707579366898261, "lr": 0.0009174609589826753, "wall": 559.9}
{"arm": "unet", "epoch": 54, "steps": 3520, "train": 0.00011609813649433065, "val_mean_case_max": 0.010212213263743922, "val_worst": 0.021863893698824764, "lr": 0.0009144488519750134, "wall": 570.2}
{"arm": "unet", "epoch": 55, "steps": 3584, "train": 0.0004851819385837942, "val_mean_case_max": 0.041837193028138, "val_worst": 0.05668226896587126, "lr": 0.0009114054606050268, "wall": 580.6}
{"arm": "unet", "epoch": 56, "steps": 3648, "train": 0.0012908029620678804, "val_mean_case_max": 0.025095355560182442, "val_worst": 0.05350635643608786, "lr": 0.0009083150217770383, "wall": 591.0}
{"arm": "unet", "epoch": 57, "steps": 3712, "train": 0.0001945033756937423, "val_mean_case_max": 0.013169183690161082, "val_worst": 0.026582632198491385, "lr": 0.0009051759805421569, "wall": 601.3}
{"arm": "unet", "epoch": 58, "steps": 3776, "train": 0.00010378912008920788, "val_mean_case_max": 0.010851790625068934, "val_worst": 0.016399185193325692, "lr": 0.0009019908706663221, "wall": 611.7}
{"arm": "unet", "epoch": 59, "steps": 3840, "train": 8.27165220585504e-05, "val_mean_case_max": 0.012218288839946152, "val_worst": 0.025960903899826103, "lr": 0.0008987573416846349, "wall": 622.1}
{"arm": "unet", "epoch": 60, "steps": 3904, "train": 6.0536460988243134e-05, "val_mean_case_max": 0.010966282128642549, "val_worst": 0.013926642184670898, "lr": 0.0008954777971554767, "wall": 632.4}
{"arm": "unet", "epoch": 61, "steps": 3968, "train": 6.807894802978031e-05, "val_mean_case_max": 0.011112042715748586, "val_worst": 0.016443675340907987, "lr": 0.0008921520231224745, "wall": 642.8}
{"arm": "unet", "epoch": 62, "steps": 4032, "train": 7.434610317024452e-05, "val_mean_case_max": 0.011532485771223448, "val_worst": 0.018815589866380808, "lr": 0.0008887809411794489, "wall": 653.2}
{"arm": "unet", "epoch": 63, "steps": 4096, "train": 5.388577364028579e-05, "val_mean_case_max": 0.013228245646211934, "val_worst": 0.019741624062104127, "lr": 0.0008853653008945102, "wall": 663.5}
{"arm": "unet", "epoch": 64, "steps": 4160, "train": 8.165835752000936e-05, "val_mean_case_max": 0.012384867688813542, "val_worst": 0.019333752673777464, "lr": 0.0008819039955338215, "wall": 673.9}
{"arm": "unet", "epoch": 65, "steps": 4224, "train": 7.097285965625736e-05, "val_mean_case_max": 0.010017628985825406, "val_worst": 0.019572807522286035, "lr": 0.0008783978717050644, "wall": 684.3}
{"arm": "unet", "epoch": 66, "steps": 4288, "train": 5.577414545079344e-05, "val_mean_case_max": 0.009303782217980226, "val_worst": 0.011554408943761113, "lr": 0.0008748502552274986, "wall": 694.6}
{"arm": "unet", "epoch": 67, "steps": 4352, "train": 5.6015378741967034e-05, "val_mean_case_max": 0.008607339509125223, "val_worst": 0.012725173008953388, "lr": 0.0008712574335816093, "wall": 705.1}
{"arm": "unet", "epoch": 68, "steps": 4416, "train": 5.4987624181762057e-05, "val_mean_case_max": 0.00997553781699662, "val_worst": 0.020829284366218566, "lr": 0.00086759898152825, "wall": 715.4}
{"arm": "unet", "epoch": 69, "steps": 4480, "train": 5.1766207133975776e-05, "val_mean_case_max": 0.00930990793962776, "val_worst": 0.01414673354395033, "lr": 0.000863921214605565, "wall": 725.8}
{"arm": "unet", "epoch": 70, "steps": 4544, "train": 5.4622940993810196e-05, "val_mean_case_max": 0.011762744053248701, "val_worst": 0.02021824752878501, "lr": 0.0008602006350169236, "wall": 736.2}
{"arm": "unet", "epoch": 71, "steps": 4608, "train": 6.148230352809231e-05, "val_mean_case_max": 0.011023354441756696, "val_worst": 0.015692307425053266, "lr": 0.0008564364399488475, "wall": 746.5}
{"arm": "unet", "epoch": 72, "steps": 4672, "train": 6.997905795505731e-05, "val_mean_case_max": 0.00831304988843091, "val_worst": 0.016036566114329028, "lr": 0.0008526305090009399, "wall": 757.0}
{"arm": "unet", "epoch": 73, "steps": 4736, "train": 0.00014082447477586116, "val_mean_case_max": 0.015915061546732487, "val_worst": 0.022311750965324804, "lr": 0.0008487617425763698, "wall": 767.3}
{"arm": "unet", "epoch": 74, "steps": 4800, "train": 0.0001110980687521524, "val_mean_case_max": 0.01441342402553307, "val_worst": 0.018825834622528903, "lr": 0.00084487559520855, "wall": 777.7}
{"arm": "unet", "epoch": 75, "steps": 4864, "train": 9.309303683106347e-05, "val_mean_case_max": 0.013149617676759939, "val_worst": 0.018491612129812932, "lr": 0.0008409487110315369, "wall": 788.0}
{"arm": "unet", "epoch": 76, "steps": 4928, "train": 0.0001079137439513411, "val_mean_case_max": 0.010073427894053688, "val_worst": 0.015134157392493472, "lr": 0.000836982203745526, "wall": 798.4}
{"arm": "unet", "epoch": 77, "steps": 4992, "train": 6.238628821554184e-05, "val_mean_case_max": 0.009824029807294878, "val_worst": 0.01885610692028484, "lr": 0.0008329779288225988, "wall": 808.8}
{"arm": "unet", "epoch": 78, "steps": 5056, "train": 0.00015657792111456592, "val_mean_case_max": 0.014744516849749905, "val_worst": 0.021514045902158524, "lr": 0.0008289333631402021, "wall": 819.1}
{"arm": "unet", "epoch": 79, "steps": 5120, "train": 0.00012244612411878896, "val_mean_case_max": 0.011855346145032692, "val_worst": 0.016333077484663658, "lr": 0.0008248505618318787, "wall": 829.5}
{"arm": "unet", "epoch": 80, "steps": 5184, "train": 0.00010073019548037171, "val_mean_case_max": 0.017581851256479788, "val_worst": 0.02403903249135604, "lr": 0.000820730911125916, "wall": 839.9}
{"arm": "unet", "epoch": 81, "steps": 5248, "train": 0.00021804277149001515, "val_mean_case_max": 0.008834132640728024, "val_worst": 0.01715373426981459, "lr": 0.0008165742081501717, "wall": 850.2}
{"arm": "unet", "epoch": 82, "steps": 5312, "train": 7.827833866322994e-05, "val_mean_case_max": 0.010933706753522888, "val_worst": 0.02296440749890532, "lr": 0.0008123811600558098, "wall": 860.6}
{"arm": "unet", "epoch": 83, "steps": 5376, "train": 9.555295140448179e-05, "val_mean_case_max": 0.009302392843635002, "val_worst": 0.017537683838020363, "lr": 0.0008081524113294354, "wall": 871.0}
{"arm": "unet", "epoch": 84, "steps": 5440, "train": 6.745157559545852e-05, "val_mean_case_max": 0.011464794427670028, "val_worst": 0.020707824228388624, "lr": 0.0008038864849370305, "wall": 881.3}
{"arm": "unet", "epoch": 85, "steps": 5504, "train": 4.276931509270583e-05, "val_mean_case_max": 0.008806799492838191, "val_worst": 0.013984317346502854, "lr": 0.0007995868888221318, "wall": 891.7}
{"arm": "unet", "epoch": 86, "steps": 5568, "train": 4.299035669111647e-05, "val_mean_case_max": 0.0077622623068473, "val_worst": 0.013217063384880417, "lr": 0.0007952504537731516, "wall": 902.1}
{"arm": "unet", "epoch": 87, "steps": 5632, "train": 0.000255784624882215, "val_mean_case_max": 0.024171996443414223, "val_worst": 0.029180228694622192, "lr": 0.0007908516383547914, "wall": 912.5}
{"arm": "unet", "epoch": 88, "steps": 5696, "train": 0.00012841955356218996, "val_mean_case_max": 0.00952557815101207, "val_worst": 0.017993553416237807, "lr": 0.0007864490447122063, "wall": 922.9}
{"arm": "unet", "epoch": 89, "steps": 5760, "train": 3.093490832771015e-05, "val_mean_case_max": 0.007935648986499302, "val_worst": 0.01645644045748153, "lr": 0.0007820134197352108, "wall": 933.2}
{"arm": "unet", "epoch": 90, "steps": 5824, "train": 3.97320572831177e-05, "val_mean_case_max": 0.007958923205708606, "val_worst": 0.01714987095622689, "lr": 0.00077754231977167, "wall": 943.6}
{"arm": "unet", "epoch": 91, "steps": 5888, "train": 7.48133507028308e-05, "val_mean_case_max": 0.01110351028171189, "val_worst": 0.029385574293123815, "lr": 0.0007730390317789754, "wall": 954.0}
{"arm": "unet", "epoch": 92, "steps": 5952, "train": 6.391303333937813e-05, "val_mean_case_max": 0.008051881096877041, "val_worst": 0.012233576126175946, "lr": 0.00076850542998149, "wall": 964.3}
{"arm": "unet", "epoch": 93, "steps": 6016, "train": 3.544519689425789e-05, "val_mean_case_max": 0.007125975773160703, "val_worst": 0.009987730539449109, "lr": 0.0007639393029024765, "wall": 974.8}
{"arm": "unet", "epoch": 94, "steps": 6080, "train": 7.772396201880034e-05, "val_mean_case_max": 0.008692636292095827, "val_worst": 0.015225495199336747, "lr": 0.0007593148613494609, "wall": 985.1}
{"arm": "unet", "epoch": 95, "steps": 6144, "train": 5.676437084110222e-05, "val_mean_case_max": 0.009604277172144873, "val_worst": 0.012035672121378875, "lr": 0.0007546884441099453, "wall": 995.5}
{"arm": "unet", "epoch": 96, "steps": 6208, "train": 0.00010498724539753163, "val_mean_case_max": 0.018267373454056136, "val_worst": 0.04185092285095513, "lr": 0.0007500333761103345, "wall": 1005.9}
{"arm": "unet", "epoch": 97, "steps": 6272, "train": 0.00010610776734622178, "val_mean_case_max": 0.009766235747304737, "val_worst": 0.014436726763708252, "lr": 0.0007453492888092743, "wall": 1016.3}
{"arm": "unet", "epoch": 98, "steps": 6336, "train": 4.119121605195295e-05, "val_mean_case_max": 0.006693026010002042, "val_worst": 0.01242126511830235, "lr": 0.00074063779036784, "wall": 1026.7}
{"arm": "unet", "epoch": 99, "steps": 6400, "train": 3.225278198683596e-05, "val_mean_case_max": 0.00864443937725078, "val_worst": 0.015081161098084592, "lr": 0.0007358671056392223, "wall": 1037.1}
{"arm": "unet", "epoch": 100, "steps": 6464, "train": 4.8873104553166124e-05, "val_mean_case_max": 0.00745161100323551, "val_worst": 0.013852517491368625, "lr": 0.0007310991370809512, "wall": 1047.4}
{"arm": "unet", "epoch": 101, "steps": 6528, "train": 4.585664276673787e-05, "val_mean_case_max": 0.009320848500835276, "val_worst": 0.011937851819659123, "lr": 0.0007263034962837127, "wall": 1057.8}
{"arm": "unet", "epoch": 102, "steps": 6592, "train": 5.6788849046512e-05, "val_mean_case_max": 0.007582281281865874, "val_worst": 0.014426170837966748, "lr": 0.0007214836785167933, "wall": 1068.2}
{"arm": "unet", "epoch": 103, "steps": 6656, "train": 0.00013534963191371718, "val_mean_case_max": 0.02548015032386927, "val_worst": 0.028503043068745845, "lr": 0.0007166382730990262, "wall": 1078.5}
{"arm": "unet", "epoch": 104, "steps": 6720, "train": 0.0005378552814105467, "val_mean_case_max": 0.01287247229559158, "val_worst": 0.019862039537424013, "lr": 0.0007117683667490851, "wall": 1088.9}
{"arm": "unet", "epoch": 105, "steps": 6784, "train": 5.965631793306457e-05, "val_mean_case_max": 0.008069299649941264, "val_worst": 0.015045463322282836, "lr": 0.0007068734580451053, "wall": 1099.3}
{"arm": "unet", "epoch": 106, "steps": 6848, "train": 2.923151385177202e-05, "val_mean_case_max": 0.006479190402500822, "val_worst": 0.01129991866801727, "lr": 0.0007019548046648012, "wall": 1109.7}
{"arm": "unet", "epoch": 107, "steps": 6912, "train": 2.7984283561080888e-05, "val_mean_case_max": 0.006248200823705896, "val_worst": 0.010672730329380634, "lr": 0.0006969819151680928, "wall": 1120.1}
{"arm": "unet", "epoch": 108, "steps": 6976, "train": 2.405181959197668e-05, "val_mean_case_max": 0.007745047910879434, "val_worst": 0.013026581822840094, "lr": 0.0006919868939909537, "wall": 1130.5}
{"arm": "unet", "epoch": 109, "steps": 7040, "train": 2.709661363525904e-05, "val_mean_case_max": 0.007569421423491417, "val_worst": 0.014750014628467572, "lr": 0.0006870009968528186, "wall": 1140.9}
{"arm": "unet", "epoch": 110, "steps": 7104, "train": 2.2702388348975747e-05, "val_mean_case_max": 0.006158070089473142, "val_worst": 0.009316721943086864, "lr": 0.0006819920804366509, "wall": 1151.3}
{"arm": "unet", "epoch": 111, "steps": 7168, "train": 2.34653132389371e-05, "val_mean_case_max": 0.006728045144514504, "val_worst": 0.009182430064994687, "lr": 0.0006769266281231759, "wall": 1161.7}
{"arm": "unet", "epoch": 112, "steps": 7232, "train": 2.561684817882869e-05, "val_mean_case_max": 0.005578229272067659, "val_worst": 0.010421982561549026, "lr": 0.0006718780525183742, "wall": 1172.1}
{"arm": "unet", "epoch": 113, "steps": 7296, "train": 2.7055481062435564e-05, "val_mean_case_max": 0.009317869487914044, "val_worst": 0.013217429271130005, "lr": 0.0006667735798168978, "wall": 1182.5}
{"arm": "unet", "epoch": 114, "steps": 7360, "train": 0.00010024027145864064, "val_mean_case_max": 0.015099970904958895, "val_worst": 0.02233877592011794, "lr": 0.0006616813746200869, "wall": 1192.8}
{"arm": "unet", "epoch": 115, "steps": 7424, "train": 8.075396295926737e-05, "val_mean_case_max": 0.010157159465675615, "val_worst": 0.014814543633020073, "lr": 0.0006565762324129723, "wall": 1203.2}
{"arm": "unet", "epoch": 116, "steps": 7488, "train": 0.00010033433725586487, "val_mean_case_max": 0.007159192813571583, "val_worst": 0.0118533916902862, "lr": 0.0006514508682437593, "wall": 1213.6}
{"arm": "unet", "epoch": 117, "steps": 7552, "train": 2.6804907122103002e-05, "val_mean_case_max": 0.009730361925453304, "val_worst": 0.014184652726419621, "lr": 0.0006463075477184786, "wall": 1223.9}
{"arm": "unet", "epoch": 118, "steps": 7616, "train": 2.564167004730341e-05, "val_mean_case_max": 0.007696342809946095, "val_worst": 0.015123457542434689, "lr": 0.0006411501824214657, "wall": 1234.3}
{"arm": "unet", "epoch": 119, "steps": 7680, "train": 3.422110111406894e-05, "val_mean_case_max": 0.0066055039877491, "val_worst": 0.008665238874785802, "lr": 0.0006359724391150783, "wall": 1244.7}
{"arm": "unet", "epoch": 120, "steps": 7744, "train": 2.3549239355404513e-05, "val_mean_case_max": 0.007721495598385601, "val_worst": 0.010255941434767603, "lr": 0.0006307806246254439, "wall": 1255.1}
{"arm": "unet", "epoch": 121, "steps": 7808, "train": 2.8585562536022394e-05, "val_mean_case_max": 0.0070760622976267645, "val_worst": 0.009651281520390959, "lr": 0.000625574458442566, "wall": 1265.4}
{"arm": "unet", "epoch": 122, "steps": 7872, "train": 2.0495236820584084e-05, "val_mean_case_max": 0.005785549795501281, "val_worst": 0.008396263879481112, "lr": 0.0006203510592001133, "wall": 1275.8}
{"arm": "unet", "epoch": 123, "steps": 7936, "train": 2.013594789257592e-05, "val_mean_case_max": 0.005228946250367239, "val_worst": 0.0081156921618616, "lr": 0.0006151121766911215, "wall": 1286.3}
{"arm": "unet", "epoch": 124, "steps": 8000, "train": 2.1707817000239564e-05, "val_mean_case_max": 0.005679360627675411, "val_worst": 0.00984582454301927, "lr": 0.0006098314963253605, "wall": 1296.6}
{"arm": "unet", "epoch": 125, "steps": 8064, "train": 2.3723483399001427e-05, "val_mean_case_max": 0.006938446124197987, "val_worst": 0.009718896306127, "lr": 0.000604574179146902, "wall": 1307.0}
{"arm": "unet", "epoch": 126, "steps": 8128, "train": 2.3015633432900447e-05, "val_mean_case_max": 0.005889561884155961, "val_worst": 0.009476870091736976, "lr": 0.0005993041620210515, "wall": 1317.4}
{"arm": "unet", "epoch": 127, "steps": 8192, "train": 2.405893068931627e-05, "val_mean_case_max": 0.0053339562386746095, "val_worst": 0.00836438037623459, "lr": 0.0005940224430318393, "wall": 1327.7}
{"arm": "unet", "epoch": 128, "steps": 8256, "train": 2.8556805777240483e-05, "val_mean_case_max": 0.008428872120028415, "val_worst": 0.013694392598959581, "lr": 0.0005887288798377022, "wall": 1338.1}
{"arm": "unet", "epoch": 129, "steps": 8320, "train": 0.00016301574177881217, "val_mean_case_max": 0.015170181894281865, "val_worst": 0.024508777881504608, "lr": 0.0005834262012795407, "wall": 1348.5}
{"arm": "unet", "epoch": 130, "steps": 8384, "train": 5.686328169039779e-05, "val_mean_case_max": 0.006339270363073822, "val_worst": 0.008585622852649489, "lr": 0.0005781128614155325, "wall": 1358.8}
{"arm": "unet", "epoch": 131, "steps": 8448, "train": 2.542673333074644e-05, "val_mean_case_max": 0.006233829188708691, "val_worst": 0.009038254053785418, "lr": 0.0005727914708423845, "wall": 1369.2}
{"arm": "unet", "epoch": 132, "steps": 8512, "train": 2.4147714132530455e-05, "val_mean_case_max": 0.005911325816463246, "val_worst": 0.008714759615371064, "lr": 0.0005674615985782877, "wall": 1379.6}
{"arm": "unet", "epoch": 133, "steps": 8576, "train": 2.2099008609096813e-05, "val_mean_case_max": 0.005350589227426892, "val_worst": 0.008478873573399225, "lr": 0.0005621226898025626, "wall": 1390.0}
{"arm": "unet", "epoch": 134, "steps": 8640, "train": 1.909021162231558e-05, "val_mean_case_max": 0.0052179355102586955, "val_worst": 0.007492146897026345, "lr": 0.0005567797656091618, "wall": 1400.4}
{"arm": "unet", "epoch": 135, "steps": 8704, "train": 1.66575883081642e-05, "val_mean_case_max": 0.004757443950634972, "val_worst": 0.007383758744555123, "lr": 0.0005513923650098577, "wall": 1410.8}
{"arm": "unet", "epoch": 136, "steps": 8768, "train": 1.713995696037755e-05, "val_mean_case_max": 0.006261890093701677, "val_worst": 0.008264971243028899, "lr": 0.0005459989822860441, "wall": 1421.2}
{"arm": "unet", "epoch": 137, "steps": 8832, "train": 1.648288675631728e-05, "val_mean_case_max": 0.005304856578151886, "val_worst": 0.009550083892958708, "lr": 0.0005406391182779116, "wall": 1431.6}
{"arm": "unet", "epoch": 138, "steps": 8896, "train": 1.7600827619847096e-05, "val_mean_case_max": 0.004463473813569069, "val_worst": 0.00783315911564808, "lr": 0.0005352759207259614, "wall": 1442.0}
{"arm": "unet", "epoch": 139, "steps": 8960, "train": 2.521580749891868e-05, "val_mean_case_max": 0.0069005173736879834, "val_worst": 0.012224744826773092, "lr": 0.0005298707429696888, "wall": 1452.4}
{"arm": "unet", "epoch": 140, "steps": 9024, "train": 2.829418935149334e-05, "val_mean_case_max": 0.006880227965246784, "val_worst": 0.01040710701647871, "lr": 0.0005244995978120276, "wall": 1462.8}
{"arm": "unet", "epoch": 141, "steps": 9088, "train": 2.7053289464363374e-05, "val_mean_case_max": 0.005407880630739442, "val_worst": 0.011785908137421518, "lr": 0.000519127349419163, "wall": 1473.1}
{"arm": "unet", "epoch": 142, "steps": 9152, "train": 2.7762980476180293e-05, "val_mean_case_max": 0.014485912546023855, "val_worst": 0.018469449100694584, "lr": 0.0005137486783166594, "wall": 1483.5}
{"arm": "unet", "epoch": 143, "steps": 9216, "train": 0.00021807879088993194, "val_mean_case_max": 0.011249741514266092, "val_worst": 0.01760263621778289, "lr": 0.0005083717697551076, "wall": 1493.9}
{"arm": "unet", "epoch": 144, "steps": 9280, "train": 0.00010173163187925327, "val_mean_case_max": 0.007391323349769258, "val_worst": 0.008720779340719433, "lr": 0.0005029449702649855, "wall": 1504.4}
{"arm": "unet", "epoch": 145, "steps": 9344, "train": 1.873497576732497e-05, "val_mean_case_max": 0.005382840723395823, "val_worst": 0.009947911511912256, "lr": 0.0004975437193465792, "wall": 1514.8}
{"arm": "unet", "epoch": 146, "steps": 9408, "train": 1.5376001997358066e-05, "val_mean_case_max": 0.004938342197496176, "val_worst": 0.011066469170230814, "lr": 0.0004921678897508506, "wall": 1525.2}
{"arm": "unet", "epoch": 147, "steps": 9472, "train": 1.9261632111172986e-05, "val_mean_case_max": 0.005903613286774592, "val_worst": 0.01108944669932842, "lr": 0.0004867950195674887, "wall": 1535.5}
{"arm": "unet", "epoch": 148, "steps": 9536, "train": 2.4536730478932934e-05, "val_mean_case_max": 0.004659629410714733, "val_worst": 0.007686579184729853, "lr": 0.00048142051138431183, "wall": 1545.9}
{"arm": "unet", "epoch": 149, "steps": 9600, "train": 1.4092515778396196e-05, "val_mean_case_max": 0.004772867299542856, "val_worst": 0.008761401046162765, "lr": 0.0004760506636221273, "wall": 1556.3}
{"arm": "unet", "epoch": 150, "steps": 9664, "train": 1.5165398349402419e-05, "val_mean_case_max": 0.0047313252967407515, "val_worst": 0.007500181270392203, "lr": 0.0004706865090187669, "wall": 1566.6}
{"arm": "unet", "epoch": 151, "steps": 9728, "train": 1.2357993962708835e-05, "val_mean_case_max": 0.004227774785901341, "val_worst": 0.007248851774613387, "lr": 0.00046532643559701404, "wall": 1577.1}
{"arm": "unet", "epoch": 152, "steps": 9792, "train": 1.8881094868728637e-05, "val_mean_case_max": 0.004620428093753714, "val_worst": 0.006861100706959985, "lr": 0.00045993616186277176, "wall": 1587.5}
{"arm": "unet", "epoch": 153, "steps": 9856, "train": 2.2147483927995932e-05, "val_mean_case_max": 0.004748832711221107, "val_worst": 0.006945427254450253, "lr": 0.0004545833226086087, "wall": 1597.8}
{"arm": "unet", "epoch": 154, "steps": 9920, "train": 2.0264660404061082e-05, "val_mean_case_max": 0.006020213648041705, "val_worst": 0.009122393316788657, "lr": 0.0004492370637140976, "wall": 1608.2}
{"arm": "unet", "epoch": 155, "steps": 9984, "train": 4.7323543494658885e-05, "val_mean_case_max": 0.009440319335354542, "val_worst": 0.013669993515618924, "lr": 0.0004438969934798208, "wall": 1618.6}
{"arm": "unet", "epoch": 156, "steps": 10048, "train": 0.00012174876417694414, "val_mean_case_max": 0.013077719221494883, "val_worst": 0.028161502285037984, "lr": 0.00043856736764603943, "wall": 1628.9}
{"arm": "unet", "epoch": 157, "steps": 10112, "train": 3.7860387147520375e-05, "val_mean_case_max": 0.00471961260729881, "val_worst": 0.007893178832531166, "lr": 0.0004332430047496759, "wall": 1639.3}
{"arm": "unet", "epoch": 158, "steps": 10176, "train": 1.7654538443770027e-05, "val_mean_case_max": 0.005045664415667466, "val_worst": 0.006232026547179416, "lr": 0.000427925763742385, "wall": 1649.7}
{"arm": "unet", "epoch": 159, "steps": 10240, "train": 1.1751281081637129e-05, "val_mean_case_max": 0.004218341536527505, "val_worst": 0.008100334662720832, "lr": 0.00042262170379117544, "wall": 1660.1}
{"arm": "unet", "epoch": 160, "steps": 10304, "train": 1.7624799858425817e-05, "val_mean_case_max": 0.003897431497662894, "val_worst": 0.008947568128142945, "lr": 0.000417283894276096, "wall": 1670.6}
{"arm": "unet", "epoch": 161, "steps": 10368, "train": 1.579286859540708e-05, "val_mean_case_max": 0.004254275859483276, "val_worst": 0.0062043486292887775, "lr": 0.00041196079615102527, "wall": 1681.0}
{"arm": "unet", "epoch": 162, "steps": 10432, "train": 1.3179221831742158e-05, "val_mean_case_max": 0.004448328230431987, "val_worst": 0.006735011835137461, "lr": 0.0004066856469609861, "wall": 1691.3}
{"arm": "unet", "epoch": 163, "steps": 10496, "train": 1.3145242268014386e-05, "val_mean_case_max": 0.004586854197908204, "val_worst": 0.006539335579534915, "lr": 0.00040141923266985547, "wall": 1701.7}
{"arm": "unet", "epoch": 164, "steps": 10560, "train": 1.5538566835941777e-05, "val_mean_case_max": 0.004252869309736571, "val_worst": 0.005622501646865121, "lr": 0.0003961645316567826, "wall": 1712.1}
{"arm": "unet", "epoch": 165, "steps": 10624, "train": 1.1697239007515548e-05, "val_mean_case_max": 0.003639091535944837, "val_worst": 0.007782094890655777, "lr": 0.00039092598319642713, "wall": 1722.5}
{"arm": "unet", "epoch": 166, "steps": 10688, "train": 9.855050696411644e-06, "val_mean_case_max": 0.0037836362977508677, "val_worst": 0.00842858038407939, "lr": 0.0003856628531844455, "wall": 1732.9}
{"arm": "unet", "epoch": 167, "steps": 10752, "train": 8.77016812115822e-06, "val_mean_case_max": 0.00446949051802118, "val_worst": 0.007404218154607033, "lr": 0.000380449931832337, "wall": 1743.3}
{"arm": "unet", "epoch": 168, "steps": 10816, "train": 1.322475755344088e-05, "val_mean_case_max": 0.0042835446723416114, "val_worst": 0.005518861122148268, "lr": 0.00037525313134159714, "wall": 1753.7}
{"arm": "unet", "epoch": 169, "steps": 10880, "train": 2.7561753839446103e-05, "val_mean_case_max": 0.00555177383618604, "val_worst": 0.007772968517299056, "lr": 0.00037007158224113473, "wall": 1764.0}
{"arm": "unet", "epoch": 170, "steps": 10944, "train": 1.4750806705135424e-05, "val_mean_case_max": 0.004089348445844202, "val_worst": 0.0070802026319777235, "lr": 0.00036490634864597235, "wall": 1774.4}
{"arm": "unet", "epoch": 171, "steps": 11008, "train": 1.3811202974420949e-05, "val_mean_case_max": 0.007574080112697132, "val_worst": 0.013052839475068074, "lr": 0.0003597212924476681, "wall": 1784.9}
{"arm": "unet", "epoch": 172, "steps": 11072, "train": 1.641359905723178e-05, "val_mean_case_max": 0.003415931661068424, "val_worst": 0.00581458878573287, "lr": 0.0003545885399488056, "wall": 1795.3}
{"arm": "unet", "epoch": 173, "steps": 11136, "train": 7.357964930325666e-06, "val_mean_case_max": 0.0032010573977417026, "val_worst": 0.00664366788504994, "lr": 0.00034944386748847435, "wall": 1805.8}
{"arm": "unet", "epoch": 174, "steps": 11200, "train": 1.0268248403693913e-05, "val_mean_case_max": 0.005600346746808025, "val_worst": 0.007408929796515016, "lr": 0.0003443021380501107, "wall": 1816.1}
{"arm": "unet", "epoch": 175, "steps": 11264, "train": 9.308929615883274e-06, "val_mean_case_max": 0.0037389493061754705, "val_worst": 0.006993196246999379, "lr": 0.000339226266149405, "wall": 1826.5}
{"arm": "unet", "epoch": 176, "steps": 11328, "train": 9.676865520312934e-06, "val_mean_case_max": 0.004034663706686644, "val_worst": 0.00894227950949191, "lr": 0.0003341700464523111, "wall": 1836.9}
{"arm": "unet", "epoch": 177, "steps": 11392, "train": 7.234597216761242e-06, "val_mean_case_max": 0.0036325983860147557, "val_worst": 0.005113528322535731, "lr": 0.0003291331502685256, "wall": 1847.2}
{"arm": "unet", "epoch": 178, "steps": 11456, "train": 9.640170450854717e-06, "val_mean_case_max": 0.004993894415959949, "val_worst": 0.006036314957332206, "lr": 0.0003241165570180519, "wall": 1857.6}
{"arm": "unet", "epoch": 179, "steps": 11520, "train": 2.4821155976323964e-05, "val_mean_case_max": 0.005394374723566355, "val_worst": 0.00984152307844401, "lr": 0.00031911925252729994, "wall": 1868.0}
{"arm": "unet", "epoch": 180, "steps": 11584, "train": 2.5055579187202586e-05, "val_mean_case_max": 0.003605776019610387, "val_worst": 0.005381232726871635, "lr": 0.0003141476632385378, "wall": 1878.4}
{"arm": "unet", "epoch": 181, "steps": 11648, "train": 8.251436383295172e-06, "val_mean_case_max": 0.0033778112869475153, "val_worst": 0.006251647476487663, "lr": 0.0003091982989616969, "wall": 1888.7}
{"arm": "unet", "epoch": 182, "steps": 11712, "train": 7.002186705692003e-06, "val_mean_case_max": 0.0039488571357714445, "val_worst": 0.006047518338760444, "lr": 0.00030427080747936504, "wall": 1899.1}
{"arm": "unet", "epoch": 183, "steps": 11776, "train": 1.4412540444053445e-05, "val_mean_case_max": 0.0054924794838660616, "val_worst": 0.00867473000703956, "lr": 0.0002993672766535811, "wall": 1909.5}
{"arm": "unet", "epoch": 184, "steps": 11840, "train": 1.3260524994963113e-05, "val_mean_case_max": 0.004205662879088417, "val_worst": 0.008227550893535471, "lr": 0.0002944884833300691, "wall": 1919.9}
{"arm": "unet", "epoch": 185, "steps": 11904, "train": 1.3476405809715124e-05, "val_mean_case_max": 0.0042315379550393675, "val_worst": 0.006823376728570741, "lr": 0.0002896343516586342, "wall": 1930.2}
{"arm": "unet", "epoch": 186, "steps": 11968, "train": 7.903026053629342e-06, "val_mean_case_max": 0.0038372288057345995, "val_worst": 0.004714680652750286, "lr": 0.00028480395868215957, "wall": 1940.6}
{"arm": "unet", "epoch": 187, "steps": 12032, "train": 9.002955727616493e-06, "val_mean_case_max": 0.003472634131167716, "val_worst": 0.005820463591589875, "lr": 0.00028000004379531403, "wall": 1951.0}
{"arm": "unet", "epoch": 188, "steps": 12096, "train": 1.0918107163480532e-05, "val_mean_case_max": 0.003749032003742526, "val_worst": 0.006780528559858795, "lr": 0.000275223098159477, "wall": 1961.4}
{"arm": "unet", "epoch": 189, "steps": 12160, "train": 9.936496174886245e-06, "val_mean_case_max": 0.00413833362394871, "val_worst": 0.006691748640678163, "lr": 0.00027047133612677273, "wall": 1971.7}
{"arm": "unet", "epoch": 190, "steps": 12224, "train": 1.203926245428291e-05, "val_mean_case_max": 0.00393013584961955, "val_worst": 0.006294078687591742, "lr": 0.0002657488773290014, "wall": 1982.1}
{"arm": "unet", "epoch": 191, "steps": 12288, "train": 6.66788180928008e-06, "val_mean_case_max": 0.003158646231261291, "val_worst": 0.004704896191131965, "lr": 0.0002610539798044656, "wall": 1992.6}
{"arm": "unet", "epoch": 192, "steps": 12352, "train": 9.561125692838194e-06, "val_mean_case_max": 0.003959903174472168, "val_worst": 0.006993547632765494, "lr": 0.0002563550782100171, "wall": 2003.0}
{"arm": "unet", "epoch": 193, "steps": 12416, "train": 6.379782226516468e-06, "val_mean_case_max": 0.0028596244673893324, "val_worst": 0.005253410009536953, "lr": 0.0002517153257167508, "wall": 2013.4}
{"arm": "unet", "epoch": 194, "steps": 12480, "train": 5.88174247427492e-06, "val_mean_case_max": 0.0049134290716532775, "val_worst": 0.006371810805942125, "lr": 0.000247075799364456, "wall": 2023.8}
{"arm": "unet", "epoch": 195, "steps": 12544, "train": 8.587067575625364e-06, "val_mean_case_max": 0.0031467227119382855, "val_worst": 0.0054050803805899324, "lr": 0.0002424984912136123, "wall": 2034.2}
{"arm": "unet", "epoch": 196, "steps": 12608, "train": 9.244816963937511e-06, "val_mean_case_max": 0.0038372110165928583, "val_worst": 0.008979061899176239, "lr": 0.00023795433532667026, "wall": 2044.5}
{"arm": "unet", "epoch": 197, "steps": 12672, "train": 6.746140948979242e-06, "val_mean_case_max": 0.003050434318647231, "val_worst": 0.004359989934061975, "lr": 0.00023344303911384623, "wall": 2054.9}
{"arm": "unet", "epoch": 198, "steps": 12736, "train": 5.3441902473643e-06, "val_mean_case_max": 0.002750587902705169, "val_worst": 0.004723803862396572, "lr": 0.000228960493323257, "wall": 2065.4}
{"arm": "unet", "epoch": 199, "steps": 12800, "train": 6.300688925069989e-06, "val_mean_case_max": 0.0029618986974637488, "val_worst": 0.004643623483707186, "lr": 0.00022447305918620687, "wall": 2075.8}
{"arm": "unet", "epoch": 200, "steps": 12864, "train": 6.7286828443038075e-06, "val_mean_case_max": 0.003922892186727849, "val_worst": 0.0046883663839214695, "lr": 0.00022005346652015446, "wall": 2086.1}
{"arm": "unet", "epoch": 201, "steps": 12928, "train": 1.0073940514142475e-05, "val_mean_case_max": 0.0041358954185398335, "val_worst": 0.00755694862633643, "lr": 0.00021566833921924663, "wall": 2096.5}
{"arm": "unet", "epoch": 202, "steps": 12992, "train": 9.151837266611439e-06, "val_mean_case_max": 0.003497933163059034, "val_worst": 0.004842018833285662, "lr": 0.00021131510417781625, "wall": 2106.9}
{"arm": "unet", "epoch": 203, "steps": 13056, "train": 1.2191453194629906e-05, "val_mean_case_max": 0.004682918019792192, "val_worst": 0.010294334253395265, "lr": 0.0002070005771039347, "wall": 2117.3}
{"arm": "unet", "epoch": 204, "steps": 13120, "train": 6.0744460994480485e-06, "val_mean_case_max": 0.002757659977791877, "val_worst": 0.005775099443428653, "lr": 0.00020271805967410895, "wall": 2127.7}
{"arm": "unet", "epoch": 205, "steps": 13184, "train": 5.948781336146776e-06, "val_mean_case_max": 0.0030309260061565603, "val_worst": 0.004848903000064345, "lr": 0.00019847203141756093, "wall": 2138.1}
{"arm": "unet", "epoch": 206, "steps": 13248, "train": 1.1582865476017002e-05, "val_mean_case_max": 0.002986713729770869, "val_worst": 0.0038617775751667704, "lr": 0.0001942644434199295, "wall": 2148.5}
{"arm": "unet", "epoch": 207, "steps": 13312, "train": 1.0918600514101884e-05, "val_mean_case_max": 0.0026492008013667377, "val_worst": 0.005790294119584516, "lr": 0.0001900912181878029, "wall": 2158.9}
{"arm": "unet", "epoch": 208, "steps": 13376, "train": 5.07197380930595e-06, "val_mean_case_max": 0.003111111402954372, "val_worst": 0.005744585480806885, "lr": 0.00018593010854554777, "wall": 2169.3}
{"arm": "unet", "epoch": 209, "steps": 13440, "train": 4.472440822439175e-06, "val_mean_case_max": 0.0024043174745231096, "val_worst": 0.004745096833823534, "lr": 0.00018183044518972727, "wall": 2179.8}
{"arm": "unet", "epoch": 210, "steps": 13504, "train": 5.097605141178356e-06, "val_mean_case_max": 0.0025770051064650436, "val_worst": 0.004916952272658922, "lr": 0.00017774094288084254, "wall": 2190.2}
{"arm": "unet", "epoch": 211, "steps": 13568, "train": 5.67439767073638e-06, "val_mean_case_max": 0.0024118943981206965, "val_worst": 0.0044573362328305, "lr": 0.00017372145317307648, "wall": 2200.6}
{"arm": "unet", "epoch": 212, "steps": 13632, "train": 4.726201320284982e-06, "val_mean_case_max": 0.003185244680656577, "val_worst": 0.005433477299257121, "lr": 0.00016974133708017462, "wall": 2210.9}
{"arm": "unet", "epoch": 213, "steps": 13696, "train": 6.219270875863555e-06, "val_mean_case_max": 0.0028367825580795656, "val_worst": 0.005178096901618928, "lr": 0.00016580205749896595, "wall": 2221.3}
{"arm": "unet", "epoch": 214, "steps": 13760, "train": 4.1669970123291365e-06, "val_mean_case_max": 0.002464345271054231, "val_worst": 0.004026091213007561, "lr": 0.0001618989900148738, "wall": 2231.7}
{"arm": "unet", "epoch": 215, "steps": 13824, "train": 4.101067426987134e-06, "val_mean_case_max": 0.0026632058540825626, "val_worst": 0.004357624237359915, "lr": 0.0001580336460614333, "wall": 2242.1}
{"arm": "unet", "epoch": 216, "steps": 13888, "train": 4.363628338717183e-06, "val_mean_case_max": 0.0028094970060192972, "val_worst": 0.005833779586804022, "lr": 0.0001542124755081257, "wall": 2252.5}
{"arm": "unet", "epoch": 217, "steps": 13952, "train": 4.838812593924806e-06, "val_mean_case_max": 0.0024653340772958546, "val_worst": 0.004599388241461578, "lr": 0.0001504325037688765, "wall": 2262.9}
{"arm": "unet", "epoch": 218, "steps": 14016, "train": 4.573683620183376e-06, "val_mean_case_max": 0.002418991748212984, "val_worst": 0.00411635259252009, "lr": 0.0001466948536929866, "wall": 2273.3}
{"arm": "unet", "epoch": 219, "steps": 14080, "train": 4.602926983781283e-06, "val_mean_case_max": 0.0025590487609860888, "val_worst": 0.004911911251610195, "lr": 0.00014299787823692065, "wall": 2283.7}
{"arm": "unet", "epoch": 220, "steps": 14144, "train": 4.502702915166755e-06, "val_mean_case_max": 0.0026352366084335405, "val_worst": 0.003695127662638051, "lr": 0.00013934543695239056, "wall": 2294.1}
{"arm": "unet", "epoch": 221, "steps": 14208, "train": 6.2643852829659965e-06, "val_mean_case_max": 0.0031440909740547917, "val_worst": 0.003990099364343569, "lr": 0.00013573799589185805, "wall": 2304.5}
{"arm": "unet", "epoch": 222, "steps": 14272, "train": 4.406434536443961e-06, "val_mean_case_max": 0.002582782981689753, "val_worst": 0.003351868914817507, "lr": 0.00013217408590319882, "wall": 2314.8}
{"arm": "unet", "epoch": 223, "steps": 14336, "train": 3.7397809684816684e-06, "val_mean_case_max": 0.002457688314565329, "val_worst": 0.004298006768369427, "lr": 0.00012865148423560542, "wall": 2325.2}
{"arm": "unet", "epoch": 224, "steps": 14400, "train": 7.274055752992622e-06, "val_mean_case_max": 0.0026561082613675803, "val_worst": 0.004945626969024865, "lr": 0.00012517607809547443, "wall": 2335.6}
{"arm": "unet", "epoch": 225, "steps": 14464, "train": 4.259875230798429e-06, "val_mean_case_max": 0.0026882173955858585, "val_worst": 0.005153650158930813, "lr": 0.00012174544021335375, "wall": 2346.0}
{"arm": "unet", "epoch": 226, "steps": 14528, "train": 3.6466687341566596e-06, "val_mean_case_max": 0.0025243650656569154, "val_worst": 0.0036544118328941722, "lr": 0.0001183566717975521, "wall": 2356.4}
{"arm": "unet", "epoch": 227, "steps": 14592, "train": 3.7313321474763917e-06, "val_mean_case_max": 0.0025931906247254007, "val_worst": 0.003332013701853862, "lr": 0.0001150166379931581, "wall": 2366.8}
{"arm": "unet", "epoch": 228, "steps": 14656, "train": 3.858055328711234e-06, "val_mean_case_max": 0.0022685952432956887, "val_worst": 0.0035337597972436127, "lr": 0.00011172293946612497, "wall": 2377.3}
{"arm": "unet", "epoch": 229, "steps": 14720, "train": 4.136849635004335e-06, "val_mean_case_max": 0.0021274311539175826, "val_worst": 0.0038983383548215227, "lr": 0.00010844944518136348, "wall": 2387.7}
{"arm": "unet", "epoch": 230, "steps": 14784, "train": 3.3760714889862132e-06, "val_mean_case_max": 0.002342374447136798, "val_worst": 0.004209181736835743, "lr": 0.00010522596714705901, "wall": 2398.1}
{"arm": "unet", "epoch": 231, "steps": 14848, "train": 3.0588987474838924e-06, "val_mean_case_max": 0.0023609711852655897, "val_worst": 0.003729171233532197, "lr": 0.00010206931909263509, "wall": 2408.5}
{"arm": "unet", "epoch": 232, "steps": 14912, "train": 3.6580154195858547e-06, "val_mean_case_max": 0.002723047049414353, "val_worst": 0.0060925210739379366, "lr": 9.896566960952565e-05, "wall": 2418.9}
{"arm": "unet", "epoch": 233, "steps": 14976, "train": 3.3491460333301466e-06, "val_mean_case_max": 0.0026382404744509386, "val_worst": 0.0054220323697595834, "lr": 9.590824133996313e-05, "wall": 2429.3}
{"arm": "unet", "epoch": 234, "steps": 15040, "train": 3.545446216535813e-06, "val_mean_case_max": 0.0021705928349575535, "val_worst": 0.004257819792769978, "lr": 9.28976373083586e-05, "wall": 2439.7}
{"arm": "unet", "epoch": 235, "steps": 15104, "train": 3.1965806618791644e-06, "val_mean_case_max": 0.002124558974512006, "val_worst": 0.00382455253834158, "lr": 8.993420743923183e-05, "wall": 2450.2}
{"arm": "unet", "epoch": 236, "steps": 15168, "train": 2.9714980751902298e-06, "val_mean_case_max": 0.00230370559214654, "val_worst": 0.003489878082693079, "lr": 8.700703802326122e-05, "wall": 2460.6}
{"arm": "unet", "epoch": 237, "steps": 15232, "train": 3.269540856467439e-06, "val_mean_case_max": 0.0021144605199180334, "val_worst": 0.003591697782933917, "lr": 8.414888471702982e-05, "wall": 2471.0}
{"arm": "unet", "epoch": 238, "steps": 15296, "train": 2.8775832889727696e-06, "val_mean_case_max": 0.00209708741286343, "val_worst": 0.0034879831196560833, "lr": 8.131990999042981e-05, "wall": 2481.5}
{"arm": "unet", "epoch": 239, "steps": 15360, "train": 3.0987453775207603e-06, "val_mean_case_max": 0.00221948842519599, "val_worst": 0.004547156342614326, "lr": 7.854076209098312e-05, "wall": 2491.9}
{"arm": "unet", "epoch": 240, "steps": 15424, "train": 3.2364020474533045e-06, "val_mean_case_max": 0.0021924617592404792, "val_worst": 0.003370515599028627, "lr": 7.583180393997861e-05, "wall": 2502.3}
{"arm": "unet", "epoch": 241, "steps": 15488, "train": 3.700750555662217e-06, "val_mean_case_max": 0.00232234891721281, "val_worst": 0.003916066363021413, "lr": 7.31754973302636e-05, "wall": 2512.7}
{"arm": "unet", "epoch": 242, "steps": 15552, "train": 3.605601227334495e-06, "val_mean_case_max": 0.002269673837764758, "val_worst": 0.003824496619090067, "lr": 7.057033699694273e-05, "wall": 2523.0}
{"arm": "unet", "epoch": 243, "steps": 15616, "train": 2.840203719047621e-06, "val_mean_case_max": 0.0022531251075560204, "val_worst": 0.004752758093722781, "lr": 6.801575224265997e-05, "wall": 2533.4}
{"arm": "unet", "epoch": 244, "steps": 15680, "train": 2.9072194933937265e-06, "val_mean_case_max": 0.0021674646845227415, "val_worst": 0.004281328956949767, "lr": 6.551220019960813e-05, "wall": 2543.8}
{"arm": "unet", "epoch": 245, "steps": 15744, "train": 2.7355022916328703e-06, "val_mean_case_max": 0.002024206519135291, "val_worst": 0.0035118054691403396, "lr": 6.306181192197533e-05, "wall": 2554.3}
{"arm": "unet", "epoch": 246, "steps": 15808, "train": 2.7868408005300282e-06, "val_mean_case_max": 0.0021616381084422313, "val_worst": 0.0036356549121927704, "lr": 6.064610059049998e-05, "wall": 2564.7}
{"arm": "unet", "epoch": 247, "steps": 15872, "train": 2.722748177781284e-06, "val_mean_case_max": 0.002370378104846014, "val_worst": 0.0030885160971998596, "lr": 5.8301528466708114e-05, "wall": 2575.0}
{"arm": "unet", "epoch": 248, "steps": 15936, "train": 2.778373969967416e-06, "val_mean_case_max": 0.0020878073435838763, "val_worst": 0.004103246462752399, "lr": 5.6007109451967517e-05, "wall": 2585.4}
{"arm": "unet", "epoch": 249, "steps": 16000, "train": 2.8416091361120575e-06, "val_mean_case_max": 0.0022370589616167343, "val_worst": 0.003331528283271266, "lr": 5.3767548442353336e-05, "wall": 2595.8}
{"arm": "unet", "epoch": 250, "steps": 16064, "train": 2.5476967400560573e-06, "val_mean_case_max": 0.0020923766284856324, "val_worst": 0.0032492596092587927, "lr": 5.158109577820772e-05, "wall": 2606.2}
{"arm": "unet", "epoch": 251, "steps": 16128, "train": 2.6277698935439184e-06, "val_mean_case_max": 0.002065200888571747, "val_worst": 0.0038261775768560708, "lr": 4.944923190103805e-05, "wall": 2616.6}
{"arm": "unet", "epoch": 252, "steps": 16192, "train": 2.641661322553535e-06, "val_mean_case_max": 0.00208050947465641, "val_worst": 0.0034483445626368467, "lr": 4.737054495849768e-05, "wall": 2627.0}
{"arm": "unet", "epoch": 253, "steps": 16256, "train": 2.4534627178554335e-06, "val_mean_case_max": 0.002009206460565651, "val_worst": 0.003453795295349943, "lr": 4.534690951665233e-05, "wall": 2637.4}
{"arm": "unet", "epoch": 254, "steps": 16320, "train": 2.540317120295765e-06, "val_mean_case_max": 0.0021735364713778953, "val_worst": 0.004339439928710139, "lr": 4.336160349955286e-05, "wall": 2647.8}
{"arm": "unet", "epoch": 255, "steps": 16384, "train": 2.616199659677473e-06, "val_mean_case_max": 0.0021355430607071777, "val_worst": 0.0033123926233990277, "lr": 4.1445885045867154e-05, "wall": 2658.2}
{"arm": "unet", "epoch": 256, "steps": 16448, "train": 2.4899696386805284e-06, "val_mean_case_max": 0.0020597608277066583, "val_worst": 0.0029898227864206877, "lr": 3.9584090011118946e-05, "wall": 2668.6}
{"arm": "unet", "epoch": 257, "steps": 16512, "train": 2.4402434115272615e-06, "val_mean_case_max": 0.002141958803741384, "val_worst": 0.004272228178152179, "lr": 3.777888616929658e-05, "wall": 2679.0}
{"arm": "unet", "epoch": 258, "steps": 16576, "train": 2.4378219270646136e-06, "val_mean_case_max": 0.0021824126544624225, "val_worst": 0.0030090857028846046, "lr": 3.6027042099237486e-05, "wall": 2689.4}
{"arm": "unet", "epoch": 259, "steps": 16640, "train": 2.5741013584191506e-06, "val_mean_case_max": 0.0020296466826152685, "val_worst": 0.003940370375611626, "lr": 3.433238381498188e-05, "wall": 2699.7}
{"arm": "unet", "epoch": 260, "steps": 16704, "train": 2.4458112226914353e-06, "val_mean_case_max": 0.0020253699093650806, "val_worst": 0.0030459431558626246, "lr": 3.2692718907515906e-05, "wall": 2710.1}
{"arm": "unet", "epoch": 261, "steps": 16768, "train": 2.5446956756100823e-06, "val_mean_case_max": 0.002193767709748956, "val_worst": 0.003285511577760989, "lr": 3.110935258117591e-05, "wall": 2720.5}
{"arm": "unet", "epoch": 262, "steps": 16832, "train": 2.8613985432182725e-06, "val_mean_case_max": 0.0019880053325214944, "val_worst": 0.0036396523203104337, "lr": 2.9580709192228717e-05, "wall": 2731.0}
{"arm": "unet", "epoch": 263, "steps": 16896, "train": 2.43382114943601e-06, "val_mean_case_max": 0.0019754105759871837, "val_worst": 0.003378696049325403, "lr": 2.8100276459853625e-05, "wall": 2741.4}
{"arm": "unet", "epoch": 264, "steps": 16960, "train": 2.3608583042681123e-06, "val_mean_case_max": 0.001966428597246, "val_worst": 0.0037317287355243057, "lr": 2.667644178887616e-05, "wall": 2751.9}
{"arm": "unet", "epoch": 265, "steps": 17024, "train": 2.342672932979644e-06, "val_mean_case_max": 0.0019284062913790903, "val_worst": 0.0035059796205314693, "lr": 2.5311689685827907e-05, "wall": 2762.4}
{"arm": "unet", "epoch": 266, "steps": 17088, "train": 2.3440051534255403e-06, "val_mean_case_max": 0.001963487808227497, "val_worst": 0.003802539856198993, "lr": 2.3997607195049734e-05, "wall": 2772.8}
{"arm": "unet", "epoch": 267, "steps": 17152, "train": 2.3151858843126906e-06, "val_mean_case_max": 0.001931761104090145, "val_worst": 0.0033595347319621974, "lr": 2.275463846821009e-05, "wall": 2783.1}
{"arm": "unet", "epoch": 268, "steps": 17216, "train": 2.2443800562856184e-06, "val_mean_case_max": 0.001955892166663192, "val_worst": 0.0036337778563503855, "lr": 2.1569084125883176e-05, "wall": 2793.5}
{"arm": "unet", "epoch": 269, "steps": 17280, "train": 2.2940790638924074e-06, "val_mean_case_max": 0.0019301831705175714, "val_worst": 0.003342427489357228, "lr": 2.0440597718324984e-05, "wall": 2803.9}
{"arm": "unet", "epoch": 270, "steps": 17344, "train": 2.2644907656905376e-06, "val_mean_case_max": 0.0019558628086098393, "val_worst": 0.0033653144227371637, "lr": 1.936940950112836e-05, "wall": 2814.3}
{"arm": "unet", "epoch": 271, "steps": 17408, "train": 2.292769263196893e-06, "val_mean_case_max": 0.0020015124433586224, "val_worst": 0.0030605208666493024, "lr": 1.8356003828649334e-05, "wall": 2824.7}
{"arm": "unet", "epoch": 272, "steps": 17472, "train": 2.2369255090425785e-06, "val_mean_case_max": 0.0018982841905170866, "val_worst": 0.0032676864229704543, "lr": 1.7399672994300984e-05, "wall": 2835.1}
{"arm": "unet", "epoch": 273, "steps": 17536, "train": 2.243640002815513e-06, "val_mean_case_max": 0.0019161792911847205, "val_worst": 0.0033108341911733297, "lr": 1.6495321769753133e-05, "wall": 2845.5}
{"arm": "unet", "epoch": 274, "steps": 17600, "train": 2.2319629014868474e-06, "val_mean_case_max": 0.00195885467091563, "val_worst": 0.0034092997049116284, "lr": 1.5654840189856364e-05, "wall": 2855.9}
{"arm": "unet", "epoch": 275, "steps": 17664, "train": 2.2398357521781075e-06, "val_mean_case_max": 0.0019357882266349447, "val_worst": 0.003766302596031344, "lr": 1.4872155941005642e-05, "wall": 2866.3}
{"arm": "unet", "epoch": 276, "steps": 17728, "train": 2.2088639293884663e-06, "val_mean_case_max": 0.001917638326647178, "val_worst": 0.003360025272158871, "lr": 1.414726308260772e-05, "wall": 2876.7}
{"arm": "unet", "epoch": 277, "steps": 17792, "train": 2.2017788382718674e-06, "val_mean_case_max": 0.0019598991063933162, "val_worst": 0.0032752583336473303, "lr": 1.3480622610486799e-05, "wall": 2887.1}
{"arm": "unet", "epoch": 278, "steps": 17856, "train": 2.1986152239354215e-06, "val_mean_case_max": 0.001956606066061515, "val_worst": 0.003184196137700577, "lr": 1.28721226803231e-05, "wall": 2897.5}
{"arm": "unet", "epoch": 279, "steps": 17920, "train": 2.193651019897822e-06, "val_mean_case_max": 0.0019115193901620814, "val_worst": 0.0032238008928631686, "lr": 1.2321883803051353e-05, "wall": 2907.9}
{"arm": "unet", "epoch": 280, "steps": 17984, "train": 2.1858420967551397e-06, "val_mean_case_max": 0.00191043041463305, "val_worst": 0.003380035798787206, "lr": 1.183008179150936e-05, "wall": 2918.3}
{"arm": "unet", "epoch": 281, "steps": 18048, "train": 2.1820529796628893e-06, "val_mean_case_max": 0.0019324824263508115, "val_worst": 0.003086107970993323, "lr": 1.1396728345753567e-05, "wall": 2928.6}
{"arm": "unet", "epoch": 282, "steps": 18112, "train": 2.20580124074013e-06, "val_mean_case_max": 0.0018870234662994477, "val_worst": 0.0036288313317122635, "lr": 1.1021846184192965e-05, "wall": 2939.1}
{"arm": "unet", "epoch": 283, "steps": 18176, "train": 2.1740307434863516e-06, "val_mean_case_max": 0.0018994742680928263, "val_worst": 0.003396383354756328, "lr": 1.0700444051029653e-05, "wall": 2949.6}
{"arm": "unet", "epoch": 284, "steps": 18240, "train": 2.1795248489784996e-06, "val_mean_case_max": 0.00192875390992554, "val_worst": 0.0031694202257845218, "lr": 1.044327642053543e-05, "wall": 2960.0}
{"arm": "unet", "epoch": 285, "steps": 18304, "train": 2.161319305916748e-06, "val_mean_case_max": 0.0018867305500992007, "val_worst": 0.0034217059071828416, "lr": 1.0244636901764593e-05, "wall": 2970.4}
{"arm": "unet", "epoch": 286, "steps": 18368, "train": 2.1656762981106725e-06, "val_mean_case_max": 0.0019081350424148824, "val_worst": 0.003302546469841945, "lr": 1.0103944351889028e-05, "wall": 2980.8}
{"arm": "unet", "epoch": 287, "steps": 18432, "train": 2.147064446390427e-06, "val_mean_case_max": 0.0018795336057775653, "val_worst": 0.0033740098977259768, "lr": 1.0022879154795648e-05, "wall": 2991.3}
{"arm": "unet", "epoch": 288, "steps": 18487, "train": 2.111626670453377e-06, "val_mean_case_max": 0.0019073915712795714, "val_worst": 0.0031010501159397913, "lr": 1.0000005965279171e-05, "wall": 3000.3}
ARM DONE unet {"stop_reason": "wall_budget", "epochs_completed": 289, "optimisation_steps": 18487, "micro_batch": 8} val_mean_case_max 0.0018795336057775653
TRAIN OPS COMPLETE
run_exit=0
