jax_backend=gpu fresh bank/head training f64
TRAIN DATA 32 512 6.89
TRAIN DATA 64 512 12.67
TRAIN DATA 96 512 18.49
TRAIN DATA 128 512 24.08
TRAIN DATA 160 512 29.84
TRAIN DATA 192 512 35.41
TRAIN DATA 224 512 41.5
TRAIN DATA 256 512 47.27
TRAIN DATA 288 512 52.88
TRAIN DATA 320 512 58.83
TRAIN DATA 352 512 64.53
TRAIN DATA 384 512 70.14
TRAIN DATA 416 512 75.91
TRAIN DATA 448 512 81.6
TRAIN DATA 480 512 87.38
TRAIN DATA 512 512 93.1
BANK {'step': 1000, 'objective': 0.5562167681745318, 'seconds': 7.459402061998844}
BANK {'step': 2000, 'objective': 0.3686171141140567, 'seconds': 8.072953514987603}
BANK {'step': 3000, 'objective': 3.48630202219099, 'seconds': 8.696151883108541}
BANK {'step': 4000, 'objective': 0.16836804612113854, 'seconds': 9.301616020034999}
BANK {'step': 5000, 'objective': 0.1193101599192742, 'seconds': 9.933875655056909}
BANK {'step': 6000, 'objective': 0.1066376091511565, 'seconds': 10.543464719085023}
BANK {'step': 7000, 'objective': 0.06579340369300046, 'seconds': 11.336254219990224}
BANK {'step': 8000, 'objective': 0.07327840405564068, 'seconds': 11.955995752010494}
BANK {'step': 9000, 'objective': 0.05252136476090761, 'seconds': 12.572414181893691}
BANK {'step': 10000, 'objective': 0.045036498697733046, 'seconds': 13.172703105024993}
BANK {'step': 11000, 'objective': 0.14947354662979098, 'seconds': 13.79002023092471}
BANK {'step': 12000, 'objective': 0.055209291489388905, 'seconds': 14.401479975087568}
BANK FLOOR {'seconds': 21.155334257986397, 'rank': 256, 'condition': 443.8058791264947, 'mean_relative_projection': 0.11079219507653756, 'worst_relative_projection': 0.356290833383798}
HEAD {'step': 1000, 'objective': 0.013948504437291719, 'seconds': 4.181576938834041}
HEAD {'step': 2000, 'objective': 0.01327129610230134, 'seconds': 4.703298003878444}
HEAD {'step': 3000, 'objective': 0.01337138013895843, 'seconds': 5.217603561002761}
HEAD {'step': 4000, 'objective': 0.01207694394858277, 'seconds': 5.729320752900094}
HEAD {'step': 5000, 'objective': 0.013740291039757043, 'seconds': 6.239948843838647}
HEAD {'step': 6000, 'objective': 0.013374116561811152, 'seconds': 6.749020283808932}
HEAD {'step': 7000, 'objective': 0.013724714062838865, 'seconds': 7.259729649871588}
HEAD {'step': 8000, 'objective': 0.014580864691510475, 'seconds': 7.7714568299707025}
HEAD {'step': 9000, 'objective': 0.013610197820521992, 'seconds': 8.28439482091926}
HEAD {'step': 10000, 'objective': 0.013405990470032676, 'seconds': 8.797361590899527}
HEAD {'step': 11000, 'objective': 0.014633876730726497, 'seconds': 9.309764447854832}
HEAD {'step': 12000, 'objective': 0.013918862062338746, 'seconds': 9.824728838866577}
HEAD {'step': 13000, 'objective': 0.014607023660099933, 'seconds': 10.342983544804156}
HEAD {'step': 14000, 'objective': 0.013899096106419817, 'seconds': 10.859883006894961}
HEAD {'step': 15000, 'objective': 0.015761622070636208, 'seconds': 11.370364773785695}
HEAD {'step': 16000, 'objective': 0.013990550727234086, 'seconds': 11.884847546927631}
HEAD {'step': 17000, 'objective': 0.013580823452591637, 'seconds': 12.40285007795319}
HEAD {'step': 18000, 'objective': 0.013147135022343128, 'seconds': 12.917973330011591}
HEAD {'step': 19000, 'objective': 0.01358624807845044, 'seconds': 13.431568583007902}
HEAD {'step': 20000, 'objective': 0.014559307399431672, 'seconds': 13.95336520881392}
HEAD {'step': 21000, 'objective': 0.013594147283019985, 'seconds': 14.527785205980763}
HEAD {'step': 22000, 'objective': 0.01437770305744457, 'seconds': 15.050448510795832}
HEAD {'step': 23000, 'objective': 0.012654548295919794, 'seconds': 15.576752230990678}
HEAD {'step': 24000, 'objective': 0.013890079255395985, 'seconds': 16.09279340179637}
HEAD {'step': 25000, 'objective': 0.014478211447077087, 'seconds': 16.608166163787246}
HEAD {'step': 26000, 'objective': 0.013862960136352617, 'seconds': 17.119617854012176}
HEAD {'step': 27000, 'objective': 0.01469140836146919, 'seconds': 17.634721432812512}
HEAD {'step': 28000, 'objective': 0.015334972100401316, 'seconds': 18.150356714846566}
HEAD {'step': 29000, 'objective': 0.012708068912672517, 'seconds': 18.663223897805437}
HEAD {'step': 30000, 'objective': 0.014635256218583387, 'seconds': 19.176369667984545}
TRAIN COMPLETE
