host=pax143 commit=46ced2fd6bdd45758cc978f90d572d9fe09e3d80
NVIDIA A100-PCIE-40GB, 40960 MiB
jax_backend=gpu
REFERENCE 2048 0.0003125
REFERENCE 4096 0.000625
REFERENCE 4096 0.0003125
REFERENCE 1024 0.000625
REFERENCE 2048 0.000625
REFERENCE 4096 0.00125
ASSEMBLE 64
TIMED 64 0 elapsed 957.808573231101
TIMED 64 1 elapsed 964.1565928780474
TIMED 64 2 elapsed 970.6119025391527
ASSEMBLE 256
TIMED 256 0 elapsed 1024.0320210671052
TIMED 256 1 elapsed 1031.4105350009631
TIMED 256 2 elapsed 1038.9436393680517
ASSEMBLE 1024
TIMED 1024 0 elapsed 1143.298340388108
TIMED 1024 1 elapsed 1157.9214743941557
TIMED 1024 2 elapsed 1172.7420681240037
ITERATIVE BURGERS COMPLETE
ALL-DONE
