host=pax051 source_commit=313374fab24ee74e69d0355ebf60f53d49cefc1a
NVIDIA A100-PCIE-40GB, 40960 MiB
10.235.106.34:/projects/paralab  4.6T  4.2T  444G  91% /cluster/tufts/paralab
jax_backend=gpu
jax_backend=gpu x64=True precision=highest
REFERENCE 0 90.1
REFERENCE 1 165.4
REFERENCE 2 269.4
REFERENCE 3 365.3
REFERENCE 4 447.2
REFERENCE 5 521.0
SNAPSHOTS 16.4
DIRECTIONS 1757.6 rank 512
ARM q0_dense 4.6
ARM q0_dense_dt0p01 0.0
ARM q0_eq 22.9
ARM q0_eq_dt0p01 0.0
ARM q16_dense 1.9
ARM q16_eq 250.2
ARM q64_dense 2.7
ARM q128_dense 3.6
ARM q256_dense 5.2
ARM q512_dense 8.9
ARM q0_dense_Mmax 6.5
RECON q 0 2.54466
RECON q 16 2.46146
RECON q 64 2.13863
RECON q 128 1.81053
RECON q 256 0.90164
RECON q 512 0.39184
WARMUP 89.2
TIMED 0 3362.2
TIMED 1 3539.3
TIMED 2 3716.3
CORRECTION LADDER COMPLETE
ALL-DONE
