host=pax010 source_commit=35d4df123666e15042021238e4ac0d5f7f67064c
NVIDIA H200, GPU-60396734-91c3-c42c-e348-c8852c7fab18, 143771 MiB
10.235.106.32:/projects/paralab  4.6T  998G  3.6T  22% /cluster/tufts/paralab
jax_backend=gpu
jax_backend=gpu x64=True precision=highest
CASES 38 1.9
REFS 76 3.5
BANK+OPS 14.0
SETUP wide 232 runs/case 33.2
CASE wide 0 dev6 0 129.8
CASE wide 1 dev6 1 206.4
CASE wide 2 dev6 2 286.8
CASE wide 3 dev6 3 366.6
CASE wide 4 dev6 4 444.0
CASE wide 5 dev6 5 518.0
CASE wide 6 val32 0 593.8
CASE wide 7 val32 1 666.4
CASE wide 8 val32 2 747.6
CASE wide 9 val32 3 819.9
CASE wide 10 val32 4 894.0
CASE wide 11 val32 5 976.3
CASE wide 12 val32 6 1059.6
CASE wide 13 val32 7 1144.0
CASE wide 14 val32 8 1221.5
CASE wide 15 val32 9 1299.4
CASE wide 16 val32 10 1392.0
CASE wide 17 val32 11 1464.4
CASE wide 18 val32 12 1534.4
CASE wide 19 val32 13 1605.1
CASE wide 20 val32 14 1695.4
CASE wide 21 val32 15 1770.9
CASE wide 22 val32 16 1842.3
CASE wide 23 val32 17 1923.4
CASE wide 24 val32 18 2025.7
CASE wide 25 val32 19 2118.0
CASE wide 26 val32 20 2193.0
CASE wide 27 val32 21 2266.7
CASE wide 28 val32 22 2364.8
CASE wide 29 val32 23 2437.6
CASE wide 30 val32 24 2515.3
CASE wide 31 val32 25 2593.0
CASE wide 32 val32 26 2697.4
CASE wide 33 val32 27 2770.4
CASE wide 34 val32 28 2844.0
CASE wide 35 val32 29 2918.5
CASE wide 36 val32 30 3027.5
CASE wide 37 val32 31 3102.7
TIMING wide 738 3683.2
T2RUN COMPLETE
ALL-DONE
