[exp/2026-09-20-paper-p3d 78fb2ade] Launch frozen-model efficient CG fairness replay
 55 files changed, 1191358 insertions(+)
 create mode 100644 experiments/paper-p3d/runs/cg-efficient-commit.stdout
 create mode 100644 experiments/paper-p3d/runs/replay07-stage.stdout
 create mode 100644 experiments/paper-p3d/runs/replay07/COMMIT.txt
 create mode 100644 experiments/paper-p3d/runs/replay07/PROVENANCE.json
 create mode 100644 experiments/paper-p3d/runs/replay07/SOURCE.sha256
 create mode 100644 experiments/paper-p3d/runs/replay07/SUBMISSION.json
 create mode 100644 experiments/paper-p3d/runs/replay07/checkpoints/ORIGINAL_TRAINING_SOURCES.json
 create mode 100644 experiments/paper-p3d/runs/replay07/checkpoints/bank.pkl
 create mode 100644 experiments/paper-p3d/runs/replay07/checkpoints/cohorts.json
 create mode 100644 experiments/paper-p3d/runs/replay07/checkpoints/head_K16.pkl
 create mode 100644 experiments/paper-p3d/runs/replay07/checkpoints/operators/deeponet3d_r128_w16_podinit/SOURCE_RESULT.json
 create mode 100644 experiments/paper-p3d/runs/replay07/checkpoints/operators/deeponet3d_r128_w16_podinit/best.pkl
 create mode 100644 experiments/paper-p3d/runs/replay07/checkpoints/operators/fno3d_w24_m8/SOURCE_RESULT.json
 create mode 100644 experiments/paper-p3d/runs/replay07/checkpoints/operators/fno3d_w24_m8/best.pkl
 create mode 100644 experiments/paper-p3d/runs/replay07/checkpoints/operators/transolver3d_w48_s32/SOURCE_RESULT.json
 create mode 100644 experiments/paper-p3d/runs/replay07/checkpoints/operators/transolver3d_w48_s32/best.pkl
 create mode 100644 experiments/paper-p3d/runs/replay07/checkpoints/operators/unet3d_w16/SOURCE_RESULT.json
 create mode 100644 experiments/paper-p3d/runs/replay07/checkpoints/operators/unet3d_w16/best.pkl
 create mode 100644 experiments/paper-p3d/runs/replay07/checkpoints/result.json
 create mode 100644 experiments/paper-p3d/runs/replay07/code/DESIGN.md
 create mode 100644 experiments/paper-p3d/runs/replay07/code/IMPORTS.json
 create mode 100644 experiments/paper-p3d/runs/replay07/code/audit.py
 create mode 100644 experiments/paper-p3d/runs/replay07/code/audit_cg.py
 create mode 100644 experiments/paper-p3d/runs/replay07/code/audit_offline_assets.py
 create mode 100644 experiments/paper-p3d/runs/replay07/code/audit_pretraining.py
 create mode 100644 experiments/paper-p3d/runs/replay07/code/cluster/collect.py
 create mode 100644 experiments/paper-p3d/runs/replay07/code/cluster/stage.py
 create mode 100644 experiments/paper-p3d/runs/replay07/code/common.py
 create mode 100644 experiments/paper-p3d/runs/replay07/code/config.json
 create mode 100644 experiments/paper-p3d/runs/replay07/code/freeze.py
 create mode 100644 experiments/paper-p3d/runs/replay07/code/iterative_cg.py
 create mode 100644 experiments/paper-p3d/runs/replay07/code/offline_assets.py
 create mode 100644 experiments/paper-p3d/runs/replay07/code/operators/EXTRA_IMPORTS.json
 create mode 100644 experiments/paper-p3d/runs/replay07/code/operators/IMPORTS.json
 create mode 100644 experiments/paper-p3d/runs/replay07/code/operators/LOCAL_EXTENSIONS.json
 create mode 100644 experiments/paper-p3d/runs/replay07/code/operators/README.md
 create mode 100644 experiments/paper-p3d/runs/replay07/code/operators/__init__.py
 create mode 100644 experiments/paper-p3d/runs/replay07/code/operators/extra_models3d.py
 create mode 100644 experiments/paper-p3d/runs/replay07/code/operators/models3d.py
 create mode 100644 experiments/paper-p3d/runs/replay07/code/operators/poisson_adapter.py
 create mode 100644 experiments/paper-p3d/runs/replay07/code/operators/pretrained_deeponet.py
 create mode 100644 experiments/paper-p3d/runs/replay07/code/operators/training.py
 create mode 100644 experiments/paper-p3d/runs/replay07/code/operators/upstream/LICENSE
 create mode 100644 experiments/paper-p3d/runs/replay07/code/operators/upstream/PROVENANCE.json
 create mode 100644 experiments/paper-p3d/runs/replay07/code/operators/upstream/Physics_Attention.py
 create mode 100644 experiments/paper-p3d/runs/replay07/code/operators/upstream/prior_families.py
 create mode 100644 experiments/paper-p3d/runs/replay07/code/pod_transfer.py
 create mode 100644 experiments/paper-p3d/runs/replay07/code/poisson.py
 create mode 100644 experiments/paper-p3d/runs/replay07/code/run.py
 create mode 100644 experiments/paper-p3d/runs/replay07/code/shared_rom.py
 create mode 100644 experiments/paper-p3d/runs/replay07/code/state_audit.py
 create mode 100644 experiments/paper-p3d/runs/replay07/code/train.py
 create mode 100644 experiments/paper-p3d/runs/replay07/code/trunk_diagnostic.py
 create mode 100644 experiments/paper-p3d/runs/replay07/run.sbatch
