torch_backend=cuda NVIDIA A100 80GB PCIe
DATA READY {"seconds": 0.32597812870517373} [0.02113886827259319, 0.11590062968039329, 0.002435305342803056]
{"arm": "deeponet", "epoch": 0, "steps": 327, "train": 0.2247981681585622, "val_mean": 0.36284215999942787, "val_worst": 0.4634826172711831, "lr": 0.000995062157640448, "wall": 136.1}
{"arm": "deeponet", "epoch": 1, "steps": 654, "train": 0.09015717498820096, "val_mean": 0.2748023405315654, "val_worst": 0.40317926781407415, "lr": 0.0009801167396799632, "wall": 272.7}
{"arm": "deeponet", "epoch": 2, "steps": 981, "train": 0.06135473939191727, "val_mean": 0.2485032223075705, "val_worst": 0.3728673400446915, "lr": 0.0009554660441429361, "wall": 409.3}
{"arm": "deeponet", "epoch": 3, "steps": 1308, "train": 0.04693682326531729, "val_mean": 0.20823349871741623, "val_worst": 0.3424620959069435, "lr": 0.000921603399024642, "wall": 545.9}
{"arm": "deeponet", "epoch": 4, "steps": 1635, "train": 0.037079651559865236, "val_mean": 0.17917017804585533, "val_worst": 0.27226295899397707, "lr": 0.0008792061461640103, "wall": 682.6}
{"arm": "deeponet", "epoch": 5, "steps": 1962, "train": 0.0314499802677384, "val_mean": 0.1850167132707718, "val_worst": 0.29989626202596226, "lr": 0.0008291527092843806, "wall": 819.3}
{"arm": "deeponet", "epoch": 6, "steps": 2289, "train": 0.02817553649181683, "val_mean": 0.16885562509431193, "val_worst": 0.25913434871751195, "lr": 0.0007724754136880417, "wall": 956.0}
{"arm": "deeponet", "epoch": 7, "steps": 2616, "train": 0.024249111848872573, "val_mean": 0.16217590878551488, "val_worst": 0.26345398397797487, "lr": 0.0007103167024284149, "wall": 1092.7}
{"arm": "deeponet", "epoch": 8, "steps": 2943, "train": 0.021446296068176142, "val_mean": 0.17011054006412155, "val_worst": 0.26030050312169617, "lr": 0.0006439292206287495, "wall": 1229.4}
{"arm": "deeponet", "epoch": 9, "steps": 3270, "train": 0.01777307263966525, "val_mean": 0.14136812327340043, "val_worst": 0.20693179179734858, "lr": 0.0005746843653405757, "wall": 1366.2}
{"arm": "deeponet", "epoch": 10, "steps": 3597, "train": 0.015328694392862172, "val_mean": 0.12115869373978573, "val_worst": 0.21147537991865367, "lr": 0.0005040187531061293, "wall": 1503.0}
{"arm": "deeponet", "epoch": 11, "steps": 3924, "train": 0.014052820912609301, "val_mean": 0.12055677575981397, "val_worst": 0.21837194811402852, "lr": 0.000433354446400163, "wall": 1639.8}
{"arm": "deeponet", "epoch": 12, "steps": 4251, "train": 0.012476694962897475, "val_mean": 0.11331645487672273, "val_worst": 0.20979264304337208, "lr": 0.00036414968491736515, "wall": 1776.6}
{"arm": "deeponet", "epoch": 13, "steps": 4578, "train": 0.01102220641218142, "val_mean": 0.11339404048418172, "val_worst": 0.18494571756840517, "lr": 0.00029782552296269, "wall": 1913.4}
{"arm": "deeponet", "epoch": 14, "steps": 4905, "train": 0.010148313190483375, "val_mean": 0.10032660304141552, "val_worst": 0.18101918570800768, "lr": 0.00023577061154051492, "wall": 2050.3}
{"arm": "deeponet", "epoch": 15, "steps": 5232, "train": 0.009002889080463924, "val_mean": 0.09602541387927623, "val_worst": 0.15966233372196414, "lr": 0.00017920755548535156, "wall": 2187.1}
{"arm": "deeponet", "epoch": 16, "steps": 5559, "train": 0.008390824288880477, "val_mean": 0.09043070056187102, "val_worst": 0.15500567364918166, "lr": 0.00012934381100058402, "wall": 2323.9}
{"arm": "deeponet", "epoch": 17, "steps": 5886, "train": 0.00768874290747165, "val_mean": 0.08997667652420922, "val_worst": 0.1518948290020162, "lr": 8.717612928708206e-05, "wall": 2460.7}
{"arm": "deeponet", "epoch": 18, "steps": 6213, "train": 0.007224602945217927, "val_mean": 0.08801946662558695, "val_worst": 0.1533478108468765, "lr": 5.356727983663144e-05, "wall": 2597.5}
{"arm": "deeponet", "epoch": 19, "steps": 6540, "train": 0.006921528589219865, "val_mean": 0.0856782693365809, "val_worst": 0.1512872718968905, "lr": 2.9202744346792857e-05, "wall": 2734.2}
{"arm": "deeponet", "epoch": 20, "steps": 6867, "train": 0.006723931605809837, "val_mean": 0.0845043265211266, "val_worst": 0.15013446042767686, "lr": 1.458617458520647e-05, "wall": 2871.0}
{"arm": "deeponet", "epoch": 21, "steps": 7177, "train": 0.006595457195204628, "val_mean": 0.08380660747854941, "val_worst": 0.15035493247553539, "lr": 1.0000040082622711e-05, "wall": 3000.9}
TRAIN OP COMPLETE
