W0917 19:39:55.463857 1663951 bfc_allocator.cc:514] Allocator (GPU_0_bfc) ran out of memory trying to allocate 1.32GiB (rounded to 1417674752)requested by op 
If the cause is memory fragmentation maybe the environment variable 'TF_GPU_ALLOCATOR=cuda_malloc_async' will improve the situation. 
Current allocation summary follows.
Current allocation summary follows.
W0917 19:39:55.464695 1663951 bfc_allocator.cc:525] ************************************************************************************************____
W0917 19:40:05.464896 1663951 bfc_allocator.cc:514] Allocator (GPU_0_bfc) ran out of memory trying to allocate 1.32GiB (rounded to 1417674752)requested by op 
If the cause is memory fragmentation maybe the environment variable 'TF_GPU_ALLOCATOR=cuda_malloc_async' will improve the situation. 
Current allocation summary follows.
Current allocation summary follows.
W0917 19:40:05.465001 1663951 bfc_allocator.cc:525] ************************************************************************************************____
W0917 19:40:15.465200 1663951 bfc_allocator.cc:514] Allocator (GPU_0_bfc) ran out of memory trying to allocate 1.32GiB (rounded to 1417674752)requested by op 
If the cause is memory fragmentation maybe the environment variable 'TF_GPU_ALLOCATOR=cuda_malloc_async' will improve the situation. 
Current allocation summary follows.
Current allocation summary follows.
W0917 19:40:15.465324 1663951 bfc_allocator.cc:525] ************************************************************************************************____
W0917 19:40:25.465617 1663951 bfc_allocator.cc:514] Allocator (GPU_0_bfc) ran out of memory trying to allocate 1.32GiB (rounded to 1417674752)requested by op 
If the cause is memory fragmentation maybe the environment variable 'TF_GPU_ALLOCATOR=cuda_malloc_async' will improve the situation. 
Current allocation summary follows.
Current allocation summary follows.
W0917 19:40:25.465739 1663951 bfc_allocator.cc:525] ************************************************************************************************____
W0917 19:40:35.465938 1663951 bfc_allocator.cc:514] Allocator (GPU_0_bfc) ran out of memory trying to allocate 1.32GiB (rounded to 1417674752)requested by op 
If the cause is memory fragmentation maybe the environment variable 'TF_GPU_ALLOCATOR=cuda_malloc_async' will improve the situation. 
Current allocation summary follows.
Current allocation summary follows.
W0917 19:40:35.466051 1663951 bfc_allocator.cc:525] ************************************************************************************************____
W0917 19:40:45.466253 1663951 bfc_allocator.cc:514] Allocator (GPU_0_bfc) ran out of memory trying to allocate 1.32GiB (rounded to 1417674752)requested by op 
If the cause is memory fragmentation maybe the environment variable 'TF_GPU_ALLOCATOR=cuda_malloc_async' will improve the situation. 
Current allocation summary follows.
Current allocation summary follows.
W0917 19:40:45.466368 1663951 bfc_allocator.cc:525] ************************************************************************************************____
W0917 19:40:55.466563 1663951 bfc_allocator.cc:514] Allocator (GPU_0_bfc) ran out of memory trying to allocate 1.32GiB (rounded to 1417674752)requested by op 
If the cause is memory fragmentation maybe the environment variable 'TF_GPU_ALLOCATOR=cuda_malloc_async' will improve the situation. 
Current allocation summary follows.
Current allocation summary follows.
W0917 19:40:55.466674 1663951 bfc_allocator.cc:525] ************************************************************************************************____
W0917 19:41:05.466874 1663951 bfc_allocator.cc:514] Allocator (GPU_0_bfc) ran out of memory trying to allocate 1.32GiB (rounded to 1417674752)requested by op 
If the cause is memory fragmentation maybe the environment variable 'TF_GPU_ALLOCATOR=cuda_malloc_async' will improve the situation. 
Current allocation summary follows.
Current allocation summary follows.
W0917 19:41:05.466986 1663951 bfc_allocator.cc:525] ************************************************************************************************____
W0917 19:41:15.467201 1663951 bfc_allocator.cc:514] Allocator (GPU_0_bfc) ran out of memory trying to allocate 1.32GiB (rounded to 1417674752)requested by op 
If the cause is memory fragmentation maybe the environment variable 'TF_GPU_ALLOCATOR=cuda_malloc_async' will improve the situation. 
Current allocation summary follows.
Current allocation summary follows.
W0917 19:41:15.467334 1663951 bfc_allocator.cc:525] ************************************************************************************************____
W0917 19:41:25.467533 1663951 bfc_allocator.cc:514] Allocator (GPU_0_bfc) ran out of memory trying to allocate 1.32GiB (rounded to 1417674752)requested by op 
If the cause is memory fragmentation maybe the environment variable 'TF_GPU_ALLOCATOR=cuda_malloc_async' will improve the situation. 
Current allocation summary follows.
Current allocation summary follows.
W0917 19:41:25.467690 1663951 bfc_allocator.cc:525] ************************************************************************************************____
W0917 19:41:35.467955 1663951 bfc_allocator.cc:514] Allocator (GPU_0_bfc) ran out of memory trying to allocate 1.32GiB (rounded to 1417674752)requested by op 
If the cause is memory fragmentation maybe the environment variable 'TF_GPU_ALLOCATOR=cuda_malloc_async' will improve the situation. 
Current allocation summary follows.
Current allocation summary follows.
W0917 19:41:35.468069 1663951 bfc_allocator.cc:525] ************************************************************************************************____
W0917 19:41:45.468272 1663951 bfc_allocator.cc:514] Allocator (GPU_0_bfc) ran out of memory trying to allocate 1.32GiB (rounded to 1417674752)requested by op 
If the cause is memory fragmentation maybe the environment variable 'TF_GPU_ALLOCATOR=cuda_malloc_async' will improve the situation. 
Current allocation summary follows.
Current allocation summary follows.
W0917 19:41:45.468398 1663951 bfc_allocator.cc:525] ************************************************************************************************____
W0917 19:41:55.468600 1663951 bfc_allocator.cc:514] Allocator (GPU_0_bfc) ran out of memory trying to allocate 1.32GiB (rounded to 1417674752)requested by op 
If the cause is memory fragmentation maybe the environment variable 'TF_GPU_ALLOCATOR=cuda_malloc_async' will improve the situation. 
Current allocation summary follows.
Current allocation summary follows.
W0917 19:41:55.468709 1663951 bfc_allocator.cc:525] ************************************************************************************************____
E0917 19:48:24.622534 1663960 slow_operation_alarm.cc:73] 
********************************
[Compiling module input_reduce_fusion.4 for GPU] Very slow compile? If you want to file a bug, run with envvar XLA_FLAGS=--xla_dump_to=/tmp/foo and attach the results.
********************************
E0917 19:51:43.826093 1663956 slow_operation_alarm.cc:140] The operation took 5m19.203679951s

********************************
[Compiling module input_reduce_fusion.4 for GPU] Very slow compile? If you want to file a bug, run with envvar XLA_FLAGS=--xla_dump_to=/tmp/foo and attach the results.
********************************
