host=pax052 source_commit=31e0846ffb83ef566cb8691ebacbcd028f1ba325
NVIDIA A100-PCIE-40GB, 40960 MiB
10.235.106.23:/projects/paralab  4.6T  4.2T  442G  91% /cluster/tufts/paralab
jax_backend=gpu
GATE S0: PASS backend=gpu
GATE R-CKPT: PASS ckpt_smoke=False
GATE B-DATA_dev_N256: PASS expected=f69ca8e8762150ebfbe4c409acc001859681bb3a1c3ac60c8a03a67d030a023d got=f69ca8e8762150ebfbe4c409acc001859681bb3a1c3ac60c8a03a67d030a023d seconds=8.094e+01 mode=hash
GATE B-DATA_train_N256: PASS expected=4ce80fafbf1f1333f59963703684756327764236f811e71e2bb48bebf59ba12c got=4ce80fafbf1f1333f59963703684756327764236f811e71e2bb48bebf59ba12c seconds=6.439e+02 mode=hash
GATE B-ORTH_N256: PASS rank=256 cond_Rb=4.442e+01 bank_sha256=719629f976b8ee12edab11f649e8d8b509aa056f8731c9a47e3d541bedfd4b8f
   head[n128_plain] step      1/100000  rel-MSE(coef) 1.230e+00  [6s]
   head[n128_plain] step   1000/100000  rel-MSE(coef) 3.137e-02  [7s]
   head[n128_plain] step   2000/100000  rel-MSE(coef) 1.356e-02  [9s]
   head[n128_plain] step   3000/100000  rel-MSE(coef) 9.124e-03  [10s]
   head[n128_plain] step   4000/100000  rel-MSE(coef) 9.119e-03  [12s]
   head[n128_plain] step   5000/100000  rel-MSE(coef) 5.331e-03  [14s]
   head[n128_plain] step   6000/100000  rel-MSE(coef) 4.562e-03  [15s]
   head[n128_plain] step   7000/100000  rel-MSE(coef) 4.216e-03  [17s]
   head[n128_plain] step   8000/100000  rel-MSE(coef) 3.665e-03  [18s]
   head[n128_plain] step   9000/100000  rel-MSE(coef) 3.652e-03  [20s]
   head[n128_plain] step  10000/100000  rel-MSE(coef) 3.497e-03  [21s]
   head[n128_plain] step  11000/100000  rel-MSE(coef) 2.821e-03  [23s]
   head[n128_plain] step  12000/100000  rel-MSE(coef) 2.940e-03  [24s]
   head[n128_plain] step  13000/100000  rel-MSE(coef) 2.217e-03  [26s]
   head[n128_plain] step  14000/100000  rel-MSE(coef) 2.181e-03  [28s]
   head[n128_plain] step  15000/100000  rel-MSE(coef) 2.079e-03  [29s]
   head[n128_plain] step  16000/100000  rel-MSE(coef) 1.866e-03  [31s]
   head[n128_plain] step  17000/100000  rel-MSE(coef) 1.838e-03  [32s]
   head[n128_plain] step  18000/100000  rel-MSE(coef) 1.891e-03  [34s]
   head[n128_plain] step  19000/100000  rel-MSE(coef) 1.723e-03  [36s]
   head[n128_plain] step  20000/100000  rel-MSE(coef) 1.581e-03  [37s]
   head[n128_plain] step  21000/100000  rel-MSE(coef) 1.719e-03  [39s]
   head[n128_plain] step  22000/100000  rel-MSE(coef) 1.658e-03  [40s]
   head[n128_plain] step  23000/100000  rel-MSE(coef) 1.585e-03  [42s]
   head[n128_plain] step  24000/100000  rel-MSE(coef) 1.404e-03  [44s]
   head[n128_plain] step  25000/100000  rel-MSE(coef) 1.306e-03  [46s]
   head[n128_plain] step  26000/100000  rel-MSE(coef) 1.208e-03  [47s]
   head[n128_plain] step  27000/100000  rel-MSE(coef) 1.115e-03  [49s]
   head[n128_plain] step  28000/100000  rel-MSE(coef) 1.148e-03  [51s]
   head[n128_plain] step  29000/100000  rel-MSE(coef) 1.176e-03  [53s]
   head[n128_plain] step  30000/100000  rel-MSE(coef) 1.100e-03  [55s]
   head[n128_plain] step  31000/100000  rel-MSE(coef) 1.013e-03  [57s]
   head[n128_plain] step  32000/100000  rel-MSE(coef) 9.974e-04  [59s]
   head[n128_plain] step  33000/100000  rel-MSE(coef) 9.899e-04  [61s]
   head[n128_plain] step  34000/100000  rel-MSE(coef) 9.343e-04  [63s]
   head[n128_plain] step  35000/100000  rel-MSE(coef) 8.624e-04  [65s]
   head[n128_plain] step  36000/100000  rel-MSE(coef) 8.526e-04  [67s]
   head[n128_plain] step  37000/100000  rel-MSE(coef) 8.294e-04  [70s]
   head[n128_plain] step  38000/100000  rel-MSE(coef) 8.544e-04  [72s]
   head[n128_plain] step  39000/100000  rel-MSE(coef) 8.085e-04  [74s]
   head[n128_plain] step  40000/100000  rel-MSE(coef) 9.082e-04  [77s]
   head[n128_plain] step  41000/100000  rel-MSE(coef) 7.026e-04  [79s]
   head[n128_plain] step  42000/100000  rel-MSE(coef) 6.922e-04  [82s]
   head[n128_plain] step  43000/100000  rel-MSE(coef) 7.533e-04  [84s]
   head[n128_plain] step  44000/100000  rel-MSE(coef) 7.586e-04  [87s]
   head[n128_plain] step  45000/100000  rel-MSE(coef) 7.082e-04  [89s]
   head[n128_plain] step  46000/100000  rel-MSE(coef) 6.865e-04  [92s]
   head[n128_plain] step  47000/100000  rel-MSE(coef) 6.722e-04  [95s]
   head[n128_plain] step  48000/100000  rel-MSE(coef) 5.945e-04  [97s]
   head[n128_plain] step  49000/100000  rel-MSE(coef) 6.378e-04  [100s]
   head[n128_plain] step  50000/100000  rel-MSE(coef) 5.866e-04  [103s]
   head[n128_plain] step  51000/100000  rel-MSE(coef) 6.230e-04  [106s]
   head[n128_plain] step  52000/100000  rel-MSE(coef) 5.968e-04  [109s]
   head[n128_plain] step  53000/100000  rel-MSE(coef) 5.704e-04  [111s]
   head[n128_plain] step  54000/100000  rel-MSE(coef) 5.277e-04  [114s]
   head[n128_plain] step  55000/100000  rel-MSE(coef) 5.099e-04  [117s]
   head[n128_plain] step  56000/100000  rel-MSE(coef) 4.926e-04  [120s]
   head[n128_plain] step  57000/100000  rel-MSE(coef) 5.353e-04  [122s]
   head[n128_plain] step  58000/100000  rel-MSE(coef) 4.809e-04  [125s]
   head[n128_plain] step  59000/100000  rel-MSE(coef) 4.786e-04  [128s]
   head[n128_plain] step  60000/100000  rel-MSE(coef) 4.851e-04  [131s]
   head[n128_plain] step  61000/100000  rel-MSE(coef) 4.654e-04  [133s]
   head[n128_plain] step  62000/100000  rel-MSE(coef) 4.498e-04  [136s]
   head[n128_plain] step  63000/100000  rel-MSE(coef) 4.489e-04  [139s]
   head[n128_plain] step  64000/100000  rel-MSE(coef) 4.345e-04  [142s]
   head[n128_plain] step  65000/100000  rel-MSE(coef) 4.370e-04  [144s]
   head[n128_plain] step  66000/100000  rel-MSE(coef) 4.232e-04  [147s]
   head[n128_plain] step  67000/100000  rel-MSE(coef) 4.166e-04  [150s]
   head[n128_plain] step  68000/100000  rel-MSE(coef) 4.070e-04  [153s]
   head[n128_plain] step  69000/100000  rel-MSE(coef) 3.921e-04  [156s]
   head[n128_plain] step  70000/100000  rel-MSE(coef) 4.044e-04  [159s]
   head[n128_plain] step  71000/100000  rel-MSE(coef) 3.908e-04  [162s]
   head[n128_plain] step  72000/100000  rel-MSE(coef) 3.760e-04  [165s]
   head[n128_plain] step  73000/100000  rel-MSE(coef) 3.757e-04  [168s]
   head[n128_plain] step  74000/100000  rel-MSE(coef) 3.790e-04  [171s]
   head[n128_plain] step  75000/100000  rel-MSE(coef) 3.602e-04  [174s]
   head[n128_plain] step  76000/100000  rel-MSE(coef) 3.593e-04  [177s]
   head[n128_plain] step  77000/100000  rel-MSE(coef) 3.558e-04  [180s]
   head[n128_plain] step  78000/100000  rel-MSE(coef) 3.543e-04  [183s]
   head[n128_plain] step  79000/100000  rel-MSE(coef) 3.461e-04  [186s]
   head[n128_plain] step  80000/100000  rel-MSE(coef) 3.397e-04  [189s]
   head[n128_plain] step  81000/100000  rel-MSE(coef) 3.375e-04  [192s]
   head[n128_plain] step  82000/100000  rel-MSE(coef) 3.347e-04  [195s]
   head[n128_plain] step  83000/100000  rel-MSE(coef) 3.301e-04  [198s]
   head[n128_plain] step  84000/100000  rel-MSE(coef) 3.278e-04  [201s]
   head[n128_plain] step  85000/100000  rel-MSE(coef) 3.266e-04  [203s]
   head[n128_plain] step  86000/100000  rel-MSE(coef) 3.192e-04  [206s]
   head[n128_plain] step  87000/100000  rel-MSE(coef) 3.164e-04  [209s]
   head[n128_plain] step  88000/100000  rel-MSE(coef) 3.130e-04  [212s]
   head[n128_plain] step  89000/100000  rel-MSE(coef) 3.103e-04  [215s]
   head[n128_plain] step  90000/100000  rel-MSE(coef) 3.079e-04  [218s]
   head[n128_plain] step  91000/100000  rel-MSE(coef) 3.048e-04  [221s]
   head[n128_plain] step  92000/100000  rel-MSE(coef) 3.021e-04  [224s]
   head[n128_plain] step  93000/100000  rel-MSE(coef) 3.000e-04  [227s]
   head[n128_plain] step  94000/100000  rel-MSE(coef) 2.974e-04  [230s]
   head[n128_plain] step  95000/100000  rel-MSE(coef) 2.950e-04  [233s]
   head[n128_plain] step  96000/100000  rel-MSE(coef) 2.928e-04  [236s]
   head[n128_plain] step  97000/100000  rel-MSE(coef) 2.905e-04  [239s]
   head[n128_plain] step  98000/100000  rel-MSE(coef) 2.883e-04  [242s]
   head[n128_plain] step  99000/100000  rel-MSE(coef) 2.863e-04  [245s]
   head[n128_plain] step 100000/100000  rel-MSE(coef) 2.842e-04  [248s]
ARM n128_plain: dev-report oracle 2.7494e-01 (POD-16 2.3576e-01, ratio 0.857) train-oracle 1.6685e-02 recon 2.3886e-02 best_step 100000 [624s]
   head[n128_reg] step      1/100000  rel-MSE(coef) 1.230e+00  [1s]
   head[n128_reg] step   1000/100000  rel-MSE(coef) 3.128e-02  [2s]
   head[n128_reg] step   2000/100000  rel-MSE(coef) 1.304e-02  [4s]
   head[n128_reg] step   3000/100000  rel-MSE(coef) 9.180e-03  [5s]
   head[n128_reg] step   4000/100000  rel-MSE(coef) 7.372e-03  [7s]
   head[n128_reg] step   5000/100000  rel-MSE(coef) 6.313e-03  [8s]
   head[n128_reg] eval step 5000: select-oracle median 2.8887e-01
   head[n128_reg] step   6000/100000  rel-MSE(coef) 4.948e-03  [89s]
   head[n128_reg] step   7000/100000  rel-MSE(coef) 4.517e-03  [91s]
   head[n128_reg] step   8000/100000  rel-MSE(coef) 3.582e-03  [92s]
   head[n128_reg] step   9000/100000  rel-MSE(coef) 3.549e-03  [94s]
   head[n128_reg] step  10000/100000  rel-MSE(coef) 3.145e-03  [95s]
   head[n128_reg] eval step 10000: select-oracle median 2.8903e-01
   head[n128_reg] step  11000/100000  rel-MSE(coef) 2.886e-03  [100s]
   head[n128_reg] step  12000/100000  rel-MSE(coef) 2.625e-03  [101s]
   head[n128_reg] step  13000/100000  rel-MSE(coef) 2.553e-03  [103s]
   head[n128_reg] step  14000/100000  rel-MSE(coef) 2.463e-03  [104s]
   head[n128_reg] step  15000/100000  rel-MSE(coef) 2.069e-03  [106s]
   head[n128_reg] eval step 15000: select-oracle median 2.9658e-01
   head[n128_reg] step  16000/100000  rel-MSE(coef) 2.356e-03  [110s]
   head[n128_reg] step  17000/100000  rel-MSE(coef) 2.120e-03  [112s]
   head[n128_reg] step  18000/100000  rel-MSE(coef) 1.869e-03  [113s]
   head[n128_reg] step  19000/100000  rel-MSE(coef) 1.850e-03  [115s]
   head[n128_reg] step  20000/100000  rel-MSE(coef) 1.517e-03  [116s]
   head[n128_reg] eval step 20000: select-oracle median 3.0551e-01
   head[n128_reg] step  21000/100000  rel-MSE(coef) 1.413e-03  [121s]
   head[n128_reg] step  22000/100000  rel-MSE(coef) 1.465e-03  [122s]
   head[n128_reg] step  23000/100000  rel-MSE(coef) 1.534e-03  [124s]
   head[n128_reg] step  24000/100000  rel-MSE(coef) 1.326e-03  [126s]
   head[n128_reg] step  25000/100000  rel-MSE(coef) 1.209e-03  [127s]
   head[n128_reg] eval step 25000: select-oracle median 3.1265e-01
   head[n128_reg] step  26000/100000  rel-MSE(coef) 1.357e-03  [131s]
   head[n128_reg] step  27000/100000  rel-MSE(coef) 1.356e-03  [133s]
   head[n128_reg] step  28000/100000  rel-MSE(coef) 1.145e-03  [135s]
   head[n128_reg] step  29000/100000  rel-MSE(coef) 1.091e-03  [136s]
   head[n128_reg] step  30000/100000  rel-MSE(coef) 1.306e-03  [138s]
   head[n128_reg] eval step 30000: select-oracle median 3.1220e-01
   head[n128_reg] step  31000/100000  rel-MSE(coef) 1.189e-03  [142s]
   head[n128_reg] step  32000/100000  rel-MSE(coef) 1.080e-03  [144s]
   head[n128_reg] step  33000/100000  rel-MSE(coef) 9.825e-04  [145s]
   head[n128_reg] step  34000/100000  rel-MSE(coef) 9.502e-04  [147s]
   head[n128_reg] step  35000/100000  rel-MSE(coef) 9.753e-04  [148s]
   head[n128_reg] eval step 35000: select-oracle median 3.0922e-01
   head[n128_reg] step  36000/100000  rel-MSE(coef) 9.302e-04  [153s]
   head[n128_reg] step  37000/100000  rel-MSE(coef) 7.888e-04  [154s]
   head[n128_reg] step  38000/100000  rel-MSE(coef) 8.565e-04  [156s]
   head[n128_reg] step  39000/100000  rel-MSE(coef) 8.084e-04  [158s]
   head[n128_reg] step  40000/100000  rel-MSE(coef) 7.968e-04  [159s]
   head[n128_reg] eval step 40000: select-oracle median 3.0828e-01
   head[n128_reg] step  41000/100000  rel-MSE(coef) 7.963e-04  [163s]
   head[n128_reg] step  42000/100000  rel-MSE(coef) 8.293e-04  [165s]
   head[n128_reg] step  43000/100000  rel-MSE(coef) 8.107e-04  [167s]
   head[n128_reg] step  44000/100000  rel-MSE(coef) 6.542e-04  [168s]
   head[n128_reg] step  45000/100000  rel-MSE(coef) 7.346e-04  [170s]
   head[n128_reg] eval step 45000: select-oracle median 3.1194e-01
   head[n128_reg] step  46000/100000  rel-MSE(coef) 6.296e-04  [175s]
   head[n128_reg] step  47000/100000  rel-MSE(coef) 6.666e-04  [176s]
   head[n128_reg] step  48000/100000  rel-MSE(coef) 6.272e-04  [178s]
   head[n128_reg] step  49000/100000  rel-MSE(coef) 5.826e-04  [180s]
   head[n128_reg] step  50000/100000  rel-MSE(coef) 6.455e-04  [182s]
   head[n128_reg] eval step 50000: select-oracle median 3.1244e-01
   head[n128_reg] step  51000/100000  rel-MSE(coef) 5.911e-04  [186s]
   head[n128_reg] step  52000/100000  rel-MSE(coef) 5.830e-04  [188s]
   head[n128_reg] step  53000/100000  rel-MSE(coef) 5.486e-04  [190s]
   head[n128_reg] step  54000/100000  rel-MSE(coef) 5.297e-04  [192s]
   head[n128_reg] step  55000/100000  rel-MSE(coef) 5.042e-04  [194s]
   head[n128_reg] eval step 55000: select-oracle median 3.0926e-01
   head[n128_reg] step  56000/100000  rel-MSE(coef) 5.353e-04  [199s]
   head[n128_reg] step  57000/100000  rel-MSE(coef) 5.367e-04  [201s]
   head[n128_reg] step  58000/100000  rel-MSE(coef) 4.969e-04  [204s]
   head[n128_reg] step  59000/100000  rel-MSE(coef) 5.039e-04  [206s]
   head[n128_reg] step  60000/100000  rel-MSE(coef) 4.786e-04  [208s]
   head[n128_reg] eval step 60000: select-oracle median 3.0782e-01
   head[n128_reg] step  61000/100000  rel-MSE(coef) 4.805e-04  [213s]
   head[n128_reg] step  62000/100000  rel-MSE(coef) 4.778e-04  [215s]
   head[n128_reg] step  63000/100000  rel-MSE(coef) 4.388e-04  [218s]
   head[n128_reg] step  64000/100000  rel-MSE(coef) 4.279e-04  [220s]
   head[n128_reg] step  65000/100000  rel-MSE(coef) 4.241e-04  [223s]
   head[n128_reg] eval step 65000: select-oracle median 3.0535e-01
   head[n128_reg] step  66000/100000  rel-MSE(coef) 4.332e-04  [228s]
   head[n128_reg] step  67000/100000  rel-MSE(coef) 4.155e-04  [231s]
   head[n128_reg] step  68000/100000  rel-MSE(coef) 4.084e-04  [233s]
   head[n128_reg] step  69000/100000  rel-MSE(coef) 3.944e-04  [236s]
   head[n128_reg] step  70000/100000  rel-MSE(coef) 3.967e-04  [239s]
   head[n128_reg] eval step 70000: select-oracle median 3.0425e-01
   head[n128_reg] step  71000/100000  rel-MSE(coef) 3.915e-04  [244s]
   head[n128_reg] step  72000/100000  rel-MSE(coef) 3.821e-04  [247s]
   head[n128_reg] step  73000/100000  rel-MSE(coef) 3.819e-04  [249s]
   head[n128_reg] step  74000/100000  rel-MSE(coef) 3.684e-04  [252s]
   head[n128_reg] step  75000/100000  rel-MSE(coef) 3.623e-04  [255s]
   head[n128_reg] eval step 75000: select-oracle median 3.0297e-01
   head[n128_reg] step  76000/100000  rel-MSE(coef) 3.584e-04  [260s]
   head[n128_reg] step  77000/100000  rel-MSE(coef) 3.548e-04  [263s]
   head[n128_reg] step  78000/100000  rel-MSE(coef) 3.546e-04  [266s]
   head[n128_reg] step  79000/100000  rel-MSE(coef) 3.410e-04  [269s]
   head[n128_reg] step  80000/100000  rel-MSE(coef) 3.393e-04  [272s]
   head[n128_reg] eval step 80000: select-oracle median 3.0266e-01
   head[n128_reg] step  81000/100000  rel-MSE(coef) 3.357e-04  [277s]
   head[n128_reg] step  82000/100000  rel-MSE(coef) 3.306e-04  [279s]
   head[n128_reg] step  83000/100000  rel-MSE(coef) 3.260e-04  [282s]
   head[n128_reg] step  84000/100000  rel-MSE(coef) 3.225e-04  [285s]
   head[n128_reg] step  85000/100000  rel-MSE(coef) 3.190e-04  [288s]
   head[n128_reg] eval step 85000: select-oracle median 3.0461e-01
   head[n128_reg] step  86000/100000  rel-MSE(coef) 3.162e-04  [293s]
   head[n128_reg] step  87000/100000  rel-MSE(coef) 3.129e-04  [296s]
   head[n128_reg] step  88000/100000  rel-MSE(coef) 3.103e-04  [299s]
   head[n128_reg] step  89000/100000  rel-MSE(coef) 3.080e-04  [302s]
   head[n128_reg] step  90000/100000  rel-MSE(coef) 3.045e-04  [306s]
   head[n128_reg] eval step 90000: select-oracle median 3.0369e-01
   head[n128_reg] step  91000/100000  rel-MSE(coef) 3.018e-04  [311s]
   head[n128_reg] step  92000/100000  rel-MSE(coef) 2.993e-04  [314s]
   head[n128_reg] step  93000/100000  rel-MSE(coef) 2.970e-04  [317s]
   head[n128_reg] step  94000/100000  rel-MSE(coef) 2.944e-04  [319s]
   head[n128_reg] step  95000/100000  rel-MSE(coef) 2.921e-04  [322s]
   head[n128_reg] eval step 95000: select-oracle median 3.0297e-01
   head[n128_reg] step  96000/100000  rel-MSE(coef) 2.900e-04  [328s]
   head[n128_reg] step  97000/100000  rel-MSE(coef) 2.876e-04  [331s]
   head[n128_reg] step  98000/100000  rel-MSE(coef) 2.855e-04  [334s]
   head[n128_reg] step  99000/100000  rel-MSE(coef) 2.834e-04  [337s]
   head[n128_reg] step 100000/100000  rel-MSE(coef) 2.814e-04  [340s]
   head[n128_reg] eval step 100000: select-oracle median 3.0284e-01
ARM n128_reg: dev-report oracle 2.6110e-01 (POD-16 2.3576e-01, ratio 0.903) train-oracle 5.6646e-02 recon 7.6088e-02 best_step 5000 [374s]
   head[n128_reg_small] step      1/100000  rel-MSE(coef) 1.271e+00  [5s]
   head[n128_reg_small] step   1000/100000  rel-MSE(coef) 7.366e-02  [5s]
   head[n128_reg_small] step   2000/100000  rel-MSE(coef) 3.444e-02  [6s]
   head[n128_reg_small] step   3000/100000  rel-MSE(coef) 2.416e-02  [6s]
   head[n128_reg_small] step   4000/100000  rel-MSE(coef) 1.993e-02  [6s]
   head[n128_reg_small] step   5000/100000  rel-MSE(coef) 1.755e-02  [7s]
   head[n128_reg_small] eval step 5000: select-oracle median 2.8460e-01
   head[n128_reg_small] step   6000/100000  rel-MSE(coef) 1.610e-02  [14s]
   head[n128_reg_small] step   7000/100000  rel-MSE(coef) 1.517e-02  [14s]
   head[n128_reg_small] step   8000/100000  rel-MSE(coef) 1.449e-02  [15s]
   head[n128_reg_small] step   9000/100000  rel-MSE(coef) 1.388e-02  [15s]
   head[n128_reg_small] step  10000/100000  rel-MSE(coef) 1.342e-02  [15s]
   head[n128_reg_small] eval step 10000: select-oracle median 2.7598e-01
   head[n128_reg_small] step  11000/100000  rel-MSE(coef) 1.340e-02  [18s]
   head[n128_reg_small] step  12000/100000  rel-MSE(coef) 1.274e-02  [18s]
   head[n128_reg_small] step  13000/100000  rel-MSE(coef) 1.246e-02  [19s]
   head[n128_reg_small] step  14000/100000  rel-MSE(coef) 1.222e-02  [19s]
   head[n128_reg_small] step  15000/100000  rel-MSE(coef) 1.203e-02  [19s]
   head[n128_reg_small] eval step 15000: select-oracle median 2.7900e-01
   head[n128_reg_small] step  16000/100000  rel-MSE(coef) 1.183e-02  [22s]
   head[n128_reg_small] step  17000/100000  rel-MSE(coef) 1.167e-02  [23s]
   head[n128_reg_small] step  18000/100000  rel-MSE(coef) 1.170e-02  [23s]
   head[n128_reg_small] step  19000/100000  rel-MSE(coef) 1.138e-02  [23s]
   head[n128_reg_small] step  20000/100000  rel-MSE(coef) 1.124e-02  [24s]
   head[n128_reg_small] eval step 20000: select-oracle median 2.7752e-01
   head[n128_reg_small] step  21000/100000  rel-MSE(coef) 1.117e-02  [26s]
   head[n128_reg_small] step  22000/100000  rel-MSE(coef) 1.106e-02  [27s]
   head[n128_reg_small] step  23000/100000  rel-MSE(coef) 1.089e-02  [27s]
   head[n128_reg_small] step  24000/100000  rel-MSE(coef) 1.082e-02  [28s]
   head[n128_reg_small] step  25000/100000  rel-MSE(coef) 1.071e-02  [28s]
   head[n128_reg_small] eval step 25000: select-oracle median 2.7659e-01
   head[n128_reg_small] step  26000/100000  rel-MSE(coef) 1.062e-02  [31s]
   head[n128_reg_small] step  27000/100000  rel-MSE(coef) 1.061e-02  [31s]
   head[n128_reg_small] step  28000/100000  rel-MSE(coef) 1.048e-02  [32s]
   head[n128_reg_small] step  29000/100000  rel-MSE(coef) 1.040e-02  [32s]
   head[n128_reg_small] step  30000/100000  rel-MSE(coef) 1.035e-02  [32s]
   head[n128_reg_small] eval step 30000: select-oracle median 2.7633e-01
   head[n128_reg_small] step  31000/100000  rel-MSE(coef) 1.025e-02  [35s]
   head[n128_reg_small] step  32000/100000  rel-MSE(coef) 1.045e-02  [35s]
   head[n128_reg_small] step  33000/100000  rel-MSE(coef) 1.015e-02  [36s]
   head[n128_reg_small] step  34000/100000  rel-MSE(coef) 1.014e-02  [36s]
   head[n128_reg_small] step  35000/100000  rel-MSE(coef) 1.005e-02  [37s]
   head[n128_reg_small] eval step 35000: select-oracle median 2.7657e-01
   head[n128_reg_small] step  36000/100000  rel-MSE(coef) 9.973e-03  [39s]
   head[n128_reg_small] step  37000/100000  rel-MSE(coef) 9.972e-03  [40s]
   head[n128_reg_small] step  38000/100000  rel-MSE(coef) 9.957e-03  [40s]
   head[n128_reg_small] step  39000/100000  rel-MSE(coef) 9.846e-03  [41s]
   head[n128_reg_small] step  40000/100000  rel-MSE(coef) 9.807e-03  [41s]
   head[n128_reg_small] eval step 40000: select-oracle median 2.7349e-01
   head[n128_reg_small] step  41000/100000  rel-MSE(coef) 9.923e-03  [44s]
   head[n128_reg_small] step  42000/100000  rel-MSE(coef) 9.823e-03  [44s]
   head[n128_reg_small] step  43000/100000  rel-MSE(coef) 9.699e-03  [44s]
   head[n128_reg_small] step  44000/100000  rel-MSE(coef) 9.642e-03  [45s]
   head[n128_reg_small] step  45000/100000  rel-MSE(coef) 9.647e-03  [45s]
   head[n128_reg_small] eval step 45000: select-oracle median 2.7536e-01
   head[n128_reg_small] step  46000/100000  rel-MSE(coef) 9.570e-03  [48s]
   head[n128_reg_small] step  47000/100000  rel-MSE(coef) 9.700e-03  [48s]
   head[n128_reg_small] step  48000/100000  rel-MSE(coef) 9.565e-03  [49s]
   head[n128_reg_small] step  49000/100000  rel-MSE(coef) 9.502e-03  [49s]
   head[n128_reg_small] step  50000/100000  rel-MSE(coef) 9.458e-03  [50s]
   head[n128_reg_small] eval step 50000: select-oracle median 2.7317e-01
   head[n128_reg_small] step  51000/100000  rel-MSE(coef) 9.675e-03  [53s]
   head[n128_reg_small] step  52000/100000  rel-MSE(coef) 9.494e-03  [53s]
   head[n128_reg_small] step  53000/100000  rel-MSE(coef) 9.360e-03  [53s]
   head[n128_reg_small] step  54000/100000  rel-MSE(coef) 9.369e-03  [54s]
   head[n128_reg_small] step  55000/100000  rel-MSE(coef) 9.441e-03  [54s]
   head[n128_reg_small] eval step 55000: select-oracle median 2.7323e-01
   head[n128_reg_small] step  56000/100000  rel-MSE(coef) 9.307e-03  [57s]
   head[n128_reg_small] step  57000/100000  rel-MSE(coef) 9.261e-03  [57s]
   head[n128_reg_small] step  58000/100000  rel-MSE(coef) 9.239e-03  [58s]
   head[n128_reg_small] step  59000/100000  rel-MSE(coef) 9.223e-03  [58s]
   head[n128_reg_small] step  60000/100000  rel-MSE(coef) 9.213e-03  [59s]
   head[n128_reg_small] eval step 60000: select-oracle median 2.7442e-01
   head[n128_reg_small] step  61000/100000  rel-MSE(coef) 9.178e-03  [61s]
   head[n128_reg_small] step  62000/100000  rel-MSE(coef) 9.164e-03  [62s]
   head[n128_reg_small] step  63000/100000  rel-MSE(coef) 9.151e-03  [62s]
   head[n128_reg_small] step  64000/100000  rel-MSE(coef) 9.125e-03  [63s]
   head[n128_reg_small] step  65000/100000  rel-MSE(coef) 9.128e-03  [63s]
   head[n128_reg_small] eval step 65000: select-oracle median 2.7466e-01
   head[n128_reg_small] step  66000/100000  rel-MSE(coef) 9.106e-03  [66s]
   head[n128_reg_small] step  67000/100000  rel-MSE(coef) 9.067e-03  [66s]
   head[n128_reg_small] step  68000/100000  rel-MSE(coef) 9.119e-03  [67s]
   head[n128_reg_small] step  69000/100000  rel-MSE(coef) 9.081e-03  [67s]
   head[n128_reg_small] step  70000/100000  rel-MSE(coef) 9.048e-03  [67s]
   head[n128_reg_small] eval step 70000: select-oracle median 2.7383e-01
   head[n128_reg_small] step  71000/100000  rel-MSE(coef) 8.995e-03  [70s]
   head[n128_reg_small] step  72000/100000  rel-MSE(coef) 9.018e-03  [70s]
   head[n128_reg_small] step  73000/100000  rel-MSE(coef) 8.983e-03  [71s]
   head[n128_reg_small] step  74000/100000  rel-MSE(coef) 8.952e-03  [71s]
   head[n128_reg_small] step  75000/100000  rel-MSE(coef) 8.934e-03  [72s]
   head[n128_reg_small] eval step 75000: select-oracle median 2.7373e-01
   head[n128_reg_small] step  76000/100000  rel-MSE(coef) 8.920e-03  [74s]
   head[n128_reg_small] step  77000/100000  rel-MSE(coef) 8.905e-03  [75s]
   head[n128_reg_small] step  78000/100000  rel-MSE(coef) 8.893e-03  [75s]
   head[n128_reg_small] step  79000/100000  rel-MSE(coef) 8.878e-03  [76s]
   head[n128_reg_small] step  80000/100000  rel-MSE(coef) 8.866e-03  [76s]
   head[n128_reg_small] eval step 80000: select-oracle median 2.7292e-01
   head[n128_reg_small] step  81000/100000  rel-MSE(coef) 8.852e-03  [79s]
   head[n128_reg_small] step  82000/100000  rel-MSE(coef) 8.840e-03  [79s]
   head[n128_reg_small] step  83000/100000  rel-MSE(coef) 8.829e-03  [80s]
   head[n128_reg_small] step  84000/100000  rel-MSE(coef) 8.819e-03  [80s]
   head[n128_reg_small] step  85000/100000  rel-MSE(coef) 8.802e-03  [81s]
   head[n128_reg_small] eval step 85000: select-oracle median 2.7264e-01
   head[n128_reg_small] step  86000/100000  rel-MSE(coef) 8.790e-03  [83s]
   head[n128_reg_small] step  87000/100000  rel-MSE(coef) 8.779e-03  [84s]
   head[n128_reg_small] step  88000/100000  rel-MSE(coef) 8.767e-03  [84s]
   head[n128_reg_small] step  89000/100000  rel-MSE(coef) 8.756e-03  [85s]
   head[n128_reg_small] step  90000/100000  rel-MSE(coef) 8.745e-03  [85s]
   head[n128_reg_small] eval step 90000: select-oracle median 2.7186e-01
   head[n128_reg_small] step  91000/100000  rel-MSE(coef) 8.734e-03  [88s]
   head[n128_reg_small] step  92000/100000  rel-MSE(coef) 8.723e-03  [88s]
   head[n128_reg_small] step  93000/100000  rel-MSE(coef) 8.713e-03  [89s]
   head[n128_reg_small] step  94000/100000  rel-MSE(coef) 8.702e-03  [89s]
   head[n128_reg_small] step  95000/100000  rel-MSE(coef) 8.692e-03  [89s]
   head[n128_reg_small] eval step 95000: select-oracle median 2.7067e-01
   head[n128_reg_small] step  96000/100000  rel-MSE(coef) 8.682e-03  [92s]
   head[n128_reg_small] step  97000/100000  rel-MSE(coef) 8.672e-03  [93s]
   head[n128_reg_small] step  98000/100000  rel-MSE(coef) 8.663e-03  [93s]
   head[n128_reg_small] step  99000/100000  rel-MSE(coef) 8.653e-03  [93s]
   head[n128_reg_small] step 100000/100000  rel-MSE(coef) 8.644e-03  [94s]
   head[n128_reg_small] eval step 100000: select-oracle median 2.7090e-01
ARM n128_reg_small: dev-report oracle 2.4658e-01 (POD-16 2.3576e-01, ratio 0.956) train-oracle 7.2983e-02 recon 9.3251e-02 best_step 95000 [126s]
   head[n256_plain] step      1/100000  rel-MSE(coef) 1.230e+00  [6s]
   head[n256_plain] step   1000/100000  rel-MSE(coef) 5.354e-02  [9s]
   head[n256_plain] step   2000/100000  rel-MSE(coef) 2.503e-02  [12s]
   head[n256_plain] step   3000/100000  rel-MSE(coef) 1.818e-02  [16s]
   head[n256_plain] step   4000/100000  rel-MSE(coef) 1.420e-02  [19s]
   head[n256_plain] step   5000/100000  rel-MSE(coef) 1.178e-02  [23s]
   head[n256_plain] step   6000/100000  rel-MSE(coef) 1.022e-02  [28s]
   head[n256_plain] step   7000/100000  rel-MSE(coef) 9.728e-03  [32s]
   head[n256_plain] step   8000/100000  rel-MSE(coef) 8.519e-03  [37s]
   head[n256_plain] step   9000/100000  rel-MSE(coef) 7.547e-03  [42s]
   head[n256_plain] step  10000/100000  rel-MSE(coef) 6.939e-03  [48s]
   head[n256_plain] step  11000/100000  rel-MSE(coef) 6.409e-03  [53s]
   head[n256_plain] step  12000/100000  rel-MSE(coef) 6.199e-03  [59s]
   head[n256_plain] step  13000/100000  rel-MSE(coef) 7.463e-03  [65s]
   head[n256_plain] step  14000/100000  rel-MSE(coef) 5.449e-03  [71s]
   head[n256_plain] step  15000/100000  rel-MSE(coef) 5.089e-03  [78s]
   head[n256_plain] step  16000/100000  rel-MSE(coef) 5.327e-03  [84s]
   head[n256_plain] step  17000/100000  rel-MSE(coef) 4.868e-03  [90s]
   head[n256_plain] step  18000/100000  rel-MSE(coef) 4.686e-03  [96s]
   head[n256_plain] step  19000/100000  rel-MSE(coef) 4.407e-03  [102s]
   head[n256_plain] step  20000/100000  rel-MSE(coef) 4.134e-03  [109s]
   head[n256_plain] step  21000/100000  rel-MSE(coef) 4.102e-03  [115s]
   head[n256_plain] step  22000/100000  rel-MSE(coef) 4.154e-03  [121s]
   head[n256_plain] step  23000/100000  rel-MSE(coef) 4.002e-03  [127s]
   head[n256_plain] step  24000/100000  rel-MSE(coef) 3.942e-03  [133s]
   head[n256_plain] step  25000/100000  rel-MSE(coef) 3.614e-03  [139s]
   head[n256_plain] step  26000/100000  rel-MSE(coef) 3.842e-03  [146s]
   head[n256_plain] step  27000/100000  rel-MSE(coef) 3.577e-03  [152s]
   head[n256_plain] step  28000/100000  rel-MSE(coef) 3.124e-03  [158s]
   head[n256_plain] step  29000/100000  rel-MSE(coef) 3.113e-03  [164s]
   head[n256_plain] step  30000/100000  rel-MSE(coef) 2.932e-03  [170s]
   head[n256_plain] step  31000/100000  rel-MSE(coef) 3.000e-03  [176s]
   head[n256_plain] step  32000/100000  rel-MSE(coef) 2.883e-03  [183s]
   head[n256_plain] step  33000/100000  rel-MSE(coef) 2.811e-03  [189s]
   head[n256_plain] step  34000/100000  rel-MSE(coef) 3.020e-03  [195s]
   head[n256_plain] step  35000/100000  rel-MSE(coef) 2.556e-03  [201s]
   head[n256_plain] step  36000/100000  rel-MSE(coef) 2.684e-03  [208s]
   head[n256_plain] step  37000/100000  rel-MSE(coef) 2.578e-03  [214s]
   head[n256_plain] step  38000/100000  rel-MSE(coef) 2.591e-03  [220s]
   head[n256_plain] step  39000/100000  rel-MSE(coef) 2.506e-03  [226s]
   head[n256_plain] step  40000/100000  rel-MSE(coef) 2.374e-03  [233s]
   head[n256_plain] step  41000/100000  rel-MSE(coef) 2.593e-03  [239s]
   head[n256_plain] step  42000/100000  rel-MSE(coef) 2.205e-03  [245s]
   head[n256_plain] step  43000/100000  rel-MSE(coef) 2.252e-03  [251s]
   head[n256_plain] step  44000/100000  rel-MSE(coef) 2.256e-03  [257s]
   head[n256_plain] step  45000/100000  rel-MSE(coef) 2.232e-03  [264s]
   head[n256_plain] step  46000/100000  rel-MSE(coef) 2.092e-03  [270s]
   head[n256_plain] step  47000/100000  rel-MSE(coef) 2.058e-03  [276s]
   head[n256_plain] step  48000/100000  rel-MSE(coef) 2.036e-03  [282s]
   head[n256_plain] step  49000/100000  rel-MSE(coef) 2.117e-03  [289s]
   head[n256_plain] step  50000/100000  rel-MSE(coef) 1.993e-03  [295s]
   head[n256_plain] step  51000/100000  rel-MSE(coef) 1.929e-03  [301s]
   head[n256_plain] step  52000/100000  rel-MSE(coef) 1.917e-03  [307s]
   head[n256_plain] step  53000/100000  rel-MSE(coef) 1.858e-03  [314s]
   head[n256_plain] step  54000/100000  rel-MSE(coef) 1.894e-03  [320s]
   head[n256_plain] step  55000/100000  rel-MSE(coef) 1.791e-03  [326s]
   head[n256_plain] step  56000/100000  rel-MSE(coef) 1.792e-03  [333s]
   head[n256_plain] step  57000/100000  rel-MSE(coef) 1.725e-03  [339s]
   head[n256_plain] step  58000/100000  rel-MSE(coef) 1.765e-03  [345s]
   head[n256_plain] step  59000/100000  rel-MSE(coef) 1.689e-03  [351s]
   head[n256_plain] step  60000/100000  rel-MSE(coef) 1.753e-03  [358s]
   head[n256_plain] step  61000/100000  rel-MSE(coef) 1.708e-03  [364s]
   head[n256_plain] step  62000/100000  rel-MSE(coef) 1.702e-03  [370s]
   head[n256_plain] step  63000/100000  rel-MSE(coef) 1.648e-03  [376s]
   head[n256_plain] step  64000/100000  rel-MSE(coef) 1.590e-03  [383s]
   head[n256_plain] step  65000/100000  rel-MSE(coef) 1.623e-03  [389s]
   head[n256_plain] step  66000/100000  rel-MSE(coef) 1.619e-03  [395s]
   head[n256_plain] step  67000/100000  rel-MSE(coef) 1.557e-03  [402s]
   head[n256_plain] step  68000/100000  rel-MSE(coef) 1.540e-03  [408s]
   head[n256_plain] step  69000/100000  rel-MSE(coef) 1.517e-03  [414s]
   head[n256_plain] step  70000/100000  rel-MSE(coef) 1.502e-03  [421s]
   head[n256_plain] step  71000/100000  rel-MSE(coef) 1.496e-03  [427s]
   head[n256_plain] step  72000/100000  rel-MSE(coef) 1.485e-03  [433s]
   head[n256_plain] step  73000/100000  rel-MSE(coef) 1.463e-03  [440s]
   head[n256_plain] step  74000/100000  rel-MSE(coef) 1.466e-03  [446s]
   head[n256_plain] step  75000/100000  rel-MSE(coef) 1.442e-03  [452s]
   head[n256_plain] step  76000/100000  rel-MSE(coef) 1.483e-03  [459s]
   head[n256_plain] step  77000/100000  rel-MSE(coef) 1.416e-03  [465s]
   head[n256_plain] step  78000/100000  rel-MSE(coef) 1.422e-03  [471s]
   head[n256_plain] step  79000/100000  rel-MSE(coef) 1.399e-03  [478s]
   head[n256_plain] step  80000/100000  rel-MSE(coef) 1.387e-03  [484s]
   head[n256_plain] step  81000/100000  rel-MSE(coef) 1.385e-03  [490s]
   head[n256_plain] step  82000/100000  rel-MSE(coef) 1.368e-03  [497s]
   head[n256_plain] step  83000/100000  rel-MSE(coef) 1.361e-03  [503s]
   head[n256_plain] step  84000/100000  rel-MSE(coef) 1.350e-03  [509s]
   head[n256_plain] step  85000/100000  rel-MSE(coef) 1.340e-03  [516s]
   head[n256_plain] step  86000/100000  rel-MSE(coef) 1.334e-03  [522s]
   head[n256_plain] step  87000/100000  rel-MSE(coef) 1.327e-03  [528s]
   head[n256_plain] step  88000/100000  rel-MSE(coef) 1.318e-03  [535s]
   head[n256_plain] step  89000/100000  rel-MSE(coef) 1.312e-03  [541s]
   head[n256_plain] step  90000/100000  rel-MSE(coef) 1.304e-03  [547s]
   head[n256_plain] step  91000/100000  rel-MSE(coef) 1.299e-03  [554s]
   head[n256_plain] step  92000/100000  rel-MSE(coef) 1.291e-03  [560s]
   head[n256_plain] step  93000/100000  rel-MSE(coef) 1.285e-03  [566s]
   head[n256_plain] step  94000/100000  rel-MSE(coef) 1.279e-03  [573s]
   head[n256_plain] step  95000/100000  rel-MSE(coef) 1.273e-03  [579s]
   head[n256_plain] step  96000/100000  rel-MSE(coef) 1.267e-03  [585s]
   head[n256_plain] step  97000/100000  rel-MSE(coef) 1.262e-03  [592s]
   head[n256_plain] step  98000/100000  rel-MSE(coef) 1.257e-03  [598s]
   head[n256_plain] step  99000/100000  rel-MSE(coef) 1.251e-03  [604s]
   head[n256_plain] step 100000/100000  rel-MSE(coef) 1.246e-03  [611s]
ARM n256_plain: dev-report oracle 2.0689e-01 (POD-16 2.2961e-01, ratio 1.110) train-oracle 3.0051e-02 recon 3.9600e-02 best_step 100000 [643s]
   head[n256_reg] step      1/100000  rel-MSE(coef) 1.230e+00  [1s]
   head[n256_reg] step   1000/100000  rel-MSE(coef) 5.249e-02  [5s]
   head[n256_reg] step   2000/100000  rel-MSE(coef) 2.519e-02  [9s]
   head[n256_reg] step   3000/100000  rel-MSE(coef) 1.762e-02  [14s]
   head[n256_reg] step   4000/100000  rel-MSE(coef) 1.416e-02  [20s]
   head[n256_reg] step   5000/100000  rel-MSE(coef) 1.599e-02  [26s]
   head[n256_reg] eval step 5000: select-oracle median 2.4135e-01
   head[n256_reg] step   6000/100000  rel-MSE(coef) 1.025e-02  [34s]
   head[n256_reg] step   7000/100000  rel-MSE(coef) 1.240e-02  [39s]
   head[n256_reg] step   8000/100000  rel-MSE(coef) 9.100e-03  [45s]
   head[n256_reg] step   9000/100000  rel-MSE(coef) 8.816e-03  [51s]
   head[n256_reg] step  10000/100000  rel-MSE(coef) 7.169e-03  [57s]
   head[n256_reg] eval step 10000: select-oracle median 2.3416e-01
   head[n256_reg] step  11000/100000  rel-MSE(coef) 7.617e-03  [66s]
   head[n256_reg] step  12000/100000  rel-MSE(coef) 5.989e-03  [72s]
   head[n256_reg] step  13000/100000  rel-MSE(coef) 5.956e-03  [78s]
   head[n256_reg] step  14000/100000  rel-MSE(coef) 5.768e-03  [85s]
   head[n256_reg] step  15000/100000  rel-MSE(coef) 5.596e-03  [91s]
   head[n256_reg] eval step 15000: select-oracle median 2.4010e-01
   head[n256_reg] step  16000/100000  rel-MSE(coef) 7.345e-03  [99s]
   head[n256_reg] step  17000/100000  rel-MSE(coef) 4.576e-03  [105s]
   head[n256_reg] step  18000/100000  rel-MSE(coef) 4.618e-03  [111s]
   head[n256_reg] step  19000/100000  rel-MSE(coef) 4.498e-03  [117s]
   head[n256_reg] step  20000/100000  rel-MSE(coef) 4.370e-03  [123s]
   head[n256_reg] eval step 20000: select-oracle median 2.4143e-01
   head[n256_reg] step  21000/100000  rel-MSE(coef) 4.066e-03  [132s]
   head[n256_reg] step  22000/100000  rel-MSE(coef) 3.828e-03  [139s]
   head[n256_reg] step  23000/100000  rel-MSE(coef) 3.957e-03  [145s]
   head[n256_reg] step  24000/100000  rel-MSE(coef) 3.851e-03  [152s]
   head[n256_reg] step  25000/100000  rel-MSE(coef) 3.429e-03  [159s]
   head[n256_reg] eval step 25000: select-oracle median 2.3781e-01
   head[n256_reg] step  26000/100000  rel-MSE(coef) 3.308e-03  [166s]
   head[n256_reg] step  27000/100000  rel-MSE(coef) 3.460e-03  [172s]
   head[n256_reg] step  28000/100000  rel-MSE(coef) 3.121e-03  [178s]
   head[n256_reg] step  29000/100000  rel-MSE(coef) 3.489e-03  [184s]
   head[n256_reg] step  30000/100000  rel-MSE(coef) 3.072e-03  [190s]
   head[n256_reg] eval step 30000: select-oracle median 2.3709e-01
   head[n256_reg] step  31000/100000  rel-MSE(coef) 3.260e-03  [199s]
   head[n256_reg] step  32000/100000  rel-MSE(coef) 2.912e-03  [205s]
   head[n256_reg] step  33000/100000  rel-MSE(coef) 2.746e-03  [211s]
   head[n256_reg] step  34000/100000  rel-MSE(coef) 2.890e-03  [217s]
   head[n256_reg] step  35000/100000  rel-MSE(coef) 2.734e-03  [223s]
   head[n256_reg] eval step 35000: select-oracle median 2.3568e-01
   head[n256_reg] step  36000/100000  rel-MSE(coef) 2.596e-03  [232s]
   head[n256_reg] step  37000/100000  rel-MSE(coef) 2.794e-03  [239s]
   head[n256_reg] step  38000/100000  rel-MSE(coef) 2.440e-03  [246s]
   head[n256_reg] step  39000/100000  rel-MSE(coef) 2.332e-03  [252s]
   head[n256_reg] step  40000/100000  rel-MSE(coef) 2.489e-03  [259s]
   head[n256_reg] eval step 40000: select-oracle median 2.3422e-01
   head[n256_reg] step  41000/100000  rel-MSE(coef) 2.418e-03  [266s]
   head[n256_reg] step  42000/100000  rel-MSE(coef) 2.266e-03  [272s]
   head[n256_reg] step  43000/100000  rel-MSE(coef) 2.255e-03  [278s]
   head[n256_reg] step  44000/100000  rel-MSE(coef) 2.231e-03  [284s]
   head[n256_reg] step  45000/100000  rel-MSE(coef) 2.250e-03  [290s]
   head[n256_reg] eval step 45000: select-oracle median 2.3548e-01
   head[n256_reg] step  46000/100000  rel-MSE(coef) 2.239e-03  [298s]
   head[n256_reg] step  47000/100000  rel-MSE(coef) 2.080e-03  [304s]
   head[n256_reg] step  48000/100000  rel-MSE(coef) 1.999e-03  [310s]
   head[n256_reg] step  49000/100000  rel-MSE(coef) 2.020e-03  [316s]
   head[n256_reg] step  50000/100000  rel-MSE(coef) 2.087e-03  [323s]
   head[n256_reg] eval step 50000: select-oracle median 2.3578e-01
   head[n256_reg] step  51000/100000  rel-MSE(coef) 1.894e-03  [331s]
   head[n256_reg] step  52000/100000  rel-MSE(coef) 1.872e-03  [338s]
   head[n256_reg] step  53000/100000  rel-MSE(coef) 1.927e-03  [344s]
   head[n256_reg] step  54000/100000  rel-MSE(coef) 1.848e-03  [351s]
   head[n256_reg] step  55000/100000  rel-MSE(coef) 1.821e-03  [357s]
   head[n256_reg] eval step 55000: select-oracle median 2.3958e-01
   head[n256_reg] step  56000/100000  rel-MSE(coef) 1.803e-03  [365s]
   head[n256_reg] step  57000/100000  rel-MSE(coef) 1.767e-03  [370s]
   head[n256_reg] step  58000/100000  rel-MSE(coef) 1.752e-03  [376s]
   head[n256_reg] step  59000/100000  rel-MSE(coef) 1.730e-03  [382s]
   head[n256_reg] step  60000/100000  rel-MSE(coef) 1.827e-03  [388s]
   head[n256_reg] eval step 60000: select-oracle median 2.3780e-01
   head[n256_reg] step  61000/100000  rel-MSE(coef) 1.744e-03  [397s]
   head[n256_reg] step  62000/100000  rel-MSE(coef) 1.623e-03  [403s]
   head[n256_reg] step  63000/100000  rel-MSE(coef) 1.643e-03  [409s]
   head[n256_reg] step  64000/100000  rel-MSE(coef) 1.613e-03  [414s]
   head[n256_reg] step  65000/100000  rel-MSE(coef) 1.600e-03  [421s]
   head[n256_reg] eval step 65000: select-oracle median 2.3803e-01
   head[n256_reg] step  66000/100000  rel-MSE(coef) 1.570e-03  [429s]
   head[n256_reg] step  67000/100000  rel-MSE(coef) 1.658e-03  [435s]
   head[n256_reg] step  68000/100000  rel-MSE(coef) 1.558e-03  [441s]
   head[n256_reg] step  69000/100000  rel-MSE(coef) 1.577e-03  [447s]
   head[n256_reg] step  70000/100000  rel-MSE(coef) 1.531e-03  [454s]
   head[n256_reg] eval step 70000: select-oracle median 2.3691e-01
   head[n256_reg] step  71000/100000  rel-MSE(coef) 1.489e-03  [462s]
   head[n256_reg] step  72000/100000  rel-MSE(coef) 1.475e-03  [468s]
   head[n256_reg] step  73000/100000  rel-MSE(coef) 1.494e-03  [474s]
   head[n256_reg] step  74000/100000  rel-MSE(coef) 1.456e-03  [480s]
   head[n256_reg] step  75000/100000  rel-MSE(coef) 1.469e-03  [486s]
   head[n256_reg] eval step 75000: select-oracle median 2.3602e-01
   head[n256_reg] step  76000/100000  rel-MSE(coef) 1.430e-03  [495s]
   head[n256_reg] step  77000/100000  rel-MSE(coef) 1.430e-03  [501s]
   head[n256_reg] step  78000/100000  rel-MSE(coef) 1.411e-03  [507s]
   head[n256_reg] step  79000/100000  rel-MSE(coef) 1.421e-03  [513s]
   head[n256_reg] step  80000/100000  rel-MSE(coef) 1.395e-03  [519s]
   head[n256_reg] eval step 80000: select-oracle median 2.3582e-01
   head[n256_reg] step  81000/100000  rel-MSE(coef) 1.389e-03  [528s]
   head[n256_reg] step  82000/100000  rel-MSE(coef) 1.389e-03  [533s]
   head[n256_reg] step  83000/100000  rel-MSE(coef) 1.362e-03  [539s]
   head[n256_reg] step  84000/100000  rel-MSE(coef) 1.355e-03  [545s]
   head[n256_reg] step  85000/100000  rel-MSE(coef) 1.348e-03  [551s]
   head[n256_reg] eval step 85000: select-oracle median 2.3641e-01
   head[n256_reg] step  86000/100000  rel-MSE(coef) 1.341e-03  [560s]
   head[n256_reg] step  87000/100000  rel-MSE(coef) 1.334e-03  [566s]
   head[n256_reg] step  88000/100000  rel-MSE(coef) 1.326e-03  [572s]
   head[n256_reg] step  89000/100000  rel-MSE(coef) 1.317e-03  [578s]
   head[n256_reg] step  90000/100000  rel-MSE(coef) 1.310e-03  [585s]
   head[n256_reg] eval step 90000: select-oracle median 2.3634e-01
   head[n256_reg] step  91000/100000  rel-MSE(coef) 1.303e-03  [593s]
   head[n256_reg] step  92000/100000  rel-MSE(coef) 1.297e-03  [598s]
   head[n256_reg] step  93000/100000  rel-MSE(coef) 1.291e-03  [605s]
   head[n256_reg] step  94000/100000  rel-MSE(coef) 1.284e-03  [611s]
   head[n256_reg] step  95000/100000  rel-MSE(coef) 1.278e-03  [617s]
   head[n256_reg] eval step 95000: select-oracle median 2.3745e-01
   head[n256_reg] step  96000/100000  rel-MSE(coef) 1.272e-03  [625s]
   head[n256_reg] step  97000/100000  rel-MSE(coef) 1.267e-03  [632s]
   head[n256_reg] step  98000/100000  rel-MSE(coef) 1.262e-03  [638s]
   head[n256_reg] step  99000/100000  rel-MSE(coef) 1.256e-03  [644s]
   head[n256_reg] step 100000/100000  rel-MSE(coef) 1.251e-03  [650s]
   head[n256_reg] eval step 100000: select-oracle median 2.3697e-01
ARM n256_reg: dev-report oracle 2.1020e-01 (POD-16 2.2961e-01, ratio 1.092) train-oracle 6.5102e-02 recon 8.2504e-02 best_step 10000 [684s]
   head[n256_reg_small] step      1/100000  rel-MSE(coef) 1.270e+00  [5s]
   head[n256_reg_small] step   1000/100000  rel-MSE(coef) 9.184e-02  [5s]
   head[n256_reg_small] step   2000/100000  rel-MSE(coef) 5.347e-02  [6s]
   head[n256_reg_small] step   3000/100000  rel-MSE(coef) 4.058e-02  [7s]
   head[n256_reg_small] step   4000/100000  rel-MSE(coef) 3.458e-02  [7s]
   head[n256_reg_small] step   5000/100000  rel-MSE(coef) 3.154e-02  [8s]
   head[n256_reg_small] eval step 5000: select-oracle median 2.4200e-01
   head[n256_reg_small] step   6000/100000  rel-MSE(coef) 2.971e-02  [12s]
   head[n256_reg_small] step   7000/100000  rel-MSE(coef) 2.852e-02  [12s]
   head[n256_reg_small] step   8000/100000  rel-MSE(coef) 2.745e-02  [13s]
   head[n256_reg_small] step   9000/100000  rel-MSE(coef) 2.672e-02  [13s]
   head[n256_reg_small] step  10000/100000  rel-MSE(coef) 2.611e-02  [14s]
   head[n256_reg_small] eval step 10000: select-oracle median 2.3558e-01
   head[n256_reg_small] step  11000/100000  rel-MSE(coef) 2.560e-02  [17s]
   head[n256_reg_small] step  12000/100000  rel-MSE(coef) 2.534e-02  [18s]
   head[n256_reg_small] step  13000/100000  rel-MSE(coef) 2.480e-02  [19s]
   head[n256_reg_small] step  14000/100000  rel-MSE(coef) 2.465e-02  [19s]
   head[n256_reg_small] step  15000/100000  rel-MSE(coef) 2.429e-02  [20s]
   head[n256_reg_small] eval step 15000: select-oracle median 2.4204e-01
   head[n256_reg_small] step  16000/100000  rel-MSE(coef) 2.394e-02  [23s]
   head[n256_reg_small] step  17000/100000  rel-MSE(coef) 2.376e-02  [24s]
   head[n256_reg_small] step  18000/100000  rel-MSE(coef) 2.347e-02  [25s]
   head[n256_reg_small] step  19000/100000  rel-MSE(coef) 2.335e-02  [25s]
   head[n256_reg_small] step  20000/100000  rel-MSE(coef) 2.310e-02  [26s]
   head[n256_reg_small] eval step 20000: select-oracle median 2.4353e-01
   head[n256_reg_small] step  21000/100000  rel-MSE(coef) 2.292e-02  [29s]
   head[n256_reg_small] step  22000/100000  rel-MSE(coef) 2.281e-02  [30s]
   head[n256_reg_small] step  23000/100000  rel-MSE(coef) 2.264e-02  [31s]
   head[n256_reg_small] step  24000/100000  rel-MSE(coef) 2.246e-02  [31s]
   head[n256_reg_small] step  25000/100000  rel-MSE(coef) 2.245e-02  [32s]
   head[n256_reg_small] eval step 25000: select-oracle median 2.4235e-01
   head[n256_reg_small] step  26000/100000  rel-MSE(coef) 2.227e-02  [35s]
   head[n256_reg_small] step  27000/100000  rel-MSE(coef) 2.240e-02  [36s]
   head[n256_reg_small] step  28000/100000  rel-MSE(coef) 2.203e-02  [37s]
   head[n256_reg_small] step  29000/100000  rel-MSE(coef) 2.188e-02  [37s]
   head[n256_reg_small] step  30000/100000  rel-MSE(coef) 2.180e-02  [38s]
   head[n256_reg_small] eval step 30000: select-oracle median 2.4151e-01
   head[n256_reg_small] step  31000/100000  rel-MSE(coef) 2.170e-02  [41s]
   head[n256_reg_small] step  32000/100000  rel-MSE(coef) 2.242e-02  [42s]
   head[n256_reg_small] step  33000/100000  rel-MSE(coef) 2.199e-02  [43s]
   head[n256_reg_small] step  34000/100000  rel-MSE(coef) 2.144e-02  [44s]
   head[n256_reg_small] step  35000/100000  rel-MSE(coef) 2.137e-02  [44s]
   head[n256_reg_small] eval step 35000: select-oracle median 2.4231e-01
   head[n256_reg_small] step  36000/100000  rel-MSE(coef) 2.187e-02  [48s]
   head[n256_reg_small] step  37000/100000  rel-MSE(coef) 2.123e-02  [48s]
   head[n256_reg_small] step  38000/100000  rel-MSE(coef) 2.121e-02  [49s]
   head[n256_reg_small] step  39000/100000  rel-MSE(coef) 2.119e-02  [50s]
   head[n256_reg_small] step  40000/100000  rel-MSE(coef) 2.105e-02  [51s]
   head[n256_reg_small] eval step 40000: select-oracle median 2.4215e-01
   head[n256_reg_small] step  41000/100000  rel-MSE(coef) 2.099e-02  [54s]
   head[n256_reg_small] step  42000/100000  rel-MSE(coef) 2.096e-02  [55s]
   head[n256_reg_small] step  43000/100000  rel-MSE(coef) 2.092e-02  [55s]
   head[n256_reg_small] step  44000/100000  rel-MSE(coef) 2.084e-02  [56s]
   head[n256_reg_small] step  45000/100000  rel-MSE(coef) 2.079e-02  [57s]
   head[n256_reg_small] eval step 45000: select-oracle median 2.4165e-01
   head[n256_reg_small] step  46000/100000  rel-MSE(coef) 2.077e-02  [60s]
   head[n256_reg_small] step  47000/100000  rel-MSE(coef) 2.070e-02  [61s]
   head[n256_reg_small] step  48000/100000  rel-MSE(coef) 2.070e-02  [62s]
   head[n256_reg_small] step  49000/100000  rel-MSE(coef) 2.066e-02  [63s]
   head[n256_reg_small] step  50000/100000  rel-MSE(coef) 2.070e-02  [63s]
   head[n256_reg_small] eval step 50000: select-oracle median 2.4097e-01
   head[n256_reg_small] step  51000/100000  rel-MSE(coef) 2.052e-02  [66s]
   head[n256_reg_small] step  52000/100000  rel-MSE(coef) 2.054e-02  [67s]
   head[n256_reg_small] step  53000/100000  rel-MSE(coef) 2.045e-02  [68s]
   head[n256_reg_small] step  54000/100000  rel-MSE(coef) 2.055e-02  [69s]
   head[n256_reg_small] step  55000/100000  rel-MSE(coef) 2.038e-02  [70s]
   head[n256_reg_small] eval step 55000: select-oracle median 2.4116e-01
   head[n256_reg_small] step  56000/100000  rel-MSE(coef) 2.042e-02  [73s]
   head[n256_reg_small] step  57000/100000  rel-MSE(coef) 2.032e-02  [74s]
   head[n256_reg_small] step  58000/100000  rel-MSE(coef) 2.039e-02  [74s]
   head[n256_reg_small] step  59000/100000  rel-MSE(coef) 2.024e-02  [75s]
   head[n256_reg_small] step  60000/100000  rel-MSE(coef) 2.022e-02  [76s]
   head[n256_reg_small] eval step 60000: select-oracle median 2.4199e-01
   head[n256_reg_small] step  61000/100000  rel-MSE(coef) 2.018e-02  [79s]
   head[n256_reg_small] step  62000/100000  rel-MSE(coef) 2.015e-02  [80s]
   head[n256_reg_small] step  63000/100000  rel-MSE(coef) 2.025e-02  [81s]
   head[n256_reg_small] step  64000/100000  rel-MSE(coef) 2.014e-02  [82s]
   head[n256_reg_small] step  65000/100000  rel-MSE(coef) 2.007e-02  [82s]
   head[n256_reg_small] eval step 65000: select-oracle median 2.4304e-01
   head[n256_reg_small] step  66000/100000  rel-MSE(coef) 2.004e-02  [85s]
   head[n256_reg_small] step  67000/100000  rel-MSE(coef) 2.005e-02  [86s]
   head[n256_reg_small] step  68000/100000  rel-MSE(coef) 1.999e-02  [87s]
   head[n256_reg_small] step  69000/100000  rel-MSE(coef) 1.997e-02  [88s]
   head[n256_reg_small] step  70000/100000  rel-MSE(coef) 1.997e-02  [89s]
   head[n256_reg_small] eval step 70000: select-oracle median 2.4350e-01
   head[n256_reg_small] step  71000/100000  rel-MSE(coef) 1.992e-02  [92s]
   head[n256_reg_small] step  72000/100000  rel-MSE(coef) 1.991e-02  [93s]
   head[n256_reg_small] step  73000/100000  rel-MSE(coef) 1.987e-02  [93s]
   head[n256_reg_small] step  74000/100000  rel-MSE(coef) 1.985e-02  [94s]
   head[n256_reg_small] step  75000/100000  rel-MSE(coef) 1.984e-02  [95s]
   head[n256_reg_small] eval step 75000: select-oracle median 2.4423e-01
   head[n256_reg_small] step  76000/100000  rel-MSE(coef) 1.982e-02  [98s]
   head[n256_reg_small] step  77000/100000  rel-MSE(coef) 1.979e-02  [99s]
   head[n256_reg_small] step  78000/100000  rel-MSE(coef) 1.977e-02  [100s]
   head[n256_reg_small] step  79000/100000  rel-MSE(coef) 1.975e-02  [101s]
   head[n256_reg_small] step  80000/100000  rel-MSE(coef) 1.973e-02  [101s]
   head[n256_reg_small] eval step 80000: select-oracle median 2.4480e-01
   head[n256_reg_small] step  81000/100000  rel-MSE(coef) 1.971e-02  [104s]
   head[n256_reg_small] step  82000/100000  rel-MSE(coef) 1.970e-02  [105s]
   head[n256_reg_small] step  83000/100000  rel-MSE(coef) 1.968e-02  [106s]
   head[n256_reg_small] step  84000/100000  rel-MSE(coef) 1.966e-02  [107s]
   head[n256_reg_small] step  85000/100000  rel-MSE(coef) 1.965e-02  [108s]
   head[n256_reg_small] eval step 85000: select-oracle median 2.4509e-01
   head[n256_reg_small] step  86000/100000  rel-MSE(coef) 1.963e-02  [111s]
   head[n256_reg_small] step  87000/100000  rel-MSE(coef) 1.961e-02  [112s]
   head[n256_reg_small] step  88000/100000  rel-MSE(coef) 1.960e-02  [113s]
   head[n256_reg_small] step  89000/100000  rel-MSE(coef) 1.958e-02  [114s]
   head[n256_reg_small] step  90000/100000  rel-MSE(coef) 1.956e-02  [114s]
   head[n256_reg_small] eval step 90000: select-oracle median 2.4590e-01
   head[n256_reg_small] step  91000/100000  rel-MSE(coef) 1.955e-02  [118s]
   head[n256_reg_small] step  92000/100000  rel-MSE(coef) 1.953e-02  [118s]
   head[n256_reg_small] step  93000/100000  rel-MSE(coef) 1.952e-02  [119s]
   head[n256_reg_small] step  94000/100000  rel-MSE(coef) 1.950e-02  [120s]
   head[n256_reg_small] step  95000/100000  rel-MSE(coef) 1.949e-02  [121s]
   head[n256_reg_small] eval step 95000: select-oracle median 2.4621e-01
   head[n256_reg_small] step  96000/100000  rel-MSE(coef) 1.948e-02  [124s]
   head[n256_reg_small] step  97000/100000  rel-MSE(coef) 1.946e-02  [125s]
   head[n256_reg_small] step  98000/100000  rel-MSE(coef) 1.945e-02  [126s]
   head[n256_reg_small] step  99000/100000  rel-MSE(coef) 1.944e-02  [126s]
   head[n256_reg_small] step 100000/100000  rel-MSE(coef) 1.942e-02  [127s]
   head[n256_reg_small] eval step 100000: select-oracle median 2.4643e-01
ARM n256_reg_small: dev-report oracle 2.1343e-01 (POD-16 2.2961e-01, ratio 1.076) train-oracle 1.1926e-01 recon 1.5605e-01 best_step 10000 [151s]
   head[n512_plain] step      1/100000  rel-MSE(coef) 1.222e+00  [6s]
   head[n512_plain] step   1000/100000  rel-MSE(coef) 6.873e-02  [13s]
   head[n512_plain] step   2000/100000  rel-MSE(coef) 3.917e-02  [21s]
   head[n512_plain] step   3000/100000  rel-MSE(coef) 2.877e-02  [31s]
   head[n512_plain] step   4000/100000  rel-MSE(coef) 2.530e-02  [41s]
   head[n512_plain] step   5000/100000  rel-MSE(coef) 2.049e-02  [52s]
   head[n512_plain] step   6000/100000  rel-MSE(coef) 1.928e-02  [64s]
   head[n512_plain] step   7000/100000  rel-MSE(coef) 1.669e-02  [76s]
   head[n512_plain] step   8000/100000  rel-MSE(coef) 1.544e-02  [89s]
   head[n512_plain] step   9000/100000  rel-MSE(coef) 1.511e-02  [101s]
   head[n512_plain] step  10000/100000  rel-MSE(coef) 1.431e-02  [113s]
   head[n512_plain] step  11000/100000  rel-MSE(coef) 1.388e-02  [126s]
   head[n512_plain] step  12000/100000  rel-MSE(coef) 1.198e-02  [138s]
   head[n512_plain] step  13000/100000  rel-MSE(coef) 1.151e-02  [151s]
   head[n512_plain] step  14000/100000  rel-MSE(coef) 1.095e-02  [163s]
   head[n512_plain] step  15000/100000  rel-MSE(coef) 1.048e-02  [176s]
   head[n512_plain] step  16000/100000  rel-MSE(coef) 1.003e-02  [188s]
   head[n512_plain] step  17000/100000  rel-MSE(coef) 1.157e-02  [200s]
   head[n512_plain] step  18000/100000  rel-MSE(coef) 9.780e-03  [213s]
   head[n512_plain] step  19000/100000  rel-MSE(coef) 1.024e-02  [225s]
   head[n512_plain] step  20000/100000  rel-MSE(coef) 8.679e-03  [237s]
   head[n512_plain] step  21000/100000  rel-MSE(coef) 8.387e-03  [249s]
   head[n512_plain] step  22000/100000  rel-MSE(coef) 9.739e-03  [262s]
   head[n512_plain] step  23000/100000  rel-MSE(coef) 7.982e-03  [274s]
   head[n512_plain] step  24000/100000  rel-MSE(coef) 7.900e-03  [286s]
   head[n512_plain] step  25000/100000  rel-MSE(coef) 7.632e-03  [298s]
   head[n512_plain] step  26000/100000  rel-MSE(coef) 7.363e-03  [311s]
   head[n512_plain] step  27000/100000  rel-MSE(coef) 7.492e-03  [323s]
   head[n512_plain] step  28000/100000  rel-MSE(coef) 7.571e-03  [335s]
   head[n512_plain] step  29000/100000  rel-MSE(coef) 6.948e-03  [347s]
   head[n512_plain] step  30000/100000  rel-MSE(coef) 6.714e-03  [359s]
   head[n512_plain] step  31000/100000  rel-MSE(coef) 7.631e-03  [372s]
   head[n512_plain] step  32000/100000  rel-MSE(coef) 6.605e-03  [384s]
   head[n512_plain] step  33000/100000  rel-MSE(coef) 6.550e-03  [395s]
   head[n512_plain] step  34000/100000  rel-MSE(coef) 6.157e-03  [407s]
   head[n512_plain] step  35000/100000  rel-MSE(coef) 6.200e-03  [418s]
   head[n512_plain] step  36000/100000  rel-MSE(coef) 6.393e-03  [430s]
   head[n512_plain] step  37000/100000  rel-MSE(coef) 5.987e-03  [441s]
   head[n512_plain] step  38000/100000  rel-MSE(coef) 5.744e-03  [453s]
   head[n512_plain] step  39000/100000  rel-MSE(coef) 5.655e-03  [464s]
   head[n512_plain] step  40000/100000  rel-MSE(coef) 5.680e-03  [477s]
   head[n512_plain] step  41000/100000  rel-MSE(coef) 6.027e-03  [490s]
   head[n512_plain] step  42000/100000  rel-MSE(coef) 5.577e-03  [503s]
   head[n512_plain] step  43000/100000  rel-MSE(coef) 5.385e-03  [515s]
   head[n512_plain] step  44000/100000  rel-MSE(coef) 5.578e-03  [528s]
   head[n512_plain] step  45000/100000  rel-MSE(coef) 5.587e-03  [540s]
   head[n512_plain] step  46000/100000  rel-MSE(coef) 5.296e-03  [551s]
   head[n512_plain] step  47000/100000  rel-MSE(coef) 5.073e-03  [563s]
   head[n512_plain] step  48000/100000  rel-MSE(coef) 5.373e-03  [575s]
   head[n512_plain] step  49000/100000  rel-MSE(coef) 4.960e-03  [586s]
   head[n512_plain] step  50000/100000  rel-MSE(coef) 4.954e-03  [598s]
   head[n512_plain] step  51000/100000  rel-MSE(coef) 4.864e-03  [610s]
   head[n512_plain] step  52000/100000  rel-MSE(coef) 4.892e-03  [622s]
   head[n512_plain] step  53000/100000  rel-MSE(coef) 4.840e-03  [634s]
   head[n512_plain] step  54000/100000  rel-MSE(coef) 4.713e-03  [645s]
   head[n512_plain] step  55000/100000  rel-MSE(coef) 4.757e-03  [657s]
   head[n512_plain] step  56000/100000  rel-MSE(coef) 4.640e-03  [669s]
   head[n512_plain] step  57000/100000  rel-MSE(coef) 4.552e-03  [681s]
   head[n512_plain] step  58000/100000  rel-MSE(coef) 4.584e-03  [693s]
   head[n512_plain] step  59000/100000  rel-MSE(coef) 4.708e-03  [704s]
   head[n512_plain] step  60000/100000  rel-MSE(coef) 4.459e-03  [716s]
   head[n512_plain] step  61000/100000  rel-MSE(coef) 4.431e-03  [728s]
   head[n512_plain] step  62000/100000  rel-MSE(coef) 4.473e-03  [740s]
   head[n512_plain] step  63000/100000  rel-MSE(coef) 4.446e-03  [752s]
   head[n512_plain] step  64000/100000  rel-MSE(coef) 4.398e-03  [764s]
   head[n512_plain] step  65000/100000  rel-MSE(coef) 4.343e-03  [776s]
   head[n512_plain] step  66000/100000  rel-MSE(coef) 4.283e-03  [789s]
   head[n512_plain] step  67000/100000  rel-MSE(coef) 4.291e-03  [801s]
   head[n512_plain] step  68000/100000  rel-MSE(coef) 4.431e-03  [814s]
   head[n512_plain] step  69000/100000  rel-MSE(coef) 4.181e-03  [827s]
   head[n512_plain] step  70000/100000  rel-MSE(coef) 4.161e-03  [839s]
   head[n512_plain] step  71000/100000  rel-MSE(coef) 4.195e-03  [851s]
   head[n512_plain] step  72000/100000  rel-MSE(coef) 4.197e-03  [863s]
   head[n512_plain] step  73000/100000  rel-MSE(coef) 4.126e-03  [875s]
   head[n512_plain] step  74000/100000  rel-MSE(coef) 4.063e-03  [887s]
   head[n512_plain] step  75000/100000  rel-MSE(coef) 4.083e-03  [898s]
   head[n512_plain] step  76000/100000  rel-MSE(coef) 4.032e-03  [910s]
   head[n512_plain] step  77000/100000  rel-MSE(coef) 3.999e-03  [922s]
   head[n512_plain] step  78000/100000  rel-MSE(coef) 4.003e-03  [934s]
   head[n512_plain] step  79000/100000  rel-MSE(coef) 3.970e-03  [946s]
   head[n512_plain] step  80000/100000  rel-MSE(coef) 3.958e-03  [958s]
   head[n512_plain] step  81000/100000  rel-MSE(coef) 3.938e-03  [969s]
   head[n512_plain] step  82000/100000  rel-MSE(coef) 3.918e-03  [981s]
   head[n512_plain] step  83000/100000  rel-MSE(coef) 3.896e-03  [993s]
   head[n512_plain] step  84000/100000  rel-MSE(coef) 3.881e-03  [1005s]
   head[n512_plain] step  85000/100000  rel-MSE(coef) 3.866e-03  [1017s]
   head[n512_plain] step  86000/100000  rel-MSE(coef) 3.855e-03  [1029s]
   head[n512_plain] step  87000/100000  rel-MSE(coef) 3.837e-03  [1040s]
   head[n512_plain] step  88000/100000  rel-MSE(coef) 3.822e-03  [1052s]
   head[n512_plain] step  89000/100000  rel-MSE(coef) 3.808e-03  [1064s]
   head[n512_plain] step  90000/100000  rel-MSE(coef) 3.798e-03  [1076s]
   head[n512_plain] step  91000/100000  rel-MSE(coef) 3.784e-03  [1088s]
   head[n512_plain] step  92000/100000  rel-MSE(coef) 3.770e-03  [1100s]
   head[n512_plain] step  93000/100000  rel-MSE(coef) 3.758e-03  [1111s]
   head[n512_plain] step  94000/100000  rel-MSE(coef) 3.747e-03  [1123s]
   head[n512_plain] step  95000/100000  rel-MSE(coef) 3.736e-03  [1135s]
   head[n512_plain] step  96000/100000  rel-MSE(coef) 3.725e-03  [1147s]
   head[n512_plain] step  97000/100000  rel-MSE(coef) 3.714e-03  [1159s]
   head[n512_plain] step  98000/100000  rel-MSE(coef) 3.703e-03  [1171s]
   head[n512_plain] step  99000/100000  rel-MSE(coef) 3.693e-03  [1182s]
   head[n512_plain] step 100000/100000  rel-MSE(coef) 3.683e-03  [1194s]
ARM n512_plain: dev-report oracle 1.9828e-01 (POD-16 2.2773e-01, ratio 1.149) train-oracle 4.8056e-02 recon 6.2146e-02 best_step 100000 [1228s]
   head[n512_reg] step      1/100000  rel-MSE(coef) 1.222e+00  [1s]
   head[n512_reg] step   1000/100000  rel-MSE(coef) 6.964e-02  [8s]
   head[n512_reg] step   2000/100000  rel-MSE(coef) 3.862e-02  [18s]
   head[n512_reg] step   3000/100000  rel-MSE(coef) 2.991e-02  [28s]
   head[n512_reg] step   4000/100000  rel-MSE(coef) 2.395e-02  [39s]
   head[n512_reg] step   5000/100000  rel-MSE(coef) 2.136e-02  [51s]
   head[n512_reg] eval step 5000: select-oracle median 2.1719e-01
   head[n512_reg] step   6000/100000  rel-MSE(coef) 1.838e-02  [66s]
   head[n512_reg] step   7000/100000  rel-MSE(coef) 1.747e-02  [77s]
   head[n512_reg] step   8000/100000  rel-MSE(coef) 1.612e-02  [88s]
   head[n512_reg] step   9000/100000  rel-MSE(coef) 1.690e-02  [100s]
   head[n512_reg] step  10000/100000  rel-MSE(coef) 1.427e-02  [112s]
   head[n512_reg] eval step 10000: select-oracle median 2.1115e-01
   head[n512_reg] step  11000/100000  rel-MSE(coef) 1.290e-02  [126s]
   head[n512_reg] step  12000/100000  rel-MSE(coef) 1.270e-02  [138s]
   head[n512_reg] step  13000/100000  rel-MSE(coef) 1.158e-02  [150s]
   head[n512_reg] step  14000/100000  rel-MSE(coef) 1.231e-02  [162s]
   head[n512_reg] step  15000/100000  rel-MSE(coef) 1.055e-02  [174s]
   head[n512_reg] eval step 15000: select-oracle median 2.1552e-01
   head[n512_reg] step  16000/100000  rel-MSE(coef) 9.999e-03  [187s]
   head[n512_reg] step  17000/100000  rel-MSE(coef) 9.686e-03  [198s]
   head[n512_reg] step  18000/100000  rel-MSE(coef) 1.085e-02  [209s]
   head[n512_reg] step  19000/100000  rel-MSE(coef) 9.052e-03  [221s]
   head[n512_reg] step  20000/100000  rel-MSE(coef) 8.931e-03  [233s]
   head[n512_reg] eval step 20000: select-oracle median 2.1330e-01
   head[n512_reg] step  21000/100000  rel-MSE(coef) 1.002e-02  [246s]
   head[n512_reg] step  22000/100000  rel-MSE(coef) 8.154e-03  [257s]
   head[n512_reg] step  23000/100000  rel-MSE(coef) 8.082e-03  [269s]
   head[n512_reg] step  24000/100000  rel-MSE(coef) 8.205e-03  [281s]
   head[n512_reg] step  25000/100000  rel-MSE(coef) 7.624e-03  [293s]
   head[n512_reg] eval step 25000: select-oracle median 2.1131e-01
   head[n512_reg] step  26000/100000  rel-MSE(coef) 7.414e-03  [306s]
   head[n512_reg] step  27000/100000  rel-MSE(coef) 7.081e-03  [318s]
   head[n512_reg] step  28000/100000  rel-MSE(coef) 7.295e-03  [329s]
   head[n512_reg] step  29000/100000  rel-MSE(coef) 7.130e-03  [341s]
   head[n512_reg] step  30000/100000  rel-MSE(coef) 6.881e-03  [352s]
   head[n512_reg] eval step 30000: select-oracle median 2.0955e-01
   head[n512_reg] step  31000/100000  rel-MSE(coef) 6.506e-03  [366s]
   head[n512_reg] step  32000/100000  rel-MSE(coef) 6.411e-03  [378s]
   head[n512_reg] step  33000/100000  rel-MSE(coef) 6.679e-03  [389s]
   head[n512_reg] step  34000/100000  rel-MSE(coef) 6.362e-03  [401s]
   head[n512_reg] step  35000/100000  rel-MSE(coef) 6.054e-03  [412s]
   head[n512_reg] eval step 35000: select-oracle median 2.1194e-01
   head[n512_reg] step  36000/100000  rel-MSE(coef) 6.234e-03  [427s]
   head[n512_reg] step  37000/100000  rel-MSE(coef) 6.199e-03  [439s]
   head[n512_reg] step  38000/100000  rel-MSE(coef) 5.920e-03  [451s]
   head[n512_reg] step  39000/100000  rel-MSE(coef) 6.023e-03  [464s]
   head[n512_reg] step  40000/100000  rel-MSE(coef) 6.668e-03  [476s]
   head[n512_reg] eval step 40000: select-oracle median 2.1197e-01
   head[n512_reg] step  41000/100000  rel-MSE(coef) 5.831e-03  [488s]
   head[n512_reg] step  42000/100000  rel-MSE(coef) 5.417e-03  [499s]
   head[n512_reg] step  43000/100000  rel-MSE(coef) 5.665e-03  [511s]
   head[n512_reg] step  44000/100000  rel-MSE(coef) 5.315e-03  [523s]
   head[n512_reg] step  45000/100000  rel-MSE(coef) 5.597e-03  [535s]
   head[n512_reg] eval step 45000: select-oracle median 2.1139e-01
   head[n512_reg] step  46000/100000  rel-MSE(coef) 5.442e-03  [548s]
   head[n512_reg] step  47000/100000  rel-MSE(coef) 5.193e-03  [559s]
   head[n512_reg] step  48000/100000  rel-MSE(coef) 5.178e-03  [570s]
   head[n512_reg] step  49000/100000  rel-MSE(coef) 4.955e-03  [582s]
   head[n512_reg] step  50000/100000  rel-MSE(coef) 5.012e-03  [594s]
   head[n512_reg] eval step 50000: select-oracle median 2.1269e-01
   head[n512_reg] step  51000/100000  rel-MSE(coef) 4.931e-03  [608s]
   head[n512_reg] step  52000/100000  rel-MSE(coef) 4.917e-03  [620s]
   head[n512_reg] step  53000/100000  rel-MSE(coef) 4.808e-03  [632s]
   head[n512_reg] step  54000/100000  rel-MSE(coef) 4.804e-03  [644s]
   head[n512_reg] step  55000/100000  rel-MSE(coef) 4.918e-03  [655s]
   head[n512_reg] eval step 55000: select-oracle median 2.1447e-01
   head[n512_reg] step  56000/100000  rel-MSE(coef) 4.688e-03  [668s]
   head[n512_reg] step  57000/100000  rel-MSE(coef) 4.652e-03  [679s]
   head[n512_reg] step  58000/100000  rel-MSE(coef) 4.540e-03  [691s]
   head[n512_reg] step  59000/100000  rel-MSE(coef) 4.496e-03  [702s]
   head[n512_reg] step  60000/100000  rel-MSE(coef) 4.558e-03  [714s]
   head[n512_reg] eval step 60000: select-oracle median 2.1345e-01
   head[n512_reg] step  61000/100000  rel-MSE(coef) 4.454e-03  [728s]
   head[n512_reg] step  62000/100000  rel-MSE(coef) 4.635e-03  [740s]
   head[n512_reg] step  63000/100000  rel-MSE(coef) 4.400e-03  [751s]
   head[n512_reg] step  64000/100000  rel-MSE(coef) 4.358e-03  [763s]
   head[n512_reg] step  65000/100000  rel-MSE(coef) 4.307e-03  [775s]
   head[n512_reg] eval step 65000: select-oracle median 2.1299e-01
   head[n512_reg] step  66000/100000  rel-MSE(coef) 4.361e-03  [788s]
   head[n512_reg] step  67000/100000  rel-MSE(coef) 4.386e-03  [800s]
   head[n512_reg] step  68000/100000  rel-MSE(coef) 4.296e-03  [812s]
   head[n512_reg] step  69000/100000  rel-MSE(coef) 4.279e-03  [824s]
   head[n512_reg] step  70000/100000  rel-MSE(coef) 4.182e-03  [836s]
   head[n512_reg] eval step 70000: select-oracle median 2.1258e-01
   head[n512_reg] step  71000/100000  rel-MSE(coef) 4.149e-03  [849s]
   head[n512_reg] step  72000/100000  rel-MSE(coef) 4.122e-03  [861s]
   head[n512_reg] step  73000/100000  rel-MSE(coef) 4.143e-03  [872s]
   head[n512_reg] step  74000/100000  rel-MSE(coef) 4.089e-03  [884s]
   head[n512_reg] step  75000/100000  rel-MSE(coef) 4.049e-03  [896s]
   head[n512_reg] eval step 75000: select-oracle median 2.1381e-01
   head[n512_reg] step  76000/100000  rel-MSE(coef) 4.016e-03  [909s]
   head[n512_reg] step  77000/100000  rel-MSE(coef) 3.999e-03  [921s]
   head[n512_reg] step  78000/100000  rel-MSE(coef) 3.982e-03  [933s]
   head[n512_reg] step  79000/100000  rel-MSE(coef) 3.958e-03  [945s]
   head[n512_reg] step  80000/100000  rel-MSE(coef) 3.944e-03  [957s]
   head[n512_reg] eval step 80000: select-oracle median 2.1618e-01
   head[n512_reg] step  81000/100000  rel-MSE(coef) 3.927e-03  [970s]
   head[n512_reg] step  82000/100000  rel-MSE(coef) 3.910e-03  [982s]
   head[n512_reg] step  83000/100000  rel-MSE(coef) 3.894e-03  [993s]
   head[n512_reg] step  84000/100000  rel-MSE(coef) 3.887e-03  [1005s]
   head[n512_reg] step  85000/100000  rel-MSE(coef) 3.877e-03  [1016s]
   head[n512_reg] eval step 85000: select-oracle median 2.1545e-01
   head[n512_reg] step  86000/100000  rel-MSE(coef) 3.852e-03  [1030s]
   head[n512_reg] step  87000/100000  rel-MSE(coef) 3.846e-03  [1042s]
   head[n512_reg] step  88000/100000  rel-MSE(coef) 3.823e-03  [1054s]
   head[n512_reg] step  89000/100000  rel-MSE(coef) 3.809e-03  [1065s]
   head[n512_reg] step  90000/100000  rel-MSE(coef) 3.797e-03  [1077s]
   head[n512_reg] eval step 90000: select-oracle median 2.1434e-01
   head[n512_reg] step  91000/100000  rel-MSE(coef) 3.784e-03  [1090s]
   head[n512_reg] step  92000/100000  rel-MSE(coef) 3.772e-03  [1102s]
   head[n512_reg] step  93000/100000  rel-MSE(coef) 3.759e-03  [1113s]
   head[n512_reg] step  94000/100000  rel-MSE(coef) 3.748e-03  [1125s]
   head[n512_reg] step  95000/100000  rel-MSE(coef) 3.736e-03  [1138s]
   head[n512_reg] eval step 95000: select-oracle median 2.1401e-01
   head[n512_reg] step  96000/100000  rel-MSE(coef) 3.725e-03  [1151s]
   head[n512_reg] step  97000/100000  rel-MSE(coef) 3.714e-03  [1162s]
   head[n512_reg] step  98000/100000  rel-MSE(coef) 3.704e-03  [1173s]
   head[n512_reg] step  99000/100000  rel-MSE(coef) 3.693e-03  [1185s]
   head[n512_reg] step 100000/100000  rel-MSE(coef) 3.684e-03  [1196s]
   head[n512_reg] eval step 100000: select-oracle median 2.1275e-01
ARM n512_reg: dev-report oracle 1.9389e-01 (POD-16 2.2773e-01, ratio 1.174) train-oracle 6.2857e-02 recon 8.1384e-02 best_step 30000 [1232s]
   head[n512_reg_small] step      1/100000  rel-MSE(coef) 1.264e+00  [5s]
   head[n512_reg_small] step   1000/100000  rel-MSE(coef) 1.011e-01  [6s]
   head[n512_reg_small] step   2000/100000  rel-MSE(coef) 6.680e-02  [7s]
   head[n512_reg_small] step   3000/100000  rel-MSE(coef) 5.432e-02  [8s]
   head[n512_reg_small] step   4000/100000  rel-MSE(coef) 4.771e-02  [10s]
   head[n512_reg_small] step   5000/100000  rel-MSE(coef) 4.428e-02  [11s]
   head[n512_reg_small] eval step 5000: select-oracle median 2.2093e-01
   head[n512_reg_small] step   6000/100000  rel-MSE(coef) 4.214e-02  [17s]
   head[n512_reg_small] step   7000/100000  rel-MSE(coef) 4.070e-02  [18s]
   head[n512_reg_small] step   8000/100000  rel-MSE(coef) 3.944e-02  [19s]
   head[n512_reg_small] step   9000/100000  rel-MSE(coef) 3.851e-02  [21s]
   head[n512_reg_small] step  10000/100000  rel-MSE(coef) 3.800e-02  [22s]
   head[n512_reg_small] eval step 10000: select-oracle median 2.1920e-01
   head[n512_reg_small] step  11000/100000  rel-MSE(coef) 3.730e-02  [26s]
   head[n512_reg_small] step  12000/100000  rel-MSE(coef) 3.675e-02  [27s]
   head[n512_reg_small] step  13000/100000  rel-MSE(coef) 3.631e-02  [29s]
   head[n512_reg_small] step  14000/100000  rel-MSE(coef) 3.598e-02  [30s]
   head[n512_reg_small] step  15000/100000  rel-MSE(coef) 3.565e-02  [32s]
   head[n512_reg_small] eval step 15000: select-oracle median 2.1969e-01
   head[n512_reg_small] step  16000/100000  rel-MSE(coef) 3.544e-02  [36s]
   head[n512_reg_small] step  17000/100000  rel-MSE(coef) 3.537e-02  [37s]
   head[n512_reg_small] step  18000/100000  rel-MSE(coef) 3.494e-02  [39s]
   head[n512_reg_small] step  19000/100000  rel-MSE(coef) 3.470e-02  [41s]
   head[n512_reg_small] step  20000/100000  rel-MSE(coef) 3.458e-02  [43s]
   head[n512_reg_small] eval step 20000: select-oracle median 2.1909e-01
   head[n512_reg_small] step  21000/100000  rel-MSE(coef) 3.476e-02  [46s]
   head[n512_reg_small] step  22000/100000  rel-MSE(coef) 3.420e-02  [48s]
   head[n512_reg_small] step  23000/100000  rel-MSE(coef) 3.407e-02  [50s]
   head[n512_reg_small] step  24000/100000  rel-MSE(coef) 3.396e-02  [51s]
   head[n512_reg_small] step  25000/100000  rel-MSE(coef) 3.406e-02  [53s]
   head[n512_reg_small] eval step 25000: select-oracle median 2.1876e-01
   head[n512_reg_small] step  26000/100000  rel-MSE(coef) 3.366e-02  [57s]
   head[n512_reg_small] step  27000/100000  rel-MSE(coef) 3.388e-02  [59s]
   head[n512_reg_small] step  28000/100000  rel-MSE(coef) 3.350e-02  [61s]
   head[n512_reg_small] step  29000/100000  rel-MSE(coef) 3.332e-02  [63s]
   head[n512_reg_small] step  30000/100000  rel-MSE(coef) 3.328e-02  [64s]
   head[n512_reg_small] eval step 30000: select-oracle median 2.1938e-01
   head[n512_reg_small] step  31000/100000  rel-MSE(coef) 3.313e-02  [68s]
   head[n512_reg_small] step  32000/100000  rel-MSE(coef) 3.306e-02  [70s]
   head[n512_reg_small] step  33000/100000  rel-MSE(coef) 3.307e-02  [72s]
   head[n512_reg_small] step  34000/100000  rel-MSE(coef) 3.297e-02  [74s]
   head[n512_reg_small] step  35000/100000  rel-MSE(coef) 3.280e-02  [76s]
   head[n512_reg_small] eval step 35000: select-oracle median 2.1827e-01
   head[n512_reg_small] step  36000/100000  rel-MSE(coef) 3.283e-02  [80s]
   head[n512_reg_small] step  37000/100000  rel-MSE(coef) 3.267e-02  [82s]
   head[n512_reg_small] step  38000/100000  rel-MSE(coef) 3.256e-02  [84s]
   head[n512_reg_small] step  39000/100000  rel-MSE(coef) 3.260e-02  [86s]
   head[n512_reg_small] step  40000/100000  rel-MSE(coef) 3.243e-02  [88s]
   head[n512_reg_small] eval step 40000: select-oracle median 2.1706e-01
   head[n512_reg_small] step  41000/100000  rel-MSE(coef) 3.244e-02  [92s]
   head[n512_reg_small] step  42000/100000  rel-MSE(coef) 3.232e-02  [94s]
   head[n512_reg_small] step  43000/100000  rel-MSE(coef) 3.245e-02  [95s]
   head[n512_reg_small] step  44000/100000  rel-MSE(coef) 3.224e-02  [97s]
   head[n512_reg_small] step  45000/100000  rel-MSE(coef) 3.227e-02  [99s]
   head[n512_reg_small] eval step 45000: select-oracle median 2.1591e-01
   head[n512_reg_small] step  46000/100000  rel-MSE(coef) 3.216e-02  [103s]
   head[n512_reg_small] step  47000/100000  rel-MSE(coef) 3.216e-02  [105s]
   head[n512_reg_small] step  48000/100000  rel-MSE(coef) 3.203e-02  [107s]
   head[n512_reg_small] step  49000/100000  rel-MSE(coef) 3.200e-02  [109s]
   head[n512_reg_small] step  50000/100000  rel-MSE(coef) 3.196e-02  [111s]
   head[n512_reg_small] eval step 50000: select-oracle median 2.1713e-01
   head[n512_reg_small] step  51000/100000  rel-MSE(coef) 3.204e-02  [115s]
   head[n512_reg_small] step  52000/100000  rel-MSE(coef) 3.188e-02  [117s]
   head[n512_reg_small] step  53000/100000  rel-MSE(coef) 3.203e-02  [119s]
   head[n512_reg_small] step  54000/100000  rel-MSE(coef) 3.183e-02  [121s]
   head[n512_reg_small] step  55000/100000  rel-MSE(coef) 3.176e-02  [123s]
   head[n512_reg_small] eval step 55000: select-oracle median 2.1760e-01
   head[n512_reg_small] step  56000/100000  rel-MSE(coef) 3.172e-02  [126s]
   head[n512_reg_small] step  57000/100000  rel-MSE(coef) 3.170e-02  [128s]
   head[n512_reg_small] step  58000/100000  rel-MSE(coef) 3.172e-02  [130s]
   head[n512_reg_small] step  59000/100000  rel-MSE(coef) 3.169e-02  [132s]
   head[n512_reg_small] step  60000/100000  rel-MSE(coef) 3.160e-02  [134s]
   head[n512_reg_small] eval step 60000: select-oracle median 2.1896e-01
   head[n512_reg_small] step  61000/100000  rel-MSE(coef) 3.157e-02  [138s]
   head[n512_reg_small] step  62000/100000  rel-MSE(coef) 3.153e-02  [140s]
   head[n512_reg_small] step  63000/100000  rel-MSE(coef) 3.150e-02  [142s]
   head[n512_reg_small] step  64000/100000  rel-MSE(coef) 3.147e-02  [144s]
   head[n512_reg_small] step  65000/100000  rel-MSE(coef) 3.146e-02  [146s]
   head[n512_reg_small] eval step 65000: select-oracle median 2.1985e-01
   head[n512_reg_small] step  66000/100000  rel-MSE(coef) 3.147e-02  [149s]
   head[n512_reg_small] step  67000/100000  rel-MSE(coef) 3.139e-02  [151s]
   head[n512_reg_small] step  68000/100000  rel-MSE(coef) 3.136e-02  [153s]
   head[n512_reg_small] step  69000/100000  rel-MSE(coef) 3.134e-02  [155s]
   head[n512_reg_small] step  70000/100000  rel-MSE(coef) 3.133e-02  [157s]
   head[n512_reg_small] eval step 70000: select-oracle median 2.1965e-01
   head[n512_reg_small] step  71000/100000  rel-MSE(coef) 3.129e-02  [161s]
   head[n512_reg_small] step  72000/100000  rel-MSE(coef) 3.130e-02  [163s]
   head[n512_reg_small] step  73000/100000  rel-MSE(coef) 3.125e-02  [165s]
   head[n512_reg_small] step  74000/100000  rel-MSE(coef) 3.122e-02  [167s]
   head[n512_reg_small] step  75000/100000  rel-MSE(coef) 3.120e-02  [169s]
   head[n512_reg_small] eval step 75000: select-oracle median 2.1915e-01
   head[n512_reg_small] step  76000/100000  rel-MSE(coef) 3.118e-02  [173s]
   head[n512_reg_small] step  77000/100000  rel-MSE(coef) 3.116e-02  [175s]
   head[n512_reg_small] step  78000/100000  rel-MSE(coef) 3.115e-02  [177s]
   head[n512_reg_small] step  79000/100000  rel-MSE(coef) 3.111e-02  [179s]
   head[n512_reg_small] step  80000/100000  rel-MSE(coef) 3.109e-02  [181s]
   head[n512_reg_small] eval step 80000: select-oracle median 2.1902e-01
   head[n512_reg_small] step  81000/100000  rel-MSE(coef) 3.107e-02  [184s]
   head[n512_reg_small] step  82000/100000  rel-MSE(coef) 3.106e-02  [186s]
   head[n512_reg_small] step  83000/100000  rel-MSE(coef) 3.104e-02  [188s]
   head[n512_reg_small] step  84000/100000  rel-MSE(coef) 3.102e-02  [190s]
   head[n512_reg_small] step  85000/100000  rel-MSE(coef) 3.100e-02  [192s]
   head[n512_reg_small] eval step 85000: select-oracle median 2.1884e-01
   head[n512_reg_small] step  86000/100000  rel-MSE(coef) 3.098e-02  [196s]
   head[n512_reg_small] step  87000/100000  rel-MSE(coef) 3.097e-02  [198s]
   head[n512_reg_small] step  88000/100000  rel-MSE(coef) 3.095e-02  [200s]
   head[n512_reg_small] step  89000/100000  rel-MSE(coef) 3.094e-02  [202s]
   head[n512_reg_small] step  90000/100000  rel-MSE(coef) 3.092e-02  [204s]
   head[n512_reg_small] eval step 90000: select-oracle median 2.1884e-01
   head[n512_reg_small] step  91000/100000  rel-MSE(coef) 3.090e-02  [208s]
   head[n512_reg_small] step  92000/100000  rel-MSE(coef) 3.089e-02  [209s]
   head[n512_reg_small] step  93000/100000  rel-MSE(coef) 3.087e-02  [211s]
   head[n512_reg_small] step  94000/100000  rel-MSE(coef) 3.086e-02  [213s]
   head[n512_reg_small] step  95000/100000  rel-MSE(coef) 3.084e-02  [215s]
   head[n512_reg_small] eval step 95000: select-oracle median 2.1890e-01
   head[n512_reg_small] step  96000/100000  rel-MSE(coef) 3.083e-02  [219s]
   head[n512_reg_small] step  97000/100000  rel-MSE(coef) 3.081e-02  [221s]
   head[n512_reg_small] step  98000/100000  rel-MSE(coef) 3.080e-02  [223s]
   head[n512_reg_small] step  99000/100000  rel-MSE(coef) 3.079e-02  [225s]
   head[n512_reg_small] step 100000/100000  rel-MSE(coef) 3.077e-02  [227s]
   head[n512_reg_small] eval step 100000: select-oracle median 2.1905e-01
ARM n512_reg_small: dev-report oracle 2.0087e-01 (POD-16 2.2773e-01, ratio 1.134) train-oracle 1.2922e-01 recon 1.7336e-01 best_step 45000 [252s]
SUMMARY plain: oracle [0.274938   0.20688909 0.19827938] slope -0.23578584946983955 -> ambiguous
SUMMARY reg: oracle [0.26109533 0.21020361 0.19389245] slope -0.2146600095373429 -> ambiguous
SUMMARY reg_small: oracle [0.24658329 0.21343147 0.20087431] slope -0.14789096603317975 -> ambiguous
HEADFIT done in 6323s
ALL-DONE
