host=pax142 source_commit=4ba4d17f6b65e2d527546f3123591e038eedd5de
NVIDIA A100-PCIE-40GB, 40960 MiB
10.235.106.30:/projects/paralab  4.6T  4.2T  437G  91% /cluster/tufts/paralab
jax_backend=gpu
jax_backend=gpu x64=True precision=highest
REFERENCES done 9.9
CALIBRATE alpha 1e-08 data 0.00012607091937776244 drift 4.6518789182259655e-07
CALIBRATE alpha 3e-08 data 0.00012592348822987844 drift 1.393365099939958e-06
CALIBRATE alpha 1e-07 data 0.00012540902454543152 drift 4.614665214719352e-06
CALIBRATE alpha 3e-07 data 0.00012395237105171193 drift 1.3653092026155723e-05
CALIBRATE alpha 1e-06 data 0.00011900910284715318 drift 4.3953918059983426e-05
CALIBRATE alpha 3e-06 data 0.00010620921047589382 drift 0.00012241353962854674
CALIBRATE alpha 1e-05 data 7.510722808928659e-05 drift 0.0003254575311223061
CALIBRATE alpha 3e-05 data 4.380412851709995e-05 drift 0.0005480201360371958
CALIBRATE alpha 0.0001 data 3.734057163681164e-05 drift 0.0005778832699048077
CALIBRATED alpha 0.0001
MU-DIAG 1.0 0.0019386479890771023 0.1785495313148549
MU-DIAG 100.0 0.0004910282377425778 1.0509285359109672
MU-DIAG 1000.0 0.00013761838915491006 1.2841754377529009
MU-DIAG 10000.0 9.756361748032387e-05 5.218580896280879
MU-DIAG 100000.0 8.78924441013919e-05 36.53880512527099
MU-DIAG 1000000.0 8.671640410258352e-05 350.88352918346595
RECON n0 6.09263 drift 0.0 248.8
RECON v1_n1_muloose 6.47549 drift 0.0005877 252.6
RECON v1_n1_mutight 6.47549 drift 0.0005877 254.9
RECON v1_n2_muloose 5.61413 drift 0.00070496 258.6
RECON v1_n2_mutight 5.13117 drift 0.00017802 260.7
RECON v1_n4_muloose 4.74869 drift 0.00083131 264.4
RECON v1_n4_mutight 8.39319 drift 0.00044308 267.1
RECON v1_n8_muloose 4.01083 drift 0.00110163 269.1
RECON v1_n8_mutight 5.17818 drift 0.00024249 271.3
RECON v1_n16_muloose 3.39311 drift 0.0013569 274.9
RECON v1_n16_mutight 6.44349 drift 0.00021329 277.3
RECON v1_n32_muloose 2.81779 drift 0.00141311 279.4
RECON v1_n32_mutight 5.25449 drift 0.00011746 281.7
WARMUP 0.5
TIMED 0 357.3
TIMED 1 392.4
TIMED 2 427.7
GATE n0 vs pabl01 4.455423238183346e-15
HEAD REFINE POISSON COMPLETE
ALL-DONE
