\BOOKMARK [1][-]{section.1}{\376\377\000I\000n\000t\000r\000o\000d\000u\000c\000t\000i\000o\000n}{}% 1
\BOOKMARK [1][-]{section.2}{\376\377\000R\000e\000l\000a\000t\000e\000d\000\040\000W\000o\000r\000k}{}% 2
\BOOKMARK [1][-]{section.3}{\376\377\000M\000e\000t\000h\000o\000d\000o\000l\000o\000g\000y}{}% 3
\BOOKMARK [2][-]{subsection.3.1}{\376\377\000T\000r\000i\000a\000l\000\040\000M\000a\000n\000i\000f\000o\000l\000d\000\040\000w\000i\000t\000h\000\040\000E\000x\000a\000c\000t\000\040\000D\000i\000r\000i\000c\000h\000l\000e\000t\000\040\000E\000n\000f\000o\000r\000c\000e\000m\000e\000n\000t}{section.3}% 4
\BOOKMARK [2][-]{subsection.3.2}{\376\377\000P\000r\000o\000j\000e\000c\000t\000i\000n\000g\000\040\000t\000h\000e\000\040\000P\000D\000E\000\040\000o\000n\000t\000o\000\040\000t\000h\000e\000\040\000M\000a\000n\000i\000f\000o\000l\000d}{section.3}% 5
\BOOKMARK [2][-]{subsection.3.3}{\376\377\000H\000y\000p\000e\000r\000-\000r\000e\000d\000u\000c\000t\000i\000o\000n}{section.3}% 6
\BOOKMARK [2][-]{subsection.3.4}{\376\377\000M\000o\000d\000e\000l\000\040\000A\000r\000c\000h\000i\000t\000e\000c\000t\000u\000r\000e}{section.3}% 7
\BOOKMARK [1][-]{section.4}{\376\377\000I\000m\000p\000l\000e\000m\000e\000n\000t\000a\000t\000i\000o\000n}{}% 8
\BOOKMARK [2][-]{subsection.4.1}{\376\377\000M\000a\000t\000r\000i\000x\000-\000f\000r\000e\000e\000\040\000P\000r\000o\000j\000e\000c\000t\000e\000d\000\040\000O\000p\000e\000r\000a\000t\000o\000r\000s\000\040\000v\000i\000a\000\040\000J\000A\000X}{section.4}% 9
\BOOKMARK [2][-]{subsection.4.2}{\376\377\000T\000r\000a\000i\000n\000i\000n\000g\000\040\000P\000r\000o\000t\000o\000c\000o\000l}{section.4}% 10
\BOOKMARK [1][-]{section.5}{\376\377\000E\000x\000p\000e\000r\000i\000m\000e\000n\000t\000a\000l\000\040\000S\000e\000t\000u\000p\000\040\000a\000n\000d\000\040\000B\000e\000n\000c\000h\000m\000a\000r\000k\000\040\000P\000r\000o\000b\000l\000e\000m\000s}{}% 11
\BOOKMARK [1][-]{section.6}{\376\377\000N\000u\000m\000e\000r\000i\000c\000a\000l\000\040\000E\000x\000p\000e\000r\000i\000m\000e\000n\000t\000s\000\040\000a\000n\000d\000\040\000R\000e\000s\000u\000l\000t\000s}{}% 12
\BOOKMARK [2][-]{subsection.6.1}{\376\377\000A\000c\000c\000u\000r\000a\000c\000y\000\040\000a\000n\000d\000\040\000S\000p\000e\000e\000d\000\040\000a\000g\000a\000i\000n\000s\000t\000\040\000F\000u\000l\000l\000-\000O\000r\000d\000e\000r\000\040\000S\000o\000l\000v\000e\000r\000s}{section.6}% 13
\BOOKMARK [2][-]{subsection.6.2}{\376\377\000C\000o\000m\000p\000a\000r\000i\000s\000o\000n\000\040\000w\000i\000t\000h\000\040\000N\000e\000u\000r\000a\000l\000\040\000O\000p\000e\000r\000a\000t\000o\000r\000s\000\040\000a\000n\000d\000\040\000O\000t\000h\000e\000r\000\040\000R\000O\000M\000s}{section.6}% 14
\BOOKMARK [2][-]{subsection.6.3}{\376\377\000W\000h\000i\000c\000h\000\040\000K\000n\000o\000b\000\040\000t\000o\000\040\000T\000u\000r\000n}{section.6}% 15
\BOOKMARK [1][-]{section.7}{\376\377\000C\000o\000n\000c\000l\000u\000s\000i\000o\000n\000\040\000a\000n\000d\000\040\000F\000u\000t\000u\000r\000e\000\040\000W\000o\000r\000k}{}% 16
\BOOKMARK [1][-]{appendix.A}{\376\377\000M\000e\000t\000h\000o\000d\000\040\000d\000e\000t\000a\000i\000l\000s}{}% 17
\BOOKMARK [2][-]{subsection.A.1}{\376\377\000O\000r\000d\000e\000r\000i\000n\000g\000\040\000t\000h\000e\000\040\000b\000a\000n\000k}{appendix.A}% 18
\BOOKMARK [2][-]{subsection.A.2}{\376\377\000P\000o\000i\000s\000s\000o\000n}{appendix.A}% 19
\BOOKMARK [2][-]{subsection.A.3}{\376\377\000H\000e\000a\000t}{appendix.A}% 20
\BOOKMARK [2][-]{subsection.A.4}{\376\377\000B\000u\000r\000g\000e\000r\000s}{appendix.A}% 21
\BOOKMARK [2][-]{subsection.A.5}{\376\377\000N\000a\000v\000i\000e\000r\040\023\000S\000t\000o\000k\000e\000s}{appendix.A}% 22
\BOOKMARK [2][-]{subsection.A.6}{\376\377\000E\000m\000p\000i\000r\000i\000c\000a\000l\000\040\000q\000u\000a\000d\000r\000a\000t\000u\000r\000e}{appendix.A}% 23
\BOOKMARK [2][-]{subsection.A.7}{\376\377\000S\000o\000l\000v\000e\000r\000\040\000c\000o\000n\000s\000t\000a\000n\000t\000s}{appendix.A}% 24
\BOOKMARK [1][-]{appendix.B}{\376\377\000N\000e\000u\000r\000a\000l\000\040\000o\000p\000e\000r\000a\000t\000o\000r\000s}{}% 25
\BOOKMARK [1][-]{appendix.C}{\376\377\000E\000x\000p\000e\000r\000i\000m\000e\000n\000t\000a\000l\000\040\000c\000o\000n\000f\000i\000g\000u\000r\000a\000t\000i\000o\000n\000\040\000a\000n\000d\000\040\000r\000e\000p\000r\000o\000d\000u\000c\000i\000b\000i\000l\000i\000t\000y}{}% 26
\BOOKMARK [2][-]{subsection.C.1}{\376\377\000H\000e\000a\000d\000l\000i\000n\000e\000\040\000s\000e\000t\000t\000i\000n\000g\000s\000,\000\040\000t\000i\000m\000e\000s\000\040\000a\000n\000d\000\040\000t\000i\000m\000i\000n\000g\000\040\000p\000r\000o\000t\000o\000c\000o\000l}{appendix.C}% 27
\BOOKMARK [1][-]{appendix.D}{\376\377\000T\000u\000n\000a\000b\000i\000l\000i\000t\000y\000\040\000l\000a\000d\000d\000e\000r\000s}{}% 28
