COMMIT.txt: OK
PROVENANCE.json: OK
code/DESIGN.md: OK
code/audit.py: OK
code/cluster/collect.py: OK
code/cluster/stage.py: OK
code/common.py: OK
code/config.json: OK
code/frozen.py: OK
code/operators/README.md: OK
code/operators/__init__.py: OK
code/operators/extra_models3d.py: OK
code/operators/extra_smoke.py: OK
code/operators/extra_train_smoke.py: OK
code/operators/heat_adapter.py: OK
code/operators/models3d.py: OK
code/operators/smoke.py: OK
code/operators/train_smoke.py: OK
code/operators/training.py: OK
code/operators/upstream/LICENSE: OK
code/operators/upstream/PROVENANCE.json: OK
code/operators/upstream/Physics_Attention.py: OK
code/operators/upstream/prior_families.py: OK
code/rom.py: OK
code/run.py: OK
code/train.py: OK
inputs/tune02/ORIGIN.json: OK
inputs/tune02/bank.pkl: OK
inputs/tune02/bank_curve.json: OK
inputs/tune02/cohorts.json: OK
inputs/tune02/eq_N32_K16.npz: OK
inputs/tune02/eq_N32_K8.npz: OK
inputs/tune02/eq_N64_K16.npz: OK
inputs/tune02/eq_N64_K8.npz: OK
inputs/tune02/head_K16.pkl: OK
inputs/tune02/head_K16_curve.json: OK
inputs/tune02/head_K8.pkl: OK
inputs/tune02/head_K8_curve.json: OK
inputs/tune02/operators/fno3d_w16_m6/adapter.pkl: OK
inputs/tune02/operators/fno3d_w16_m6/best.pkl: OK
inputs/tune02/operators/fno3d_w16_m6/curve.json: OK
inputs/tune02/operators/fno3d_w16_m6/training.json: OK
inputs/tune02/operators/unet3d_w8/adapter.pkl: OK
inputs/tune02/operators/unet3d_w8/best.pkl: OK
inputs/tune02/operators/unet3d_w8/curve.json: OK
inputs/tune02/operators/unet3d_w8/training.json: OK
run.sbatch: OK
