E1008 17:34:09.918008 3602743 numa_hwloc.cc:121] Call to hwloc_set_cpubind() failed: Invalid argument [22]
jax_backend=gpu device=NVIDIA A100-PCIE-40GB arm=base sigma=4.0 lam=0.0 nodes=256 seed=0 steps=300000
   gen n=256: trajectories 64/576 worst FOM rel residual 9.95e-13 [22s]
   gen n=256: trajectories 128/576 worst FOM rel residual 1.00e-12 [36s]
   gen n=256: trajectories 192/576 worst FOM rel residual 1.00e-12 [51s]
   gen n=256: trajectories 256/576 worst FOM rel residual 1.00e-12 [65s]
   gen n=256: trajectories 320/576 worst FOM rel residual 1.00e-12 [78s]
   gen n=256: trajectories 384/576 worst FOM rel residual 1.00e-12 [91s]
   gen n=256: trajectories 448/576 worst FOM rel residual 1.00e-12 [104s]
   gen n=256: trajectories 512/576 worst FOM rel residual 1.00e-12 [119s]
   gen n=256: trajectories 576/576 worst FOM rel residual 1.00e-12 [132s]
  data: (16384, 64516) worst residual 1.00e-12 fingerprint {'sum': 200814620.48749176, 'sumsq': 102201588.76752055, 'shape': [576, 51, 65536]} sha fb95690ba87e
  FD-target uncertainty (D2 vs D4): {'median': 0.00038168134607796157, 'p90': 0.001606813072586792, 'max': 0.4636345655004941}
   R2a step 1: 2.402e+00 vs r3a 2.402e+00 match=True
   train2[base] step      1/300000  rel-MSE 2.402e+00  grad-rel-MSE 0.000e+00  [46s]
   R2a step 5000: 3.003e-03 vs r3a 2.125e-03 match=False
   train2[base] step   5000/300000  rel-MSE 3.003e-03  grad-rel-MSE 0.000e+00  [177s]
   train2[base] step  10000/300000  rel-MSE 6.579e-04  grad-rel-MSE 0.000e+00  [310s]
   train2[base] step  15000/300000  rel-MSE 1.583e-03  grad-rel-MSE 0.000e+00  [443s]
   train2[base] step  20000/300000  rel-MSE 6.341e-04  grad-rel-MSE 0.000e+00  [575s]
   train2[base] step  25000/300000  rel-MSE 2.054e-03  grad-rel-MSE 0.000e+00  [707s]
   train2[base] step  30000/300000  rel-MSE 5.393e-04  grad-rel-MSE 0.000e+00  [840s]
   train2[base] step  35000/300000  rel-MSE 3.152e-04  grad-rel-MSE 0.000e+00  [972s]
   train2[base] step  40000/300000  rel-MSE 6.014e-04  grad-rel-MSE 0.000e+00  [1104s]
   train2[base] step  45000/300000  rel-MSE 2.980e-04  grad-rel-MSE 0.000e+00  [1237s]
   train2[base] step  50000/300000  rel-MSE 2.278e-04  grad-rel-MSE 0.000e+00  [1369s]
   train2[base] step  55000/300000  rel-MSE 1.459e-04  grad-rel-MSE 0.000e+00  [1501s]
   train2[base] step  60000/300000  rel-MSE 1.254e-04  grad-rel-MSE 0.000e+00  [1634s]
   train2[base] step  65000/300000  rel-MSE 3.389e-04  grad-rel-MSE 0.000e+00  [1766s]
   train2[base] step  70000/300000  rel-MSE 3.176e-04  grad-rel-MSE 0.000e+00  [1898s]
   train2[base] step  75000/300000  rel-MSE 1.591e-04  grad-rel-MSE 0.000e+00  [2031s]
   train2[base] step  80000/300000  rel-MSE 1.199e-04  grad-rel-MSE 0.000e+00  [2163s]
   train2[base] step  85000/300000  rel-MSE 1.383e-04  grad-rel-MSE 0.000e+00  [2295s]
   train2[base] step  90000/300000  rel-MSE 2.067e-04  grad-rel-MSE 0.000e+00  [2428s]
   train2[base] step  95000/300000  rel-MSE 9.949e-05  grad-rel-MSE 0.000e+00  [2560s]
   train2[base] step 100000/300000  rel-MSE 7.371e-05  grad-rel-MSE 0.000e+00  [2693s]
   train2[base] step 105000/300000  rel-MSE 1.124e-04  grad-rel-MSE 0.000e+00  [2825s]
   train2[base] step 110000/300000  rel-MSE 9.339e-05  grad-rel-MSE 0.000e+00  [2958s]
   train2[base] step 115000/300000  rel-MSE 6.335e-05  grad-rel-MSE 0.000e+00  [3090s]
   train2[base] step 120000/300000  rel-MSE 7.651e-05  grad-rel-MSE 0.000e+00  [3222s]
   train2[base] step 125000/300000  rel-MSE 1.020e-04  grad-rel-MSE 0.000e+00  [3355s]
   train2[base] step 130000/300000  rel-MSE 6.047e-05  grad-rel-MSE 0.000e+00  [3487s]
   train2[base] step 135000/300000  rel-MSE 4.971e-05  grad-rel-MSE 0.000e+00  [3619s]
   train2[base] step 140000/300000  rel-MSE 6.905e-05  grad-rel-MSE 0.000e+00  [3752s]
   train2[base] step 145000/300000  rel-MSE 4.900e-05  grad-rel-MSE 0.000e+00  [3884s]
   train2[base] step 150000/300000  rel-MSE 4.770e-05  grad-rel-MSE 0.000e+00  [4017s]
   train2[base] step 155000/300000  rel-MSE 4.371e-05  grad-rel-MSE 0.000e+00  [4149s]
   train2[base] step 160000/300000  rel-MSE 4.921e-05  grad-rel-MSE 0.000e+00  [4282s]
   train2[base] step 165000/300000  rel-MSE 4.899e-05  grad-rel-MSE 0.000e+00  [4414s]
   train2[base] step 170000/300000  rel-MSE 3.908e-05  grad-rel-MSE 0.000e+00  [4546s]
   train2[base] step 175000/300000  rel-MSE 4.414e-05  grad-rel-MSE 0.000e+00  [4679s]
   train2[base] step 180000/300000  rel-MSE 4.203e-05  grad-rel-MSE 0.000e+00  [4811s]
   train2[base] step 185000/300000  rel-MSE 3.714e-05  grad-rel-MSE 0.000e+00  [4943s]
   train2[base] step 190000/300000  rel-MSE 3.946e-05  grad-rel-MSE 0.000e+00  [5076s]
   train2[base] step 195000/300000  rel-MSE 3.772e-05  grad-rel-MSE 0.000e+00  [5208s]
   train2[base] step 200000/300000  rel-MSE 3.905e-05  grad-rel-MSE 0.000e+00  [5341s]
   train2[base] step 205000/300000  rel-MSE 3.777e-05  grad-rel-MSE 0.000e+00  [5473s]
   train2[base] step 210000/300000  rel-MSE 3.592e-05  grad-rel-MSE 0.000e+00  [5605s]
   train2[base] step 215000/300000  rel-MSE 3.533e-05  grad-rel-MSE 0.000e+00  [5738s]
   train2[base] step 220000/300000  rel-MSE 3.796e-05  grad-rel-MSE 0.000e+00  [5870s]
   train2[base] step 225000/300000  rel-MSE 3.572e-05  grad-rel-MSE 0.000e+00  [6002s]
   train2[base] step 230000/300000  rel-MSE 3.390e-05  grad-rel-MSE 0.000e+00  [6135s]
   train2[base] step 235000/300000  rel-MSE 3.342e-05  grad-rel-MSE 0.000e+00  [6267s]
   train2[base] step 240000/300000  rel-MSE 3.351e-05  grad-rel-MSE 0.000e+00  [6399s]
   train2[base] step 245000/300000  rel-MSE 3.322e-05  grad-rel-MSE 0.000e+00  [6532s]
   train2[base] step 250000/300000  rel-MSE 3.315e-05  grad-rel-MSE 0.000e+00  [6664s]
   train2[base] step 255000/300000  rel-MSE 3.266e-05  grad-rel-MSE 0.000e+00  [6796s]
   train2[base] step 260000/300000  rel-MSE 3.183e-05  grad-rel-MSE 0.000e+00  [6929s]
   train2[base] step 265000/300000  rel-MSE 3.217e-05  grad-rel-MSE 0.000e+00  [7061s]
   train2[base] step 270000/300000  rel-MSE 3.146e-05  grad-rel-MSE 0.000e+00  [7194s]
   train2[base] step 275000/300000  rel-MSE 3.175e-05  grad-rel-MSE 0.000e+00  [7326s]
   train2[base] step 280000/300000  rel-MSE 3.148e-05  grad-rel-MSE 0.000e+00  [7458s]
   train2[base] step 285000/300000  rel-MSE 3.110e-05  grad-rel-MSE 0.000e+00  [7591s]
   train2[base] step 290000/300000  rel-MSE 3.150e-05  grad-rel-MSE 0.000e+00  [7723s]
   train2[base] step 295000/300000  rel-MSE 3.100e-05  grad-rel-MSE 0.000e+00  [9241s]
   train2[base] step 300000/300000  rel-MSE 3.086e-05  grad-rel-MSE 0.000e+00  [10740s]
   train2[base] done: recon mean 6.953e-03 max 7.569e-02 (used raw) [10745s]
  rotation: {"R_G_condition_number": 22114.98685959408, "train_ls_floor": {"mean": 0.0004244619767695508, "median": 0.00017852472871739312, "max": 0.009138775769621361}}
  frozen rotation: {"R_G_condition_number": 26368.62532710081, "train_ls_floor": {"mean": 0.0004142202367756179, "median": 0.00016997291884727393, "max": 0.007613935742083524}}
DONE
