E1008 17:34:09.980042 3602757 numa_hwloc.cc:121] Call to hwloc_set_cpubind() failed: Invalid argument [22]
jax_backend=gpu device=NVIDIA A100-PCIE-40GB arm=sig2 sigma=2.0 lam=0.0 nodes=256 seed=0 steps=300000
   gen n=256: trajectories 64/576 worst FOM rel residual 9.95e-13 [22s]
   gen n=256: trajectories 128/576 worst FOM rel residual 1.00e-12 [36s]
   gen n=256: trajectories 192/576 worst FOM rel residual 1.00e-12 [51s]
   gen n=256: trajectories 256/576 worst FOM rel residual 1.00e-12 [65s]
   gen n=256: trajectories 320/576 worst FOM rel residual 1.00e-12 [78s]
   gen n=256: trajectories 384/576 worst FOM rel residual 1.00e-12 [91s]
   gen n=256: trajectories 448/576 worst FOM rel residual 1.00e-12 [104s]
   gen n=256: trajectories 512/576 worst FOM rel residual 1.00e-12 [119s]
   gen n=256: trajectories 576/576 worst FOM rel residual 1.00e-12 [132s]
  data: (16384, 64516) worst residual 1.00e-12 fingerprint {'sum': 200814620.48749176, 'sumsq': 102201588.76752055, 'shape': [576, 51, 65536]} sha fb95690ba87e
  FD-target uncertainty (D2 vs D4): {'median': 0.00038168134607796157, 'p90': 0.001606813072586792, 'max': 0.4636345655004941}
   train2[sig2] step      1/300000  rel-MSE 2.105e+00  grad-rel-MSE 0.000e+00  [46s]
   train2[sig2] step   5000/300000  rel-MSE 2.621e-03  grad-rel-MSE 0.000e+00  [178s]
   train2[sig2] step  10000/300000  rel-MSE 8.633e-04  grad-rel-MSE 0.000e+00  [311s]
   train2[sig2] step  15000/300000  rel-MSE 4.039e-03  grad-rel-MSE 0.000e+00  [444s]
   train2[sig2] step  20000/300000  rel-MSE 7.097e-04  grad-rel-MSE 0.000e+00  [578s]
   train2[sig2] step  25000/300000  rel-MSE 1.605e-03  grad-rel-MSE 0.000e+00  [712s]
   train2[sig2] step  30000/300000  rel-MSE 1.204e-03  grad-rel-MSE 0.000e+00  [845s]
   train2[sig2] step  35000/300000  rel-MSE 5.298e-04  grad-rel-MSE 0.000e+00  [979s]
   train2[sig2] step  40000/300000  rel-MSE 3.353e-04  grad-rel-MSE 0.000e+00  [1112s]
   train2[sig2] step  45000/300000  rel-MSE 3.064e-04  grad-rel-MSE 0.000e+00  [1246s]
   train2[sig2] step  50000/300000  rel-MSE 1.480e-04  grad-rel-MSE 0.000e+00  [1380s]
   train2[sig2] step  55000/300000  rel-MSE 1.208e-04  grad-rel-MSE 0.000e+00  [1514s]
   train2[sig2] step  60000/300000  rel-MSE 2.541e-04  grad-rel-MSE 0.000e+00  [1647s]
   train2[sig2] step  65000/300000  rel-MSE 1.830e-04  grad-rel-MSE 0.000e+00  [1781s]
   train2[sig2] step  70000/300000  rel-MSE 1.042e-04  grad-rel-MSE 0.000e+00  [1914s]
   train2[sig2] step  75000/300000  rel-MSE 9.771e-05  grad-rel-MSE 0.000e+00  [2048s]
   train2[sig2] step  80000/300000  rel-MSE 9.440e-05  grad-rel-MSE 0.000e+00  [2182s]
   train2[sig2] step  85000/300000  rel-MSE 1.179e-04  grad-rel-MSE 0.000e+00  [2315s]
   train2[sig2] step  90000/300000  rel-MSE 9.073e-05  grad-rel-MSE 0.000e+00  [2449s]
   train2[sig2] step  95000/300000  rel-MSE 8.978e-05  grad-rel-MSE 0.000e+00  [2582s]
   train2[sig2] step 100000/300000  rel-MSE 9.259e-05  grad-rel-MSE 0.000e+00  [2716s]
   train2[sig2] step 105000/300000  rel-MSE 6.079e-05  grad-rel-MSE 0.000e+00  [2850s]
   train2[sig2] step 110000/300000  rel-MSE 6.263e-05  grad-rel-MSE 0.000e+00  [2983s]
   train2[sig2] step 115000/300000  rel-MSE 5.626e-05  grad-rel-MSE 0.000e+00  [3117s]
   train2[sig2] step 120000/300000  rel-MSE 6.547e-05  grad-rel-MSE 0.000e+00  [3251s]
   train2[sig2] step 125000/300000  rel-MSE 5.805e-05  grad-rel-MSE 0.000e+00  [3384s]
   train2[sig2] step 130000/300000  rel-MSE 5.276e-05  grad-rel-MSE 0.000e+00  [3518s]
   train2[sig2] step 135000/300000  rel-MSE 5.261e-05  grad-rel-MSE 0.000e+00  [3651s]
   train2[sig2] step 140000/300000  rel-MSE 5.387e-05  grad-rel-MSE 0.000e+00  [3785s]
   train2[sig2] step 145000/300000  rel-MSE 5.277e-05  grad-rel-MSE 0.000e+00  [3919s]
   train2[sig2] step 150000/300000  rel-MSE 5.139e-05  grad-rel-MSE 0.000e+00  [4052s]
   train2[sig2] step 155000/300000  rel-MSE 4.742e-05  grad-rel-MSE 0.000e+00  [4186s]
   train2[sig2] step 160000/300000  rel-MSE 4.562e-05  grad-rel-MSE 0.000e+00  [4320s]
   train2[sig2] step 165000/300000  rel-MSE 4.691e-05  grad-rel-MSE 0.000e+00  [4453s]
   train2[sig2] step 170000/300000  rel-MSE 4.351e-05  grad-rel-MSE 0.000e+00  [4587s]
   train2[sig2] step 175000/300000  rel-MSE 4.699e-05  grad-rel-MSE 0.000e+00  [4720s]
   train2[sig2] step 180000/300000  rel-MSE 4.380e-05  grad-rel-MSE 0.000e+00  [4854s]
   train2[sig2] step 185000/300000  rel-MSE 3.992e-05  grad-rel-MSE 0.000e+00  [4988s]
   train2[sig2] step 190000/300000  rel-MSE 4.129e-05  grad-rel-MSE 0.000e+00  [5121s]
   train2[sig2] step 195000/300000  rel-MSE 3.912e-05  grad-rel-MSE 0.000e+00  [5255s]
   train2[sig2] step 200000/300000  rel-MSE 4.128e-05  grad-rel-MSE 0.000e+00  [5388s]
   train2[sig2] step 205000/300000  rel-MSE 3.871e-05  grad-rel-MSE 0.000e+00  [5522s]
   train2[sig2] step 210000/300000  rel-MSE 3.777e-05  grad-rel-MSE 0.000e+00  [5655s]
   train2[sig2] step 215000/300000  rel-MSE 3.791e-05  grad-rel-MSE 0.000e+00  [5789s]
   train2[sig2] step 220000/300000  rel-MSE 3.681e-05  grad-rel-MSE 0.000e+00  [5923s]
   train2[sig2] step 225000/300000  rel-MSE 3.638e-05  grad-rel-MSE 0.000e+00  [6056s]
   train2[sig2] step 230000/300000  rel-MSE 3.874e-05  grad-rel-MSE 0.000e+00  [6190s]
   train2[sig2] step 235000/300000  rel-MSE 3.621e-05  grad-rel-MSE 0.000e+00  [6323s]
   train2[sig2] step 240000/300000  rel-MSE 3.586e-05  grad-rel-MSE 0.000e+00  [6457s]
   train2[sig2] step 245000/300000  rel-MSE 3.578e-05  grad-rel-MSE 0.000e+00  [6591s]
   train2[sig2] step 250000/300000  rel-MSE 3.534e-05  grad-rel-MSE 0.000e+00  [6724s]
   train2[sig2] step 255000/300000  rel-MSE 3.497e-05  grad-rel-MSE 0.000e+00  [6858s]
   train2[sig2] step 260000/300000  rel-MSE 3.420e-05  grad-rel-MSE 0.000e+00  [6991s]
   train2[sig2] step 265000/300000  rel-MSE 3.431e-05  grad-rel-MSE 0.000e+00  [7125s]
   train2[sig2] step 270000/300000  rel-MSE 3.357e-05  grad-rel-MSE 0.000e+00  [7258s]
   train2[sig2] step 275000/300000  rel-MSE 3.392e-05  grad-rel-MSE 0.000e+00  [7392s]
   train2[sig2] step 280000/300000  rel-MSE 3.362e-05  grad-rel-MSE 0.000e+00  [7526s]
   train2[sig2] step 285000/300000  rel-MSE 3.314e-05  grad-rel-MSE 0.000e+00  [7659s]
   train2[sig2] step 290000/300000  rel-MSE 3.357e-05  grad-rel-MSE 0.000e+00  [7793s]
   train2[sig2] step 295000/300000  rel-MSE 3.310e-05  grad-rel-MSE 0.000e+00  [9324s]
   train2[sig2] step 300000/300000  rel-MSE 3.295e-05  grad-rel-MSE 0.000e+00  [10836s]
   train2[sig2] done: recon mean 7.184e-03 max 8.271e-02 (used raw) [10841s]
  rotation: {"R_G_condition_number": 20933.1365132593, "train_ls_floor": {"mean": 0.0003927399761098478, "median": 0.0001757348330658018, "max": 0.008246163730487355}}
DONE
