E1008 17:34:09.987075 3602763 numa_hwloc.cc:121] Call to hwloc_set_cpubind() failed: Invalid argument [22]
jax_backend=gpu device=NVIDIA A100-PCIE-40GB arm=sob01 sigma=4.0 lam=0.1 nodes=256 seed=0 steps=300000
   gen n=256: trajectories 64/576 worst FOM rel residual 9.95e-13 [22s]
   gen n=256: trajectories 128/576 worst FOM rel residual 1.00e-12 [36s]
   gen n=256: trajectories 192/576 worst FOM rel residual 1.00e-12 [51s]
   gen n=256: trajectories 256/576 worst FOM rel residual 1.00e-12 [65s]
   gen n=256: trajectories 320/576 worst FOM rel residual 1.00e-12 [78s]
   gen n=256: trajectories 384/576 worst FOM rel residual 1.00e-12 [91s]
   gen n=256: trajectories 448/576 worst FOM rel residual 1.00e-12 [104s]
   gen n=256: trajectories 512/576 worst FOM rel residual 1.00e-12 [120s]
   gen n=256: trajectories 576/576 worst FOM rel residual 1.00e-12 [132s]
  data: (16384, 64516) worst residual 1.00e-12 fingerprint {'sum': 200814620.48749176, 'sumsq': 102201588.76752055, 'shape': [576, 51, 65536]} sha c34e5ecb7b89
  FD-target uncertainty (D2 vs D4): {'median': 0.0003816813460779567, 'p90': 0.0016068130725867796, 'max': 0.4636345655004941}
   train2[sob01] step      1/300000  rel-MSE 2.402e+00  grad-rel-MSE 3.223e+01  [49s]
   train2[sob01] step   5000/300000  rel-MSE 3.858e-03  grad-rel-MSE 5.795e-02  [280s]
   train2[sob01] step  10000/300000  rel-MSE 7.660e-04  grad-rel-MSE 1.115e-02  [513s]
   train2[sob01] step  15000/300000  rel-MSE 4.099e-03  grad-rel-MSE 5.855e-02  [746s]
   train2[sob01] step  20000/300000  rel-MSE 7.426e-04  grad-rel-MSE 9.370e-03  [978s]
   train2[sob01] step  25000/300000  rel-MSE 3.265e-04  grad-rel-MSE 5.158e-03  [1211s]
   train2[sob01] step  30000/300000  rel-MSE 4.397e-04  grad-rel-MSE 9.175e-03  [1444s]
   train2[sob01] step  35000/300000  rel-MSE 2.992e-04  grad-rel-MSE 4.996e-03  [1677s]
   train2[sob01] step  40000/300000  rel-MSE 1.990e-04  grad-rel-MSE 3.556e-03  [1910s]
   train2[sob01] step  45000/300000  rel-MSE 1.251e-03  grad-rel-MSE 2.215e-02  [2143s]
   train2[sob01] step  50000/300000  rel-MSE 1.492e-04  grad-rel-MSE 3.307e-03  [2376s]
   train2[sob01] step  55000/300000  rel-MSE 1.262e-04  grad-rel-MSE 2.446e-03  [2609s]
   train2[sob01] step  60000/300000  rel-MSE 1.149e-04  grad-rel-MSE 2.055e-03  [2842s]
   train2[sob01] step  65000/300000  rel-MSE 2.589e-04  grad-rel-MSE 2.295e-03  [3075s]
   train2[sob01] step  70000/300000  rel-MSE 8.346e-05  grad-rel-MSE 1.769e-03  [3308s]
   train2[sob01] step  75000/300000  rel-MSE 9.666e-05  grad-rel-MSE 1.578e-03  [3541s]
   train2[sob01] step  80000/300000  rel-MSE 9.255e-05  grad-rel-MSE 1.633e-03  [3774s]
   train2[sob01] step  85000/300000  rel-MSE 8.981e-05  grad-rel-MSE 1.499e-03  [4007s]
   train2[sob01] step  90000/300000  rel-MSE 1.195e-04  grad-rel-MSE 1.652e-03  [4240s]
   train2[sob01] step  95000/300000  rel-MSE 5.833e-05  grad-rel-MSE 1.388e-03  [4473s]
   train2[sob01] step 100000/300000  rel-MSE 5.958e-05  grad-rel-MSE 1.234e-03  [4706s]
   train2[sob01] step 105000/300000  rel-MSE 7.731e-05  grad-rel-MSE 1.219e-03  [4939s]
   train2[sob01] step 110000/300000  rel-MSE 5.844e-05  grad-rel-MSE 1.239e-03  [5172s]
   train2[sob01] step 115000/300000  rel-MSE 7.137e-05  grad-rel-MSE 1.262e-03  [5405s]
   train2[sob01] step 120000/300000  rel-MSE 6.264e-05  grad-rel-MSE 1.237e-03  [5638s]
   train2[sob01] step 125000/300000  rel-MSE 5.553e-05  grad-rel-MSE 1.134e-03  [5871s]
   train2[sob01] step 130000/300000  rel-MSE 8.699e-05  grad-rel-MSE 1.191e-03  [6104s]
   train2[sob01] step 135000/300000  rel-MSE 5.666e-05  grad-rel-MSE 1.161e-03  [6337s]
   train2[sob01] step 140000/300000  rel-MSE 6.667e-05  grad-rel-MSE 1.130e-03  [6570s]
   train2[sob01] step 145000/300000  rel-MSE 4.854e-05  grad-rel-MSE 9.987e-04  [6803s]
   train2[sob01] step 150000/300000  rel-MSE 4.306e-05  grad-rel-MSE 1.079e-03  [7035s]
   train2[sob01] step 155000/300000  rel-MSE 4.148e-05  grad-rel-MSE 9.288e-04  [7268s]
   train2[sob01] step 160000/300000  rel-MSE 4.455e-05  grad-rel-MSE 1.015e-03  [7501s]
   train2[sob01] step 165000/300000  rel-MSE 3.891e-05  grad-rel-MSE 9.586e-04  [7734s]
   train2[sob01] step 170000/300000  rel-MSE 4.113e-05  grad-rel-MSE 9.311e-04  [7967s]
   train2[sob01] step 175000/300000  rel-MSE 4.836e-05  grad-rel-MSE 9.507e-04  [8200s]
   train2[sob01] step 180000/300000  rel-MSE 3.663e-05  grad-rel-MSE 1.025e-03  [8433s]
   train2[sob01] step 185000/300000  rel-MSE 3.733e-05  grad-rel-MSE 8.683e-04  [8666s]
   train2[sob01] step 190000/300000  rel-MSE 3.620e-05  grad-rel-MSE 9.903e-04  [8899s]
   train2[sob01] step 195000/300000  rel-MSE 3.581e-05  grad-rel-MSE 9.038e-04  [9132s]
   train2[sob01] step 200000/300000  rel-MSE 3.449e-05  grad-rel-MSE 8.744e-04  [9365s]
   train2[sob01] step 205000/300000  rel-MSE 3.602e-05  grad-rel-MSE 9.255e-04  [9598s]
   train2[sob01] step 210000/300000  rel-MSE 3.369e-05  grad-rel-MSE 8.144e-04  [9831s]
   train2[sob01] step 215000/300000  rel-MSE 3.182e-05  grad-rel-MSE 8.607e-04  [10063s]
   train2[sob01] step 220000/300000  rel-MSE 3.173e-05  grad-rel-MSE 8.087e-04  [10296s]
   train2[sob01] step 225000/300000  rel-MSE 3.210e-05  grad-rel-MSE 8.254e-04  [10529s]
   train2[sob01] step 230000/300000  rel-MSE 3.086e-05  grad-rel-MSE 8.667e-04  [10762s]
   train2[sob01] step 235000/300000  rel-MSE 3.010e-05  grad-rel-MSE 8.329e-04  [10995s]
   train2[sob01] step 240000/300000  rel-MSE 3.005e-05  grad-rel-MSE 8.050e-04  [11228s]
   train2[sob01] step 245000/300000  rel-MSE 2.971e-05  grad-rel-MSE 7.971e-04  [11461s]
   train2[sob01] step 250000/300000  rel-MSE 2.950e-05  grad-rel-MSE 8.061e-04  [11694s]
   train2[sob01] step 255000/300000  rel-MSE 2.913e-05  grad-rel-MSE 7.148e-04  [11927s]
   train2[sob01] step 260000/300000  rel-MSE 2.872e-05  grad-rel-MSE 7.986e-04  [12160s]
   train2[sob01] step 265000/300000  rel-MSE 2.845e-05  grad-rel-MSE 7.604e-04  [12393s]
   train2[sob01] step 270000/300000  rel-MSE 2.816e-05  grad-rel-MSE 7.399e-04  [12626s]
   train2[sob01] step 275000/300000  rel-MSE 2.828e-05  grad-rel-MSE 8.049e-04  [12859s]
   train2[sob01] step 280000/300000  rel-MSE 2.817e-05  grad-rel-MSE 7.524e-04  [13091s]
   train2[sob01] step 285000/300000  rel-MSE 2.787e-05  grad-rel-MSE 6.975e-04  [13324s]
   train2[sob01] step 290000/300000  rel-MSE 2.787e-05  grad-rel-MSE 7.708e-04  [13557s]
   train2[sob01] step 295000/300000  rel-MSE 2.773e-05  grad-rel-MSE 7.387e-04  [15202s]
   train2[sob01] step 300000/300000  rel-MSE 2.768e-05  grad-rel-MSE 7.699e-04  [16823s]
   train2[sob01] done: recon mean 6.874e-03 max 1.083e-01 (used ema) [16829s]
  rotation: {"R_G_condition_number": 47434.37896703712, "train_ls_floor": {"mean": 0.0002797793776364191, "median": 9.950196579413257e-05, "max": 0.005892013537957747}}
DONE
