host=pax049 source_commit=b3edf9080d92e9319e94601cdb1f33c4d101cabf
NVIDIA A100 80GB PCIe, GPU-f940153e-e912-2568-93ab-0a6a7eb4287a, 81920 MiB
10.235.106.29:/projects/paralab  4.6T  999G  3.6T  22% /cluster/tufts/paralab
jax_backend=gpu
jax_backend=gpu x64=True precision=highest
REF dev6 0 ST accepted True 1.52e-12 345.9 348.2
REF dev6 0 S accepted True 7.77e-12 51.1 399.3
REF dev6 1 ST accepted True 9.12e-13 313.8 714.4
REF dev6 1 S accepted True 1.43e-11 290.3 1004.7
REF dev6 2 ST accepted True 1.35e-13 436.5 1442.5
REF dev6 2 S accepted True 2.15e-12 104.6 1547.1
REF dev6 3 ST accepted True 4.79e-12 401.7 1950.1
REF dev6 3 S accepted True 2.68e-12 90.7 2040.8
REF dev6 4 ST accepted True 2.62e-13 341.8 2383.9
REF dev6 4 S accepted True 8.83e-12 51.9 2435.8
REF dev6 5 ST accepted True 7.42e-12 306.4 2743.5
REF dev6 5 S accepted True 9.17e-12 41.9 2785.4
REF val32 0 ST accepted True 3.84e-12 346.4 3133.1
REF val32 0 S accepted True 7.96e-12 51.0 3184.2
REF val32 1 ST accepted True 4.93e-13 287.7 3473.2
REF val32 1 S accepted True 8.99e-12 34.7 3507.9
REF val32 2 ST accepted True 2.06e-12 326.5 3835.7
REF val32 2 S accepted True 9.35e-12 45.3 3881.0
REF val32 3 ST accepted True 1.47e-13 339.9 4222.2
REF val32 3 S accepted True 9.31e-12 51.0 4273.3
REF val32 4 ST accepted True 3.18e-12 378.1 4652.7
REF val32 4 S accepted True 9.91e-12 60.0 4712.7
REF val32 5 ST accepted True 3.28e-12 506.2 5220.2
REF val32 5 S accepted True 1.76e-12 130.0 5350.2
REF val32 6 ST accepted True 1.63e-12 337.5 5689.1
REF val32 6 S accepted True 4.96e-12 46.0 5735.1
REF val32 7 ST accepted True 6.14e-12 464.3 6200.7
REF val32 7 S accepted True 2.47e-12 123.3 6324.0
REF val32 8 ST accepted True 2.92e-12 408.6 6733.9
REF val32 8 S accepted True 8.98e-12 77.7 6811.5
REF val32 9 ST accepted True 6.76e-13 374.3 7187.2
REF val32 9 S accepted True 9.74e-12 61.5 7248.7
REF val32 10 ST accepted True 7.05e-12 309.1 7559.1
REF val32 10 S accepted True 9.94e-12 45.8 7605.0
REF val32 11 ST accepted True 3.91e-12 309.9 7916.2
REF val32 11 S accepted True 8.91e-12 40.9 7957.1
REF val32 12 ST accepted True 2.68e-13 290.6 8249.0
REF val32 12 S accepted True 9.99e-12 36.7 8285.7
REF val32 13 ST accepted True 2.69e-12 318.7 8605.7
REF val32 13 S accepted True 4.45e-12 40.2 8645.9
REF val32 14 ST accepted True 3.09e-12 332.5 8979.7
REF val32 14 S accepted True 9.11e-12 42.7 9022.4
REF val32 15 ST accepted True 9.25e-13 318.6 9342.3
REF val32 15 S accepted True 9.35e-12 47.0 9389.3
REF val32 16 ST accepted True 5.81e-13 288.1 9678.8
REF val32 16 S accepted True 9.48e-12 36.7 9715.5
REF val32 17 ST accepted True 3.62e-12 426.4 10143.2
REF val32 17 S accepted True 9.67e-12 95.7 10239.0
REF val32 18 ST accepted True 1.90e-12 427.5 10667.8
REF val32 18 S accepted True 3.25e-12 103.6 10771.4
REF val32 19 ST accepted True 2.73e-12 525.0 11297.7
REF val32 19 S accepted True 1.63e-12 155.4 11453.1
REF val32 20 ST accepted True 9.89e-12 344.6 11799.0
REF val32 20 S accepted True 9.85e-12 53.6 11852.6
REF val32 21 ST accepted True 8.88e-13 282.8 12136.8
REF val32 21 S accepted True 1.34e-11 275.2 12412.0
REF val32 22 ST accepted True 3.76e-13 314.4 12727.7
REF val32 22 S accepted True 9.57e-12 44.9 12772.6
REF val32 23 ST accepted True 3.64e-12 343.7 13117.6
REF val32 23 S accepted True 6.71e-12 46.2 13163.8
REF val32 24 ST accepted True 1.69e-12 314.9 13480.1
REF val32 24 S accepted True 1.49e-11 295.4 13775.5
REF val32 25 ST accepted True 3.44e-13 393.8 14170.7
REF val32 25 S accepted True 9.65e-12 73.0 14243.6
REF val32 26 ST accepted True 1.48e-13 400.9 14645.8
REF val32 26 S accepted True 9.40e-12 72.5 14718.3
REF val32 27 ST accepted True 5.46e-13 283.5 15003.1
REF val32 27 S accepted True 9.85e-12 31.0 15034.1
REF val32 28 ST accepted True 5.36e-12 337.8 15373.3
REF val32 28 S accepted True 9.55e-12 44.0 15417.2
REF val32 29 ST accepted True 4.89e-12 366.5 15785.0
REF val32 29 S accepted True 9.55e-12 53.4 15838.4
REF val32 30 ST accepted True 6.06e-13 382.5 16222.2
REF val32 30 S accepted True 9.54e-12 62.3 16284.5
REF val32 31 ST accepted True 4.09e-12 289.0 16574.9
REF val32 31 S accepted True 9.47e-12 40.5 16615.3
REF COMPLETE all_accepted True
ALL-DONE
