E1009 03:49:13.189977 2491505 numa_hwloc.cc:121] Call to hwloc_set_cpubind() failed: Invalid argument [22]
jax_backend=gpu x64=True precision=highest gpu=NVIDIA A100 80GB PCIe
CONTROLS {"C2": true, "C3": true, "C5b": true}
FOM 129 dev6 0 0.017655542096068285
FOM 129 dev6 1 0.010199296242423916
FOM 129 dev6 2 0.05717856835766295
FOM 129 dev6 3 0.03795889050940894
FOM 129 dev6 4 0.02236882672881655
FOM 129 dev6 5 0.0129549541189576
FOM 129 val32 0 0.019800559998148618
FOM 129 val32 1 0.0073661018022550115
FOM 129 val32 2 0.01555556343362853
FOM 129 val32 3 0.027906088989073388
FOM 129 val32 4 0.03035209721086047
FOM 129 val32 5 0.05231434247369031
FOM 129 val32 6 0.01706499617641723
FOM 129 val32 7 0.03363224161157416
FOM 129 val32 8 0.037539560891232726
FOM 129 val32 9 0.01683075659552459
FOM 129 val32 10 0.01037382790496961
FOM 129 val32 11 0.015972167292912072
FOM 129 val32 12 0.011781371298386096
FOM 129 val32 13 0.01340301021404807
FOM 129 val32 14 0.016816985699558706
FOM 129 val32 15 0.014839822209598664
FOM 129 val32 16 0.007674551969942895
FOM 129 val32 17 0.028237377700547864
FOM 129 val32 18 0.03543549584045756
FOM 129 val32 19 0.07575506299302295
FOM 129 val32 20 0.018945882630417202
FOM 129 val32 21 0.006313864860793241
FOM 129 val32 22 0.014828078921728022
FOM 129 val32 23 0.01826500968078967
FOM 129 val32 24 0.009792352495624117
FOM 129 val32 25 0.02876932134490943
FOM 129 val32 26 0.04499172378324439
FOM 129 val32 27 0.006061527981026476
FOM 129 val32 28 0.014577498833438438
FOM 129 val32 29 0.016069869458480834
FOM 129 val32 30 0.018445407439916257
FOM 129 val32 31 0.010727486651061224
FOM 257 dev6 0 0.008873816003607645
FOM 257 dev6 1 0.005115239895443904
FOM 257 dev6 2 0.030300059851067693
FOM 257 dev6 3 0.019443019082978463
FOM 257 dev6 4 0.011455414990993354
FOM 257 dev6 5 0.006529145611871122
FOM 257 val32 0 0.009908607544203613
FOM 257 val32 1 0.003717907251712208
FOM 257 val32 2 0.007797228057394864
FOM 257 val32 3 0.014362603810795854
FOM 257 val32 4 0.01553145792764454
FOM 257 val32 5 0.028258632185136058
FOM 257 val32 6 0.008598833580442876
FOM 257 val32 7 0.017686793580587615
FOM 257 val32 8 0.019433308695365994
FOM 257 val32 9 0.008479347734479623
FOM 257 val32 10 0.005206058491907451
FOM 257 val32 11 0.008116983020191508
FOM 257 val32 12 0.005908746787202455
FOM 257 val32 13 0.006713154798919294
FOM 257 val32 14 0.008417393486400401
FOM 257 val32 15 0.007473855311187225
FOM 257 val32 16 0.0038377293775614467
FOM 257 val32 17 0.014696815266542575
FOM 257 val32 18 0.01839485109489168
FOM 257 val32 19 0.04117144601179009
FOM 257 val32 20 0.009664132306822512
FOM 257 val32 21 0.0031311589304625588
FOM 257 val32 22 0.007497997449260831
FOM 257 val32 23 0.00928858690615834
FOM 257 val32 24 0.004923522881269985
FOM 257 val32 25 0.014743795841001729
FOM 257 val32 26 0.023584155801709607
FOM 257 val32 27 0.0030736588514630177
FOM 257 val32 28 0.007290791628273591
FOM 257 val32 29 0.008085139645283393
FOM 257 val32 30 0.009298393995650345
FOM 257 val32 31 0.005333377693856831
VARIANT coarse
coarse acc ROLLOUT gref 209
coarse acc ROLLOUT lat64 233
coarse acc ROLLOUT gauss32 250
coarse acc ROLLOUT gauss48 265
coarse acc ROLLOUT gauss64 279
coarse acc ROLLOUT gauss96 294
coarse acc ROLLOUT fib1597 308
coarse acc ROLLOUT fib4181 322
coarse acc ROLLOUT fib6765 335
coarse acc PROJ value S med/max 0.00041548742148234043 0.023041272242989942 grad 0.013358296362930578
coarse acc RHO done {'gref|G|0.116': 6400, 'gref|G|0.06': 16384, 'gref|G|0.01': 16384} 683
coarse acc SPECTRA {'u|n_1e-04': {'median': 71.0, 'max': 168, 'unresolved': 1}, 'u|n_1e-08': {'median': None, 'max': None, 'unresolved': 64}, 'u|class': {'geometric': 4, 'algebraic': 7, 'inconclusive': 53, 'unresolved': 0}, 'f|n_1e-04': {'median': 152.0, 'max': 237, 'unresolved': 26}, 'f|n_1e-08': {'median': None, 'max': None, 'unresolved': 64}, 'f|class': {'geometric': 20, 'algebraic': 8, 'inconclusive': 36, 'unresolved': 0}} 712
coarse fast ROLLOUT gref 752
coarse fast ROLLOUT lat64 762
coarse fast ROLLOUT gauss32 771
coarse fast ROLLOUT gauss48 779
coarse fast ROLLOUT gauss64 787
coarse fast ROLLOUT gauss96 796
coarse fast ROLLOUT fib1597 804
coarse fast ROLLOUT fib4181 812
coarse fast ROLLOUT fib6765 821
coarse fast PROJ value S med/max 0.0032404082906370923 0.07332810135475049 grad 0.032109514992029846
coarse fast RHO done {'gref|G|0.116': 1600, 'gref|G|0.06': 3136, 'gref|G|0.01': 16384} 1004
coarse fast SPECTRA {'u|n_1e-04': {'median': 67.0, 'max': 170, 'unresolved': 0}, 'u|n_1e-08': {'median': None, 'max': None, 'unresolved': 64}, 'u|class': {'geometric': 1, 'algebraic': 17, 'inconclusive': 46, 'unresolved': 0}, 'f|n_1e-04': {'median': 153.0, 'max': 237, 'unresolved': 28}, 'f|n_1e-08': {'median': None, 'max': None, 'unresolved': 64}, 'f|class': {'geometric': 24, 'algebraic': 9, 'inconclusive': 31, 'unresolved': 0}} 1014
BANKEVAL COMPLETE
