host=pax106 source_commit=e5c71ce7cebb2c2705c3941f4d14ebf22195092b
NVIDIA A100 80GB PCIe, GPU-61e51c62-3b2d-491a-b5a7-38377f765df9, 81920 MiB
10.235.106.23:/projects/paralab  4.6T  4.2T  367G  93% /cluster/tufts/paralab
jax_backend=gpu
jax_backend=gpu x64=True precision=highest
[2.1s] [mesh 33] bank evaluated (29791, 512) 1.5s
[4.2s] [mesh 33] A (2049, 512) 3.7s
[7.9s] [mesh 33] tensor (2049, 512, 512) 7.4s
[8.6s] [mesh 33] lattice EQ m=3375 8.1s
[13.0s] table gates {'A_dst_vs_explicit': 1.029574726030548e-14, 'qr_reconstruction': 9.182715603087952e-16, 'tensor_vs_direct': 2.646809887699211e-16}
[30.6s] CERT span_R512_tensor_fs1_dt0.005 draw 0 seed 923201: rho_max 5.621e-05 umin -0.00551
[34.8s] CERT span_R512_tensor_fs1_dt0.005 draw 1 seed 923202: rho_max 1.539e-05 umin -0.00219
[39.1s] CERT span_R512_tensor_fs1_dt0.005 draw 2 seed 923203: rho_max 1.381e-05 umin -0.00279
[43.4s] CERT span_R512_tensor_fs1_dt0.005 draw 3 seed 923204: rho_max 7.76e-06 umin -0.00141
[47.6s] CERT span_R512_tensor_fs1_dt0.005 draw 4 seed 923205: rho_max 0.0001642 umin -0.00878
[55.9s] CERT span_R512_tensor_fs1_dt0.005 draw 5 seed 923206: rho_max 0.0004008 umin -0.0161
[68.1s] CERT span_R384_tensor_fs1_dt0.005 draw 0 seed 923201: rho_max 0.000151 umin -0.00811
[70.6s] CERT span_R384_tensor_fs1_dt0.005 draw 1 seed 923202: rho_max 3.657e-05 umin -0.00591
[73.0s] CERT span_R384_tensor_fs1_dt0.005 draw 2 seed 923203: rho_max 1.606e-05 umin -0.00331
[75.4s] CERT span_R384_tensor_fs1_dt0.005 draw 3 seed 923204: rho_max 2.429e-05 umin -0.00243
[77.8s] CERT span_R384_tensor_fs1_dt0.005 draw 4 seed 923205: rho_max 0.0005456 umin -0.0184
[82.3s] CERT span_R384_tensor_fs1_dt0.005 draw 5 seed 923206: rho_max 0.001024 umin -0.0309
[93.9s] CERT span_R256_tensor_fs1_dt0.005 draw 0 seed 923201: rho_max 0.000387 umin -0.01
[95.3s] CERT span_R256_tensor_fs1_dt0.005 draw 1 seed 923202: rho_max 0.000106 umin -0.00714
[96.7s] CERT span_R256_tensor_fs1_dt0.005 draw 2 seed 923203: rho_max 5.05e-05 umin -0.00524
[98.2s] CERT span_R256_tensor_fs1_dt0.005 draw 3 seed 923204: rho_max 7.703e-05 umin -0.00671
[99.6s] CERT span_R256_tensor_fs1_dt0.005 draw 4 seed 923205: rho_max 0.0004359 umin -0.0165
[102.2s] CERT span_R256_tensor_fs1_dt0.005 draw 5 seed 923206: rho_max 0.001517 umin -0.0236
[112.7s] CERT span_R192_tensor_fs1_dt0.005 draw 0 seed 923201: rho_max 0.0003429 umin -0.0101
[113.9s] CERT span_R192_tensor_fs1_dt0.005 draw 1 seed 923202: rho_max 0.0002399 umin -0.0149
[115.0s] CERT span_R192_tensor_fs1_dt0.005 draw 2 seed 923203: rho_max 0.0001377 umin -0.0101
[116.2s] CERT span_R192_tensor_fs1_dt0.005 draw 3 seed 923204: rho_max 5.869e-05 umin -0.0046
[117.3s] CERT span_R192_tensor_fs1_dt0.005 draw 4 seed 923205: rho_max 0.0005416 umin -0.0207
[119.4s] CERT span_R192_tensor_fs1_dt0.005 draw 5 seed 923206: rho_max 0.002184 umin -0.0341
[129.4s] CERT span_R128_tensor_fs1_dt0.005 draw 0 seed 923201: rho_max 0.0006255 umin -0.0209
[130.4s] CERT span_R128_tensor_fs1_dt0.005 draw 1 seed 923202: rho_max 0.0009703 umin -0.0139
[131.4s] CERT span_R128_tensor_fs1_dt0.005 draw 2 seed 923203: rho_max 0.0003466 umin -0.0196
[132.3s] CERT span_R128_tensor_fs1_dt0.005 draw 3 seed 923204: rho_max 0.0002143 umin -0.0119
[133.3s] CERT span_R128_tensor_fs1_dt0.005 draw 4 seed 923205: rho_max 0.001121 umin -0.0224
[135.1s] CERT span_R128_tensor_fs1_dt0.005 draw 5 seed 923206: rho_max 0.004828 umin -0.0456
[144.1s] CERT span_R96_tensor_fs1_dt0.005 draw 0 seed 923201: rho_max 0.001224 umin -0.0262
[145.1s] CERT span_R96_tensor_fs1_dt0.005 draw 1 seed 923202: rho_max 0.00163 umin -0.0183
[146.0s] CERT span_R96_tensor_fs1_dt0.005 draw 2 seed 923203: rho_max 0.0004545 umin -0.0235
[147.0s] CERT span_R96_tensor_fs1_dt0.005 draw 3 seed 923204: rho_max 0.0003765 umin -0.0162
[147.9s] CERT span_R96_tensor_fs1_dt0.005 draw 4 seed 923205: rho_max 0.00156 umin -0.0319
[149.8s] CERT span_R96_tensor_fs1_dt0.005 draw 5 seed 923206: rho_max 0.005564 umin -0.0498
[158.8s] CERT span_R64_tensor_fs1_dt0.005 draw 0 seed 923201: rho_max 0.002613 umin -0.0406
[159.7s] CERT span_R64_tensor_fs1_dt0.005 draw 1 seed 923202: rho_max 0.002612 umin -0.0438
[160.8s] CERT span_R64_tensor_fs1_dt0.005 draw 2 seed 923203: rho_max 0.001126 umin -0.0349
[161.8s] CERT span_R64_tensor_fs1_dt0.005 draw 3 seed 923204: rho_max 0.0009754 umin -0.0289
[162.7s] CERT span_R64_tensor_fs1_dt0.005 draw 4 seed 923205: rho_max 0.002537 umin -0.0608
[164.3s] CERT span_R64_tensor_fs1_dt0.005 draw 5 seed 923206: rho_max 0.009118 umin -0.0839
[171.3s] CERT span_R512_tensor_fs1_dt0.01 draw 0 seed 923201: rho_max 4.341e-05 umin -0.00492
[173.9s] CERT span_R512_tensor_fs1_dt0.01 draw 1 seed 923202: rho_max 1.418e-05 umin -0.00176
[176.5s] CERT span_R512_tensor_fs1_dt0.01 draw 2 seed 923203: rho_max 8.004e-06 umin -0.00212
[179.0s] CERT span_R512_tensor_fs1_dt0.01 draw 3 seed 923204: rho_max 7.7e-06 umin -0.00137
[181.6s] CERT span_R512_tensor_fs1_dt0.01 draw 4 seed 923205: rho_max 0.0001205 umin -0.00753
[186.6s] CERT span_R512_tensor_fs1_dt0.01 draw 5 seed 923206: rho_max 0.000278 umin -0.0129
[192.8s] CERT span_R384_tensor_fs1_dt0.01 draw 0 seed 923201: rho_max 0.0001181 umin -0.00715
[194.4s] CERT span_R384_tensor_fs1_dt0.01 draw 1 seed 923202: rho_max 3.062e-05 umin -0.00508
[196.0s] CERT span_R384_tensor_fs1_dt0.01 draw 2 seed 923203: rho_max 1.195e-05 umin -0.00283
[197.6s] CERT span_R384_tensor_fs1_dt0.01 draw 3 seed 923204: rho_max 2.378e-05 umin -0.00242
[199.3s] CERT span_R384_tensor_fs1_dt0.01 draw 4 seed 923205: rho_max 0.0004132 umin -0.0162
[202.7s] CERT span_R384_tensor_fs1_dt0.01 draw 5 seed 923206: rho_max 0.0007203 umin -0.0258
[208.3s] CERT span_R256_tensor_fs1_dt0.01 draw 0 seed 923201: rho_max 0.0003205 umin -0.00912
[209.4s] CERT span_R256_tensor_fs1_dt0.01 draw 1 seed 923202: rho_max 7.416e-05 umin -0.00601
[210.5s] CERT span_R256_tensor_fs1_dt0.01 draw 2 seed 923203: rho_max 3.701e-05 umin -0.00466
[212.0s] CERT span_R256_tensor_fs1_dt0.01 draw 3 seed 923204: rho_max 6.79e-05 umin -0.00635
[213.1s] CERT span_R256_tensor_fs1_dt0.01 draw 4 seed 923205: rho_max 0.0003589 umin -0.015
[215.1s] CERT span_R256_tensor_fs1_dt0.01 draw 5 seed 923206: rho_max 0.001214 umin -0.0215
[220.4s] CERT span_R192_tensor_fs1_dt0.01 draw 0 seed 923201: rho_max 0.0002972 umin -0.00921
[221.4s] CERT span_R192_tensor_fs1_dt0.01 draw 1 seed 923202: rho_max 0.0001901 umin -0.0131
[222.5s] CERT span_R192_tensor_fs1_dt0.01 draw 2 seed 923203: rho_max 9.902e-05 umin -0.00815
[223.4s] CERT span_R192_tensor_fs1_dt0.01 draw 3 seed 923204: rho_max 5.472e-05 umin -0.0044
[224.5s] CERT span_R192_tensor_fs1_dt0.01 draw 4 seed 923205: rho_max 0.0004484 umin -0.0188
[226.3s] CERT span_R192_tensor_fs1_dt0.01 draw 5 seed 923206: rho_max 0.001662 umin -0.0288
[231.6s] CERT span_R128_tensor_fs1_dt0.01 draw 0 seed 923201: rho_max 0.0004862 umin -0.0196
[232.6s] CERT span_R128_tensor_fs1_dt0.01 draw 1 seed 923202: rho_max 0.0007244 umin -0.0119
[233.4s] CERT span_R128_tensor_fs1_dt0.01 draw 2 seed 923203: rho_max 0.0002606 umin -0.0157
[234.3s] CERT span_R128_tensor_fs1_dt0.01 draw 3 seed 923204: rho_max 0.0001785 umin -0.011
[235.2s] CERT span_R128_tensor_fs1_dt0.01 draw 4 seed 923205: rho_max 0.0009004 umin -0.0207
[236.8s] CERT span_R128_tensor_fs1_dt0.01 draw 5 seed 923206: rho_max 0.004064 umin -0.0419
[241.9s] CERT span_R96_tensor_fs1_dt0.01 draw 0 seed 923201: rho_max 0.001003 umin -0.0235
[242.9s] CERT span_R96_tensor_fs1_dt0.01 draw 1 seed 923202: rho_max 0.00125 umin -0.0159
[243.8s] CERT span_R96_tensor_fs1_dt0.01 draw 2 seed 923203: rho_max 0.0003647 umin -0.02
[244.7s] CERT span_R96_tensor_fs1_dt0.01 draw 3 seed 923204: rho_max 0.0003248 umin -0.0147
[245.6s] CERT span_R96_tensor_fs1_dt0.01 draw 4 seed 923205: rho_max 0.001361 umin -0.0294
[247.1s] CERT span_R96_tensor_fs1_dt0.01 draw 5 seed 923206: rho_max 0.004799 umin -0.0466
[252.2s] CERT span_R64_tensor_fs1_dt0.01 draw 0 seed 923201: rho_max 0.002294 umin -0.0374
[253.3s] CERT span_R64_tensor_fs1_dt0.01 draw 1 seed 923202: rho_max 0.002027 umin -0.0384
[254.2s] CERT span_R64_tensor_fs1_dt0.01 draw 2 seed 923203: rho_max 0.0009351 umin -0.0298
[255.0s] CERT span_R64_tensor_fs1_dt0.01 draw 3 seed 923204: rho_max 0.0008004 umin -0.0244
[255.9s] CERT span_R64_tensor_fs1_dt0.01 draw 4 seed 923205: rho_max 0.00229 umin -0.0532
[257.4s] CERT span_R64_tensor_fs1_dt0.01 draw 5 seed 923206: rho_max 0.008242 umin -0.0786
[261.3s] CERT span_R128_lat16_BADx05 draw 0 seed 923201: rho_max 0.5 umin -0.0207
[262.5s] CERT span_R128_lat16_BADx05 draw 1 seed 923202: rho_max 0.5 umin -0.0141
[263.8s] CERT span_R128_lat16_BADx05 draw 2 seed 923203: rho_max 0.5 umin -0.02
[264.9s] CERT span_R128_lat16_BADx05 draw 3 seed 923204: rho_max 0.5 umin -0.0121
[266.0s] CERT span_R128_lat16_BADx05 draw 4 seed 923205: rho_max 0.5 umin -0.0222
[268.0s] CERT span_R128_lat16_BADx05 draw 5 seed 923206: rho_max 0.5001 umin -0.0158
PANEL COMPLETE
ALL-DONE
