{
  "passed": true,
  "seeds": [
    {
      "seed": 0,
      "teacher_orthogonality_maximum": 2.7188118423282503e-10,
      "teacher_eigen_residual": 1.3633725717444528e-13,
      "learned_trunk_normal_equation_residual": 1.2301315407471732e-14,
      "development_cases": 16
    },
    {
      "seed": 1,
      "teacher_orthogonality_maximum": 2.7188118423282503e-10,
      "teacher_eigen_residual": 1.3633725717444528e-13,
      "learned_trunk_normal_equation_residual": 1.3464299568624939e-14,
      "development_cases": 16
    }
  ],
  "maximum_reference_residual": 9.878863150490975e-11,
  "maximum_metric_discrepancy": 5.551115123125783e-17,
  "final_cohort_unopened": true,
  "scope": "all saved candidate development fields, initial-norm teacher construction, covariance eigenpairs and learned-trunk coefficient optimality"
}
