./code/b10_phase4.py: OK
./code/b10_phase5.py: OK
./code/deps/p5/targets/targets_N256_0032_0048.npz: OK
./verify_manifest_file_set.sh: OK
./code/deps/p5/targets/targets_N64_0384_0448.npz: OK
./code/b10_common.py: OK
./code/deps/p5/targets/targets_N128_0064_0096.npz: OK
./code/deps/p5/targets/targets_N64_0256_0320.npz: OK
./code/deps/p5/targets/targets_N128_0096_0128.npz: OK
./code/deps/p5/targets/targets_N64_0064_0128.npz: OK
./code/PHASE-7-PRE-REGISTRATION.md: OK
./code/deps/p5/targets/targets_N128_0000_0032.npz: OK
./code/deps/p5/targets/targets_N64_0000_0064.npz: OK
./code/deps/burgers2d-coord-rom/burgers2d_film.py: OK
./code/b10_audit_phase7_train.py: OK
./code/deps/p5/phase5_d.npz: OK
./code/b10_phase3.py: OK
./code/deps/p5/targets/targets_N256_0048_0064.npz: OK
./code/deps/p5/MANIFEST.sha256: OK
./run.sbatch: OK
./code/deps/p4/MANIFEST.sha256: OK
./code/deps/p5/targets/targets_N64_0128_0192.npz: OK
./code/deps/p4/phase4_d.npz: OK
./code/deps/p5/targets/targets_N256_0016_0032.npz: OK
./code/deps/p5/targets/targets_N64_0320_0384.npz: OK
./code/deps/p5/targets/targets_N256_0000_0016.npz: OK
./code/b10_spline.py: OK
./code/deps/p5/targets/targets_N64_0192_0256.npz: OK
./code/deps/p5/targets/targets_N128_0032_0064.npz: OK
./code/deps/p5/phase5_d.json: OK
./code/deps/p6/AUDIT.json: OK
./code/deps/p6/phase6_d.npz: OK
./code/deps/p6/phase6_d.json: OK
./code/b10_s0_spline.py: OK
./code/b10_phase7_train.py: OK
./code/b10_phase7.py: OK
./code/deps/p5/AUDIT.json: OK
./code/bh_common.py: OK
./code/b10_spline_train.py: OK
./code/deps/p5/targets/targets_N64_0448_0512.npz: OK
./code/deps/p4/AUDIT.json: OK
./code/deps/p6/MANIFEST.sha256: OK
./code/deps/p4/phase4_d.json: OK
host=pax011 gpu=NVIDIA H200
commit=ca1da4a17d55bdace220f8ac488b7048c58cbc04 cell=p7_g1_s11_r1 arm=G1 seed=11
jax_backend=gpu cuda:0
