host=pax052 source_commit=47d7cd8e78064cf1d0f8267a7cb50b08079b86d2
NVIDIA A100-PCIE-40GB, GPU-a4e1b967-2a4b-a258-1983-0d3c32a2f8cb, 40960 MiB
10.235.106.34:/projects/paralab  4.6T  4.3T  330G  93% /cluster/tufts/paralab
jax_backend=gpu
jax_backend=gpu x64=True precision=highest
BANK 7.4 {'32': 9.176, '64': 5.345, '128': 2.314, '256': 0.945, '384': 0.773, '512': 0.746}
WARMUP 42.1
MAIN 0 139.9
MAIN 1 192.8
MAIN 2 246.0
MAIN 3 298.4
MAIN 4 351.4
SLOW 0 356.1
SLOW 1 360.6
SLOW 2 365.0
NEIGHBOUR False 2.2298491939677585
GATES {'parity': True, 'deterministic': True, 'cg_converged': True, 'neighbour': False, 'profile_matches_fused': True, 'device_guard': True}
PBK SOLVE COMPLETE
PASS 348 errors recomputed, worst relative deviation 2.6e-11 (bar 1e-8), hashes match, repetitions identical: True; controls detected: swapped-case True, perturbed-error True
jax_backend=gpu x64=True precision=highest
BANK 12.2 {'32': 9.166, '64': 5.336, '128': 2.306, '256': 0.941, '384': 0.769, '512': 0.742}
WARMUP 44.5
MAIN 0 167.7
MAIN 1 236.7
MAIN 2 305.3
MAIN 3 374.3
MAIN 4 441.9
SLOW 0 450.2
SLOW 1 458.1
SLOW 2 466.1
NEIGHBOUR False 1.557497528612667
GATES {'parity': True, 'deterministic': True, 'cg_converged': True, 'neighbour': False, 'profile_matches_fused': True, 'device_guard': True}
PBK SOLVE COMPLETE
PASS 348 errors recomputed, worst relative deviation 6.3e-11 (bar 1e-8), hashes match, repetitions identical: True; controls detected: swapped-case True, perturbed-error True
jax_backend=gpu x64=True precision=highest
