host=pax011 gpu=NVIDIA H200
jax_backend=gpu
stage MANIFEST OK
6d20b1eb48b4a458dd68da8e43677edd22df185d65a65d44a552c8210ddb6f11  /cluster/tufts/paralab/tawal01/exlin/xl1024k32/in/sep_burgers_r4_N1024_K32_R512_h512x3.pkl
jax_backend=gpu device=cuda:0 EQ-LADDER N=1024 ckpt=sep_burgers_r4_N1024_K32_R512_h512x3.pkl
  test data: 4 fresh trajectories, worst FOM rel residual 8.68e-13
  EQ-fit bank vs meshfree full-interior decode: 2.85e-16
  NNLS-EQ eq-ladder N=1024 k=32 M=64 m=256 adv-only: pool 65536 support 256 (+0 pad) rel fit 5.65e-03 (row p95 1.8e-01, max 2.3e+01) [27s]
  GATE 0 [ctrl]: 1.96e-15
  GATE F skipped at N=1024 (> FULL_GATE_MAX_N)
  GATE L (exlin linear vs full-grid linear) [ctrl]: 9.42e-16
  GATE A (exlin advection vs incumbent advection) [ctrl]: 5.52e-14
  NNLS-EQ eq-ladder N=1024 k=32 M=256 m=1024 adv-only: pool 65536 support 1024 (+0 pad) rel fit 5.46e-04 (row p95 3.2e-01, max 2.0e+02) [526s]
  GATE 0 [M256]: 9.28e-16
  GATE F skipped at N=1024 (> FULL_GATE_MAX_N)
  GATE L (exlin linear vs full-grid linear) [M256]: 1.35e-15
  GATE A (exlin advection vs incumbent advection) [M256]: 0.00e+00
  [ctrl] traj 0: rollout err 4.377e-03 (t0 1.18e-03, t1 1.26e-03, t50 8.02e-03), 116 LM iterates recorded [3s]
  [ctrl] traj 1: rollout err 4.849e-02 (t0 1.40e-01, t1 1.22e-01, t50 1.76e-02), 115 LM iterates recorded [1s]
  [ctrl] traj 2: rollout err 2.482e-02 (t0 3.33e-03, t1 3.77e-02, t50 9.03e-03), 120 LM iterates recorded [1s]
  [ctrl] traj 3: rollout err 2.101e-02 (t0 4.06e-03, t1 2.93e-02, t50 2.76e-02), 154 LM iterates recorded [2s]
  [M256] traj 0: rollout err 3.819e-03 (t0 1.18e-03, t1 1.22e-03, t50 7.07e-03), 115 LM iterates recorded [3s]
  [M256] traj 1: rollout err 4.352e-02 (t0 1.40e-01, t1 1.21e-01, t50 1.61e-02), 130 LM iterates recorded [2s]
  [M256] traj 2: rollout err 4.907e-03 (t0 3.33e-03, t1 2.53e-02, t50 3.94e-03), 169 LM iterates recorded [2s]
  [M256] traj 3: rollout err 5.140e-03 (t0 4.06e-03, t1 1.96e-02, t50 5.91e-03), 156 LM iterates recorded [2s]
  oracle traj 0: codes at t=[0, 1, 2, 3, 5, 10, 25, 50] placed
  oracle traj 1: codes at t=[0, 1, 2, 3, 5, 10, 25, 50] placed
  oracle traj 2: codes at t=[0, 1, 2, 3, 5, 10, 25, 50] placed
  oracle traj 3: codes at t=[0, 1, 2, 3, 5, 10, 25, 50] placed
  training snapshots: 16 states
  ctrl  solver t= 1- 1 n=  76  (b) 1.56e-01 [lin 5.0e-14 adv 1.6e-01]  (c1) 5.55e-01 cos 0.4889  (c2) 6.91e-04  (c3) 1.92e-01 cos 0.9715
  ctrl  solver t= 2- 2 n=  19  (b) 3.20e-01 [lin 1.1e-13 adv 3.2e-01]  (c1) 6.16e-01 cos 0.4883  (c2) 6.06e-04  (c3) 4.47e-01 cos 0.6936
  ctrl  solver t= 3- 4 n=  40  (b) 4.01e-01 [lin 1.1e-13 adv 4.0e-01]  (c1) 5.90e-01 cos 0.5786  (c2) 6.34e-04  (c3) 4.91e-01 cos 0.6301
  ctrl  solver t= 5- 9 n=  42  (b) 4.37e-01 [lin 1.6e-13 adv 4.4e-01]  (c1) 6.30e-01 cos 0.5925  (c2) 5.48e-04  (c3) 7.00e-01 cos 0.4497
  ctrl  solver t=10-24 n= 120  (b) 3.83e-01 [lin 1.8e-13 adv 3.8e-01]  (c1) 6.58e-01 cos 0.5604  (c2) 5.01e-04  (c3) 7.13e-01 cos 0.3660
  ctrl  solver t=25-50 n= 208  (b) 4.72e-01 [lin 2.5e-13 adv 4.7e-01]  (c1) 6.56e-01 cos 0.4493  (c2) 4.65e-04  (c3) 8.01e-01 cos 0.2838
  M256  solver t= 1- 1 n= 103  (b) 2.26e-02 [lin 5.1e-14 adv 2.3e-02]  (c1) 2.92e-01 cos 0.8855  (c2) 1.23e-04  (c3) 3.36e-02 cos 0.9988
  M256  solver t= 2- 2 n=  35  (b) 5.68e-02 [lin 1.2e-13 adv 5.7e-02]  (c1) 2.98e-01 cos 0.8679  (c2) 1.34e-04  (c3) 1.67e-01 cos 0.9336
  M256  solver t= 3- 4 n=  59  (b) 5.56e-02 [lin 1.5e-13 adv 5.6e-02]  (c1) 2.53e-01 cos 0.8314  (c2) 6.88e-05  (c3) 2.07e-01 cos 0.8663
  M256  solver t= 5- 9 n=  45  (b) 7.49e-02 [lin 2.8e-13 adv 7.5e-02]  (c1) 3.75e-01 cos 0.7282  (c2) 2.78e-05  (c3) 4.76e-01 cos 0.6447
  M256  solver t=10-24 n= 120  (b) 9.90e-02 [lin 2.9e-13 adv 9.9e-02]  (c1) 4.85e-01 cos 0.4976  (c2) 1.87e-05  (c3) 4.71e-01 cos 0.7725
  M256  solver t=25-50 n= 208  (b) 1.14e-01 [lin 3.6e-13 adv 1.1e-01]  (c1) 5.13e-01 cos 0.4900  (c2) 1.70e-05  (c3) 5.18e-01 cos 0.7241
DONE -> /cluster/tufts/paralab/tawal01/exlin/xl1024k32/out/sep_eq_ladder_N1024_K32_r4a6_exlin.json [937s]
ALL-DONE
