source_commit=b6dcd6f386194cad145aaf705871e5fc91fc9741 job_id=4196062
name, uuid, memory.total [MiB], driver_version
NVIDIA H200, GPU-a8a12c96-fc46-0791-d459-e18b81bc6b19, 143771 MiB, 575.57.08
10.235.106.34:/projects/paralab  4.6T  4.3T  337G  93% /cluster/tufts/paralab
jax_backend=gpu
torch_backend=cuda NVIDIA H200
probe micro-batch 8 does not fit: OutOfMemoryError
probe micro-batch 4 does not fit: OutOfMemoryError
probe micro-batch 2 does not fit: OutOfMemoryError
{"arm": "fno", "epoch": 0, "steps": 64, "train": 0.1643920326265133, "val_mean_case_max": 0.12453907111715257, "val_worst": 0.29812652721673116, "lr": 0.0009279586570892173, "wall": 537.5}
{"arm": "fno", "epoch": 1, "steps": 128, "train": 0.0038285250553582594, "val_mean_case_max": 0.060136848320943556, "val_worst": 0.1392678480125493, "lr": 0.0007257300013893927, "wall": 1074.5}
{"arm": "fno", "epoch": 2, "steps": 192, "train": 0.0011935708448343912, "val_mean_case_max": 0.04226108415577744, "val_worst": 0.08661353007211772, "lr": 0.0004553813466211063, "wall": 1611.7}
{"arm": "fno", "epoch": 3, "steps": 256, "train": 0.00062552789436163, "val_mean_case_max": 0.031985115511935114, "val_worst": 0.06684248388818918, "lr": 0.00020034406639644892, "wall": 2148.9}
{"arm": "fno", "epoch": 4, "steps": 320, "train": 0.0004859217640507928, "val_mean_case_max": 0.028793996764926603, "val_worst": 0.05832243847465879, "lr": 3.9223971699203455e-05, "wall": 2686.1}
{"arm": "fno", "epoch": 5, "steps": 358, "train": 0.0004465682551080653, "val_mean_case_max": 0.02856530030183991, "val_worst": 0.057872809308579416, "lr": 1.0016412295445401e-05, "wall": 3008.1}
ARM DONE fno {"stop_reason": "wall_budget", "epochs_completed": 6, "optimisation_steps": 358, "micro_batch": 1} val_mean_case_max 0.02856530030183991
{"arm": "unet", "epoch": 0, "steps": 64, "train": 0.07858013168776698, "val_mean_case_max": 0.20444805729464355, "val_worst": 0.4637832685308373, "lr": 0.0009956352690476365, "wall": 131.4}
{"arm": "unet", "epoch": 1, "steps": 128, "train": 0.00721346723585428, "val_mean_case_max": 0.09186251876665802, "val_worst": 0.1725350054666399, "lr": 0.00098200322837415, "wall": 262.8}
{"arm": "unet", "epoch": 2, "steps": 192, "train": 0.003236396717259146, "val_mean_case_max": 0.062292530439857455, "val_worst": 0.09800868238506978, "lr": 0.0009593475326402871, "wall": 394.2}
{"arm": "unet", "epoch": 3, "steps": 256, "train": 0.001440943912512024, "val_mean_case_max": 0.03572090725134633, "val_worst": 0.07069420361917947, "lr": 0.0009281006572363627, "wall": 525.7}
{"arm": "unet", "epoch": 4, "steps": 320, "train": 0.00103413813111766, "val_mean_case_max": 0.03430005623274274, "val_worst": 0.058243984843548376, "lr": 0.0008888702865540598, "wall": 657.0}
{"arm": "unet", "epoch": 5, "steps": 384, "train": 0.0006000859427129413, "val_mean_case_max": 0.027641800606109497, "val_worst": 0.04446042957224022, "lr": 0.0008423573361266861, "wall": 788.5}
{"arm": "unet", "epoch": 6, "steps": 448, "train": 0.00042274904984143777, "val_mean_case_max": 0.023436334298711295, "val_worst": 0.03377596695950338, "lr": 0.000789457745055102, "wall": 919.9}
{"arm": "unet", "epoch": 7, "steps": 512, "train": 0.00030889062729124584, "val_mean_case_max": 0.02474546413057297, "val_worst": 0.035241393601335505, "lr": 0.0007311811646843226, "wall": 1051.3}
{"arm": "unet", "epoch": 8, "steps": 576, "train": 0.0003090017927613904, "val_mean_case_max": 0.018986549753793713, "val_worst": 0.02660128427338812, "lr": 0.0006686870836498288, "wall": 1182.7}
{"arm": "unet", "epoch": 9, "steps": 640, "train": 0.0003641417287538259, "val_mean_case_max": 0.019741781879292798, "val_worst": 0.04095802511891645, "lr": 0.0006030577268664207, "wall": 1314.0}
{"arm": "unet", "epoch": 10, "steps": 704, "train": 0.00019382706651044804, "val_mean_case_max": 0.019744418840985274, "val_worst": 0.03692844158759287, "lr": 0.0005356005704688515, "wall": 1445.4}
{"arm": "unet", "epoch": 11, "steps": 768, "train": 0.0001814467111563607, "val_mean_case_max": 0.015142836602250367, "val_worst": 0.022873345178488047, "lr": 0.0004675707463015932, "wall": 1576.8}
{"arm": "unet", "epoch": 12, "steps": 832, "train": 0.0001497781055095941, "val_mean_case_max": 0.015561423389512611, "val_worst": 0.023388505230624444, "lr": 0.0004002130845812472, "wall": 1708.2}
{"arm": "unet", "epoch": 13, "steps": 896, "train": 0.00013736562805894098, "val_mean_case_max": 0.015064545005775875, "val_worst": 0.027843860887424448, "lr": 0.00033485765205388694, "wall": 1839.6}
{"arm": "unet", "epoch": 14, "steps": 960, "train": 0.00012455276446530513, "val_mean_case_max": 0.015328219676264913, "val_worst": 0.02313628869233039, "lr": 0.0002726883768454777, "wall": 1971.0}
{"arm": "unet", "epoch": 15, "steps": 1024, "train": 0.00011444165133474314, "val_mean_case_max": 0.013195824069237678, "val_worst": 0.02058439097768258, "lr": 0.00021494738246898395, "wall": 2102.4}
{"arm": "unet", "epoch": 16, "steps": 1088, "train": 0.00010352622735439372, "val_mean_case_max": 0.01267234459287686, "val_worst": 0.02123221538015715, "lr": 0.0001626536478396162, "wall": 2233.8}
{"arm": "unet", "epoch": 17, "steps": 1152, "train": 0.0001010219902033825, "val_mean_case_max": 0.012346357477916833, "val_worst": 0.02079069111282168, "lr": 0.00011683840932225314, "wall": 2365.3}
{"arm": "unet", "epoch": 18, "steps": 1216, "train": 9.648336292177872e-05, "val_mean_case_max": 0.01254143019305823, "val_worst": 0.02036521294357179, "lr": 7.836140795728908e-05, "wall": 2496.6}
{"arm": "unet", "epoch": 19, "steps": 1280, "train": 9.213989960797307e-05, "val_mean_case_max": 0.012287669867107637, "val_worst": 0.02071873729925026, "lr": 4.7969077274292455e-05, "wall": 2628.1}
{"arm": "unet", "epoch": 20, "steps": 1344, "train": 9.173763892210098e-05, "val_mean_case_max": 0.011834231930274658, "val_worst": 0.01875348473807913, "lr": 2.6201703820742635e-05, "wall": 2759.5}
{"arm": "unet", "epoch": 21, "steps": 1408, "train": 8.911603698952884e-05, "val_mean_case_max": 0.011981920655214343, "val_worst": 0.01897710730388108, "lr": 1.3498043856034534e-05, "wall": 2890.9}
{"arm": "unet", "epoch": 22, "steps": 1463, "train": 8.813005149308396e-05, "val_mean_case_max": 0.011903841472460605, "val_worst": 0.019511330156381693, "lr": 1.0000033891146185e-05, "wall": 3004.1}
ARM DONE unet {"stop_reason": "wall_budget", "epochs_completed": 23, "optimisation_steps": 1463, "micro_batch": 4} val_mean_case_max 0.011834231930274658
{"arm": "transolver", "epoch": 0, "steps": 64, "train": 0.6942885865353169, "val_mean_case_max": 0.419085068512378, "val_worst": 0.5042012597049405, "lr": 0.00039999426700316944, "wall": 7.7}
{"arm": "transolver", "epoch": 1, "steps": 128, "train": 0.04718261697414554, "val_mean_case_max": 0.19637239262267794, "val_worst": 0.3511040708437586, "lr": 0.0007999515026866392, "wall": 15.4}
{"arm": "transolver", "epoch": 2, "steps": 192, "train": 0.039446456852563636, "val_mean_case_max": 0.22483902176433826, "val_worst": 0.45501019125313785, "lr": 0.0009998609250211285, "wall": 22.9}
{"arm": "transolver", "epoch": 3, "steps": 256, "train": 0.018377972077785396, "val_mean_case_max": 0.16745128521252728, "val_worst": 0.3990519665619816, "lr": 0.0009997521025562688, "wall": 30.6}
{"arm": "transolver", "epoch": 4, "steps": 320, "train": 0.012103186863856948, "val_mean_case_max": 0.15275380014217504, "val_worst": 0.2971442920166517, "lr": 0.0009996092784724452, "wall": 38.3}
{"arm": "transolver", "epoch": 5, "steps": 384, "train": 0.00913951285094635, "val_mean_case_max": 0.10022714747184025, "val_worst": 0.1881545758009419, "lr": 0.000999434350851343, "wall": 46.1}
{"arm": "transolver", "epoch": 6, "steps": 448, "train": 0.00840725023708745, "val_mean_case_max": 0.16496071951028346, "val_worst": 0.27080283920236037, "lr": 0.0009992256600630442, "wall": 53.7}
{"arm": "transolver", "epoch": 7, "steps": 512, "train": 0.011162154935576301, "val_mean_case_max": 0.18581096907228856, "val_worst": 0.268414714318707, "lr": 0.00099898971744631, "wall": 61.3}
{"arm": "transolver", "epoch": 8, "steps": 576, "train": 0.013842779452393563, "val_mean_case_max": 0.11207401542997449, "val_worst": 0.1701380512845139, "lr": 0.0009987223643303103, "wall": 68.9}
{"arm": "transolver", "epoch": 9, "steps": 640, "train": 0.005488288874857005, "val_mean_case_max": 0.08529209125897329, "val_worst": 0.18032904571432884, "lr": 0.0009984236917718109, "wall": 76.6}
{"arm": "transolver", "epoch": 10, "steps": 704, "train": 0.005601051917172021, "val_mean_case_max": 0.08956125774566051, "val_worst": 0.19677157827614375, "lr": 0.0009980878711954536, "wall": 84.2}
{"arm": "transolver", "epoch": 11, "steps": 768, "train": 0.0049689696027393065, "val_mean_case_max": 0.07858405624612796, "val_worst": 0.1547036054714411, "lr": 0.0009977260869584502, "wall": 92.0}
{"arm": "transolver", "epoch": 12, "steps": 832, "train": 0.003469751399286688, "val_mean_case_max": 0.06799050529386613, "val_worst": 0.11155521864461936, "lr": 0.000997325924924218, "wall": 99.7}
{"arm": "transolver", "epoch": 13, "steps": 896, "train": 0.0030908986153417996, "val_mean_case_max": 0.05769404386698618, "val_worst": 0.1100993532997938, "lr": 0.000996894516449568, "wall": 107.4}
{"arm": "transolver", "epoch": 14, "steps": 960, "train": 0.0021829762535060426, "val_mean_case_max": 0.05535329483090052, "val_worst": 0.11524258525739377, "lr": 0.0009964308423456325, "wall": 115.1}
{"arm": "transolver", "epoch": 15, "steps": 1024, "train": 0.002118825832676723, "val_mean_case_max": 0.05354809996743265, "val_worst": 0.10436715996880098, "lr": 0.0009959358945389437, "wall": 122.8}
{"arm": "transolver", "epoch": 16, "steps": 1088, "train": 0.0021049957619654475, "val_mean_case_max": 0.0534133093050392, "val_worst": 0.10704015030962657, "lr": 0.0009954086647665252, "wall": 130.5}
{"arm": "transolver", "epoch": 17, "steps": 1152, "train": 0.001714778267291931, "val_mean_case_max": 0.04607518166268653, "val_worst": 0.09244522834443519, "lr": 0.000994850473487571, "wall": 138.3}
{"arm": "transolver", "epoch": 18, "steps": 1216, "train": 0.0015980853851829476, "val_mean_case_max": 0.04881926162416678, "val_worst": 0.09632824605753279, "lr": 0.0009942586190344377, "wall": 145.9}
{"arm": "transolver", "epoch": 19, "steps": 1280, "train": 0.0020512097516329373, "val_mean_case_max": 0.05022883595860483, "val_worst": 0.08498567023279396, "lr": 0.0009936443767031079, "wall": 153.5}
{"arm": "transolver", "epoch": 20, "steps": 1344, "train": 0.0017073886830719373, "val_mean_case_max": 0.05366027379307299, "val_worst": 0.11252767545437878, "lr": 0.000992999084225937, "wall": 161.1}
{"arm": "transolver", "epoch": 21, "steps": 1408, "train": 0.0016307845834765376, "val_mean_case_max": 0.04228417270332201, "val_worst": 0.08169956883258454, "lr": 0.000992322868289828, "wall": 168.8}
{"arm": "transolver", "epoch": 22, "steps": 1472, "train": 0.0015058690862107694, "val_mean_case_max": 0.04569477936519063, "val_worst": 0.09032786799565161, "lr": 0.000991604132501521, "wall": 176.4}
{"arm": "transolver", "epoch": 23, "steps": 1536, "train": 0.0016586127369058465, "val_mean_case_max": 0.04156588204322935, "val_worst": 0.07431838625303087, "lr": 0.0009908656630245407, "wall": 184.1}
{"arm": "transolver", "epoch": 24, "steps": 1600, "train": 0.0014008146835246434, "val_mean_case_max": 0.047346081204464825, "val_worst": 0.07981677396749001, "lr": 0.0009900842126757863, "wall": 191.7}
{"arm": "transolver", "epoch": 25, "steps": 1664, "train": 0.0014833392333290754, "val_mean_case_max": 0.04142252157550176, "val_worst": 0.06500943482167634, "lr": 0.0009892831343193415, "wall": 199.5}
{"arm": "transolver", "epoch": 26, "steps": 1728, "train": 0.0014151607150848045, "val_mean_case_max": 0.056448413350270774, "val_worst": 0.08703831100688392, "lr": 0.0009884394758593463, "wall": 207.1}
{"arm": "transolver", "epoch": 27, "steps": 1792, "train": 0.008595687040569143, "val_mean_case_max": 0.13277444003349062, "val_worst": 0.28045306121287467, "lr": 0.000987577104497425, "wall": 214.7}
{"arm": "transolver", "epoch": 28, "steps": 1856, "train": 0.005376667041172551, "val_mean_case_max": 0.09225281006958161, "val_worst": 0.11653176709468024, "lr": 0.0009866838839496447, "wall": 222.3}
{"arm": "transolver", "epoch": 29, "steps": 1920, "train": 0.002557949748760966, "val_mean_case_max": 0.04900935991956318, "val_worst": 0.09453514886549072, "lr": 0.0009857598921897898, "wall": 229.9}
{"arm": "transolver", "epoch": 30, "steps": 1984, "train": 0.0016297848194133037, "val_mean_case_max": 0.04432337653756674, "val_worst": 0.07998128575690268, "lr": 0.0009848056678925213, "wall": 237.5}
{"arm": "transolver", "epoch": 31, "steps": 2048, "train": 0.001410753066740531, "val_mean_case_max": 0.04004182454815057, "val_worst": 0.06271180179616888, "lr": 0.0009838212568884894, "wall": 245.2}
{"arm": "transolver", "epoch": 32, "steps": 2112, "train": 0.1812130588904539, "val_mean_case_max": 0.41866817355202446, "val_worst": 0.6735831778642629, "lr": 0.0009827911186003936, "wall": 252.8}
{"arm": "transolver", "epoch": 33, "steps": 2176, "train": 0.05696739802748714, "val_mean_case_max": 0.24062677270852578, "val_worst": 0.37919896146797916, "lr": 0.0009817463310693936, "wall": 260.4}
{"arm": "transolver", "epoch": 34, "steps": 2240, "train": 0.027656722592185212, "val_mean_case_max": 0.21125989252747465, "val_worst": 0.38976474409247175, "lr": 0.0009806722674313689, "wall": 268.0}
{"arm": "transolver", "epoch": 35, "steps": 2304, "train": 0.0229252605866262, "val_mean_case_max": 0.19890339447874367, "val_worst": 0.35567750131516784, "lr": 0.0009795681406191172, "wall": 275.6}
{"arm": "transolver", "epoch": 36, "steps": 2368, "train": 0.019699554526362503, "val_mean_case_max": 0.18721096176828173, "val_worst": 0.356985554322031, "lr": 0.0009784341672804796, "wall": 283.2}
{"arm": "transolver", "epoch": 37, "steps": 2432, "train": 0.016762869994773603, "val_mean_case_max": 0.16815180307431918, "val_worst": 0.32677203569293295, "lr": 0.000977267032325069, "wall": 290.8}
{"arm": "transolver", "epoch": 38, "steps": 2496, "train": 0.013518769356319885, "val_mean_case_max": 0.14071199309259563, "val_worst": 0.26950907384060235, "lr": 0.0009760726265374275, "wall": 298.4}
{"arm": "transolver", "epoch": 39, "steps": 2560, "train": 0.014284063716821963, "val_mean_case_max": 0.1315154113756801, "val_worst": 0.2696221055986769, "lr": 0.000974849055537844, "wall": 306.0}
{"arm": "transolver", "epoch": 40, "steps": 2624, "train": 0.010088923797988977, "val_mean_case_max": 0.12439341934716698, "val_worst": 0.23496421394092548, "lr": 0.0009735955172682122, "wall": 313.6}
{"arm": "transolver", "epoch": 41, "steps": 2688, "train": 0.008917661847883031, "val_mean_case_max": 0.1271037226641064, "val_worst": 0.1868950275609191, "lr": 0.0009723120704364406, "wall": 321.2}
{"arm": "transolver", "epoch": 42, "steps": 2752, "train": 0.008596424933681637, "val_mean_case_max": 0.10048926349088091, "val_worst": 0.18100670120157464, "lr": 0.0009709994139142217, "wall": 328.8}
{"arm": "transolver", "epoch": 43, "steps": 2816, "train": 0.006987902142493235, "val_mean_case_max": 0.10499200867138973, "val_worst": 0.22250898280406323, "lr": 0.0009696571949468796, "wall": 336.4}
{"arm": "transolver", "epoch": 44, "steps": 2880, "train": 0.005294670738311432, "val_mean_case_max": 0.08562795136571041, "val_worst": 0.18287553166011597, "lr": 0.000968285586170383, "wall": 344.0}
{"arm": "transolver", "epoch": 45, "steps": 2944, "train": 0.010193162044955954, "val_mean_case_max": 0.1875631780567335, "val_worst": 0.31047222577881606, "lr": 0.0009668844610210518, "wall": 351.6}
{"arm": "transolver", "epoch": 46, "steps": 3008, "train": 0.010101553240692866, "val_mean_case_max": 0.10037370361982437, "val_worst": 0.20920739663827995, "lr": 0.0009654542315095025, "wall": 359.2}
{"arm": "transolver", "epoch": 47, "steps": 3072, "train": 0.006951295314070291, "val_mean_case_max": 0.09508585839995701, "val_worst": 0.18586210150684354, "lr": 0.0009639946047375122, "wall": 366.8}
{"arm": "transolver", "epoch": 48, "steps": 3136, "train": 0.004424710030169539, "val_mean_case_max": 0.08119108606780111, "val_worst": 0.1829463529412465, "lr": 0.0009625048515374827, "wall": 374.4}
{"arm": "transolver", "epoch": 49, "steps": 3200, "train": 0.0037245158299724834, "val_mean_case_max": 0.07749980815036403, "val_worst": 0.1377974414473444, "lr": 0.0009609870696231422, "wall": 381.9}
{"arm": "transolver", "epoch": 50, "steps": 3264, "train": 0.0036527112227527406, "val_mean_case_max": 0.0702234051898594, "val_worst": 0.13403828418092664, "lr": 0.0009594409399714175, "wall": 389.5}
{"arm": "transolver", "epoch": 51, "steps": 3328, "train": 0.03307355630417799, "val_mean_case_max": 0.26629475368489136, "val_worst": 0.513116378603994, "lr": 0.0009578632504335724, "wall": 397.1}
{"arm": "transolver", "epoch": 52, "steps": 3392, "train": 0.025867930520208117, "val_mean_case_max": 0.24359990674335044, "val_worst": 0.4186425508231581, "lr": 0.0009562602022726354, "wall": 404.7}
{"arm": "transolver", "epoch": 53, "steps": 3456, "train": 0.021735521720484218, "val_mean_case_max": 0.1801082627202639, "val_worst": 0.3648935416801356, "lr": 0.0009546294636766962, "wall": 412.3}
{"arm": "transolver", "epoch": 54, "steps": 3520, "train": 0.015798320208321066, "val_mean_case_max": 0.155721036385233, "val_worst": 0.30664234283963004, "lr": 0.0009529693002275261, "wall": 419.9}
{"arm": "transolver", "epoch": 55, "steps": 3584, "train": 0.010833121706040248, "val_mean_case_max": 0.14302004416819136, "val_worst": 0.25000475032779346, "lr": 0.0009512815760942903, "wall": 427.5}
{"arm": "transolver", "epoch": 56, "steps": 3648, "train": 0.009933640479037298, "val_mean_case_max": 0.1247702860841665, "val_worst": 0.21834152432566753, "lr": 0.0009495651156682218, "wall": 435.1}
{"arm": "transolver", "epoch": 57, "steps": 3712, "train": 0.0074928120542954845, "val_mean_case_max": 0.10412948526389829, "val_worst": 0.1959763849497302, "lr": 0.0009478207702211668, "wall": 442.7}
{"arm": "transolver", "epoch": 58, "steps": 3776, "train": 0.007449089440743223, "val_mean_case_max": 0.11904046365587212, "val_worst": 0.21595542088154288, "lr": 0.0009460487134217129, "wall": 450.3}
{"arm": "transolver", "epoch": 59, "steps": 3840, "train": 0.007157514939359721, "val_mean_case_max": 0.10319383476088717, "val_worst": 0.20067602314328115, "lr": 0.0009442484896228971, "wall": 457.9}
{"arm": "transolver", "epoch": 60, "steps": 3904, "train": 0.006571243937269071, "val_mean_case_max": 0.0957768449104979, "val_worst": 0.2054554905975057, "lr": 0.000942420775242314, "wall": 465.5}
{"arm": "transolver", "epoch": 61, "steps": 3968, "train": 0.006386039898409404, "val_mean_case_max": 0.11181178661393991, "val_worst": 0.15901267084431384, "lr": 0.0009405649588882333, "wall": 473.1}
{"arm": "transolver", "epoch": 62, "steps": 4032, "train": 0.005190424310447918, "val_mean_case_max": 0.09238085335973559, "val_worst": 0.16451753220339416, "lr": 0.0009386820693430208, "wall": 480.6}
{"arm": "transolver", "epoch": 63, "steps": 4096, "train": 0.0043927746403965105, "val_mean_case_max": 0.0874663858928943, "val_worst": 0.17936909728187164, "lr": 0.0009367717074691086, "wall": 488.2}
{"arm": "transolver", "epoch": 64, "steps": 4160, "train": 0.003919791919726806, "val_mean_case_max": 0.08599354807179976, "val_worst": 0.12568320305344205, "lr": 0.0009348338740060975, "wall": 495.8}
{"arm": "transolver", "epoch": 65, "steps": 4224, "train": 0.0039462858927155845, "val_mean_case_max": 0.07754837753505145, "val_worst": 0.16848050638662834, "lr": 0.0009328688157833725, "wall": 503.4}
{"arm": "transolver", "epoch": 66, "steps": 4288, "train": 0.004034073555009647, "val_mean_case_max": 0.07257359124958515, "val_worst": 0.1243097656537427, "lr": 0.0009308760146584605, "wall": 511.0}
{"arm": "transolver", "epoch": 67, "steps": 4352, "train": 0.006645094571379708, "val_mean_case_max": 0.0779610125822526, "val_worst": 0.15281259491507995, "lr": 0.0009288571738341615, "wall": 518.6}
{"arm": "transolver", "epoch": 68, "steps": 4416, "train": 0.0030525830772088762, "val_mean_case_max": 0.06213126093259586, "val_worst": 0.12439588731254775, "lr": 0.0009268111888372789, "wall": 526.2}
{"arm": "transolver", "epoch": 69, "steps": 4480, "train": 0.0039019298874620983, "val_mean_case_max": 0.07018671421458779, "val_worst": 0.13911136810318986, "lr": 0.0009247388402259633, "wall": 533.8}
{"arm": "transolver", "epoch": 70, "steps": 4544, "train": 0.0027260051371992516, "val_mean_case_max": 0.06283508057461053, "val_worst": 0.12858260837939736, "lr": 0.000922639338225375, "wall": 541.4}
{"arm": "transolver", "epoch": 71, "steps": 4608, "train": 0.003157568259128631, "val_mean_case_max": 0.06335350502606765, "val_worst": 0.13342560683322469, "lr": 0.0009205144317585406, "wall": 549.0}
{"arm": "transolver", "epoch": 72, "steps": 4672, "train": 0.0024770463411632566, "val_mean_case_max": 0.0585901115251285, "val_worst": 0.12490649305854203, "lr": 0.0009183627884508722, "wall": 556.6}
{"arm": "transolver", "epoch": 73, "steps": 4736, "train": 0.0021229441126930106, "val_mean_case_max": 0.05287219807982427, "val_worst": 0.09914654132870804, "lr": 0.0009161832667965631, "wall": 564.1}
{"arm": "transolver", "epoch": 74, "steps": 4800, "train": 0.0020748943099904308, "val_mean_case_max": 0.05556505698489979, "val_worst": 0.09904950770740702, "lr": 0.0009139787567158822, "wall": 571.7}
{"arm": "transolver", "epoch": 75, "steps": 4864, "train": 0.08370956509776167, "val_mean_case_max": 0.32470460699955117, "val_worst": 0.33863853919102677, "lr": 0.0009117483565623404, "wall": 579.3}
{"arm": "transolver", "epoch": 76, "steps": 4928, "train": 0.02504848939087606, "val_mean_case_max": 0.17287636229373532, "val_worst": 0.31352008262752884, "lr": 0.0009094923337518427, "wall": 586.9}
{"arm": "transolver", "epoch": 77, "steps": 4992, "train": 0.010593613484176735, "val_mean_case_max": 0.12516614819809457, "val_worst": 0.27842884195174183, "lr": 0.0009072115444668539, "wall": 594.5}
{"arm": "transolver", "epoch": 78, "steps": 5056, "train": 0.007455583710974899, "val_mean_case_max": 0.1162451014805253, "val_worst": 0.25053071602773425, "lr": 0.000904905076116822, "wall": 602.1}
{"arm": "transolver", "epoch": 79, "steps": 5120, "train": 0.00635571998200872, "val_mean_case_max": 0.11901614535265592, "val_worst": 0.277822483486702, "lr": 0.0009025729895965887, "wall": 609.7}
{"arm": "transolver", "epoch": 80, "steps": 5184, "train": 0.005649158712296427, "val_mean_case_max": 0.10364172747469393, "val_worst": 0.20908486061975193, "lr": 0.0009002151291538469, "wall": 617.3}
{"arm": "transolver", "epoch": 81, "steps": 5248, "train": 0.004711351773555936, "val_mean_case_max": 0.08256985236576111, "val_worst": 0.1732079695015348, "lr": 0.0008978329270091351, "wall": 624.9}
{"arm": "transolver", "epoch": 82, "steps": 5312, "train": 0.0035819147080847495, "val_mean_case_max": 0.07816023988867549, "val_worst": 0.14751261291666948, "lr": 0.0008954252086449561, "wall": 632.5}
{"arm": "transolver", "epoch": 83, "steps": 5376, "train": 0.0032057641376910416, "val_mean_case_max": 0.06990269799714838, "val_worst": 0.1553316935566971, "lr": 0.0008929932392821197, "wall": 640.1}
{"arm": "transolver", "epoch": 84, "steps": 5440, "train": 0.003213282386884287, "val_mean_case_max": 0.06901481493694575, "val_worst": 0.14307681942514183, "lr": 0.0008905348239119289, "wall": 647.7}
{"arm": "transolver", "epoch": 85, "steps": 5504, "train": 0.002775575066077595, "val_mean_case_max": 0.06583141184862523, "val_worst": 0.13138941981444577, "lr": 0.0008880542512662093, "wall": 655.3}
{"arm": "transolver", "epoch": 86, "steps": 5568, "train": 0.002659374800371865, "val_mean_case_max": 0.06469710471008815, "val_worst": 0.12641889299911968, "lr": 0.000885549780353293, "wall": 662.9}
{"arm": "transolver", "epoch": 87, "steps": 5632, "train": 0.002797624886046653, "val_mean_case_max": 0.0557042724285842, "val_worst": 0.1170424642372416, "lr": 0.0008830208853217354, "wall": 670.5}
{"arm": "transolver", "epoch": 88, "steps": 5696, "train": 0.0022672246949484855, "val_mean_case_max": 0.05250839848486794, "val_worst": 0.10820414863352577, "lr": 0.0008804669748945893, "wall": 678.1}
{"arm": "transolver", "epoch": 89, "steps": 5760, "train": 0.0025614965159735524, "val_mean_case_max": 0.05430174305508406, "val_worst": 0.12341445126623485, "lr": 0.0008778891835759106, "wall": 685.6}
{"arm": "transolver", "epoch": 90, "steps": 5824, "train": 0.002237999421021974, "val_mean_case_max": 0.05424316949874697, "val_worst": 0.09641888941952621, "lr": 0.0008752885253646304, "wall": 693.2}
{"arm": "transolver", "epoch": 91, "steps": 5888, "train": 0.0018978893087642375, "val_mean_case_max": 0.048803554971714395, "val_worst": 0.10067917331140461, "lr": 0.0008726609090926365, "wall": 700.8}
{"arm": "transolver", "epoch": 92, "steps": 5952, "train": 0.002035090845253946, "val_mean_case_max": 0.050037338739280735, "val_worst": 0.10321631752766104, "lr": 0.0008700142697296017, "wall": 708.4}
{"arm": "transolver", "epoch": 93, "steps": 6016, "train": 0.001735262812436104, "val_mean_case_max": 0.046007024613575496, "val_worst": 0.08505875998344009, "lr": 0.0008673445020018963, "wall": 716.0}
{"arm": "transolver", "epoch": 94, "steps": 6080, "train": 0.0017566212001399275, "val_mean_case_max": 0.04596514173098743, "val_worst": 0.0904367434483124, "lr": 0.0008646521262654557, "wall": 723.6}
{"arm": "transolver", "epoch": 95, "steps": 6144, "train": 0.0016462472000700807, "val_mean_case_max": 0.044875316557372195, "val_worst": 0.08658170828588797, "lr": 0.000861936681136706, "wall": 731.2}
{"arm": "transolver", "epoch": 96, "steps": 6208, "train": 0.0017496245471405197, "val_mean_case_max": 0.052656179106294075, "val_worst": 0.09781989272162649, "lr": 0.0008591981591742574, "wall": 738.8}
{"arm": "transolver", "epoch": 97, "steps": 6272, "train": 0.0020960191027738426, "val_mean_case_max": 0.0507573407126492, "val_worst": 0.08352061509058531, "lr": 0.0008564378751148783, "wall": 746.4}
{"arm": "transolver", "epoch": 98, "steps": 6336, "train": 0.001826280211993771, "val_mean_case_max": 0.04400234523789749, "val_worst": 0.06981743120042483, "lr": 0.0008536527701772906, "wall": 754.0}
{"arm": "transolver", "epoch": 99, "steps": 6400, "train": 0.0015802041621756694, "val_mean_case_max": 0.048914920803548964, "val_worst": 0.08318105608121466, "lr": 0.0008508449152661136, "wall": 761.6}
{"arm": "transolver", "epoch": 100, "steps": 6464, "train": 0.001659345413750873, "val_mean_case_max": 0.045958256291755234, "val_worst": 0.07836039153252676, "lr": 0.0008480169800272476, "wall": 769.2}
{"arm": "transolver", "epoch": 101, "steps": 6528, "train": 0.0015466120613384627, "val_mean_case_max": 0.045320633181482384, "val_worst": 0.07817039268623484, "lr": 0.0008451680484676008, "wall": 776.8}
{"arm": "transolver", "epoch": 102, "steps": 6592, "train": 0.0017282984551539454, "val_mean_case_max": 0.04292663762252139, "val_worst": 0.06879377118733539, "lr": 0.0008422978204160998, "wall": 784.4}
{"arm": "transolver", "epoch": 103, "steps": 6656, "train": 0.002481310924625883, "val_mean_case_max": 0.066809093607199, "val_worst": 0.14683513160905887, "lr": 0.0008394053919889672, "wall": 792.0}
{"arm": "transolver", "epoch": 104, "steps": 6720, "train": 0.003613696426664494, "val_mean_case_max": 0.05678961426160669, "val_worst": 0.1144535372068198, "lr": 0.0008364904248302706, "wall": 799.6}
{"arm": "transolver", "epoch": 105, "steps": 6784, "train": 0.0017455564386795659, "val_mean_case_max": 0.04565119366289634, "val_worst": 0.1002686479682113, "lr": 0.0008335549163959401, "wall": 807.2}
{"arm": "transolver", "epoch": 106, "steps": 6848, "train": 0.0015118326729506855, "val_mean_case_max": 0.045436708588455915, "val_worst": 0.09630152418978408, "lr": 0.0008305995404170116, "wall": 814.8}
{"arm": "transolver", "epoch": 107, "steps": 6912, "train": 0.0015024549903858782, "val_mean_case_max": 0.04684980848773333, "val_worst": 0.09255721784422306, "lr": 0.0008276233546901702, "wall": 822.4}
{"arm": "transolver", "epoch": 108, "steps": 6976, "train": 0.001615852620195503, "val_mean_case_max": 0.04395517097363683, "val_worst": 0.07822668326475055, "lr": 0.0008246250431550208, "wall": 830.0}
{"arm": "transolver", "epoch": 109, "steps": 7040, "train": 0.0014961089819529837, "val_mean_case_max": 0.03901881049982005, "val_worst": 0.07112700808115262, "lr": 0.0008216076802905466, "wall": 837.7}
{"arm": "transolver", "epoch": 110, "steps": 7104, "train": 0.0013558577679520661, "val_mean_case_max": 0.042671139888343805, "val_worst": 0.07227084358011626, "lr": 0.0008185265313952251, "wall": 845.3}
{"arm": "transolver", "epoch": 111, "steps": 7168, "train": 0.001363928737673196, "val_mean_case_max": 0.05005616621134244, "val_worst": 0.09060537726748279, "lr": 0.000815469504490744, "wall": 852.9}
{"arm": "transolver", "epoch": 112, "steps": 7232, "train": 0.001572968865585743, "val_mean_case_max": 0.03889299828451076, "val_worst": 0.07228127144054645, "lr": 0.0008123921783007555, "wall": 860.6}
{"arm": "transolver", "epoch": 113, "steps": 7296, "train": 0.001557871976321253, "val_mean_case_max": 0.07316796716194454, "val_worst": 0.11223328072011915, "lr": 0.000809258354920373, "wall": 868.2}
{"arm": "transolver", "epoch": 114, "steps": 7360, "train": 0.003576376639105326, "val_mean_case_max": 0.053755707641233, "val_worst": 0.12533129180159971, "lr": 0.0008061416230699201, "wall": 875.8}
{"arm": "transolver", "epoch": 115, "steps": 7424, "train": 0.005006790017049306, "val_mean_case_max": 0.07842004215891413, "val_worst": 0.13664856077713647, "lr": 0.0008030059983259898, "wall": 883.4}
{"arm": "transolver", "epoch": 116, "steps": 7488, "train": 0.00244070182068075, "val_mean_case_max": 0.0512645613779635, "val_worst": 0.10901144930671772, "lr": 0.0007998526893430011, "wall": 891.0}
{"arm": "transolver", "epoch": 117, "steps": 7552, "train": 0.0019326836015292077, "val_mean_case_max": 0.04592311394803346, "val_worst": 0.08953319537150932, "lr": 0.0007966807181819868, "wall": 898.5}
{"arm": "transolver", "epoch": 118, "steps": 7616, "train": 0.0014465751909949493, "val_mean_case_max": 0.04930025550436254, "val_worst": 0.10029079167034217, "lr": 0.0007934896002714692, "wall": 906.1}
{"arm": "transolver", "epoch": 119, "steps": 7680, "train": 0.001592407196240763, "val_mean_case_max": 0.042428129945430965, "val_worst": 0.07755519312456446, "lr": 0.0007902816603733281, "wall": 913.7}
{"arm": "transolver", "epoch": 120, "steps": 7744, "train": 0.0013012859787228655, "val_mean_case_max": 0.038378291170924596, "val_worst": 0.06091001604871749, "lr": 0.0007870550372763536, "wall": 921.4}
{"arm": "transolver", "epoch": 121, "steps": 7808, "train": 0.0012068881931184162, "val_mean_case_max": 0.03873393001433403, "val_worst": 0.07367195494979205, "lr": 0.0007837669686130974, "wall": 929.0}
{"arm": "transolver", "epoch": 122, "steps": 7872, "train": 0.0017885360931946131, "val_mean_case_max": 0.05892404345731581, "val_worst": 0.11758765604227685, "lr": 0.0007805046168623017, "wall": 936.6}
{"arm": "transolver", "epoch": 123, "steps": 7936, "train": 0.020916243868678755, "val_mean_case_max": 0.21068703578550693, "val_worst": 0.4456152619264957, "lr": 0.0007772244508792061, "wall": 944.2}
{"arm": "transolver", "epoch": 124, "steps": 8000, "train": 0.01866299896276858, "val_mean_case_max": 0.1300732212698602, "val_worst": 0.2157764508531953, "lr": 0.0007739290252150706, "wall": 951.8}
{"arm": "transolver", "epoch": 125, "steps": 8064, "train": 0.006191909674294635, "val_mean_case_max": 0.0961773921526726, "val_worst": 0.19753687191702543, "lr": 0.0007706149760992069, "wall": 959.4}
{"arm": "transolver", "epoch": 126, "steps": 8128, "train": 0.0037934287655901995, "val_mean_case_max": 0.06802192061815385, "val_worst": 0.14335544164778727, "lr": 0.0007672853352524671, "wall": 967.0}
{"arm": "transolver", "epoch": 127, "steps": 8192, "train": 0.002446242595423228, "val_mean_case_max": 0.05272480357054378, "val_worst": 0.11744177454010497, "lr": 0.0007639389048423655, "wall": 974.6}
{"arm": "transolver", "epoch": 128, "steps": 8256, "train": 0.0017624062717114509, "val_mean_case_max": 0.043391759912807186, "val_worst": 0.07792451572889837, "lr": 0.0007605755474404144, "wall": 982.2}
{"arm": "transolver", "epoch": 129, "steps": 8320, "train": 0.0013860073035014168, "val_mean_case_max": 0.03929639620065176, "val_worst": 0.07831648421358611, "lr": 0.0007571975036190794, "wall": 989.8}
{"arm": "transolver", "epoch": 130, "steps": 8384, "train": 0.001206257689196712, "val_mean_case_max": 0.037020258929230755, "val_worst": 0.06938138792033847, "lr": 0.0007538030496380629, "wall": 997.5}
{"arm": "transolver", "epoch": 131, "steps": 8448, "train": 0.001097559192859407, "val_mean_case_max": 0.03614176869215363, "val_worst": 0.06664109565059845, "lr": 0.000750343177910003, "wall": 1005.2}
{"arm": "transolver", "epoch": 132, "steps": 8512, "train": 0.0010543511457076168, "val_mean_case_max": 0.036360692354018134, "val_worst": 0.0730915393524504, "lr": 0.0007468590672309644, "wall": 1012.8}
{"arm": "transolver", "epoch": 133, "steps": 8576, "train": 0.0012196136772414357, "val_mean_case_max": 0.05485805686849943, "val_worst": 0.10356548886096154, "lr": 0.0007434180757150932, "wall": 1020.4}
{"arm": "transolver", "epoch": 134, "steps": 8640, "train": 0.044904549342269263, "val_mean_case_max": 0.2859173888603946, "val_worst": 0.4101338871133244, "lr": 0.0007399557126245834, "wall": 1028.0}
{"arm": "transolver", "epoch": 135, "steps": 8704, "train": 0.03471231535116823, "val_mean_case_max": 0.1829667779636802, "val_worst": 0.3301908236320962, "lr": 0.0007364823236792491, "wall": 1035.6}
{"arm": "transolver", "epoch": 136, "steps": 8768, "train": 0.020975890923283905, "val_mean_case_max": 0.7041231356578544, "val_worst": 1.0761165529134389, "lr": 0.0007329953078096652, "wall": 1043.2}
{"arm": "transolver", "epoch": 137, "steps": 8832, "train": 0.04067570273188059, "val_mean_case_max": 0.16529199584600815, "val_worst": 0.3520097782576073, "lr": 0.0007294943132641552, "wall": 1050.8}
{"arm": "transolver", "epoch": 138, "steps": 8896, "train": 0.021431741144796353, "val_mean_case_max": 0.15238633335181379, "val_worst": 0.35078570647720564, "lr": 0.0007259765523187122, "wall": 1058.4}
{"arm": "transolver", "epoch": 139, "steps": 8960, "train": 0.009930239681502698, "val_mean_case_max": 0.14449751263097566, "val_worst": 0.2627562609552702, "lr": 0.0007224478222549821, "wall": 1066.0}
{"arm": "transolver", "epoch": 140, "steps": 9024, "train": 0.009115712044255219, "val_mean_case_max": 0.1406469923059883, "val_worst": 0.25039399828864173, "lr": 0.0007189048679948843, "wall": 1073.6}
{"arm": "transolver", "epoch": 141, "steps": 9088, "train": 0.008173705494879852, "val_mean_case_max": 0.12990525525067623, "val_worst": 0.22013992984411343, "lr": 0.0007153478516697539, "wall": 1081.2}
{"arm": "transolver", "epoch": 142, "steps": 9152, "train": 0.007441749938958178, "val_mean_case_max": 0.11680476970422365, "val_worst": 0.24808726509276058, "lr": 0.0007117773423225226, "wall": 1088.8}
{"arm": "transolver", "epoch": 143, "steps": 9216, "train": 0.006267423211648985, "val_mean_case_max": 0.10627441415410577, "val_worst": 0.23463853161386986, "lr": 0.000708194653501769, "wall": 1096.4}
{"arm": "transolver", "epoch": 144, "steps": 9280, "train": 0.005361204715327099, "val_mean_case_max": 0.0938489002185339, "val_worst": 0.20349480285105295, "lr": 0.0007045981640403429, "wall": 1103.9}
{"arm": "transolver", "epoch": 145, "steps": 9344, "train": 0.005584037678435988, "val_mean_case_max": 0.08484332090743305, "val_worst": 0.17624887531200933, "lr": 0.0007009874145610815, "wall": 1111.5}
{"arm": "transolver", "epoch": 146, "steps": 9408, "train": 0.005205106491980206, "val_mean_case_max": 0.08525834341998399, "val_worst": 0.15814458697315512, "lr": 0.0006973669541566396, "wall": 1119.1}
{"arm": "transolver", "epoch": 147, "steps": 9472, "train": 0.003373950083357583, "val_mean_case_max": 0.0665565303107063, "val_worst": 0.14668218380761558, "lr": 0.0006937345560967159, "wall": 1126.7}
{"arm": "transolver", "epoch": 148, "steps": 9536, "train": 0.0025179569799508444, "val_mean_case_max": 0.05746285205246781, "val_worst": 0.13120589089862855, "lr": 0.0006900890529018959, "wall": 1134.3}
{"arm": "transolver", "epoch": 149, "steps": 9600, "train": 0.0021388087076582244, "val_mean_case_max": 0.05395246448920315, "val_worst": 0.12109340072753629, "lr": 0.0006864333363911719, "wall": 1141.9}
{"arm": "transolver", "epoch": 150, "steps": 9664, "train": 0.005597837532038992, "val_mean_case_max": 0.13051251030563102, "val_worst": 0.3013002509461019, "lr": 0.0006827661941530376, "wall": 1149.5}
{"arm": "transolver", "epoch": 151, "steps": 9728, "train": 0.030140112122220657, "val_mean_case_max": 0.19347884277849353, "val_worst": 0.3256798030519018, "lr": 0.0006790861191921095, "wall": 1157.1}
{"arm": "transolver", "epoch": 152, "steps": 9792, "train": 0.016389139962896065, "val_mean_case_max": 0.14775446717169627, "val_worst": 0.26418644941237596, "lr": 0.0006753957061482884, "wall": 1164.7}
{"arm": "transolver", "epoch": 153, "steps": 9856, "train": 0.010249495774567824, "val_mean_case_max": 0.13906241168670827, "val_worst": 0.2622174659529953, "lr": 0.0006716957500091525, "wall": 1172.3}
{"arm": "transolver", "epoch": 154, "steps": 9920, "train": 0.009402039113699745, "val_mean_case_max": 0.13490374126842272, "val_worst": 0.2804353520992513, "lr": 0.0006679849116754804, "wall": 1179.9}
{"arm": "transolver", "epoch": 155, "steps": 9984, "train": 0.009075298207250176, "val_mean_case_max": 0.13406956658591884, "val_worst": 0.31529926656821766, "lr": 0.0006642633231145157, "wall": 1187.5}
{"arm": "transolver", "epoch": 156, "steps": 10048, "train": 0.00903788615466174, "val_mean_case_max": 0.13184806997471232, "val_worst": 0.24200258144912107, "lr": 0.0006605317438014342, "wall": 1195.1}
{"arm": "transolver", "epoch": 157, "steps": 10112, "train": 0.009395209258676318, "val_mean_case_max": 0.15434388699567497, "val_worst": 0.2869089898334752, "lr": 0.0006567904570497282, "wall": 1202.7}
{"arm": "transolver", "epoch": 158, "steps": 10176, "train": 0.009062336768918596, "val_mean_case_max": 0.1237921132534152, "val_worst": 0.2580468317976723, "lr": 0.0006530394259960852, "wall": 1210.3}
{"arm": "transolver", "epoch": 159, "steps": 10240, "train": 0.007815201919399623, "val_mean_case_max": 0.11817382583532723, "val_worst": 0.2518916029917666, "lr": 0.0006492801196250379, "wall": 1217.8}
{"arm": "transolver", "epoch": 160, "steps": 10304, "train": 0.007301049480249955, "val_mean_case_max": 0.12514018812123007, "val_worst": 0.26152271581527686, "lr": 0.0006455110915073948, "wall": 1225.4}
{"arm": "transolver", "epoch": 161, "steps": 10368, "train": 0.008017674684158087, "val_mean_case_max": 0.12204985093464567, "val_worst": 0.2741733430481339, "lr": 0.0006417277438925788, "wall": 1233.0}
{"arm": "transolver", "epoch": 162, "steps": 10432, "train": 0.007056623544242642, "val_mean_case_max": 0.13173471465790504, "val_worst": 0.2390300899601528, "lr": 0.0006379408349436182, "wall": 1240.6}
{"arm": "transolver", "epoch": 163, "steps": 10496, "train": 0.006581762694825562, "val_mean_case_max": 0.10086831555553538, "val_worst": 0.22434105213657243, "lr": 0.0006341453493527565, "wall": 1248.2}
{"arm": "transolver", "epoch": 164, "steps": 10560, "train": 0.005568322373294446, "val_mean_case_max": 0.09369879445672542, "val_worst": 0.1696604841328392, "lr": 0.0006303424282189369, "wall": 1255.8}
{"arm": "transolver", "epoch": 165, "steps": 10624, "train": 0.006860116481536865, "val_mean_case_max": 0.11330866816972254, "val_worst": 0.1885801694541667, "lr": 0.0006265306481315355, "wall": 1263.4}
{"arm": "transolver", "epoch": 166, "steps": 10688, "train": 0.00650325837116982, "val_mean_case_max": 0.0860135370079688, "val_worst": 0.14552311316573424, "lr": 0.0006227100800314546, "wall": 1271.0}
{"arm": "transolver", "epoch": 167, "steps": 10752, "train": 0.003948686094202215, "val_mean_case_max": 0.07115127525487025, "val_worst": 0.14840261919445802, "lr": 0.0006188814111476471, "wall": 1278.6}
{"arm": "transolver", "epoch": 168, "steps": 10816, "train": 0.0036285832805199635, "val_mean_case_max": 0.07499303868484822, "val_worst": 0.15775863201910859, "lr": 0.0006150459492456819, "wall": 1286.2}
{"arm": "transolver", "epoch": 169, "steps": 10880, "train": 0.003663747068415978, "val_mean_case_max": 0.07013384045838318, "val_worst": 0.1239845619388847, "lr": 0.0006112050865745471, "wall": 1293.8}
{"arm": "transolver", "epoch": 170, "steps": 10944, "train": 0.0032942282672071476, "val_mean_case_max": 0.06530129142758287, "val_worst": 0.14524483874483934, "lr": 0.0006073559284615785, "wall": 1301.4}
{"arm": "transolver", "epoch": 171, "steps": 11008, "train": 0.002900326881569431, "val_mean_case_max": 0.06194702325723377, "val_worst": 0.13304016166346033, "lr": 0.0006035009834869127, "wall": 1309.0}
{"arm": "transolver", "epoch": 172, "steps": 11072, "train": 0.002701191403470973, "val_mean_case_max": 0.05673396481573596, "val_worst": 0.11694533771379237, "lr": 0.0005996401278762758, "wall": 1316.6}
{"arm": "transolver", "epoch": 173, "steps": 11136, "train": 0.0023179223744947777, "val_mean_case_max": 0.06546215438287073, "val_worst": 0.11629109975218084, "lr": 0.0005957717666519982, "wall": 1324.2}
{"arm": "transolver", "epoch": 174, "steps": 11200, "train": 0.003151906786919544, "val_mean_case_max": 0.11002778564331045, "val_worst": 0.1881823792537481, "lr": 0.0005918991989871226, "wall": 1331.8}
{"arm": "transolver", "epoch": 175, "steps": 11264, "train": 0.016796474313941365, "val_mean_case_max": 0.11168503156289131, "val_worst": 0.2665214342975157, "lr": 0.0005880220766971958, "wall": 1339.4}
{"arm": "transolver", "epoch": 176, "steps": 11328, "train": 0.012110941150342334, "val_mean_case_max": 0.2059444017227015, "val_worst": 0.3948839632898621, "lr": 0.0005841398892888792, "wall": 1347.0}
{"arm": "transolver", "epoch": 177, "steps": 11392, "train": 0.013100349879966878, "val_mean_case_max": 0.10511063706390975, "val_worst": 0.2578228090533086, "lr": 0.0005802515381084621, "wall": 1354.5}
{"arm": "transolver", "epoch": 178, "steps": 11456, "train": 0.006135461764050431, "val_mean_case_max": 0.08016258641199689, "val_worst": 0.17649383934142615, "lr": 0.0005763600205882103, "wall": 1362.1}
{"arm": "transolver", "epoch": 179, "steps": 11520, "train": 0.006300437951576098, "val_mean_case_max": 0.08061439537982473, "val_worst": 0.16770800819473383, "lr": 0.0005724636573074104, "wall": 1369.7}
{"arm": "transolver", "epoch": 180, "steps": 11584, "train": 0.0034502852206428946, "val_mean_case_max": 0.073557113173681, "val_worst": 0.12634317337222123, "lr": 0.00056856249983964, "wall": 1377.3}
{"arm": "transolver", "epoch": 181, "steps": 11648, "train": 0.0030284572750611995, "val_mean_case_max": 0.05815157751435863, "val_worst": 0.11566694800387195, "lr": 0.0005646574923487887, "wall": 1384.9}
{"arm": "transolver", "epoch": 182, "steps": 11712, "train": 0.002546253575526988, "val_mean_case_max": 0.05495790585327617, "val_worst": 0.10328758494431683, "lr": 0.0005607481382217033, "wall": 1392.5}
{"arm": "transolver", "epoch": 183, "steps": 11776, "train": 0.002326897118312906, "val_mean_case_max": 0.05280462879519846, "val_worst": 0.10370595844848235, "lr": 0.0005568356869504924, "wall": 1400.1}
{"arm": "transolver", "epoch": 184, "steps": 11840, "train": 0.002257713021469946, "val_mean_case_max": 0.05101769990812963, "val_worst": 0.10270850354811396, "lr": 0.0005529197418837247, "wall": 1407.7}
{"arm": "transolver", "epoch": 185, "steps": 11904, "train": 0.0019340008144254999, "val_mean_case_max": 0.05438066877871027, "val_worst": 0.11974672028083426, "lr": 0.0005490013495202371, "wall": 1415.3}
{"arm": "transolver", "epoch": 186, "steps": 11968, "train": 0.00240678176149584, "val_mean_case_max": 0.06032171298662059, "val_worst": 0.1305075165783213, "lr": 0.0005450785241820285, "wall": 1422.9}
{"arm": "transolver", "epoch": 187, "steps": 12032, "train": 0.002217893397381096, "val_mean_case_max": 0.050506270413830566, "val_worst": 0.09440498679471862, "lr": 0.0005411547242603489, "wall": 1430.5}
{"arm": "transolver", "epoch": 188, "steps": 12096, "train": 0.0019549644508860785, "val_mean_case_max": 0.05020786125842941, "val_worst": 0.09813954533623886, "lr": 0.00053722751378894, "wall": 1438.1}
{"arm": "transolver", "epoch": 189, "steps": 12160, "train": 0.001777950996606938, "val_mean_case_max": 0.05235933559332215, "val_worst": 0.09102199042069727, "lr": 0.0005332993032833772, "wall": 1445.7}
{"arm": "transolver", "epoch": 190, "steps": 12224, "train": 0.0016406436679448821, "val_mean_case_max": 0.04392375376674139, "val_worst": 0.08363710580016802, "lr": 0.0005293689220855256, "wall": 1453.3}
{"arm": "transolver", "epoch": 191, "steps": 12288, "train": 0.001986046836799004, "val_mean_case_max": 0.05204586216191992, "val_worst": 0.11723869455552459, "lr": 0.0005254363992542595, "wall": 1460.8}
{"arm": "transolver", "epoch": 192, "steps": 12352, "train": 0.004831632533211223, "val_mean_case_max": 0.0649313553641593, "val_worst": 0.12617464521810415, "lr": 0.0005215007247838789, "wall": 1468.4}
{"arm": "transolver", "epoch": 193, "steps": 12416, "train": 0.0027462235374434416, "val_mean_case_max": 0.06952146545466688, "val_worst": 0.1223872036604948, "lr": 0.0005175637471981217, "wall": 1476.0}
{"arm": "transolver", "epoch": 194, "steps": 12480, "train": 0.0072834313659472065, "val_mean_case_max": 0.1576731968960077, "val_worst": 0.3577210970754152, "lr": 0.0005136251734406121, "wall": 1483.6}
{"arm": "transolver", "epoch": 195, "steps": 12544, "train": 0.008291973819907629, "val_mean_case_max": 0.09457234441871029, "val_worst": 0.19331472420873722, "lr": 0.0005096881167943531, "wall": 1491.2}
{"arm": "transolver", "epoch": 196, "steps": 12608, "train": 0.0029296042906893534, "val_mean_case_max": 0.05552977055034951, "val_worst": 0.10887308890036329, "lr": 0.0005057508644271781, "wall": 1498.8}
{"arm": "transolver", "epoch": 197, "steps": 12672, "train": 0.0019207557156253334, "val_mean_case_max": 0.049603390255356344, "val_worst": 0.09794008092695539, "lr": 0.0005018132685878084, "wall": 1506.4}
{"arm": "transolver", "epoch": 198, "steps": 12736, "train": 0.0016508042362147358, "val_mean_case_max": 0.05331095170322547, "val_worst": 0.08512479726014838, "lr": 0.0004978755977178312, "wall": 1514.0}
{"arm": "transolver", "epoch": 199, "steps": 12800, "train": 0.0018228493672175173, "val_mean_case_max": 0.04794394122888433, "val_worst": 0.09405758359726521, "lr": 0.0004939386968032196, "wall": 1521.6}
{"arm": "transolver", "epoch": 200, "steps": 12864, "train": 0.001428084718702928, "val_mean_case_max": 0.043392509731194184, "val_worst": 0.0855735861394742, "lr": 0.0004900015886956541, "wall": 1529.2}
{"arm": "transolver", "epoch": 201, "steps": 12928, "train": 0.0011857390944424008, "val_mean_case_max": 0.04126628513442301, "val_worst": 0.08414424264456548, "lr": 0.00048606568873133644, "wall": 1536.8}
{"arm": "transolver", "epoch": 202, "steps": 12992, "train": 0.001046988695647854, "val_mean_case_max": 0.04105002816975287, "val_worst": 0.07221151418435535, "lr": 0.00048213109790123867, "wall": 1544.4}
{"arm": "transolver", "epoch": 203, "steps": 13056, "train": 0.0010085085377046243, "val_mean_case_max": 0.03819954165873641, "val_worst": 0.07625864127829331, "lr": 0.0004781979865017784, "wall": 1552.0}
{"arm": "transolver", "epoch": 204, "steps": 13120, "train": 0.0013073285703364365, "val_mean_case_max": 0.04215602510971987, "val_worst": 0.0863049342927451, "lr": 0.0004742666607513728, "wall": 1559.6}
{"arm": "transolver", "epoch": 205, "steps": 13184, "train": 0.0009618786564980376, "val_mean_case_max": 0.036956852060960665, "val_worst": 0.07082158784652326, "lr": 0.0004703373178067853, "wall": 1567.2}
{"arm": "transolver", "epoch": 206, "steps": 13248, "train": 0.0009897392275087585, "val_mean_case_max": 0.061872286770081865, "val_worst": 0.10648522272782686, "lr": 0.00046640987269380696, "wall": 1574.8}
{"arm": "transolver", "epoch": 207, "steps": 13312, "train": 0.0014863139975394516, "val_mean_case_max": 0.04326492784519977, "val_worst": 0.08912243746706726, "lr": 0.00046248536859684294, "wall": 1582.4}
{"arm": "transolver", "epoch": 208, "steps": 13376, "train": 0.0010043683943624937, "val_mean_case_max": 0.0363130859533921, "val_worst": 0.07187363893221614, "lr": 0.0004585607171366487, "wall": 1590.0}
{"arm": "transolver", "epoch": 209, "steps": 13440, "train": 0.0008094548672024659, "val_mean_case_max": 0.0357616247744202, "val_worst": 0.07079842656483235, "lr": 0.0004546415174091815, "wall": 1597.7}
{"arm": "transolver", "epoch": 210, "steps": 13504, "train": 0.0007538204787266695, "val_mean_case_max": 0.03452953168029712, "val_worst": 0.07249017279645953, "lr": 0.00045065686275317924, "wall": 1605.5}
{"arm": "transolver", "epoch": 211, "steps": 13568, "train": 0.0007342967245037584, "val_mean_case_max": 0.03812208698866001, "val_worst": 0.07613623913479807, "lr": 0.00044667894250007787, "wall": 1613.1}
{"arm": "transolver", "epoch": 212, "steps": 13632, "train": 0.0007464634706082055, "val_mean_case_max": 0.03401190958796399, "val_worst": 0.06871041686228614, "lr": 0.00044277051112826156, "wall": 1620.8}
{"arm": "transolver", "epoch": 213, "steps": 13696, "train": 0.0007105936318356867, "val_mean_case_max": 0.03634680971013381, "val_worst": 0.06577272711691488, "lr": 0.0004388099008577776, "wall": 1628.4}
{"arm": "transolver", "epoch": 214, "steps": 13760, "train": 0.0006950026790820521, "val_mean_case_max": 0.036246935152144555, "val_worst": 0.06787524832868733, "lr": 0.0004349058562204856, "wall": 1636.0}
{"arm": "transolver", "epoch": 215, "steps": 13824, "train": 0.0006789948811683326, "val_mean_case_max": 0.03410116262138692, "val_worst": 0.06128069016714392, "lr": 0.00043100780044888145, "wall": 1643.6}
{"arm": "transolver", "epoch": 216, "steps": 13888, "train": 0.0006667919360418743, "val_mean_case_max": 0.03736646788698855, "val_worst": 0.07150254494156155, "lr": 0.00042711398758766477, "wall": 1651.2}
{"arm": "transolver", "epoch": 217, "steps": 13952, "train": 0.0006286306775497463, "val_mean_case_max": 0.03204278771387993, "val_worst": 0.05838996353850457, "lr": 0.0004232258712138639, "wall": 1658.9}
{"arm": "transolver", "epoch": 218, "steps": 14016, "train": 0.0006064656099086724, "val_mean_case_max": 0.03146719056273522, "val_worst": 0.04965723384849742, "lr": 0.0004192748699056976, "wall": 1666.6}
{"arm": "transolver", "epoch": 219, "steps": 14080, "train": 0.0006675140707152521, "val_mean_case_max": 0.031508925793539255, "val_worst": 0.05746940106037909, "lr": 0.0004153405483318294, "wall": 1674.2}
{"arm": "transolver", "epoch": 220, "steps": 14144, "train": 0.0006235502763212088, "val_mean_case_max": 0.03534214052152203, "val_worst": 0.055384539613247886, "lr": 0.0004114679230743469, "wall": 1681.8}
{"arm": "transolver", "epoch": 221, "steps": 14208, "train": 0.0005828984537380013, "val_mean_case_max": 0.0315925874257809, "val_worst": 0.057978128181472785, "lr": 0.00040760159937574484, "wall": 1689.4}
{"arm": "transolver", "epoch": 222, "steps": 14272, "train": 0.0005640209220506485, "val_mean_case_max": 0.03125479039798268, "val_worst": 0.05321897894913234, "lr": 0.00040374128227339606, "wall": 1697.1}
{"arm": "transolver", "epoch": 223, "steps": 14336, "train": 0.0005995203671265701, "val_mean_case_max": 0.030140112683125008, "val_worst": 0.056598447976009006, "lr": 0.0003998322146314435, "wall": 1704.8}
{"arm": "transolver", "epoch": 224, "steps": 14400, "train": 0.0005755936094425423, "val_mean_case_max": 0.0300222901571785, "val_worst": 0.05194166787890638, "lr": 0.000395935655672427, "wall": 1712.5}
{"arm": "transolver", "epoch": 225, "steps": 14464, "train": 0.0005667665520859757, "val_mean_case_max": 0.031270362009778445, "val_worst": 0.06475966676454897, "lr": 0.0003920423905322501, "wall": 1720.1}
{"arm": "transolver", "epoch": 226, "steps": 14528, "train": 0.0005886119162876653, "val_mean_case_max": 0.029430988304868032, "val_worst": 0.05428229318441716, "lr": 0.00038821100746911855, "wall": 1727.8}
{"arm": "transolver", "epoch": 227, "steps": 14592, "train": 0.0005495658447405533, "val_mean_case_max": 0.03079798360592633, "val_worst": 0.05867622065802333, "lr": 0.00038432812673206817, "wall": 1735.4}
{"arm": "transolver", "epoch": 228, "steps": 14656, "train": 0.000525245636002885, "val_mean_case_max": 0.029917266851378833, "val_worst": 0.052006781626532946, "lr": 0.00038051128834522627, "wall": 1743.0}
{"arm": "transolver", "epoch": 229, "steps": 14720, "train": 0.0005144951838375118, "val_mean_case_max": 0.02831279795159218, "val_worst": 0.05566923078981331, "lr": 0.00037670260240228054, "wall": 1750.8}
{"arm": "transolver", "epoch": 230, "steps": 14784, "train": 0.0005211854557004326, "val_mean_case_max": 0.03030498442001842, "val_worst": 0.055576277448207895, "lr": 0.00037283502687204275, "wall": 1758.4}
{"arm": "transolver", "epoch": 231, "steps": 14848, "train": 0.0004930401355885611, "val_mean_case_max": 0.027902699150243224, "val_worst": 0.055888484557286636, "lr": 0.000369036715072302, "wall": 1766.1}
{"arm": "transolver", "epoch": 232, "steps": 14912, "train": 0.0006315065489598082, "val_mean_case_max": 0.03231090231733844, "val_worst": 0.06809705087565547, "lr": 0.00036519775962423466, "wall": 1773.7}
{"arm": "transolver", "epoch": 233, "steps": 14976, "train": 0.000494755697442495, "val_mean_case_max": 0.027501225115014245, "val_worst": 0.04988851899939951, "lr": 0.0003614222538550069, "wall": 1781.4}
{"arm": "transolver", "epoch": 234, "steps": 15040, "train": 0.00047286171845718777, "val_mean_case_max": 0.028627086467945984, "val_worst": 0.04890331400466363, "lr": 0.0003576124742764486, "wall": 1789.0}
{"arm": "transolver", "epoch": 235, "steps": 15104, "train": 0.0005046193832750961, "val_mean_case_max": 0.028865170629758366, "val_worst": 0.05315794737110189, "lr": 0.00035385518627113765, "wall": 1796.6}
{"arm": "transolver", "epoch": 236, "steps": 15168, "train": 0.000477102290711442, "val_mean_case_max": 0.02980494663746005, "val_worst": 0.060749031885903436, "lr": 0.0003501067561787077, "wall": 1804.2}
{"arm": "transolver", "epoch": 237, "steps": 15232, "train": 0.00048611735157089126, "val_mean_case_max": 0.02848124281817043, "val_worst": 0.05000792911076621, "lr": 0.00034636848191161776, "wall": 1811.8}
{"arm": "transolver", "epoch": 238, "steps": 15296, "train": 0.0006062055663821069, "val_mean_case_max": 0.02883092478048977, "val_worst": 0.0464196700642778, "lr": 0.0003426409687422614, "wall": 1819.4}
{"arm": "transolver", "epoch": 239, "steps": 15360, "train": 0.00046398106825512337, "val_mean_case_max": 0.028497244269612157, "val_worst": 0.04645762839923505, "lr": 0.00033892320507140905, "wall": 1827.0}
{"arm": "transolver", "epoch": 240, "steps": 15424, "train": 0.0004303861191644998, "val_mean_case_max": 0.026854051234552635, "val_worst": 0.050468636982016375, "lr": 0.0003352152067305434, "wall": 1834.7}
{"arm": "transolver", "epoch": 241, "steps": 15488, "train": 0.00045622933999834854, "val_mean_case_max": 0.028002265289602347, "val_worst": 0.052030331824535564, "lr": 0.0003314554469801708, "wall": 1842.3}
{"arm": "transolver", "epoch": 242, "steps": 15552, "train": 0.00046005823601958, "val_mean_case_max": 0.025661469472584957, "val_worst": 0.04728355573528122, "lr": 0.0003277698808717558, "wall": 1850.1}
{"arm": "transolver", "epoch": 243, "steps": 15616, "train": 0.000572696478290308, "val_mean_case_max": 0.02892409054704973, "val_worst": 0.05443914043728788, "lr": 0.00032400804116188345, "wall": 1857.7}
{"arm": "transolver", "epoch": 244, "steps": 15680, "train": 0.0005366090782791357, "val_mean_case_max": 0.02662153804555721, "val_worst": 0.0452493316828928, "lr": 0.0003203458945414779, "wall": 1865.3}
{"arm": "transolver", "epoch": 245, "steps": 15744, "train": 0.000417884354421292, "val_mean_case_max": 0.025623215729250734, "val_worst": 0.04845094208459861, "lr": 0.0003166950715312403, "wall": 1873.0}
{"arm": "transolver", "epoch": 246, "steps": 15808, "train": 0.0008356270333706196, "val_mean_case_max": 0.037415423555824244, "val_worst": 0.06285358852319148, "lr": 0.00031300290856850515, "wall": 1880.7}
{"arm": "transolver", "epoch": 247, "steps": 15872, "train": 0.0006482708347083752, "val_mean_case_max": 0.02945056597009233, "val_worst": 0.04568308674384909, "lr": 0.00030937636820861295, "wall": 1888.3}
{"arm": "transolver", "epoch": 248, "steps": 15936, "train": 0.0005398126341236722, "val_mean_case_max": 0.027525831070567355, "val_worst": 0.0491601772383382, "lr": 0.00030576214261516686, "wall": 1895.9}
{"arm": "transolver", "epoch": 249, "steps": 16000, "train": 0.00046610029223285754, "val_mean_case_max": 0.028379390929866133, "val_worst": 0.044457552996581086, "lr": 0.00030216100729023386, "wall": 1903.5}
{"arm": "transolver", "epoch": 250, "steps": 16064, "train": 0.0004788773956670198, "val_mean_case_max": 0.027264272708730598, "val_worst": 0.04581548474378858, "lr": 0.0002985726905771489, "wall": 1911.1}
{"arm": "transolver", "epoch": 251, "steps": 16128, "train": 0.00044810689610670884, "val_mean_case_max": 0.02783814437924572, "val_worst": 0.04779574065504909, "lr": 0.00029499745029683115, "wall": 1918.7}
{"arm": "transolver", "epoch": 252, "steps": 16192, "train": 0.0005835870650231702, "val_mean_case_max": 0.02521297251499745, "val_worst": 0.046828423420983444, "lr": 0.0002914350299518765, "wall": 1926.4}
{"arm": "transolver", "epoch": 253, "steps": 16256, "train": 0.0004550208411865286, "val_mean_case_max": 0.026255272928161794, "val_worst": 0.046813058817392623, "lr": 0.00028784074455720336, "wall": 1934.0}
{"arm": "transolver", "epoch": 254, "steps": 16320, "train": 0.0004083424073691781, "val_mean_case_max": 0.02600676803419046, "val_worst": 0.04447631854746851, "lr": 0.0002843063899828558, "wall": 1941.6}
{"arm": "transolver", "epoch": 255, "steps": 16384, "train": 0.0006382894488844077, "val_mean_case_max": 0.03813620525825288, "val_worst": 0.06787440215490087, "lr": 0.0002807859194595812, "wall": 1949.2}
{"arm": "transolver", "epoch": 256, "steps": 16448, "train": 0.0006011581793064194, "val_mean_case_max": 0.02802835729056565, "val_worst": 0.053747202912960146, "lr": 0.0002772780317986965, "wall": 1956.8}
{"arm": "transolver", "epoch": 257, "steps": 16512, "train": 0.0004561478868795187, "val_mean_case_max": 0.02747738763401708, "val_worst": 0.050731183097657236, "lr": 0.00027378662341025347, "wall": 1964.4}
{"arm": "transolver", "epoch": 258, "steps": 16576, "train": 0.00044618134106389336, "val_mean_case_max": 0.025251544577887503, "val_worst": 0.04153160069285359, "lr": 0.00027031019243315774, "wall": 1972.0}
{"arm": "transolver", "epoch": 259, "steps": 16640, "train": 0.00041442968278721263, "val_mean_case_max": 0.026423335188245873, "val_worst": 0.048717695123691486, "lr": 0.0002668485711522214, "wall": 1979.6}
{"arm": "transolver", "epoch": 260, "steps": 16704, "train": 0.0004112756926171312, "val_mean_case_max": 0.02775211102692629, "val_worst": 0.049881903039372046, "lr": 0.0002634006373485499, "wall": 1987.2}
{"arm": "transolver", "epoch": 261, "steps": 16768, "train": 0.0003781855264378758, "val_mean_case_max": 0.024201991656783092, "val_worst": 0.0472234034817993, "lr": 0.0002599687265906719, "wall": 1994.9}
{"arm": "transolver", "epoch": 262, "steps": 16832, "train": 0.00036764263259169783, "val_mean_case_max": 0.029851826454692997, "val_worst": 0.04808123648389698, "lr": 0.0002564934873810748, "wall": 2002.5}
{"arm": "transolver", "epoch": 263, "steps": 16896, "train": 0.0003986151551910312, "val_mean_case_max": 0.023226917232129433, "val_worst": 0.04170460371652377, "lr": 0.00025309221278039975, "wall": 2010.3}
{"arm": "transolver", "epoch": 264, "steps": 16960, "train": 0.0008824017762053963, "val_mean_case_max": 0.14592653093173097, "val_worst": 0.23186809964444768, "lr": 0.00024965135077050757, "wall": 2017.9}
{"arm": "transolver", "epoch": 265, "steps": 17024, "train": 0.011471650684552664, "val_mean_case_max": 0.11458335085654718, "val_worst": 0.21609410360157086, "lr": 0.00024628333281545177, "wall": 2025.5}
{"arm": "transolver", "epoch": 266, "steps": 17088, "train": 0.0040230978682848275, "val_mean_case_max": 0.07392051511239398, "val_worst": 0.13752300997791103, "lr": 0.00024292247184971562, "wall": 2033.1}
{"arm": "transolver", "epoch": 267, "steps": 17152, "train": 0.002423768321641842, "val_mean_case_max": 0.057935943407614696, "val_worst": 0.10835912380081739, "lr": 0.00023958821240248384, "wall": 2040.7}
{"arm": "transolver", "epoch": 268, "steps": 17216, "train": 0.004018132757783465, "val_mean_case_max": 0.08032155574706755, "val_worst": 0.17177916570730228, "lr": 0.00023627099573251138, "wall": 2048.3}
{"arm": "transolver", "epoch": 269, "steps": 17280, "train": 0.0031198326415630426, "val_mean_case_max": 0.0498149999903605, "val_worst": 0.1049916411668604, "lr": 0.00023297131348173976, "wall": 2055.9}
{"arm": "transolver", "epoch": 270, "steps": 17344, "train": 0.001241995826425975, "val_mean_case_max": 0.04197257617985968, "val_worst": 0.09128398556032936, "lr": 0.00022967548658603797, "wall": 2063.5}
{"arm": "transolver", "epoch": 271, "steps": 17408, "train": 0.0011103703321236782, "val_mean_case_max": 0.0400005050249654, "val_worst": 0.08174640571902181, "lr": 0.0002264094191312252, "wall": 2071.1}
{"arm": "transolver", "epoch": 272, "steps": 17472, "train": 0.0009102750353297418, "val_mean_case_max": 0.03724870089174538, "val_worst": 0.07346737090390722, "lr": 0.00022316026576611682, "wall": 2078.7}
{"arm": "transolver", "epoch": 273, "steps": 17536, "train": 0.0008417013185782864, "val_mean_case_max": 0.0375004095553143, "val_worst": 0.07764948648965925, "lr": 0.000219925976601584, "wall": 2086.3}
{"arm": "transolver", "epoch": 274, "steps": 17600, "train": 0.0007695846366348488, "val_mean_case_max": 0.041359795813132004, "val_worst": 0.08178851972278287, "lr": 0.00021671349605583494, "wall": 2093.9}
{"arm": "transolver", "epoch": 275, "steps": 17664, "train": 0.0007585805076409236, "val_mean_case_max": 0.035412421719302464, "val_worst": 0.07444643026814536, "lr": 0.00021351826419885184, "wall": 2101.5}
{"arm": "transolver", "epoch": 276, "steps": 17728, "train": 0.0006902408433102379, "val_mean_case_max": 0.03482039676652537, "val_worst": 0.0700872044871089, "lr": 0.00021034294688443138, "wall": 2109.1}
{"arm": "transolver", "epoch": 277, "steps": 17792, "train": 0.0006587222950995122, "val_mean_case_max": 0.032318623693223164, "val_worst": 0.06564036849321622, "lr": 0.00020718713761518762, "wall": 2116.7}
{"arm": "transolver", "epoch": 278, "steps": 17856, "train": 0.0006476729644720356, "val_mean_case_max": 0.033928477463598575, "val_worst": 0.06537880365702807, "lr": 0.00020405004877161625, "wall": 2124.3}
{"arm": "transolver", "epoch": 279, "steps": 17920, "train": 0.0007370904050384745, "val_mean_case_max": 0.031592303502419455, "val_worst": 0.060091680115565274, "lr": 0.00020093198829103276, "wall": 2131.9}
{"arm": "transolver", "epoch": 280, "steps": 17984, "train": 0.0006241509795395173, "val_mean_case_max": 0.03122164770891812, "val_worst": 0.06326546729385261, "lr": 0.00019783305498443952, "wall": 2139.5}
{"arm": "transolver", "epoch": 281, "steps": 18048, "train": 0.0005874189039975866, "val_mean_case_max": 0.03069952478304734, "val_worst": 0.06155863910423223, "lr": 0.00019475347643157855, "wall": 2147.1}
{"arm": "transolver", "epoch": 282, "steps": 18112, "train": 0.0005839323164038226, "val_mean_case_max": 0.03364545347843863, "val_worst": 0.07554302986483884, "lr": 0.00019169355748031408, "wall": 2154.7}
{"arm": "transolver", "epoch": 283, "steps": 18176, "train": 0.0005805762357166773, "val_mean_case_max": 0.031465673994510536, "val_worst": 0.0671761276738672, "lr": 0.00018865286770515212, "wall": 2162.3}
{"arm": "transolver", "epoch": 284, "steps": 18240, "train": 0.0005322350256927787, "val_mean_case_max": 0.032459489709548026, "val_worst": 0.06305106395332209, "lr": 0.00018563117450800937, "wall": 2169.9}
{"arm": "transolver", "epoch": 285, "steps": 18304, "train": 0.0005784894375093155, "val_mean_case_max": 0.02959397401348275, "val_worst": 0.060277252102930175, "lr": 0.00018263134923479963, "wall": 2177.5}
{"arm": "transolver", "epoch": 286, "steps": 18368, "train": 0.0005422205123042346, "val_mean_case_max": 0.031109501255212127, "val_worst": 0.0585765300543073, "lr": 0.00017965199568596572, "wall": 2185.1}
{"arm": "transolver", "epoch": 287, "steps": 18432, "train": 0.0005526452877542614, "val_mean_case_max": 0.030587161669354025, "val_worst": 0.0572470298934034, "lr": 0.0001766931251762632, "wall": 2192.7}
{"arm": "transolver", "epoch": 288, "steps": 18496, "train": 0.0005293059133650128, "val_mean_case_max": 0.029234690662945276, "val_worst": 0.05954248425395648, "lr": 0.00017375457470277032, "wall": 2200.3}
{"arm": "transolver", "epoch": 289, "steps": 18560, "train": 0.0005120745377995295, "val_mean_case_max": 0.02853380418887896, "val_worst": 0.05401830474433429, "lr": 0.0001708369507543654, "wall": 2208.0}
{"arm": "transolver", "epoch": 290, "steps": 18624, "train": 0.0004780700881272546, "val_mean_case_max": 0.03108826399951078, "val_worst": 0.061655040408266304, "lr": 0.00016794099191353004, "wall": 2215.6}
{"arm": "transolver", "epoch": 291, "steps": 18688, "train": 0.0004909083642869126, "val_mean_case_max": 0.029622542007380175, "val_worst": 0.05310070283491967, "lr": 0.00016506619690852134, "wall": 2223.2}
{"arm": "transolver", "epoch": 292, "steps": 18752, "train": 0.0004627326253017713, "val_mean_case_max": 0.030319502711264497, "val_worst": 0.05287443822395051, "lr": 0.00016221303248117636, "wall": 2230.8}
{"arm": "transolver", "epoch": 293, "steps": 18816, "train": 0.00047439933811680536, "val_mean_case_max": 0.027487043234205012, "val_worst": 0.05753327186518699, "lr": 0.00015938111339037676, "wall": 2238.4}
{"arm": "transolver", "epoch": 294, "steps": 18880, "train": 0.0004484245516486553, "val_mean_case_max": 0.027175530558565485, "val_worst": 0.057133634643472014, "lr": 0.000156571445812499, "wall": 2246.0}
{"arm": "transolver", "epoch": 295, "steps": 18944, "train": 0.0005161277844789574, "val_mean_case_max": 0.027447967829266402, "val_worst": 0.05291638400966773, "lr": 0.00015378334778939898, "wall": 2253.6}
{"arm": "transolver", "epoch": 296, "steps": 19008, "train": 0.00048290589407343145, "val_mean_case_max": 0.027453836602837987, "val_worst": 0.05401440647123392, "lr": 0.00015101538088112715, "wall": 2261.2}
{"arm": "transolver", "epoch": 297, "steps": 19072, "train": 0.0004544226837527611, "val_mean_case_max": 0.027198099415094976, "val_worst": 0.05948450483002767, "lr": 0.00014827104967166693, "wall": 2268.8}
{"arm": "transolver", "epoch": 298, "steps": 19136, "train": 0.00045203317089546863, "val_mean_case_max": 0.026796149425195006, "val_worst": 0.05819122149587353, "lr": 0.00014554969959964248, "wall": 2276.4}
{"arm": "transolver", "epoch": 299, "steps": 19200, "train": 0.00045057900574093225, "val_mean_case_max": 0.026445106623310004, "val_worst": 0.057328527624461875, "lr": 0.0001428521928879656, "wall": 2284.0}
{"arm": "transolver", "epoch": 300, "steps": 19264, "train": 0.00041983345928472526, "val_mean_case_max": 0.02682063110234012, "val_worst": 0.05624712995509914, "lr": 0.00014017666685669735, "wall": 2291.6}
{"arm": "transolver", "epoch": 301, "steps": 19328, "train": 0.000421241476883875, "val_mean_case_max": 0.026892690012866947, "val_worst": 0.05452965773169507, "lr": 0.00013752368038194595, "wall": 2299.2}
{"arm": "transolver", "epoch": 302, "steps": 19392, "train": 0.0004218142844164141, "val_mean_case_max": 0.027242537370870314, "val_worst": 0.0593508615208666, "lr": 0.00013489427873763024, "wall": 2306.8}
{"arm": "transolver", "epoch": 303, "steps": 19456, "train": 0.0004274228922120513, "val_mean_case_max": 0.026510308279762487, "val_worst": 0.05594085743805753, "lr": 0.00013228744461822744, "wall": 2314.4}
{"arm": "transolver", "epoch": 304, "steps": 19520, "train": 0.0004198547172675365, "val_mean_case_max": 0.027776397312547815, "val_worst": 0.0479766487951241, "lr": 0.00012970529483156544, "wall": 2322.0}
{"arm": "transolver", "epoch": 305, "steps": 19584, "train": 0.0004657919037833804, "val_mean_case_max": 0.02952416430784235, "val_worst": 0.06137117155111484, "lr": 0.00012714685427592075, "wall": 2329.6}
{"arm": "transolver", "epoch": 306, "steps": 19648, "train": 0.0004737443152698007, "val_mean_case_max": 0.027920760981428552, "val_worst": 0.06070145022745074, "lr": 0.00012461264604952997, "wall": 2337.2}
{"arm": "transolver", "epoch": 307, "steps": 19712, "train": 0.0003979839271492898, "val_mean_case_max": 0.025599578884551645, "val_worst": 0.0523606358514264, "lr": 0.00012210281173501635, "wall": 2344.8}
{"arm": "transolver", "epoch": 308, "steps": 19776, "train": 0.00040564004580382734, "val_mean_case_max": 0.026783627550441606, "val_worst": 0.055757111953421694, "lr": 0.00011961709905104793, "wall": 2352.4}
{"arm": "transolver", "epoch": 309, "steps": 19840, "train": 0.0003872622431210983, "val_mean_case_max": 0.025477120752276525, "val_worst": 0.054146109867594036, "lr": 0.00011715529604855714, "wall": 2360.0}
{"arm": "transolver", "epoch": 310, "steps": 19904, "train": 0.00038893454679231527, "val_mean_case_max": 0.025544281075168554, "val_worst": 0.05576113635996896, "lr": 0.00011471604467132533, "wall": 2367.6}
{"arm": "transolver", "epoch": 311, "steps": 19968, "train": 0.0003728995807728352, "val_mean_case_max": 0.025790512833424078, "val_worst": 0.05370587739295438, "lr": 0.0001123038786798617, "wall": 2375.2}
{"arm": "transolver", "epoch": 312, "steps": 20032, "train": 0.0004219643453091449, "val_mean_case_max": 0.025442458885905385, "val_worst": 0.05840496846073572, "lr": 0.00010991632102184327, "wall": 2382.8}
{"arm": "transolver", "epoch": 313, "steps": 20096, "train": 0.0003922538752466139, "val_mean_case_max": 0.02470459055986628, "val_worst": 0.05186029510056273, "lr": 0.0001075544102291502, "wall": 2390.4}
{"arm": "transolver", "epoch": 314, "steps": 20160, "train": 0.00047257108569118134, "val_mean_case_max": 0.02641860377817924, "val_worst": 0.051289183068829965, "lr": 0.00010521768463135105, "wall": 2398.1}
{"arm": "transolver", "epoch": 315, "steps": 20224, "train": 0.00038019123319802837, "val_mean_case_max": 0.025890526248856325, "val_worst": 0.04810751660110974, "lr": 0.00010290591440440657, "wall": 2405.7}
{"arm": "transolver", "epoch": 316, "steps": 20288, "train": 0.00040666187442164295, "val_mean_case_max": 0.0249678817931667, "val_worst": 0.04991752162058897, "lr": 0.00010061977782213142, "wall": 2413.3}
{"arm": "transolver", "epoch": 317, "steps": 20352, "train": 0.0003594844456336301, "val_mean_case_max": 0.024919084768677324, "val_worst": 0.054554479126573796, "lr": 9.83597779765502e-05, "wall": 2420.9}
{"arm": "transolver", "epoch": 318, "steps": 20416, "train": 0.0003641621442128857, "val_mean_case_max": 0.02704574808023804, "val_worst": 0.05582160927220597, "lr": 9.612499503553886e-05, "wall": 2428.5}
{"arm": "transolver", "epoch": 319, "steps": 20480, "train": 0.0003570126515215906, "val_mean_case_max": 0.025475737869597826, "val_worst": 0.05344662826796192, "lr": 9.391600771213318e-05, "wall": 2436.1}
{"arm": "transolver", "epoch": 320, "steps": 20544, "train": 0.00035127186420158, "val_mean_case_max": 0.02410743840595452, "val_worst": 0.050618343134297666, "lr": 9.173190377576808e-05, "wall": 2443.7}
{"arm": "transolver", "epoch": 321, "steps": 20608, "train": 0.00033828847868908453, "val_mean_case_max": 0.024789156559700667, "val_worst": 0.05174517309919182, "lr": 8.957402391483731e-05, "wall": 2451.3}
{"arm": "transolver", "epoch": 322, "steps": 20672, "train": 0.00042392313995650134, "val_mean_case_max": 0.024439705553925883, "val_worst": 0.04786187132869374, "lr": 8.744154416642015e-05, "wall": 2458.9}
{"arm": "transolver", "epoch": 323, "steps": 20736, "train": 0.00036156690835540425, "val_mean_case_max": 0.024394702086662817, "val_worst": 0.04730907600240432, "lr": 8.533723707883254e-05, "wall": 2466.5}
{"arm": "transolver", "epoch": 324, "steps": 20800, "train": 0.00035445512307969107, "val_mean_case_max": 0.023896709870664758, "val_worst": 0.04609055641751799, "lr": 8.325888987140047e-05, "wall": 2474.1}
{"arm": "transolver", "epoch": 325, "steps": 20864, "train": 0.0003368349387900159, "val_mean_case_max": 0.02423149161226123, "val_worst": 0.04818187969987263, "lr": 8.120721046826735e-05, "wall": 2481.7}
{"arm": "transolver", "epoch": 326, "steps": 20928, "train": 0.0003578765177292611, "val_mean_case_max": 0.024356790057244886, "val_worst": 0.04984415603826564, "lr": 7.918339319923488e-05, "wall": 2489.3}
{"arm": "transolver", "epoch": 327, "steps": 20992, "train": 0.0003406275968088026, "val_mean_case_max": 0.02382659280640779, "val_worst": 0.04695808323716643, "lr": 7.718535419713355e-05, "wall": 2496.9}
{"arm": "transolver", "epoch": 328, "steps": 21056, "train": 0.00032544284348179256, "val_mean_case_max": 0.02391190224636789, "val_worst": 0.044739394778850756, "lr": 7.521350050726656e-05, "wall": 2504.6}
{"arm": "transolver", "epoch": 329, "steps": 21120, "train": 0.00034625056145765867, "val_mean_case_max": 0.024590603809588482, "val_worst": 0.049469585956615866, "lr": 7.327072056425289e-05, "wall": 2512.2}
{"arm": "transolver", "epoch": 330, "steps": 21184, "train": 0.00033520617395403423, "val_mean_case_max": 0.02491399708251409, "val_worst": 0.05265409605258854, "lr": 7.135592786443644e-05, "wall": 2519.8}
{"arm": "transolver", "epoch": 331, "steps": 21248, "train": 0.0003865772172894459, "val_mean_case_max": 0.023841546159237698, "val_worst": 0.04629545545038868, "lr": 6.946838237056744e-05, "wall": 2527.4}
{"arm": "transolver", "epoch": 332, "steps": 21312, "train": 0.00034507099231308023, "val_mean_case_max": 0.02374731631853206, "val_worst": 0.043325608800859935, "lr": 6.760723945714467e-05, "wall": 2535.0}
{"arm": "transolver", "epoch": 333, "steps": 21376, "train": 0.0003258716899798538, "val_mean_case_max": 0.025169476641741677, "val_worst": 0.050582720943957625, "lr": 6.577519722022454e-05, "wall": 2542.6}
{"arm": "transolver", "epoch": 334, "steps": 21440, "train": 0.000313800039127423, "val_mean_case_max": 0.023866812081402018, "val_worst": 0.04551099475136671, "lr": 6.397038911512489e-05, "wall": 2550.2}
{"arm": "transolver", "epoch": 335, "steps": 21504, "train": 0.0003164504945646203, "val_mean_case_max": 0.02415754862666795, "val_worst": 0.047189013379187975, "lr": 6.219386058984318e-05, "wall": 2557.8}
{"arm": "transolver", "epoch": 336, "steps": 21568, "train": 0.00032171269987125593, "val_mean_case_max": 0.022989310917909456, "val_worst": 0.04467757279512552, "lr": 6.0445552182755935e-05, "wall": 2565.5}
{"arm": "transolver", "epoch": 337, "steps": 21632, "train": 0.000309714847421928, "val_mean_case_max": 0.023761133428902247, "val_worst": 0.04848103407829284, "lr": 5.870076586398356e-05, "wall": 2573.1}
{"arm": "transolver", "epoch": 338, "steps": 21696, "train": 0.0003071954758618712, "val_mean_case_max": 0.022875324131533887, "val_worst": 0.046118551129852754, "lr": 5.700978075903894e-05, "wall": 2580.9}
{"arm": "transolver", "epoch": 339, "steps": 21760, "train": 0.0003113309041024893, "val_mean_case_max": 0.023527778892612483, "val_worst": 0.05040610940563057, "lr": 5.5318954797388195e-05, "wall": 2588.5}
{"arm": "transolver", "epoch": 340, "steps": 21824, "train": 0.0003091420582733309, "val_mean_case_max": 0.023147858262713733, "val_worst": 0.04777116571903464, "lr": 5.3685328742774077e-05, "wall": 2596.1}
{"arm": "transolver", "epoch": 341, "steps": 21888, "train": 0.00031206990371509895, "val_mean_case_max": 0.02278281151924444, "val_worst": 0.046872965224299644, "lr": 5.2080590492401255e-05, "wall": 2603.8}
{"arm": "transolver", "epoch": 342, "steps": 21952, "train": 0.0003015329485503578, "val_mean_case_max": 0.02265074675708963, "val_worst": 0.04520983414799584, "lr": 5.0481762112224525e-05, "wall": 2611.5}
{"arm": "transolver", "epoch": 343, "steps": 22016, "train": 0.0003071379575612699, "val_mean_case_max": 0.024278037711098113, "val_worst": 0.04322472341268182, "lr": 4.8912182905622135e-05, "wall": 2619.1}
{"arm": "transolver", "epoch": 344, "steps": 22080, "train": 0.0003015855651240158, "val_mean_case_max": 0.023241433159880406, "val_worst": 0.04815903674851746, "lr": 4.7394145101716165e-05, "wall": 2626.7}
{"arm": "transolver", "epoch": 345, "steps": 22144, "train": 0.0003073695936739261, "val_mean_case_max": 0.022832336502410153, "val_worst": 0.04156861432592848, "lr": 4.5903983557253435e-05, "wall": 2634.3}
{"arm": "transolver", "epoch": 346, "steps": 22208, "train": 0.00028985313426883766, "val_mean_case_max": 0.022828670775658838, "val_worst": 0.04498419531528018, "lr": 4.44433100697227e-05, "wall": 2641.9}
{"arm": "transolver", "epoch": 347, "steps": 22272, "train": 0.0002882174456250852, "val_mean_case_max": 0.022913259285973646, "val_worst": 0.04691577625456098, "lr": 4.301189153983239e-05, "wall": 2649.6}
{"arm": "transolver", "epoch": 348, "steps": 22336, "train": 0.00029373218973288424, "val_mean_case_max": 0.022921892534384515, "val_worst": 0.047949062654159554, "lr": 4.160980435371232e-05, "wall": 2657.2}
{"arm": "transolver", "epoch": 349, "steps": 22400, "train": 0.00029507623569532927, "val_mean_case_max": 0.02307878125815245, "val_worst": 0.04769274861459286, "lr": 4.023720536510471e-05, "wall": 2664.8}
{"arm": "transolver", "epoch": 350, "steps": 22464, "train": 0.0002841065604425488, "val_mean_case_max": 0.023038325716622912, "val_worst": 0.04751931693446621, "lr": 3.889424056906318e-05, "wall": 2672.4}
{"arm": "transolver", "epoch": 351, "steps": 22528, "train": 0.00028547407718373247, "val_mean_case_max": 0.022687700414981526, "val_worst": 0.04736727698598846, "lr": 3.758033572082398e-05, "wall": 2680.0}
{"arm": "transolver", "epoch": 352, "steps": 22592, "train": 0.0002854370696641166, "val_mean_case_max": 0.022572194324860066, "val_worst": 0.0453479497051277, "lr": 3.6296455860091137e-05, "wall": 2687.7}
{"arm": "transolver", "epoch": 353, "steps": 22656, "train": 0.00028424114182710986, "val_mean_case_max": 0.022864147856022796, "val_worst": 0.047552827652204775, "lr": 3.502513866652714e-05, "wall": 2695.3}
{"arm": "transolver", "epoch": 354, "steps": 22720, "train": 0.0002853339740174175, "val_mean_case_max": 0.02283676618644177, "val_worst": 0.04868131739211283, "lr": 3.380230034321998e-05, "wall": 2702.9}
{"arm": "transolver", "epoch": 355, "steps": 22784, "train": 0.00028204657935354863, "val_mean_case_max": 0.022544478759649975, "val_worst": 0.04439460473167727, "lr": 3.260950089949541e-05, "wall": 2710.7}
{"arm": "transolver", "epoch": 356, "steps": 22848, "train": 0.00028057426333041185, "val_mean_case_max": 0.022166172906649528, "val_worst": 0.04579762130252442, "lr": 3.142338298750422e-05, "wall": 2718.4}
{"arm": "transolver", "epoch": 357, "steps": 22912, "train": 0.0002761147872931282, "val_mean_case_max": 0.022387519977152083, "val_worst": 0.04648587582722081, "lr": 3.0274447231143587e-05, "wall": 2726.0}
{"arm": "transolver", "epoch": 358, "steps": 22976, "train": 0.00027059038957574566, "val_mean_case_max": 0.022288691170414765, "val_worst": 0.04700545875534619, "lr": 2.917196599986925e-05, "wall": 2733.6}
{"arm": "transolver", "epoch": 359, "steps": 23040, "train": 0.00028074644235291386, "val_mean_case_max": 0.022547019533584373, "val_worst": 0.04212948709998004, "lr": 2.8099874964962804e-05, "wall": 2741.3}
{"arm": "transolver", "epoch": 360, "steps": 23104, "train": 0.00027371129079749833, "val_mean_case_max": 0.022430444050388715, "val_worst": 0.045661246891405834, "lr": 2.705802840371254e-05, "wall": 2748.9}
{"arm": "transolver", "epoch": 361, "steps": 23168, "train": 0.00027285830010281083, "val_mean_case_max": 0.02299509781522134, "val_worst": 0.04758412873976542, "lr": 2.6046155560889163e-05, "wall": 2756.5}
{"arm": "transolver", "epoch": 362, "steps": 23232, "train": 0.00027371943355672997, "val_mean_case_max": 0.022209649615734357, "val_worst": 0.046266720280788896, "lr": 2.5064732076148325e-05, "wall": 2764.1}
{"arm": "transolver", "epoch": 363, "steps": 23296, "train": 0.00026940896033547673, "val_mean_case_max": 0.0217785578343814, "val_worst": 0.04302073250274006, "lr": 2.4113964642781904e-05, "wall": 2771.8}
{"arm": "transolver", "epoch": 364, "steps": 23360, "train": 0.0002734198173997153, "val_mean_case_max": 0.02191222205546729, "val_worst": 0.04367969843773988, "lr": 2.3177548569583193e-05, "wall": 2779.4}
{"arm": "transolver", "epoch": 365, "steps": 23424, "train": 0.0002783722091379712, "val_mean_case_max": 0.021980316365514306, "val_worst": 0.04342628631783206, "lr": 2.228849042970231e-05, "wall": 2787.1}
{"arm": "transolver", "epoch": 366, "steps": 23488, "train": 0.0002693482690481107, "val_mean_case_max": 0.02184966071162648, "val_worst": 0.043976396269398414, "lr": 2.143011132081375e-05, "wall": 2794.7}
{"arm": "transolver", "epoch": 367, "steps": 23552, "train": 0.00026535765929685553, "val_mean_case_max": 0.02205095703221532, "val_worst": 0.04461969990776194, "lr": 2.0602615010911315e-05, "wall": 2802.3}
{"arm": "transolver", "epoch": 368, "steps": 23616, "train": 0.0002629058860485787, "val_mean_case_max": 0.0217739454612898, "val_worst": 0.04368170257963222, "lr": 1.9805241438746746e-05, "wall": 2810.0}
{"arm": "transolver", "epoch": 369, "steps": 23680, "train": 0.0002607796550917167, "val_mean_case_max": 0.02299072264077152, "val_worst": 0.044148923209123, "lr": 1.9027718244983243e-05, "wall": 2817.6}
{"arm": "transolver", "epoch": 370, "steps": 23744, "train": 0.0002696360952490598, "val_mean_case_max": 0.021729649918791012, "val_worst": 0.04400174659785191, "lr": 1.8293196023611527e-05, "wall": 2825.3}
{"arm": "transolver", "epoch": 371, "steps": 23808, "train": 0.0002642155482007301, "val_mean_case_max": 0.021634722636491365, "val_worst": 0.043857444538402575, "lr": 1.7579890648926253e-05, "wall": 2833.1}
{"arm": "transolver", "epoch": 372, "steps": 23872, "train": 0.0002582542945717012, "val_mean_case_max": 0.021702633333290526, "val_worst": 0.04186904718103073, "lr": 1.6898043226422553e-05, "wall": 2840.7}
{"arm": "transolver", "epoch": 373, "steps": 23936, "train": 0.0002576549429620745, "val_mean_case_max": 0.021620001851062966, "val_worst": 0.044354442044929845, "lr": 1.625720334231552e-05, "wall": 2848.4}
{"arm": "transolver", "epoch": 374, "steps": 24000, "train": 0.00026011617864801, "val_mean_case_max": 0.021679415159942587, "val_worst": 0.04474254171660748, "lr": 1.563903711826243e-05, "wall": 2856.0}
{"arm": "transolver", "epoch": 375, "steps": 24064, "train": 0.00025673484197369595, "val_mean_case_max": 0.021683455766860923, "val_worst": 0.0452437973375422, "lr": 1.5060565027163524e-05, "wall": 2863.6}
{"arm": "transolver", "epoch": 376, "steps": 24128, "train": 0.0002575838950853696, "val_mean_case_max": 0.02155579795428931, "val_worst": 0.043257745958114206, "lr": 1.4513194028641544e-05, "wall": 2871.3}
{"arm": "transolver", "epoch": 377, "steps": 24192, "train": 0.00025820768086112344, "val_mean_case_max": 0.021780279505806677, "val_worst": 0.04435946611145328, "lr": 1.3990671421225384e-05, "wall": 2878.9}
{"arm": "transolver", "epoch": 378, "steps": 24256, "train": 0.00025645311870108007, "val_mean_case_max": 0.02185122567572006, "val_worst": 0.04453209237170031, "lr": 1.3506166541649089e-05, "wall": 2886.6}
{"arm": "transolver", "epoch": 379, "steps": 24320, "train": 0.0002556742477259935, "val_mean_case_max": 0.02165539652280346, "val_worst": 0.042362308908691006, "lr": 1.3052936827322394e-05, "wall": 2894.2}
{"arm": "transolver", "epoch": 380, "steps": 24384, "train": 0.0002547517490910171, "val_mean_case_max": 0.021331481294568265, "val_worst": 0.04206945152907578, "lr": 1.2630971175273255e-05, "wall": 2901.9}
{"arm": "transolver", "epoch": 381, "steps": 24448, "train": 0.00025582237418597236, "val_mean_case_max": 0.02178973324812859, "val_worst": 0.044605121692338864, "lr": 1.2234544783352802e-05, "wall": 2909.5}
{"arm": "transolver", "epoch": 382, "steps": 24512, "train": 0.00025283530346297006, "val_mean_case_max": 0.021918917051376482, "val_worst": 0.044927706870514665, "lr": 1.1875526066299252e-05, "wall": 2917.1}
{"arm": "transolver", "epoch": 383, "steps": 24576, "train": 0.0002522184292266688, "val_mean_case_max": 0.021436538589212902, "val_worst": 0.04319771097755737, "lr": 1.1548011906593895e-05, "wall": 2924.7}
{"arm": "transolver", "epoch": 384, "steps": 24640, "train": 0.00025228104220264175, "val_mean_case_max": 0.021372521107192382, "val_worst": 0.04260737769646747, "lr": 1.1251777547761973e-05, "wall": 2932.4}
{"arm": "transolver", "epoch": 385, "steps": 24704, "train": 0.000251080452137638, "val_mean_case_max": 0.021406063677892773, "val_worst": 0.04338836381590269, "lr": 1.0987015049274213e-05, "wall": 2940.0}
{"arm": "transolver", "epoch": 386, "steps": 24768, "train": 0.0002516794981721361, "val_mean_case_max": 0.021345013448836676, "val_worst": 0.04294463850809672, "lr": 1.0753655692210754e-05, "wall": 2947.6}
{"arm": "transolver", "epoch": 387, "steps": 24832, "train": 0.00025192582587316365, "val_mean_case_max": 0.02162166036344948, "val_worst": 0.043890550467175944, "lr": 1.0551670284262542e-05, "wall": 2955.2}
{"arm": "transolver", "epoch": 388, "steps": 24896, "train": 0.00025276168180822186, "val_mean_case_max": 0.021246857181724157, "val_worst": 0.0426949802351778, "lr": 1.0381118407960206e-05, "wall": 2962.9}
{"arm": "transolver", "epoch": 389, "steps": 24960, "train": 0.00025151804830631294, "val_mean_case_max": 0.021353865567776638, "val_worst": 0.041737116034351755, "lr": 1.0240377630238893e-05, "wall": 2970.5}
{"arm": "transolver", "epoch": 390, "steps": 25024, "train": 0.00025139840167355467, "val_mean_case_max": 0.02117303478117208, "val_worst": 0.04203644683703825, "lr": 1.0133121476672044e-05, "wall": 2978.3}
{"arm": "transolver", "epoch": 391, "steps": 25088, "train": 0.00024807098017904955, "val_mean_case_max": 0.02140475814458273, "val_worst": 0.042208268374773164, "lr": 1.0056271809292606e-05, "wall": 2985.9}
{"arm": "transolver", "epoch": 392, "steps": 25152, "train": 0.00024873895726723995, "val_mean_case_max": 0.021372426368228437, "val_worst": 0.04341021820371315, "lr": 1.001248366627622e-05, "wall": 2993.5}
{"arm": "transolver", "epoch": 393, "steps": 25208, "train": 0.000250823814944471, "val_mean_case_max": 0.021792012517049274, "val_worst": 0.04436993943283466, "lr": 1.0000002300471365e-05, "wall": 3000.2}
ARM DONE transolver {"stop_reason": "wall_budget", "epochs_completed": 394, "optimisation_steps": 25208, "micro_batch": 8} val_mean_case_max 0.02117303478117208
{"arm": "deeponet", "epoch": 0, "steps": 64, "train": 0.34391577786830546, "val_mean_case_max": 0.4607474500269476, "val_worst": 0.5586354479441441, "lr": 0.0009975726980692697, "wall": 97.5}
{"arm": "deeponet", "epoch": 1, "steps": 128, "train": 0.08586258039160377, "val_mean_case_max": 0.2567069084333873, "val_worst": 0.3607218046120419, "lr": 0.0009900368305560347, "wall": 194.8}
{"arm": "deeponet", "epoch": 2, "steps": 192, "train": 0.03748014756723446, "val_mean_case_max": 0.22128215170906465, "val_worst": 0.32915290245597056, "lr": 0.0009774701993062428, "wall": 292.1}
{"arm": "deeponet", "epoch": 3, "steps": 256, "train": 0.02774014869843896, "val_mean_case_max": 0.16693468807254025, "val_worst": 0.296388195759876, "lr": 0.000960004706534391, "wall": 389.4}
{"arm": "deeponet", "epoch": 4, "steps": 320, "train": 0.01833826998657724, "val_mean_case_max": 0.16256078238715743, "val_worst": 0.3029728496855708, "lr": 0.0009378195022566582, "wall": 486.7}
{"arm": "deeponet", "epoch": 5, "steps": 384, "train": 0.014699826743872277, "val_mean_case_max": 0.13068031654682435, "val_worst": 0.23504087311889543, "lr": 0.0009111407678343546, "wall": 584.0}
{"arm": "deeponet", "epoch": 6, "steps": 448, "train": 0.00868343554301343, "val_mean_case_max": 0.1346902612740426, "val_worst": 0.24277507021409805, "lr": 0.0008802500981375, "wall": 681.3}
{"arm": "deeponet", "epoch": 7, "steps": 512, "train": 0.009265462450220904, "val_mean_case_max": 0.137965208260049, "val_worst": 0.20346222811713152, "lr": 0.0008454842767750069, "wall": 778.5}
{"arm": "deeponet", "epoch": 8, "steps": 576, "train": 0.011660882482408272, "val_mean_case_max": 0.12048187109461488, "val_worst": 0.2124350462979562, "lr": 0.0008071824192697121, "wall": 875.8}
{"arm": "deeponet", "epoch": 9, "steps": 640, "train": 0.0059926220371116275, "val_mean_case_max": 0.10474505811398135, "val_worst": 0.1812538483471032, "lr": 0.0007657367376897016, "wall": 973.1}
{"arm": "deeponet", "epoch": 10, "steps": 704, "train": 0.005575369770396753, "val_mean_case_max": 0.09976459477147187, "val_worst": 0.17686891679476877, "lr": 0.0007215908999693548, "wall": 1070.4}
{"arm": "deeponet", "epoch": 11, "steps": 768, "train": 0.004051470732632657, "val_mean_case_max": 0.08598929876767053, "val_worst": 0.15579249235610346, "lr": 0.0006751943189751817, "wall": 1167.7}
{"arm": "deeponet", "epoch": 12, "steps": 832, "train": 0.003276012335403282, "val_mean_case_max": 0.08051571480991303, "val_worst": 0.15118530886380213, "lr": 0.0006270301651241291, "wall": 1265.0}
{"arm": "deeponet", "epoch": 13, "steps": 896, "train": 0.0034462653610425062, "val_mean_case_max": 0.0855604916344172, "val_worst": 0.14532284836339623, "lr": 0.0005776015483704128, "wall": 1362.3}
{"arm": "deeponet", "epoch": 14, "steps": 960, "train": 0.002835152085178254, "val_mean_case_max": 0.06641636411421212, "val_worst": 0.1310357532739361, "lr": 0.0005274373804468136, "wall": 1459.6}
{"arm": "deeponet", "epoch": 15, "steps": 1024, "train": 0.001975641867473829, "val_mean_case_max": 0.0624201829560306, "val_worst": 0.11830129529349603, "lr": 0.00047701777845250297, "wall": 1556.9}
{"arm": "deeponet", "epoch": 16, "steps": 1088, "train": 0.001737632968203202, "val_mean_case_max": 0.059086601142361236, "val_worst": 0.12089281347638092, "lr": 0.0004268941483822181, "wall": 1654.2}
{"arm": "deeponet", "epoch": 17, "steps": 1152, "train": 0.0015051192335876606, "val_mean_case_max": 0.055659536530507724, "val_worst": 0.11325515667193817, "lr": 0.00037757915940860086, "wall": 1751.5}
{"arm": "deeponet", "epoch": 18, "steps": 1216, "train": 0.0013873374442373025, "val_mean_case_max": 0.054164997855637165, "val_worst": 0.11243349028101796, "lr": 0.0003295889405013771, "wall": 1848.8}
{"arm": "deeponet", "epoch": 19, "steps": 1280, "train": 0.0012682836725700201, "val_mean_case_max": 0.0518215486490919, "val_worst": 0.10742751792257743, "lr": 0.0002834092782673786, "wall": 1946.1}
{"arm": "deeponet", "epoch": 20, "steps": 1344, "train": 0.001206265387541797, "val_mean_case_max": 0.04991234046062007, "val_worst": 0.1019092153004997, "lr": 0.000239541638111172, "wall": 2043.4}
{"arm": "deeponet", "epoch": 21, "steps": 1408, "train": 0.0010856752816948707, "val_mean_case_max": 0.047459595266811386, "val_worst": 0.09998225471824487, "lr": 0.00019842327067354592, "wall": 2140.7}
{"arm": "deeponet", "epoch": 22, "steps": 1472, "train": 0.001015112878518216, "val_mean_case_max": 0.04696507832364377, "val_worst": 0.09999442003870251, "lr": 0.00016048089464243948, "wall": 2238.0}
{"arm": "deeponet", "epoch": 23, "steps": 1536, "train": 0.0009641780165641177, "val_mean_case_max": 0.045996417580067755, "val_worst": 0.09709323747994177, "lr": 0.00012611420655775384, "wall": 2335.3}
{"arm": "deeponet", "epoch": 24, "steps": 1600, "train": 0.0009229532483298498, "val_mean_case_max": 0.04500186451258313, "val_worst": 0.09635076329248624, "lr": 9.567843650825771e-05, "wall": 2432.6}
{"arm": "deeponet", "epoch": 25, "steps": 1664, "train": 0.0008870382690494991, "val_mean_case_max": 0.04426232456749357, "val_worst": 0.09512091955703865, "lr": 6.948473623032359e-05, "wall": 2529.9}
{"arm": "deeponet", "epoch": 26, "steps": 1728, "train": 0.0008649691232397454, "val_mean_case_max": 0.04385082388195675, "val_worst": 0.0947297882094797, "lr": 4.781181889710969e-05, "wall": 2627.2}
{"arm": "deeponet", "epoch": 27, "steps": 1792, "train": 0.0008468737699528067, "val_mean_case_max": 0.04353148946740752, "val_worst": 0.09472870258407975, "lr": 3.088248901701685e-05, "wall": 2724.5}
{"arm": "deeponet", "epoch": 28, "steps": 1856, "train": 0.0008369364548969103, "val_mean_case_max": 0.04341011385928367, "val_worst": 0.0945280874678355, "lr": 1.8870887748744867e-05, "wall": 2821.8}
{"arm": "deeponet", "epoch": 29, "steps": 1920, "train": 0.000829207111921426, "val_mean_case_max": 0.0432918744536451, "val_worst": 0.09425026595290788, "lr": 1.1902848971529618e-05, "wall": 2919.1}
{"arm": "deeponet", "epoch": 30, "steps": 1974, "train": 0.0008132318140647345, "val_mean_case_max": 0.04321779676750348, "val_worst": 0.09405386050648443, "lr": 1.0000558751660685e-05, "wall": 3001.5}
ARM DONE deeponet {"stop_reason": "wall_budget", "epochs_completed": 31, "optimisation_steps": 1974, "micro_batch": 8} val_mean_case_max 0.04321779676750348
TRAIN OPS COMPLETE
run_exit=0
