host=pax105 job=4286515
NVIDIA A100 80GB PCIe, GPU-7ea87052-7ee2-b522-615d-be66f44238c3, 81920 MiB
10.235.106.30:/projects/paralab  4.6T  4.2T  364G  93% /cluster/tufts/paralab
jax_backend=gpu
torch_cuda=True
torch_backend=cuda NVIDIA A100 80GB PCIe
DATA READY {"seconds": 0.30663453694432974} [0.02126182643724136, 0.11623014438131317, 0.0024425211230707368]
{"arm": "deeponet", "epoch": 0, "steps": 327, "train": 0.22668661253082906, "val_mean": 0.310487763760883, "val_worst": 0.3914487634153954, "lr": 0.0009999305163900956, "wall": 16.2}
{"arm": "deeponet", "epoch": 1, "steps": 654, "train": 0.0672411854166561, "val_mean": 0.2177506634654215, "val_worst": 0.32000747292625187, "lr": 0.0009997195512017189, "wall": 32.3}
{"arm": "deeponet", "epoch": 2, "steps": 981, "train": 0.044145990624732026, "val_mean": 0.1753932463798878, "val_worst": 0.2992961602291039, "lr": 0.0009993680189370603, "wall": 48.4}
{"arm": "deeponet", "epoch": 3, "steps": 1308, "train": 0.03730710251038099, "val_mean": 0.1708089909331139, "val_worst": 0.26340539043353534, "lr": 0.0009988751683757842, "wall": 64.5}
{"arm": "deeponet", "epoch": 4, "steps": 1635, "train": 0.025646848230875232, "val_mean": 0.1464930005112455, "val_worst": 0.2402337277122797, "lr": 0.0009982410057136175, "wall": 80.7}
{"arm": "deeponet", "epoch": 5, "steps": 1962, "train": 0.02267610570895831, "val_mean": 0.1386609108332183, "val_worst": 0.20937293181506533, "lr": 0.0009974660167767937, "wall": 96.8}
{"arm": "deeponet", "epoch": 6, "steps": 2289, "train": 0.02278964535032902, "val_mean": 0.14610080407632392, "val_worst": 0.3091979610155266, "lr": 0.0009965494822103992, "wall": 112.9}
{"arm": "deeponet", "epoch": 7, "steps": 2616, "train": 0.01962643829931726, "val_mean": 0.1436610054413206, "val_worst": 0.257429359574126, "lr": 0.0009954941216193064, "wall": 129.1}
{"arm": "deeponet", "epoch": 8, "steps": 2943, "train": 0.030028489561744514, "val_mean": 0.38553108008658576, "val_worst": 0.574405858901186, "lr": 0.000994298754299367, "wall": 145.2}
{"arm": "deeponet", "epoch": 9, "steps": 3270, "train": 0.03768209680717461, "val_mean": 0.15362493695775745, "val_worst": 0.23328018545094148, "lr": 0.0009929639000671702, "wall": 161.3}
{"arm": "deeponet", "epoch": 10, "steps": 3597, "train": 0.013583574421285443, "val_mean": 0.10845225457532151, "val_worst": 0.1895056501123817, "lr": 0.0009914894764905997, "wall": 177.5}
{"arm": "deeponet", "epoch": 11, "steps": 3924, "train": 0.013553344286162488, "val_mean": 0.12141436151394275, "val_worst": 0.20300324652044724, "lr": 0.0009898714489573505, "wall": 193.6}
{"arm": "deeponet", "epoch": 12, "steps": 4251, "train": 0.014298582769788414, "val_mean": 0.1317920147609255, "val_worst": 0.2275788539119855, "lr": 0.0009881196002340885, "wall": 209.8}
{"arm": "deeponet", "epoch": 13, "steps": 4578, "train": 0.015534852719969737, "val_mean": 0.13957008598545273, "val_worst": 0.23506145792653294, "lr": 0.0009862304442724453, "wall": 225.9}
{"arm": "deeponet", "epoch": 14, "steps": 4905, "train": 0.013667497755775863, "val_mean": 0.09794089954396723, "val_worst": 0.19171484600814998, "lr": 0.000984203276320609, "wall": 242.0}
{"arm": "deeponet", "epoch": 15, "steps": 5232, "train": 0.014738368049867006, "val_mean": 0.11079866318615236, "val_worst": 0.2176142786521239, "lr": 0.000982034638762919, "wall": 258.2}
{"arm": "deeponet", "epoch": 16, "steps": 5559, "train": 0.012373869580722199, "val_mean": 0.1245367289015648, "val_worst": 0.22815450784073654, "lr": 0.0009797344289389808, "wall": 274.3}
{"arm": "deeponet", "epoch": 17, "steps": 5886, "train": 0.018494530433886696, "val_mean": 0.199520104750978, "val_worst": 0.32938966232798667, "lr": 0.000977298189577101, "wall": 290.4}
{"arm": "deeponet", "epoch": 18, "steps": 6213, "train": 0.015186243115420398, "val_mean": 0.10132067576827203, "val_worst": 0.16895900485409632, "lr": 0.0009747255718147669, "wall": 306.6}
{"arm": "deeponet", "epoch": 19, "steps": 6540, "train": 0.0109991635220578, "val_mean": 0.11517743145035025, "val_worst": 0.1852080702896568, "lr": 0.0009720176791078911, "wall": 322.7}
{"arm": "deeponet", "epoch": 20, "steps": 6867, "train": 0.012640043289356825, "val_mean": 0.10443786974644678, "val_worst": 0.16931064834110843, "lr": 0.0009691781243349412, "wall": 338.9}
{"arm": "deeponet", "epoch": 21, "steps": 7194, "train": 0.012156192107409263, "val_mean": 0.10144083058689002, "val_worst": 0.17379582508315145, "lr": 0.0009662051027223918, "wall": 355.0}
{"arm": "deeponet", "epoch": 22, "steps": 7521, "train": 0.012894336083631738, "val_mean": 0.1487439817458649, "val_worst": 0.2326785408327303, "lr": 0.0009630972646167511, "wall": 371.2}
{"arm": "deeponet", "epoch": 23, "steps": 7848, "train": 0.033703163644356465, "val_mean": 0.0928136025764722, "val_worst": 0.1576039273641898, "lr": 0.0009598629940928733, "wall": 387.3}
{"arm": "deeponet", "epoch": 24, "steps": 8175, "train": 0.00936309463884597, "val_mean": 0.09644885552948913, "val_worst": 0.16270711513024955, "lr": 0.0009564928543174098, "wall": 403.5}
{"arm": "deeponet", "epoch": 25, "steps": 8502, "train": 0.008867619770309686, "val_mean": 0.10139670103818332, "val_worst": 0.16266823134469882, "lr": 0.0009530001105751376, "wall": 419.6}
{"arm": "deeponet", "epoch": 26, "steps": 8829, "train": 0.008987527175187051, "val_mean": 0.08356374362664037, "val_worst": 0.15353966822545353, "lr": 0.0009493788637040049, "wall": 435.8}
{"arm": "deeponet", "epoch": 27, "steps": 9156, "train": 0.009854460755147041, "val_mean": 0.09457816756674747, "val_worst": 0.17581922406319328, "lr": 0.0009456005088219478, "wall": 452.0}
{"arm": "deeponet", "epoch": 28, "steps": 9483, "train": 0.008404851906291486, "val_mean": 0.08771080158155012, "val_worst": 0.15045169247117665, "lr": 0.0009417105826748232, "wall": 468.2}
{"arm": "deeponet", "epoch": 29, "steps": 9810, "train": 0.01077038249940708, "val_mean": 0.09090938647696992, "val_worst": 0.1797069007548815, "lr": 0.0009377097867892152, "wall": 484.3}
{"arm": "deeponet", "epoch": 30, "steps": 10137, "train": 0.009341571667415465, "val_mean": 0.11525802405626384, "val_worst": 0.18000622077452053, "lr": 0.0009335850270209035, "wall": 500.5}
{"arm": "deeponet", "epoch": 31, "steps": 10464, "train": 0.010401572276941207, "val_mean": 0.08364465432874761, "val_worst": 0.15137707276622703, "lr": 0.000929335278419295, "wall": 516.6}
{"arm": "deeponet", "epoch": 32, "steps": 10791, "train": 0.008493157115092959, "val_mean": 0.0894821809748935, "val_worst": 0.15078022547810793, "lr": 0.000924965612738015, "wall": 532.8}
{"arm": "deeponet", "epoch": 33, "steps": 11118, "train": 0.009816327309685161, "val_mean": 0.09425753933975688, "val_worst": 0.2100874804538994, "lr": 0.0009204779236808493, "wall": 548.9}
{"arm": "deeponet", "epoch": 34, "steps": 11445, "train": 0.01684494895669616, "val_mean": 0.11372613673100643, "val_worst": 0.20065809372601737, "lr": 0.0009158696703007092, "wall": 565.1}
{"arm": "deeponet", "epoch": 35, "steps": 11772, "train": 0.008448997981376837, "val_mean": 0.0934623047761199, "val_worst": 0.15631819137714306, "lr": 0.0009111459116046695, "wall": 581.2}
{"arm": "deeponet", "epoch": 36, "steps": 12099, "train": 0.007312795674413156, "val_mean": 0.07976434919002985, "val_worst": 0.17950244062491397, "lr": 0.0009063044915246593, "wall": 597.4}
{"arm": "deeponet", "epoch": 37, "steps": 12426, "train": 0.006862598489481829, "val_mean": 0.08107489367145881, "val_worst": 0.15695884445011382, "lr": 0.0009013434882773621, "wall": 613.5}
{"arm": "deeponet", "epoch": 38, "steps": 12753, "train": 0.007820436933278191, "val_mean": 0.07702879239144265, "val_worst": 0.13980246838011637, "lr": 0.0008962725535198237, "wall": 629.7}
{"arm": "deeponet", "epoch": 39, "steps": 13080, "train": 0.008176056743571795, "val_mean": 0.09153293698566375, "val_worst": 0.17605365992475921, "lr": 0.0008910840701137679, "wall": 645.8}
{"arm": "deeponet", "epoch": 40, "steps": 13407, "train": 0.008689839373378158, "val_mean": 0.08056118161565254, "val_worst": 0.14206311472046695, "lr": 0.000885781197388747, "wall": 662.0}
{"arm": "deeponet", "epoch": 41, "steps": 13734, "train": 0.007195264951752493, "val_mean": 0.07316247711665562, "val_worst": 0.12111811860752997, "lr": 0.0008803834008103367, "wall": 678.2}
{"arm": "deeponet", "epoch": 42, "steps": 14061, "train": 0.006130661985775677, "val_mean": 0.08377563906063915, "val_worst": 0.1390140061952738, "lr": 0.000874867054843686, "wall": 694.3}
{"arm": "deeponet", "epoch": 43, "steps": 14388, "train": 0.008539569161658598, "val_mean": 0.10738770389374344, "val_worst": 0.15559285893298253, "lr": 0.0008692562655440544, "wall": 710.4}
{"arm": "deeponet", "epoch": 44, "steps": 14715, "train": 0.012969662710582629, "val_mean": 0.07233107080647147, "val_worst": 0.13719423858067759, "lr": 0.000863539766171066, "wall": 726.6}
{"arm": "deeponet", "epoch": 45, "steps": 15042, "train": 0.004979770815939175, "val_mean": 0.07655735353569157, "val_worst": 0.1455555346136791, "lr": 0.0008577089440851267, "wall": 742.7}
{"arm": "deeponet", "epoch": 46, "steps": 15369, "train": 0.005717796730926528, "val_mean": 0.07340884106456205, "val_worst": 0.12179208117732264, "lr": 0.0008517913747825285, "wall": 758.9}
{"arm": "deeponet", "epoch": 47, "steps": 15696, "train": 0.006526179557112631, "val_mean": 0.09187623941277155, "val_worst": 0.1919555596878177, "lr": 0.0008457736697682019, "wall": 775.0}
{"arm": "deeponet", "epoch": 48, "steps": 16023, "train": 0.005733770169363289, "val_mean": 0.08065676685660264, "val_worst": 0.14226958081194715, "lr": 0.0008396571621675133, "wall": 791.1}
{"arm": "deeponet", "epoch": 49, "steps": 16350, "train": 0.006919204782013003, "val_mean": 0.08598799834554557, "val_worst": 0.16584604177148962, "lr": 0.0008334468434280101, "wall": 807.3}
{"arm": "deeponet", "epoch": 50, "steps": 16677, "train": 0.007804140747465716, "val_mean": 0.06948474283999827, "val_worst": 0.13400500386886616, "lr": 0.0008271427734741866, "wall": 823.4}
{"arm": "deeponet", "epoch": 51, "steps": 17004, "train": 0.004985752500672176, "val_mean": 0.08134403706153082, "val_worst": 0.15634183854048994, "lr": 0.0008207363836585322, "wall": 839.6}
{"arm": "deeponet", "epoch": 52, "steps": 17331, "train": 0.0062520391028086, "val_mean": 0.07796293755101688, "val_worst": 0.1481591041101806, "lr": 0.0008142486460195313, "wall": 855.7}
{"arm": "deeponet", "epoch": 53, "steps": 17658, "train": 0.006397612992574254, "val_mean": 0.08327647662480069, "val_worst": 0.14644337799818993, "lr": 0.0008076725118452635, "wall": 871.9}
{"arm": "deeponet", "epoch": 54, "steps": 17985, "train": 0.0059143618549292055, "val_mean": 0.07064109705067881, "val_worst": 0.13514429030284458, "lr": 0.0008010094542343571, "wall": 888.0}
{"arm": "deeponet", "epoch": 55, "steps": 18312, "train": 0.005086076555705544, "val_mean": 0.07389213469466613, "val_worst": 0.13788680365068062, "lr": 0.0007942586855674289, "wall": 904.1}
{"arm": "deeponet", "epoch": 56, "steps": 18639, "train": 0.00571537608893376, "val_mean": 0.07572683744417183, "val_worst": 0.14056064250548944, "lr": 0.0007874253206132561, "wall": 920.3}
{"arm": "deeponet", "epoch": 57, "steps": 18966, "train": 0.11209849141126701, "val_mean": 0.1000396545038125, "val_worst": 0.16736829806694942, "lr": 0.0007805166094397911, "wall": 936.4}
{"arm": "deeponet", "epoch": 58, "steps": 19293, "train": 0.004857123862880339, "val_mean": 0.06899265474346596, "val_worst": 0.13559748131003532, "lr": 0.0007735292447427824, "wall": 952.6}
{"arm": "deeponet", "epoch": 59, "steps": 19620, "train": 0.0044396683343459606, "val_mean": 0.06952575790410032, "val_worst": 0.1324544008710132, "lr": 0.0007664535697720837, "wall": 968.7}
{"arm": "deeponet", "epoch": 60, "steps": 19947, "train": 0.00429653887120964, "val_mean": 0.06726969593438545, "val_worst": 0.12870416831421977, "lr": 0.0007593137305785163, "wall": 984.9}
{"arm": "deeponet", "epoch": 61, "steps": 20274, "train": 0.005025805003052555, "val_mean": 0.07391080548436951, "val_worst": 0.12782542697284976, "lr": 0.0007520876270547015, "wall": 1001.0}
{"arm": "deeponet", "epoch": 62, "steps": 20601, "train": 0.00428416413455221, "val_mean": 0.06828037169292911, "val_worst": 0.1250122793428821, "lr": 0.0007448009792203213, "wall": 1017.2}
{"arm": "deeponet", "epoch": 63, "steps": 20928, "train": 0.00436028523548609, "val_mean": 0.0909866289111327, "val_worst": 0.15457643384872424, "lr": 0.0007374451872417987, "wall": 1033.3}
{"arm": "deeponet", "epoch": 64, "steps": 21255, "train": 0.006023515414662809, "val_mean": 0.06872819541753117, "val_worst": 0.1311903218240294, "lr": 0.0007300200355375172, "wall": 1049.5}
{"arm": "deeponet", "epoch": 65, "steps": 21582, "train": 0.004386608616957843, "val_mean": 0.07834197239136295, "val_worst": 0.15217526463656483, "lr": 0.0007225354600985693, "wall": 1065.6}
{"arm": "deeponet", "epoch": 66, "steps": 21909, "train": 0.0046354753441536995, "val_mean": 0.08448488324801409, "val_worst": 0.1454858715878447, "lr": 0.0007149868505711692, "wall": 1081.8}
{"arm": "deeponet", "epoch": 67, "steps": 22236, "train": 0.00531983973430718, "val_mean": 0.06246492844861131, "val_worst": 0.11089186739031413, "lr": 0.0007073768545063161, "wall": 1097.9}
{"arm": "deeponet", "epoch": 68, "steps": 22563, "train": 0.004115701375752298, "val_mean": 0.060424711636514805, "val_worst": 0.11135145450538321, "lr": 0.0006996929551044069, "wall": 1114.1}
{"arm": "deeponet", "epoch": 69, "steps": 22890, "train": 0.004808910864506071, "val_mean": 0.07094442157656684, "val_worst": 0.14986597135099614, "lr": 0.0006919597467234928, "wall": 1130.3}
{"arm": "deeponet", "epoch": 70, "steps": 23217, "train": 0.004591621448108846, "val_mean": 0.06607383263815104, "val_worst": 0.1197198039160726, "lr": 0.0006841875070321059, "wall": 1146.4}
{"arm": "deeponet", "epoch": 71, "steps": 23544, "train": 0.004639299340790605, "val_mean": 0.06110094526285709, "val_worst": 0.11534176566131889, "lr": 0.0006763651100182554, "wall": 1162.5}
{"arm": "deeponet", "epoch": 72, "steps": 23871, "train": 0.003438088633712748, "val_mean": 0.05817529717850564, "val_worst": 0.11174907013727489, "lr": 0.000668483863972375, "wall": 1178.7}
{"arm": "deeponet", "epoch": 73, "steps": 24198, "train": 0.00813677244721581, "val_mean": 0.11229158647643989, "val_worst": 0.18147683166293463, "lr": 0.0006605489780436291, "wall": 1194.9}
{"arm": "deeponet", "epoch": 74, "steps": 24525, "train": 0.005056378182131182, "val_mean": 0.060146934420004655, "val_worst": 0.11571551804529617, "lr": 0.0006525853278774089, "wall": 1211.0}
{"arm": "deeponet", "epoch": 75, "steps": 24852, "train": 0.0030366984041978544, "val_mean": 0.062404160112925766, "val_worst": 0.10779697880566716, "lr": 0.0006445779319243926, "wall": 1227.1}
{"arm": "deeponet", "epoch": 76, "steps": 25179, "train": 0.0045676538840087825, "val_mean": 0.06568003092336064, "val_worst": 0.13902806809869123, "lr": 0.0006365333455889944, "wall": 1243.3}
{"arm": "deeponet", "epoch": 77, "steps": 25506, "train": 0.003219163491114033, "val_mean": 0.056015038782761914, "val_worst": 0.11473018833331271, "lr": 0.0006284465164298053, "wall": 1259.5}
{"arm": "deeponet", "epoch": 78, "steps": 25833, "train": 0.0043838153960864094, "val_mean": 0.06074249878902127, "val_worst": 0.11614065141003413, "lr": 0.0006203110050565526, "wall": 1275.6}
{"arm": "deeponet", "epoch": 79, "steps": 26160, "train": 0.004029899241311227, "val_mean": 0.06100112740380303, "val_worst": 0.12632069173161545, "lr": 0.0006121552775980885, "wall": 1291.7}
{"arm": "deeponet", "epoch": 80, "steps": 26487, "train": 0.003909098490705797, "val_mean": 0.06188723785834438, "val_worst": 0.11369912693637463, "lr": 0.0006039722994188892, "wall": 1307.9}
{"arm": "deeponet", "epoch": 81, "steps": 26814, "train": 0.003128229600591899, "val_mean": 0.05383778575231182, "val_worst": 0.11637448015747733, "lr": 0.0005957579919359483, "wall": 1324.1}
{"arm": "deeponet", "epoch": 82, "steps": 27141, "train": 0.0030277539042854002, "val_mean": 0.07077703036400583, "val_worst": 0.11537987518662553, "lr": 0.0005875020047872501, "wall": 1340.2}
{"arm": "deeponet", "epoch": 83, "steps": 27468, "train": 0.0033840998436291763, "val_mean": 0.06073399347889895, "val_worst": 0.12075193836823402, "lr": 0.0005792429478681029, "wall": 1356.3}
{"arm": "deeponet", "epoch": 84, "steps": 27795, "train": 0.0036607840609357628, "val_mean": 0.05930760946594692, "val_worst": 0.11047915243764744, "lr": 0.0005709639526792725, "wall": 1372.5}
{"arm": "deeponet", "epoch": 85, "steps": 28122, "train": 0.0030157708769142704, "val_mean": 0.059877495356001904, "val_worst": 0.11208226853596505, "lr": 0.0005626633300062115, "wall": 1388.6}
{"arm": "deeponet", "epoch": 86, "steps": 28449, "train": 0.006542835305736812, "val_mean": 0.05884574993710784, "val_worst": 0.11467893593421566, "lr": 0.0005543459661873066, "wall": 1404.8}
{"arm": "deeponet", "epoch": 87, "steps": 28776, "train": 0.002858465873400977, "val_mean": 0.05953676233019939, "val_worst": 0.11180736499900759, "lr": 0.0005460119286474943, "wall": 1420.9}
{"arm": "deeponet", "epoch": 88, "steps": 29103, "train": 0.002939743738603645, "val_mean": 0.05397128395727205, "val_worst": 0.11413904305400195, "lr": 0.0005376686300144627, "wall": 1437.0}
{"arm": "deeponet", "epoch": 89, "steps": 29430, "train": 0.0026603151056974602, "val_mean": 0.055451679816147, "val_worst": 0.10490858873253331, "lr": 0.0005293142778818358, "wall": 1453.2}
{"arm": "deeponet", "epoch": 90, "steps": 29757, "train": 0.0027353801532436018, "val_mean": 0.052144042106867926, "val_worst": 0.10474743236200437, "lr": 0.0005209547677931148, "wall": 1469.4}
{"arm": "deeponet", "epoch": 91, "steps": 30084, "train": 0.0028926145258541367, "val_mean": 0.05190176031570111, "val_worst": 0.108398800081791, "lr": 0.0005125775123005371, "wall": 1485.5}
{"arm": "deeponet", "epoch": 92, "steps": 30411, "train": 0.003524600340389087, "val_mean": 0.05821167930375099, "val_worst": 0.12344011105979663, "lr": 0.0005041986695580287, "wall": 1501.7}
{"arm": "deeponet", "epoch": 93, "steps": 30738, "train": 0.0026683919475507974, "val_mean": 0.05285010865536571, "val_worst": 0.1048845953703683, "lr": 0.0004958329476838863, "wall": 1517.8}
{"arm": "deeponet", "epoch": 94, "steps": 31065, "train": 0.0028619812057214537, "val_mean": 0.0521119282599925, "val_worst": 0.09909774103206127, "lr": 0.0004874709698683608, "wall": 1533.9}
{"arm": "deeponet", "epoch": 95, "steps": 31392, "train": 0.0030533785272100285, "val_mean": 0.052392862542070644, "val_worst": 0.108703163467579, "lr": 0.0004791140835061086, "wall": 1550.1}
{"arm": "deeponet", "epoch": 96, "steps": 31719, "train": 0.0026778070725243137, "val_mean": 0.05484623074957105, "val_worst": 0.10435268734892508, "lr": 0.0004707641379447841, "wall": 1566.2}
{"arm": "deeponet", "epoch": 97, "steps": 32046, "train": 0.0026651388014015277, "val_mean": 0.05351393595107762, "val_worst": 0.11121848074846755, "lr": 0.00046242279934493924, "wall": 1582.4}
{"arm": "deeponet", "epoch": 98, "steps": 32373, "train": 0.0024841078570056446, "val_mean": 0.05129047158558972, "val_worst": 0.10272070272463814, "lr": 0.00045409335179526423, "wall": 1598.5}
{"arm": "deeponet", "epoch": 99, "steps": 32700, "train": 0.0027429891410325263, "val_mean": 0.05122080595026665, "val_worst": 0.11351187797376289, "lr": 0.000445763492522174, "wall": 1614.7}
{"arm": "deeponet", "epoch": 100, "steps": 33027, "train": 0.002415910472359739, "val_mean": 0.05650801451160653, "val_worst": 0.11605533324261413, "lr": 0.0004374303226186439, "wall": 1630.9}
{"arm": "deeponet", "epoch": 101, "steps": 33354, "train": 0.0025317099344555195, "val_mean": 0.04851284275372806, "val_worst": 0.09243930602537544, "lr": 0.0004291518719975871, "wall": 1647.0}
{"arm": "deeponet", "epoch": 102, "steps": 33681, "train": 0.0023605907665272046, "val_mean": 0.052209832063953285, "val_worst": 0.10448793382201697, "lr": 0.0004208805601770203, "wall": 1663.2}
{"arm": "deeponet", "epoch": 103, "steps": 34008, "train": 0.0023759273123985162, "val_mean": 0.04666761941925902, "val_worst": 0.10005056587503385, "lr": 0.0004126487844008918, "wall": 1679.4}
{"arm": "deeponet", "epoch": 104, "steps": 34335, "train": 0.00261643660929747, "val_mean": 0.04783397266671814, "val_worst": 0.09655607198667154, "lr": 0.00040442602585252584, "wall": 1695.5}
{"arm": "deeponet", "epoch": 105, "steps": 34662, "train": 0.002088509093448459, "val_mean": 0.0522906608169306, "val_worst": 0.10566746339179121, "lr": 0.00039624949605979154, "wall": 1711.6}
{"arm": "deeponet", "epoch": 106, "steps": 34989, "train": 0.002047713491985195, "val_mean": 0.04747825619618874, "val_worst": 0.09579947986382506, "lr": 0.0003880987928664485, "wall": 1727.8}
{"arm": "deeponet", "epoch": 107, "steps": 35316, "train": 0.0033733986302273483, "val_mean": 0.04666807751400072, "val_worst": 0.11491859306383684, "lr": 0.0003799780333099178, "wall": 1743.9}
{"arm": "deeponet", "epoch": 108, "steps": 35643, "train": 0.0017966711148504455, "val_mean": 0.04418012922945509, "val_worst": 0.09296231033251136, "lr": 0.00037189573336882944, "wall": 1760.1}
{"arm": "deeponet", "epoch": 109, "steps": 35970, "train": 0.0019387969392922631, "val_mean": 0.04713929733515776, "val_worst": 0.09908360542717266, "lr": 0.0003638354322954095, "wall": 1776.3}
{"arm": "deeponet", "epoch": 110, "steps": 36297, "train": 0.0019945007860158615, "val_mean": 0.04364219882674328, "val_worst": 0.09609444949407661, "lr": 0.000355831429326907, "wall": 1792.5}
{"arm": "deeponet", "epoch": 111, "steps": 36624, "train": 0.001650600168925864, "val_mean": 0.04534941752818096, "val_worst": 0.09015617299662497, "lr": 0.0003478570371136674, "wall": 1808.6}
{"arm": "deeponet", "epoch": 112, "steps": 36951, "train": 0.002037376101642344, "val_mean": 0.04734618860529147, "val_worst": 0.09235898976394713, "lr": 0.0003399427919945433, "wall": 1824.7}
{"arm": "deeponet", "epoch": 113, "steps": 37278, "train": 0.0017635744609411877, "val_mean": 0.042468938713698924, "val_worst": 0.08830431897332766, "lr": 0.0003320771549855975, "wall": 1840.9}
{"arm": "deeponet", "epoch": 114, "steps": 37605, "train": 0.001869299936527234, "val_mean": 0.04944147231087166, "val_worst": 0.095973695809681, "lr": 0.00032424677011734764, "wall": 1857.1}
{"arm": "deeponet", "epoch": 115, "steps": 37932, "train": 0.0018347112532630578, "val_mean": 0.04753997139794687, "val_worst": 0.09385449453790927, "lr": 0.000316480641456343, "wall": 1873.2}
{"arm": "deeponet", "epoch": 116, "steps": 38259, "train": 0.0018600926555205391, "val_mean": 0.042439197552549754, "val_worst": 0.09335678524535113, "lr": 0.00030876921711325595, "wall": 1889.4}
{"arm": "deeponet", "epoch": 117, "steps": 38586, "train": 0.0016381016970508859, "val_mean": 0.044040073998365445, "val_worst": 0.09552365800752811, "lr": 0.0003011012031844496, "wall": 1905.5}
{"arm": "deeponet", "epoch": 118, "steps": 38913, "train": 0.0017179249297210083, "val_mean": 0.04063739308317108, "val_worst": 0.08903380648076305, "lr": 0.00029350463860794467, "wall": 1921.7}
{"arm": "deeponet", "epoch": 119, "steps": 39240, "train": 0.0017444252430006593, "val_mean": 0.041216519937516315, "val_worst": 0.08531150502999289, "lr": 0.00028595288172318856, "wall": 1937.9}
{"arm": "deeponet", "epoch": 120, "steps": 39567, "train": 0.001505304197645373, "val_mean": 0.04204996536641797, "val_worst": 0.08721398040913564, "lr": 0.0002784813600547459, "wall": 1954.0}
{"arm": "deeponet", "epoch": 121, "steps": 39894, "train": 0.001568568926914575, "val_mean": 0.04226540443966789, "val_worst": 0.09273853740930359, "lr": 0.00027107392290558435, "wall": 1970.1}
{"arm": "deeponet", "epoch": 122, "steps": 40221, "train": 0.0015622403853959757, "val_mean": 0.03910727613118964, "val_worst": 0.08348210698622252, "lr": 0.0002637347456178545, "wall": 1986.3}
{"arm": "deeponet", "epoch": 123, "steps": 40548, "train": 0.0015491335337864504, "val_mean": 0.03952799038436551, "val_worst": 0.09459550552497058, "lr": 0.00025644868705678174, "wall": 2002.5}
{"arm": "deeponet", "epoch": 124, "steps": 40875, "train": 0.0013720726141366797, "val_mean": 0.03971269516280815, "val_worst": 0.08619354308844554, "lr": 0.00024924372765367165, "wall": 2018.6}
{"arm": "deeponet", "epoch": 125, "steps": 41202, "train": 0.0013687559330354741, "val_mean": 0.04161332400311407, "val_worst": 0.08957832494083033, "lr": 0.00024211719312237898, "wall": 2034.7}
{"arm": "deeponet", "epoch": 126, "steps": 41529, "train": 0.0015002355548106587, "val_mean": 0.03979701900774357, "val_worst": 0.08455969580898774, "lr": 0.0002350671209698145, "wall": 2050.9}
{"arm": "deeponet", "epoch": 127, "steps": 41856, "train": 0.0014436945350962552, "val_mean": 0.04032759882537143, "val_worst": 0.08201409748380825, "lr": 0.00022809053034931196, "wall": 2067.0}
{"arm": "deeponet", "epoch": 128, "steps": 42183, "train": 0.0013291975258832602, "val_mean": 0.04023243470719206, "val_worst": 0.08586231106493894, "lr": 0.0002211943082407212, "wall": 2083.2}
{"arm": "deeponet", "epoch": 129, "steps": 42510, "train": 0.0013079922578617133, "val_mean": 0.03738258491261035, "val_worst": 0.08475300542696443, "lr": 0.0002143792743163751, "wall": 2099.3}
{"arm": "deeponet", "epoch": 130, "steps": 42837, "train": 0.001205661857864868, "val_mean": 0.036233118794298844, "val_worst": 0.08321284256217464, "lr": 0.00020763339335601422, "wall": 2115.5}
{"arm": "deeponet", "epoch": 131, "steps": 43164, "train": 0.0013333706349287825, "val_mean": 0.03684709668040083, "val_worst": 0.08275686997140116, "lr": 0.00020097192881009428, "wall": 2131.7}
{"arm": "deeponet", "epoch": 132, "steps": 43491, "train": 0.0011296658825433387, "val_mean": 0.03863413227874016, "val_worst": 0.08199086408057026, "lr": 0.00019440996933731114, "wall": 2147.8}
{"arm": "deeponet", "epoch": 133, "steps": 43818, "train": 0.0011374598077474195, "val_mean": 0.036894294766548735, "val_worst": 0.08408394678275281, "lr": 0.0001879383525147614, "wall": 2164.0}
{"arm": "deeponet", "epoch": 134, "steps": 44145, "train": 0.0012389024724106864, "val_mean": 0.03689185082287716, "val_worst": 0.0856937441636793, "lr": 0.0001815584350996224, "wall": 2180.1}
{"arm": "deeponet", "epoch": 135, "steps": 44472, "train": 0.001170233889564476, "val_mean": 0.03562345197513771, "val_worst": 0.07955221398947854, "lr": 0.00017527015782641564, "wall": 2196.3}
{"arm": "deeponet", "epoch": 136, "steps": 44799, "train": 0.0010802880100881044, "val_mean": 0.03538155646180002, "val_worst": 0.08189645808012826, "lr": 0.00016906548243604221, "wall": 2212.5}
{"arm": "deeponet", "epoch": 137, "steps": 45126, "train": 0.0010901785769221583, "val_mean": 0.03467523630038287, "val_worst": 0.08073475870036083, "lr": 0.00016295633812461334, "wall": 2228.6}
{"arm": "deeponet", "epoch": 138, "steps": 45453, "train": 0.0010662208486001792, "val_mean": 0.034163993382113435, "val_worst": 0.08129109947941844, "lr": 0.00015694839401974399, "wall": 2244.8}
{"arm": "deeponet", "epoch": 139, "steps": 45780, "train": 0.0010187930307657832, "val_mean": 0.035428834829608805, "val_worst": 0.08116254566202596, "lr": 0.00015103675029245824, "wall": 2260.9}
{"arm": "deeponet", "epoch": 140, "steps": 46107, "train": 0.0010686855585146499, "val_mean": 0.03355502691269871, "val_worst": 0.08343776541577456, "lr": 0.00014523604552325257, "wall": 2277.1}
{"arm": "deeponet", "epoch": 141, "steps": 46434, "train": 0.0009379079687982131, "val_mean": 0.03452942230266416, "val_worst": 0.08120833324762936, "lr": 0.0001395301794337784, "wall": 2293.3}
{"arm": "deeponet", "epoch": 142, "steps": 46761, "train": 0.0009646253128753435, "val_mean": 0.03401253422076505, "val_worst": 0.08160594819732447, "lr": 0.0001339370010588383, "wall": 2309.4}
{"arm": "deeponet", "epoch": 143, "steps": 47088, "train": 0.0009441388157070032, "val_mean": 0.03383077493456396, "val_worst": 0.07993164483609412, "lr": 0.00012845238747678445, "wall": 2325.5}
{"arm": "deeponet", "epoch": 144, "steps": 47415, "train": 0.0009100949044536231, "val_mean": 0.03312308728976634, "val_worst": 0.08046929567105711, "lr": 0.00012307457877728004, "wall": 2341.7}
{"arm": "deeponet", "epoch": 145, "steps": 47742, "train": 0.0008876446888293999, "val_mean": 0.03424202426177979, "val_worst": 0.07988517748334853, "lr": 0.0001177977763538718, "wall": 2357.9}
{"arm": "deeponet", "epoch": 146, "steps": 48069, "train": 0.0009075463295991831, "val_mean": 0.03315060382324355, "val_worst": 0.0789432074497284, "lr": 0.00011264091395779854, "wall": 2374.0}
{"arm": "deeponet", "epoch": 147, "steps": 48396, "train": 0.0008868815361848584, "val_mean": 0.03226626421170635, "val_worst": 0.07931138982750188, "lr": 0.00010759525964336582, "wall": 2390.2}
{"arm": "deeponet", "epoch": 148, "steps": 48723, "train": 0.000865316711074933, "val_mean": 0.03247451012172537, "val_worst": 0.07981019071654145, "lr": 0.00010264976311821502, "wall": 2406.3}
{"arm": "deeponet", "epoch": 149, "steps": 49050, "train": 0.0008405039271543829, "val_mean": 0.03239997419847565, "val_worst": 0.07996358851042917, "lr": 9.783318185053784e-05, "wall": 2422.5}
{"arm": "deeponet", "epoch": 150, "steps": 49377, "train": 0.0008317010378045055, "val_mean": 0.031226798210651135, "val_worst": 0.07692528406343083, "lr": 9.313099862085385e-05, "wall": 2438.7}
{"arm": "deeponet", "epoch": 151, "steps": 49704, "train": 0.0007979953459551126, "val_mean": 0.031042809136826447, "val_worst": 0.08001981655521001, "lr": 8.853582502125176e-05, "wall": 2454.8}
{"arm": "deeponet", "epoch": 152, "steps": 50031, "train": 0.0007874993288922772, "val_mean": 0.03110521301097571, "val_worst": 0.07712661009314567, "lr": 8.406040665771631e-05, "wall": 2471.0}
{"arm": "deeponet", "epoch": 153, "steps": 50358, "train": 0.0007969148172768714, "val_mean": 0.030782700192998495, "val_worst": 0.07601830623891588, "lr": 7.971481563188187e-05, "wall": 2487.2}
{"arm": "deeponet", "epoch": 154, "steps": 50685, "train": 0.0007640873371665858, "val_mean": 0.031578942310753734, "val_worst": 0.07826073766474212, "lr": 7.548296737542891e-05, "wall": 2503.3}
{"arm": "deeponet", "epoch": 155, "steps": 51012, "train": 0.0007667274312508186, "val_mean": 0.030605887160950147, "val_worst": 0.07715350499087009, "lr": 7.138134949723656e-05, "wall": 2519.5}
{"arm": "deeponet", "epoch": 156, "steps": 51339, "train": 0.0007471722708247765, "val_mean": 0.0300943968468839, "val_worst": 0.07669587687945291, "lr": 6.739953702868157e-05, "wall": 2535.7}
{"arm": "deeponet", "epoch": 157, "steps": 51666, "train": 0.0007366843203338661, "val_mean": 0.03147465288797321, "val_worst": 0.07801635454629849, "lr": 6.354430742796376e-05, "wall": 2551.8}
{"arm": "deeponet", "epoch": 158, "steps": 51993, "train": 0.0007316501697122255, "val_mean": 0.030131507459099784, "val_worst": 0.07547131208377823, "lr": 5.982143967040641e-05, "wall": 2568.0}
{"arm": "deeponet", "epoch": 159, "steps": 52320, "train": 0.0007170817474442616, "val_mean": 0.030005596028961773, "val_worst": 0.07614065389408815, "lr": 5.622662638567923e-05, "wall": 2584.2}
{"arm": "deeponet", "epoch": 160, "steps": 52647, "train": 0.0007084153075180075, "val_mean": 0.02988647840137726, "val_worst": 0.07723458509544187, "lr": 5.275183773250544e-05, "wall": 2600.3}
{"arm": "deeponet", "epoch": 161, "steps": 52974, "train": 0.0007030442014632597, "val_mean": 0.029763406719010913, "val_worst": 0.07622123602807487, "lr": 4.940933294021151e-05, "wall": 2616.5}
{"arm": "deeponet", "epoch": 162, "steps": 53301, "train": 0.0006901542974588552, "val_mean": 0.029801833002309864, "val_worst": 0.07572926903616799, "lr": 4.619776539044725e-05, "wall": 2632.7}
{"arm": "deeponet", "epoch": 163, "steps": 53628, "train": 0.0006890482521992742, "val_mean": 0.02968136513412001, "val_worst": 0.07549316552518148, "lr": 4.312212263630991e-05, "wall": 2648.8}
{"arm": "deeponet", "epoch": 164, "steps": 53955, "train": 0.0006784373143776934, "val_mean": 0.029736044877139142, "val_worst": 0.07638775533139774, "lr": 4.017352498798717e-05, "wall": 2665.0}
{"arm": "deeponet", "epoch": 165, "steps": 54282, "train": 0.0006759002329410122, "val_mean": 0.029062455578300277, "val_worst": 0.07555171190772127, "lr": 3.7362559364851014e-05, "wall": 2681.1}
{"arm": "deeponet", "epoch": 166, "steps": 54609, "train": 0.0006680571786127196, "val_mean": 0.029239171447555255, "val_worst": 0.0751669297106421, "lr": 3.468161247265331e-05, "wall": 2697.3}
{"arm": "deeponet", "epoch": 167, "steps": 54936, "train": 0.0006637817551363787, "val_mean": 0.028857296096732085, "val_worst": 0.07444408150332212, "lr": 3.213883147423594e-05, "wall": 2713.5}
{"arm": "deeponet", "epoch": 168, "steps": 55263, "train": 0.000656566834853923, "val_mean": 0.028951006806230306, "val_worst": 0.07529965067985853, "lr": 2.9727255198609242e-05, "wall": 2729.6}
{"arm": "deeponet", "epoch": 169, "steps": 55590, "train": 0.0006549397570339056, "val_mean": 0.029029550180641794, "val_worst": 0.0750783666812466, "lr": 2.745649104857441e-05, "wall": 2745.8}
{"arm": "deeponet", "epoch": 170, "steps": 55917, "train": 0.0006504819023900603, "val_mean": 0.029092422109019533, "val_worst": 0.07507154383032423, "lr": 2.532275452234077e-05, "wall": 2761.9}
{"arm": "deeponet", "epoch": 171, "steps": 56244, "train": 0.0006454160740083354, "val_mean": 0.028781562783920182, "val_worst": 0.07482140045602786, "lr": 2.3325740651961197e-05, "wall": 2778.1}
{"arm": "deeponet", "epoch": 172, "steps": 56571, "train": 0.0006423440787721315, "val_mean": 0.028871619607536904, "val_worst": 0.07479833624476513, "lr": 2.1462846177493816e-05, "wall": 2794.2}
{"arm": "deeponet", "epoch": 173, "steps": 56898, "train": 0.0006393736069708664, "val_mean": 0.028693355960039395, "val_worst": 0.07519521139692277, "lr": 1.9741734261309306e-05, "wall": 2810.4}
{"arm": "deeponet", "epoch": 174, "steps": 57225, "train": 0.00063470998217536, "val_mean": 0.02866492941839932, "val_worst": 0.07455077676069671, "lr": 1.815665026953397e-05, "wall": 2826.5}
{"arm": "deeponet", "epoch": 175, "steps": 57552, "train": 0.0006324995772467447, "val_mean": 0.028564890814276687, "val_worst": 0.07468248548120215, "lr": 1.6711493801740014e-05, "wall": 2842.8}
{"arm": "deeponet", "epoch": 176, "steps": 57879, "train": 0.0006338678676322844, "val_mean": 0.028589333546642347, "val_worst": 0.0747644296728732, "lr": 1.539830144118395e-05, "wall": 2859.0}
{"arm": "deeponet", "epoch": 177, "steps": 58206, "train": 0.0006297586139522583, "val_mean": 0.028549681794290883, "val_worst": 0.07479662870091039, "lr": 1.4235539708723385e-05, "wall": 2875.1}
{"arm": "deeponet", "epoch": 178, "steps": 58533, "train": 0.0006283279939321904, "val_mean": 0.02850733886201373, "val_worst": 0.0752361136242761, "lr": 1.3212379049862897e-05, "wall": 2891.3}
{"arm": "deeponet", "epoch": 179, "steps": 58860, "train": 0.0006260390891478216, "val_mean": 0.028413504263752797, "val_worst": 0.07434872519851855, "lr": 1.23295659519375e-05, "wall": 2907.5}
{"arm": "deeponet", "epoch": 180, "steps": 59187, "train": 0.0006221300185086188, "val_mean": 0.0284636912053053, "val_worst": 0.07477426090598813, "lr": 1.1588089664088457e-05, "wall": 2923.6}
{"arm": "deeponet", "epoch": 181, "steps": 59514, "train": 0.0006210467202370782, "val_mean": 0.028348360241063707, "val_worst": 0.07439170228320359, "lr": 1.0988837553148485e-05, "wall": 2939.8}
{"arm": "deeponet", "epoch": 182, "steps": 59841, "train": 0.0006199244708439877, "val_mean": 0.028413118161879934, "val_worst": 0.07466051293465203, "lr": 1.0530093471333784e-05, "wall": 2955.9}
{"arm": "deeponet", "epoch": 183, "steps": 60168, "train": 0.0006216177387024813, "val_mean": 0.028359447356627175, "val_worst": 0.07444256761082527, "lr": 1.0213593495683761e-05, "wall": 2972.1}
{"arm": "deeponet", "epoch": 184, "steps": 60495, "train": 0.0006169438897553991, "val_mean": 0.02826159819355039, "val_worst": 0.07418100371443055, "lr": 1.0038489010783587e-05, "wall": 2988.2}
{"arm": "deeponet", "epoch": 185, "steps": 60735, "train": 0.0006218066495914688, "val_mean": 0.0281772064833029, "val_worst": 0.07473283090917537, "lr": 1.0000000059472603e-05, "wall": 3000.1}
TRAIN OP COMPLETE
ALL-DONE
