[exp/2026-09-07-mr-wave2d 3eb9b65] Fix confirmation baseline lookup and preserve failed pre-query attempt
 116 files changed, 30105 insertions(+), 2 deletions(-)
 create mode 100644 experiments/multiresolution-wave/checks/accel11-commit.log
 create mode 100644 experiments/multiresolution-wave/checks/accel11-failed-collect.log
 create mode 100644 experiments/multiresolution-wave/checks/accel11-pre-submit-space-queue.log
 create mode 100644 experiments/multiresolution-wave/checks/accel11-stage.log
 create mode 100644 experiments/multiresolution-wave/checks/accel11-submit.log
 create mode 100644 experiments/multiresolution-wave/checks/confirmation-preflight.json
 create mode 100644 experiments/multiresolution-wave/checks/confirmation-preflight.log
 create mode 100644 experiments/multiresolution-wave/checks/confirmation_preflight.py
 create mode 100644 experiments/multiresolution-wave/checks/temporary-poll-cleanup.json
 create mode 100644 experiments/multiresolution-wave/runs/accel11/ARCHIVE.json
 create mode 100644 experiments/multiresolution-wave/runs/accel11/ARCHIVE.sha256
 create mode 100644 experiments/multiresolution-wave/runs/accel11/accounting.txt
 create mode 100644 experiments/multiresolution-wave/runs/accel11/cleanup.json
 create mode 100644 experiments/multiresolution-wave/runs/accel11/cluster/CONFIG.json
 create mode 100644 experiments/multiresolution-wave/runs/accel11/cluster/EXIT_CODE
 create mode 100644 experiments/multiresolution-wave/runs/accel11/cluster/MANIFEST.sha256
 create mode 100644 experiments/multiresolution-wave/runs/accel11/cluster/PULL.sha256
 create mode 100644 experiments/multiresolution-wave/runs/accel11/cluster/RESULTS.sha256
 create mode 100644 experiments/multiresolution-wave/runs/accel11/cluster/code/fresh-wave-head/FROZEN-MATH.json
 create mode 100644 experiments/multiresolution-wave/runs/accel11/cluster/code/fresh-wave-head/campaign-config.json
 create mode 100644 experiments/multiresolution-wave/runs/accel11/cluster/code/fresh-wave-head/fresh_campaign.py
 create mode 100644 experiments/multiresolution-wave/runs/accel11/cluster/code/fresh-wave-head/fresh_checkpoint_refine.py
 create mode 100644 experiments/multiresolution-wave/runs/accel11/cluster/code/fresh-wave-head/fresh_evaluate.py
 create mode 100644 experiments/multiresolution-wave/runs/accel11/cluster/code/fresh-wave-head/fresh_fom.py
 create mode 100644 experiments/multiresolution-wave/runs/accel11/cluster/code/fresh-wave-head/fresh_learning.py
 create mode 100644 experiments/multiresolution-wave/runs/accel11/cluster/code/fresh-wave-head/fresh_models.py
 create mode 100644 experiments/multiresolution-wave/runs/accel11/cluster/code/fresh-wave-head/fresh_preflight.py
 create mode 100644 experiments/multiresolution-wave/runs/accel11/cluster/code/fresh-wave-head/fresh_rom.py
 create mode 100644 experiments/multiresolution-wave/runs/accel11/cluster/code/fresh-wave-head/fresh_verify.py
 create mode 100644 experiments/multiresolution-wave/runs/accel11/cluster/code/fresh-wave-head/fresh_verify_final.py
 create mode 100644 experiments/multiresolution-wave/runs/accel11/cluster/code/fresh-wave-head/fresh_verify_refined.py
 create mode 100644 experiments/multiresolution-wave/runs/accel11/cluster/code/fresh-wave-head/import_fresh_result.py
 create mode 100644 experiments/multiresolution-wave/runs/accel11/cluster/code/fresh-wave-head/make_fresh_notes.py
 create mode 100644 experiments/multiresolution-wave/runs/accel11/cluster/code/fresh-wave-head/plot_fresh_wave.py
 create mode 100644 experiments/multiresolution-wave/runs/accel11/cluster/code/fresh-wave-head/test_fresh_evaluate.py
 create mode 100644 experiments/multiresolution-wave/runs/accel11/cluster/code/fresh-wave-head/test_fresh_fom.py
 create mode 100644 experiments/multiresolution-wave/runs/accel11/cluster/code/fresh-wave-head/test_fresh_learning.py
 create mode 100644 experiments/multiresolution-wave/runs/accel11/cluster/code/fresh-wave-head/test_fresh_models.py
 create mode 100644 experiments/multiresolution-wave/runs/accel11/cluster/code/multiresolution-wave/acceleration-confirm-config.json
 create mode 100644 experiments/multiresolution-wave/runs/accel11/cluster/code/multiresolution-wave/acceleration.py
 create mode 100644 experiments/multiresolution-wave/runs/accel11/cluster/code/multiresolution-wave/acceleration_replay.py
 create mode 100644 experiments/multiresolution-wave/runs/accel11/cluster/code/multiresolution-wave/analyze.py
 create mode 100644 experiments/multiresolution-wave/runs/accel11/cluster/code/multiresolution-wave/analyze_acceleration.py
 create mode 100644 experiments/multiresolution-wave/runs/accel11/cluster/code/multiresolution-wave/analyze_device.py
 create mode 100644 experiments/multiresolution-wave/runs/accel11/cluster/code/multiresolution-wave/analyze_dynamics.py
 create mode 100644 experiments/multiresolution-wave/runs/accel11/cluster/code/multiresolution-wave/analyze_heads32.py
 create mode 100644 experiments/multiresolution-wave/runs/accel11/cluster/code/multiresolution-wave/analyze_iterative.py
 create mode 100644 experiments/multiresolution-wave/runs/accel11/cluster/code/multiresolution-wave/audit_absorbing_moment.py
 create mode 100644 experiments/multiresolution-wave/runs/accel11/cluster/code/multiresolution-wave/audit_acceleration.py
 create mode 100644 experiments/multiresolution-wave/runs/accel11/cluster/code/multiresolution-wave/audit_dynamics.py
 create mode 100644 experiments/multiresolution-wave/runs/accel11/cluster/code/multiresolution-wave/audit_heads32.py
 create mode 100644 experiments/multiresolution-wave/runs/accel11/cluster/code/multiresolution-wave/audit_iterative_extra.py
 create mode 100644 experiments/multiresolution-wave/runs/accel11/cluster/code/multiresolution-wave/audit_saved_fields.py
 create mode 100644 experiments/multiresolution-wave/runs/accel11/cluster/code/multiresolution-wave/cluster.py
 create mode 100644 experiments/multiresolution-wave/runs/accel11/cluster/code/multiresolution-wave/cluster_acceleration.py
 create mode 100644 experiments/multiresolution-wave/runs/accel11/cluster/code/multiresolution-wave/cluster_device.py
 create mode 100644 experiments/multiresolution-wave/runs/accel11/cluster/code/multiresolution-wave/cluster_iterative.py
 create mode 100644 experiments/multiresolution-wave/runs/accel11/cluster/code/multiresolution-wave/collect_iterative.py
 create mode 100644 experiments/multiresolution-wave/runs/accel11/cluster/code/multiresolution-wave/config.json
 create mode 100644 experiments/multiresolution-wave/runs/accel11/cluster/code/multiresolution-wave/device_replay.py
 create mode 100644 experiments/multiresolution-wave/runs/accel11/cluster/code/multiresolution-wave/diagnose_training_capacity.py
 create mode 100644 experiments/multiresolution-wave/runs/accel11/cluster/code/multiresolution-wave/dynamics-config.json
 create mode 100644 experiments/multiresolution-wave/runs/accel11/cluster/code/multiresolution-wave/dynamics.py
 create mode 100644 experiments/multiresolution-wave/runs/accel11/cluster/code/multiresolution-wave/freeze_acceleration.py
 create mode 100644 experiments/multiresolution-wave/runs/accel11/cluster/code/multiresolution-wave/head_accuracy.py
 create mode 100644 experiments/multiresolution-wave/runs/accel11/cluster/code/multiresolution-wave/heads32-config.json
 create mode 100644 experiments/multiresolution-wave/runs/accel11/cluster/code/multiresolution-wave/heads32.py
 create mode 100644 experiments/multiresolution-wave/runs/accel11/cluster/code/multiresolution-wave/iterative-config.json
 create mode 100644 experiments/multiresolution-wave/runs/accel11/cluster/code/multiresolution-wave/iterative_paths.py
 create mode 100644 experiments/multiresolution-wave/runs/accel11/cluster/code/multiresolution-wave/iterative_replay.py
 create mode 100644 experiments/multiresolution-wave/runs/accel11/cluster/code/multiresolution-wave/modal_projection.py
 create mode 100644 experiments/multiresolution-wave/runs/accel11/cluster/code/multiresolution-wave/nested_head.py
 create mode 100644 experiments/multiresolution-wave/runs/accel11/cluster/code/multiresolution-wave/pilot.py
 create mode 100644 experiments/multiresolution-wave/runs/accel11/cluster/code/multiresolution-wave/restore_archive.py
 create mode 100644 experiments/multiresolution-wave/runs/accel11/cluster/code/multiresolution-wave/smoke_acceleration.py
 create mode 100644 experiments/multiresolution-wave/runs/accel11/cluster/code/multiresolution-wave/smoke_capacity40.py
 create mode 100644 experiments/multiresolution-wave/runs/accel11/cluster/code/multiresolution-wave/smoke_device.py
 create mode 100644 experiments/multiresolution-wave/runs/accel11/cluster/code/multiresolution-wave/smoke_dynamics.py
 create mode 100644 experiments/multiresolution-wave/runs/accel11/cluster/code/multiresolution-wave/smoke_head_accuracy.py
 create mode 100644 experiments/multiresolution-wave/runs/accel11/cluster/code/multiresolution-wave/smoke_heads32.py
 create mode 100644 experiments/multiresolution-wave/runs/accel11/cluster/code/multiresolution-wave/smoke_nested40.py
 create mode 100644 experiments/multiresolution-wave/runs/accel11/cluster/code/multiresolution-wave/smoke_projection.py
 create mode 100644 experiments/multiresolution-wave/runs/accel11/cluster/code/multiresolution-wave/test_audit_dynamics.py
 create mode 100644 experiments/multiresolution-wave/runs/accel11/cluster/code/multiresolution-wave/test_dynamics.py
 create mode 100644 experiments/multiresolution-wave/runs/accel11/cluster/code/multiresolution-wave/test_heads32.py
 create mode 100644 experiments/multiresolution-wave/runs/accel11/cluster/code/multiresolution-wave/test_pilot.py
 create mode 100644 experiments/multiresolution-wave/runs/accel11/cluster/code/multiresolution-wave/write_iterative_panel.py
 create mode 100644 experiments/multiresolution-wave/runs/accel11/cluster/in/ORIGIN.json
 create mode 100644 experiments/multiresolution-wave/runs/accel11/cluster/in/absorbing/bank_parameters.npz
 create mode 100644 experiments/multiresolution-wave/runs/accel11/cluster/in/absorbing/campaign-config.json
 create mode 100644 experiments/multiresolution-wave/runs/accel11/cluster/in/absorbing/coordinates.npz
 create mode 100644 experiments/multiresolution-wave/runs/accel11/cluster/in/absorbing/data_manifest.json
 create mode 100644 experiments/multiresolution-wave/runs/accel11/cluster/in/absorbing/head.npz
 create mode 100644 experiments/multiresolution-wave/runs/accel11/cluster/in/absorbing/head32.npz
 create mode 100644 experiments/multiresolution-wave/runs/accel11/cluster/in/absorbing/initializer32.npz
 create mode 100644 experiments/multiresolution-wave/runs/accel11/cluster/in/dirichlet/bank_parameters.npz
 create mode 100644 experiments/multiresolution-wave/runs/accel11/cluster/in/dirichlet/campaign-config.json
 create mode 100644 experiments/multiresolution-wave/runs/accel11/cluster/in/dirichlet/coordinates.npz
 create mode 100644 experiments/multiresolution-wave/runs/accel11/cluster/in/dirichlet/data_manifest.json
 create mode 100644 experiments/multiresolution-wave/runs/accel11/cluster/in/dirichlet/head.npz
 create mode 100644 experiments/multiresolution-wave/runs/accel11/cluster/in/dirichlet/head32.npz
 create mode 100644 experiments/multiresolution-wave/runs/accel11/cluster/in/dirichlet/initializer32.npz
 create mode 100644 experiments/multiresolution-wave/runs/accel11/cluster/in/dirichlet/initializer_trained_nested40.npz
 create mode 100644 experiments/multiresolution-wave/runs/accel11/cluster/in/dirichlet/trained_nested40.npz
 create mode 100644 experiments/multiresolution-wave/runs/accel11/cluster/job.sbatch
 create mode 100644 experiments/multiresolution-wave/runs/accel11/cluster/logs/3565652.err
 create mode 100644 experiments/multiresolution-wave/runs/accel11/cluster/logs/3565652.out
 create mode 100644 experiments/multiresolution-wave/runs/accel11/cluster/out/pilot/result.json
 create mode 100644 experiments/multiresolution-wave/runs/accel11/failure.json
 create mode 100644 experiments/multiresolution-wave/runs/accel11/submission.json
 create mode 100644 experiments/multiresolution-wave/runs/accel11/verified-cluster.tar.gz
