{
  "label": "accel07",
  "source_commit": "b55fe991cff4512063c8109dcdcc72d3ed21d060",
  "source_hashes": {
    "code/fresh-wave-head/test_fresh_fom.py": "302614aaa51fc4cec228c2f5d59c1689032c721ba0a00bbc7fcd203605e293ff",
    "code/fresh-wave-head/fresh_checkpoint_refine.py": "7bfffd1ed1bd38029dca2bc148fe513eff4fa8ec007104ea41fd4acd9bbe3659",
    "code/fresh-wave-head/fresh_evaluate.py": "67bf89e8df5654fdcd29040ec737607762e5762d33d6e9996e6a5772be27f7e1",
    "code/fresh-wave-head/test_fresh_learning.py": "2055d51ad2aaf566d83a139855fdd912c31e0f2408ad9e3d130b0fba3b23978d",
    "code/fresh-wave-head/plot_fresh_wave.py": "25ff24a12618606841dcd3c4fabcaa804f5d48c54b6c75b5544ea7418ee34ac1",
    "code/fresh-wave-head/import_fresh_result.py": "2ce29540b40c3bdbf501fd6f3f9704354b72f0772af6b31b517ee5ad8596a39e",
    "code/fresh-wave-head/make_fresh_notes.py": "f1c5b5d28f8636dee4a6a6b1dbce25eaf4e9de2191ad5dca5cecc2f6e2fe8b8c",
    "code/fresh-wave-head/test_fresh_evaluate.py": "d31822c25dceafdb8ffe7363e114ecf94d71a19db9ee2ec2ddf809f26470b799",
    "code/fresh-wave-head/fresh_campaign.py": "f1caa0f2d3b7ad5baa0761a1d2039a2afa31c4f679b040cc13e7552162ec74b5",
    "code/fresh-wave-head/fresh_fom.py": "9dc6e3bd14acce20f5cc29497032f07d63806a20ddb78ef3f31a13b607c1adfc",
    "code/fresh-wave-head/fresh_verify_final.py": "a58fbfbe206f56a4be1a03c7de9d8c87933205bfe7a89535d68872430cf60de5",
    "code/fresh-wave-head/fresh_preflight.py": "4c5051de285c4c9a962852e3a142e0dc79705d7ab701897160451b9fcec8bcdd",
    "code/fresh-wave-head/fresh_learning.py": "239f0df304781ca29ea0afc2b67fefa6a9163ab18fbdd81e95c76a08a72dd8c8",
    "code/fresh-wave-head/fresh_verify_refined.py": "c6cd6cd949f994dec45bc25cdcef587de46c8850687ec36cf243dc5c911418ef",
    "code/fresh-wave-head/test_fresh_models.py": "8f22382c999a1289c421baa0277774d0628a4a479a13aaa74dcd24b01ded6ab6",
    "code/fresh-wave-head/fresh_models.py": "bef42f5ead734fb6b85b2e17b92790b8327f5f1dc3abce941c62f993de6e5553",
    "code/fresh-wave-head/fresh_verify.py": "e6545ce05c8ce7d2aefb123d0b6809712f1411a03ac5cdece1a4cdabd283f0ef",
    "code/fresh-wave-head/fresh_rom.py": "960aefef2ffb77f2a0ff4ac4c99ae55e8ebd036486ce1c6d460dd5b5b98434ff",
    "code/fresh-wave-head/FROZEN-MATH.json": "0b157e432d932b8b63b3f3a7c2d84bec9fb0c78425ed30a3c3b50984946973f1",
    "code/multiresolution-wave/cluster_acceleration.py": "38e69a5d9d5d0e725393fe68360210964c48373ba40ba0fd5ace4f802dad496d",
    "code/multiresolution-wave/smoke_projection.py": "75c0f121238579c3f1d712701124fc5775ea32d2077cbdd26c0b337202cf558b",
    "code/multiresolution-wave/audit_iterative_extra.py": "29670c2edf5d5a82273e01d5c1c46db000719282adc6fa899a8df91ae1a971ca",
    "code/multiresolution-wave/modal_projection.py": "cece9441ca4174325edcac601a165b2a72f4b1f6b363b60200ea9921d71e8c0e",
    "code/multiresolution-wave/iterative_replay.py": "a1545c6d36e024e819d83d9c63fa5a9bdb0a7617f84e340fc668625d7fe91621",
    "code/multiresolution-wave/smoke_device.py": "def29152ee00144b18a58499efc273c16b49292511ae667dba9a9dc9e9b637a4",
    "code/multiresolution-wave/write_iterative_panel.py": "4702bd8710e4bf6b56cce190c47a92bcbcb8d0595f1b9aee8d46e99d3b1a2b11",
    "code/multiresolution-wave/smoke_heads32.py": "8aa032512f423c76b64ab35c0b35617931fd0a94560e068c79e3aa1203a72f24",
    "code/multiresolution-wave/test_heads32.py": "99a4e29c9d96d8e9a53e9fc99055d5bb444f587793ef9c5ff67292e00fedd242",
    "code/multiresolution-wave/analyze_iterative.py": "d59e8b20acbf869607c910b4eefc43eeb398368f16d6a2eaa68684fadfec0bfb",
    "code/multiresolution-wave/analyze_device.py": "000b62f98c25c3eee6722a35b8904d7414a1ddbc245237a83e2ec9d7ab317833",
    "code/multiresolution-wave/smoke_acceleration.py": "ec595242497d5a1c919df76019b40240cbe4601e579daf030887e5b5b779ef52",
    "code/multiresolution-wave/analyze_dynamics.py": "435cf4f7f6d5c9c5df0ca4fef4653a8762012c32b8203f1e7097ebd7f0bcc154",
    "code/multiresolution-wave/analyze_heads32.py": "3d7f3e9a81d247c6e3eb4678729492a00ea5d7f453c2466fdb991a3e8c6a59da",
    "code/multiresolution-wave/heads32.py": "e2b0382bd22089831dab58d75ebf0a6742a8abab2382c9aabb4726916e2d59c0",
    "code/multiresolution-wave/audit_heads32.py": "a25bdb698a496f5a97953dc7316d77cc4ac434916bf35e7bae90b31a8d0a3268",
    "code/multiresolution-wave/collect_iterative.py": "1958aa0b9df6317d60758773415ed40f8780c7b4d3b392da1774427c7db5bd99",
    "code/multiresolution-wave/acceleration.py": "3c9866556f3d8d1f5434918fb966b5f60008e80e21968d52e9b5a74a43d1602a",
    "code/multiresolution-wave/cluster_iterative.py": "6f34c87b5b72ac02da9290f5f817be3b9310467b666c094b09767456990099c1",
    "code/multiresolution-wave/audit_saved_fields.py": "a38636c4aef34762588077253c3e482b0bdcc5afec44f12a3e83c8737f3a95a3",
    "code/multiresolution-wave/acceleration_replay.py": "be00b197654a9fa68f415610453fe125be1e0ce264a326ca3e3696e5cb81e6ec",
    "code/multiresolution-wave/iterative_paths.py": "3cd4b5b19caecb5b6ed350bac465defe323267407e73b0fa65ef86661cf87398",
    "code/multiresolution-wave/analyze_acceleration.py": "374c37dde4d86ced64d4fd321325f820699beb95d5400966f3c7e771ec9025dc",
    "code/multiresolution-wave/audit_absorbing_moment.py": "c5a45e866f60fbac3cbab7b7b65755d0af9cae6311e787aeca17c9a5654a1680",
    "code/multiresolution-wave/test_pilot.py": "7463544323afc647e43a88801e9f44783bcc47fb932c9f76f113a1fc915f7b0a",
    "code/multiresolution-wave/dynamics.py": "f61ac15cfcf898dbfe682f290f48bebcb9d7d609a4ffa21d329dfe9fcf382a90",
    "code/multiresolution-wave/audit_acceleration.py": "05c043acde2d641e2ae0038534388b04889f4d7b3286c36e63962b6e34452dc0",
    "code/multiresolution-wave/analyze.py": "02feccb529f234e46f54b40d206ce922383861f7a5fdc79df6e5dfa11097d314",
    "code/multiresolution-wave/test_audit_dynamics.py": "b1f3e0fbc3d749f6bbd86d8fb4e91a8227204c3b1fe11e60dcc6cba391b807e3",
    "code/multiresolution-wave/audit_dynamics.py": "69b490b2d6a934f425da4f6b3aa78d7acd402eb976712111cfd2c6e3486771c6",
    "code/multiresolution-wave/cluster_device.py": "0b2d0f1a446ccaa368b45d3d5c082df8d3c251e60aa790969e00619a81bcc775",
    "code/multiresolution-wave/test_dynamics.py": "f1072e756235208b8d149f7af5fa0699374f2ee3f41d1f3ccca260da5f41911f",
    "code/multiresolution-wave/cluster.py": "7eba921120e46d1b1003565f1df1418786f121419408a197b605ca01ee3b12b8",
    "code/multiresolution-wave/smoke_dynamics.py": "12af6c44d7be2ef817715fefe93db2d7f581b91e53bb77cba1f3001db8f7ac33",
    "code/multiresolution-wave/restore_archive.py": "64fa8fa4f207482c8b906320c7e3d9ea33cbb8c8811937dedf8a627fe68250c0",
    "code/multiresolution-wave/pilot.py": "cff1205e76b0b124075ef707d0830ea1d2abe7abb0e6c421e27e8bf7d819de31",
    "code/multiresolution-wave/device_replay.py": "d2115f87bd110aaa3a44f474ae50eb59cde7c1389b9f5e9f8e5df5d2bb780820",
    "code/multiresolution-wave/config.json": "6fa76fa8dc7b09fd82ba686107e4a2ac70bc86b3832db4ebbd0e9333fde6f42e",
    "code/multiresolution-wave/dynamics-config.json": "694c9c90e45b8a2d7db783dd56a041d17b2eb58588d70add18c21c5490f973e8",
    "code/multiresolution-wave/heads32-config.json": "61ba92bc33ec1bddc439c2bb369ffb564e106753bf975d469b39f84fe8a0c761",
    "code/fresh-wave-head/campaign-config.json": "8db8fb9ac036e3611231df487c14c9fdf5fad7b3fd96a9b8351fe077cbd93dad"
  },
  "remote": "/cluster/tufts/paralab/tawal01/mr_wave2d_20260907/accel07",
  "staged_at": "2026-09-11T16:04:08.266261+00:00"
}
{
  "label": "accel07",
  "source_commit": "b55fe991cff4512063c8109dcdcc72d3ed21d060",
  "source_hashes": {
    "code/fresh-wave-head/test_fresh_fom.py": "302614aaa51fc4cec228c2f5d59c1689032c721ba0a00bbc7fcd203605e293ff",
    "code/fresh-wave-head/fresh_checkpoint_refine.py": "7bfffd1ed1bd38029dca2bc148fe513eff4fa8ec007104ea41fd4acd9bbe3659",
    "code/fresh-wave-head/fresh_evaluate.py": "67bf89e8df5654fdcd29040ec737607762e5762d33d6e9996e6a5772be27f7e1",
    "code/fresh-wave-head/test_fresh_learning.py": "2055d51ad2aaf566d83a139855fdd912c31e0f2408ad9e3d130b0fba3b23978d",
    "code/fresh-wave-head/plot_fresh_wave.py": "25ff24a12618606841dcd3c4fabcaa804f5d48c54b6c75b5544ea7418ee34ac1",
    "code/fresh-wave-head/import_fresh_result.py": "2ce29540b40c3bdbf501fd6f3f9704354b72f0772af6b31b517ee5ad8596a39e",
    "code/fresh-wave-head/make_fresh_notes.py": "f1c5b5d28f8636dee4a6a6b1dbce25eaf4e9de2191ad5dca5cecc2f6e2fe8b8c",
    "code/fresh-wave-head/test_fresh_evaluate.py": "d31822c25dceafdb8ffe7363e114ecf94d71a19db9ee2ec2ddf809f26470b799",
    "code/fresh-wave-head/fresh_campaign.py": "f1caa0f2d3b7ad5baa0761a1d2039a2afa31c4f679b040cc13e7552162ec74b5",
    "code/fresh-wave-head/fresh_fom.py": "9dc6e3bd14acce20f5cc29497032f07d63806a20ddb78ef3f31a13b607c1adfc",
    "code/fresh-wave-head/fresh_verify_final.py": "a58fbfbe206f56a4be1a03c7de9d8c87933205bfe7a89535d68872430cf60de5",
    "code/fresh-wave-head/fresh_preflight.py": "4c5051de285c4c9a962852e3a142e0dc79705d7ab701897160451b9fcec8bcdd",
    "code/fresh-wave-head/fresh_learning.py": "239f0df304781ca29ea0afc2b67fefa6a9163ab18fbdd81e95c76a08a72dd8c8",
    "code/fresh-wave-head/fresh_verify_refined.py": "c6cd6cd949f994dec45bc25cdcef587de46c8850687ec36cf243dc5c911418ef",
    "code/fresh-wave-head/test_fresh_models.py": "8f22382c999a1289c421baa0277774d0628a4a479a13aaa74dcd24b01ded6ab6",
    "code/fresh-wave-head/fresh_models.py": "bef42f5ead734fb6b85b2e17b92790b8327f5f1dc3abce941c62f993de6e5553",
    "code/fresh-wave-head/fresh_verify.py": "e6545ce05c8ce7d2aefb123d0b6809712f1411a03ac5cdece1a4cdabd283f0ef",
    "code/fresh-wave-head/fresh_rom.py": "960aefef2ffb77f2a0ff4ac4c99ae55e8ebd036486ce1c6d460dd5b5b98434ff",
    "code/fresh-wave-head/FROZEN-MATH.json": "0b157e432d932b8b63b3f3a7c2d84bec9fb0c78425ed30a3c3b50984946973f1",
    "code/multiresolution-wave/cluster_acceleration.py": "38e69a5d9d5d0e725393fe68360210964c48373ba40ba0fd5ace4f802dad496d",
    "code/multiresolution-wave/smoke_projection.py": "75c0f121238579c3f1d712701124fc5775ea32d2077cbdd26c0b337202cf558b",
    "code/multiresolution-wave/audit_iterative_extra.py": "29670c2edf5d5a82273e01d5c1c46db000719282adc6fa899a8df91ae1a971ca",
    "code/multiresolution-wave/modal_projection.py": "cece9441ca4174325edcac601a165b2a72f4b1f6b363b60200ea9921d71e8c0e",
    "code/multiresolution-wave/iterative_replay.py": "a1545c6d36e024e819d83d9c63fa5a9bdb0a7617f84e340fc668625d7fe91621",
    "code/multiresolution-wave/smoke_device.py": "def29152ee00144b18a58499efc273c16b49292511ae667dba9a9dc9e9b637a4",
    "code/multiresolution-wave/write_iterative_panel.py": "4702bd8710e4bf6b56cce190c47a92bcbcb8d0595f1b9aee8d46e99d3b1a2b11",
    "code/multiresolution-wave/smoke_heads32.py": "8aa032512f423c76b64ab35c0b35617931fd0a94560e068c79e3aa1203a72f24",
    "code/multiresolution-wave/test_heads32.py": "99a4e29c9d96d8e9a53e9fc99055d5bb444f587793ef9c5ff67292e00fedd242",
    "code/multiresolution-wave/analyze_iterative.py": "d59e8b20acbf869607c910b4eefc43eeb398368f16d6a2eaa68684fadfec0bfb",
    "code/multiresolution-wave/analyze_device.py": "000b62f98c25c3eee6722a35b8904d7414a1ddbc245237a83e2ec9d7ab317833",
    "code/multiresolution-wave/smoke_acceleration.py": "ec595242497d5a1c919df76019b40240cbe4601e579daf030887e5b5b779ef52",
    "code/multiresolution-wave/analyze_dynamics.py": "435cf4f7f6d5c9c5df0ca4fef4653a8762012c32b8203f1e7097ebd7f0bcc154",
    "code/multiresolution-wave/analyze_heads32.py": "3d7f3e9a81d247c6e3eb4678729492a00ea5d7f453c2466fdb991a3e8c6a59da",
    "code/multiresolution-wave/heads32.py": "e2b0382bd22089831dab58d75ebf0a6742a8abab2382c9aabb4726916e2d59c0",
    "code/multiresolution-wave/audit_heads32.py": "a25bdb698a496f5a97953dc7316d77cc4ac434916bf35e7bae90b31a8d0a3268",
    "code/multiresolution-wave/collect_iterative.py": "1958aa0b9df6317d60758773415ed40f8780c7b4d3b392da1774427c7db5bd99",
    "code/multiresolution-wave/acceleration.py": "3c9866556f3d8d1f5434918fb966b5f60008e80e21968d52e9b5a74a43d1602a",
    "code/multiresolution-wave/cluster_iterative.py": "6f34c87b5b72ac02da9290f5f817be3b9310467b666c094b09767456990099c1",
    "code/multiresolution-wave/audit_saved_fields.py": "a38636c4aef34762588077253c3e482b0bdcc5afec44f12a3e83c8737f3a95a3",
    "code/multiresolution-wave/acceleration_replay.py": "be00b197654a9fa68f415610453fe125be1e0ce264a326ca3e3696e5cb81e6ec",
    "code/multiresolution-wave/iterative_paths.py": "3cd4b5b19caecb5b6ed350bac465defe323267407e73b0fa65ef86661cf87398",
    "code/multiresolution-wave/analyze_acceleration.py": "374c37dde4d86ced64d4fd321325f820699beb95d5400966f3c7e771ec9025dc",
    "code/multiresolution-wave/audit_absorbing_moment.py": "c5a45e866f60fbac3cbab7b7b65755d0af9cae6311e787aeca17c9a5654a1680",
    "code/multiresolution-wave/test_pilot.py": "7463544323afc647e43a88801e9f44783bcc47fb932c9f76f113a1fc915f7b0a",
    "code/multiresolution-wave/dynamics.py": "f61ac15cfcf898dbfe682f290f48bebcb9d7d609a4ffa21d329dfe9fcf382a90",
    "code/multiresolution-wave/audit_acceleration.py": "05c043acde2d641e2ae0038534388b04889f4d7b3286c36e63962b6e34452dc0",
    "code/multiresolution-wave/analyze.py": "02feccb529f234e46f54b40d206ce922383861f7a5fdc79df6e5dfa11097d314",
    "code/multiresolution-wave/test_audit_dynamics.py": "b1f3e0fbc3d749f6bbd86d8fb4e91a8227204c3b1fe11e60dcc6cba391b807e3",
    "code/multiresolution-wave/audit_dynamics.py": "69b490b2d6a934f425da4f6b3aa78d7acd402eb976712111cfd2c6e3486771c6",
    "code/multiresolution-wave/cluster_device.py": "0b2d0f1a446ccaa368b45d3d5c082df8d3c251e60aa790969e00619a81bcc775",
    "code/multiresolution-wave/test_dynamics.py": "f1072e756235208b8d149f7af5fa0699374f2ee3f41d1f3ccca260da5f41911f",
    "code/multiresolution-wave/cluster.py": "7eba921120e46d1b1003565f1df1418786f121419408a197b605ca01ee3b12b8",
    "code/multiresolution-wave/smoke_dynamics.py": "12af6c44d7be2ef817715fefe93db2d7f581b91e53bb77cba1f3001db8f7ac33",
    "code/multiresolution-wave/restore_archive.py": "64fa8fa4f207482c8b906320c7e3d9ea33cbb8c8811937dedf8a627fe68250c0",
    "code/multiresolution-wave/pilot.py": "cff1205e76b0b124075ef707d0830ea1d2abe7abb0e6c421e27e8bf7d819de31",
    "code/multiresolution-wave/device_replay.py": "d2115f87bd110aaa3a44f474ae50eb59cde7c1389b9f5e9f8e5df5d2bb780820",
    "code/multiresolution-wave/config.json": "6fa76fa8dc7b09fd82ba686107e4a2ac70bc86b3832db4ebbd0e9333fde6f42e",
    "code/multiresolution-wave/dynamics-config.json": "694c9c90e45b8a2d7db783dd56a041d17b2eb58588d70add18c21c5490f973e8",
    "code/multiresolution-wave/heads32-config.json": "61ba92bc33ec1bddc439c2bb369ffb564e106753bf975d469b39f84fe8a0c761",
    "code/fresh-wave-head/campaign-config.json": "8db8fb9ac036e3611231df487c14c9fdf5fad7b3fd96a9b8351fe077cbd93dad",
    "code/multiresolution-wave/iterative-config.json": "c662829c4b5a3d82cf4f760c0542f8098ff645ea106b8da4210c5a2bdfd71ad4"
  },
  "remote": "/cluster/tufts/paralab/tawal01/mr_wave2d_20260907/accel07",
  "staged_at": "2026-09-11T16:04:08.266261+00:00",
  "protocol": "fresh_verified_wave_multires_iterative_cg_device_fields",
  "requires_coordinator_review_before_submit": false
}
{
  "label": "accel07",
  "source_commit": "b55fe991cff4512063c8109dcdcc72d3ed21d060",
  "source_hashes": {
    "code/fresh-wave-head/test_fresh_fom.py": "302614aaa51fc4cec228c2f5d59c1689032c721ba0a00bbc7fcd203605e293ff",
    "code/fresh-wave-head/fresh_checkpoint_refine.py": "7bfffd1ed1bd38029dca2bc148fe513eff4fa8ec007104ea41fd4acd9bbe3659",
    "code/fresh-wave-head/fresh_evaluate.py": "67bf89e8df5654fdcd29040ec737607762e5762d33d6e9996e6a5772be27f7e1",
    "code/fresh-wave-head/test_fresh_learning.py": "2055d51ad2aaf566d83a139855fdd912c31e0f2408ad9e3d130b0fba3b23978d",
    "code/fresh-wave-head/plot_fresh_wave.py": "25ff24a12618606841dcd3c4fabcaa804f5d48c54b6c75b5544ea7418ee34ac1",
    "code/fresh-wave-head/import_fresh_result.py": "2ce29540b40c3bdbf501fd6f3f9704354b72f0772af6b31b517ee5ad8596a39e",
    "code/fresh-wave-head/make_fresh_notes.py": "f1c5b5d28f8636dee4a6a6b1dbce25eaf4e9de2191ad5dca5cecc2f6e2fe8b8c",
    "code/fresh-wave-head/test_fresh_evaluate.py": "d31822c25dceafdb8ffe7363e114ecf94d71a19db9ee2ec2ddf809f26470b799",
    "code/fresh-wave-head/fresh_campaign.py": "f1caa0f2d3b7ad5baa0761a1d2039a2afa31c4f679b040cc13e7552162ec74b5",
    "code/fresh-wave-head/fresh_fom.py": "9dc6e3bd14acce20f5cc29497032f07d63806a20ddb78ef3f31a13b607c1adfc",
    "code/fresh-wave-head/fresh_verify_final.py": "a58fbfbe206f56a4be1a03c7de9d8c87933205bfe7a89535d68872430cf60de5",
    "code/fresh-wave-head/fresh_preflight.py": "4c5051de285c4c9a962852e3a142e0dc79705d7ab701897160451b9fcec8bcdd",
    "code/fresh-wave-head/fresh_learning.py": "239f0df304781ca29ea0afc2b67fefa6a9163ab18fbdd81e95c76a08a72dd8c8",
    "code/fresh-wave-head/fresh_verify_refined.py": "c6cd6cd949f994dec45bc25cdcef587de46c8850687ec36cf243dc5c911418ef",
    "code/fresh-wave-head/test_fresh_models.py": "8f22382c999a1289c421baa0277774d0628a4a479a13aaa74dcd24b01ded6ab6",
    "code/fresh-wave-head/fresh_models.py": "bef42f5ead734fb6b85b2e17b92790b8327f5f1dc3abce941c62f993de6e5553",
    "code/fresh-wave-head/fresh_verify.py": "e6545ce05c8ce7d2aefb123d0b6809712f1411a03ac5cdece1a4cdabd283f0ef",
    "code/fresh-wave-head/fresh_rom.py": "960aefef2ffb77f2a0ff4ac4c99ae55e8ebd036486ce1c6d460dd5b5b98434ff",
    "code/fresh-wave-head/FROZEN-MATH.json": "0b157e432d932b8b63b3f3a7c2d84bec9fb0c78425ed30a3c3b50984946973f1",
    "code/multiresolution-wave/cluster_acceleration.py": "38e69a5d9d5d0e725393fe68360210964c48373ba40ba0fd5ace4f802dad496d",
    "code/multiresolution-wave/smoke_projection.py": "75c0f121238579c3f1d712701124fc5775ea32d2077cbdd26c0b337202cf558b",
    "code/multiresolution-wave/audit_iterative_extra.py": "29670c2edf5d5a82273e01d5c1c46db000719282adc6fa899a8df91ae1a971ca",
    "code/multiresolution-wave/modal_projection.py": "cece9441ca4174325edcac601a165b2a72f4b1f6b363b60200ea9921d71e8c0e",
    "code/multiresolution-wave/iterative_replay.py": "a1545c6d36e024e819d83d9c63fa5a9bdb0a7617f84e340fc668625d7fe91621",
    "code/multiresolution-wave/smoke_device.py": "def29152ee00144b18a58499efc273c16b49292511ae667dba9a9dc9e9b637a4",
    "code/multiresolution-wave/write_iterative_panel.py": "4702bd8710e4bf6b56cce190c47a92bcbcb8d0595f1b9aee8d46e99d3b1a2b11",
    "code/multiresolution-wave/smoke_heads32.py": "8aa032512f423c76b64ab35c0b35617931fd0a94560e068c79e3aa1203a72f24",
    "code/multiresolution-wave/test_heads32.py": "99a4e29c9d96d8e9a53e9fc99055d5bb444f587793ef9c5ff67292e00fedd242",
    "code/multiresolution-wave/analyze_iterative.py": "d59e8b20acbf869607c910b4eefc43eeb398368f16d6a2eaa68684fadfec0bfb",
    "code/multiresolution-wave/analyze_device.py": "000b62f98c25c3eee6722a35b8904d7414a1ddbc245237a83e2ec9d7ab317833",
    "code/multiresolution-wave/smoke_acceleration.py": "ec595242497d5a1c919df76019b40240cbe4601e579daf030887e5b5b779ef52",
    "code/multiresolution-wave/analyze_dynamics.py": "435cf4f7f6d5c9c5df0ca4fef4653a8762012c32b8203f1e7097ebd7f0bcc154",
    "code/multiresolution-wave/analyze_heads32.py": "3d7f3e9a81d247c6e3eb4678729492a00ea5d7f453c2466fdb991a3e8c6a59da",
    "code/multiresolution-wave/heads32.py": "e2b0382bd22089831dab58d75ebf0a6742a8abab2382c9aabb4726916e2d59c0",
    "code/multiresolution-wave/audit_heads32.py": "a25bdb698a496f5a97953dc7316d77cc4ac434916bf35e7bae90b31a8d0a3268",
    "code/multiresolution-wave/collect_iterative.py": "1958aa0b9df6317d60758773415ed40f8780c7b4d3b392da1774427c7db5bd99",
    "code/multiresolution-wave/acceleration.py": "3c9866556f3d8d1f5434918fb966b5f60008e80e21968d52e9b5a74a43d1602a",
    "code/multiresolution-wave/cluster_iterative.py": "6f34c87b5b72ac02da9290f5f817be3b9310467b666c094b09767456990099c1",
    "code/multiresolution-wave/audit_saved_fields.py": "a38636c4aef34762588077253c3e482b0bdcc5afec44f12a3e83c8737f3a95a3",
    "code/multiresolution-wave/acceleration_replay.py": "be00b197654a9fa68f415610453fe125be1e0ce264a326ca3e3696e5cb81e6ec",
    "code/multiresolution-wave/iterative_paths.py": "3cd4b5b19caecb5b6ed350bac465defe323267407e73b0fa65ef86661cf87398",
    "code/multiresolution-wave/analyze_acceleration.py": "374c37dde4d86ced64d4fd321325f820699beb95d5400966f3c7e771ec9025dc",
    "code/multiresolution-wave/audit_absorbing_moment.py": "c5a45e866f60fbac3cbab7b7b65755d0af9cae6311e787aeca17c9a5654a1680",
    "code/multiresolution-wave/test_pilot.py": "7463544323afc647e43a88801e9f44783bcc47fb932c9f76f113a1fc915f7b0a",
    "code/multiresolution-wave/dynamics.py": "f61ac15cfcf898dbfe682f290f48bebcb9d7d609a4ffa21d329dfe9fcf382a90",
    "code/multiresolution-wave/audit_acceleration.py": "05c043acde2d641e2ae0038534388b04889f4d7b3286c36e63962b6e34452dc0",
    "code/multiresolution-wave/analyze.py": "02feccb529f234e46f54b40d206ce922383861f7a5fdc79df6e5dfa11097d314",
    "code/multiresolution-wave/test_audit_dynamics.py": "b1f3e0fbc3d749f6bbd86d8fb4e91a8227204c3b1fe11e60dcc6cba391b807e3",
    "code/multiresolution-wave/audit_dynamics.py": "69b490b2d6a934f425da4f6b3aa78d7acd402eb976712111cfd2c6e3486771c6",
    "code/multiresolution-wave/cluster_device.py": "0b2d0f1a446ccaa368b45d3d5c082df8d3c251e60aa790969e00619a81bcc775",
    "code/multiresolution-wave/test_dynamics.py": "f1072e756235208b8d149f7af5fa0699374f2ee3f41d1f3ccca260da5f41911f",
    "code/multiresolution-wave/cluster.py": "7eba921120e46d1b1003565f1df1418786f121419408a197b605ca01ee3b12b8",
    "code/multiresolution-wave/smoke_dynamics.py": "12af6c44d7be2ef817715fefe93db2d7f581b91e53bb77cba1f3001db8f7ac33",
    "code/multiresolution-wave/restore_archive.py": "64fa8fa4f207482c8b906320c7e3d9ea33cbb8c8811937dedf8a627fe68250c0",
    "code/multiresolution-wave/pilot.py": "cff1205e76b0b124075ef707d0830ea1d2abe7abb0e6c421e27e8bf7d819de31",
    "code/multiresolution-wave/device_replay.py": "d2115f87bd110aaa3a44f474ae50eb59cde7c1389b9f5e9f8e5df5d2bb780820",
    "code/multiresolution-wave/config.json": "6fa76fa8dc7b09fd82ba686107e4a2ac70bc86b3832db4ebbd0e9333fde6f42e",
    "code/multiresolution-wave/dynamics-config.json": "694c9c90e45b8a2d7db783dd56a041d17b2eb58588d70add18c21c5490f973e8",
    "code/multiresolution-wave/heads32-config.json": "61ba92bc33ec1bddc439c2bb369ffb564e106753bf975d469b39f84fe8a0c761",
    "code/fresh-wave-head/campaign-config.json": "8db8fb9ac036e3611231df487c14c9fdf5fad7b3fd96a9b8351fe077cbd93dad",
    "code/multiresolution-wave/iterative-config.json": "c662829c4b5a3d82cf4f760c0542f8098ff645ea106b8da4210c5a2bdfd71ad4",
    "code/multiresolution-wave/projection-screen-config.json": "0cc37a21f8ff949c27cc053cc9ea6fa21d3fb01ca95724813e643676b5e695c2"
  },
  "remote": "/cluster/tufts/paralab/tawal01/mr_wave2d_20260907/accel07",
  "staged_at": "2026-09-11T16:04:08.266261+00:00",
  "protocol": "reflective_wave_geometry_and_timestep_screen",
  "requires_coordinator_review_before_submit": false,
  "configuration": "projection-screen-config.json"
}
