[exp/2026-09-07-mr-wave2d 2514d39] Archive nonlinear wave projection diagnostics and add matched phase-trained heads
 151 files changed, 280381 insertions(+), 6 deletions(-)
 create mode 100644 experiments/multiresolution-wave/HEAD-ACCURACY-DESIGN.md
 create mode 100644 experiments/multiresolution-wave/checks/accel07-audit.log
 create mode 100644 experiments/multiresolution-wave/checks/accel07-collect.log
 create mode 100644 experiments/multiresolution-wave/checks/accel07-panel.log
 create mode 100644 experiments/multiresolution-wave/checks/accel07-stage.log
 create mode 100644 experiments/multiresolution-wave/checks/accel07-submit.log
 create mode 100644 experiments/multiresolution-wave/checks/head-accuracy-smoke.json
 create mode 100644 experiments/multiresolution-wave/head-accuracy-config.json
 create mode 100644 experiments/multiresolution-wave/head_accuracy.py
 create mode 100644 experiments/multiresolution-wave/runs/accel07/ARCHIVE.json
 create mode 100644 experiments/multiresolution-wave/runs/accel07/ARCHIVE.sha256
 create mode 100644 experiments/multiresolution-wave/runs/accel07/accounting.txt
 create mode 100644 experiments/multiresolution-wave/runs/accel07/audit.json
 create mode 100644 experiments/multiresolution-wave/runs/accel07/cleanup.json
 create mode 100644 experiments/multiresolution-wave/runs/accel07/cluster/CONFIG.json
 create mode 100644 experiments/multiresolution-wave/runs/accel07/cluster/EXIT_CODE
 create mode 100644 experiments/multiresolution-wave/runs/accel07/cluster/MANIFEST.sha256
 create mode 100644 experiments/multiresolution-wave/runs/accel07/cluster/PULL.sha256
 create mode 100644 experiments/multiresolution-wave/runs/accel07/cluster/RESULTS.sha256
 create mode 100644 experiments/multiresolution-wave/runs/accel07/cluster/code/fresh-wave-head/FROZEN-MATH.json
 create mode 100644 experiments/multiresolution-wave/runs/accel07/cluster/code/fresh-wave-head/campaign-config.json
 create mode 100644 experiments/multiresolution-wave/runs/accel07/cluster/code/fresh-wave-head/fresh_campaign.py
 create mode 100644 experiments/multiresolution-wave/runs/accel07/cluster/code/fresh-wave-head/fresh_checkpoint_refine.py
 create mode 100644 experiments/multiresolution-wave/runs/accel07/cluster/code/fresh-wave-head/fresh_evaluate.py
 create mode 100644 experiments/multiresolution-wave/runs/accel07/cluster/code/fresh-wave-head/fresh_fom.py
 create mode 100644 experiments/multiresolution-wave/runs/accel07/cluster/code/fresh-wave-head/fresh_learning.py
 create mode 100644 experiments/multiresolution-wave/runs/accel07/cluster/code/fresh-wave-head/fresh_models.py
 create mode 100644 experiments/multiresolution-wave/runs/accel07/cluster/code/fresh-wave-head/fresh_preflight.py
 create mode 100644 experiments/multiresolution-wave/runs/accel07/cluster/code/fresh-wave-head/fresh_rom.py
 create mode 100644 experiments/multiresolution-wave/runs/accel07/cluster/code/fresh-wave-head/fresh_verify.py
 create mode 100644 experiments/multiresolution-wave/runs/accel07/cluster/code/fresh-wave-head/fresh_verify_final.py
 create mode 100644 experiments/multiresolution-wave/runs/accel07/cluster/code/fresh-wave-head/fresh_verify_refined.py
 create mode 100644 experiments/multiresolution-wave/runs/accel07/cluster/code/fresh-wave-head/import_fresh_result.py
 create mode 100644 experiments/multiresolution-wave/runs/accel07/cluster/code/fresh-wave-head/make_fresh_notes.py
 create mode 100644 experiments/multiresolution-wave/runs/accel07/cluster/code/fresh-wave-head/plot_fresh_wave.py
 create mode 100644 experiments/multiresolution-wave/runs/accel07/cluster/code/fresh-wave-head/test_fresh_evaluate.py
 create mode 100644 experiments/multiresolution-wave/runs/accel07/cluster/code/fresh-wave-head/test_fresh_fom.py
 create mode 100644 experiments/multiresolution-wave/runs/accel07/cluster/code/fresh-wave-head/test_fresh_learning.py
 create mode 100644 experiments/multiresolution-wave/runs/accel07/cluster/code/fresh-wave-head/test_fresh_models.py
 create mode 100644 experiments/multiresolution-wave/runs/accel07/cluster/code/multiresolution-wave/acceleration.py
 create mode 100644 experiments/multiresolution-wave/runs/accel07/cluster/code/multiresolution-wave/acceleration_replay.py
 create mode 100644 experiments/multiresolution-wave/runs/accel07/cluster/code/multiresolution-wave/analyze.py
 create mode 100644 experiments/multiresolution-wave/runs/accel07/cluster/code/multiresolution-wave/analyze_acceleration.py
 create mode 100644 experiments/multiresolution-wave/runs/accel07/cluster/code/multiresolution-wave/analyze_device.py
 create mode 100644 experiments/multiresolution-wave/runs/accel07/cluster/code/multiresolution-wave/analyze_dynamics.py
 create mode 100644 experiments/multiresolution-wave/runs/accel07/cluster/code/multiresolution-wave/analyze_heads32.py
 create mode 100644 experiments/multiresolution-wave/runs/accel07/cluster/code/multiresolution-wave/analyze_iterative.py
 create mode 100644 experiments/multiresolution-wave/runs/accel07/cluster/code/multiresolution-wave/audit_absorbing_moment.py
 create mode 100644 experiments/multiresolution-wave/runs/accel07/cluster/code/multiresolution-wave/audit_acceleration.py
 create mode 100644 experiments/multiresolution-wave/runs/accel07/cluster/code/multiresolution-wave/audit_dynamics.py
 create mode 100644 experiments/multiresolution-wave/runs/accel07/cluster/code/multiresolution-wave/audit_heads32.py
 create mode 100644 experiments/multiresolution-wave/runs/accel07/cluster/code/multiresolution-wave/audit_iterative_extra.py
 create mode 100644 experiments/multiresolution-wave/runs/accel07/cluster/code/multiresolution-wave/audit_saved_fields.py
 create mode 100644 experiments/multiresolution-wave/runs/accel07/cluster/code/multiresolution-wave/cluster.py
 create mode 100644 experiments/multiresolution-wave/runs/accel07/cluster/code/multiresolution-wave/cluster_acceleration.py
 create mode 100644 experiments/multiresolution-wave/runs/accel07/cluster/code/multiresolution-wave/cluster_device.py
 create mode 100644 experiments/multiresolution-wave/runs/accel07/cluster/code/multiresolution-wave/cluster_iterative.py
 create mode 100644 experiments/multiresolution-wave/runs/accel07/cluster/code/multiresolution-wave/collect_iterative.py
 create mode 100644 experiments/multiresolution-wave/runs/accel07/cluster/code/multiresolution-wave/config.json
 create mode 100644 experiments/multiresolution-wave/runs/accel07/cluster/code/multiresolution-wave/device_replay.py
 create mode 100644 experiments/multiresolution-wave/runs/accel07/cluster/code/multiresolution-wave/dynamics-config.json
 create mode 100644 experiments/multiresolution-wave/runs/accel07/cluster/code/multiresolution-wave/dynamics.py
 create mode 100644 experiments/multiresolution-wave/runs/accel07/cluster/code/multiresolution-wave/heads32-config.json
 create mode 100644 experiments/multiresolution-wave/runs/accel07/cluster/code/multiresolution-wave/heads32.py
 create mode 100644 experiments/multiresolution-wave/runs/accel07/cluster/code/multiresolution-wave/iterative-config.json
 create mode 100644 experiments/multiresolution-wave/runs/accel07/cluster/code/multiresolution-wave/iterative_paths.py
 create mode 100644 experiments/multiresolution-wave/runs/accel07/cluster/code/multiresolution-wave/iterative_replay.py
 create mode 100644 experiments/multiresolution-wave/runs/accel07/cluster/code/multiresolution-wave/modal_projection.py
 create mode 100644 experiments/multiresolution-wave/runs/accel07/cluster/code/multiresolution-wave/pilot.py
 create mode 100644 experiments/multiresolution-wave/runs/accel07/cluster/code/multiresolution-wave/projection-screen-config.json
 create mode 100644 experiments/multiresolution-wave/runs/accel07/cluster/code/multiresolution-wave/restore_archive.py
 create mode 100644 experiments/multiresolution-wave/runs/accel07/cluster/code/multiresolution-wave/smoke_acceleration.py
 create mode 100644 experiments/multiresolution-wave/runs/accel07/cluster/code/multiresolution-wave/smoke_device.py
 create mode 100644 experiments/multiresolution-wave/runs/accel07/cluster/code/multiresolution-wave/smoke_dynamics.py
 create mode 100644 experiments/multiresolution-wave/runs/accel07/cluster/code/multiresolution-wave/smoke_heads32.py
 create mode 100644 experiments/multiresolution-wave/runs/accel07/cluster/code/multiresolution-wave/smoke_projection.py
 create mode 100644 experiments/multiresolution-wave/runs/accel07/cluster/code/multiresolution-wave/test_audit_dynamics.py
 create mode 100644 experiments/multiresolution-wave/runs/accel07/cluster/code/multiresolution-wave/test_dynamics.py
 create mode 100644 experiments/multiresolution-wave/runs/accel07/cluster/code/multiresolution-wave/test_heads32.py
 create mode 100644 experiments/multiresolution-wave/runs/accel07/cluster/code/multiresolution-wave/test_pilot.py
 create mode 100644 experiments/multiresolution-wave/runs/accel07/cluster/code/multiresolution-wave/write_iterative_panel.py
 create mode 100644 experiments/multiresolution-wave/runs/accel07/cluster/in/ORIGIN.json
 create mode 100644 experiments/multiresolution-wave/runs/accel07/cluster/in/absorbing/bank_parameters.npz
 create mode 100644 experiments/multiresolution-wave/runs/accel07/cluster/in/absorbing/campaign-config.json
 create mode 100644 experiments/multiresolution-wave/runs/accel07/cluster/in/absorbing/coordinates.npz
 create mode 100644 experiments/multiresolution-wave/runs/accel07/cluster/in/absorbing/data_manifest.json
 create mode 100644 experiments/multiresolution-wave/runs/accel07/cluster/in/absorbing/head.npz
 create mode 100644 experiments/multiresolution-wave/runs/accel07/cluster/in/absorbing/head32.npz
 create mode 100644 experiments/multiresolution-wave/runs/accel07/cluster/in/absorbing/initializer32.npz
 create mode 100644 experiments/multiresolution-wave/runs/accel07/cluster/in/dirichlet/bank_parameters.npz
 create mode 100644 experiments/multiresolution-wave/runs/accel07/cluster/in/dirichlet/campaign-config.json
 create mode 100644 experiments/multiresolution-wave/runs/accel07/cluster/in/dirichlet/coordinates.npz
 create mode 100644 experiments/multiresolution-wave/runs/accel07/cluster/in/dirichlet/data_manifest.json
 create mode 100644 experiments/multiresolution-wave/runs/accel07/cluster/in/dirichlet/head.npz
 create mode 100644 experiments/multiresolution-wave/runs/accel07/cluster/in/dirichlet/head32.npz
 create mode 100644 experiments/multiresolution-wave/runs/accel07/cluster/in/dirichlet/initializer32.npz
 create mode 100644 experiments/multiresolution-wave/runs/accel07/cluster/job.sbatch
 create mode 100644 experiments/multiresolution-wave/runs/accel07/cluster/logs/3563590.err
 create mode 100644 experiments/multiresolution-wave/runs/accel07/cluster/logs/3563590.out
 create mode 100644 experiments/multiresolution-wave/runs/accel07/cluster/out/pilot/64_opened_0_baseline_0.0025.npz
 create mode 100644 experiments/multiresolution-wave/runs/accel07/cluster/out/pilot/64_opened_0_baseline_0.0025_refined.npz
 create mode 100644 experiments/multiresolution-wave/runs/accel07/cluster/out/pilot/64_opened_0_cg_0.01_0.01.npz
 create mode 100644 experiments/multiresolution-wave/runs/accel07/cluster/out/pilot/64_opened_0_cg_1e-06_1e-06.npz
 create mode 100644 experiments/multiresolution-wave/runs/accel07/cluster/out/pilot/64_opened_0_cgdt_0.005_tol_0.01_0.01.npz
 create mode 100644 experiments/multiresolution-wave/runs/accel07/cluster/out/pilot/64_opened_0_cgdt_0.005_tol_1e-06_1e-06.npz
 create mode 100644 experiments/multiresolution-wave/runs/accel07/cluster/out/pilot/64_opened_0_cgdt_0.01_tol_0.01_0.01.npz
 create mode 100644 experiments/multiresolution-wave/runs/accel07/cluster/out/pilot/64_opened_0_cgdt_0.01_tol_1e-06_1e-06.npz
 create mode 100644 experiments/multiresolution-wave/runs/accel07/cluster/out/pilot/64_opened_0_cgdt_0.025_tol_0.01_0.01.npz
 create mode 100644 experiments/multiresolution-wave/runs/accel07/cluster/out/pilot/64_opened_0_cgdt_0.025_tol_1e-06_1e-06.npz
 create mode 100644 experiments/multiresolution-wave/runs/accel07/cluster/out/pilot/64_opened_0_chol_guard_0.01.npz
 create mode 100644 experiments/multiresolution-wave/runs/accel07/cluster/out/pilot/64_opened_0_chol_guard_0.01_refined.npz
 create mode 100644 experiments/multiresolution-wave/runs/accel07/cluster/out/pilot/64_opened_0_chol_guard_0.025.npz
 create mode 100644 experiments/multiresolution-wave/runs/accel07/cluster/out/pilot/64_opened_0_chol_guard_0.025_refined.npz
 create mode 100644 experiments/multiresolution-wave/runs/accel07/cluster/out/pilot/64_opened_0_dst_0.npz
 create mode 100644 experiments/multiresolution-wave/runs/accel07/cluster/out/pilot/64_opened_0_linear_bank64_0.npz
 create mode 100644 experiments/multiresolution-wave/runs/accel07/cluster/out/pilot/64_opened_0_projected_h1_0.npz
 create mode 100644 experiments/multiresolution-wave/runs/accel07/cluster/out/pilot/64_opened_0_projected_l2_0.npz
 create mode 100644 experiments/multiresolution-wave/runs/accel07/cluster/out/pilot/64_opened_1_baseline_0.0025.npz
 create mode 100644 experiments/multiresolution-wave/runs/accel07/cluster/out/pilot/64_opened_1_baseline_0.0025_refined.npz
 create mode 100644 experiments/multiresolution-wave/runs/accel07/cluster/out/pilot/64_opened_1_cg_0.01_0.01.npz
 create mode 100644 experiments/multiresolution-wave/runs/accel07/cluster/out/pilot/64_opened_1_cg_1e-06_1e-06.npz
 create mode 100644 experiments/multiresolution-wave/runs/accel07/cluster/out/pilot/64_opened_1_cgdt_0.005_tol_0.01_0.01.npz
 create mode 100644 experiments/multiresolution-wave/runs/accel07/cluster/out/pilot/64_opened_1_cgdt_0.005_tol_1e-06_1e-06.npz
 create mode 100644 experiments/multiresolution-wave/runs/accel07/cluster/out/pilot/64_opened_1_cgdt_0.01_tol_0.01_0.01.npz
 create mode 100644 experiments/multiresolution-wave/runs/accel07/cluster/out/pilot/64_opened_1_cgdt_0.01_tol_1e-06_1e-06.npz
 create mode 100644 experiments/multiresolution-wave/runs/accel07/cluster/out/pilot/64_opened_1_cgdt_0.025_tol_0.01_0.01.npz
 create mode 100644 experiments/multiresolution-wave/runs/accel07/cluster/out/pilot/64_opened_1_cgdt_0.025_tol_1e-06_1e-06.npz
 create mode 100644 experiments/multiresolution-wave/runs/accel07/cluster/out/pilot/64_opened_1_chol_guard_0.01.npz
 create mode 100644 experiments/multiresolution-wave/runs/accel07/cluster/out/pilot/64_opened_1_chol_guard_0.01_refined.npz
 create mode 100644 experiments/multiresolution-wave/runs/accel07/cluster/out/pilot/64_opened_1_chol_guard_0.025.npz
 create mode 100644 experiments/multiresolution-wave/runs/accel07/cluster/out/pilot/64_opened_1_chol_guard_0.025_refined.npz
 create mode 100644 experiments/multiresolution-wave/runs/accel07/cluster/out/pilot/64_opened_1_dst_0.npz
 create mode 100644 experiments/multiresolution-wave/runs/accel07/cluster/out/pilot/64_opened_1_linear_bank64_0.npz
 create mode 100644 experiments/multiresolution-wave/runs/accel07/cluster/out/pilot/64_opened_1_projected_h1_0.npz
 create mode 100644 experiments/multiresolution-wave/runs/accel07/cluster/out/pilot/64_opened_1_projected_l2_0.npz
 create mode 100644 experiments/multiresolution-wave/runs/accel07/cluster/out/pilot/kinematics_64_opened_0_projected_h1.npz
 create mode 100644 experiments/multiresolution-wave/runs/accel07/cluster/out/pilot/kinematics_64_opened_0_projected_l2.npz
 create mode 100644 experiments/multiresolution-wave/runs/accel07/cluster/out/pilot/kinematics_64_opened_1_projected_h1.npz
 create mode 100644 experiments/multiresolution-wave/runs/accel07/cluster/out/pilot/kinematics_64_opened_1_projected_l2.npz
 create mode 100644 experiments/multiresolution-wave/runs/accel07/cluster/out/pilot/mesh_dirichlet_64.npz
 create mode 100644 experiments/multiresolution-wave/runs/accel07/cluster/out/pilot/reference_64_opened_0.npz
 create mode 100644 experiments/multiresolution-wave/runs/accel07/cluster/out/pilot/reference_64_opened_1.npz
 create mode 100644 experiments/multiresolution-wave/runs/accel07/cluster/out/pilot/result.json
 create mode 100644 experiments/multiresolution-wave/runs/accel07/panel.json
 create mode 100644 experiments/multiresolution-wave/runs/accel07/selection.json
 create mode 100644 experiments/multiresolution-wave/runs/accel07/submission.json
 create mode 100644 experiments/multiresolution-wave/runs/accel07/verified-cluster.tar.gz.part-000
 create mode 100644 experiments/multiresolution-wave/runs/accel07/verified-cluster.tar.gz.part-001
 create mode 100644 experiments/multiresolution-wave/smoke_head_accuracy.py
