COMMIT.txt: OK
PROVENANCE.json: OK
checkpoints/bank.pkl: OK
checkpoints/cohorts.json: OK
checkpoints/eq_N32_K16.npz: OK
checkpoints/eq_N32_K8.npz: OK
checkpoints/eq_N64_K16.npz: OK
checkpoints/eq_N64_K8.npz: OK
checkpoints/head_K16.pkl: OK
checkpoints/head_K8.pkl: OK
checkpoints/operators/fno3d_w24_m8/best.pkl: OK
checkpoints/operators/unet3d_w16/best.pkl: OK
checkpoints/result.json: OK
code/DESIGN.md: OK
code/IMPORTS.json: OK
code/audit.py: OK
code/cluster/collect.py: OK
code/cluster/stage.py: OK
code/common.py: OK
code/config.json: OK
code/operators/EXTRA_IMPORTS.json: OK
code/operators/IMPORTS.json: OK
code/operators/README.md: OK
code/operators/__init__.py: OK
code/operators/extra_models3d.py: OK
code/operators/models3d.py: OK
code/operators/poisson_adapter.py: OK
code/operators/training.py: OK
code/operators/upstream/LICENSE: OK
code/operators/upstream/PROVENANCE.json: OK
code/operators/upstream/Physics_Attention.py: OK
code/operators/upstream/prior_families.py: OK
code/poisson.py: OK
code/run.py: OK
code/shared_rom.py: OK
code/train.py: OK
run.sbatch: OK
source_commit=a50ce0977373977688d73f82700108a6138b433b job_id=3995104
name, uuid, memory.total [MiB], driver_version
NVIDIA A100 80GB PCIe, GPU-c166dee7-f138-fc72-533f-4bfaee778a5c, 81920 MiB, 575.57.08
Filesystem                       Size  Used Avail Use% Mounted on
10.235.106.20:/projects/paralab  4.6T  4.2T  419G  92% /cluster/tufts/paralab
jax_backend=gpu
jax_backend=gpu x64=True precision=highest
OPERATOR deeponet3d 1 val_worst 0.9968008064331867 seconds 9.393087841104716
OPERATOR deeponet3d 250 val_worst 0.3389449177426836 seconds 11.714691760018468
OPERATOR deeponet3d 500 val_worst 0.25988704175976923 seconds 14.042245779186487
OPERATOR deeponet3d 750 val_worst 0.2918905203958005 seconds 16.35427852300927
OPERATOR deeponet3d 1000 val_worst 0.2591117574903476 seconds 18.691460843198
OPERATOR deeponet3d 1250 val_worst 0.26020831213576084 seconds 21.00279547693208
OPERATOR deeponet3d 1500 val_worst 0.2511569340524255 seconds 23.334666741080582
OPERATOR deeponet3d 1750 val_worst 0.21895080152182606 seconds 25.68808927386999
OPERATOR deeponet3d 2000 val_worst 0.21768469961153158 seconds 28.015574980992824
OPERATOR deeponet3d 2250 val_worst 0.26271648488429844 seconds 30.331501562148333
OPERATOR deeponet3d 2500 val_worst 0.20568781177301004 seconds 32.66077725403011
OPERATOR deeponet3d 2750 val_worst 0.2245552591417411 seconds 34.98238930804655
OPERATOR deeponet3d 3000 val_worst 0.23871666726453855 seconds 37.30065734311938
OPERATOR deeponet3d 3250 val_worst 0.17016333010063842 seconds 39.63733073230833
OPERATOR deeponet3d 3500 val_worst 0.1575642625744726 seconds 41.97124995617196
OPERATOR deeponet3d 3750 val_worst 0.17539014869511232 seconds 44.29219857789576
OPERATOR deeponet3d 4000 val_worst 0.13811288619789425 seconds 46.61875240225345
OPERATOR deeponet3d 4250 val_worst 0.13805458998266332 seconds 48.963008776307106
OPERATOR deeponet3d 4500 val_worst 0.12912296392201245 seconds 51.312592254951596
OPERATOR deeponet3d 4750 val_worst 0.12571156334353173 seconds 53.640576330944896
OPERATOR deeponet3d 5000 val_worst 0.13704283160008315 seconds 55.96706449287012
OPERATOR deeponet3d 5250 val_worst 0.11041180534672479 seconds 58.30299905501306
OPERATOR deeponet3d 5500 val_worst 0.18910940900585615 seconds 60.66678082617
OPERATOR deeponet3d 5750 val_worst 0.137090386437998 seconds 62.97914955904707
OPERATOR deeponet3d 6000 val_worst 0.22031507948549559 seconds 65.28488618927076
OPERATOR deeponet3d 6250 val_worst 0.14390247674552575 seconds 67.6026042830199
OPERATOR deeponet3d 6500 val_worst 0.1629147433214478 seconds 69.91318706888705
OPERATOR deeponet3d 6750 val_worst 0.1798694622502916 seconds 72.2319963122718
OPERATOR deeponet3d 7000 val_worst 0.09571025788563621 seconds 74.56655400525779
OPERATOR deeponet3d 7250 val_worst 0.16664092900418082 seconds 76.87755203386769
OPERATOR deeponet3d 7500 val_worst 0.12370929999095737 seconds 79.18864974426106
OPERATOR deeponet3d 7750 val_worst 0.1356654556581041 seconds 81.50165973324329
OPERATOR deeponet3d 8000 val_worst 0.11030791265775415 seconds 83.82710609398782
OPERATOR deeponet3d 8250 val_worst 0.09964586249644655 seconds 86.14664606703445
OPERATOR deeponet3d 8500 val_worst 0.12725928921974475 seconds 88.45940203405917
OPERATOR deeponet3d 8750 val_worst 0.16404978911884127 seconds 90.76983326906338
OPERATOR deeponet3d 9000 val_worst 0.11671167296744689 seconds 93.08528154203668
OPERATOR deeponet3d 9250 val_worst 0.09581705939195899 seconds 95.3940289421007
OPERATOR deeponet3d 9500 val_worst 0.13874052845683355 seconds 97.70382065791637
OPERATOR deeponet3d 9750 val_worst 0.08439214388630585 seconds 100.0484051820822
OPERATOR deeponet3d 10000 val_worst 0.12619563976230785 seconds 102.36872201506048
OPERATOR deeponet3d 10250 val_worst 0.1284736597047627 seconds 104.68844170914963
OPERATOR deeponet3d 10500 val_worst 0.10526850917076527 seconds 107.04697688110173
OPERATOR deeponet3d 10750 val_worst 0.10080073246670328 seconds 109.35898512788117
OPERATOR deeponet3d 11000 val_worst 0.09876034878279065 seconds 111.66691793501377
OPERATOR deeponet3d 11250 val_worst 0.15224507267194506 seconds 113.97672969987616
OPERATOR deeponet3d 11500 val_worst 0.11694762037644885 seconds 116.30070648901165
OPERATOR deeponet3d 11750 val_worst 0.11321017421373374 seconds 118.61549793602899
OPERATOR deeponet3d 12000 val_worst 0.10471955165999684 seconds 120.92913963086903
OPERATOR deeponet3d 12250 val_worst 0.09229555335098387 seconds 123.24122249428183
OPERATOR deeponet3d 12500 val_worst 0.08526325888432476 seconds 125.56143405195326
OPERATOR deeponet3d 12750 val_worst 0.08292212528330509 seconds 127.89240479329601
OPERATOR deeponet3d 13000 val_worst 0.10063324532828673 seconds 130.21472548600286
OPERATOR deeponet3d 13250 val_worst 0.08642727772083078 seconds 132.53500774223357
OPERATOR deeponet3d 13500 val_worst 0.08092560855536997 seconds 134.86784574529156
OPERATOR deeponet3d 13750 val_worst 0.10404684256413185 seconds 137.17688202811405
OPERATOR deeponet3d 14000 val_worst 0.08186032367057147 seconds 139.55268403794616
OPERATOR deeponet3d 14250 val_worst 0.10570385331367037 seconds 141.87034138990566
OPERATOR deeponet3d 14500 val_worst 0.0756913674169851 seconds 144.19667690386996
OPERATOR deeponet3d 14750 val_worst 0.08291411476502075 seconds 146.51378898415715
OPERATOR deeponet3d 15000 val_worst 0.0901035097841383 seconds 148.8294818601571
OPERATOR deeponet3d 15250 val_worst 0.07219720158284548 seconds 151.16146465810016
OPERATOR deeponet3d 15500 val_worst 0.1301141191818751 seconds 153.47372715221718
OPERATOR deeponet3d 15750 val_worst 0.07234690725711826 seconds 155.78327919589356
OPERATOR deeponet3d 16000 val_worst 0.07918985033476837 seconds 158.10065370611846
OPERATOR deeponet3d 16250 val_worst 0.07067444998148331 seconds 160.43377948505804
OPERATOR deeponet3d 16500 val_worst 0.06648408726006771 seconds 162.77870998391882
OPERATOR deeponet3d 16750 val_worst 0.07443026503404768 seconds 165.0906834360212
OPERATOR deeponet3d 17000 val_worst 0.08117735255789792 seconds 167.40531500196084
OPERATOR deeponet3d 17250 val_worst 0.09372542979593064 seconds 169.725534979254
OPERATOR deeponet3d 17500 val_worst 0.06512625563591912 seconds 172.08089089393616
OPERATOR deeponet3d 17750 val_worst 0.07294064562044127 seconds 174.40177334519103
OPERATOR deeponet3d 18000 val_worst 0.06124183127271122 seconds 176.7350017032586
OPERATOR deeponet3d 18250 val_worst 0.06528990667871033 seconds 179.05709301494062
OPERATOR deeponet3d 18500 val_worst 0.07719004695725958 seconds 181.37438073800877
OPERATOR deeponet3d 18750 val_worst 0.06097541075662036 seconds 183.70822959206998
OPERATOR deeponet3d 19000 val_worst 0.06933650895813301 seconds 186.03280009888113
OPERATOR deeponet3d 19250 val_worst 0.06228985410641038 seconds 188.35052411304787
OPERATOR deeponet3d 19500 val_worst 0.05956834657546236 seconds 190.6947841499932
OPERATOR deeponet3d 19750 val_worst 0.05988836966768432 seconds 193.0165687291883
OPERATOR deeponet3d 20000 val_worst 0.055962227714089874 seconds 195.36989648686722
OPERATOR deeponet3d 20250 val_worst 0.06336994365064126 seconds 197.69089781492949
OPERATOR deeponet3d 20500 val_worst 0.055559746537867105 seconds 200.0227101230994
OPERATOR deeponet3d 20750 val_worst 0.05541608387464845 seconds 202.45577772706747
OPERATOR deeponet3d 21000 val_worst 0.061345526621886255 seconds 204.7631196458824
OPERATOR deeponet3d 21250 val_worst 0.0736859238092538 seconds 207.08270661719143
OPERATOR deeponet3d 21500 val_worst 0.060037063874526536 seconds 209.40060831420124
OPERATOR deeponet3d 21750 val_worst 0.05605119936754378 seconds 211.70857832813635
OPERATOR deeponet3d 22000 val_worst 0.05195232393435835 seconds 214.03750945720822
OPERATOR deeponet3d 22250 val_worst 0.050580436087494775 seconds 216.37073013931513
OPERATOR deeponet3d 22500 val_worst 0.05214643941425208 seconds 218.67990131722763
OPERATOR deeponet3d 22750 val_worst 0.05889224726875511 seconds 220.99969570990652
OPERATOR deeponet3d 23000 val_worst 0.051230012179955736 seconds 223.31765478104353
OPERATOR deeponet3d 23250 val_worst 0.04969979093724366 seconds 225.64623503899202
OPERATOR deeponet3d 23500 val_worst 0.04984499887854145 seconds 227.96975170494989
OPERATOR deeponet3d 23750 val_worst 0.05009926264963494 seconds 230.2881045131944
OPERATOR deeponet3d 24000 val_worst 0.05108481224679979 seconds 232.61028426792473
OPERATOR deeponet3d 24250 val_worst 0.05198295784220013 seconds 234.93879169598222
OPERATOR deeponet3d 24500 val_worst 0.048294006316884935 seconds 237.2800478353165
OPERATOR deeponet3d 24750 val_worst 0.049764755644062374 seconds 239.59595997119322
OPERATOR deeponet3d 25000 val_worst 0.058108065981945956 seconds 241.91222657915205
OPERATOR deeponet3d 25250 val_worst 0.048615035949718464 seconds 244.22791128931567
OPERATOR deeponet3d 25500 val_worst 0.04762490753833621 seconds 246.55922581488267
OPERATOR deeponet3d 25750 val_worst 0.04642247855245595 seconds 248.8980763158761
OPERATOR deeponet3d 26000 val_worst 0.04644742760142145 seconds 251.24386172322556
OPERATOR deeponet3d 26250 val_worst 0.047106838717947776 seconds 253.57373841106892
OPERATOR deeponet3d 26500 val_worst 0.04600277685413194 seconds 255.91631407104433
OPERATOR deeponet3d 26750 val_worst 0.04709497977483197 seconds 258.2336823833175
OPERATOR deeponet3d 27000 val_worst 0.04649342416849243 seconds 260.54933142103255
OPERATOR deeponet3d 27250 val_worst 0.046309249816343205 seconds 262.86816923413426
OPERATOR deeponet3d 27500 val_worst 0.04573973882637138 seconds 265.2240371312946
OPERATOR deeponet3d 27750 val_worst 0.04602141694744163 seconds 267.5443897568621
OPERATOR deeponet3d 28000 val_worst 0.04485674575353872 seconds 269.886921192985
OPERATOR deeponet3d 28250 val_worst 0.04543639510734138 seconds 272.210115050897
OPERATOR deeponet3d 28500 val_worst 0.04412280253425653 seconds 274.5512365968898
OPERATOR deeponet3d 28750 val_worst 0.04487382296776486 seconds 276.879097788129
OPERATOR deeponet3d 29000 val_worst 0.0432698895102904 seconds 279.2265833718702
OPERATOR deeponet3d 29250 val_worst 0.04399059166770118 seconds 281.554340288043
OPERATOR deeponet3d 29500 val_worst 0.044584372188699935 seconds 283.8792109130882
OPERATOR deeponet3d 29750 val_worst 0.04389432605253888 seconds 286.20402021193877
OPERATOR deeponet3d 30000 val_worst 0.04386231565193872 seconds 288.5202646511607
OPERATOR transolver3d 1 val_worst 0.9400691225231343 seconds 16.268228189088404
OPERATOR transolver3d 250 val_worst 0.3793852927068842 seconds 21.118852708954364
OPERATOR transolver3d 500 val_worst 0.20338662950929073 seconds 25.973162548150867
OPERATOR transolver3d 750 val_worst 0.2174292367023699 seconds 30.81262077204883
OPERATOR transolver3d 1000 val_worst 0.1868360277583019 seconds 35.67186225904152
OPERATOR transolver3d 1250 val_worst 0.15657296749684224 seconds 40.53420188417658
OPERATOR transolver3d 1500 val_worst 0.20271181790756768 seconds 45.38190205115825
OPERATOR transolver3d 1750 val_worst 0.16619247651493269 seconds 50.23087119497359
OPERATOR transolver3d 2000 val_worst 0.155415148458387 seconds 55.093397420831025
OPERATOR transolver3d 2250 val_worst 0.24042547979009357 seconds 59.93671949906275
OPERATOR transolver3d 2500 val_worst 0.174809289305455 seconds 64.78406277578324
OPERATOR transolver3d 2750 val_worst 0.17018677284176584 seconds 69.64685069816187
OPERATOR transolver3d 3000 val_worst 0.1508178606659415 seconds 74.55088606989011
OPERATOR transolver3d 3250 val_worst 0.14466727951614555 seconds 79.41526715410873
OPERATOR transolver3d 3500 val_worst 0.1514125243640582 seconds 84.26186338020489
OPERATOR transolver3d 3750 val_worst 0.12266675181114407 seconds 89.12527264282107
OPERATOR transolver3d 4000 val_worst 0.09906322554543529 seconds 93.98972691874951
OPERATOR transolver3d 4250 val_worst 0.19021396592727463 seconds 98.84856434399262
OPERATOR transolver3d 4500 val_worst 0.1016636492176525 seconds 103.69284459482878
OPERATOR transolver3d 4750 val_worst 0.09584736251540123 seconds 108.56551369978115
OPERATOR transolver3d 5000 val_worst 0.12217424592111117 seconds 113.4103068918921
OPERATOR transolver3d 5250 val_worst 0.1026357461066558 seconds 118.26442770194262
OPERATOR transolver3d 5500 val_worst 0.11236854671981981 seconds 123.11775070196018
OPERATOR transolver3d 5750 val_worst 0.09584703356156567 seconds 127.98794342484325
OPERATOR transolver3d 6000 val_worst 0.11524358882655841 seconds 132.83214519685134
OPERATOR transolver3d 6250 val_worst 0.06538660815848145 seconds 137.7042026561685
OPERATOR transolver3d 6500 val_worst 0.07230170901479073 seconds 142.54699504887685
OPERATOR transolver3d 6750 val_worst 0.06663316640724355 seconds 147.39102400885895
OPERATOR transolver3d 7000 val_worst 0.08440262766956624 seconds 152.23956859484315
OPERATOR transolver3d 7250 val_worst 0.10735286295315338 seconds 157.0827262289822
OPERATOR transolver3d 7500 val_worst 0.0875885892673735 seconds 161.94022386614233
OPERATOR transolver3d 7750 val_worst 0.10218931221650437 seconds 166.7837989977561
OPERATOR transolver3d 8000 val_worst 0.08541376711316236 seconds 171.63599600596353
OPERATOR transolver3d 8250 val_worst 0.0997535716674089 seconds 176.4777657049708
OPERATOR transolver3d 8500 val_worst 0.049743208055970004 seconds 181.34447530284524
OPERATOR transolver3d 8750 val_worst 0.0694220719148209 seconds 186.19814725592732
OPERATOR transolver3d 9000 val_worst 0.05461002209949822 seconds 191.0482128490694
OPERATOR transolver3d 9250 val_worst 0.049919318617982496 seconds 195.89607587317005
OPERATOR transolver3d 9500 val_worst 0.05101743484628513 seconds 200.7503328928724
OPERATOR transolver3d 9750 val_worst 0.042397306687215565 seconds 205.61341669689864
OPERATOR transolver3d 10000 val_worst 0.09539538915742393 seconds 210.46520264307037
OPERATOR transolver3d 10250 val_worst 0.04173590423539974 seconds 215.34558728616685
OPERATOR transolver3d 10500 val_worst 0.04097603166054069 seconds 220.21221034089103
OPERATOR transolver3d 10750 val_worst 0.040194736300394655 seconds 225.0792319769971
OPERATOR transolver3d 11000 val_worst 0.0428340849193844 seconds 229.9328471547924
OPERATOR transolver3d 11250 val_worst 0.09114843246073898 seconds 234.78262664098293
OPERATOR transolver3d 11500 val_worst 0.05425218452171887 seconds 239.6315302690491
OPERATOR transolver3d 11750 val_worst 0.038201942142312977 seconds 244.50312658119947
OPERATOR transolver3d 12000 val_worst 0.04909685732464613 seconds 249.35197254782543
OPERATOR transolver3d 12250 val_worst 0.040591695149435086 seconds 254.20569489197806
OPERATOR transolver3d 12500 val_worst 0.035232575135480074 seconds 259.07357250293717
OPERATOR transolver3d 12750 val_worst 0.042215370746436824 seconds 263.9198719407432
OPERATOR transolver3d 13000 val_worst 0.02684276644109405 seconds 268.7825810331851
OPERATOR transolver3d 13250 val_worst 0.04244215109072698 seconds 273.6402513398789
OPERATOR transolver3d 13500 val_worst 0.0358380197726633 seconds 278.4855143087916
OPERATOR transolver3d 13750 val_worst 0.04834978161625669 seconds 283.3377229021862
OPERATOR transolver3d 14000 val_worst 0.03340647148716999 seconds 288.1838828912005
OPERATOR transolver3d 14250 val_worst 0.03670039667259748 seconds 293.03360605379567
OPERATOR transolver3d 14500 val_worst 0.025526507064145037 seconds 297.91138641675934
OPERATOR transolver3d 14750 val_worst 0.028451290655787952 seconds 302.7600901769474
OPERATOR transolver3d 15000 val_worst 0.03632675689482671 seconds 307.609902726952
OPERATOR transolver3d 15250 val_worst 0.028958663022455162 seconds 312.4562240531668
OPERATOR transolver3d 15500 val_worst 0.03670887198181943 seconds 317.3058332949877
OPERATOR transolver3d 15750 val_worst 0.030723125846988327 seconds 322.15304344380274
OPERATOR transolver3d 16000 val_worst 0.0370812201780389 seconds 326.9969232720323
OPERATOR transolver3d 16250 val_worst 0.02816667536285548 seconds 331.85376727906987
OPERATOR transolver3d 16500 val_worst 0.020819949307667788 seconds 336.72618929995224
OPERATOR transolver3d 16750 val_worst 0.026443867894050607 seconds 341.56966948509216
OPERATOR transolver3d 17000 val_worst 0.025395206162362148 seconds 346.4188294201158
OPERATOR transolver3d 17250 val_worst 0.041079038981693856 seconds 351.2719675581902
OPERATOR transolver3d 17500 val_worst 0.024674717444633853 seconds 356.12233462696895
OPERATOR transolver3d 17750 val_worst 0.02249098998853334 seconds 360.97387875802815
OPERATOR transolver3d 18000 val_worst 0.020768609401168096 seconds 365.8389155068435
OPERATOR transolver3d 18250 val_worst 0.023873689610106958 seconds 370.684832687024
OPERATOR transolver3d 18500 val_worst 0.02830364318259908 seconds 375.530108443927
OPERATOR transolver3d 18750 val_worst 0.021089912516522938 seconds 380.37985271401703
OPERATOR transolver3d 19000 val_worst 0.02445414522608106 seconds 385.23944573896006
OPERATOR transolver3d 19250 val_worst 0.02281670035688019 seconds 390.08936509117484
OPERATOR transolver3d 19500 val_worst 0.03235697952963539 seconds 394.9394144290127
OPERATOR transolver3d 19750 val_worst 0.02419998361406331 seconds 399.7894334727898
OPERATOR transolver3d 20000 val_worst 0.01736289102219949 seconds 404.6576780988835
OPERATOR transolver3d 20250 val_worst 0.019531609435480657 seconds 409.51451392285526
OPERATOR transolver3d 20500 val_worst 0.017060163328741784 seconds 414.387928170152
OPERATOR transolver3d 20750 val_worst 0.01793825987741581 seconds 419.2401428008452
OPERATOR transolver3d 21000 val_worst 0.016923129494447433 seconds 424.11373418103904
OPERATOR transolver3d 21250 val_worst 0.016335411904253666 seconds 428.9881453807466
OPERATOR transolver3d 21500 val_worst 0.019813977669314923 seconds 433.83841399196535
OPERATOR transolver3d 21750 val_worst 0.018613915741135502 seconds 438.6872060378082
OPERATOR transolver3d 22000 val_worst 0.01618316406416156 seconds 443.56082853581756
OPERATOR transolver3d 22250 val_worst 0.01866086032309481 seconds 448.4105645418167
OPERATOR transolver3d 22500 val_worst 0.016748968507163054 seconds 453.25488732615486
OPERATOR transolver3d 22750 val_worst 0.017467076739645034 seconds 458.10951511515304
OPERATOR transolver3d 23000 val_worst 0.015174284664630569 seconds 462.97802334977314
OPERATOR transolver3d 23250 val_worst 0.01443999612764708 seconds 467.8491814741865
OPERATOR transolver3d 23500 val_worst 0.014702580973311577 seconds 472.6965309069492
OPERATOR transolver3d 23750 val_worst 0.017676694336126925 seconds 477.5410456210375
OPERATOR transolver3d 24000 val_worst 0.013091606107420979 seconds 482.41154731810093
OPERATOR transolver3d 24250 val_worst 0.012921650386496817 seconds 487.2886691750027
OPERATOR transolver3d 24500 val_worst 0.014226187668948363 seconds 492.1399626689963
OPERATOR transolver3d 24750 val_worst 0.014291953893191049 seconds 496.98944714618847
OPERATOR transolver3d 25000 val_worst 0.012766063811682896 seconds 501.8635190119967
OPERATOR transolver3d 25250 val_worst 0.015246295623160797 seconds 506.7119894721545
OPERATOR transolver3d 25500 val_worst 0.013861690721161973 seconds 511.56169512216
OPERATOR transolver3d 25750 val_worst 0.01357837727222131 seconds 516.4143170928583
OPERATOR transolver3d 26000 val_worst 0.014837416296592134 seconds 521.2661423119716
OPERATOR transolver3d 26250 val_worst 0.012837128817238265 seconds 526.1179404240102
OPERATOR transolver3d 26500 val_worst 0.012397384710809655 seconds 530.9844891121611
OPERATOR transolver3d 26750 val_worst 0.013470890845674191 seconds 535.846373997163
OPERATOR transolver3d 27000 val_worst 0.012010739930232323 seconds 540.7165877721272
OPERATOR transolver3d 27250 val_worst 0.012453651589674463 seconds 545.5754401371814
OPERATOR transolver3d 27500 val_worst 0.013584697689193822 seconds 550.4278681129217
OPERATOR transolver3d 27750 val_worst 0.01281475660802133 seconds 555.3269653129391
OPERATOR transolver3d 28000 val_worst 0.012368084344856407 seconds 560.1716063641943
OPERATOR transolver3d 28250 val_worst 0.012619606962732035 seconds 565.0267126527615
OPERATOR transolver3d 28500 val_worst 0.01283384186213173 seconds 569.8803628771566
OPERATOR transolver3d 28750 val_worst 0.012791175620852685 seconds 574.7384900148027
OPERATOR transolver3d 29000 val_worst 0.012518101720090151 seconds 579.5830669780262
OPERATOR transolver3d 29250 val_worst 0.012955333285857712 seconds 584.4356968291104
OPERATOR transolver3d 29500 val_worst 0.012182923943883121 seconds 589.2969090747647
OPERATOR transolver3d 29750 val_worst 0.011941213561436457 seconds 594.1800111997873
OPERATOR transolver3d 30000 val_worst 0.012619270667997597 seconds 599.0348219899461
REFERENCE 0 4.838319413248344e-09
REFERENCE 1 1.1762766926563641e-09
REFERENCE 2 2.329730332377079e-08
REFERENCE 3 3.488288943522048e-09
REFERENCE 4 9.769061932010652e-09
REFERENCE 5 4.143616377671926e-08
REFERENCE 6 5.5637579214262556e-08
REFERENCE 7 1.4613640475753565e-08
REFERENCE 8 1.9916581192656874e-08
REFERENCE 9 2.8432886085941436e-08
REFERENCE 10 1.732077231630105e-08
REFERENCE 11 8.518910553814729e-09
REFERENCE 12 1.2907597966223365e-08
REFERENCE 13 2.3944209534125434e-08
REFERENCE 14 4.150535129547667e-08
REFERENCE 15 2.2381837944638078e-08
COMPILED 32 linear_bank_weak_qR 0.392
COMPILED 32 linear_bank_galerkin 0.193
COMPILED 32 pod8_galerkin 0.149
COMPILED 32 pod16_galerkin 0.153
COMPILED 32 pod24_galerkin 0.187
COMPILED 32 pod32_galerkin 0.165
COMPILED 32 pod40_galerkin 0.195
COMPILED 32 pod48_galerkin 0.193
COMPILED 32 pod72_galerkin 0.274
COMPILED 32 pod80_galerkin 0.263
COMPILED 32 pod104_galerkin 0.388
COMPILED 32 pod112_galerkin 0.383
COMPILED 32 pod128_galerkin 0.194
COMPILED 32 dst_exact 0.0
COMPILED 32 fno3d_w24_m8 1.496
COMPILED 32 unet3d_w16 1.366
COMPILED 32 deeponet3d_r128_w16 0.785
COMPILED 32 transolver3d_w48_s32 1.04
COMPILED 32 nmrom_K8_q0_dense 3.156
COMPILED 32 nmrom_K8_q0_eq 1.055
COMPILED 32 nmrom_K8_q16_dense 1.566
COMPILED 32 nmrom_K8_q16_eq 1.153
COMPILED 32 nmrom_K8_q32_dense 1.535
COMPILED 32 nmrom_K8_q32_eq 1.08
COMPILED 32 nmrom_K8_q64_dense 1.672
COMPILED 32 nmrom_K8_q64_eq 1.316
COMPILED 32 nmrom_K8_q96_dense 1.602
COMPILED 32 nmrom_K8_q96_eq 1.057
COMPILED 32 nmrom_K16_q0_dense 3.041
COMPILED 32 nmrom_K16_q0_eq 0.936
COMPILED 32 nmrom_K16_q16_dense 1.109
COMPILED 32 nmrom_K16_q16_eq 1.082
COMPILED 32 nmrom_K16_q32_dense 1.182
COMPILED 32 nmrom_K16_q32_eq 1.033
COMPILED 32 nmrom_K16_q64_dense 1.076
COMPILED 32 nmrom_K16_q64_eq 1.07
COMPILED 32 nmrom_K16_q96_dense 1.179
COMPILED 32 nmrom_K16_q96_eq 1.08
CASE 32 0 REP 0
CASE 32 0 REP 1
CASE 32 0 REP 2
CASE 32 1 REP 0
CASE 32 1 REP 1
CASE 32 1 REP 2
CASE 32 2 REP 0
CASE 32 2 REP 1
CASE 32 2 REP 2
CASE 32 3 REP 0
CASE 32 3 REP 1
CASE 32 3 REP 2
CASE 32 4 REP 0
CASE 32 4 REP 1
CASE 32 4 REP 2
CASE 32 5 REP 0
CASE 32 5 REP 1
CASE 32 5 REP 2
CASE 32 6 REP 0
CASE 32 6 REP 1
CASE 32 6 REP 2
CASE 32 7 REP 0
CASE 32 7 REP 1
CASE 32 7 REP 2
CASE 32 8 REP 0
CASE 32 8 REP 1
CASE 32 8 REP 2
CASE 32 9 REP 0
CASE 32 9 REP 1
CASE 32 9 REP 2
CASE 32 10 REP 0
CASE 32 10 REP 1
CASE 32 10 REP 2
CASE 32 11 REP 0
CASE 32 11 REP 1
CASE 32 11 REP 2
CASE 32 12 REP 0
CASE 32 12 REP 1
CASE 32 12 REP 2
CASE 32 13 REP 0
CASE 32 13 REP 1
CASE 32 13 REP 2
CASE 32 14 REP 0
CASE 32 14 REP 1
CASE 32 14 REP 2
CASE 32 15 REP 0
CASE 32 15 REP 1
CASE 32 15 REP 2
COMPILED 64 linear_bank_weak_qR 0.511
COMPILED 64 linear_bank_galerkin 0.085
COMPILED 64 pod8_galerkin 0.178
COMPILED 64 pod16_galerkin 0.238
COMPILED 64 pod24_galerkin 0.297
COMPILED 64 pod32_galerkin 0.257
COMPILED 64 pod40_galerkin 0.415
COMPILED 64 pod48_galerkin 0.424
COMPILED 64 pod72_galerkin 0.523
COMPILED 64 pod80_galerkin 0.529
COMPILED 64 pod104_galerkin 0.534
COMPILED 64 pod112_galerkin 0.523
COMPILED 64 pod128_galerkin 0.101
COMPILED 64 dst_exact 0.0
COMPILED 64 fno3d_w24_m8 2.065
COMPILED 64 fno3d_w24_m8_native32_interpolate 1.438
COMPILED 64 unet3d_w16 1.603
COMPILED 64 unet3d_w16_native32_interpolate 0.487
COMPILED 64 deeponet3d_r128_w16 1.829
COMPILED 64 deeponet3d_r128_w16_native32_interpolate 0.804
COMPILED 64 transolver3d_w48_s32 3.5
COMPILED 64 transolver3d_w48_s32_native32_interpolate 1.124
COMPILED 64 nmrom_K8_q0_dense 1.11
COMPILED 64 nmrom_K8_q0_eq 0.99
COMPILED 64 nmrom_K8_q16_dense 1.116
COMPILED 64 nmrom_K8_q16_eq 1.108
COMPILED 64 nmrom_K8_q32_dense 1.032
COMPILED 64 nmrom_K8_q32_eq 1.025
COMPILED 64 nmrom_K8_q64_dense 1.074
COMPILED 64 nmrom_K8_q64_eq 1.103
COMPILED 64 nmrom_K8_q96_dense 1.1
COMPILED 64 nmrom_K8_q96_eq 1.086
COMPILED 64 nmrom_K16_q0_dense 1.064
COMPILED 64 nmrom_K16_q0_eq 0.951
COMPILED 64 nmrom_K16_q16_dense 1.09
COMPILED 64 nmrom_K16_q16_eq 1.098
COMPILED 64 nmrom_K16_q32_dense 1.061
COMPILED 64 nmrom_K16_q32_eq 1.046
COMPILED 64 nmrom_K16_q64_dense 1.067
COMPILED 64 nmrom_K16_q64_eq 1.081
COMPILED 64 nmrom_K16_q96_dense 1.174
COMPILED 64 nmrom_K16_q96_eq 1.161
CASE 64 0 REP 0
CASE 64 0 REP 1
CASE 64 0 REP 2
CASE 64 1 REP 0
CASE 64 1 REP 1
CASE 64 1 REP 2
CASE 64 2 REP 0
CASE 64 2 REP 1
CASE 64 2 REP 2
CASE 64 3 REP 0
CASE 64 3 REP 1
CASE 64 3 REP 2
CASE 64 4 REP 0
CASE 64 4 REP 1
CASE 64 4 REP 2
CASE 64 5 REP 0
CASE 64 5 REP 1
CASE 64 5 REP 2
CASE 64 6 REP 0
CASE 64 6 REP 1
CASE 64 6 REP 2
CASE 64 7 REP 0
CASE 64 7 REP 1
CASE 64 7 REP 2
CASE 64 8 REP 0
CASE 64 8 REP 1
CASE 64 8 REP 2
CASE 64 9 REP 0
CASE 64 9 REP 1
CASE 64 9 REP 2
CASE 64 10 REP 0
CASE 64 10 REP 1
CASE 64 10 REP 2
CASE 64 11 REP 0
CASE 64 11 REP 1
CASE 64 11 REP 2
CASE 64 12 REP 0
CASE 64 12 REP 1
CASE 64 12 REP 2
CASE 64 13 REP 0
CASE 64 13 REP 1
CASE 64 13 REP 2
CASE 64 14 REP 0
CASE 64 14 REP 1
CASE 64 14 REP 2
CASE 64 15 REP 0
CASE 64 15 REP 1
CASE 64 15 REP 2
run_exit=0
