host=pax106  node=pax106  gpu=NVIDIA A100 80GB PCIe
commit=9741ff0  dirty=e3b0c44298fc (dirty marker 'e3b0c442' == clean)  cell=ctol_p_n128  job=2511805
src_bundle=ctol=9741ff0/e3b0c44298fc,2026-08-16-poisson2d-rom-objective=d68d8cb/e3b0c442,2026-08-16-burgers2d-rom-latent-stepping=c7e9c2e/e3b0c442,2026-08-14-multistage-precision=b389467/e3b0c442,2026-08-14-burgers2d-coord-rom=b327915/e3b0c442
jax_backend=gpu cuda:0
jax_backend=gpu device=cuda:0 gpu=NVIDIA A100 80GB PCIe x64=True KS=[2, 4, 6, 8, 12, 16, 24, 32] NS=[128] TAUS=[0.1, 0.01, 0.001] M=64 m=256 reps=7 warm=2
  plan: 1 mesh(es) [128], k values [2, 4, 6, 8, 12, 16, 24, 32], 20 (arm, method) cells
  ckpt k= 2: autodec_K2_N64_hbc_stages.pkl hard_bc=1 train_seed=0 latent_rms=0.235
  ckpt k= 4: autodec_K4_N64_hbc_stages.pkl hard_bc=1 train_seed=0 latent_rms=0.192
  ckpt k= 6: autodec_K6_N64_hbc_stages.pkl hard_bc=1 train_seed=0 latent_rms=0.182
  ckpt k= 8: autodec_K8_N64_hbc_stages.pkl hard_bc=1 train_seed=0 latent_rms=0.175
  ckpt k=12: autodec_K12_N64_hbc_stages.pkl hard_bc=1 train_seed=0 latent_rms=0.164
  ckpt k=16: autodec_K16_N64_hbc_stages.pkl hard_bc=1 train_seed=0 latent_rms=0.147
  ckpt k=24: autodec_K24_N64_hbc_stages.pkl hard_bc=1 train_seed=0 latent_rms=0.143
  ckpt k=32: autodec_K32_N64_hbc_stages.pkl hard_bc=1 train_seed=0 latent_rms=0.141
   FOM CG tol=3e-01:    2.756 ms  err 1.151e-01  achieved residual 3.00e-01
   FOM CG tol=1e-01:    3.737 ms  err 1.726e-02  achieved residual 9.99e-02
   FOM CG tol=1e-02:    5.180 ms  err 1.238e-03  achieved residual 9.99e-03
   FOM CG tol=1e-03:    6.530 ms  err 1.166e-04  achieved residual 9.94e-04
   FOM CG tol=1e-04:    7.667 ms  err 7.798e-06  achieved residual 9.92e-05
   FOM CG tol=1e-05:    8.506 ms  err 6.857e-07  achieved residual 9.96e-06
   FOM CG tol=1e-06:    9.606 ms  err 7.746e-08  achieved residual 9.93e-07
   FOM CG tol=1e-08:   11.521 ms  err 5.602e-10  achieved residual 9.91e-09
   FOM CG tol=1e-10:   13.026 ms  err 4.295e-12  achieved residual 9.97e-11
   FOM CG tol=1e-13:   15.047 ms  err 0.000e+00  achieved residual 2.17e-12
   anchor N=128: archived 15.14 ms vs re-timed 15.05 ms (0.7% diff; archived achieved 2.2e-12, re-timed 2.2e-12)
   overconvergence factor at N=128: 1.00x (testbed 1e-13 achieved 2.2e-12; matched rung tol=1e-13)
== N= 128  FOM CG @1e-13    15.05 ms  (residual 2.2e-12) -- the ladder above is the iso-accuracy baseline
  FOM: 576 CG solves in 9s, max rel residual over all samples 2.46e-12
   POD basis: 512 snapshots, orthonormality dev 8.48e-14, sv0 5.965e+00 sv[31] 4.196e-02
   EQ candidate pool: 4096 of 15876 interior nodes (cap 4096)
   preprocess M=64: selected-mode matvec 0.168 ms/query (full dense sine transform 0.169 ms; offline table 0.1 s; vs reference rel 4.4e-16)
  NNLS-EQ poisson coord N=128 k=2 M=64 m=256: pool 4096 support 256 (+0 pad) rel fit 4.52e-03 (row p95 5.3e-01, max 8.1e+02) [18s]
   tau-solver vs reference solver at tau=0: rel |dz| 0.00e+00
   coord N= 128 k= 2 M= 64 m= 256 tau=1e-01  solve    6.52 ms  e2e    7.07 ms  jac  23.9  err 4.925e-01  fd 1.26e+00  cens 100%
   coord N= 128 k= 2 M= 64 m= 256 tau=1e-02  solve    6.60 ms  e2e    7.15 ms  jac  23.9  err 4.925e-01  fd 1.26e+00  cens 100%
   coord N= 128 k= 2 M= 64 m= 256 tau=1e-03  solve    6.52 ms  e2e    7.07 ms  jac  23.9  err 4.925e-01  fd 1.26e+00  cens 100%
   ceiling  N= 128 k= 2: oracle inferred-latent 1.233e-01 (max 3.089e-01, inits {'mean': 2, 'nearest': 14})
   [cell coord N=128 k=2 M=64 m=256: 36s]
  NNLS-EQ poisson pod N=128 k=2 M=64 m=256: pool 4096 support 122 (+134 pad) rel fit 1.43e-06 (row p95 6.8e-04, max 2.6e-01) [6s]
   tau-solver vs reference solver at tau=0: rel |dz| 0.00e+00
   pod   N= 128 k= 2 M= 64 m= 256 tau=1e-01  solve    1.81 ms  e2e    2.02 ms  jac   3.3  err 4.566e-01  fd 9.19e-01  cens 100%
   pod   N= 128 k= 2 M= 64 m= 256 tau=1e-02  solve    1.81 ms  e2e    2.03 ms  jac   3.3  err 4.566e-01  fd 9.19e-01  cens 100%
   pod   N= 128 k= 2 M= 64 m= 256 tau=1e-03  solve    1.79 ms  e2e    2.00 ms  jac   3.3  err 4.566e-01  fd 9.19e-01  cens 100%
   pod_direct N= 128 k= 2 solve 0.0510 ms err 4.566e-01 cond 1.0e+00
   [cell pod N=128 k=2 M=64 m=256: 13s]
  NNLS-EQ poisson coord N=128 k=4 M=64 m=256: pool 4096 support 256 (+0 pad) rel fit 1.90e-03 (row p95 3.6e-01, max 3.9e+02) [19s]
   coord N= 128 k= 4 M= 64 m= 256 tau=1e-01  solve    1.51 ms  e2e    2.06 ms  jac   4.5  err 8.514e-02  fd 5.63e-01  cens   0%
   coord N= 128 k= 4 M= 64 m= 256 tau=1e-02  solve    3.19 ms  e2e    3.74 ms  jac  14.8  err 2.051e-02  fd 3.58e-01  cens  62%
   coord N= 128 k= 4 M= 64 m= 256 tau=1e-03  solve    3.77 ms  e2e    4.32 ms  jac  17.7  err 1.704e-02  fd 3.46e-01  cens 100%
   ceiling  N= 128 k= 4: oracle inferred-latent 1.525e-02 (max 3.317e-02, inits {'mean': 7, 'nearest': 9})
   [cell coord N=128 k=4 M=64 m=256: 32s]
  NNLS-EQ poisson pod N=128 k=4 M=64 m=256: pool 4096 support 194 (+62 pad) rel fit 5.24e-06 (row p95 3.0e-03, max 3.4e+00) [14s]
   pod   N= 128 k= 4 M= 64 m= 256 tau=1e-01  solve    1.28 ms  e2e    1.50 ms  jac   3.3  err 2.908e-01  fd 8.53e-01  cens  88%
   pod   N= 128 k= 4 M= 64 m= 256 tau=1e-02  solve    1.43 ms  e2e    1.65 ms  jac   3.5  err 2.908e-01  fd 8.53e-01  cens 100%
   pod   N= 128 k= 4 M= 64 m= 256 tau=1e-03  solve    1.42 ms  e2e    1.64 ms  jac   3.5  err 2.908e-01  fd 8.53e-01  cens 100%
   pod_direct N= 128 k= 4 solve 0.0489 ms err 2.908e-01 cond 1.0e+00
   [cell pod N=128 k=4 M=64 m=256: 21s]
  NNLS-EQ poisson coord N=128 k=6 M=64 m=256: pool 4096 support 256 (+0 pad) rel fit 1.56e-03 (row p95 2.5e-01, max 9.4e+01) [18s]
   coord N= 128 k= 6 M= 64 m= 256 tau=1e-01  solve    1.93 ms  e2e    2.48 ms  jac   7.1  err 1.183e-01  fd 6.30e-01  cens   6%
   coord N= 128 k= 6 M= 64 m= 256 tau=1e-02  solve    3.25 ms  e2e    3.80 ms  jac  14.5  err 6.077e-02  fd 4.58e-01  cens  19%
   coord N= 128 k= 6 M= 64 m= 256 tau=1e-03  solve    7.40 ms  e2e    7.94 ms  jac  27.4  err 5.847e-02  fd 4.46e-01  cens 100%
   ceiling  N= 128 k= 6: oracle inferred-latent 8.637e-03 (max 1.537e-02, inits {'mean': 6, 'nearest': 10})
   [cell coord N=128 k=6 M=64 m=256: 35s]
  NNLS-EQ poisson pod N=128 k=6 M=64 m=256: pool 4096 support 235 (+21 pad) rel fit 7.05e-06 (row p95 5.8e-03, max 2.7e+00) [20s]
   pod   N= 128 k= 6 M= 64 m= 256 tau=1e-01  solve    0.92 ms  e2e    1.14 ms  jac   3.4  err 2.195e-01  fd 8.14e-01  cens  81%
   pod   N= 128 k= 6 M= 64 m= 256 tau=1e-02  solve    0.94 ms  e2e    1.16 ms  jac   3.8  err 2.195e-01  fd 8.14e-01  cens 100%
   pod   N= 128 k= 6 M= 64 m= 256 tau=1e-03  solve    0.95 ms  e2e    1.17 ms  jac   3.8  err 2.195e-01  fd 8.14e-01  cens 100%
   pod_direct N= 128 k= 6 solve 0.0461 ms err 2.195e-01 cond 1.0e+00
   [cell pod N=128 k=6 M=64 m=256: 26s]
  NNLS-EQ poisson coord N=128 k=8 M=64 m=256: pool 4096 support 256 (+0 pad) rel fit 1.49e-03 (row p95 3.0e-01, max 2.7e+02) [18s]
   coord N= 128 k= 8 M= 64 m= 256 tau=1e-01  solve    1.85 ms  e2e    2.40 ms  jac   4.9  err 9.486e-02  fd 8.22e-01  cens   0%
   coord N= 128 k= 8 M= 64 m= 256 tau=1e-02  solve    2.83 ms  e2e    3.38 ms  jac  10.3  err 1.411e-02  fd 2.12e-01  cens  12%
   coord N= 128 k= 8 M= 64 m= 256 tau=1e-03  solve    8.27 ms  e2e    8.82 ms  jac  27.4  err 8.397e-03  fd 1.99e-01  cens 100%
   ceiling  N= 128 k= 8: oracle inferred-latent 6.951e-03 (max 1.503e-02, inits {'mean': 7, 'nearest': 9})
   [cell coord N=128 k=8 M=64 m=256: 34s]
  NNLS-EQ poisson pod N=128 k=8 M=64 m=256: pool 4096 support 256 (+0 pad) rel fit 7.93e-06 (row p95 6.2e-03, max 8.6e+00) [25s]
   pod   N= 128 k= 8 M= 64 m= 256 tau=1e-01  solve    0.63 ms  e2e    0.86 ms  jac   3.2  err 1.763e-01  fd 7.69e-01  cens  75%
   pod   N= 128 k= 8 M= 64 m= 256 tau=1e-02  solve    0.97 ms  e2e    1.20 ms  jac   3.6  err 1.763e-01  fd 7.69e-01  cens 100%
   pod   N= 128 k= 8 M= 64 m= 256 tau=1e-03  solve    1.02 ms  e2e    1.25 ms  jac   3.6  err 1.763e-01  fd 7.69e-01  cens 100%
   pod_direct N= 128 k= 8 solve 0.0468 ms err 1.763e-01 cond 1.0e+00
   [cell pod N=128 k=8 M=64 m=256: 31s]
   preprocess M=256: selected-mode matvec 0.187 ms/query (full dense sine transform 0.172 ms; offline table 0.1 s; vs reference rel 4.4e-16)
  NNLS-EQ poisson coord N=128 k=8 M=256 m=256: pool 4096 support 256 (+0 pad) rel fit 7.33e-02 (row p95 7.4e+01, max 1.2e+05) [49s]
   coord N= 128 k= 8 M=256 m= 256 tau=1e-01  solve    1.81 ms  e2e    2.38 ms  jac   7.0  err 8.132e-02  fd 6.62e-01  cens   6%
   coord N= 128 k= 8 M=256 m= 256 tau=1e-02  solve   11.53 ms  e2e   12.09 ms  jac  35.1  err 1.761e-02  fd 2.66e-01  cens 100%
   coord N= 128 k= 8 M=256 m= 256 tau=1e-03  solve   11.51 ms  e2e   12.07 ms  jac  35.1  err 1.761e-02  fd 2.66e-01  cens 100%
   [cell coord N=128 k=8 M=256 m=256: 61s]
  NNLS-EQ poisson pod N=128 k=8 M=256 m=256: pool 4096 support 256 (+0 pad) rel fit 4.52e-02 (row p95 1.1e+03, max 4.1e+06) [49s]
   pod   N= 128 k= 8 M=256 m= 256 tau=1e-01  solve    0.63 ms  e2e    0.87 ms  jac   3.4  err 1.763e-01  fd 7.69e-01  cens  75%
   pod   N= 128 k= 8 M=256 m= 256 tau=1e-02  solve    1.10 ms  e2e    1.35 ms  jac   3.8  err 1.763e-01  fd 7.69e-01  cens 100%
   pod   N= 128 k= 8 M=256 m= 256 tau=1e-03  solve    1.07 ms  e2e    1.32 ms  jac   3.8  err 1.763e-01  fd 7.69e-01  cens 100%
   pod_direct N= 128 k= 8 solve 0.0476 ms err 1.763e-01 cond 1.0e+00
   [cell pod N=128 k=8 M=256 m=256: 55s]
  NNLS-EQ poisson coord N=128 k=12 M=64 m=256: pool 4096 support 256 (+0 pad) rel fit 1.34e-03 (row p95 3.1e-01, max 1.4e+02) [19s]
   coord N= 128 k=12 M= 64 m= 256 tau=1e-01  solve    1.88 ms  e2e    2.42 ms  jac   8.6  err 1.037e-01  fd 8.94e-01  cens   6%
   coord N= 128 k=12 M= 64 m= 256 tau=1e-02  solve    3.23 ms  e2e    3.78 ms  jac  15.7  err 4.925e-02  fd 5.17e-01  cens  25%
   coord N= 128 k=12 M= 64 m= 256 tau=1e-03  solve   10.96 ms  e2e   11.50 ms  jac  33.8  err 4.533e-02  fd 4.78e-01  cens 100%
   ceiling  N= 128 k=12: oracle inferred-latent 6.137e-03 (max 1.431e-02, inits {'mean': 6, 'nearest': 10})
   [cell coord N=128 k=12 M=64 m=256: 39s]
  NNLS-EQ poisson pod N=128 k=12 M=64 m=256: pool 4096 support 256 (+0 pad) rel fit 2.26e-05 (row p95 1.8e-02, max 8.9e+00) [24s]
   pod   N= 128 k=12 M= 64 m= 256 tau=1e-01  solve    0.19 ms  e2e    0.42 ms  jac   2.8  err 1.284e-01  fd 7.09e-01  cens  44%
   pod   N= 128 k=12 M= 64 m= 256 tau=1e-02  solve    0.85 ms  e2e    1.08 ms  jac   3.9  err 1.284e-01  fd 7.09e-01  cens 100%
   pod   N= 128 k=12 M= 64 m= 256 tau=1e-03  solve    0.83 ms  e2e    1.06 ms  jac   3.9  err 1.284e-01  fd 7.09e-01  cens 100%
   pod_direct N= 128 k=12 solve 0.0458 ms err 1.284e-01 cond 1.0e+00
   [cell pod N=128 k=12 M=64 m=256: 30s]
  NNLS-EQ poisson coord N=128 k=16 M=64 m=256: pool 4096 support 256 (+0 pad) rel fit 1.30e-03 (row p95 2.6e-01, max 4.2e+02) [19s]
   coord N= 128 k=16 M= 64 m= 256 tau=1e-01  solve    2.22 ms  e2e    2.77 ms  jac   4.6  err 1.011e-01  fd 4.01e-01  cens   0%
   coord N= 128 k=16 M= 64 m= 256 tau=1e-02  solve    3.09 ms  e2e    3.64 ms  jac   7.5  err 1.150e-02  fd 1.72e-01  cens   0%
   coord N= 128 k=16 M= 64 m= 256 tau=1e-03  solve   10.36 ms  e2e   10.91 ms  jac  30.3  err 6.234e-03  fd 1.51e-01  cens  94%
   ceiling  N= 128 k=16: oracle inferred-latent 4.072e-03 (max 6.331e-03, inits {'mean': 8, 'nearest': 8})
   [cell coord N=128 k=16 M=64 m=256: 36s]
  NNLS-EQ poisson pod N=128 k=16 M=64 m=256: pool 4096 support 256 (+0 pad) rel fit 4.26e-05 (row p95 2.8e-02, max 2.9e+01) [21s]
   pod   N= 128 k=16 M= 64 m= 256 tau=1e-01  solve    0.18 ms  e2e    0.41 ms  jac   2.4  err 1.002e-01  fd 6.49e-01  cens  25%
   pod   N= 128 k=16 M= 64 m= 256 tau=1e-02  solve    1.17 ms  e2e    1.40 ms  jac   3.7  err 1.002e-01  fd 6.49e-01  cens 100%
   pod   N= 128 k=16 M= 64 m= 256 tau=1e-03  solve    1.15 ms  e2e    1.37 ms  jac   3.7  err 1.002e-01  fd 6.49e-01  cens 100%
   pod_direct N= 128 k=16 solve 0.0553 ms err 1.002e-01 cond 1.0e+00
   [cell pod N=128 k=16 M=64 m=256: 27s]
  NNLS-EQ poisson coord N=128 k=24 M=64 m=256: pool 4096 support 256 (+0 pad) rel fit 1.29e-03 (row p95 2.6e-01, max 4.7e+02) [17s]
   coord N= 128 k=24 M= 64 m= 256 tau=1e-01  solve    2.38 ms  e2e    2.94 ms  jac   4.9  err 8.790e-02  fd 4.51e-01  cens   0%
   coord N= 128 k=24 M= 64 m= 256 tau=1e-02  solve    3.49 ms  e2e    4.05 ms  jac  10.1  err 1.886e-02  fd 2.95e-01  cens   6%
   coord N= 128 k=24 M= 64 m= 256 tau=1e-03  solve   15.22 ms  e2e   15.77 ms  jac  35.2  err 1.435e-02  fd 2.54e-01  cens  94%
   ceiling  N= 128 k=24: oracle inferred-latent 3.930e-03 (max 8.382e-03, inits {'mean': 8, 'nearest': 8})
   [cell coord N=128 k=24 M=64 m=256: 42s]
  NNLS-EQ poisson pod N=128 k=24 M=64 m=256: pool 4096 support 256 (+0 pad) rel fit 9.47e-05 (row p95 3.7e-02, max 2.6e+02) [21s]
   pod   N= 128 k=24 M= 64 m= 256 tau=1e-01  solve    0.18 ms  e2e    0.41 ms  jac   2.0  err 6.620e-02  fd 5.59e-01  cens   0%
   pod   N= 128 k=24 M= 64 m= 256 tau=1e-02  solve    0.95 ms  e2e    1.18 ms  jac   3.9  err 6.620e-02  fd 5.59e-01  cens 100%
   pod   N= 128 k=24 M= 64 m= 256 tau=1e-03  solve    0.95 ms  e2e    1.18 ms  jac   3.9  err 6.620e-02  fd 5.59e-01  cens 100%
   pod_direct N= 128 k=24 solve 0.0485 ms err 6.620e-02 cond 1.0e+00
   [cell pod N=128 k=24 M=64 m=256: 27s]
  NNLS-EQ poisson coord N=128 k=32 M=256 m=256: pool 4096 support 256 (+0 pad) rel fit 7.04e-02 (row p95 8.0e+01, max 1.0e+06) [51s]
   coord N= 128 k=32 M=256 m= 256 tau=1e-01  solve    3.68 ms  e2e    4.24 ms  jac  10.4  err 9.412e-02  fd 7.02e-01  cens   6%
   coord N= 128 k=32 M=256 m= 256 tau=1e-02  solve   21.93 ms  e2e   22.50 ms  jac  40.4  err 5.045e-02  fd 6.37e-01  cens 100%
   coord N= 128 k=32 M=256 m= 256 tau=1e-03  solve   22.11 ms  e2e   22.68 ms  jac  40.4  err 5.045e-02  fd 6.37e-01  cens 100%
   [cell coord N=128 k=32 M=256 m=256: 67s]
  NNLS-EQ poisson pod N=128 k=32 M=256 m=256: pool 4096 support 256 (+0 pad) rel fit 5.96e-02 (row p95 3.7e+02, max 6.0e+06) [52s]
   pod   N= 128 k=32 M=256 m= 256 tau=1e-01  solve    0.20 ms  e2e    0.44 ms  jac   2.2  err 5.183e-02  fd 5.06e-01  cens  12%
   pod   N= 128 k=32 M=256 m= 256 tau=1e-02  solve    1.15 ms  e2e    1.38 ms  jac   3.9  err 5.183e-02  fd 5.06e-01  cens 100%
   pod   N= 128 k=32 M=256 m= 256 tau=1e-03  solve    1.10 ms  e2e    1.34 ms  jac   3.9  err 5.183e-02  fd 5.06e-01  cens 100%
   pod_direct N= 128 k=32 solve 0.0526 ms err 5.183e-02 cond 1.1e+00
   [cell pod N=128 k=32 M=256 m=256: 59s]
  NNLS-EQ poisson coord N=128 k=32 M=256 m=1024: pool 4096 support 1024 (+0 pad) rel fit 1.26e-04 (row p95 1.6e-01, max 1.1e+03) [1220s]
   coord N= 128 k=32 M=256 m=1024 tau=1e-01  solve    5.74 ms  e2e    6.31 ms  jac  10.4  err 1.053e-01  fd 6.84e-01  cens   6%
   coord N= 128 k=32 M=256 m=1024 tau=1e-02  solve    9.32 ms  e2e    9.89 ms  jac  18.2  err 4.689e-02  fd 5.42e-01  cens  31%
   coord N= 128 k=32 M=256 m=1024 tau=1e-03  solve   36.34 ms  e2e   36.91 ms  jac  40.1  err 4.376e-02  fd 5.25e-01  cens 100%
   ceiling  N= 128 k=32: oracle inferred-latent 3.226e-03 (max 5.220e-03, inits {'mean': 5, 'nearest': 11})
   [cell coord N=128 k=32 M=256 m=1024: 1265s]
  NNLS-EQ poisson pod N=128 k=32 M=256 m=1024: pool 4096 support 799 (+225 pad) rel fit 1.59e-05 (row p95 1.0e-01, max 9.3e+02) [917s]
   pod   N= 128 k=32 M=256 m=1024 tau=1e-01  solve    0.22 ms  e2e    0.46 ms  jac   2.0  err 5.049e-02  fd 5.03e-01  cens   0%
   pod   N= 128 k=32 M=256 m=1024 tau=1e-02  solve    0.64 ms  e2e    0.87 ms  jac   3.6  err 5.049e-02  fd 5.03e-01  cens  88%
   pod   N= 128 k=32 M=256 m=1024 tau=1e-03  solve    0.63 ms  e2e    0.87 ms  jac   3.9  err 5.049e-02  fd 5.03e-01  cens 100%
   pod_direct N= 128 k=32 solve 0.0650 ms err 5.049e-02 cond 1.0e+00
   [cell pod N=128 k=32 M=256 m=1024: 923s]
  NNLS-EQ poisson coord MESHFREE-POOL N=128 k=8: pool 4096 support 256 (+0 pad) rel fit 1.51e-03 (row p95 3.2e-01, max 2.7e+02) [17s]
   [pool_control] coord_meshfree_pool N=128 k=8 tau=1e-01 e2e 2.45 ms err 9.083e-02 eqfit 1.51e-03
   [pool_control] coord_meshfree_pool N=128 k=8 tau=1e-02 e2e 3.41 ms err 1.311e-02 eqfit 1.51e-03
   [pool_control] coord_meshfree_pool N=128 k=8 tau=1e-03 e2e 7.39 ms err 8.551e-03 eqfit 1.51e-03
  NNLS-EQ poisson coord UNCAPPED-POOL N=128 k=8: pool 15876 support 256 (+0 pad) rel fit 1.38e-03 (row p95 2.9e-01, max 8.8e+01) [19s]
   [cap_control] coord_uncapped_pool N=128 k=8 tau=1e-01 e2e 2.39 ms err 9.791e-02 eqfit 1.38e-03
   [cap_control] coord_uncapped_pool N=128 k=8 tau=1e-02 e2e 3.25 ms err 1.313e-02 eqfit 1.38e-03
   [cap_control] coord_uncapped_pool N=128 k=8 tau=1e-03 e2e 6.93 ms err 8.568e-03 eqfit 1.38e-03
  NNLS-EQ poisson pod UNCAPPED-POOL N=128 k=8: pool 15876 support 247 (+9 pad) rel fit 9.23e-06 (row p95 6.8e-03, max 5.0e+01) [22s]
   [cap_control] pod_uncapped_pool N=128 k=8 tau=1e-01 e2e 0.95 ms err 1.763e-01 eqfit 9.23e-06
   [cap_control] pod_uncapped_pool N=128 k=8 tau=1e-02 e2e 1.09 ms err 1.763e-01 eqfit 9.23e-06
   [cap_control] pod_uncapped_pool N=128 k=8 tau=1e-03 e2e 1.12 ms err 1.763e-01 eqfit 9.23e-06
== N=128 done [2971s]
DONE
ALL-DONE
