host=pax050 job_id=4308421
NVIDIA A100 80GB PCIe, GPU-3821cf96-084c-f51d-914c-38d8195c5979, 81920 MiB, 575.57.08
10.235.106.34:/projects/paralab  4.6T  4.2T  370G  93% /cluster/tufts/paralab
jax_backend=gpu
torch_cuda True NVIDIA A100 80GB PCIe
CASE train burgers-train-00000 6.68
CASE train burgers-train-00001 5.92
CASE train burgers-train-00002 6.41
CASE train burgers-train-00003 9.88
CASE train burgers-train-00004 11.93
CASE train burgers-train-00005 7.77
CASE train burgers-train-00006 11.83
CASE train burgers-train-00007 11.67
CASE train burgers-train-00008 6.83
CASE train burgers-train-00009 11.36
CASE train burgers-train-00010 11.35
CASE train burgers-train-00011 4.64
CASE train burgers-train-00012 6.32
CASE train burgers-train-00013 10.05
CASE train burgers-train-00014 9.49
CASE train burgers-train-00015 4.98
CASE train burgers-train-00016 8.0
CASE train burgers-train-00017 9.67
CASE train burgers-train-00018 5.94
CASE train burgers-train-00019 8.46
CASE train burgers-train-00020 12.53
CASE train burgers-train-00021 7.29
CASE train burgers-train-00022 8.17
CASE train burgers-train-00023 12.57
CASE train burgers-train-00024 6.29
CASE train burgers-train-00025 16.57
CASE train burgers-train-00026 15.33
CASE train burgers-train-00027 7.67
CASE train burgers-train-00028 14.22
CASE train burgers-train-00029 13.94
CASE train burgers-train-00030 14.91
CASE train burgers-train-00031 11.32
CASE train burgers-train-00032 5.73
CASE train burgers-train-00033 5.43
CASE train burgers-train-00034 8.43
CASE train burgers-train-00035 3.73
CASE train burgers-train-00036 8.56
CASE train burgers-train-00037 8.74
CASE train burgers-train-00038 8.22
CASE train burgers-train-00039 13.29
CASE train burgers-train-00040 7.87
CASE train burgers-train-00041 10.07
CASE train burgers-train-00042 10.26
CASE train burgers-train-00043 11.87
CASE train burgers-train-00044 5.03
CASE train burgers-train-00045 7.55
CASE train burgers-train-00046 10.99
CASE train burgers-train-00047 4.73
CASE train burgers-train-00048 8.66
CASE train burgers-train-00049 8.61
CASE train burgers-train-00050 6.59
CASE train burgers-train-00051 11.55
CASE train burgers-train-00052 11.87
CASE train burgers-train-00053 9.63
CASE train burgers-train-00054 7.23
CASE train burgers-train-00055 7.48
CASE train burgers-train-00056 12.81
CASE train burgers-train-00057 11.32
CASE train burgers-train-00058 8.12
CASE train burgers-train-00059 9.31
CASE train burgers-train-00060 17.94
CASE train burgers-train-00061 7.51
CASE train burgers-train-00062 7.25
CASE train burgers-train-00063 9.44
CASE train burgers-train-00064 7.96
CASE train burgers-train-00065 7.85
CASE train burgers-train-00066 8.84
CASE train burgers-train-00067 7.37
CASE train burgers-train-00068 4.69
CASE train burgers-train-00069 6.35
CASE train burgers-train-00070 8.56
CASE train burgers-train-00071 7.83
CASE train burgers-train-00072 7.25
CASE train burgers-train-00073 8.51
CASE train burgers-train-00074 8.35
CASE train burgers-train-00075 15.71
CASE train burgers-train-00076 8.78
CASE train burgers-train-00077 11.01
CASE train burgers-train-00078 8.86
CASE train burgers-train-00079 16.92
CASE train burgers-train-00080 14.01
CASE train burgers-train-00081 12.28
CASE train burgers-train-00082 9.21
CASE train burgers-train-00083 11.62
CASE train burgers-train-00084 14.67
CASE train burgers-train-00085 10.84
CASE train burgers-train-00086 13.97
CASE train burgers-train-00087 13.16
CASE train burgers-train-00088 12.63
CASE train burgers-train-00089 12.81
CASE train burgers-train-00090 11.17
CASE train burgers-train-00091 10.24
CASE train burgers-train-00092 14.4
CASE train burgers-train-00093 15.86
CASE train burgers-train-00094 11.5
CASE train burgers-train-00095 9.97
CASE train burgers-train-00096 11.04
CASE train burgers-train-00097 10.44
CASE train burgers-train-00098 12.14
CASE train burgers-train-00099 15.23
CASE train burgers-train-00100 14.26
CASE train burgers-train-00101 13.27
CASE train burgers-train-00102 10.93
CASE train burgers-train-00103 10.89
CASE train burgers-train-00104 10.13
CASE train burgers-train-00105 9.15
CASE train burgers-train-00106 9.65
CASE train burgers-train-00107 8.8
CASE train burgers-train-00108 11.0
CASE train burgers-train-00109 15.36
CASE train burgers-train-00110 10.25
CASE train burgers-train-00111 12.51
CASE train burgers-train-00112 11.95
CASE train burgers-train-00113 12.53
CASE train burgers-train-00114 12.33
CASE train burgers-train-00115 11.81
CASE train burgers-train-00116 9.73
CASE train burgers-train-00117 12.0
CASE train burgers-train-00118 7.89
CASE train burgers-train-00119 13.19
CASE train burgers-train-00120 13.96
CASE train burgers-train-00121 9.65
CASE train burgers-train-00122 13.11
CASE train burgers-train-00123 8.4
CASE train burgers-train-00124 12.14
CASE train burgers-train-00125 12.26
CASE train burgers-train-00126 8.37
CASE train burgers-train-00127 13.5
CASE validation burgers-validation-00000 9.87
CASE validation burgers-validation-00001 10.25
CASE validation burgers-validation-00002 7.94
CASE validation burgers-validation-00003 7.55
CASE validation burgers-validation-00004 8.69
CASE validation burgers-validation-00005 15.85
CASE validation burgers-validation-00006 15.33
CASE validation burgers-validation-00007 10.04
CASE validation burgers-validation-00008 9.72
CASE validation burgers-validation-00009 8.58
CASE validation burgers-validation-00010 12.94
CASE validation burgers-validation-00011 7.04
CASE validation burgers-validation-00012 10.82
CASE validation burgers-validation-00013 8.63
CASE validation burgers-validation-00014 11.51
CASE validation burgers-validation-00015 6.87
CASE validation burgers-validation-00016 6.6
CASE validation burgers-validation-00017 11.84
CASE validation burgers-validation-00018 18.3
CASE validation burgers-validation-00019 17.4
CASE validation burgers-validation-00020 12.56
CASE validation burgers-validation-00021 9.56
CASE validation burgers-validation-00022 8.27
CASE validation burgers-validation-00023 8.19
CASE validation burgers-validation-00024 9.22
CASE validation burgers-validation-00025 7.85
CASE validation burgers-validation-00026 7.41
CASE validation burgers-validation-00027 7.47
CASE validation burgers-validation-00028 10.24
CASE validation burgers-validation-00029 7.07
CASE validation burgers-validation-00030 10.97
CASE validation burgers-validation-00031 11.64
DATA DONE {"train": {"cases": 128, "source_index_sha256": "5333584b7162df622ec7bc2b08e68d8003036b1b05abbea520249ed408fc8d49", "median_seconds": 10.061579747358337, "host_bytes": 103129552896}, "validation": {"cases": 32, "source_index_sha256": "468b9e70df3392c4b5bbb41381c9062d3d697ac4772b7236c4ee59d0ca73ebad", "median_seconds": 9.637386810500175, "host_bytes": 25782388224}, "mesh": 4096, "seconds": 1933.3129810588434, "solver": "iterative_paths.make_fom(L, dt, \"fft\") = fft_tight", "storage": "host memory only (no per-case files)"}
torch_backend=cuda NVIDIA A100 80GB PCIe
{"micro_batch_reduced_to": 4, "epoch": 0}
{"micro_batch_reduced_to": 2, "epoch": 0}
{"micro_batch_reduced_to": 1, "epoch": 0}
ARM {"arm": "tsol-refine", "config": "inputs/opconfigs/tsol-refine.json", "job_id": "4308421", "started_unix": 1790304142.967261, "ok": false, "error_type": "OutOfMemoryError", "error": "CUDA out of memory. Tried to allocate 1.00 GiB. GPU 0 has a total capacity of 79.25 GiB of which 395.88 MiB is free. Including non-PyTorch memory, this process has 78.85 GiB memory in use. Of the allocated memory 70.27 GiB is allocated by PyTorch, and 74.92 MiB is reserved by PyTorch but unallocated. If reserved but unallocated memory is large try setting PYTORCH_CUDA_ALLOC_CONF=expandable_segments:True to avoid fragmentation.  See documentation for Memory Management  (https://docs.pytorch.org/docs/stable/notes/cuda.html#optimizing-memory-usage-with-pytorch-cuda-alloc-conf)", "epochs_completed_before_error": 0, "ended_unix": 1790304166.3418572}
TRAIN_MEM FINISHED
run_exit=0
