host=pax106 source_commit=31e0846ffb83ef566cb8691ebacbcd028f1ba325
NVIDIA A100 80GB PCIe, 81920 MiB
10.235.106.35:/projects/paralab  4.6T  4.2T  442G  91% /cluster/tufts/paralab
jax_backend=gpu
GATE S0: PASS backend=gpu
GATE B-RANKCAP: PASS g_hidden=512 R=256 structural_rank_bound=256
GATE B-DATA_dev_N256: PASS expected=f69ca8e8762150ebfbe4c409acc001859681bb3a1c3ac60c8a03a67d030a023d got=b4a3ac754b8de95ed07595ad14c8fa7f45c9e2ef82d5bb111c39c8fd1dbec977 seconds=8.091e+01 mode=value hash_mismatch=True value_worst_rel=3.602e-16 value_tol=1.000e-08 value_cases=8 value_states=6
GATE B-DATA_train_N256: PASS expected=4ce80fafbf1f1333f59963703684756327764236f811e71e2bb48bebf59ba12c got=39c473b4a87475dd54112f7b92eceafa2b55f9ca591db094ac2fb1018fb8cce6 seconds=6.291e+02 mode=inferred-from-dev-gate-on-this-node hash_mismatch=True dev_ok=True
DATA train (512, 26, 65536) dev (64, 26, 65536) in 710s
GATE B-DATA_train_extra_N256: PASS mode=recorded got=8b6796aab06a0086ec48c07c62322a67a5f6af2ec62c4fd43e5e2dd37da4d907 seconds=1.877e+03 trajectories=1536
DATA train+extra (2048, 26, 65536)
   train[K16R256] step      1/100000  rel-MSE 2.686e+00  [15s]
   train[K16R256] step   1000/100000  rel-MSE 1.841e-01  [152s]
   train[K16R256] step   2000/100000  rel-MSE 1.054e-01  [290s]
   train[K16R256] step   3000/100000  rel-MSE 7.987e-02  [428s]
   train[K16R256] step   4000/100000  rel-MSE 6.788e-02  [566s]
   train[K16R256] step   5000/100000  rel-MSE 6.019e-02  [704s]
   train[K16R256] step   6000/100000  rel-MSE 5.352e-02  [842s]
   train[K16R256] step   7000/100000  rel-MSE 4.938e-02  [980s]
   train[K16R256] step   8000/100000  rel-MSE 4.568e-02  [1118s]
   train[K16R256] step   9000/100000  rel-MSE 4.230e-02  [1256s]
   train[K16R256] step  10000/100000  rel-MSE 3.885e-02  [1394s]
   train[K16R256] step  11000/100000  rel-MSE 3.703e-02  [1532s]
   train[K16R256] step  12000/100000  rel-MSE 3.507e-02  [1669s]
   train[K16R256] step  13000/100000  rel-MSE 3.337e-02  [1807s]
   train[K16R256] step  14000/100000  rel-MSE 3.221e-02  [1945s]
   train[K16R256] step  15000/100000  rel-MSE 3.131e-02  [2083s]
   train[K16R256] step  16000/100000  rel-MSE 2.955e-02  [2221s]
   train[K16R256] step  17000/100000  rel-MSE 2.851e-02  [2358s]
   train[K16R256] step  18000/100000  rel-MSE 2.760e-02  [2496s]
   train[K16R256] step  19000/100000  rel-MSE 2.741e-02  [2634s]
   train[K16R256] step  20000/100000  rel-MSE 2.640e-02  [2772s]
   train[K16R256] step  21000/100000  rel-MSE 2.581e-02  [2909s]
   train[K16R256] step  22000/100000  rel-MSE 2.535e-02  [3047s]
   train[K16R256] step  23000/100000  rel-MSE 2.536e-02  [3185s]
   train[K16R256] step  24000/100000  rel-MSE 2.443e-02  [3323s]
   train[K16R256] step  25000/100000  rel-MSE 2.392e-02  [3460s]
   train[K16R256] step  26000/100000  rel-MSE 2.370e-02  [3598s]
   train[K16R256] step  27000/100000  rel-MSE 2.321e-02  [3736s]
   train[K16R256] step  28000/100000  rel-MSE 2.288e-02  [3874s]
   train[K16R256] step  29000/100000  rel-MSE 2.256e-02  [4011s]
   train[K16R256] step  30000/100000  rel-MSE 2.211e-02  [4149s]
   train[K16R256] step  31000/100000  rel-MSE 2.211e-02  [4287s]
   train[K16R256] step  32000/100000  rel-MSE 2.191e-02  [4425s]
   train[K16R256] step  33000/100000  rel-MSE 2.167e-02  [4562s]
   train[K16R256] step  34000/100000  rel-MSE 2.120e-02  [4700s]
   train[K16R256] step  35000/100000  rel-MSE 2.083e-02  [4838s]
   train[K16R256] step  36000/100000  rel-MSE 2.096e-02  [4976s]
   train[K16R256] step  37000/100000  rel-MSE 2.073e-02  [5113s]
   train[K16R256] step  38000/100000  rel-MSE 2.055e-02  [5251s]
   train[K16R256] step  39000/100000  rel-MSE 2.032e-02  [5389s]
   train[K16R256] step  40000/100000  rel-MSE 2.007e-02  [5527s]
   train[K16R256] step  41000/100000  rel-MSE 2.009e-02  [5664s]
   train[K16R256] step  42000/100000  rel-MSE 1.998e-02  [5802s]
   train[K16R256] step  43000/100000  rel-MSE 1.974e-02  [5940s]
   train[K16R256] step  44000/100000  rel-MSE 1.941e-02  [6078s]
   train[K16R256] step  45000/100000  rel-MSE 1.948e-02  [6215s]
   train[K16R256] step  46000/100000  rel-MSE 1.971e-02  [6353s]
   train[K16R256] step  47000/100000  rel-MSE 1.953e-02  [6491s]
   train[K16R256] step  48000/100000  rel-MSE 1.934e-02  [6629s]
   train[K16R256] step  49000/100000  rel-MSE 1.905e-02  [6766s]
   train[K16R256] step  50000/100000  rel-MSE 1.896e-02  [6904s]
   train[K16R256] step  51000/100000  rel-MSE 1.920e-02  [7042s]
   train[K16R256] step  52000/100000  rel-MSE 1.868e-02  [7180s]
   train[K16R256] step  53000/100000  rel-MSE 1.856e-02  [7317s]
   train[K16R256] step  54000/100000  rel-MSE 1.859e-02  [7455s]
   train[K16R256] step  55000/100000  rel-MSE 1.842e-02  [7593s]
   train[K16R256] step  56000/100000  rel-MSE 1.866e-02  [7731s]
   train[K16R256] step  57000/100000  rel-MSE 1.813e-02  [7868s]
   train[K16R256] step  58000/100000  rel-MSE 1.834e-02  [8006s]
   train[K16R256] step  59000/100000  rel-MSE 1.801e-02  [8144s]
   train[K16R256] step  60000/100000  rel-MSE 1.820e-02  [8282s]
   train[K16R256] step  61000/100000  rel-MSE 1.811e-02  [8419s]
   train[K16R256] step  62000/100000  rel-MSE 1.796e-02  [8557s]
   train[K16R256] step  63000/100000  rel-MSE 1.785e-02  [8695s]
   train[K16R256] step  64000/100000  rel-MSE 1.770e-02  [8833s]
   train[K16R256] step  65000/100000  rel-MSE 1.771e-02  [8970s]
   train[K16R256] step  66000/100000  rel-MSE 1.761e-02  [9108s]
   train[K16R256] step  67000/100000  rel-MSE 1.766e-02  [9246s]
   train[K16R256] step  68000/100000  rel-MSE 1.783e-02  [9384s]
   train[K16R256] step  69000/100000  rel-MSE 1.755e-02  [9521s]
   train[K16R256] step  70000/100000  rel-MSE 1.739e-02  [9659s]
   train[K16R256] step  71000/100000  rel-MSE 1.745e-02  [9797s]
   train[K16R256] step  72000/100000  rel-MSE 1.740e-02  [9934s]
   train[K16R256] step  73000/100000  rel-MSE 1.730e-02  [10072s]
   train[K16R256] step  74000/100000  rel-MSE 1.732e-02  [10210s]
   train[K16R256] step  75000/100000  rel-MSE 1.721e-02  [10348s]
   train[K16R256] step  76000/100000  rel-MSE 1.717e-02  [10485s]
   train[K16R256] step  77000/100000  rel-MSE 1.715e-02  [10623s]
   train[K16R256] step  78000/100000  rel-MSE 1.718e-02  [10761s]
   train[K16R256] step  79000/100000  rel-MSE 1.700e-02  [10899s]
   train[K16R256] step  80000/100000  rel-MSE 1.726e-02  [11036s]
   train[K16R256] step  81000/100000  rel-MSE 1.714e-02  [11174s]
   train[K16R256] step  82000/100000  rel-MSE 1.702e-02  [11312s]
   train[K16R256] step  83000/100000  rel-MSE 1.702e-02  [11450s]
   train[K16R256] step  84000/100000  rel-MSE 1.702e-02  [11587s]
   train[K16R256] step  85000/100000  rel-MSE 1.701e-02  [11725s]
   train[K16R256] step  86000/100000  rel-MSE 1.696e-02  [11863s]
   train[K16R256] step  87000/100000  rel-MSE 1.683e-02  [12001s]
   train[K16R256] step  88000/100000  rel-MSE 1.668e-02  [12139s]
   train[K16R256] step  89000/100000  rel-MSE 1.670e-02  [12276s]
   train[K16R256] step  90000/100000  rel-MSE 1.672e-02  [12414s]
   train[K16R256] step  91000/100000  rel-MSE 1.668e-02  [12552s]
   train[K16R256] step  92000/100000  rel-MSE 1.668e-02  [12689s]
   train[K16R256] step  93000/100000  rel-MSE 1.674e-02  [12827s]
   train[K16R256] step  94000/100000  rel-MSE 1.668e-02  [12965s]
   train[K16R256] step  95000/100000  rel-MSE 1.673e-02  [13103s]
   train[K16R256] step  96000/100000  rel-MSE 1.672e-02  [13241s]
   train[K16R256] step  97000/100000  rel-MSE 1.686e-02  [13378s]
   train[K16R256] step  98000/100000  rel-MSE 1.688e-02  [13516s]
   train[K16R256] step  99000/100000  rel-MSE 1.659e-02  [13654s]
   train[K16R256] step 100000/100000  rel-MSE 1.662e-02  [13792s]
   train[K16R256] done: recon rel-L2 mean 1.247e-01 max 4.148e-01  [13799s]
GATE H-TRAIN: PASS recon_mean=1.247e-01 recon_median=1.239e-01 recon_max=4.148e-01 seconds=1.380e+04
GATE B-ORTH_N256: PASS rank=256 cond_Rb=6.978e+01 mean_abs_colmean=8.082e-17
GATE B-FLOOR_N256: PASS bank_worst_evolved=1.384e-01 podR_worst_evolved=1.157e-01 ratio=1.196e+00 bank_median=3.751e-02 podR_median=3.128e-02 podK_worst_evolved=6.653e-01 podK_median=3.316e-01
GATE H-ORACLE_N256: FAIL oracle_median=1.666e-01 podK_median=2.425e-01 ratio_podK_over_oracle=1.456e+00 passes_at_1p5=False bank_floor_median=1.122e-02 oracle_worst=4.416e-01
GATE H-SOLVED_N256: PASS single_start_median=1.859e-01 oracle_median=1.666e-01
PHASE2 done in 20237s; all_passed=False; failed=['H-ORACLE_N256']
ALL-DONE
