host=pax105 job_id=4314121
NVIDIA A100 80GB PCIe, GPU-c52a7f04-fc38-6157-cf19-5c7ff0945752, 81920 MiB, 575.57.08
10.235.106.34:/projects/paralab  4.6T  4.2T  370G  93% /cluster/tufts/paralab
jax_backend=gpu
torch_cuda True NVIDIA A100 80GB PCIe
DATA DONE {"train": {"cases": 576, "median_seconds": 0.08875965652987361, "host_bytes": 1826122752}, "validation": {"cases": 32, "median_seconds": 0.08215427142567933, "host_bytes": 101451264}, "mesh": 256, "n_train": 576, "seconds": 61.91946821613237, "solver": "iterative_paths.make_fom(L, dt, \"fft\") = fft_tight at the target mesh", "storage": "host memory only"}
torch_backend=cuda NVIDIA A100 80GB PCIe
{"epoch": 0, "train_mean_squared_relative_error": 0.09309730201217731, "wall_seconds": 12.649359920993447, "best_so_far": 0.2303252551966054}
{"epoch": 1, "train_mean_squared_relative_error": 0.01942349513549053, "wall_seconds": 24.439944535959512, "best_so_far": 0.13479004023947508}
{"epoch": 2, "train_mean_squared_relative_error": 0.011720179752676781, "wall_seconds": 36.616859508212656, "best_so_far": 0.12094345731896447}
{"epoch": 3, "train_mean_squared_relative_error": 0.007812075671835803, "wall_seconds": 48.99750273115933, "best_so_far": 0.08489525586231414}
{"epoch": 4, "train_mean_squared_relative_error": 0.007319499753528085, "wall_seconds": 61.49458080297336, "best_so_far": 0.08489525586231414}
{"epoch": 5, "train_mean_squared_relative_error": 0.005549041390144228, "wall_seconds": 73.64046075940132, "best_so_far": 0.08489525586231414}
{"epoch": 6, "train_mean_squared_relative_error": 0.005251278671955339, "wall_seconds": 85.80513553740457, "best_so_far": 0.08489525586231414}
{"epoch": 7, "train_mean_squared_relative_error": 0.0050191187402725025, "wall_seconds": 98.04152676602826, "best_so_far": 0.06798758934445731}
{"epoch": 8, "train_mean_squared_relative_error": 0.0037824764298707483, "wall_seconds": 110.6865605530329, "best_so_far": 0.06798758934445731}
{"epoch": 9, "train_mean_squared_relative_error": 0.004526281084811908, "wall_seconds": 122.94005647208542, "best_so_far": 0.06798758934445731}
{"epoch": 10, "train_mean_squared_relative_error": 0.005151307887388054, "wall_seconds": 135.19487892929465, "best_so_far": 0.061837076844964256}
{"epoch": 11, "train_mean_squared_relative_error": 0.003552362028043786, "wall_seconds": 147.9081538603641, "best_so_far": 0.061837076844964256}
{"epoch": 12, "train_mean_squared_relative_error": 0.003666477886690039, "wall_seconds": 160.2968095750548, "best_so_far": 0.061837076844964256}
{"epoch": 13, "train_mean_squared_relative_error": 0.003975928204146181, "wall_seconds": 172.5535041531548, "best_so_far": 0.061837076844964256}
{"epoch": 14, "train_mean_squared_relative_error": 0.002531115356278998, "wall_seconds": 184.87011061701924, "best_so_far": 0.061837076844964256}
{"epoch": 15, "train_mean_squared_relative_error": 0.003912638311873258, "wall_seconds": 197.1821740833111, "best_so_far": 0.061837076844964256}
{"epoch": 16, "train_mean_squared_relative_error": 0.00200204610434037, "wall_seconds": 209.4741226104088, "best_so_far": 0.047702875195310815}
{"epoch": 17, "train_mean_squared_relative_error": 0.0015950202106884458, "wall_seconds": 222.27635686006397, "best_so_far": 0.047702875195310815}
{"epoch": 18, "train_mean_squared_relative_error": 0.0015415109466799806, "wall_seconds": 234.59708033129573, "best_so_far": 0.04172482788672098}
{"epoch": 19, "train_mean_squared_relative_error": 0.0014344343405000605, "wall_seconds": 247.32565552927554, "best_so_far": 0.04172482788672098}
{"epoch": 20, "train_mean_squared_relative_error": 0.0013154771798156038, "wall_seconds": 259.5734582403675, "best_so_far": 0.04172482788672098}
{"epoch": 21, "train_mean_squared_relative_error": 0.0012660292717365748, "wall_seconds": 271.8518517874181, "best_so_far": 0.04172482788672098}
{"epoch": 22, "train_mean_squared_relative_error": 0.0012463576883316727, "wall_seconds": 284.18356665829197, "best_so_far": 0.04172482788672098}
{"epoch": 23, "train_mean_squared_relative_error": 0.0012006416269050775, "wall_seconds": 296.54673510603607, "best_so_far": 0.04172482788672098}
{"epoch": 24, "train_mean_squared_relative_error": 0.0009423659594025992, "wall_seconds": 308.87486037798226, "best_so_far": 0.034698703106871856}
{"epoch": 25, "train_mean_squared_relative_error": 0.0008299899679441941, "wall_seconds": 321.6556042600423, "best_so_far": 0.034698703106871856}
{"epoch": 26, "train_mean_squared_relative_error": 0.0008579787112593497, "wall_seconds": 333.9615644123405, "best_so_far": 0.03337559524171897}
{"epoch": 27, "train_mean_squared_relative_error": 0.000758509023336774, "wall_seconds": 346.75078329397365, "best_so_far": 0.03337559524171897}
{"epoch": 28, "train_mean_squared_relative_error": 0.0007638168337375721, "wall_seconds": 359.06608470203355, "best_so_far": 0.03337559524171897}
{"epoch": 29, "train_mean_squared_relative_error": 0.0007849468385024744, "wall_seconds": 371.38403754122555, "best_so_far": 0.03337559524171897}
{"epoch": 30, "train_mean_squared_relative_error": 0.0007541875139954728, "wall_seconds": 383.8232309264131, "best_so_far": 0.03221579518030217}
{"epoch": 31, "train_mean_squared_relative_error": 0.0006832061486010901, "wall_seconds": 396.54321930510923, "best_so_far": 0.03096356248560739}
{"epoch": 32, "train_mean_squared_relative_error": 0.0006752745974106641, "wall_seconds": 409.31550276931375, "best_so_far": 0.03096356248560739}
{"epoch": 33, "train_mean_squared_relative_error": 0.0006906192401959768, "wall_seconds": 421.65539061417803, "best_so_far": 0.03096356248560739}
{"epoch": 34, "train_mean_squared_relative_error": 0.0006530513497973615, "wall_seconds": 433.9489867989905, "best_so_far": 0.03024449207308246}
{"epoch": 35, "train_mean_squared_relative_error": 0.0006381501846098091, "wall_seconds": 446.7548067900352, "best_so_far": 0.03024449207308246}
{"epoch": 36, "train_mean_squared_relative_error": 0.0006980822261478343, "wall_seconds": 459.04528794717044, "best_so_far": 0.03024449207308246}
{"epoch": 37, "train_mean_squared_relative_error": 0.000575968745452464, "wall_seconds": 471.3476811130531, "best_so_far": 0.03024449207308246}
{"epoch": 38, "train_mean_squared_relative_error": 0.0005741181780693685, "wall_seconds": 483.6384134143591, "best_so_far": 0.03024449207308246}
{"epoch": 39, "train_mean_squared_relative_error": 0.0005882910818725345, "wall_seconds": 495.9795472873375, "best_so_far": 0.03024449207308246}
{"epoch": 40, "train_mean_squared_relative_error": 0.0005056009474484733, "wall_seconds": 508.4329768763855, "best_so_far": 0.028101828261177606}
{"epoch": 41, "train_mean_squared_relative_error": 0.0004506338605667518, "wall_seconds": 521.3692916622385, "best_so_far": 0.028101828261177606}
{"epoch": 42, "train_mean_squared_relative_error": 0.0004361362713321468, "wall_seconds": 533.644734104164, "best_so_far": 0.027187382905857645}
{"epoch": 43, "train_mean_squared_relative_error": 0.00044674696223442716, "wall_seconds": 546.534872258082, "best_so_far": 0.0261187864646589}
{"epoch": 44, "train_mean_squared_relative_error": 0.0004144181057566583, "wall_seconds": 559.3148592100479, "best_so_far": 0.0261187864646589}
{"epoch": 45, "train_mean_squared_relative_error": 0.0004365092899933847, "wall_seconds": 571.642156759277, "best_so_far": 0.025366552485939095}
{"epoch": 46, "train_mean_squared_relative_error": 0.00043962344166925574, "wall_seconds": 584.4036815930158, "best_so_far": 0.025366552485939095}
{"epoch": 47, "train_mean_squared_relative_error": 0.0004428413050735204, "wall_seconds": 596.7565658553503, "best_so_far": 0.025366552485939095}
{"epoch": 48, "train_mean_squared_relative_error": 0.00039071167529557247, "wall_seconds": 609.1587287941948, "best_so_far": 0.024890819823360524}
{"epoch": 49, "train_mean_squared_relative_error": 0.0003979606030162809, "wall_seconds": 622.5840614531189, "best_so_far": 0.024823860452305446}
{"epoch": 50, "train_mean_squared_relative_error": 0.0004500330662586959, "wall_seconds": 635.3143594190478, "best_so_far": 0.024823860452305446}
{"epoch": 51, "train_mean_squared_relative_error": 0.00046493612251903696, "wall_seconds": 647.636787392199, "best_so_far": 0.024823860452305446}
{"epoch": 52, "train_mean_squared_relative_error": 0.00040822030463827906, "wall_seconds": 659.9298269823194, "best_so_far": 0.024823860452305446}
{"epoch": 53, "train_mean_squared_relative_error": 0.00038290598664496116, "wall_seconds": 672.3187881233171, "best_so_far": 0.024442305137977835}
{"epoch": 54, "train_mean_squared_relative_error": 0.000374530953900829, "wall_seconds": 685.1478159851395, "best_so_far": 0.024442305137977835}
{"epoch": 55, "train_mean_squared_relative_error": 0.00039515517296887675, "wall_seconds": 697.4762557013892, "best_so_far": 0.024442305137977835}
{"epoch": 56, "train_mean_squared_relative_error": 0.0003899164282313314, "wall_seconds": 709.7554149571806, "best_so_far": 0.023837523973541774}
{"epoch": 57, "train_mean_squared_relative_error": 0.0003580416018408937, "wall_seconds": 722.5497019411996, "best_so_far": 0.023837523973541774}
{"epoch": 58, "train_mean_squared_relative_error": 0.000434716174003374, "wall_seconds": 734.8747235471383, "best_so_far": 0.023837523973541774}
{"epoch": 59, "train_mean_squared_relative_error": 0.0004472279240880239, "wall_seconds": 747.2031267802231, "best_so_far": 0.023837523973541774}
{"epoch": 60, "train_mean_squared_relative_error": 0.00037766482910761134, "wall_seconds": 759.5745222959667, "best_so_far": 0.023837523973541774}
{"epoch": 61, "train_mean_squared_relative_error": 0.0003731551810708539, "wall_seconds": 772.0161173413508, "best_so_far": 0.023294751431662604}
{"epoch": 62, "train_mean_squared_relative_error": 0.00039512104151662137, "wall_seconds": 784.8244986762293, "best_so_far": 0.023294751431662604}
{"epoch": 63, "train_mean_squared_relative_error": 0.00034254804542783036, "wall_seconds": 797.2311661993153, "best_so_far": 0.022421754988160764}
{"epoch": 64, "train_mean_squared_relative_error": 0.0003642119590729259, "wall_seconds": 809.9793750890531, "best_so_far": 0.022421754988160764}
{"epoch": 65, "train_mean_squared_relative_error": 0.0003246949585299306, "wall_seconds": 822.3639887403697, "best_so_far": 0.022421754988160764}
{"epoch": 66, "train_mean_squared_relative_error": 0.0003236727355978476, "wall_seconds": 834.7128358040936, "best_so_far": 0.021192808869426004}
{"epoch": 67, "train_mean_squared_relative_error": 0.0003258301698930308, "wall_seconds": 847.5211206702515, "best_so_far": 0.021192808869426004}
{"epoch": 68, "train_mean_squared_relative_error": 0.00031374795170350964, "wall_seconds": 859.8565298700705, "best_so_far": 0.021192808869426004}
{"epoch": 69, "train_mean_squared_relative_error": 0.00032692447566265545, "wall_seconds": 872.2011496643536, "best_so_far": 0.021192808869426004}
{"epoch": 70, "train_mean_squared_relative_error": 0.0003069304924298234, "wall_seconds": 884.5475108483806, "best_so_far": 0.021192808869426004}
{"epoch": 71, "train_mean_squared_relative_error": 0.00033229112515148067, "wall_seconds": 896.8934886241332, "best_so_far": 0.021192808869426004}
{"epoch": 72, "train_mean_squared_relative_error": 0.0002543322172105626, "wall_seconds": 909.2530336650088, "best_so_far": 0.021192808869426004}
{"epoch": 73, "train_mean_squared_relative_error": 0.00024746596065996297, "wall_seconds": 921.5342850983143, "best_so_far": 0.020660616192850784}
{"epoch": 74, "train_mean_squared_relative_error": 0.00024315652674314613, "wall_seconds": 934.399987929035, "best_so_far": 0.020370723053416657}
{"epoch": 75, "train_mean_squared_relative_error": 0.00023862277156068814, "wall_seconds": 947.2464279513806, "best_so_far": 0.020370723053416657}
{"epoch": 76, "train_mean_squared_relative_error": 0.000241009042426755, "wall_seconds": 959.5554251652211, "best_so_far": 0.020333039022116733}
{"epoch": 77, "train_mean_squared_relative_error": 0.00023546499474249303, "wall_seconds": 972.4148337370716, "best_so_far": 0.02012079663669164}
{"epoch": 78, "train_mean_squared_relative_error": 0.00024347431759600885, "wall_seconds": 985.285306155216, "best_so_far": 0.02012079663669164}
{"epoch": 79, "train_mean_squared_relative_error": 0.0002320561239345328, "wall_seconds": 997.614352863282, "best_so_far": 0.019809815305755284}
{"epoch": 80, "train_mean_squared_relative_error": 0.00022649270274170046, "wall_seconds": 1010.3710802393034, "best_so_far": 0.019438354404319416}
{"epoch": 81, "train_mean_squared_relative_error": 0.0002476334233319921, "wall_seconds": 1023.1357983513735, "best_so_far": 0.019438354404319416}
{"epoch": 82, "train_mean_squared_relative_error": 0.00023066582425108838, "wall_seconds": 1035.462653405033, "best_so_far": 0.019438354404319416}
{"epoch": 83, "train_mean_squared_relative_error": 0.0002476017158183344, "wall_seconds": 1047.8704979782924, "best_so_far": 0.019438354404319416}
{"epoch": 84, "train_mean_squared_relative_error": 0.00024122459786505703, "wall_seconds": 1060.1748969829641, "best_so_far": 0.019438354404319416}
{"epoch": 85, "train_mean_squared_relative_error": 0.0002494798929140593, "wall_seconds": 1072.530083287973, "best_so_far": 0.019438354404319416}
{"epoch": 86, "train_mean_squared_relative_error": 0.00022684608649609469, "wall_seconds": 1084.811043692287, "best_so_far": 0.019146099908236153}
{"epoch": 87, "train_mean_squared_relative_error": 0.0002002458402892346, "wall_seconds": 1097.5451405839995, "best_so_far": 0.019146099908236153}
{"epoch": 88, "train_mean_squared_relative_error": 0.00020428276838847675, "wall_seconds": 1109.8617117600515, "best_so_far": 0.019146099908236153}
{"epoch": 89, "train_mean_squared_relative_error": 0.00019756396143602497, "wall_seconds": 1122.1643270789646, "best_so_far": 0.019146099908236153}
{"epoch": 90, "train_mean_squared_relative_error": 0.00019969563896862555, "wall_seconds": 1134.4819678929634, "best_so_far": 0.0189740563611087}
{"epoch": 91, "train_mean_squared_relative_error": 0.0001960100780942216, "wall_seconds": 1147.265389405191, "best_so_far": 0.0189740563611087}
{"epoch": 92, "train_mean_squared_relative_error": 0.00019256695390360208, "wall_seconds": 1159.577753917314, "best_so_far": 0.018789660580522508}
{"epoch": 93, "train_mean_squared_relative_error": 0.0001917437260451493, "wall_seconds": 1172.4040425452404, "best_so_far": 0.01870512376471925}
{"epoch": 94, "train_mean_squared_relative_error": 0.00019028541221954, "wall_seconds": 1185.1466058641672, "best_so_far": 0.01870512376471925}
{"epoch": 95, "train_mean_squared_relative_error": 0.00019333633295595866, "wall_seconds": 1197.486386812292, "best_so_far": 0.01870512376471925}
{"epoch": 96, "train_mean_squared_relative_error": 0.00019227035487328736, "wall_seconds": 1209.9017594670877, "best_so_far": 0.018540584699144207}
{"epoch": 97, "train_mean_squared_relative_error": 0.00019526079268655807, "wall_seconds": 1222.7074674610049, "best_so_far": 0.018540584699144207}
{"epoch": 98, "train_mean_squared_relative_error": 0.0001896672970717779, "wall_seconds": 1235.0854824730195, "best_so_far": 0.018498781235012994}
{"epoch": 99, "train_mean_squared_relative_error": 0.0001930804405173706, "wall_seconds": 1247.8783034831285, "best_so_far": 0.018498781235012994}
{"epoch": 100, "train_mean_squared_relative_error": 0.00019488438958094003, "wall_seconds": 1260.14110819716, "best_so_far": 0.01846776009406907}
{"epoch": 101, "train_mean_squared_relative_error": 0.00019177195726504526, "wall_seconds": 1272.9874147940427, "best_so_far": 0.01844265433264407}
{"epoch": 102, "train_mean_squared_relative_error": 0.00018771169543876156, "wall_seconds": 1285.7782529261895, "best_so_far": 0.01844265433264407}
{"epoch": 103, "train_mean_squared_relative_error": 0.00018690410501966367, "wall_seconds": 1298.0952762369998, "best_so_far": 0.01844265433264407}
{"epoch": 104, "train_mean_squared_relative_error": 0.00019125716067883213, "wall_seconds": 1310.4002774399705, "best_so_far": 0.01844265433264407}
{"epoch": 105, "train_mean_squared_relative_error": 0.00021006005048723037, "wall_seconds": 1322.6966085373424, "best_so_far": 0.018215137892523773}
{"epoch": 106, "train_mean_squared_relative_error": 0.00018733634238662662, "wall_seconds": 1335.5374155733734, "best_so_far": 0.018215137892523773}
{"epoch": 107, "train_mean_squared_relative_error": 0.00017870353527805642, "wall_seconds": 1347.8521418073215, "best_so_far": 0.018023621632670926}
{"epoch": 108, "train_mean_squared_relative_error": 0.00018081074257523914, "wall_seconds": 1360.629630676005, "best_so_far": 0.018023621632670926}
{"epoch": 109, "train_mean_squared_relative_error": 0.00018971064038185827, "wall_seconds": 1372.9504524869844, "best_so_far": 0.018023621632670926}
{"epoch": 110, "train_mean_squared_relative_error": 0.00018311677151595641, "wall_seconds": 1385.2688058763742, "best_so_far": 0.017530292979950696}
{"epoch": 111, "train_mean_squared_relative_error": 0.00017582306365780516, "wall_seconds": 1398.0749910892919, "best_so_far": 0.017530292979950696}
{"epoch": 112, "train_mean_squared_relative_error": 0.00017529538499298683, "wall_seconds": 1410.457033591345, "best_so_far": 0.01744591854738233}
{"epoch": 113, "train_mean_squared_relative_error": 0.00017603437112325332, "wall_seconds": 1423.2465086220764, "best_so_far": 0.01744591854738233}
{"epoch": 114, "train_mean_squared_relative_error": 0.00017683536842391694, "wall_seconds": 1435.5763061670586, "best_so_far": 0.01744591854738233}
{"epoch": 115, "train_mean_squared_relative_error": 0.00017813981127746633, "wall_seconds": 1447.902330707293, "best_so_far": 0.01744591854738233}
{"epoch": 116, "train_mean_squared_relative_error": 0.0001753823786631097, "wall_seconds": 1460.1944364192896, "best_so_far": 0.01744591854738233}
{"epoch": 117, "train_mean_squared_relative_error": 0.00017916459608911686, "wall_seconds": 1472.5127454432659, "best_so_far": 0.01744591854738233}
{"epoch": 118, "train_mean_squared_relative_error": 0.00016321079403955072, "wall_seconds": 1484.9400401082821, "best_so_far": 0.017125587001237518}
{"epoch": 119, "train_mean_squared_relative_error": 0.00015951610908645478, "wall_seconds": 1497.7257588081993, "best_so_far": 0.017125587001237518}
{"epoch": 120, "train_mean_squared_relative_error": 0.00015886300218990798, "wall_seconds": 1510.0666096271016, "best_so_far": 0.01704374516025691}
{"epoch": 121, "train_mean_squared_relative_error": 0.00015911838754063934, "wall_seconds": 1522.8406894369982, "best_so_far": 0.017015231117793118}
{"epoch": 122, "train_mean_squared_relative_error": 0.00015844934271378805, "wall_seconds": 1535.8427837123163, "best_so_far": 0.017015231117793118}
{"epoch": 123, "train_mean_squared_relative_error": 0.00015735771122179931, "wall_seconds": 1548.2445948920213, "best_so_far": 0.017015231117793118}
{"epoch": 124, "train_mean_squared_relative_error": 0.0001556360123464751, "wall_seconds": 1560.6344805862755, "best_so_far": 0.017015231117793118}
{"epoch": 125, "train_mean_squared_relative_error": 0.0001563785529820307, "wall_seconds": 1572.9696041033603, "best_so_far": 0.016791914634069326}
{"epoch": 126, "train_mean_squared_relative_error": 0.00015653393657087797, "wall_seconds": 1585.8679630192928, "best_so_far": 0.016791914634069326}
{"epoch": 127, "train_mean_squared_relative_error": 0.00015673285378584324, "wall_seconds": 1598.131423395127, "best_so_far": 0.016791914634069326}
{"epoch": 128, "train_mean_squared_relative_error": 0.00015278404185513724, "wall_seconds": 1610.4807283780538, "best_so_far": 0.016791914634069326}
{"epoch": 129, "train_mean_squared_relative_error": 0.00015268640123710503, "wall_seconds": 1622.7804403649643, "best_so_far": 0.016791914634069326}
{"epoch": 130, "train_mean_squared_relative_error": 0.00015331675536566067, "wall_seconds": 1635.1060866792686, "best_so_far": 0.016791914634069326}
{"epoch": 131, "train_mean_squared_relative_error": 0.00014795289470614386, "wall_seconds": 1647.5216438793577, "best_so_far": 0.016786345109652493}
{"epoch": 132, "train_mean_squared_relative_error": 0.00014868504605861137, "wall_seconds": 1660.3136983532459, "best_so_far": 0.016786345109652493}
{"epoch": 133, "train_mean_squared_relative_error": 0.00014803134552519935, "wall_seconds": 1672.6467363801785, "best_so_far": 0.016747672549496037}
{"epoch": 134, "train_mean_squared_relative_error": 0.00014874275114338335, "wall_seconds": 1685.4209317383356, "best_so_far": 0.01663623375563903}
{"epoch": 135, "train_mean_squared_relative_error": 0.0001483471100727172, "wall_seconds": 1698.197780023329, "best_so_far": 0.01663623375563903}
{"epoch": 136, "train_mean_squared_relative_error": 0.0001463391618466369, "wall_seconds": 1710.4826463963836, "best_so_far": 0.016617196566605378}
{"epoch": 137, "train_mean_squared_relative_error": 0.00014684461151571, "wall_seconds": 1723.2173457429744, "best_so_far": 0.016535793645845988}
{"epoch": 138, "train_mean_squared_relative_error": 0.00014581053308857514, "wall_seconds": 1735.9396311673336, "best_so_far": 0.016535793645845988}
{"epoch": 139, "train_mean_squared_relative_error": 0.00014774955538117795, "wall_seconds": 1748.2586458399892, "best_so_far": 0.016535793645845988}
{"epoch": 140, "train_mean_squared_relative_error": 0.00014620975177190835, "wall_seconds": 1760.6288353083655, "best_so_far": 0.01643977737210729}
{"epoch": 141, "train_mean_squared_relative_error": 0.0001449557973084278, "wall_seconds": 1773.5549677251838, "best_so_far": 0.01643977737210729}
{"epoch": 142, "train_mean_squared_relative_error": 0.00014650414430261195, "wall_seconds": 1785.8635515230708, "best_so_far": 0.016311073334554678}
{"epoch": 143, "train_mean_squared_relative_error": 0.0001445641259626429, "wall_seconds": 1798.6156634399667, "best_so_far": 0.016311073334554678}
{"epoch": 144, "train_mean_squared_relative_error": 0.00014399596295331863, "wall_seconds": 1810.979887205176, "best_so_far": 0.016311073334554678}
{"epoch": 145, "train_mean_squared_relative_error": 0.00014454859219349946, "wall_seconds": 1823.4633356863633, "best_so_far": 0.016311073334554678}
{"epoch": 146, "train_mean_squared_relative_error": 0.0001435748140156973, "wall_seconds": 1835.8078083642758, "best_so_far": 0.016311073334554678}
{"epoch": 147, "train_mean_squared_relative_error": 0.00014406101804954506, "wall_seconds": 1848.0907480763271, "best_so_far": 0.016311073334554678}
{"epoch": 148, "train_mean_squared_relative_error": 0.00014340377030888993, "wall_seconds": 1860.4416125779971, "best_so_far": 0.016311073334554678}
{"epoch": 149, "train_mean_squared_relative_error": 0.00014286082777377276, "wall_seconds": 1872.7773654740304, "best_so_far": 0.016311073334554678}
{"epoch": 150, "train_mean_squared_relative_error": 0.0001423606434142119, "wall_seconds": 1885.1435618991964, "best_so_far": 0.016311073334554678}
{"epoch": 151, "train_mean_squared_relative_error": 0.00014314771769228564, "wall_seconds": 1897.469555576332, "best_so_far": 0.016137905021423683}
{"epoch": 152, "train_mean_squared_relative_error": 0.0001414602571435039, "wall_seconds": 1910.3066379791126, "best_so_far": 0.016137905021423683}
{"epoch": 153, "train_mean_squared_relative_error": 0.00014211310893330826, "wall_seconds": 1922.633220658172, "best_so_far": 0.016137905021423683}
{"epoch": 154, "train_mean_squared_relative_error": 0.00014212204419843338, "wall_seconds": 1934.9570382442325, "best_so_far": 0.016137905021423683}
{"epoch": 155, "train_mean_squared_relative_error": 0.00014225563612025235, "wall_seconds": 1947.330710071139, "best_so_far": 0.016137905021423683}
{"epoch": 156, "train_mean_squared_relative_error": 0.00013964651920226058, "wall_seconds": 1959.692977071274, "best_so_far": 0.01586037933954751}
{"epoch": 157, "train_mean_squared_relative_error": 0.0001412774255609606, "wall_seconds": 1972.4404273633845, "best_so_far": 0.01586037933954751}
{"epoch": 158, "train_mean_squared_relative_error": 0.00014026274810166207, "wall_seconds": 1984.8135864553042, "best_so_far": 0.01586037933954751}
{"epoch": 159, "train_mean_squared_relative_error": 0.0001390851656016248, "wall_seconds": 1997.1357077150606, "best_so_far": 0.01586037933954751}
{"epoch": 160, "train_mean_squared_relative_error": 0.0001392238872699725, "wall_seconds": 2009.402071916964, "best_so_far": 0.01586037933954751}
{"epoch": 161, "train_mean_squared_relative_error": 0.00013916076059199164, "wall_seconds": 2021.7663813871332, "best_so_far": 0.015850794648904886}
{"epoch": 162, "train_mean_squared_relative_error": 0.00013788378563014625, "wall_seconds": 2034.5203274930827, "best_so_far": 0.015850794648904886}
{"epoch": 163, "train_mean_squared_relative_error": 0.00013868568069326157, "wall_seconds": 2046.83812386496, "best_so_far": 0.015850794648904886}
{"epoch": 164, "train_mean_squared_relative_error": 0.00013904659611026552, "wall_seconds": 2059.156840361189, "best_so_far": 0.015850794648904886}
{"epoch": 165, "train_mean_squared_relative_error": 0.00014095233628315797, "wall_seconds": 2071.5278285741806, "best_so_far": 0.015577312302299641}
{"epoch": 166, "train_mean_squared_relative_error": 0.00013792160323406385, "wall_seconds": 2084.3060975521803, "best_so_far": 0.01553520768264691}
{"epoch": 167, "train_mean_squared_relative_error": 0.00013809679709639335, "wall_seconds": 2097.0873281080276, "best_so_far": 0.01553520768264691}
{"epoch": 168, "train_mean_squared_relative_error": 0.00013630434836745377, "wall_seconds": 2109.4147264552303, "best_so_far": 0.01553520768264691}
{"epoch": 169, "train_mean_squared_relative_error": 0.0001356732580334422, "wall_seconds": 2121.745487384964, "best_so_far": 0.01553520768264691}
{"epoch": 170, "train_mean_squared_relative_error": 0.00013505470149111125, "wall_seconds": 2134.050263232086, "best_so_far": 0.01553520768264691}
{"epoch": 171, "train_mean_squared_relative_error": 0.000134188759854558, "wall_seconds": 2146.350763637107, "best_so_far": 0.01553520768264691}
{"epoch": 172, "train_mean_squared_relative_error": 0.00013589060551959817, "wall_seconds": 2158.7139142020606, "best_so_far": 0.01553520768264691}
{"epoch": 173, "train_mean_squared_relative_error": 0.0001359386140662662, "wall_seconds": 2171.1301990523934, "best_so_far": 0.01553520768264691}
{"epoch": 174, "train_mean_squared_relative_error": 0.00013481882010144252, "wall_seconds": 2183.445573923178, "best_so_far": 0.01553520768264691}
{"epoch": 175, "train_mean_squared_relative_error": 0.00013772635949881937, "wall_seconds": 2195.791771424003, "best_so_far": 0.01553520768264691}
{"epoch": 176, "train_mean_squared_relative_error": 0.00013224181812354174, "wall_seconds": 2208.1523200231604, "best_so_far": 0.01553520768264691}
{"epoch": 177, "train_mean_squared_relative_error": 0.00013373049465168721, "wall_seconds": 2220.471126495395, "best_so_far": 0.01553520768264691}
{"epoch": 178, "train_mean_squared_relative_error": 0.00013295785225065238, "wall_seconds": 2232.802462140098, "best_so_far": 0.01553520768264691}
{"epoch": 179, "train_mean_squared_relative_error": 0.00013380312116333126, "wall_seconds": 2245.234137627296, "best_so_far": 0.01553520768264691}
{"epoch": 180, "train_mean_squared_relative_error": 0.00013357768448318529, "wall_seconds": 2257.5706412461586, "best_so_far": 0.01553520768264691}
{"epoch": 181, "train_mean_squared_relative_error": 0.00013324187043076548, "wall_seconds": 2270.0433899112977, "best_so_far": 0.01553520768264691}
{"epoch": 182, "train_mean_squared_relative_error": 0.00012992207773532426, "wall_seconds": 2282.4249350894243, "best_so_far": 0.01553520768264691}
{"epoch": 183, "train_mean_squared_relative_error": 0.00013084969454655183, "wall_seconds": 2294.764812643174, "best_so_far": 0.01553520768264691}
{"epoch": 184, "train_mean_squared_relative_error": 0.00012976594469467598, "wall_seconds": 2307.261092883069, "best_so_far": 0.01553520768264691}
{"epoch": 185, "train_mean_squared_relative_error": 0.00012973684746032664, "wall_seconds": 2319.634875399992, "best_so_far": 0.01553520768264691}
{"epoch": 186, "train_mean_squared_relative_error": 0.00012933634976543322, "wall_seconds": 2332.075283853337, "best_so_far": 0.01553520768264691}
{"epoch": 187, "train_mean_squared_relative_error": 0.00012827142726014817, "wall_seconds": 2344.363566747401, "best_so_far": 0.015105384838911287}
{"epoch": 188, "train_mean_squared_relative_error": 0.00013035146644796463, "wall_seconds": 2357.2755287420005, "best_so_far": 0.015105384838911287}
{"epoch": 189, "train_mean_squared_relative_error": 0.0001289754587116933, "wall_seconds": 2369.6460761581548, "best_so_far": 0.015105384838911287}
{"epoch": 190, "train_mean_squared_relative_error": 0.00012997703342258299, "wall_seconds": 2381.976079495158, "best_so_far": 0.015105384838911287}
{"epoch": 191, "train_mean_squared_relative_error": 0.00012897387047460613, "wall_seconds": 2394.3123124470003, "best_so_far": 0.015105384838911287}
{"epoch": 192, "train_mean_squared_relative_error": 0.0001281627427764659, "wall_seconds": 2406.790486593265, "best_so_far": 0.015105384838911287}
{"epoch": 193, "train_mean_squared_relative_error": 0.0001279544221465837, "wall_seconds": 2419.1797401690856, "best_so_far": 0.015105384838911287}
{"epoch": 194, "train_mean_squared_relative_error": 0.000131508861004546, "wall_seconds": 2431.5758473849855, "best_so_far": 0.015105384838911287}
{"epoch": 195, "train_mean_squared_relative_error": 0.00012732526232484408, "wall_seconds": 2443.9119689110667, "best_so_far": 0.015105384838911287}
{"epoch": 196, "train_mean_squared_relative_error": 0.00012703185085033398, "wall_seconds": 2456.2185533014126, "best_so_far": 0.015105384838911287}
{"epoch": 197, "train_mean_squared_relative_error": 0.00012589395548975413, "wall_seconds": 2468.6076161302626, "best_so_far": 0.015105384838911287}
{"epoch": 198, "train_mean_squared_relative_error": 0.00012548667435919033, "wall_seconds": 2480.922663445119, "best_so_far": 0.015105384838911287}
{"epoch": 199, "train_mean_squared_relative_error": 0.0001244619904106704, "wall_seconds": 2493.381164973136, "best_so_far": 0.015105384838911287}
{"epoch": 200, "train_mean_squared_relative_error": 0.0001251219166541437, "wall_seconds": 2505.732284053229, "best_so_far": 0.015105384838911287}
{"epoch": 201, "train_mean_squared_relative_error": 0.00012734776405926807, "wall_seconds": 2518.1431481372565, "best_so_far": 0.015105384838911287}
{"epoch": 202, "train_mean_squared_relative_error": 0.00012455250201581314, "wall_seconds": 2530.560039835982, "best_so_far": 0.015105384838911287}
{"epoch": 203, "train_mean_squared_relative_error": 0.00012527463021544643, "wall_seconds": 2543.0209968653508, "best_so_far": 0.015105384838911287}
{"epoch": 204, "train_mean_squared_relative_error": 0.0001257867142761467, "wall_seconds": 2555.3979219142348, "best_so_far": 0.01488190931959112}
{"epoch": 205, "train_mean_squared_relative_error": 0.00012444477261962505, "wall_seconds": 2568.3359207282774, "best_so_far": 0.01488190931959112}
{"epoch": 206, "train_mean_squared_relative_error": 0.0001266074664142072, "wall_seconds": 2580.6485596792772, "best_so_far": 0.01488190931959112}
{"epoch": 207, "train_mean_squared_relative_error": 0.0001235438368725071, "wall_seconds": 2593.060913162306, "best_so_far": 0.01488190931959112}
{"epoch": 208, "train_mean_squared_relative_error": 0.00012173393968493179, "wall_seconds": 2605.447203620337, "best_so_far": 0.014866160492813335}
{"epoch": 209, "train_mean_squared_relative_error": 0.0001224665364718347, "wall_seconds": 2618.2429867819883, "best_so_far": 0.014866160492813335}
{"epoch": 210, "train_mean_squared_relative_error": 0.0001224878005633818, "wall_seconds": 2630.582002683077, "best_so_far": 0.014718986610346332}
{"epoch": 211, "train_mean_squared_relative_error": 0.00012288388640439553, "wall_seconds": 2643.5266585722566, "best_so_far": 0.014718986610346332}
{"epoch": 212, "train_mean_squared_relative_error": 0.00012381398398270444, "wall_seconds": 2655.808187104296, "best_so_far": 0.014718986610346332}
{"epoch": 213, "train_mean_squared_relative_error": 0.0001220062966976269, "wall_seconds": 2668.166354724206, "best_so_far": 0.014718986610346332}
{"epoch": 214, "train_mean_squared_relative_error": 0.00012168982684299062, "wall_seconds": 2680.5693990443833, "best_so_far": 0.014718986610346332}
{"epoch": 215, "train_mean_squared_relative_error": 0.00012097528010643563, "wall_seconds": 2692.8761711781844, "best_so_far": 0.014718986610346332}
{"epoch": 216, "train_mean_squared_relative_error": 0.0001201443982173918, "wall_seconds": 2705.365441478323, "best_so_far": 0.014718986610346332}
{"epoch": 217, "train_mean_squared_relative_error": 0.00012304798399476242, "wall_seconds": 2717.712493658997, "best_so_far": 0.014718986610346332}
{"epoch": 218, "train_mean_squared_relative_error": 0.0001210161360380914, "wall_seconds": 2730.0983188673854, "best_so_far": 0.014652306316771675}
{"epoch": 219, "train_mean_squared_relative_error": 0.00011878409240241395, "wall_seconds": 2742.9473037710413, "best_so_far": 0.014652306316771675}
{"epoch": 220, "train_mean_squared_relative_error": 0.0001205822051387424, "wall_seconds": 2755.268829893321, "best_so_far": 0.014652306316771675}
{"epoch": 221, "train_mean_squared_relative_error": 0.00011781774401856437, "wall_seconds": 2767.5946152759716, "best_so_far": 0.014566360823096838}
{"epoch": 222, "train_mean_squared_relative_error": 0.00011828966481157687, "wall_seconds": 2780.4195836163126, "best_so_far": 0.014566360823096838}
{"epoch": 223, "train_mean_squared_relative_error": 0.00011867659264482707, "wall_seconds": 2792.8009060961194, "best_so_far": 0.014566360823096838}
{"epoch": 224, "train_mean_squared_relative_error": 0.00012005228851200607, "wall_seconds": 2805.1239725612104, "best_so_far": 0.014566360823096838}
{"epoch": 225, "train_mean_squared_relative_error": 0.00012079982684357618, "wall_seconds": 2817.4388849893585, "best_so_far": 0.014566360823096838}
{"epoch": 226, "train_mean_squared_relative_error": 0.000117740438781533, "wall_seconds": 2829.7837670659646, "best_so_far": 0.014566360823096838}
{"epoch": 227, "train_mean_squared_relative_error": 0.00012096116375120375, "wall_seconds": 2842.111481665168, "best_so_far": 0.014566360823096838}
{"epoch": 228, "train_mean_squared_relative_error": 0.00011845633615968613, "wall_seconds": 2854.558988153003, "best_so_far": 0.014566360823096838}
{"epoch": 229, "train_mean_squared_relative_error": 0.00011593469554329938, "wall_seconds": 2866.905316647142, "best_so_far": 0.014566360823096838}
{"epoch": 230, "train_mean_squared_relative_error": 0.00011715769805654763, "wall_seconds": 2879.315938443411, "best_so_far": 0.014566360823096838}
{"epoch": 231, "train_mean_squared_relative_error": 0.00011558054336376068, "wall_seconds": 2891.626537991222, "best_so_far": 0.014566360823096838}
{"epoch": 232, "train_mean_squared_relative_error": 0.00011764277415715652, "wall_seconds": 2903.9748744503595, "best_so_far": 0.014566360823096838}
{"epoch": 233, "train_mean_squared_relative_error": 0.00011478985744519455, "wall_seconds": 2916.4044812661596, "best_so_far": 0.014566360823096838}
{"epoch": 234, "train_mean_squared_relative_error": 0.00011648917856299013, "wall_seconds": 2928.7328699054196, "best_so_far": 0.014566360823096838}
{"epoch": 235, "train_mean_squared_relative_error": 0.00011629471333876911, "wall_seconds": 2941.0562724000774, "best_so_far": 0.014504871123211378}
{"epoch": 236, "train_mean_squared_relative_error": 0.00011597314864634161, "wall_seconds": 2953.8277980410494, "best_so_far": 0.014444426339015836}
{"epoch": 237, "train_mean_squared_relative_error": 0.0001157413735356771, "wall_seconds": 2966.5815423852764, "best_so_far": 0.014444426339015836}
{"epoch": 238, "train_mean_squared_relative_error": 0.00011530397109182905, "wall_seconds": 2978.917170263361, "best_so_far": 0.014444426339015836}
{"epoch": 239, "train_mean_squared_relative_error": 0.00011355082833487582, "wall_seconds": 2991.259881985374, "best_so_far": 0.014444426339015836}
{"epoch": 240, "train_mean_squared_relative_error": 0.00011353845240484234, "wall_seconds": 3003.7281263940968, "best_so_far": 0.014444426339015836}
{"epoch": 241, "train_mean_squared_relative_error": 0.00011578323183509599, "wall_seconds": 3016.048980055377, "best_so_far": 0.014444426339015836}
{"epoch": 242, "train_mean_squared_relative_error": 0.00011425868654127831, "wall_seconds": 3028.4578900882043, "best_so_far": 0.014444426339015836}
{"epoch": 243, "train_mean_squared_relative_error": 0.00011345441444392064, "wall_seconds": 3040.8362305522896, "best_so_far": 0.014444426339015836}
{"epoch": 244, "train_mean_squared_relative_error": 0.00011348691972018459, "wall_seconds": 3053.2208158629946, "best_so_far": 0.014444426339015836}
{"epoch": 245, "train_mean_squared_relative_error": 0.00011678769303908131, "wall_seconds": 3065.605050604325, "best_so_far": 0.014318819591118874}
{"epoch": 246, "train_mean_squared_relative_error": 0.00011230739472045906, "wall_seconds": 3078.4962496431544, "best_so_far": 0.014318819591118874}
{"epoch": 247, "train_mean_squared_relative_error": 0.000112014879987103, "wall_seconds": 3090.8484781542793, "best_so_far": 0.014318819591118874}
{"epoch": 248, "train_mean_squared_relative_error": 0.00011446515126669728, "wall_seconds": 3103.2196185663342, "best_so_far": 0.014284659442299948}
{"epoch": 249, "train_mean_squared_relative_error": 0.0001123217453800633, "wall_seconds": 3116.12057357328, "best_so_far": 0.014284659442299948}
{"epoch": 250, "train_mean_squared_relative_error": 0.00011241049174417685, "wall_seconds": 3128.4769402001984, "best_so_far": 0.014284659442299948}
{"epoch": 251, "train_mean_squared_relative_error": 0.00011170938535370112, "wall_seconds": 3140.8129962831736, "best_so_far": 0.014284659442299948}
{"epoch": 252, "train_mean_squared_relative_error": 0.00011125589085834558, "wall_seconds": 3153.13134040311, "best_so_far": 0.014284659442299948}
{"epoch": 253, "train_mean_squared_relative_error": 0.00011415506863704956, "wall_seconds": 3165.5249888300896, "best_so_far": 0.014284659442299948}
{"epoch": 254, "train_mean_squared_relative_error": 0.00011136927898725127, "wall_seconds": 3177.8261911133304, "best_so_far": 0.014265088824546638}
{"epoch": 255, "train_mean_squared_relative_error": 0.00010958858762627645, "wall_seconds": 3190.5561669203453, "best_so_far": 0.014265088824546638}
{"epoch": 256, "train_mean_squared_relative_error": 0.00010952960970576115, "wall_seconds": 3202.9062062092125, "best_so_far": 0.014265088824546638}
{"epoch": 257, "train_mean_squared_relative_error": 0.00011149028323149885, "wall_seconds": 3215.259492671117, "best_so_far": 0.014265088824546638}
{"epoch": 258, "train_mean_squared_relative_error": 0.00011105435870039363, "wall_seconds": 3227.6429154002108, "best_so_far": 0.014265088824546638}
{"epoch": 259, "train_mean_squared_relative_error": 0.0001091213708609008, "wall_seconds": 3240.132202859968, "best_so_far": 0.014233248492394933}
{"epoch": 260, "train_mean_squared_relative_error": 0.00010778416611249822, "wall_seconds": 3252.939727668185, "best_so_far": 0.014233248492394933}
{"epoch": 261, "train_mean_squared_relative_error": 0.00010698859916993666, "wall_seconds": 3265.236364472192, "best_so_far": 0.014233248492394933}
{"epoch": 262, "train_mean_squared_relative_error": 0.00010853719762375736, "wall_seconds": 3277.5905151641928, "best_so_far": 0.014233248492394933}
{"epoch": 263, "train_mean_squared_relative_error": 0.00011042593196129468, "wall_seconds": 3289.8886257321574, "best_so_far": 0.014163981054451371}
{"epoch": 264, "train_mean_squared_relative_error": 0.00010737988983352365, "wall_seconds": 3302.665175148286, "best_so_far": 0.014163981054451371}
{"epoch": 265, "train_mean_squared_relative_error": 0.00010964458938177972, "wall_seconds": 3314.9093284863047, "best_so_far": 0.014163981054451371}
{"epoch": 266, "train_mean_squared_relative_error": 0.0001073737356006191, "wall_seconds": 3327.358505588025, "best_so_far": 0.013985446244783772}
{"epoch": 267, "train_mean_squared_relative_error": 0.00010769747916247906, "wall_seconds": 3340.0765240984038, "best_so_far": 0.013985446244783772}
{"epoch": 268, "train_mean_squared_relative_error": 0.00010806814521523422, "wall_seconds": 3352.468881377019, "best_so_far": 0.013985446244783772}
{"epoch": 269, "train_mean_squared_relative_error": 0.00010611440498991002, "wall_seconds": 3364.7977592223324, "best_so_far": 0.013985446244783772}
{"epoch": 270, "train_mean_squared_relative_error": 0.00010599076606061069, "wall_seconds": 3377.1077662953176, "best_so_far": 0.013985446244783772}
{"epoch": 271, "train_mean_squared_relative_error": 0.0001068478376136627, "wall_seconds": 3389.4007290252484, "best_so_far": 0.013985446244783772}
{"epoch": 272, "train_mean_squared_relative_error": 0.00010628486164711051, "wall_seconds": 3401.7561468309723, "best_so_far": 0.013985446244783772}
{"epoch": 273, "train_mean_squared_relative_error": 0.00010551592775384461, "wall_seconds": 3414.1396226594225, "best_so_far": 0.013985446244783772}
{"epoch": 274, "train_mean_squared_relative_error": 0.00010628610714305335, "wall_seconds": 3426.5416046702303, "best_so_far": 0.013985446244783772}
{"epoch": 275, "train_mean_squared_relative_error": 0.00010689413341134176, "wall_seconds": 3438.8516901740804, "best_so_far": 0.013985446244783772}
{"epoch": 276, "train_mean_squared_relative_error": 0.00010540742206405809, "wall_seconds": 3451.1837239451706, "best_so_far": 0.013985446244783772}
{"epoch": 277, "train_mean_squared_relative_error": 0.00010556672038584142, "wall_seconds": 3463.6561700892635, "best_so_far": 0.013985446244783772}
{"epoch": 278, "train_mean_squared_relative_error": 0.00010442337316589047, "wall_seconds": 3476.049733356107, "best_so_far": 0.013985446244783772}
{"epoch": 279, "train_mean_squared_relative_error": 0.00010633251178316126, "wall_seconds": 3488.4604296633042, "best_so_far": 0.013985446244783772}
{"epoch": 280, "train_mean_squared_relative_error": 0.0001038424139543073, "wall_seconds": 3500.8989125113003, "best_so_far": 0.013985446244783772}
{"epoch": 281, "train_mean_squared_relative_error": 0.0001039734330512854, "wall_seconds": 3513.3154088240117, "best_so_far": 0.013784273567548029}
{"epoch": 282, "train_mean_squared_relative_error": 0.00010338288181254762, "wall_seconds": 3526.147308970336, "best_so_far": 0.013784273567548029}
{"epoch": 283, "train_mean_squared_relative_error": 0.00010335319913712735, "wall_seconds": 3538.5508830063045, "best_so_far": 0.013784273567548029}
{"epoch": 284, "train_mean_squared_relative_error": 0.00010507211054628927, "wall_seconds": 3550.916908825282, "best_so_far": 0.013784273567548029}
{"epoch": 285, "train_mean_squared_relative_error": 0.00010246166009056175, "wall_seconds": 3563.364940964151, "best_so_far": 0.013784273567548029}
{"epoch": 286, "train_mean_squared_relative_error": 0.00010383480477392537, "wall_seconds": 3575.7245910260826, "best_so_far": 0.013692161296021039}
{"epoch": 287, "train_mean_squared_relative_error": 0.00010659844872084859, "wall_seconds": 3588.636513957288, "best_so_far": 0.013692161296021039}
{"epoch": 288, "train_mean_squared_relative_error": 0.00010241530053523564, "wall_seconds": 3601.289552986156, "best_so_far": 0.013692161296021039}
{"epoch": 289, "train_mean_squared_relative_error": 0.00010289355296270155, "wall_seconds": 3613.6561936549842, "best_so_far": 0.013692161296021039}
{"epoch": 290, "train_mean_squared_relative_error": 0.00010424093955642072, "wall_seconds": 3625.98436391633, "best_so_far": 0.013692161296021039}
{"epoch": 291, "train_mean_squared_relative_error": 0.00010090541001998599, "wall_seconds": 3638.452275868971, "best_so_far": 0.013692161296021039}
{"epoch": 292, "train_mean_squared_relative_error": 0.00010639031465213124, "wall_seconds": 3650.8412855924107, "best_so_far": 0.013692161296021039}
{"epoch": 293, "train_mean_squared_relative_error": 0.00010426525024939658, "wall_seconds": 3663.1963352053426, "best_so_far": 0.013692161296021039}
{"epoch": 294, "train_mean_squared_relative_error": 0.00010089647660114842, "wall_seconds": 3675.8021627501585, "best_so_far": 0.013692161296021039}
{"epoch": 295, "train_mean_squared_relative_error": 9.980000605017506e-05, "wall_seconds": 3688.2459321683273, "best_so_far": 0.013692161296021039}
{"epoch": 296, "train_mean_squared_relative_error": 0.00010012924357070045, "wall_seconds": 3700.620597605128, "best_so_far": 0.013692161296021039}
{"epoch": 297, "train_mean_squared_relative_error": 0.0001009356311915709, "wall_seconds": 3713.032064027153, "best_so_far": 0.013692161296021039}
{"epoch": 298, "train_mean_squared_relative_error": 0.00010207650270137027, "wall_seconds": 3725.4558831392787, "best_so_far": 0.013421529713722652}
{"epoch": 299, "train_mean_squared_relative_error": 0.00010019885740459741, "wall_seconds": 3738.15669694636, "best_so_far": 0.013421529713722652}
{"epoch": 300, "train_mean_squared_relative_error": 9.935479929691384e-05, "wall_seconds": 3750.6062919613905, "best_so_far": 0.013421529713722652}
{"epoch": 301, "train_mean_squared_relative_error": 0.00010129982218475404, "wall_seconds": 3762.993061006069, "best_so_far": 0.013421529713722652}
{"epoch": 302, "train_mean_squared_relative_error": 9.884621647985209e-05, "wall_seconds": 3775.3876712033525, "best_so_far": 0.013421529713722652}
{"epoch": 303, "train_mean_squared_relative_error": 9.90726638579149e-05, "wall_seconds": 3787.7900701030158, "best_so_far": 0.013421529713722652}
{"epoch": 304, "train_mean_squared_relative_error": 9.920141640844442e-05, "wall_seconds": 3800.168642956298, "best_so_far": 0.013421529713722652}
{"epoch": 305, "train_mean_squared_relative_error": 9.863007295549124e-05, "wall_seconds": 3812.5948111363687, "best_so_far": 0.013421529713722652}
{"epoch": 306, "train_mean_squared_relative_error": 9.910868176055948e-05, "wall_seconds": 3825.0099044432864, "best_so_far": 0.013421529713722652}
{"epoch": 307, "train_mean_squared_relative_error": 9.93061735073487e-05, "wall_seconds": 3837.4248626329936, "best_so_far": 0.013421529713722652}
{"epoch": 308, "train_mean_squared_relative_error": 9.969155613606395e-05, "wall_seconds": 3849.861895513255, "best_so_far": 0.013421529713722652}
{"epoch": 309, "train_mean_squared_relative_error": 9.769705185647847e-05, "wall_seconds": 3862.220613756217, "best_so_far": 0.013421529713722652}
{"epoch": 310, "train_mean_squared_relative_error": 9.714965592274766e-05, "wall_seconds": 3874.6371223223396, "best_so_far": 0.013421529713722652}
{"epoch": 311, "train_mean_squared_relative_error": 9.931939904749882e-05, "wall_seconds": 3887.0618193154223, "best_so_far": 0.013421529713722652}
{"epoch": 312, "train_mean_squared_relative_error": 9.704499431589222e-05, "wall_seconds": 3899.3795110913925, "best_so_far": 0.013421529713722652}
{"epoch": 313, "train_mean_squared_relative_error": 9.702787808382735e-05, "wall_seconds": 3911.763413336128, "best_so_far": 0.013421529713722652}
{"epoch": 314, "train_mean_squared_relative_error": 9.793801496216319e-05, "wall_seconds": 3924.075809702277, "best_so_far": 0.013421529713722652}
{"epoch": 315, "train_mean_squared_relative_error": 9.687647965780971e-05, "wall_seconds": 3936.4400096233003, "best_so_far": 0.013334790720742722}
{"epoch": 316, "train_mean_squared_relative_error": 9.615282718270613e-05, "wall_seconds": 3949.324880870059, "best_so_far": 0.013334790720742722}
{"epoch": 317, "train_mean_squared_relative_error": 9.675821857140323e-05, "wall_seconds": 3961.7080520130694, "best_so_far": 0.013334790720742722}
{"epoch": 318, "train_mean_squared_relative_error": 9.81550231807594e-05, "wall_seconds": 3974.065525581129, "best_so_far": 0.013334790720742722}
{"epoch": 319, "train_mean_squared_relative_error": 9.664137307554212e-05, "wall_seconds": 3986.440812413115, "best_so_far": 0.013334790720742722}
{"epoch": 320, "train_mean_squared_relative_error": 9.863788329924081e-05, "wall_seconds": 3998.8964226623066, "best_so_far": 0.013334790720742722}
{"epoch": 321, "train_mean_squared_relative_error": 9.81790510627732e-05, "wall_seconds": 4011.271477638278, "best_so_far": 0.013334790720742722}
{"epoch": 322, "train_mean_squared_relative_error": 9.457169094393623e-05, "wall_seconds": 4023.603801273275, "best_so_far": 0.013334790720742722}
{"epoch": 323, "train_mean_squared_relative_error": 9.722886738717505e-05, "wall_seconds": 4036.018815217074, "best_so_far": 0.013334790720742722}
{"epoch": 324, "train_mean_squared_relative_error": 9.62293066406452e-05, "wall_seconds": 4048.4025335581973, "best_so_far": 0.013334790720742722}
{"epoch": 325, "train_mean_squared_relative_error": 9.626356649979123e-05, "wall_seconds": 4060.8570836950094, "best_so_far": 0.013334790720742722}
{"epoch": 326, "train_mean_squared_relative_error": 9.489123959818958e-05, "wall_seconds": 4073.238122110255, "best_so_far": 0.013148767421668886}
{"epoch": 327, "train_mean_squared_relative_error": 9.463294825410798e-05, "wall_seconds": 4086.084302474279, "best_so_far": 0.013148767421668886}
{"epoch": 328, "train_mean_squared_relative_error": 9.477043026867338e-05, "wall_seconds": 4098.41750842426, "best_so_far": 0.013131021721468994}
{"epoch": 329, "train_mean_squared_relative_error": 9.386610454414688e-05, "wall_seconds": 4111.194740805309, "best_so_far": 0.013128053180827551}
{"epoch": 330, "train_mean_squared_relative_error": 9.395824972435966e-05, "wall_seconds": 4124.087984320242, "best_so_far": 0.013061188631668347}
{"epoch": 331, "train_mean_squared_relative_error": 9.297835684204965e-05, "wall_seconds": 4136.915383416228, "best_so_far": 0.013061188631668347}
{"epoch": 332, "train_mean_squared_relative_error": 9.452482816905207e-05, "wall_seconds": 4149.310920380987, "best_so_far": 0.013061188631668347}
{"epoch": 333, "train_mean_squared_relative_error": 9.419067398207815e-05, "wall_seconds": 4161.660802618135, "best_so_far": 0.013061188631668347}
{"epoch": 334, "train_mean_squared_relative_error": 9.289851478336542e-05, "wall_seconds": 4174.030102325138, "best_so_far": 0.013061188631668347}
{"epoch": 335, "train_mean_squared_relative_error": 9.237126251934375e-05, "wall_seconds": 4186.379158996046, "best_so_far": 0.013037424639860061}
{"epoch": 336, "train_mean_squared_relative_error": 9.208885597231769e-05, "wall_seconds": 4199.206178778317, "best_so_far": 0.013027186860831973}
{"epoch": 337, "train_mean_squared_relative_error": 9.294685850874348e-05, "wall_seconds": 4212.014195380267, "best_so_far": 0.013027186860831973}
{"epoch": 338, "train_mean_squared_relative_error": 9.345900551606262e-05, "wall_seconds": 4224.368385197129, "best_so_far": 0.013014536561734916}
{"epoch": 339, "train_mean_squared_relative_error": 9.370084921271748e-05, "wall_seconds": 4237.148849008139, "best_so_far": 0.013014536561734916}
{"epoch": 340, "train_mean_squared_relative_error": 9.329342149420483e-05, "wall_seconds": 4249.619189877994, "best_so_far": 0.013014536561734916}
{"epoch": 341, "train_mean_squared_relative_error": 9.216163760743696e-05, "wall_seconds": 4261.937062408309, "best_so_far": 0.013014536561734916}
{"epoch": 342, "train_mean_squared_relative_error": 9.156081224325597e-05, "wall_seconds": 4274.291823841166, "best_so_far": 0.01299664305302288}
{"epoch": 343, "train_mean_squared_relative_error": 9.238993369842783e-05, "wall_seconds": 4287.136979824398, "best_so_far": 0.01299664305302288}
{"epoch": 344, "train_mean_squared_relative_error": 9.284057815130657e-05, "wall_seconds": 4299.496475374326, "best_so_far": 0.01299664305302288}
{"epoch": 345, "train_mean_squared_relative_error": 9.024584478391784e-05, "wall_seconds": 4311.881292124279, "best_so_far": 0.01299664305302288}
{"epoch": 346, "train_mean_squared_relative_error": 9.089723443202728e-05, "wall_seconds": 4324.234207670204, "best_so_far": 0.01299664305302288}
{"epoch": 347, "train_mean_squared_relative_error": 9.07790529424711e-05, "wall_seconds": 4336.674227953423, "best_so_far": 0.01299664305302288}
{"epoch": 348, "train_mean_squared_relative_error": 9.191951535602284e-05, "wall_seconds": 4349.066004330292, "best_so_far": 0.01299664305302288}
{"epoch": 349, "train_mean_squared_relative_error": 9.20824538654078e-05, "wall_seconds": 4361.599717524368, "best_so_far": 0.012863582269349742}
{"epoch": 350, "train_mean_squared_relative_error": 9.104230210953884e-05, "wall_seconds": 4374.4517849572, "best_so_far": 0.012863582269349742}
{"epoch": 351, "train_mean_squared_relative_error": 9.156269427156545e-05, "wall_seconds": 4386.787588347215, "best_so_far": 0.01275753240129655}
{"epoch": 352, "train_mean_squared_relative_error": 8.95096245590214e-05, "wall_seconds": 4399.566124096047, "best_so_far": 0.01275753240129655}
{"epoch": 353, "train_mean_squared_relative_error": 9.081512108037575e-05, "wall_seconds": 4412.031529115047, "best_so_far": 0.01275753240129655}
{"epoch": 354, "train_mean_squared_relative_error": 9.230929775222461e-05, "wall_seconds": 4424.441540942993, "best_so_far": 0.01275753240129655}
{"epoch": 355, "train_mean_squared_relative_error": 8.938906148828362e-05, "wall_seconds": 4436.845179221127, "best_so_far": 0.01275753240129655}
{"epoch": 356, "train_mean_squared_relative_error": 9.056725318369462e-05, "wall_seconds": 4449.199900300242, "best_so_far": 0.01275753240129655}
{"epoch": 357, "train_mean_squared_relative_error": 8.923767021552835e-05, "wall_seconds": 4461.587678179145, "best_so_far": 0.01275753240129655}
{"epoch": 358, "train_mean_squared_relative_error": 9.10428388300735e-05, "wall_seconds": 4473.938811562024, "best_so_far": 0.01275753240129655}
{"epoch": 359, "train_mean_squared_relative_error": 9.006002806453853e-05, "wall_seconds": 4486.275808961131, "best_so_far": 0.01275753240129655}
{"epoch": 360, "train_mean_squared_relative_error": 8.835706359639355e-05, "wall_seconds": 4498.80619578436, "best_so_far": 0.012658946993520874}
{"epoch": 361, "train_mean_squared_relative_error": 8.789996257445984e-05, "wall_seconds": 4511.5744561259635, "best_so_far": 0.012658946993520874}
{"epoch": 362, "train_mean_squared_relative_error": 8.911874084674133e-05, "wall_seconds": 4523.990554443095, "best_so_far": 0.012658946993520874}
{"epoch": 363, "train_mean_squared_relative_error": 9.112241921769985e-05, "wall_seconds": 4536.415825996082, "best_so_far": 0.012658946993520874}
{"epoch": 364, "train_mean_squared_relative_error": 8.746495762625035e-05, "wall_seconds": 4548.814030335285, "best_so_far": 0.012658946993520874}
{"epoch": 365, "train_mean_squared_relative_error": 8.778012732153698e-05, "wall_seconds": 4561.150778895244, "best_so_far": 0.012658946993520874}
{"epoch": 366, "train_mean_squared_relative_error": 8.838954290721342e-05, "wall_seconds": 4573.611383430194, "best_so_far": 0.012658946993520874}
{"epoch": 367, "train_mean_squared_relative_error": 8.845120450399856e-05, "wall_seconds": 4586.162516938057, "best_so_far": 0.012658946993520874}
{"epoch": 368, "train_mean_squared_relative_error": 8.895568452823866e-05, "wall_seconds": 4598.545194886159, "best_so_far": 0.012658946993520874}
{"epoch": 369, "train_mean_squared_relative_error": 8.652775346539121e-05, "wall_seconds": 4610.909927722067, "best_so_far": 0.012658946993520874}
{"epoch": 370, "train_mean_squared_relative_error": 8.756843166406589e-05, "wall_seconds": 4623.265746679157, "best_so_far": 0.012658946993520874}
{"epoch": 371, "train_mean_squared_relative_error": 8.722460913807322e-05, "wall_seconds": 4635.605867290404, "best_so_far": 0.012648877780734312}
{"epoch": 372, "train_mean_squared_relative_error": 9.26807920310739e-05, "wall_seconds": 4648.481543966103, "best_so_far": 0.012648877780734312}
{"epoch": 373, "train_mean_squared_relative_error": 8.725690369681808e-05, "wall_seconds": 4660.836216526106, "best_so_far": 0.012558312244877915}
{"epoch": 374, "train_mean_squared_relative_error": 8.56062121472937e-05, "wall_seconds": 4673.753760025371, "best_so_far": 0.012558312244877915}
{"epoch": 375, "train_mean_squared_relative_error": 8.613144098816622e-05, "wall_seconds": 4686.112155178096, "best_so_far": 0.012558312244877915}
{"epoch": 376, "train_mean_squared_relative_error": 8.70197134434066e-05, "wall_seconds": 4698.466943030246, "best_so_far": 0.012558312244877915}
{"epoch": 377, "train_mean_squared_relative_error": 8.734403098401179e-05, "wall_seconds": 4710.964030689094, "best_so_far": 0.012558312244877915}
{"epoch": 378, "train_mean_squared_relative_error": 8.649881629495861e-05, "wall_seconds": 4723.342991173267, "best_so_far": 0.012404166537828538}
{"epoch": 379, "train_mean_squared_relative_error": 8.650320499184022e-05, "wall_seconds": 4736.14345135726, "best_so_far": 0.012404166537828538}
{"epoch": 380, "train_mean_squared_relative_error": 8.453252720000225e-05, "wall_seconds": 4748.6370167532, "best_so_far": 0.012404166537828538}
{"epoch": 381, "train_mean_squared_relative_error": 8.549984507571488e-05, "wall_seconds": 4761.027570459992, "best_so_far": 0.012404166537828538}
{"epoch": 382, "train_mean_squared_relative_error": 8.581227719198402e-05, "wall_seconds": 4773.504332404118, "best_so_far": 0.012173072980109967}
{"epoch": 383, "train_mean_squared_relative_error": 8.625374901079516e-05, "wall_seconds": 4786.423317530192, "best_so_far": 0.012173072980109967}
{"epoch": 384, "train_mean_squared_relative_error": 8.465099805750323e-05, "wall_seconds": 4798.82420193404, "best_so_far": 0.012173072980109967}
{"epoch": 385, "train_mean_squared_relative_error": 8.400995343796985e-05, "wall_seconds": 4811.18578317808, "best_so_far": 0.012173072980109967}
{"epoch": 386, "train_mean_squared_relative_error": 8.627025426603173e-05, "wall_seconds": 4823.557465323247, "best_so_far": 0.012173072980109967}
{"epoch": 387, "train_mean_squared_relative_error": 8.675156152803815e-05, "wall_seconds": 4835.956142625306, "best_so_far": 0.012173072980109967}
{"epoch": 388, "train_mean_squared_relative_error": 8.408611441920556e-05, "wall_seconds": 4848.3693345543, "best_so_far": 0.012173072980109967}
{"epoch": 389, "train_mean_squared_relative_error": 8.360515150822301e-05, "wall_seconds": 4860.898333544377, "best_so_far": 0.012173072980109967}
{"epoch": 390, "train_mean_squared_relative_error": 8.59513786803923e-05, "wall_seconds": 4873.278148296289, "best_so_far": 0.012173072980109967}
{"epoch": 391, "train_mean_squared_relative_error": 8.527176716866383e-05, "wall_seconds": 4885.642610901967, "best_so_far": 0.012173072980109967}
{"epoch": 392, "train_mean_squared_relative_error": 8.374897241391565e-05, "wall_seconds": 4898.079804591369, "best_so_far": 0.012173072980109967}
{"epoch": 393, "train_mean_squared_relative_error": 8.235354104988285e-05, "wall_seconds": 4910.499996329192, "best_so_far": 0.012173072980109967}
{"epoch": 394, "train_mean_squared_relative_error": 8.516039515197769e-05, "wall_seconds": 4922.85201247409, "best_so_far": 0.012173072980109967}
{"epoch": 395, "train_mean_squared_relative_error": 8.47092141041768e-05, "wall_seconds": 4935.249386856332, "best_so_far": 0.012173072980109967}
{"epoch": 396, "train_mean_squared_relative_error": 8.308872943382592e-05, "wall_seconds": 4947.584563916083, "best_so_far": 0.012173072980109967}
{"epoch": 397, "train_mean_squared_relative_error": 8.288295380750086e-05, "wall_seconds": 4959.897609947249, "best_so_far": 0.012173072980109967}
{"epoch": 398, "train_mean_squared_relative_error": 8.257581902957089e-05, "wall_seconds": 4972.27310521109, "best_so_far": 0.012173072980109967}
{"epoch": 399, "train_mean_squared_relative_error": 8.306410862534265e-05, "wall_seconds": 4984.744555376004, "best_so_far": 0.012173072980109967}
{"epoch": 400, "train_mean_squared_relative_error": 8.350893076599587e-05, "wall_seconds": 4997.123660111334, "best_so_far": 0.012173072980109967}
{"epoch": 401, "train_mean_squared_relative_error": 8.237536657493527e-05, "wall_seconds": 5009.48009291105, "best_so_far": 0.012092735779729738}
{"epoch": 402, "train_mean_squared_relative_error": 8.247632262035604e-05, "wall_seconds": 5022.382639459334, "best_so_far": 0.012092735779729738}
{"epoch": 403, "train_mean_squared_relative_error": 8.146482478478984e-05, "wall_seconds": 5034.727294075303, "best_so_far": 0.012092735779729738}
{"epoch": 404, "train_mean_squared_relative_error": 8.551011528379874e-05, "wall_seconds": 5047.089064277243, "best_so_far": 0.012092735779729738}
{"epoch": 405, "train_mean_squared_relative_error": 8.182821906921828e-05, "wall_seconds": 5059.51140087517, "best_so_far": 0.012092735779729738}
{"epoch": 406, "train_mean_squared_relative_error": 8.262725517388686e-05, "wall_seconds": 5071.912324391305, "best_so_far": 0.012092735779729738}
{"epoch": 407, "train_mean_squared_relative_error": 8.099334423411817e-05, "wall_seconds": 5084.285797492135, "best_so_far": 0.012092735779729738}
{"epoch": 408, "train_mean_squared_relative_error": 8.158117092884714e-05, "wall_seconds": 5096.741536673158, "best_so_far": 0.012092735779729738}
{"epoch": 409, "train_mean_squared_relative_error": 8.100101294849151e-05, "wall_seconds": 5109.1046810261905, "best_so_far": 0.012092735779729738}
{"epoch": 410, "train_mean_squared_relative_error": 8.036006025510517e-05, "wall_seconds": 5121.5237727463245, "best_so_far": 0.012092735779729738}
{"epoch": 411, "train_mean_squared_relative_error": 8.108592642789561e-05, "wall_seconds": 5134.008836855181, "best_so_far": 0.012092735779729738}
{"epoch": 412, "train_mean_squared_relative_error": 8.112617685837985e-05, "wall_seconds": 5146.340340088122, "best_so_far": 0.012064052633527337}
{"epoch": 413, "train_mean_squared_relative_error": 8.215653528499076e-05, "wall_seconds": 5159.218722010963, "best_so_far": 0.01205958505671271}
{"epoch": 414, "train_mean_squared_relative_error": 8.065064364376327e-05, "wall_seconds": 5172.060412210412, "best_so_far": 0.01205958505671271}
{"epoch": 415, "train_mean_squared_relative_error": 8.241895625179321e-05, "wall_seconds": 5184.440132191405, "best_so_far": 0.01205958505671271}
{"epoch": 416, "train_mean_squared_relative_error": 7.933116387965297e-05, "wall_seconds": 5196.816100839991, "best_so_far": 0.01205958505671271}
{"epoch": 417, "train_mean_squared_relative_error": 7.97103251609564e-05, "wall_seconds": 5209.268327018246, "best_so_far": 0.01205958505671271}
{"epoch": 418, "train_mean_squared_relative_error": 8.006460329453934e-05, "wall_seconds": 5221.697723233141, "best_so_far": 0.01205958505671271}
{"epoch": 419, "train_mean_squared_relative_error": 7.920695006075893e-05, "wall_seconds": 5234.047582395375, "best_so_far": 0.011782155434246544}
{"epoch": 420, "train_mean_squared_relative_error": 8.059032670121396e-05, "wall_seconds": 5246.933467207011, "best_so_far": 0.011782155434246544}
{"epoch": 421, "train_mean_squared_relative_error": 7.985310430054881e-05, "wall_seconds": 5259.462730014231, "best_so_far": 0.011782155434246544}
{"epoch": 422, "train_mean_squared_relative_error": 8.012935535940314e-05, "wall_seconds": 5271.844350895379, "best_so_far": 0.011782155434246544}
{"epoch": 423, "train_mean_squared_relative_error": 8.005137789746962e-05, "wall_seconds": 5284.2744206553325, "best_so_far": 0.011782155434246544}
{"epoch": 424, "train_mean_squared_relative_error": 8.01167115535539e-05, "wall_seconds": 5296.658127857372, "best_so_far": 0.011782155434246544}
{"epoch": 425, "train_mean_squared_relative_error": 7.953415048910971e-05, "wall_seconds": 5309.033329462167, "best_so_far": 0.011782155434246544}
{"epoch": 426, "train_mean_squared_relative_error": 7.7239656926335e-05, "wall_seconds": 5321.514419963118, "best_so_far": 0.011782155434246544}
{"epoch": 427, "train_mean_squared_relative_error": 7.766295226859391e-05, "wall_seconds": 5333.870664907154, "best_so_far": 0.011782155434246544}
{"epoch": 428, "train_mean_squared_relative_error": 7.886711938908787e-05, "wall_seconds": 5346.257454818115, "best_so_far": 0.011782155434246544}
{"epoch": 429, "train_mean_squared_relative_error": 7.905501238078934e-05, "wall_seconds": 5358.610927614383, "best_so_far": 0.011782155434246544}
{"epoch": 430, "train_mean_squared_relative_error": 7.920685902535806e-05, "wall_seconds": 5371.092565712985, "best_so_far": 0.011782155434246544}
{"epoch": 431, "train_mean_squared_relative_error": 7.89268813520944e-05, "wall_seconds": 5383.447083790321, "best_so_far": 0.011782155434246544}
{"epoch": 432, "train_mean_squared_relative_error": 8.002984318243551e-05, "wall_seconds": 5395.982527791057, "best_so_far": 0.011782155434246544}
{"epoch": 433, "train_mean_squared_relative_error": 7.981803940728658e-05, "wall_seconds": 5408.38735168241, "best_so_far": 0.011693672679551112}
{"epoch": 434, "train_mean_squared_relative_error": 7.74984075384953e-05, "wall_seconds": 5421.159675995354, "best_so_far": 0.011693672679551112}
{"epoch": 435, "train_mean_squared_relative_error": 7.72346620307273e-05, "wall_seconds": 5433.568551971111, "best_so_far": 0.011693672679551112}
{"epoch": 436, "train_mean_squared_relative_error": 7.770473331210809e-05, "wall_seconds": 5445.930309382267, "best_so_far": 0.011693672679551112}
{"epoch": 437, "train_mean_squared_relative_error": 7.779688896859052e-05, "wall_seconds": 5458.573149765376, "best_so_far": 0.011693672679551112}
{"epoch": 438, "train_mean_squared_relative_error": 7.78906600107094e-05, "wall_seconds": 5470.927404660266, "best_so_far": 0.011693672679551112}
{"epoch": 439, "train_mean_squared_relative_error": 7.70229433147936e-05, "wall_seconds": 5483.449152988382, "best_so_far": 0.011693672679551112}
{"epoch": 440, "train_mean_squared_relative_error": 7.919634758220883e-05, "wall_seconds": 5495.97275052499, "best_so_far": 0.011693672679551112}
{"epoch": 441, "train_mean_squared_relative_error": 7.819200677540459e-05, "wall_seconds": 5508.506859508343, "best_so_far": 0.011693672679551112}
{"epoch": 442, "train_mean_squared_relative_error": 7.85007911795855e-05, "wall_seconds": 5520.800345980097, "best_so_far": 0.011693672679551112}
{"epoch": 443, "train_mean_squared_relative_error": 7.629751234446773e-05, "wall_seconds": 5533.196136432234, "best_so_far": 0.011693672679551112}
{"epoch": 444, "train_mean_squared_relative_error": 7.588595355027571e-05, "wall_seconds": 5545.604564696085, "best_so_far": 0.011693672679551112}
{"epoch": 445, "train_mean_squared_relative_error": 7.590273133997532e-05, "wall_seconds": 5558.123304179404, "best_so_far": 0.011693672679551112}
{"epoch": 446, "train_mean_squared_relative_error": 7.733561644528053e-05, "wall_seconds": 5570.750803924166, "best_so_far": 0.011690427221474526}
{"epoch": 447, "train_mean_squared_relative_error": 7.772852502759315e-05, "wall_seconds": 5583.626237434335, "best_so_far": 0.011690427221474526}
{"epoch": 448, "train_mean_squared_relative_error": 7.637848247175167e-05, "wall_seconds": 5596.1053053010255, "best_so_far": 0.011690427221474526}
{"epoch": 449, "train_mean_squared_relative_error": 7.663233620229e-05, "wall_seconds": 5608.643852894194, "best_so_far": 0.011690427221474526}
{"epoch": 450, "train_mean_squared_relative_error": 7.919318018252898e-05, "wall_seconds": 5621.010382481385, "best_so_far": 0.011690427221474526}
{"epoch": 451, "train_mean_squared_relative_error": 7.824050923035509e-05, "wall_seconds": 5633.377662145998, "best_so_far": 0.011687442962508378}
{"epoch": 452, "train_mean_squared_relative_error": 7.523428501158674e-05, "wall_seconds": 5646.2234102431685, "best_so_far": 0.011687442962508378}
{"epoch": 453, "train_mean_squared_relative_error": 7.416995192264463e-05, "wall_seconds": 5658.6027236310765, "best_so_far": 0.011687442962508378}
{"epoch": 454, "train_mean_squared_relative_error": 7.737250069260342e-05, "wall_seconds": 5670.996587497182, "best_so_far": 0.011602377648518182}
{"epoch": 455, "train_mean_squared_relative_error": 7.564838047194427e-05, "wall_seconds": 5683.829057811294, "best_so_far": 0.011602377648518182}
{"epoch": 456, "train_mean_squared_relative_error": 7.529488458757637e-05, "wall_seconds": 5696.164432538208, "best_so_far": 0.011602377648518182}
{"epoch": 457, "train_mean_squared_relative_error": 7.638336179413331e-05, "wall_seconds": 5708.627343204338, "best_so_far": 0.011602377648518182}
{"epoch": 458, "train_mean_squared_relative_error": 7.385630390998303e-05, "wall_seconds": 5721.032013873104, "best_so_far": 0.011493125058327183}
{"epoch": 459, "train_mean_squared_relative_error": 7.393665127229535e-05, "wall_seconds": 5734.088096654043, "best_so_far": 0.011493125058327183}
{"epoch": 460, "train_mean_squared_relative_error": 7.681575898377939e-05, "wall_seconds": 5746.43482680805, "best_so_far": 0.011493125058327183}
{"epoch": 461, "train_mean_squared_relative_error": 7.547192421331925e-05, "wall_seconds": 5758.849204085302, "best_so_far": 0.011493125058327183}
{"epoch": 462, "train_mean_squared_relative_error": 7.362979151243476e-05, "wall_seconds": 5771.240696578287, "best_so_far": 0.011493125058327183}
{"epoch": 463, "train_mean_squared_relative_error": 7.378183833621467e-05, "wall_seconds": 5783.642316898331, "best_so_far": 0.011493125058327183}
{"epoch": 464, "train_mean_squared_relative_error": 7.461751999696094e-05, "wall_seconds": 5796.041041268967, "best_so_far": 0.011493125058327183}
{"epoch": 465, "train_mean_squared_relative_error": 7.386710849019235e-05, "wall_seconds": 5808.472095492296, "best_so_far": 0.011493125058327183}
{"epoch": 466, "train_mean_squared_relative_error": 7.46740595453093e-05, "wall_seconds": 5820.863669062033, "best_so_far": 0.011493125058327183}
{"epoch": 467, "train_mean_squared_relative_error": 7.376148527175145e-05, "wall_seconds": 5833.252238562331, "best_so_far": 0.011493125058327183}
{"epoch": 468, "train_mean_squared_relative_error": 7.482551545259782e-05, "wall_seconds": 5845.661574742291, "best_so_far": 0.011493125058327183}
{"epoch": 469, "train_mean_squared_relative_error": 7.30906687843326e-05, "wall_seconds": 5858.0687101483345, "best_so_far": 0.011493125058327183}
{"epoch": 470, "train_mean_squared_relative_error": 7.306868486533113e-05, "wall_seconds": 5870.433153714985, "best_so_far": 0.011493125058327183}
{"epoch": 471, "train_mean_squared_relative_error": 7.227681195175428e-05, "wall_seconds": 5882.836348207202, "best_so_far": 0.011493125058327183}
{"epoch": 472, "train_mean_squared_relative_error": 7.429395371055325e-05, "wall_seconds": 5895.223384804092, "best_so_far": 0.011493125058327183}
{"epoch": 473, "train_mean_squared_relative_error": 7.239562184465391e-05, "wall_seconds": 5907.602859894279, "best_so_far": 0.011269468228812845}
{"epoch": 474, "train_mean_squared_relative_error": 7.299276003109726e-05, "wall_seconds": 5920.37145212898, "best_so_far": 0.011269468228812845}
{"epoch": 475, "train_mean_squared_relative_error": 7.317086637591096e-05, "wall_seconds": 5932.748494605999, "best_so_far": 0.011269468228812845}
{"epoch": 476, "train_mean_squared_relative_error": 7.386772849651336e-05, "wall_seconds": 5945.201481765136, "best_so_far": 0.011269468228812845}
{"epoch": 477, "train_mean_squared_relative_error": 7.287465517620678e-05, "wall_seconds": 5957.5893103801645, "best_so_far": 0.011269468228812845}
{"epoch": 478, "train_mean_squared_relative_error": 7.20850469949226e-05, "wall_seconds": 5970.055084523279, "best_so_far": 0.011269468228812845}
{"epoch": 479, "train_mean_squared_relative_error": 7.210780985171042e-05, "wall_seconds": 5982.390981676057, "best_so_far": 0.011269468228812845}
{"epoch": 480, "train_mean_squared_relative_error": 7.254896850678058e-05, "wall_seconds": 5994.872574410401, "best_so_far": 0.011269468228812845}
{"epoch": 481, "train_mean_squared_relative_error": 7.279636121721587e-05, "wall_seconds": 6007.244330442976, "best_so_far": 0.011269468228812845}
{"epoch": 482, "train_mean_squared_relative_error": 7.20145163413803e-05, "wall_seconds": 6019.660148350988, "best_so_far": 0.011269468228812845}
{"epoch": 483, "train_mean_squared_relative_error": 7.327190655898158e-05, "wall_seconds": 6032.044872315135, "best_so_far": 0.011269468228812845}
{"epoch": 484, "train_mean_squared_relative_error": 7.184910555103846e-05, "wall_seconds": 6044.487938116305, "best_so_far": 0.011269468228812845}
{"epoch": 485, "train_mean_squared_relative_error": 7.257252734124361e-05, "wall_seconds": 6056.85746611841, "best_so_far": 0.011269468228812845}
{"epoch": 486, "train_mean_squared_relative_error": 7.216628337887942e-05, "wall_seconds": 6069.302834745962, "best_so_far": 0.011269468228812845}
{"epoch": 487, "train_mean_squared_relative_error": 7.219175863164275e-05, "wall_seconds": 6081.7328196801245, "best_so_far": 0.011269468228812845}
{"epoch": 488, "train_mean_squared_relative_error": 7.059953915467668e-05, "wall_seconds": 6094.197485206183, "best_so_far": 0.011269468228812845}
{"epoch": 489, "train_mean_squared_relative_error": 6.997153509909706e-05, "wall_seconds": 6106.720193505287, "best_so_far": 0.011269468228812845}
{"epoch": 490, "train_mean_squared_relative_error": 7.154847435270933e-05, "wall_seconds": 6119.085426803213, "best_so_far": 0.011269468228812845}
{"epoch": 491, "train_mean_squared_relative_error": 7.187374966742079e-05, "wall_seconds": 6131.486958437134, "best_so_far": 0.011269468228812845}
{"epoch": 492, "train_mean_squared_relative_error": 7.044948113242573e-05, "wall_seconds": 6143.8337929639965, "best_so_far": 0.011269468228812845}
{"epoch": 493, "train_mean_squared_relative_error": 7.094166982822018e-05, "wall_seconds": 6156.402330484241, "best_so_far": 0.011269468228812845}
{"epoch": 494, "train_mean_squared_relative_error": 7.070539554531283e-05, "wall_seconds": 6168.784621589351, "best_so_far": 0.011269468228812845}
{"epoch": 495, "train_mean_squared_relative_error": 7.056497249393549e-05, "wall_seconds": 6181.162056520116, "best_so_far": 0.011269468228812845}
{"epoch": 496, "train_mean_squared_relative_error": 7.132452083647105e-05, "wall_seconds": 6193.571915925015, "best_so_far": 0.011269468228812845}
{"epoch": 497, "train_mean_squared_relative_error": 7.1640511676062e-05, "wall_seconds": 6205.936415035278, "best_so_far": 0.011269468228812845}
{"epoch": 498, "train_mean_squared_relative_error": 7.19337596058859e-05, "wall_seconds": 6218.272506582085, "best_so_far": 0.011269468228812845}
{"epoch": 499, "train_mean_squared_relative_error": 7.029085017779877e-05, "wall_seconds": 6230.691332870163, "best_so_far": 0.011269468228812845}
{"epoch": 500, "train_mean_squared_relative_error": 6.87030486616734e-05, "wall_seconds": 6243.095404820982, "best_so_far": 0.011230796170566635}
{"epoch": 501, "train_mean_squared_relative_error": 7.009582494774453e-05, "wall_seconds": 6256.053218590096, "best_so_far": 0.011230796170566635}
{"epoch": 502, "train_mean_squared_relative_error": 7.091364923513481e-05, "wall_seconds": 6268.481398351025, "best_so_far": 0.011230796170566635}
{"epoch": 503, "train_mean_squared_relative_error": 7.047259096721464e-05, "wall_seconds": 6280.941965891048, "best_so_far": 0.011230796170566635}
{"epoch": 504, "train_mean_squared_relative_error": 7.011776380495133e-05, "wall_seconds": 6293.359457767103, "best_so_far": 0.011230796170566635}
{"epoch": 505, "train_mean_squared_relative_error": 6.901994895714211e-05, "wall_seconds": 6305.705703331158, "best_so_far": 0.011230796170566635}
{"epoch": 506, "train_mean_squared_relative_error": 7.044844763203276e-05, "wall_seconds": 6318.2739899973385, "best_so_far": 0.011230796170566635}
{"epoch": 507, "train_mean_squared_relative_error": 6.913997754651183e-05, "wall_seconds": 6330.721689034253, "best_so_far": 0.011230796170566635}
{"epoch": 508, "train_mean_squared_relative_error": 6.920989215110606e-05, "wall_seconds": 6343.115127379075, "best_so_far": 0.011230796170566635}
{"epoch": 509, "train_mean_squared_relative_error": 6.941686326825098e-05, "wall_seconds": 6355.592437438201, "best_so_far": 0.011224585917971992}
{"epoch": 510, "train_mean_squared_relative_error": 6.805062889232702e-05, "wall_seconds": 6368.474502732046, "best_so_far": 0.011187674221056364}
{"epoch": 511, "train_mean_squared_relative_error": 6.749571380238652e-05, "wall_seconds": 6381.408049350139, "best_so_far": 0.011187674221056364}
{"epoch": 512, "train_mean_squared_relative_error": 6.765234087148808e-05, "wall_seconds": 6393.790710540023, "best_so_far": 0.011187674221056364}
{"epoch": 513, "train_mean_squared_relative_error": 7.034521404393308e-05, "wall_seconds": 6406.184949714225, "best_so_far": 0.011187674221056364}
{"epoch": 514, "train_mean_squared_relative_error": 6.841263677642961e-05, "wall_seconds": 6418.637035702355, "best_so_far": 0.011187674221056364}
{"epoch": 515, "train_mean_squared_relative_error": 6.860089429123273e-05, "wall_seconds": 6431.018289768137, "best_so_far": 0.011187674221056364}
{"epoch": 516, "train_mean_squared_relative_error": 6.888550004228797e-05, "wall_seconds": 6443.457902336959, "best_so_far": 0.011187674221056364}
{"epoch": 517, "train_mean_squared_relative_error": 6.822001098530748e-05, "wall_seconds": 6455.869577331003, "best_so_far": 0.011187674221056364}
{"epoch": 518, "train_mean_squared_relative_error": 6.774622791114936e-05, "wall_seconds": 6468.298917598091, "best_so_far": 0.011187674221056364}
{"epoch": 519, "train_mean_squared_relative_error": 6.746766144217505e-05, "wall_seconds": 6480.808896963019, "best_so_far": 0.011187674221056364}
{"epoch": 520, "train_mean_squared_relative_error": 6.78132227930139e-05, "wall_seconds": 6493.194996138103, "best_so_far": 0.011187674221056364}
{"epoch": 521, "train_mean_squared_relative_error": 6.915901369185088e-05, "wall_seconds": 6505.676575423218, "best_so_far": 0.011187674221056364}
{"epoch": 522, "train_mean_squared_relative_error": 7.083802840634127e-05, "wall_seconds": 6518.090370689984, "best_so_far": 0.011132076248835946}
{"epoch": 523, "train_mean_squared_relative_error": 6.690614764494324e-05, "wall_seconds": 6531.0049756271765, "best_so_far": 0.01081511494058162}
{"epoch": 524, "train_mean_squared_relative_error": 6.711790095588939e-05, "wall_seconds": 6543.869483094197, "best_so_far": 0.01081511494058162}
{"epoch": 525, "train_mean_squared_relative_error": 6.74305466088738e-05, "wall_seconds": 6556.240177138243, "best_so_far": 0.01081511494058162}
{"epoch": 526, "train_mean_squared_relative_error": 6.710783881886782e-05, "wall_seconds": 6568.608757846989, "best_so_far": 0.01081511494058162}
{"epoch": 527, "train_mean_squared_relative_error": 6.694441701911659e-05, "wall_seconds": 6581.009738708381, "best_so_far": 0.01081511494058162}
{"epoch": 528, "train_mean_squared_relative_error": 6.80865566612507e-05, "wall_seconds": 6593.432491414249, "best_so_far": 0.01081511494058162}
{"epoch": 529, "train_mean_squared_relative_error": 6.748663721023557e-05, "wall_seconds": 6605.814722445328, "best_so_far": 0.01081511494058162}
{"epoch": 530, "train_mean_squared_relative_error": 6.603306306267617e-05, "wall_seconds": 6618.303224079311, "best_so_far": 0.01081511494058162}
{"epoch": 531, "train_mean_squared_relative_error": 6.646212192441722e-05, "wall_seconds": 6630.729559306055, "best_so_far": 0.01081511494058162}
{"epoch": 532, "train_mean_squared_relative_error": 6.623226248049278e-05, "wall_seconds": 6643.12710575806, "best_so_far": 0.01081511494058162}
{"epoch": 533, "train_mean_squared_relative_error": 6.565925921621294e-05, "wall_seconds": 6655.571699104272, "best_so_far": 0.01081511494058162}
{"epoch": 534, "train_mean_squared_relative_error": 6.586434744949613e-05, "wall_seconds": 6667.990933631081, "best_so_far": 0.01081511494058162}
{"epoch": 535, "train_mean_squared_relative_error": 6.635082459770388e-05, "wall_seconds": 6680.466404053383, "best_so_far": 0.01081511494058162}
{"epoch": 536, "train_mean_squared_relative_error": 6.668507577341257e-05, "wall_seconds": 6692.882584003266, "best_so_far": 0.01081511494058162}
{"epoch": 537, "train_mean_squared_relative_error": 6.52980828620382e-05, "wall_seconds": 6705.28853573231, "best_so_far": 0.01081511494058162}
{"epoch": 538, "train_mean_squared_relative_error": 6.633701487181233e-05, "wall_seconds": 6717.704756850377, "best_so_far": 0.01081511494058162}
{"epoch": 539, "train_mean_squared_relative_error": 6.708575032438692e-05, "wall_seconds": 6730.209391881246, "best_so_far": 0.01081511494058162}
{"epoch": 540, "train_mean_squared_relative_error": 6.545788850590369e-05, "wall_seconds": 6742.7361473632045, "best_so_far": 0.01081511494058162}
{"epoch": 541, "train_mean_squared_relative_error": 6.523766844011138e-05, "wall_seconds": 6755.170783955138, "best_so_far": 0.01081511494058162}
{"epoch": 542, "train_mean_squared_relative_error": 6.593676793289784e-05, "wall_seconds": 6767.646259352099, "best_so_far": 0.01081511494058162}
{"epoch": 543, "train_mean_squared_relative_error": 6.622139802619115e-05, "wall_seconds": 6780.069496998098, "best_so_far": 0.01081511494058162}
{"epoch": 544, "train_mean_squared_relative_error": 6.75199875561008e-05, "wall_seconds": 6792.453161029145, "best_so_far": 0.01081511494058162}
{"epoch": 545, "train_mean_squared_relative_error": 6.608568744135193e-05, "wall_seconds": 6804.890893386211, "best_so_far": 0.01081511494058162}
{"epoch": 546, "train_mean_squared_relative_error": 6.54431203493778e-05, "wall_seconds": 6817.327307958156, "best_so_far": 0.01081511494058162}
{"epoch": 547, "train_mean_squared_relative_error": 6.409414518563367e-05, "wall_seconds": 6829.741503722966, "best_so_far": 0.010785793536785089}
{"epoch": 548, "train_mean_squared_relative_error": 6.41640451564101e-05, "wall_seconds": 6842.684539664071, "best_so_far": 0.010785793536785089}
{"epoch": 549, "train_mean_squared_relative_error": 6.555410450700912e-05, "wall_seconds": 6855.124558515381, "best_so_far": 0.010785793536785089}
{"epoch": 550, "train_mean_squared_relative_error": 6.64277205953362e-05, "wall_seconds": 6867.527264984325, "best_so_far": 0.010785793536785089}
{"epoch": 551, "train_mean_squared_relative_error": 6.504780502106382e-05, "wall_seconds": 6879.927389497403, "best_so_far": 0.010785793536785089}
{"epoch": 552, "train_mean_squared_relative_error": 6.413993574780103e-05, "wall_seconds": 6892.388892220333, "best_so_far": 0.010785793536785089}
{"epoch": 553, "train_mean_squared_relative_error": 6.62472510365063e-05, "wall_seconds": 6904.75352273928, "best_so_far": 0.010785793536785089}
{"epoch": 554, "train_mean_squared_relative_error": 6.455116574076755e-05, "wall_seconds": 6917.149181531277, "best_so_far": 0.010785793536785089}
{"epoch": 555, "train_mean_squared_relative_error": 6.547146318588221e-05, "wall_seconds": 6929.712466412224, "best_so_far": 0.010699246590238534}
{"epoch": 556, "train_mean_squared_relative_error": 6.483476964041201e-05, "wall_seconds": 6942.5257481513545, "best_so_far": 0.010699246590238534}
{"epoch": 557, "train_mean_squared_relative_error": 6.440723876451336e-05, "wall_seconds": 6954.916678194422, "best_so_far": 0.010699246590238534}
{"epoch": 558, "train_mean_squared_relative_error": 6.32821642249799e-05, "wall_seconds": 6967.275183482096, "best_so_far": 0.010699246590238534}
{"epoch": 559, "train_mean_squared_relative_error": 6.395735713798044e-05, "wall_seconds": 6979.761010342278, "best_so_far": 0.010699246590238534}
{"epoch": 560, "train_mean_squared_relative_error": 6.502138554739711e-05, "wall_seconds": 6992.289472397417, "best_so_far": 0.010699246590238534}
{"epoch": 561, "train_mean_squared_relative_error": 6.371538081880718e-05, "wall_seconds": 7004.7052040942945, "best_so_far": 0.010699246590238534}
{"epoch": 562, "train_mean_squared_relative_error": 6.304003614256678e-05, "wall_seconds": 7017.090188766364, "best_so_far": 0.010699246590238534}
{"epoch": 563, "train_mean_squared_relative_error": 6.304175273059408e-05, "wall_seconds": 7029.454248400405, "best_so_far": 0.010699246590238534}
{"epoch": 564, "train_mean_squared_relative_error": 6.323071607781071e-05, "wall_seconds": 7041.821430625394, "best_so_far": 0.010699246590238534}
{"epoch": 565, "train_mean_squared_relative_error": 6.326282065867859e-05, "wall_seconds": 7054.334737698082, "best_so_far": 0.010699246590238534}
{"epoch": 566, "train_mean_squared_relative_error": 6.299744633403562e-05, "wall_seconds": 7066.663151385263, "best_so_far": 0.010658252003260683}
{"epoch": 567, "train_mean_squared_relative_error": 6.239084780472962e-05, "wall_seconds": 7079.470433651004, "best_so_far": 0.010658252003260683}
{"epoch": 568, "train_mean_squared_relative_error": 6.285766058547362e-05, "wall_seconds": 7091.835360089317, "best_so_far": 0.010658252003260683}
{"epoch": 569, "train_mean_squared_relative_error": 6.475456424839555e-05, "wall_seconds": 7104.231345847249, "best_so_far": 0.010658252003260683}
{"epoch": 570, "train_mean_squared_relative_error": 6.190646860282626e-05, "wall_seconds": 7116.643772392999, "best_so_far": 0.010658252003260683}
{"epoch": 571, "train_mean_squared_relative_error": 6.142619796520276e-05, "wall_seconds": 7129.044279749971, "best_so_far": 0.010658252003260683}
{"epoch": 572, "train_mean_squared_relative_error": 6.451664234331312e-05, "wall_seconds": 7141.414215375204, "best_so_far": 0.010658252003260683}
{"epoch": 573, "train_mean_squared_relative_error": 6.396584847287322e-05, "wall_seconds": 7153.838739234023, "best_so_far": 0.010658252003260683}
{"epoch": 574, "train_mean_squared_relative_error": 6.256176717397391e-05, "wall_seconds": 7166.205114891287, "best_so_far": 0.010658252003260683}
{"epoch": 575, "train_mean_squared_relative_error": 6.151398551303176e-05, "wall_seconds": 7178.531985274982, "best_so_far": 0.010658252003260683}
{"epoch": 576, "train_mean_squared_relative_error": 6.273553418435546e-05, "wall_seconds": 7190.900427187327, "best_so_far": 0.010658252003260683}
{"epoch": 577, "train_mean_squared_relative_error": 6.237362558786072e-05, "wall_seconds": 7203.29601097526, "best_so_far": 0.010658252003260683}
SCALE DONE {"arm": "unet-b64", "n_train": 576, "job_id": "4314121", "ok": true, "epochs": 578, "best_epoch": 566, "stop_reason": "wall_budget", "optimisation_steps": 41616, "training_seconds": 7205.283568938263, "micro_batch_final": 8, "best_checkpoint_sha256": "5184701c13b5239f2790bf53aa4a2e4f6a1660ac1ab85caaf35469a351c205f1", "train_best_checkpoint": {"worst_case_max": 0.025178099425833423, "mean_case_max": 0.009482225300850113, "median_case_max": 0.009140472623891411, "p95_case_max": 0.014223313654077384}, "validation_best_checkpoint": {"worst_case_max": 0.023141737399003163, "mean_case_max": 0.010658252003260683, "median_case_max": 0.009558959012966332, "p95_case_max": 0.015236144858557189}, "train_msre_best_epoch": 6.299744633403562e-05}
run_exit=0
