DESIGN.md: OK
HANDOFF.md: OK
SCIENTIFIC-RETENTION.md: OK
VENDOR.json: OK
audit.py: OK
audit_conditioned.py: OK
audit_confirmation.py: OK
audit_contract.py: OK
audit_partial.py: OK
audit_source.py: OK
audit_stationarity.py: OK
cluster/collect.py: OK
cluster/stage.py: OK
cluster/stage_frozen.py: OK
conditioned_operator.py: OK
config-conditioned.json: OK
config-confirmation.json: OK
config-extra.json: OK
config-final.json: OK
config-operators.json: OK
config-pilot.json: OK
config-train.json: OK
confirmation.py: OK
core.py: OK
final-freeze.json: OK
final-reference-protocol.json: OK
final_campaign.py: OK
final_references.py: OK
generate_retention_report.py: OK
head_candidate.py: OK
inputs/refined_checkpoint.pkl: OK
operator_diagnostic.py: OK
operator_panel.py: OK
operators/CONDITIONED_SOURCES.json: OK
operators/README.md: OK
operators/VENDOR.json: OK
operators/__init__.py: OK
operators/extra_models3d.py: OK
operators/models3d.py: OK
operators/pretrained_deeponet.py: OK
operators/training.py: OK
operators/upstream/LICENSE: OK
operators/upstream/PROVENANCE.json: OK
operators/upstream/Physics_Attention.py: OK
operators/upstream/prior_families.py: OK
prepare_final.py: OK
reference_diagnostic.py: OK
reference_stream.py: OK
retain_attempt.py: OK
run.py: OK
scientific_archive.py: OK
smoke.py: OK
smoke_conditioned.py: OK
smoke_extra.py: OK
smoke_fit_tiles.py: OK
smoke_frozen.py: OK
smoke_operators.py: OK
smoke_training.py: OK
summarize_attempt.py: OK
train.py: OK
vendor/b3d_common.py: OK
vendor/block_lm.py: OK
frozen/seed0/checkpoint.pkl: OK
frozen/seed0/offline/bases.npz: OK
frozen/seed0/offline/directions.npz: OK
frozen/seed0/offline/result.json: OK
frozen/seed0/expected/fom_nt1e-01_lt5e-01_case7_rep0.npz: OK
frozen/seed0/expected/fom_nt1e-01_lt5e-01_case0_rep0.npz: OK
frozen/seed0/expected/fom_nt5e-02_lt5e-01_case7_rep0.npz: OK
frozen/seed0/expected/fom_nt5e-02_lt5e-01_case0_rep0.npz: OK
frozen/seed0/expected/fom_nt3e-02_lt5e-01_case7_rep0.npz: OK
frozen/seed0/expected/fom_nt3e-02_lt5e-01_case0_rep0.npz: OK
frozen/seed0/expected/fom_nt1e-02_lt5e-01_case0_rep0.npz: OK
frozen/seed0/expected/fom_nt1e-02_lt5e-01_case7_rep0.npz: OK
frozen/seed0/expected/fom_nt1e-03_lt5e-01_case7_rep0.npz: OK
frozen/seed0/expected/fom_nt1e-03_lt5e-01_case0_rep0.npz: OK
frozen/seed0/expected/fom_nt1e-04_lt5e-01_case0_rep0.npz: OK
frozen/seed0/expected/fom_nt1e-04_lt5e-01_case7_rep0.npz: OK
frozen/seed0/expected/fom_n33_dt0.01_nt1e-02_lt5e-01_case7_rep0.npz: OK
frozen/seed0/expected/fom_n33_dt0.01_nt1e-02_lt5e-01_case0_rep0.npz: OK
frozen/seed0/expected/fom_n33_dt0.01_nt3e-02_lt5e-01_case0_rep0.npz: OK
frozen/seed0/expected/fom_n33_dt0.01_nt3e-02_lt5e-01_case7_rep0.npz: OK
frozen/seed0/expected/fom_n33_dt0.025_nt1e-02_lt5e-01_case0_rep0.npz: OK
frozen/seed0/expected/fom_n33_dt0.025_nt1e-02_lt5e-01_case7_rep0.npz: OK
frozen/seed0/expected/fom_n33_dt0.025_nt3e-02_lt5e-01_case7_rep0.npz: OK
frozen/seed0/expected/fom_n33_dt0.025_nt3e-02_lt5e-01_case0_rep0.npz: OK
frozen/seed0/expected/fom_n33_dt0.05_nt1e-02_lt5e-01_case0_rep0.npz: OK
frozen/seed0/expected/fom_n33_dt0.05_nt1e-02_lt5e-01_case7_rep0.npz: OK
frozen/seed0/expected/fom_n33_dt0.05_nt3e-02_lt5e-01_case0_rep0.npz: OK
frozen/seed0/expected/fom_n33_dt0.05_nt3e-02_lt5e-01_case7_rep0.npz: OK
frozen/seed0/expected/fom_n17_dt0.005_nt1e-02_lt5e-01_case7_rep0.npz: OK
frozen/seed0/expected/fom_n17_dt0.005_nt1e-02_lt5e-01_case0_rep0.npz: OK
frozen/seed0/expected/fom_n17_dt0.01_nt1e-02_lt5e-01_case7_rep0.npz: OK
frozen/seed0/expected/fom_n17_dt0.01_nt1e-02_lt5e-01_case0_rep0.npz: OK
frozen/seed0/expected/fom_n17_dt0.025_nt1e-02_lt5e-01_case0_rep0.npz: OK
frozen/seed0/expected/fom_n17_dt0.025_nt1e-02_lt5e-01_case7_rep0.npz: OK
frozen/seed0/expected/rom_q128_case0_rep0.npz: OK
frozen/seed0/expected/rom_q128_case7_rep0.npz: OK
frozen/seed0/expected/rom_q0_case0_rep0.npz: OK
frozen/seed0/expected/rom_q0_case7_rep2.npz: OK
frozen/seed0/expected/pod_192_case7_rep0.npz: OK
frozen/seed0/expected/pod_192_case0_rep2.npz: OK
frozen/seed0/expected/pod_256_case0_rep2.npz: OK
frozen/seed0/expected/pod_256_case7_rep1.npz: OK
frozen/seed0/expected/rom_q192_case7_rep0.npz: OK
frozen/seed0/expected/rom_q192_case0_rep0.npz: OK
frozen/seed0/expected/free_R256_case0_rep0.npz: OK
frozen/seed0/expected/free_R256_case7_rep1.npz: OK
frozen/seed0/expected/rom_q64_case0_rep1.npz: OK
frozen/seed0/expected/rom_q64_case7_rep1.npz: OK
frozen/seed0/expected/pod_128_case7_rep0.npz: OK
frozen/seed0/expected/pod_128_case0_rep2.npz: OK
frozen/seed0/expected/pod_64_case0_rep0.npz: OK
frozen/seed0/expected/pod_64_case7_rep1.npz: OK
frozen/seed0/expected/fno3d_case0_rep0.npz: OK
frozen/seed0/expected/fno3d_case7_rep0.npz: OK
frozen/seed0/expected/unet3d_case0_rep0.npz: OK
frozen/seed0/expected/unet3d_case7_rep0.npz: OK
frozen/seed0/expected/deeponet3d_case0_rep0.npz: OK
frozen/seed0/expected/deeponet3d_case7_rep0.npz: OK
frozen/seed0/expected/transolver3d_case7_rep0.npz: OK
frozen/seed0/expected/transolver3d_case0_rep0.npz: OK
frozen/seed0/operators/fno3d/best.pkl: OK
frozen/seed0/operators/fno3d/training.json: OK
frozen/seed0/operators/fno3d/curve.json: OK
frozen/seed0/operators/unet3d/best.pkl: OK
frozen/seed0/operators/unet3d/training.json: OK
frozen/seed0/operators/unet3d/curve.json: OK
frozen/seed0/operators/deeponet3d/best.pkl: OK
frozen/seed0/operators/deeponet3d/training.json: OK
frozen/seed0/operators/deeponet3d/curve.json: OK
frozen/seed0/operators/transolver3d/best.pkl: OK
frozen/seed0/operators/transolver3d/training.json: OK
frozen/seed0/operators/transolver3d/curve.json: OK
frozen/seed0/expected/reference_row512.npz: OK
frozen/seed0/expected/reference_row519.npz: OK
frozen/seed1/checkpoint.pkl: OK
frozen/seed1/offline/bases.npz: OK
frozen/seed1/offline/directions.npz: OK
frozen/seed1/offline/result.json: OK
frozen/seed1/expected/fom_nt1e-01_lt5e-01_case7_rep0.npz: OK
frozen/seed1/expected/fom_nt1e-01_lt5e-01_case0_rep0.npz: OK
frozen/seed1/expected/fom_nt5e-02_lt5e-01_case7_rep0.npz: OK
frozen/seed1/expected/fom_nt5e-02_lt5e-01_case0_rep0.npz: OK
frozen/seed1/expected/fom_nt3e-02_lt5e-01_case7_rep0.npz: OK
frozen/seed1/expected/fom_nt3e-02_lt5e-01_case0_rep0.npz: OK
frozen/seed1/expected/fom_nt1e-02_lt5e-01_case0_rep0.npz: OK
frozen/seed1/expected/fom_nt1e-02_lt5e-01_case7_rep0.npz: OK
frozen/seed1/expected/fom_nt1e-03_lt5e-01_case7_rep0.npz: OK
frozen/seed1/expected/fom_nt1e-03_lt5e-01_case0_rep0.npz: OK
frozen/seed1/expected/fom_nt1e-04_lt5e-01_case0_rep0.npz: OK
frozen/seed1/expected/fom_nt1e-04_lt5e-01_case7_rep0.npz: OK
frozen/seed1/expected/fom_n33_dt0.01_nt1e-02_lt5e-01_case7_rep0.npz: OK
frozen/seed1/expected/fom_n33_dt0.01_nt1e-02_lt5e-01_case0_rep0.npz: OK
frozen/seed1/expected/fom_n33_dt0.01_nt3e-02_lt5e-01_case0_rep0.npz: OK
frozen/seed1/expected/fom_n33_dt0.01_nt3e-02_lt5e-01_case7_rep0.npz: OK
frozen/seed1/expected/fom_n33_dt0.025_nt1e-02_lt5e-01_case0_rep0.npz: OK
frozen/seed1/expected/fom_n33_dt0.025_nt1e-02_lt5e-01_case7_rep0.npz: OK
frozen/seed1/expected/fom_n33_dt0.025_nt3e-02_lt5e-01_case7_rep0.npz: OK
frozen/seed1/expected/fom_n33_dt0.025_nt3e-02_lt5e-01_case0_rep0.npz: OK
frozen/seed1/expected/fom_n33_dt0.05_nt1e-02_lt5e-01_case0_rep0.npz: OK
frozen/seed1/expected/fom_n33_dt0.05_nt1e-02_lt5e-01_case7_rep0.npz: OK
frozen/seed1/expected/fom_n33_dt0.05_nt3e-02_lt5e-01_case0_rep0.npz: OK
frozen/seed1/expected/fom_n33_dt0.05_nt3e-02_lt5e-01_case7_rep0.npz: OK
frozen/seed1/expected/fom_n17_dt0.005_nt1e-02_lt5e-01_case7_rep0.npz: OK
frozen/seed1/expected/fom_n17_dt0.005_nt1e-02_lt5e-01_case0_rep0.npz: OK
frozen/seed1/expected/fom_n17_dt0.01_nt1e-02_lt5e-01_case7_rep0.npz: OK
frozen/seed1/expected/fom_n17_dt0.01_nt1e-02_lt5e-01_case0_rep0.npz: OK
frozen/seed1/expected/fom_n17_dt0.025_nt1e-02_lt5e-01_case0_rep0.npz: OK
frozen/seed1/expected/fom_n17_dt0.025_nt1e-02_lt5e-01_case7_rep0.npz: OK
frozen/seed1/expected/rom_q128_case0_rep0.npz: OK
frozen/seed1/expected/rom_q128_case7_rep0.npz: OK
frozen/seed1/expected/rom_q0_case0_rep0.npz: OK
frozen/seed1/expected/rom_q0_case7_rep2.npz: OK
frozen/seed1/expected/pod_192_case7_rep0.npz: OK
frozen/seed1/expected/pod_192_case0_rep2.npz: OK
frozen/seed1/expected/pod_256_case0_rep2.npz: OK
frozen/seed1/expected/pod_256_case7_rep1.npz: OK
frozen/seed1/expected/rom_q192_case7_rep0.npz: OK
frozen/seed1/expected/rom_q192_case0_rep0.npz: OK
frozen/seed1/expected/free_R256_case0_rep0.npz: OK
frozen/seed1/expected/free_R256_case7_rep1.npz: OK
frozen/seed1/expected/rom_q64_case0_rep1.npz: OK
frozen/seed1/expected/rom_q64_case7_rep1.npz: OK
frozen/seed1/expected/pod_128_case7_rep0.npz: OK
frozen/seed1/expected/pod_128_case0_rep2.npz: OK
frozen/seed1/expected/pod_64_case0_rep0.npz: OK
frozen/seed1/expected/pod_64_case7_rep1.npz: OK
frozen/seed1/expected/fno3d_case0_rep0.npz: OK
frozen/seed1/expected/fno3d_case7_rep0.npz: OK
frozen/seed1/expected/unet3d_case0_rep0.npz: OK
frozen/seed1/expected/unet3d_case7_rep0.npz: OK
frozen/seed1/expected/deeponet3d_case0_rep0.npz: OK
frozen/seed1/expected/deeponet3d_case7_rep0.npz: OK
frozen/seed1/expected/transolver3d_case7_rep0.npz: OK
frozen/seed1/expected/transolver3d_case0_rep0.npz: OK
frozen/seed1/operators/fno3d/best.pkl: OK
frozen/seed1/operators/fno3d/training.json: OK
frozen/seed1/operators/fno3d/curve.json: OK
frozen/seed1/operators/unet3d/best.pkl: OK
frozen/seed1/operators/unet3d/training.json: OK
frozen/seed1/operators/unet3d/curve.json: OK
frozen/seed1/operators/deeponet3d/best.pkl: OK
frozen/seed1/operators/deeponet3d/training.json: OK
frozen/seed1/operators/deeponet3d/curve.json: OK
frozen/seed1/operators/transolver3d/best.pkl: OK
frozen/seed1/operators/transolver3d/training.json: OK
frozen/seed1/operators/transolver3d/curve.json: OK
frozen/seed1/expected/reference_row512.npz: OK
frozen/seed1/expected/reference_row519.npz: OK
jax_backend=gpu
