jax_backend=gpu f64=True precision=highest
REFERENCE 1 72 elapsed 19.4
REFERENCE 9 72 elapsed 20.9
REFERENCE 17 72 elapsed 22.2
REFERENCE 25 72 elapsed 23.7
REFERENCE 33 72 elapsed 25.0
REFERENCE 41 72 elapsed 26.5
REFERENCE 49 72 elapsed 28.0
REFERENCE 57 72 elapsed 29.3
REFERENCE 65 72 elapsed 31.2
REFERENCE 72 72 elapsed 35.0
DIRECTIONS complete 68.9
REPRESENTATION 0 {'q': 0, 'mean': 0.04490187510155928, 'median': 0.04256095430549556, 'worst': 0.1450162672159368, 'stationary': 31, 'n': 32, 'artifact': 'representation_q0.npz'}
REPRESENTATION 32 {'q': 32, 'mean': 0.03801924192987071, 'median': 0.03674586197757346, 'worst': 0.11987633068593369, 'stationary': 32, 'n': 32, 'artifact': 'representation_q32.npz'}
REPRESENTATION 64 {'q': 64, 'mean': 0.029503499793072784, 'median': 0.02815333690645694, 'worst': 0.09345284753090277, 'stationary': 32, 'n': 32, 'artifact': 'representation_q64.npz'}
TIMING rom_q64 4 0 245.71 err 0.03639 stationary True
TIMING rom_q64 2 1 237.12 err 0.08211 stationary True
TIMING rom_q64 1 0 213.57 err 0.02209 stationary True
TIMING rom_q64 5 2 262.77 err 0.03728 stationary True
TIMING rom_q64 6 0 230.86 err 0.02206 stationary True
TIMING rom_q64 1 2 213.62 err 0.02209 stationary True
TIMING rom_q64 3 1 237.26 err 0.01915 stationary True
TIMING rom_q64 2 0 237.4 err 0.08211 stationary True
TIMING rom_q64 5 0 263.44 err 0.03728 stationary True
TIMING rom_q64 7 2 226.29 err 0.02379 stationary True
TIMING rom_q64 3 0 237.31 err 0.01915 stationary True
TIMING rom_q64 6 2 230.91 err 0.02206 stationary True
TIMING rom_q64 6 1 230.64 err 0.02206 stationary True
TIMING rom_q64 7 0 226.44 err 0.02379 stationary True
TIMING rom_q64 0 2 278.35 err 0.0489 stationary True
TIMING rom_q64 1 1 213.9 err 0.02209 stationary True
TIMING rom_q64 0 1 277.71 err 0.0489 stationary True
TIMING rom_q64 7 1 226.62 err 0.02379 stationary True
TIMING rom_q64 2 2 237.48 err 0.08211 stationary True
TIMING rom_q64 0 0 278.46 err 0.0489 stationary True
TIMING rom_q64 3 2 237.39 err 0.01915 stationary True
TIMING rom_q64 4 1 245.96 err 0.03639 stationary True
TIMING rom_q64 4 2 245.32 err 0.03639 stationary True
TIMING rom_q64 5 1 262.78 err 0.03728 stationary True
TIMING rom_q0 1 0 153.03 err 0.02997 stationary True
TIMING rom_q0 5 2 178.45 err 0.05329 stationary True
TIMING rom_q0 3 0 161.63 err 0.03003 stationary True
TIMING rom_q0 4 2 164.04 err 0.05726 stationary True
TIMING rom_q0 4 1 164.8 err 0.05726 stationary True
TIMING rom_q0 5 0 178.72 err 0.05329 stationary True
TIMING rom_q0 5 1 179.37 err 0.05329 stationary True
TIMING rom_q0 2 2 238.96 err 0.12976 stationary False
TIMING rom_q0 7 0 154.69 err 0.036 stationary True
TIMING rom_q0 6 2 156.24 err 0.03857 stationary True
TIMING rom_q0 0 2 177.13 err 0.10146 stationary True
TIMING rom_q0 4 0 163.88 err 0.05726 stationary True
TIMING rom_q0 3 1 161.83 err 0.03003 stationary True
TIMING rom_q0 1 1 153.23 err 0.02997 stationary True
TIMING rom_q0 6 0 157.13 err 0.03857 stationary True
TIMING rom_q0 2 1 238.29 err 0.12976 stationary False
TIMING rom_q0 1 2 152.87 err 0.02997 stationary True
TIMING rom_q0 2 0 237.73 err 0.12976 stationary False
TIMING rom_q0 0 0 177.21 err 0.10146 stationary True
TIMING rom_q0 6 1 156.43 err 0.03857 stationary True
TIMING rom_q0 7 1 157.22 err 0.036 stationary True
TIMING rom_q0 3 2 161.31 err 0.03003 stationary True
TIMING rom_q0 0 1 177.1 err 0.10146 stationary True
TIMING rom_q0 7 2 154.2 err 0.036 stationary True
TIMING pod_96 6 0 138.0 err 0.01322 stationary True
TIMING pod_96 3 2 137.91 err 0.01862 stationary True
TIMING pod_96 1 1 138.18 err 0.01585 stationary True
TIMING pod_96 0 1 138.47 err 0.06524 stationary True
TIMING pod_96 1 2 140.36 err 0.01585 stationary True
TIMING pod_96 7 1 138.46 err 0.02908 stationary True
TIMING pod_96 7 2 138.62 err 0.02908 stationary True
TIMING pod_96 1 0 137.96 err 0.01585 stationary True
TIMING pod_96 2 1 138.07 err 0.06558 stationary True
TIMING pod_96 6 2 138.46 err 0.01322 stationary True
TIMING pod_96 4 2 138.51 err 0.02738 stationary True
TIMING pod_96 4 0 138.06 err 0.02738 stationary True
TIMING pod_96 5 2 138.71 err 0.04522 stationary True
TIMING pod_96 5 1 138.78 err 0.04522 stationary True
TIMING pod_96 3 1 138.08 err 0.01862 stationary True
TIMING pod_96 5 0 138.35 err 0.04522 stationary True
TIMING pod_96 4 1 138.4 err 0.02738 stationary True
TIMING pod_96 6 1 138.45 err 0.01322 stationary True
TIMING pod_96 7 0 138.39 err 0.02908 stationary True
TIMING pod_96 2 2 138.22 err 0.06558 stationary True
TIMING pod_96 0 0 137.98 err 0.06524 stationary True
TIMING pod_96 0 2 138.35 err 0.06524 stationary True
TIMING pod_96 3 0 138.14 err 0.01862 stationary True
TIMING pod_96 2 0 138.56 err 0.06558 stationary True
TIMING free_R128 0 0 143.11 err 0.02334 stationary True
TIMING free_R128 1 1 145.18 err 0.01712 stationary True
TIMING free_R128 4 1 143.32 err 0.02524 stationary True
TIMING free_R128 6 0 143.4 err 0.00925 stationary True
TIMING free_R128 5 1 144.07 err 0.03516 stationary True
TIMING free_R128 7 0 143.06 err 0.0163 stationary True
TIMING free_R128 3 2 143.18 err 0.01302 stationary True
TIMING free_R128 2 2 143.36 err 0.0597 stationary True
TIMING free_R128 2 1 143.36 err 0.0597 stationary True
TIMING free_R128 3 1 143.63 err 0.01302 stationary True
TIMING free_R128 3 0 144.31 err 0.01302 stationary True
TIMING free_R128 6 2 143.08 err 0.00925 stationary True
TIMING free_R128 4 0 143.27 err 0.02524 stationary True
TIMING free_R128 0 1 143.12 err 0.02334 stationary True
TIMING free_R128 5 2 143.59 err 0.03516 stationary True
TIMING free_R128 1 2 143.37 err 0.01712 stationary True
TIMING free_R128 1 0 143.63 err 0.01712 stationary True
TIMING free_R128 7 1 143.02 err 0.0163 stationary True
TIMING free_R128 4 2 143.26 err 0.02524 stationary True
TIMING free_R128 7 2 143.34 err 0.0163 stationary True
TIMING free_R128 0 2 143.3 err 0.02334 stationary True
TIMING free_R128 2 0 143.22 err 0.0597 stationary True
TIMING free_R128 6 1 143.36 err 0.00925 stationary True
TIMING free_R128 5 0 143.76 err 0.03516 stationary True
TIMING pod_32 6 0 91.19 err 0.06545 stationary True
TIMING pod_32 0 2 91.21 err 0.18527 stationary True
TIMING pod_32 0 0 91.52 err 0.18527 stationary True
TIMING pod_32 7 2 91.67 err 0.10581 stationary True
TIMING pod_32 4 0 91.58 err 0.10319 stationary True
TIMING pod_32 3 1 90.97 err 0.09111 stationary True
TIMING pod_32 4 1 91.38 err 0.10319 stationary True
TIMING pod_32 3 2 91.93 err 0.09111 stationary True
TIMING pod_32 1 0 92.0 err 0.06517 stationary True
TIMING pod_32 2 0 92.06 err 0.1914 stationary True
TIMING pod_32 0 1 92.13 err 0.18527 stationary True
TIMING pod_32 3 0 91.29 err 0.09111 stationary True
TIMING pod_32 5 0 91.53 err 0.11102 stationary True
TIMING pod_32 5 2 91.66 err 0.11102 stationary True
TIMING pod_32 2 2 91.84 err 0.1914 stationary True
TIMING pod_32 1 2 91.99 err 0.06517 stationary True
TIMING pod_32 6 2 92.19 err 0.06545 stationary True
TIMING pod_32 2 1 91.72 err 0.1914 stationary True
TIMING pod_32 7 0 91.17 err 0.10581 stationary True
TIMING pod_32 7 1 91.18 err 0.10581 stationary True
TIMING pod_32 5 1 91.25 err 0.11102 stationary True
TIMING pod_32 4 2 91.59 err 0.10319 stationary True
TIMING pod_32 6 1 91.97 err 0.06545 stationary True
TIMING pod_32 1 1 92.12 err 0.06517 stationary True
TIMING pod_128 3 2 142.44 err 0.01317 stationary True
TIMING pod_128 7 1 142.98 err 0.02031 stationary True
TIMING pod_128 4 0 142.59 err 0.01721 stationary True
TIMING pod_128 5 1 142.75 err 0.03727 stationary True
TIMING pod_128 4 2 143.31 err 0.01721 stationary True
TIMING pod_128 7 0 142.41 err 0.02031 stationary True
TIMING pod_128 3 0 142.5 err 0.01317 stationary True
TIMING pod_128 1 0 142.8 err 0.00952 stationary True
TIMING pod_128 5 0 142.86 err 0.03727 stationary True
TIMING pod_128 2 2 142.84 err 0.05303 stationary True
TIMING pod_128 6 0 142.81 err 0.00955 stationary True
TIMING pod_128 0 0 142.51 err 0.05016 stationary True
TIMING pod_128 1 2 142.38 err 0.00952 stationary True
TIMING pod_128 2 0 142.61 err 0.05303 stationary True
TIMING pod_128 1 1 142.77 err 0.00952 stationary True
TIMING pod_128 5 2 142.7 err 0.03727 stationary True
TIMING pod_128 7 2 142.97 err 0.02031 stationary True
TIMING pod_128 0 1 142.39 err 0.05016 stationary True
TIMING pod_128 6 1 142.6 err 0.00955 stationary True
TIMING pod_128 4 1 142.66 err 0.01721 stationary True
TIMING pod_128 3 1 142.67 err 0.01317 stationary True
TIMING pod_128 2 1 142.72 err 0.05303 stationary True
TIMING pod_128 0 2 142.89 err 0.05016 stationary True
TIMING pod_128 6 2 142.42 err 0.00955 stationary True
TIMING pod_64 2 0 109.31 err 0.10061 stationary True
TIMING pod_64 2 1 109.4 err 0.10061 stationary True
TIMING pod_64 7 0 109.44 err 0.04996 stationary True
TIMING pod_64 2 2 109.46 err 0.10061 stationary True
TIMING pod_64 3 2 109.79 err 0.04053 stationary True
TIMING pod_64 0 1 109.59 err 0.09856 stationary True
TIMING pod_64 5 0 109.74 err 0.05666 stationary True
TIMING pod_64 3 0 109.78 err 0.04053 stationary True
TIMING pod_64 4 2 110.03 err 0.04827 stationary True
TIMING pod_64 7 1 109.52 err 0.04996 stationary True
TIMING pod_64 3 1 109.73 err 0.04053 stationary True
TIMING pod_64 7 2 109.73 err 0.04996 stationary True
TIMING pod_64 1 0 110.06 err 0.02784 stationary True
TIMING pod_64 5 1 109.91 err 0.05666 stationary True
TIMING pod_64 5 2 110.3 err 0.05666 stationary True
TIMING pod_64 6 1 109.21 err 0.02274 stationary True
TIMING pod_64 1 2 109.54 err 0.02784 stationary True
TIMING pod_64 6 2 109.54 err 0.02274 stationary True
TIMING pod_64 1 1 109.68 err 0.02784 stationary True
TIMING pod_64 6 0 109.94 err 0.02274 stationary True
TIMING pod_64 0 0 110.48 err 0.09856 stationary True
TIMING pod_64 0 2 110.15 err 0.09856 stationary True
TIMING pod_64 4 0 109.63 err 0.04827 stationary True
TIMING pod_64 4 1 109.63 err 0.04827 stationary True
TIMING rom_q32 1 1 179.55 err 0.02632 stationary True
TIMING rom_q32 0 0 218.22 err 0.07444 stationary True
TIMING rom_q32 5 2 216.58 err 0.04879 stationary True
TIMING rom_q32 2 0 201.46 err 0.10662 stationary True
TIMING rom_q32 4 2 196.45 err 0.0471 stationary True
TIMING rom_q32 6 0 182.24 err 0.03221 stationary True
TIMING rom_q32 2 2 201.42 err 0.10662 stationary True
TIMING rom_q32 1 0 179.94 err 0.02632 stationary True
TIMING rom_q32 7 1 183.05 err 0.02987 stationary True
TIMING rom_q32 1 2 179.86 err 0.02632 stationary True
TIMING rom_q32 5 1 217.29 err 0.04879 stationary True
TIMING rom_q32 4 1 196.03 err 0.0471 stationary True
TIMING rom_q32 3 1 191.43 err 0.02418 stationary True
TIMING rom_q32 0 2 217.71 err 0.07444 stationary True
TIMING rom_q32 6 2 182.15 err 0.03221 stationary True
TIMING rom_q32 5 0 217.68 err 0.04879 stationary True
TIMING rom_q32 7 2 182.77 err 0.02987 stationary True
TIMING rom_q32 6 1 182.03 err 0.03221 stationary True
TIMING rom_q32 7 0 183.13 err 0.02987 stationary True
TIMING rom_q32 3 0 191.6 err 0.02418 stationary True
TIMING rom_q32 3 2 191.72 err 0.02418 stationary True
TIMING rom_q32 0 1 218.47 err 0.07444 stationary True
TIMING rom_q32 2 1 201.55 err 0.10662 stationary True
TIMING rom_q32 4 0 195.78 err 0.0471 stationary True
COMPLETE 321.7836559060961
