A_head282x64 {"floor_all": 0.23889678712934725, "floor_worst_evolved": 0.31940568530628405, "floor_t0": 0.05648215459487009, "floor_evolved": 0.2678809323118614, "per_time": [0.0565, 0.2781, 0.3066, 0.2748, 0.2349, 0.2001], "own_norm_all": 0.2976720187318335} {"same_time_all": 0.6441020026280095, "same_time_t0": 0.7418110506080368, "same_time_evolved": 0.6049820624956541, "per_time": [0.7418, 0.7351, 0.6869, 0.5985, 0.5107, 0.4629], "any_time_all": 0.5860975830052594, "same_time_own_norm": 0.7441195188240107}
A {"pod16": {"floor_all": 0.2370196700062583, "floor_worst_evolved": 0.33055298888757456, "floor_t0": 0.0770684383194074, "floor_evolved": 0.26528207568331186, "per_time": [0.0771, 0.2918, 0.3109, 0.2642, 0.2207, 0.1769], "own_norm_all": 0.28821911750480783}, "coverage": {"same_time_all": 0.6648541715725123, "same_time_t0": 0.8191617984939465, "same_time_evolved": 0.6363805277950714, "per_time": [0.8192, 0.8056, 0.7593, 0.6323, 0.569, 0.4916], "any_time_all": 0.602600570509213, "same_time_own_norm": 0.7900887019692047}, "newton_per_step": {"mean": 2.0, "max": 2, "frac_gt2": 0.0}, "verdict": {"floor_pass": false, "coverage_pass": false, "both": false, "floor_worst_pass": false}}
B {"pod16": {"floor_all": 0.23472708550972687, "floor_worst_evolved": 0.31747323007509287, "floor_t0": 0.2232058512338114, "floor_evolved": 0.24923854071267335, "per_time": [0.2232, 0.259, 0.2669, 0.2831, 0.2267, 0.1876], "own_norm_all": 0.3299100900207045}, "coverage": {"same_time_all": 0.3625359960623834, "same_time_t0": 0.17037067779011583, "same_time_evolved": 0.4076397335042102, "per_time": [0.1704, 0.3582, 0.4174, 0.4393, 0.4076, 0.3675], "any_time_all": 0.28616748310786444, "same_time_own_norm": 0.6032855993721904}, "newton_per_step": {"mean": 2.0, "max": 2, "frac_gt2": 0.0}, "verdict": {"floor_pass": false, "coverage_pass": false, "both": false, "floor_worst_pass": false}}
B2 {"pod16": {"floor_all": 0.34457407124486594, "floor_worst_evolved": 0.3859582957861577, "floor_t0": 0.37304873687322554, "floor_evolved": 0.3259250767129027, "per_time": [0.373, 0.3418, 0.3667, 0.3285, 0.3024, 0.281], "own_norm_all": 0.4671574607933298}, "coverage": {"same_time_all": 0.2437901615756956, "same_time_t0": 0.200364499879505, "same_time_evolved": 0.26665153785053997, "per_time": [0.2004, 0.2285, 0.2667, 0.2825, 0.2876, 0.2858], "any_time_all": 0.20650843230596294, "same_time_own_norm": 0.33750199474617926}, "newton_per_step": {"mean": 2.0, "max": 2, "frac_gt2": 0.0}, "verdict": {"floor_pass": false, "coverage_pass": true, "both": false, "floor_worst_pass": true}}
B3 {"pod16": {"floor_all": 0.3772223066406643, "floor_worst_evolved": 0.4596955882823177, "floor_t0": 0.33645477775134547, "floor_evolved": 0.40174907635656476, "per_time": [0.3365, 0.4062, 0.4376, 0.4065, 0.3777, 0.3302], "own_norm_all": 0.5530116228460713}, "coverage": {"same_time_all": 0.44901565461889337, "same_time_t0": 0.200364499879505, "same_time_evolved": 0.49533091128999396, "per_time": [0.2004, 0.4431, 0.5136, 0.5302, 0.4864, 0.4525], "any_time_all": 0.33560439872160136, "same_time_own_norm": 0.6629601938910381}, "newton_per_step": {"mean": 2.0, "max": 2, "frac_gt2": 0.0}, "verdict": {"floor_pass": true, "coverage_pass": false, "both": false, "floor_worst_pass": true}}
C {"pod16": {"floor_all": 0.3181913851236011, "floor_worst_evolved": 0.5464593864605181, "floor_t0": 0.14688110200411808, "floor_evolved": 0.3594658219799596, "per_time": [0.1469, 0.4557, 0.5171, 0.3773, 0.3071, 0.2785], "own_norm_all": 0.5943388204919817}, "coverage": {"same_time_all": 0.45086365795101635, "same_time_t0": 0.04599913634158852, "same_time_evolved": 0.49269394758694707, "per_time": [0.046, 0.6256, 0.6542, 0.5317, 0.411, 0.3946], "any_time_all": 0.3448422316066444, "same_time_own_norm": 0.8408330536415924}, "newton_per_step": {"mean": 2.0, "max": 2, "frac_gt2": 0.0}, "verdict": {"floor_pass": false, "coverage_pass": false, "both": false, "floor_worst_pass": true}}
D {"pod16": {"floor_all": 0.020361907552119033, "floor_worst_evolved": 0.028538439471840333, "floor_t0": 0.02290252929379874, "floor_evolved": 0.0202916886859918, "per_time": [0.0229, 0.0235, 0.0204, 0.0179, 0.0178, 0.0245], "own_norm_all": 0.02724864440937859}, "coverage": {"same_time_all": 0.0378031273874813, "same_time_t0": 0.025526937992734727, "same_time_evolved": 0.04125959575493572, "per_time": [0.0255, 0.0413, 0.0391, 0.041, 0.0421, 0.0466], "any_time_all": 0.03028576076496866, "same_time_own_norm": 0.05085636365570921}, "newton_per_step": {"mean": 2.0, "max": 2, "frac_gt2": 0.0}, "verdict": {"floor_pass": false, "coverage_pass": true, "both": false, "floor_worst_pass": false}}
E {"pod16": {"floor_all": 0.0775606423960795, "floor_worst_evolved": 0.13289982413625706, "floor_t0": 0.021039976478225163, "floor_evolved": 0.09200647134755754, "per_time": [0.021, 0.0548, 0.117, 0.1329, 0.1175, 0.1107], "own_norm_all": 0.08885713383718843}, "coverage": {"same_time_all": 0.4972392339795665, "same_time_t0": 0.536848281017287, "same_time_evolved": 0.4807914250987997, "per_time": [0.5368, 0.5379, 0.5215, 0.5078, 0.4605, 0.4212], "any_time_all": 0.4444240088953298, "same_time_own_norm": 0.5576668904947382}, "newton_per_step": {"mean": 2.0, "max": 2, "frac_gt2": 0.0}, "verdict": {"floor_pass": false, "coverage_pass": false, "both": false, "floor_worst_pass": false}}
| family | params (P) | T | POD-16 floor (all / worst-evolved) | POD-32 | POD-64 | coverage (same time) | t=0 split: POD-16 / cov | E(T)/E(0) · Z(T)/Z(0) | Newton it/step (mean/max) | verdict |
|---|---|---|---|---|---|---|---|---|---|---|
| A (head cohort 282/64) |  | 1.0 | **0.239** / 0.319 | 0.141 | 0.071 | **0.644** | 0.056 / 0.742 | 0.718 · 0.513 | n/a | FAIL both |
| A | 13 | 1.0 | **0.237** / 0.331 | 0.138 | 0.071 | **0.665** | 0.077 / 0.819 | 0.683 · 0.528 | 2.00 / 2 | FAIL both |
| B | 6 | 1.5 | **0.235** / 0.317 | 0.114 | 0.036 | **0.363** | 0.223 / 0.170 | 0.459 · 0.269 | 2.00 / 2 | FAIL both |
| B2 | 4 | 1.5 | **0.345** / 0.386 | 0.196 | 0.072 | **0.244** | 0.373 / 0.200 | 0.518 · 0.300 | 2.00 / 2 | coverage only |
| B3 | 6 | 1.5 | **0.377** / 0.460 | 0.238 | 0.083 | **0.449** | 0.336 / 0.200 | 0.524 · 0.307 | 2.00 / 2 | floor only |
| C | 6 | 1.0 | **0.318** / 0.546 | 0.247 | 0.162 | **0.451** | 0.147 / 0.046 | 0.503 · 0.179 | 2.00 / 2 | FAIL both |
| D | 6 | 1.0 | **0.020** / 0.029 | 0.009 | 0.004 | **0.038** | 0.023 / 0.026 | 0.750 · 0.472 | 2.00 / 2 | coverage only |
| E | 7 | 1.0 | **0.078** / 0.133 | 0.041 | 0.018 | **0.497** | 0.021 / 0.537 | 0.727 · 0.664 | 2.00 / 2 | FAIL both |

| family | POD-16 per output time (t = 0 … T) | coverage per output time | POD energy 16/32/64 | aligned (not pre-reg.) POD-16 / coverage | own-norm POD-16 / coverage | CFL | worst Newton res |
|---|---|---|---|---|---|---|---|
| A (head cohort 282/64) | 0.057 0.278 0.307 0.275 0.235 0.200 | 0.742 0.735 0.687 0.599 0.511 0.463 | 0.891 / 0.958 / 0.986 | 0.177 / 0.446 | 0.298 / 0.744 | nan | nan |
| A | 0.077 0.292 0.311 0.264 0.221 0.177 | 0.819 0.806 0.759 0.632 0.569 0.492 | 0.896 / 0.962 / 0.989 | 0.167 / 0.472 | 0.288 / 0.790 | 0.28 | 1.5e-15 |
| B | 0.223 0.259 0.267 0.283 0.227 0.188 | 0.170 0.358 0.417 0.439 0.408 0.367 | 0.838 / 0.968 / 0.995 | 0.079 / 0.123 | 0.330 / 0.603 | 0.37 | 3.4e-15 |
| B2 | 0.373 0.342 0.367 0.329 0.302 0.281 | 0.200 0.229 0.267 0.282 0.288 0.286 | 0.763 / 0.929 / 0.986 | 0.082 / 0.138 | 0.467 / 0.338 | 0.42 | 2.5e-14 |
| B3 | 0.337 0.406 0.438 0.406 0.378 0.330 | 0.200 0.443 0.514 0.530 0.486 0.453 | 0.695 / 0.897 / 0.982 | 0.094 / 0.140 | 0.553 / 0.663 | 0.47 | 7.0e-14 |
| C | 0.147 0.456 0.517 0.377 0.307 0.279 | 0.046 0.626 0.654 0.532 0.411 0.395 | 0.720 / 0.832 / 0.917 | 0.146 / 0.136 | 0.594 / 0.841 | 0.45 | 1.2e-12 |
| D | 0.023 0.024 0.020 0.018 0.018 0.025 | 0.025 0.041 0.039 0.041 0.042 0.047 | 0.999 / 1.000 / 1.000 | 0.009 / 0.017 | 0.027 / 0.051 | 0.16 | 1.5e-16 |
| E | 0.021 0.055 0.117 0.133 0.117 0.111 | 0.537 0.538 0.521 0.508 0.461 0.421 | 0.982 / 0.993 / 0.998 | 0.042 / 0.147 | 0.089 / 0.558 | 0.26 | 3.0e-16 |
