host=pax106 job_id=4285948
NVIDIA A100 80GB PCIe, GPU-10ba5789-de43-27ff-bc59-837e30b7d4d0, 81920 MiB, 575.57.08
10.235.106.30:/projects/paralab  4.6T  4.2T  373G  92% /cluster/tufts/paralab
jax_backend=gpu
torch_cuda True NVIDIA A100 80GB PCIe
jax_backend=gpu x64=True
CASE train burgers-train-00000 1.47
CASE train burgers-train-00001 0.11
CASE train burgers-train-00002 0.12
CASE train burgers-train-00003 0.18
CASE train burgers-train-00004 0.21
CASE train burgers-train-00005 0.15
CASE train burgers-train-00006 0.21
CASE train burgers-train-00007 0.21
CASE train burgers-train-00008 0.13
CASE train burgers-train-00009 0.21
CASE train burgers-train-00010 0.21
CASE train burgers-train-00011 0.08
CASE train burgers-train-00012 0.12
CASE train burgers-train-00013 0.18
CASE train burgers-train-00014 0.18
CASE train burgers-train-00015 0.09
CASE train burgers-train-00016 0.15
CASE train burgers-train-00017 0.18
CASE train burgers-train-00018 0.11
CASE train burgers-train-00019 0.16
CASE train burgers-train-00020 0.23
CASE train burgers-train-00021 0.14
CASE train burgers-train-00022 0.15
CASE train burgers-train-00023 0.23
CASE train burgers-train-00024 0.12
CASE train burgers-train-00025 0.29
CASE train burgers-train-00026 0.27
CASE train burgers-train-00027 0.14
CASE train burgers-train-00028 0.25
CASE train burgers-train-00029 0.25
CASE train burgers-train-00030 0.27
CASE train burgers-train-00031 0.21
CASE train burgers-train-00032 0.11
CASE train burgers-train-00033 0.1
CASE train burgers-train-00034 0.16
CASE train burgers-train-00035 0.07
CASE train burgers-train-00036 0.16
CASE train burgers-train-00037 0.16
CASE train burgers-train-00038 0.15
CASE train burgers-train-00039 0.24
CASE train burgers-train-00040 0.15
CASE train burgers-train-00041 0.18
CASE train burgers-train-00042 0.19
CASE train burgers-train-00043 0.21
CASE train burgers-train-00044 0.09
CASE train burgers-train-00045 0.14
CASE train burgers-train-00046 0.2
CASE train burgers-train-00047 0.09
CASE train burgers-train-00048 0.16
CASE train burgers-train-00049 0.16
CASE train burgers-train-00050 0.12
CASE train burgers-train-00051 0.21
CASE train burgers-train-00052 0.21
CASE train burgers-train-00053 0.18
CASE train burgers-train-00054 0.13
CASE train burgers-train-00055 0.14
CASE train burgers-train-00056 0.23
CASE train burgers-train-00057 0.21
CASE train burgers-train-00058 0.15
CASE train burgers-train-00059 0.17
CASE train burgers-train-00060 0.31
CASE train burgers-train-00061 0.14
CASE train burgers-train-00062 0.13
CASE train burgers-train-00063 0.17
CASE train burgers-train-00064 0.15
CASE train burgers-train-00065 0.15
CASE train burgers-train-00066 0.16
CASE train burgers-train-00067 0.13
CASE train burgers-train-00068 0.08
CASE train burgers-train-00069 0.12
CASE train burgers-train-00070 0.16
CASE train burgers-train-00071 0.14
CASE train burgers-train-00072 0.13
CASE train burgers-train-00073 0.13
CASE train burgers-train-00074 0.12
CASE train burgers-train-00075 0.23
CASE train burgers-train-00076 0.11
CASE train burgers-train-00077 0.15
CASE train burgers-train-00078 0.11
CASE train burgers-train-00079 0.25
CASE train burgers-train-00080 0.2
CASE train burgers-train-00081 0.17
CASE train burgers-train-00082 0.12
CASE train burgers-train-00083 0.16
CASE train burgers-train-00084 0.22
CASE train burgers-train-00085 0.14
CASE train burgers-train-00086 0.2
CASE train burgers-train-00087 0.19
CASE train burgers-train-00088 0.17
CASE train burgers-train-00089 0.18
CASE train burgers-train-00090 0.15
CASE train burgers-train-00091 0.14
CASE train burgers-train-00092 0.21
CASE train burgers-train-00093 0.23
CASE train burgers-train-00094 0.16
CASE train burgers-train-00095 0.13
CASE train burgers-train-00096 0.15
CASE train burgers-train-00097 0.14
CASE train burgers-train-00098 0.17
CASE train burgers-train-00099 0.23
CASE train burgers-train-00100 0.21
CASE train burgers-train-00101 0.19
CASE train burgers-train-00102 0.15
CASE train burgers-train-00103 0.15
CASE train burgers-train-00104 0.13
CASE train burgers-train-00105 0.12
CASE train burgers-train-00106 0.13
CASE train burgers-train-00107 0.12
CASE train burgers-train-00108 0.15
CASE train burgers-train-00109 0.23
CASE train burgers-train-00110 0.14
CASE train burgers-train-00111 0.18
CASE train burgers-train-00112 0.17
CASE train burgers-train-00113 0.18
CASE train burgers-train-00114 0.18
CASE train burgers-train-00115 0.17
CASE train burgers-train-00116 0.13
CASE train burgers-train-00117 0.16
CASE train burgers-train-00118 0.09
CASE train burgers-train-00119 0.19
CASE train burgers-train-00120 0.2
CASE train burgers-train-00121 0.13
CASE train burgers-train-00122 0.19
CASE train burgers-train-00123 0.1
CASE train burgers-train-00124 0.17
CASE train burgers-train-00125 0.18
CASE train burgers-train-00126 0.12
CASE train burgers-train-00127 0.21
CASE validation burgers-validation-00000 0.15
CASE validation burgers-validation-00001 0.15
CASE validation burgers-validation-00002 0.11
CASE validation burgers-validation-00003 0.1
CASE validation burgers-validation-00004 0.13
CASE validation burgers-validation-00005 0.25
CASE validation burgers-validation-00006 0.24
CASE validation burgers-validation-00007 0.15
CASE validation burgers-validation-00008 0.15
CASE validation burgers-validation-00009 0.12
CASE validation burgers-validation-00010 0.2
CASE validation burgers-validation-00011 0.09
CASE validation burgers-validation-00012 0.16
CASE validation burgers-validation-00013 0.13
CASE validation burgers-validation-00014 0.18
CASE validation burgers-validation-00015 0.09
CASE validation burgers-validation-00016 0.08
CASE validation burgers-validation-00017 0.18
CASE validation burgers-validation-00018 0.29
CASE validation burgers-validation-00019 0.28
CASE validation burgers-validation-00020 0.19
CASE validation burgers-validation-00021 0.14
CASE validation burgers-validation-00022 0.12
CASE validation burgers-validation-00023 0.12
CASE validation burgers-validation-00024 0.13
CASE validation burgers-validation-00025 0.11
CASE validation burgers-validation-00026 0.1
CASE validation burgers-validation-00027 0.1
CASE validation burgers-validation-00028 0.15
CASE validation burgers-validation-00029 0.1
CASE validation burgers-validation-00030 0.17
CASE validation burgers-validation-00031 0.18
OPDATA DONE {"mesh": 512, "dt": 0.005, "ntol": 1e-06, "ltol": 1e-08, "solver": "iterative_paths.make_fom(L, dt, \"fft\") = fft_tight", "dev6_sha256": "108f12dc8f9e6a64daf94f55861c616a29810134a52726e8a683a2a43892dc8a", "splits": {"train": {"cases": 128, "source_index_sha256": "5333584b7162df622ec7bc2b08e68d8003036b1b05abbea520249ed408fc8d49", "index_sha256": "15a2d1909321a8e7750afaf6a331ec1adb18bae37f6d0ac6696fa1c91e67357b", "median_seconds": 0.1594238835386932, "max_seconds": 1.4713503122329712, "worst_relative_residual": 9.962369501250175e-07}, "validation": {"cases": 32, "source_index_sha256": "468b9e70df3392c4b5bbb41381c9062d3d697ac4772b7236c4ee59d0ca73ebad", "index_sha256": "5a6a787daa5ba57b9e2b4cb18f60dba8bd3cde724146ea449f69b760ac112099", "median_seconds": 0.14349531312473118, "max_seconds": 0.2908344017341733, "worst_relative_residual": 9.93265469793368e-07}}}
{"arm": "tsol-refine", "config": "inputs/opconfigs/tsol-refine.json", "exit_code": 0, "started_unix": 1790269095.2395568, "ended_unix": 1790272125.2508197, "job_id": "4285948", "epochs": 538, "stop_reason": "wall_budget", "validation_mean_case_max": 0.02775225455895086, "validation_worst_case_max": 0.11358463380917645, "micro_batch_final": 8, "best_checkpoint_sha256": "03d6de4938c58b2eadcef1eb007fef5f0425b5babb0530614aea0ea5a8a485a8"}
WORKER FINISHED
worker_exit=0
run_exit=0
