host=pax105 job_id=4293779
NVIDIA A100 80GB PCIe, GPU-e1155fbe-2d60-1685-178c-9d7f9cbab295, 81920 MiB, 575.57.08
10.235.106.30:/projects/paralab  4.6T  4.2T  372G  93% /cluster/tufts/paralab
jax_backend=gpu
torch_cuda True NVIDIA A100 80GB PCIe
CASE train burgers-train-00000 6.67
CASE train burgers-train-00001 5.92
CASE train burgers-train-00002 6.42
CASE train burgers-train-00003 9.89
CASE train burgers-train-00004 11.96
CASE train burgers-train-00005 7.8
CASE train burgers-train-00006 11.87
CASE train burgers-train-00007 11.71
CASE train burgers-train-00008 6.85
CASE train burgers-train-00009 11.4
CASE train burgers-train-00010 11.4
CASE train burgers-train-00011 4.65
CASE train burgers-train-00012 6.35
CASE train burgers-train-00013 10.09
CASE train burgers-train-00014 9.53
CASE train burgers-train-00015 5.0
CASE train burgers-train-00016 8.03
CASE train burgers-train-00017 9.71
CASE train burgers-train-00018 5.96
CASE train burgers-train-00019 8.49
CASE train burgers-train-00020 12.58
CASE train burgers-train-00021 7.32
CASE train burgers-train-00022 8.19
CASE train burgers-train-00023 12.62
CASE train burgers-train-00024 6.31
CASE train burgers-train-00025 16.63
CASE train burgers-train-00026 15.4
CASE train burgers-train-00027 7.7
CASE train burgers-train-00028 14.27
CASE train burgers-train-00029 13.99
CASE train burgers-train-00030 14.96
CASE train burgers-train-00031 11.37
CASE train burgers-train-00032 5.75
CASE train burgers-train-00033 5.44
CASE train burgers-train-00034 8.46
CASE train burgers-train-00035 3.74
CASE train burgers-train-00036 8.59
CASE train burgers-train-00037 8.77
CASE train burgers-train-00038 8.25
CASE train burgers-train-00039 13.35
CASE train burgers-train-00040 7.9
CASE train burgers-train-00041 10.11
CASE train burgers-train-00042 10.29
CASE train burgers-train-00043 11.91
CASE train burgers-train-00044 5.05
CASE train burgers-train-00045 7.57
CASE train burgers-train-00046 11.03
CASE train burgers-train-00047 4.75
CASE train burgers-train-00048 8.69
CASE train burgers-train-00049 8.64
CASE train burgers-train-00050 6.61
CASE train burgers-train-00051 11.6
CASE train burgers-train-00052 11.91
CASE train burgers-train-00053 9.67
CASE train burgers-train-00054 7.25
CASE train burgers-train-00055 7.5
CASE train burgers-train-00056 12.87
CASE train burgers-train-00057 11.35
CASE train burgers-train-00058 8.15
CASE train burgers-train-00059 9.34
CASE train burgers-train-00060 18.0
CASE train burgers-train-00061 7.54
CASE train burgers-train-00062 7.28
CASE train burgers-train-00063 9.48
CASE train burgers-train-00064 8.0
CASE train burgers-train-00065 7.89
CASE train burgers-train-00066 8.87
CASE train burgers-train-00067 7.39
CASE train burgers-train-00068 4.7
CASE train burgers-train-00069 6.37
CASE train burgers-train-00070 8.58
CASE train burgers-train-00071 7.85
CASE train burgers-train-00072 7.22
CASE train burgers-train-00073 7.21
CASE train burgers-train-00074 6.61
CASE train burgers-train-00075 12.77
CASE train burgers-train-00076 5.93
CASE train burgers-train-00077 8.14
CASE train burgers-train-00078 6.0
CASE train burgers-train-00079 14.06
CASE train burgers-train-00080 11.07
CASE train burgers-train-00081 9.27
CASE train burgers-train-00082 6.27
CASE train burgers-train-00083 8.73
CASE train burgers-train-00084 11.8
CASE train burgers-train-00085 7.94
CASE train burgers-train-00086 11.12
CASE train burgers-train-00087 10.21
CASE train burgers-train-00088 9.67
CASE train burgers-train-00089 9.84
CASE train burgers-train-00090 8.2
CASE train burgers-train-00091 7.34
CASE train burgers-train-00092 11.52
CASE train burgers-train-00093 12.97
CASE train burgers-train-00094 8.63
CASE train burgers-train-00095 7.02
CASE train burgers-train-00096 8.16
CASE train burgers-train-00097 7.62
CASE train burgers-train-00098 9.37
CASE train burgers-train-00099 12.36
CASE train burgers-train-00100 11.4
CASE train burgers-train-00101 10.46
CASE train burgers-train-00102 7.94
CASE train burgers-train-00103 7.96
CASE train burgers-train-00104 7.26
CASE train burgers-train-00105 6.32
CASE train burgers-train-00106 6.82
CASE train burgers-train-00107 6.75
CASE train burgers-train-00108 8.33
CASE train burgers-train-00109 12.69
CASE train burgers-train-00110 7.4
CASE train burgers-train-00111 9.77
CASE train burgers-train-00112 9.23
CASE train burgers-train-00113 9.72
CASE train burgers-train-00114 9.55
CASE train burgers-train-00115 9.05
CASE train burgers-train-00116 7.01
CASE train burgers-train-00117 9.22
CASE train burgers-train-00118 5.13
CASE train burgers-train-00119 10.51
CASE train burgers-train-00120 11.16
CASE train burgers-train-00121 6.91
CASE train burgers-train-00122 10.33
CASE train burgers-train-00123 5.65
CASE train burgers-train-00124 9.5
CASE train burgers-train-00125 9.86
CASE train burgers-train-00126 6.58
CASE train burgers-train-00127 11.67
CASE validation burgers-validation-00000 8.01
CASE validation burgers-validation-00001 8.39
CASE validation burgers-validation-00002 6.08
CASE validation burgers-validation-00003 5.68
CASE validation burgers-validation-00004 7.11
CASE validation burgers-validation-00005 14.07
CASE validation burgers-validation-00006 13.52
CASE validation burgers-validation-00007 8.2
CASE validation burgers-validation-00008 7.86
CASE validation burgers-validation-00009 6.74
CASE validation burgers-validation-00010 11.09
CASE validation burgers-validation-00011 5.01
CASE validation burgers-validation-00012 8.99
CASE validation burgers-validation-00013 6.83
CASE validation burgers-validation-00014 9.63
CASE validation burgers-validation-00015 4.96
CASE validation burgers-validation-00016 4.7
CASE validation burgers-validation-00017 10.02
CASE validation burgers-validation-00018 16.46
CASE validation burgers-validation-00019 15.57
CASE validation burgers-validation-00020 10.66
CASE validation burgers-validation-00021 7.7
CASE validation burgers-validation-00022 6.38
CASE validation burgers-validation-00023 6.3
CASE validation burgers-validation-00024 7.34
CASE validation burgers-validation-00025 6.03
CASE validation burgers-validation-00026 5.61
CASE validation burgers-validation-00027 5.68
CASE validation burgers-validation-00028 8.44
CASE validation burgers-validation-00029 5.23
CASE validation burgers-validation-00030 9.36
CASE validation burgers-validation-00031 9.86
DATA DONE {"train": {"cases": 128, "source_index_sha256": "5333584b7162df622ec7bc2b08e68d8003036b1b05abbea520249ed408fc8d49", "median_seconds": 8.607715022284538, "host_bytes": 103129552896}, "validation": {"cases": 32, "source_index_sha256": "468b9e70df3392c4b5bbb41381c9062d3d697ac4772b7236c4ee59d0ca73ebad", "median_seconds": 7.782470633042976, "host_bytes": 25782388224}, "mesh": 4096, "seconds": 1595.0788076249883, "solver": "iterative_paths.make_fom(L, dt, \"fft\") = fft_tight", "storage": "host memory only (no per-case files)"}
torch_backend=cuda NVIDIA A100 80GB PCIe
{"micro_batch_reduced_to": 4, "epoch": 0}
{"micro_batch_reduced_to": 2, "epoch": 0}
{"micro_batch_reduced_to": 1, "epoch": 0}
ARM {"arm": "fno-large", "config": "inputs/opconfigs/fno-large.json", "job_id": "4293779", "started_unix": 1790282074.6332462, "ok": false, "error_type": "OutOfMemoryError", "error": "CUDA out of memory. Tried to allocate 41.77 GiB. GPU 0 has a total capacity of 79.25 GiB of which 5.17 GiB is free. Including non-PyTorch memory, this process has 74.07 GiB memory in use. Of the allocated memory 65.54 GiB is allocated by PyTorch, and 26.91 MiB is reserved by PyTorch but unallocated. If reserved but unallocated memory is large try setting PYTORCH_CUDA_ALLOC_CONF=expandable_segments:True to avoid fragmentation.  See documentation for Memory Management  (https://docs.pytorch.org/docs/stable/notes/cuda.html#optimizing-memory-usage-with-pytorch-cuda-alloc-conf)", "epochs_completed_before_error": 0, "ended_unix": 1790282093.2648208}
torch_backend=cuda NVIDIA A100 80GB PCIe
{"micro_batch_reduced_to": 4, "epoch": 0}
{"micro_batch_reduced_to": 2, "epoch": 0}
{"micro_batch_reduced_to": 1, "epoch": 0}
{"epoch": 0, "train_mean_squared_relative_error": 0.37085180192706874, "wall_seconds": 269.4690272230655, "best_so_far": 0.5476111465876945}
{"epoch": 1, "train_mean_squared_relative_error": 0.1807910412570512, "wall_seconds": 535.4841949129477, "best_so_far": 0.5054350757301472}
{"epoch": 2, "train_mean_squared_relative_error": 0.14353899307336976, "wall_seconds": 801.5506770969369, "best_so_far": 0.4797977067289186}
{"epoch": 3, "train_mean_squared_relative_error": 0.11423296227436999, "wall_seconds": 1067.6396584110335, "best_so_far": 0.3734230895021241}
{"epoch": 4, "train_mean_squared_relative_error": 0.08141474754829361, "wall_seconds": 1334.1068994998932, "best_so_far": 0.3127643649818005}
{"epoch": 5, "train_mean_squared_relative_error": 0.06207492877672152, "wall_seconds": 1600.4862020509318, "best_so_far": 0.26846668817777636}
{"epoch": 6, "train_mean_squared_relative_error": 0.052084062215702484, "wall_seconds": 1866.8809037138708, "best_so_far": 0.24337232641929812}
{"epoch": 7, "train_mean_squared_relative_error": 0.04512103670679237, "wall_seconds": 2133.4145326097496, "best_so_far": 0.2191328837011569}
{"epoch": 8, "train_mean_squared_relative_error": 0.03788919261198318, "wall_seconds": 2399.96886300575, "best_so_far": 0.2191328837011569}
{"epoch": 9, "train_mean_squared_relative_error": 0.03737068467809846, "wall_seconds": 2666.258539420087, "best_so_far": 0.21219354477921998}
{"epoch": 10, "train_mean_squared_relative_error": 0.03146276857717209, "wall_seconds": 2932.704065793194, "best_so_far": 0.1950108516542277}
{"epoch": 11, "train_mean_squared_relative_error": 0.030508086689062217, "wall_seconds": 3199.1289647510275, "best_so_far": 0.1950108516542277}
ARM {"arm": "unet-refine", "config": "inputs/opconfigs/unet-refine.json", "job_id": "4293779", "started_unix": 1790282093.5205662, "ok": true, "epochs": 12, "stop_reason": "wall_budget", "validation_mean_case_max": 0.1950108516542277, "validation_worst_case_max": 0.37316390781631176, "micro_batch_final": 1, "best_checkpoint_sha256": "ca748bf0a6edff1b49bca2a45daecd85ef156e22f0990b83c7870b3260b24ff6", "ended_unix": 1790285335.9365847}
torch_backend=cuda NVIDIA A100 80GB PCIe
{"micro_batch_reduced_to": 4, "epoch": 0}
{"micro_batch_reduced_to": 2, "epoch": 0}
{"micro_batch_reduced_to": 1, "epoch": 0}
ARM {"arm": "tsol-refine", "config": "inputs/opconfigs/tsol-refine.json", "job_id": "4293779", "started_unix": 1790285336.2565901, "ok": false, "error_type": "OutOfMemoryError", "error": "CUDA out of memory. Tried to allocate 1.00 GiB. GPU 0 has a total capacity of 79.25 GiB of which 263.88 MiB is free. Including non-PyTorch memory, this process has 78.98 GiB memory in use. Of the allocated memory 70.36 GiB is allocated by PyTorch, and 114.01 MiB is reserved by PyTorch but unallocated. If reserved but unallocated memory is large try setting PYTORCH_CUDA_ALLOC_CONF=expandable_segments:True to avoid fragmentation.  See documentation for Memory Management  (https://docs.pytorch.org/docs/stable/notes/cuda.html#optimizing-memory-usage-with-pytorch-cuda-alloc-conf)", "epochs_completed_before_error": 0, "ended_unix": 1790285350.3160632}
torch_backend=cuda NVIDIA A100 80GB PCIe
{"micro_batch_reduced_to": 4, "epoch": 0}
{"micro_batch_reduced_to": 2, "epoch": 0}
{"micro_batch_reduced_to": 1, "epoch": 0}
ARM {"arm": "don-small", "config": "inputs/opconfigs/don-small.json", "job_id": "4293779", "started_unix": 1790285350.8414335, "ok": false, "error_type": "OutOfMemoryError", "error": "CUDA out of memory. Tried to allocate 24.01 GiB. GPU 0 has a total capacity of 79.25 GiB of which 21.55 GiB is free. Including non-PyTorch memory, this process has 57.69 GiB memory in use. Of the allocated memory 49.08 GiB is allocated by PyTorch, and 104.57 MiB is reserved by PyTorch but unallocated. If reserved but unallocated memory is large try setting PYTORCH_CUDA_ALLOC_CONF=expandable_segments:True to avoid fragmentation.  See documentation for Memory Management  (https://docs.pytorch.org/docs/stable/notes/cuda.html#optimizing-memory-usage-with-pytorch-cuda-alloc-conf)", "epochs_completed_before_error": 0, "ended_unix": 1790285364.4429367}
TRAIN_MEM FINISHED
run_exit=0
