host=pax050 job_id=4298069
NVIDIA A100 80GB PCIe, GPU-2fa16ce0-8cbb-a4bf-cedd-ac0436db49e7, 81920 MiB, 575.57.08
10.235.106.32:/projects/paralab  4.6T  4.2T  371G  93% /cluster/tufts/paralab
jax_backend=gpu
torch_cuda True NVIDIA A100 80GB PCIe
CASE train burgers-train-00000 1.17
CASE train burgers-train-00001 0.12
CASE train burgers-train-00002 0.12
CASE train burgers-train-00003 0.19
CASE train burgers-train-00004 0.22
CASE train burgers-train-00005 0.15
CASE train burgers-train-00006 0.22
CASE train burgers-train-00007 0.22
CASE train burgers-train-00008 0.13
CASE train burgers-train-00009 0.21
CASE train burgers-train-00010 0.21
CASE train burgers-train-00011 0.09
CASE train burgers-train-00012 0.12
CASE train burgers-train-00013 0.19
CASE train burgers-train-00014 0.18
CASE train burgers-train-00015 0.1
CASE train burgers-train-00016 0.15
CASE train burgers-train-00017 0.18
CASE train burgers-train-00018 0.11
CASE train burgers-train-00019 0.16
CASE train burgers-train-00020 0.23
CASE train burgers-train-00021 0.14
CASE train burgers-train-00022 0.16
CASE train burgers-train-00023 0.24
CASE train burgers-train-00024 0.12
CASE train burgers-train-00025 0.3
CASE train burgers-train-00026 0.28
CASE train burgers-train-00027 0.14
CASE train burgers-train-00028 0.25
CASE train burgers-train-00029 0.25
CASE train burgers-train-00030 0.27
CASE train burgers-train-00031 0.21
CASE train burgers-train-00032 0.11
CASE train burgers-train-00033 0.11
CASE train burgers-train-00034 0.16
CASE train burgers-train-00035 0.07
CASE train burgers-train-00036 0.16
CASE train burgers-train-00037 0.17
CASE train burgers-train-00038 0.16
CASE train burgers-train-00039 0.24
CASE train burgers-train-00040 0.15
CASE train burgers-train-00041 0.19
CASE train burgers-train-00042 0.19
CASE train burgers-train-00043 0.22
CASE train burgers-train-00044 0.1
CASE train burgers-train-00045 0.14
CASE train burgers-train-00046 0.2
CASE train burgers-train-00047 0.09
CASE train burgers-train-00048 0.16
CASE train burgers-train-00049 0.16
CASE train burgers-train-00050 0.13
CASE train burgers-train-00051 0.21
CASE train burgers-train-00052 0.22
CASE train burgers-train-00053 0.18
CASE train burgers-train-00054 0.14
CASE train burgers-train-00055 0.14
CASE train burgers-train-00056 0.23
CASE train burgers-train-00057 0.21
CASE train burgers-train-00058 0.16
CASE train burgers-train-00059 0.18
CASE train burgers-train-00060 0.31
CASE train burgers-train-00061 0.14
CASE train burgers-train-00062 0.14
CASE train burgers-train-00063 0.18
CASE train burgers-train-00064 0.15
CASE train burgers-train-00065 0.15
CASE train burgers-train-00066 0.17
CASE train burgers-train-00067 0.14
CASE train burgers-train-00068 0.09
CASE train burgers-train-00069 0.12
CASE train burgers-train-00070 0.17
CASE train burgers-train-00071 0.15
CASE train burgers-train-00072 0.14
CASE train burgers-train-00073 0.14
CASE train burgers-train-00074 0.13
CASE train burgers-train-00075 0.23
CASE train burgers-train-00076 0.11
CASE train burgers-train-00077 0.15
CASE train burgers-train-00078 0.12
CASE train burgers-train-00079 0.25
CASE train burgers-train-00080 0.2
CASE train burgers-train-00081 0.17
CASE train burgers-train-00082 0.12
CASE train burgers-train-00083 0.17
CASE train burgers-train-00084 0.22
CASE train burgers-train-00085 0.15
CASE train burgers-train-00086 0.21
CASE train burgers-train-00087 0.19
CASE train burgers-train-00088 0.18
CASE train burgers-train-00089 0.19
CASE train burgers-train-00090 0.16
CASE train burgers-train-00091 0.14
CASE train burgers-train-00092 0.21
CASE train burgers-train-00093 0.24
CASE train burgers-train-00094 0.16
CASE train burgers-train-00095 0.13
CASE train burgers-train-00096 0.16
CASE train burgers-train-00097 0.14
CASE train burgers-train-00098 0.17
CASE train burgers-train-00099 0.23
CASE train burgers-train-00100 0.21
CASE train burgers-train-00101 0.2
CASE train burgers-train-00102 0.15
CASE train burgers-train-00103 0.15
CASE train burgers-train-00104 0.13
CASE train burgers-train-00105 0.12
CASE train burgers-train-00106 0.13
CASE train burgers-train-00107 0.13
CASE train burgers-train-00108 0.16
CASE train burgers-train-00109 0.23
CASE train burgers-train-00110 0.14
CASE train burgers-train-00111 0.18
CASE train burgers-train-00112 0.17
CASE train burgers-train-00113 0.18
CASE train burgers-train-00114 0.18
CASE train burgers-train-00115 0.17
CASE train burgers-train-00116 0.13
CASE train burgers-train-00117 0.17
CASE train burgers-train-00118 0.1
CASE train burgers-train-00119 0.2
CASE train burgers-train-00120 0.21
CASE train burgers-train-00121 0.13
CASE train burgers-train-00122 0.19
CASE train burgers-train-00123 0.11
CASE train burgers-train-00124 0.18
CASE train burgers-train-00125 0.19
CASE train burgers-train-00126 0.13
CASE train burgers-train-00127 0.21
CASE validation burgers-validation-00000 0.15
CASE validation burgers-validation-00001 0.16
CASE validation burgers-validation-00002 0.12
CASE validation burgers-validation-00003 0.11
CASE validation burgers-validation-00004 0.14
CASE validation burgers-validation-00005 0.26
CASE validation burgers-validation-00006 0.25
CASE validation burgers-validation-00007 0.16
CASE validation burgers-validation-00008 0.15
CASE validation burgers-validation-00009 0.13
CASE validation burgers-validation-00010 0.2
CASE validation burgers-validation-00011 0.1
CASE validation burgers-validation-00012 0.17
CASE validation burgers-validation-00013 0.13
CASE validation burgers-validation-00014 0.18
CASE validation burgers-validation-00015 0.09
CASE validation burgers-validation-00016 0.09
CASE validation burgers-validation-00017 0.19
CASE validation burgers-validation-00018 0.29
CASE validation burgers-validation-00019 0.28
CASE validation burgers-validation-00020 0.2
CASE validation burgers-validation-00021 0.15
CASE validation burgers-validation-00022 0.12
CASE validation burgers-validation-00023 0.12
CASE validation burgers-validation-00024 0.14
CASE validation burgers-validation-00025 0.11
CASE validation burgers-validation-00026 0.11
CASE validation burgers-validation-00027 0.11
CASE validation burgers-validation-00028 0.16
CASE validation burgers-validation-00029 0.1
CASE validation burgers-validation-00030 0.18
CASE validation burgers-validation-00031 0.18
DATA DONE {"train": {"cases": 128, "source_index_sha256": "5333584b7162df622ec7bc2b08e68d8003036b1b05abbea520249ed408fc8d49", "median_seconds": 0.1644409103319049, "host_bytes": 1616910336}, "validation": {"cases": 32, "source_index_sha256": "468b9e70df3392c4b5bbb41381c9062d3d697ac4772b7236c4ee59d0ca73ebad", "median_seconds": 0.14775084797292948, "host_bytes": 404227584}, "mesh": 512, "seconds": 31.195446032099426, "solver": "iterative_paths.make_fom(L, dt, \"fft\") = fft_tight", "storage": "host memory only (no per-case files)"}
torch_backend=cuda NVIDIA A100 80GB PCIe
{"epoch": 0, "train_mean_squared_relative_error": 0.32553925014261187, "wall_seconds": 8.784662878140807, "best_so_far": 0.40577169459338003}
{"epoch": 1, "train_mean_squared_relative_error": 0.08624037579977592, "wall_seconds": 18.20973970228806, "best_so_far": 0.22924097486868372}
{"epoch": 2, "train_mean_squared_relative_error": 0.0374739359031535, "wall_seconds": 27.706668911036104, "best_so_far": 0.2055052852398059}
{"epoch": 3, "train_mean_squared_relative_error": 0.0281984509267895, "wall_seconds": 37.28414645418525, "best_so_far": 0.1736839292518259}
{"epoch": 4, "train_mean_squared_relative_error": 0.018522378189437094, "wall_seconds": 47.16217488842085, "best_so_far": 0.15697864225234337}
{"epoch": 5, "train_mean_squared_relative_error": 0.014462532520202935, "wall_seconds": 56.81153418822214, "best_so_far": 0.12995533369114554}
{"epoch": 6, "train_mean_squared_relative_error": 0.01124292615622305, "wall_seconds": 66.51086083613336, "best_so_far": 0.11827490793620107}
{"epoch": 7, "train_mean_squared_relative_error": 0.009391838557315768, "wall_seconds": 76.17988500138745, "best_so_far": 0.1136073407792446}
{"epoch": 8, "train_mean_squared_relative_error": 0.007803955150328833, "wall_seconds": 86.0197076019831, "best_so_far": 0.10024329614638575}
{"epoch": 9, "train_mean_squared_relative_error": 0.004965948512860146, "wall_seconds": 95.71002489933744, "best_so_far": 0.08288711899464443}
{"epoch": 10, "train_mean_squared_relative_error": 0.003804299337732432, "wall_seconds": 105.41333732008934, "best_so_far": 0.0801244013010745}
{"epoch": 11, "train_mean_squared_relative_error": 0.0031346235333253305, "wall_seconds": 115.04800359532237, "best_so_far": 0.07498985040873427}
{"epoch": 12, "train_mean_squared_relative_error": 0.0027249635788064324, "wall_seconds": 124.70731137413532, "best_so_far": 0.06846257750987353}
{"epoch": 13, "train_mean_squared_relative_error": 0.0023348833470668694, "wall_seconds": 134.3027328532189, "best_so_far": 0.06113466768405633}
{"epoch": 14, "train_mean_squared_relative_error": 0.001931126402857447, "wall_seconds": 143.98883645003662, "best_so_far": 0.059762665752890465}
{"epoch": 15, "train_mean_squared_relative_error": 0.0015831624535251822, "wall_seconds": 153.72445487324148, "best_so_far": 0.056257626366260166}
{"epoch": 16, "train_mean_squared_relative_error": 0.0014269361334820366, "wall_seconds": 163.38039264502004, "best_so_far": 0.055112368773556866}
{"epoch": 17, "train_mean_squared_relative_error": 0.001203208934313607, "wall_seconds": 173.0019670203328, "best_so_far": 0.05018954238975536}
{"epoch": 18, "train_mean_squared_relative_error": 0.0010965079209673135, "wall_seconds": 182.6407788861543, "best_so_far": 0.05018954238975536}
{"epoch": 19, "train_mean_squared_relative_error": 0.0010506358872291724, "wall_seconds": 191.60528583219275, "best_so_far": 0.049037036197750364}
{"epoch": 20, "train_mean_squared_relative_error": 0.0009852131049905416, "wall_seconds": 201.27590355230495, "best_so_far": 0.047149072053344857}
{"epoch": 21, "train_mean_squared_relative_error": 0.0010278458571577227, "wall_seconds": 210.974934598431, "best_so_far": 0.04635643988020814}
{"epoch": 22, "train_mean_squared_relative_error": 0.0009321125863553986, "wall_seconds": 220.52072737319395, "best_so_far": 0.04462464865952667}
{"epoch": 23, "train_mean_squared_relative_error": 0.0007624511009823635, "wall_seconds": 230.06551006110385, "best_so_far": 0.04397492632831118}
{"epoch": 24, "train_mean_squared_relative_error": 0.0006932553468001652, "wall_seconds": 239.78877071803436, "best_so_far": 0.04201003507998333}
{"epoch": 25, "train_mean_squared_relative_error": 0.000708891342900793, "wall_seconds": 249.55182923842221, "best_so_far": 0.04201003507998333}
{"epoch": 26, "train_mean_squared_relative_error": 0.0006767298189334152, "wall_seconds": 258.4934555683285, "best_so_far": 0.041654453531546926}
{"epoch": 27, "train_mean_squared_relative_error": 0.0005486876797513587, "wall_seconds": 268.0338632701896, "best_so_far": 0.041654453531546926}
{"epoch": 28, "train_mean_squared_relative_error": 0.0005796743266659271, "wall_seconds": 277.0451355064288, "best_so_far": 0.04150270906019367}
{"epoch": 29, "train_mean_squared_relative_error": 0.0005499720740567004, "wall_seconds": 286.73902158997953, "best_so_far": 0.04127174404734517}
{"epoch": 30, "train_mean_squared_relative_error": 0.0005047790161193433, "wall_seconds": 296.31141336401924, "best_so_far": 0.03963048681334495}
{"epoch": 31, "train_mean_squared_relative_error": 0.000510836327680059, "wall_seconds": 306.00567998318, "best_so_far": 0.03963048681334495}
{"epoch": 32, "train_mean_squared_relative_error": 0.0004808757379220859, "wall_seconds": 315.04520203731954, "best_so_far": 0.03789690639285652}
{"epoch": 33, "train_mean_squared_relative_error": 0.0004374638386371645, "wall_seconds": 324.7927471389994, "best_so_far": 0.03651641163713416}
{"epoch": 34, "train_mean_squared_relative_error": 0.0003910485541627088, "wall_seconds": 334.3738482790068, "best_so_far": 0.03651641163713416}
{"epoch": 35, "train_mean_squared_relative_error": 0.0004238876213951185, "wall_seconds": 343.3868572344072, "best_so_far": 0.03651641163713416}
{"epoch": 36, "train_mean_squared_relative_error": 0.0016233773354607892, "wall_seconds": 352.34624034538865, "best_so_far": 0.03651641163713416}
{"epoch": 37, "train_mean_squared_relative_error": 0.0020838805346198863, "wall_seconds": 361.30626267241314, "best_so_far": 0.03651641163713416}
{"epoch": 38, "train_mean_squared_relative_error": 0.0019358555874120138, "wall_seconds": 370.40781043004245, "best_so_far": 0.03651641163713416}
{"epoch": 39, "train_mean_squared_relative_error": 0.0009634252360370232, "wall_seconds": 379.4135016533546, "best_so_far": 0.03651641163713416}
{"epoch": 40, "train_mean_squared_relative_error": 0.000692627191952008, "wall_seconds": 388.393570844084, "best_so_far": 0.03651641163713416}
{"epoch": 41, "train_mean_squared_relative_error": 0.000810567340707151, "wall_seconds": 397.3515735073015, "best_so_far": 0.03651641163713416}
{"epoch": 42, "train_mean_squared_relative_error": 0.0013587018028331326, "wall_seconds": 406.30468899430707, "best_so_far": 0.03651641163713416}
{"epoch": 43, "train_mean_squared_relative_error": 0.0015950274613308417, "wall_seconds": 415.25719676632434, "best_so_far": 0.03651641163713416}
{"epoch": 44, "train_mean_squared_relative_error": 0.001173235626685197, "wall_seconds": 424.2368468530476, "best_so_far": 0.03651641163713416}
{"epoch": 45, "train_mean_squared_relative_error": 0.0007708657849393545, "wall_seconds": 433.24116955837235, "best_so_far": 0.03651641163713416}
{"epoch": 46, "train_mean_squared_relative_error": 0.0005270186874160413, "wall_seconds": 442.2916780691594, "best_so_far": 0.03651641163713416}
{"epoch": 47, "train_mean_squared_relative_error": 0.0004084753167193603, "wall_seconds": 451.46464862907305, "best_so_far": 0.03651641163713416}
{"epoch": 48, "train_mean_squared_relative_error": 0.00044170032878492014, "wall_seconds": 460.5311570703052, "best_so_far": 0.03651641163713416}
{"epoch": 49, "train_mean_squared_relative_error": 0.000559410087297586, "wall_seconds": 469.4844699460082, "best_so_far": 0.03409499681950337}
{"epoch": 50, "train_mean_squared_relative_error": 0.0006006661659442987, "wall_seconds": 479.0816306332126, "best_so_far": 0.03409499681950337}
{"epoch": 51, "train_mean_squared_relative_error": 0.00037789098539113536, "wall_seconds": 488.13964697299525, "best_so_far": 0.03409499681950337}
{"epoch": 52, "train_mean_squared_relative_error": 0.00029214729429966, "wall_seconds": 497.20422888733447, "best_so_far": 0.03282498879737432}
{"epoch": 53, "train_mean_squared_relative_error": 0.00033336533354066727, "wall_seconds": 506.9033051840961, "best_so_far": 0.03282498879737432}
{"epoch": 54, "train_mean_squared_relative_error": 0.00028911435610177826, "wall_seconds": 515.8507571662776, "best_so_far": 0.03282498879737432}
{"epoch": 55, "train_mean_squared_relative_error": 0.0002906378410378039, "wall_seconds": 524.7955814623274, "best_so_far": 0.03282498879737432}
{"epoch": 56, "train_mean_squared_relative_error": 0.00032193754017644134, "wall_seconds": 533.8942157980055, "best_so_far": 0.03282498879737432}
{"epoch": 57, "train_mean_squared_relative_error": 0.00029093007832084103, "wall_seconds": 542.8504838990048, "best_so_far": 0.03282498879737432}
{"epoch": 58, "train_mean_squared_relative_error": 0.00022006733078047601, "wall_seconds": 551.8006765181199, "best_so_far": 0.03174066172722626}
{"epoch": 59, "train_mean_squared_relative_error": 0.0001956943535553799, "wall_seconds": 561.6499792360701, "best_so_far": 0.03174066172722626}
{"epoch": 60, "train_mean_squared_relative_error": 0.00017716607434350968, "wall_seconds": 570.6123523581773, "best_so_far": 0.030557395954500795}
{"epoch": 61, "train_mean_squared_relative_error": 0.00015724149465981113, "wall_seconds": 580.2898737881333, "best_so_far": 0.029628242983374395}
{"epoch": 62, "train_mean_squared_relative_error": 0.00014716837246330348, "wall_seconds": 589.9567138520069, "best_so_far": 0.029499691352294827}
{"epoch": 63, "train_mean_squared_relative_error": 0.00015109026190222836, "wall_seconds": 599.7292878134176, "best_so_far": 0.028745774436304005}
{"epoch": 64, "train_mean_squared_relative_error": 0.00014087140730698728, "wall_seconds": 609.4323705229908, "best_so_far": 0.028745774436304005}
{"epoch": 65, "train_mean_squared_relative_error": 0.00014910246183326523, "wall_seconds": 618.418908462394, "best_so_far": 0.028745774436304005}
{"epoch": 66, "train_mean_squared_relative_error": 0.0001365340562686812, "wall_seconds": 627.3768486822955, "best_so_far": 0.028745774436304005}
{"epoch": 67, "train_mean_squared_relative_error": 0.00012927981756825284, "wall_seconds": 636.3687233612873, "best_so_far": 0.028745774436304005}
{"epoch": 68, "train_mean_squared_relative_error": 0.00014470137045640124, "wall_seconds": 645.3277052873746, "best_so_far": 0.028745774436304005}
{"epoch": 69, "train_mean_squared_relative_error": 0.00014774943026896046, "wall_seconds": 654.3081879061647, "best_so_far": 0.028745774436304005}
{"epoch": 70, "train_mean_squared_relative_error": 0.0001376227829766557, "wall_seconds": 663.3070937162265, "best_so_far": 0.028745774436304005}
{"epoch": 71, "train_mean_squared_relative_error": 0.00012901767878862347, "wall_seconds": 672.3159179501235, "best_so_far": 0.028621895520650358}
{"epoch": 72, "train_mean_squared_relative_error": 0.0001221052144992432, "wall_seconds": 681.955355908256, "best_so_far": 0.028276787178986535}
{"epoch": 73, "train_mean_squared_relative_error": 0.00010779393090124158, "wall_seconds": 691.6264809099957, "best_so_far": 0.028193117667801103}
{"epoch": 74, "train_mean_squared_relative_error": 0.0001483780700057543, "wall_seconds": 701.3416466792114, "best_so_far": 0.028193117667801103}
{"epoch": 75, "train_mean_squared_relative_error": 0.00015333383604411238, "wall_seconds": 710.3301361100748, "best_so_far": 0.028193117667801103}
{"epoch": 76, "train_mean_squared_relative_error": 0.0001360426254271101, "wall_seconds": 719.2663131779991, "best_so_far": 0.028193117667801103}
{"epoch": 77, "train_mean_squared_relative_error": 0.00023619868637668947, "wall_seconds": 728.3346110112034, "best_so_far": 0.028193117667801103}
{"epoch": 78, "train_mean_squared_relative_error": 0.00023896141547506702, "wall_seconds": 737.3211301034316, "best_so_far": 0.028193117667801103}
{"epoch": 79, "train_mean_squared_relative_error": 0.0004096181261802975, "wall_seconds": 746.3187458892353, "best_so_far": 0.028193117667801103}
{"epoch": 80, "train_mean_squared_relative_error": 0.00040140854156116035, "wall_seconds": 755.3626354373991, "best_so_far": 0.028193117667801103}
{"epoch": 81, "train_mean_squared_relative_error": 0.0005577814467212726, "wall_seconds": 764.4059272343293, "best_so_far": 0.028193117667801103}
{"epoch": 82, "train_mean_squared_relative_error": 0.000834895231488648, "wall_seconds": 773.3291652542539, "best_so_far": 0.028193117667801103}
{"epoch": 83, "train_mean_squared_relative_error": 0.0006523202714207954, "wall_seconds": 782.3669434813783, "best_so_far": 0.028193117667801103}
{"epoch": 84, "train_mean_squared_relative_error": 0.0011689690668259748, "wall_seconds": 791.3437039433047, "best_so_far": 0.028193117667801103}
{"epoch": 85, "train_mean_squared_relative_error": 0.0020227548140376375, "wall_seconds": 800.3149748691358, "best_so_far": 0.028193117667801103}
{"epoch": 86, "train_mean_squared_relative_error": 0.0013261117291603565, "wall_seconds": 809.3176193251275, "best_so_far": 0.028193117667801103}
{"epoch": 87, "train_mean_squared_relative_error": 0.0009086938102810359, "wall_seconds": 818.2936342153698, "best_so_far": 0.028193117667801103}
{"epoch": 88, "train_mean_squared_relative_error": 0.0008388626356536535, "wall_seconds": 827.3167385980487, "best_so_far": 0.028193117667801103}
{"epoch": 89, "train_mean_squared_relative_error": 0.0008103311795870798, "wall_seconds": 836.2892241012305, "best_so_far": 0.028193117667801103}
{"epoch": 90, "train_mean_squared_relative_error": 0.0005815273370821723, "wall_seconds": 845.3458875194192, "best_so_far": 0.028193117667801103}
{"epoch": 91, "train_mean_squared_relative_error": 0.00033833768407631347, "wall_seconds": 854.3850856539793, "best_so_far": 0.028193117667801103}
{"epoch": 92, "train_mean_squared_relative_error": 0.00021780644330347557, "wall_seconds": 863.3490778692067, "best_so_far": 0.028193117667801103}
{"epoch": 93, "train_mean_squared_relative_error": 0.0002029710200236219, "wall_seconds": 872.3526391531341, "best_so_far": 0.028193117667801103}
{"epoch": 94, "train_mean_squared_relative_error": 0.0004092069552077232, "wall_seconds": 881.3537065121345, "best_so_far": 0.028193117667801103}
{"epoch": 95, "train_mean_squared_relative_error": 0.00023371387548961522, "wall_seconds": 890.3927638321184, "best_so_far": 0.028193117667801103}
{"epoch": 96, "train_mean_squared_relative_error": 0.0001626303068812776, "wall_seconds": 899.4004885652103, "best_so_far": 0.028193117667801103}
{"epoch": 97, "train_mean_squared_relative_error": 0.00012110787658171862, "wall_seconds": 908.4370214422233, "best_so_far": 0.028193117667801103}
{"epoch": 98, "train_mean_squared_relative_error": 0.00010525780818142743, "wall_seconds": 917.4727938161232, "best_so_far": 0.027973097348633853}
{"epoch": 99, "train_mean_squared_relative_error": 8.427194502491757e-05, "wall_seconds": 927.0728131840006, "best_so_far": 0.027694880487782965}
{"epoch": 100, "train_mean_squared_relative_error": 7.686670718485774e-05, "wall_seconds": 936.7666014092974, "best_so_far": 0.027467264356231744}
{"epoch": 101, "train_mean_squared_relative_error": 7.267386258705209e-05, "wall_seconds": 946.6155778202228, "best_so_far": 0.026912087905605432}
{"epoch": 102, "train_mean_squared_relative_error": 6.960566662456445e-05, "wall_seconds": 956.362507390324, "best_so_far": 0.026912087905605432}
{"epoch": 103, "train_mean_squared_relative_error": 6.493061994316736e-05, "wall_seconds": 965.3760092370212, "best_so_far": 0.026912087905605432}
{"epoch": 104, "train_mean_squared_relative_error": 6.452674631223258e-05, "wall_seconds": 974.3199707563035, "best_so_far": 0.026878216016950125}
{"epoch": 105, "train_mean_squared_relative_error": 6.480128009386954e-05, "wall_seconds": 984.1120164883323, "best_so_far": 0.02657560902803443}
{"epoch": 106, "train_mean_squared_relative_error": 6.46338921258683e-05, "wall_seconds": 993.707108173985, "best_so_far": 0.02657560902803443}
{"epoch": 107, "train_mean_squared_relative_error": 6.532908421050299e-05, "wall_seconds": 1002.695242814254, "best_so_far": 0.02657560902803443}
{"epoch": 108, "train_mean_squared_relative_error": 6.469352381210071e-05, "wall_seconds": 1011.6639929511584, "best_so_far": 0.02657560902803443}
{"epoch": 109, "train_mean_squared_relative_error": 6.205726750820936e-05, "wall_seconds": 1020.874928495381, "best_so_far": 0.026417751225601957}
{"epoch": 110, "train_mean_squared_relative_error": 5.917776560306924e-05, "wall_seconds": 1030.626976062078, "best_so_far": 0.02604857162638842}
{"epoch": 111, "train_mean_squared_relative_error": 5.6966324513232546e-05, "wall_seconds": 1040.3408523392864, "best_so_far": 0.02604857162638842}
{"epoch": 112, "train_mean_squared_relative_error": 5.7203275382664305e-05, "wall_seconds": 1049.4091903981753, "best_so_far": 0.02604857162638842}
{"epoch": 113, "train_mean_squared_relative_error": 5.5898761460948995e-05, "wall_seconds": 1058.3917061230168, "best_so_far": 0.025995897312018783}
{"epoch": 114, "train_mean_squared_relative_error": 5.4397249168319584e-05, "wall_seconds": 1068.0679211821407, "best_so_far": 0.025846350335827616}
{"epoch": 115, "train_mean_squared_relative_error": 5.448713121199102e-05, "wall_seconds": 1077.847958467435, "best_so_far": 0.025846350335827616}
{"epoch": 116, "train_mean_squared_relative_error": 5.345158895227434e-05, "wall_seconds": 1087.00066925399, "best_so_far": 0.025846350335827616}
{"epoch": 117, "train_mean_squared_relative_error": 5.386955978330284e-05, "wall_seconds": 1096.0144678293727, "best_so_far": 0.025846350335827616}
{"epoch": 118, "train_mean_squared_relative_error": 5.508779518753285e-05, "wall_seconds": 1104.998779274989, "best_so_far": 0.025846350335827616}
{"epoch": 119, "train_mean_squared_relative_error": 5.403268873632265e-05, "wall_seconds": 1113.9772793492302, "best_so_far": 0.025846350335827616}
{"epoch": 120, "train_mean_squared_relative_error": 5.3106988723225806e-05, "wall_seconds": 1123.0153798293322, "best_so_far": 0.025846350335827616}
{"epoch": 121, "train_mean_squared_relative_error": 5.19042242821094e-05, "wall_seconds": 1132.0694598141126, "best_so_far": 0.025813742676118672}
{"epoch": 122, "train_mean_squared_relative_error": 5.1039526683906635e-05, "wall_seconds": 1141.7018513940275, "best_so_far": 0.025788754693822455}
{"epoch": 123, "train_mean_squared_relative_error": 4.994603856931404e-05, "wall_seconds": 1151.4586423011497, "best_so_far": 0.025693669755548487}
{"epoch": 124, "train_mean_squared_relative_error": 5.0723369158057735e-05, "wall_seconds": 1161.0611813571304, "best_so_far": 0.025511469291637123}
{"epoch": 125, "train_mean_squared_relative_error": 5.140390631648153e-05, "wall_seconds": 1170.8436682261527, "best_so_far": 0.025511469291637123}
{"epoch": 126, "train_mean_squared_relative_error": 5.5343065275822374e-05, "wall_seconds": 1179.8487331112847, "best_so_far": 0.025511469291637123}
{"epoch": 127, "train_mean_squared_relative_error": 5.086940245719225e-05, "wall_seconds": 1189.0516554801725, "best_so_far": 0.025511469291637123}
{"epoch": 128, "train_mean_squared_relative_error": 4.813924650258456e-05, "wall_seconds": 1198.0182183519937, "best_so_far": 0.025511469291637123}
{"epoch": 129, "train_mean_squared_relative_error": 4.726818169443892e-05, "wall_seconds": 1206.984256704338, "best_so_far": 0.025344937707497496}
{"epoch": 130, "train_mean_squared_relative_error": 4.6246630657301024e-05, "wall_seconds": 1216.5731238680892, "best_so_far": 0.025344937707497496}
{"epoch": 131, "train_mean_squared_relative_error": 4.65772881503041e-05, "wall_seconds": 1225.5320039102808, "best_so_far": 0.025344937707497496}
{"epoch": 132, "train_mean_squared_relative_error": 4.617454111453812e-05, "wall_seconds": 1234.5598899642937, "best_so_far": 0.025344937707497496}
{"epoch": 133, "train_mean_squared_relative_error": 4.507718559386628e-05, "wall_seconds": 1243.5616509062238, "best_so_far": 0.025344937707497496}
{"epoch": 134, "train_mean_squared_relative_error": 4.45184087297842e-05, "wall_seconds": 1252.7568390769884, "best_so_far": 0.025344937707497496}
{"epoch": 135, "train_mean_squared_relative_error": 4.556755276092721e-05, "wall_seconds": 1261.7762205940671, "best_so_far": 0.025172960964119948}
{"epoch": 136, "train_mean_squared_relative_error": 4.4501470525103234e-05, "wall_seconds": 1271.4619600693695, "best_so_far": 0.025172960964119948}
{"epoch": 137, "train_mean_squared_relative_error": 4.341687029797755e-05, "wall_seconds": 1280.5743877640925, "best_so_far": 0.025166765463684473}
{"epoch": 138, "train_mean_squared_relative_error": 4.3848402577148725e-05, "wall_seconds": 1290.2348684743047, "best_so_far": 0.025166765463684473}
{"epoch": 139, "train_mean_squared_relative_error": 4.2509419636134356e-05, "wall_seconds": 1299.2948653022759, "best_so_far": 0.024906682195078987}
{"epoch": 140, "train_mean_squared_relative_error": 4.223925278797914e-05, "wall_seconds": 1308.9439822994173, "best_so_far": 0.024906682195078987}
{"epoch": 141, "train_mean_squared_relative_error": 4.372414524091573e-05, "wall_seconds": 1317.9661693293601, "best_so_far": 0.024906682195078987}
{"epoch": 142, "train_mean_squared_relative_error": 4.2676493865771266e-05, "wall_seconds": 1326.968903276138, "best_so_far": 0.024637904798542713}
{"epoch": 143, "train_mean_squared_relative_error": 4.416045268497525e-05, "wall_seconds": 1336.6151412110776, "best_so_far": 0.024637904798542713}
{"epoch": 144, "train_mean_squared_relative_error": 4.49335815371529e-05, "wall_seconds": 1345.6318489559926, "best_so_far": 0.024637904798542713}
{"epoch": 145, "train_mean_squared_relative_error": 4.110437531480153e-05, "wall_seconds": 1354.7600342794321, "best_so_far": 0.024637904798542713}
{"epoch": 146, "train_mean_squared_relative_error": 3.960676818311139e-05, "wall_seconds": 1363.8310831440613, "best_so_far": 0.024637904798542713}
{"epoch": 147, "train_mean_squared_relative_error": 3.855992296972761e-05, "wall_seconds": 1372.916615086142, "best_so_far": 0.024637904798542713}
{"epoch": 148, "train_mean_squared_relative_error": 3.883577520856606e-05, "wall_seconds": 1381.929659627378, "best_so_far": 0.024637904798542713}
{"epoch": 149, "train_mean_squared_relative_error": 3.762428637087227e-05, "wall_seconds": 1390.9440084611997, "best_so_far": 0.024637904798542713}
{"epoch": 150, "train_mean_squared_relative_error": 3.8328856027617575e-05, "wall_seconds": 1399.97820633417, "best_so_far": 0.024637904798542713}
{"epoch": 151, "train_mean_squared_relative_error": 3.895821763771877e-05, "wall_seconds": 1409.0137400054373, "best_so_far": 0.024637904798542713}
{"epoch": 152, "train_mean_squared_relative_error": 3.779354171255348e-05, "wall_seconds": 1417.9810037370771, "best_so_far": 0.024637904798542713}
{"epoch": 153, "train_mean_squared_relative_error": 3.772379434388239e-05, "wall_seconds": 1426.9857403463684, "best_so_far": 0.024637904798542713}
{"epoch": 154, "train_mean_squared_relative_error": 3.6487723280125135e-05, "wall_seconds": 1436.0399665753357, "best_so_far": 0.024637904798542713}
{"epoch": 155, "train_mean_squared_relative_error": 3.56610632541723e-05, "wall_seconds": 1445.006206463091, "best_so_far": 0.024460822812663652}
{"epoch": 156, "train_mean_squared_relative_error": 3.6300667409837074e-05, "wall_seconds": 1454.6558508113958, "best_so_far": 0.024329105044558097}
{"epoch": 157, "train_mean_squared_relative_error": 3.9559062452741666e-05, "wall_seconds": 1464.344054091256, "best_so_far": 0.024329105044558097}
{"epoch": 158, "train_mean_squared_relative_error": 4.037864604968703e-05, "wall_seconds": 1473.3469413942657, "best_so_far": 0.024329105044558097}
{"epoch": 159, "train_mean_squared_relative_error": 4.324543842814871e-05, "wall_seconds": 1482.3384051802568, "best_so_far": 0.024329105044558097}
{"epoch": 160, "train_mean_squared_relative_error": 3.9999200294422474e-05, "wall_seconds": 1491.3211026773788, "best_so_far": 0.024329105044558097}
{"epoch": 161, "train_mean_squared_relative_error": 3.565890281812345e-05, "wall_seconds": 1500.3165040314198, "best_so_far": 0.024329105044558097}
{"epoch": 162, "train_mean_squared_relative_error": 3.4515725209439176e-05, "wall_seconds": 1509.2695649662055, "best_so_far": 0.024305639803726343}
{"epoch": 163, "train_mean_squared_relative_error": 3.5287320740294786e-05, "wall_seconds": 1519.0002469243482, "best_so_far": 0.024287904644517723}
{"epoch": 164, "train_mean_squared_relative_error": 3.492609879452627e-05, "wall_seconds": 1528.9242127281614, "best_so_far": 0.024287904644517723}
{"epoch": 165, "train_mean_squared_relative_error": 3.61247281565979e-05, "wall_seconds": 1537.9581001051702, "best_so_far": 0.024276577505983374}
{"epoch": 166, "train_mean_squared_relative_error": 3.56378099713644e-05, "wall_seconds": 1547.5526648270898, "best_so_far": 0.024192631765953335}
{"epoch": 167, "train_mean_squared_relative_error": 3.6376283616673155e-05, "wall_seconds": 1557.2240898553282, "best_so_far": 0.024192631765953335}
{"epoch": 168, "train_mean_squared_relative_error": 3.6369644922290244e-05, "wall_seconds": 1566.1897753290832, "best_so_far": 0.024192631765953335}
{"epoch": 169, "train_mean_squared_relative_error": 3.649826346290846e-05, "wall_seconds": 1575.160354174208, "best_so_far": 0.024192631765953335}
{"epoch": 170, "train_mean_squared_relative_error": 3.851208644028486e-05, "wall_seconds": 1584.1774755353108, "best_so_far": 0.02409168891930194}
{"epoch": 171, "train_mean_squared_relative_error": 4.540673805618683e-05, "wall_seconds": 1593.8545226464048, "best_so_far": 0.02409168891930194}
{"epoch": 172, "train_mean_squared_relative_error": 6.177108846950645e-05, "wall_seconds": 1602.8802989302203, "best_so_far": 0.02409168891930194}
{"epoch": 173, "train_mean_squared_relative_error": 4.546653469809473e-05, "wall_seconds": 1611.954041654244, "best_so_far": 0.02409168891930194}
{"epoch": 174, "train_mean_squared_relative_error": 4.688037357407683e-05, "wall_seconds": 1620.9771016691811, "best_so_far": 0.02409168891930194}
{"epoch": 175, "train_mean_squared_relative_error": 4.8562984866239106e-05, "wall_seconds": 1629.9781420840882, "best_so_far": 0.02409168891930194}
{"epoch": 176, "train_mean_squared_relative_error": 5.521355878250716e-05, "wall_seconds": 1638.9554140632972, "best_so_far": 0.02409168891930194}
{"epoch": 177, "train_mean_squared_relative_error": 5.315367280727854e-05, "wall_seconds": 1647.9397337180562, "best_so_far": 0.02399078997812629}
{"epoch": 178, "train_mean_squared_relative_error": 4.702732277777629e-05, "wall_seconds": 1657.5666234754026, "best_so_far": 0.02399078997812629}
{"epoch": 179, "train_mean_squared_relative_error": 4.508295538152171e-05, "wall_seconds": 1666.6058987593278, "best_so_far": 0.02399078997812629}
{"epoch": 180, "train_mean_squared_relative_error": 4.0139572817402306e-05, "wall_seconds": 1675.6008657449856, "best_so_far": 0.02399078997812629}
{"epoch": 181, "train_mean_squared_relative_error": 4.2017415774266545e-05, "wall_seconds": 1684.6580225583166, "best_so_far": 0.02399078997812629}
{"epoch": 182, "train_mean_squared_relative_error": 4.5918704245288425e-05, "wall_seconds": 1693.744663236197, "best_so_far": 0.02399078997812629}
{"epoch": 183, "train_mean_squared_relative_error": 5.354197229954826e-05, "wall_seconds": 1702.9235662850551, "best_so_far": 0.02399078997812629}
{"epoch": 184, "train_mean_squared_relative_error": 4.88012359064852e-05, "wall_seconds": 1712.315063585993, "best_so_far": 0.02399078997812629}
{"epoch": 185, "train_mean_squared_relative_error": 3.848529073406943e-05, "wall_seconds": 1721.5129606090486, "best_so_far": 0.02399078997812629}
{"epoch": 186, "train_mean_squared_relative_error": 3.927027638212618e-05, "wall_seconds": 1730.6997625902295, "best_so_far": 0.023933267510898908}
{"epoch": 187, "train_mean_squared_relative_error": 4.3454449711918855e-05, "wall_seconds": 1740.6210050703958, "best_so_far": 0.023933267510898908}
{"epoch": 188, "train_mean_squared_relative_error": 4.7602745550509996e-05, "wall_seconds": 1749.715904545039, "best_so_far": 0.023933267510898908}
{"epoch": 189, "train_mean_squared_relative_error": 6.162786501852703e-05, "wall_seconds": 1758.8346342383884, "best_so_far": 0.023933267510898908}
{"epoch": 190, "train_mean_squared_relative_error": 7.407837881673528e-05, "wall_seconds": 1767.9189430102706, "best_so_far": 0.023933267510898908}
{"epoch": 191, "train_mean_squared_relative_error": 0.000143216287108476, "wall_seconds": 1776.986430932302, "best_so_far": 0.023933267510898908}
{"epoch": 192, "train_mean_squared_relative_error": 0.00011339239435953185, "wall_seconds": 1786.0086810602807, "best_so_far": 0.023933267510898908}
{"epoch": 193, "train_mean_squared_relative_error": 9.379118936229765e-05, "wall_seconds": 1795.0527060893364, "best_so_far": 0.023933267510898908}
{"epoch": 194, "train_mean_squared_relative_error": 7.836648293126297e-05, "wall_seconds": 1804.0977489142679, "best_so_far": 0.023933267510898908}
{"epoch": 195, "train_mean_squared_relative_error": 7.541235762971407e-05, "wall_seconds": 1813.127790980041, "best_so_far": 0.023933267510898908}
{"epoch": 196, "train_mean_squared_relative_error": 7.42717583708492e-05, "wall_seconds": 1822.1933469562791, "best_so_far": 0.023933267510898908}
{"epoch": 197, "train_mean_squared_relative_error": 9.386568149056648e-05, "wall_seconds": 1831.2195333591662, "best_so_far": 0.023933267510898908}
{"epoch": 198, "train_mean_squared_relative_error": 0.00010235796570850398, "wall_seconds": 1840.4618229833432, "best_so_far": 0.023933267510898908}
{"epoch": 199, "train_mean_squared_relative_error": 0.00016460873391393538, "wall_seconds": 1849.547576083336, "best_so_far": 0.023933267510898908}
{"epoch": 200, "train_mean_squared_relative_error": 0.0002869654952767318, "wall_seconds": 1858.747956078034, "best_so_far": 0.023933267510898908}
{"epoch": 201, "train_mean_squared_relative_error": 0.0005618983178280019, "wall_seconds": 1867.7816743412986, "best_so_far": 0.023933267510898908}
{"epoch": 202, "train_mean_squared_relative_error": 0.000496826393153157, "wall_seconds": 1876.9756684564054, "best_so_far": 0.023933267510898908}
{"epoch": 203, "train_mean_squared_relative_error": 0.0005184726191376746, "wall_seconds": 1885.972288647201, "best_so_far": 0.023933267510898908}
{"epoch": 204, "train_mean_squared_relative_error": 0.00037834636002622953, "wall_seconds": 1894.9756381982006, "best_so_far": 0.023933267510898908}
{"epoch": 205, "train_mean_squared_relative_error": 0.0002460280260763807, "wall_seconds": 1904.0869852933101, "best_so_far": 0.023933267510898908}
{"epoch": 206, "train_mean_squared_relative_error": 0.00029388343702305093, "wall_seconds": 1913.1421370604075, "best_so_far": 0.023933267510898908}
{"epoch": 207, "train_mean_squared_relative_error": 0.00029950509985659563, "wall_seconds": 1922.162677203305, "best_so_far": 0.023933267510898908}
{"epoch": 208, "train_mean_squared_relative_error": 0.0001928961974045901, "wall_seconds": 1931.269158768002, "best_so_far": 0.023933267510898908}
{"epoch": 209, "train_mean_squared_relative_error": 7.951526422987248e-05, "wall_seconds": 1940.4870476983488, "best_so_far": 0.023933267510898908}
{"epoch": 210, "train_mean_squared_relative_error": 4.409792350188599e-05, "wall_seconds": 1949.521758100018, "best_so_far": 0.023933267510898908}
{"epoch": 211, "train_mean_squared_relative_error": 3.367759271282145e-05, "wall_seconds": 1958.558303435333, "best_so_far": 0.023933267510898908}
{"epoch": 212, "train_mean_squared_relative_error": 3.1239939097923994e-05, "wall_seconds": 1967.6551420623437, "best_so_far": 0.023933267510898908}
{"epoch": 213, "train_mean_squared_relative_error": 2.9252732739776803e-05, "wall_seconds": 1976.8090507281013, "best_so_far": 0.023933267510898908}
{"epoch": 214, "train_mean_squared_relative_error": 2.8822147043445484e-05, "wall_seconds": 1985.8122913422994, "best_so_far": 0.023933267510898908}
{"epoch": 215, "train_mean_squared_relative_error": 2.7273673167422986e-05, "wall_seconds": 1994.8621890223585, "best_so_far": 0.023933267510898908}
{"epoch": 216, "train_mean_squared_relative_error": 2.6300473041021666e-05, "wall_seconds": 2003.8760726093315, "best_so_far": 0.023933267510898908}
{"epoch": 217, "train_mean_squared_relative_error": 2.617828340653359e-05, "wall_seconds": 2012.8895759661682, "best_so_far": 0.023933267510898908}
{"epoch": 218, "train_mean_squared_relative_error": 2.5714754806842925e-05, "wall_seconds": 2021.93299892731, "best_so_far": 0.023933267510898908}
{"epoch": 219, "train_mean_squared_relative_error": 2.5432457718388805e-05, "wall_seconds": 2031.0924849561416, "best_so_far": 0.023776031527439834}
{"epoch": 220, "train_mean_squared_relative_error": 2.5594184391452613e-05, "wall_seconds": 2040.9409673251212, "best_so_far": 0.023776031527439834}
{"epoch": 221, "train_mean_squared_relative_error": 2.4795952677721815e-05, "wall_seconds": 2050.0536517561413, "best_so_far": 0.02376802350963368}
{"epoch": 222, "train_mean_squared_relative_error": 2.434531138705964e-05, "wall_seconds": 2059.86858385941, "best_so_far": 0.02376802350963368}
{"epoch": 223, "train_mean_squared_relative_error": 2.360902826187499e-05, "wall_seconds": 2068.9017083100043, "best_so_far": 0.023660478116906247}
{"epoch": 224, "train_mean_squared_relative_error": 2.3880954244509397e-05, "wall_seconds": 2078.682811882347, "best_so_far": 0.023660478116906247}
{"epoch": 225, "train_mean_squared_relative_error": 2.4007733672089626e-05, "wall_seconds": 2087.808214259334, "best_so_far": 0.023660478116906247}
{"epoch": 226, "train_mean_squared_relative_error": 2.346113640996613e-05, "wall_seconds": 2096.8499692752957, "best_so_far": 0.023660478116906247}
{"epoch": 227, "train_mean_squared_relative_error": 2.3002392012414244e-05, "wall_seconds": 2105.891979721375, "best_so_far": 0.023660478116906247}
{"epoch": 228, "train_mean_squared_relative_error": 2.246380164477871e-05, "wall_seconds": 2115.080988347996, "best_so_far": 0.023660478116906247}
{"epoch": 229, "train_mean_squared_relative_error": 2.2273141715449192e-05, "wall_seconds": 2124.093656992074, "best_so_far": 0.023660478116906247}
{"epoch": 230, "train_mean_squared_relative_error": 2.2081605422951807e-05, "wall_seconds": 2133.132329537999, "best_so_far": 0.023660478116906247}
{"epoch": 231, "train_mean_squared_relative_error": 2.178576383162296e-05, "wall_seconds": 2142.3233569343574, "best_so_far": 0.023637281531472154}
{"epoch": 232, "train_mean_squared_relative_error": 2.2033351952469417e-05, "wall_seconds": 2152.2774948631413, "best_so_far": 0.023576676516092077}
{"epoch": 233, "train_mean_squared_relative_error": 2.230509060697007e-05, "wall_seconds": 2162.070129719097, "best_so_far": 0.023576676516092077}
{"epoch": 234, "train_mean_squared_relative_error": 2.1856067854326083e-05, "wall_seconds": 2171.132794802077, "best_so_far": 0.023465135259490788}
{"epoch": 235, "train_mean_squared_relative_error": 2.1873797839158752e-05, "wall_seconds": 2180.835077064112, "best_so_far": 0.023465135259490788}
{"epoch": 236, "train_mean_squared_relative_error": 2.1499924687197328e-05, "wall_seconds": 2189.9820302370936, "best_so_far": 0.023465135259490788}
{"epoch": 237, "train_mean_squared_relative_error": 2.1430503931596582e-05, "wall_seconds": 2199.117671508342, "best_so_far": 0.023465135259490788}
{"epoch": 238, "train_mean_squared_relative_error": 2.178266023517805e-05, "wall_seconds": 2208.2102162283845, "best_so_far": 0.02339236959484598}
{"epoch": 239, "train_mean_squared_relative_error": 2.2248157744366297e-05, "wall_seconds": 2218.025511949323, "best_so_far": 0.02339236959484598}
{"epoch": 240, "train_mean_squared_relative_error": 2.1416170098115192e-05, "wall_seconds": 2227.5628613070585, "best_so_far": 0.02339236959484598}
{"epoch": 241, "train_mean_squared_relative_error": 2.0670811124029898e-05, "wall_seconds": 2236.5707464502193, "best_so_far": 0.02339236959484598}
{"epoch": 242, "train_mean_squared_relative_error": 2.0361304511486644e-05, "wall_seconds": 2245.665703745093, "best_so_far": 0.023382526171000555}
{"epoch": 243, "train_mean_squared_relative_error": 2.024426939235336e-05, "wall_seconds": 2255.619300460443, "best_so_far": 0.023382526171000555}
{"epoch": 244, "train_mean_squared_relative_error": 2.024398376999471e-05, "wall_seconds": 2264.6354498839937, "best_so_far": 0.023312378824092594}
{"epoch": 245, "train_mean_squared_relative_error": 2.03272725079328e-05, "wall_seconds": 2274.4161760243587, "best_so_far": 0.023312378824092594}
{"epoch": 246, "train_mean_squared_relative_error": 2.0049246249718767e-05, "wall_seconds": 2283.557619766332, "best_so_far": 0.023312378824092594}
{"epoch": 247, "train_mean_squared_relative_error": 1.9887430889198546e-05, "wall_seconds": 2292.5796350832097, "best_so_far": 0.023312378824092594}
{"epoch": 248, "train_mean_squared_relative_error": 1.998262871582928e-05, "wall_seconds": 2301.8398500983603, "best_so_far": 0.023312378824092594}
{"epoch": 249, "train_mean_squared_relative_error": 1.985708270953733e-05, "wall_seconds": 2311.042537208181, "best_so_far": 0.023312378824092594}
{"epoch": 250, "train_mean_squared_relative_error": 1.980569640699805e-05, "wall_seconds": 2320.0631337272935, "best_so_far": 0.023312378824092594}
{"epoch": 251, "train_mean_squared_relative_error": 1.9484970636631412e-05, "wall_seconds": 2329.093606801238, "best_so_far": 0.02316628433752195}
{"epoch": 252, "train_mean_squared_relative_error": 1.960883970069397e-05, "wall_seconds": 2338.8906083190814, "best_so_far": 0.02316628433752195}
{"epoch": 253, "train_mean_squared_relative_error": 1.9500067453082694e-05, "wall_seconds": 2348.0338313514367, "best_so_far": 0.02316628433752195}
{"epoch": 254, "train_mean_squared_relative_error": 1.946314382566656e-05, "wall_seconds": 2357.0631345743313, "best_so_far": 0.02316628433752195}
{"epoch": 255, "train_mean_squared_relative_error": 1.9434338209900086e-05, "wall_seconds": 2366.121144777164, "best_so_far": 0.02316628433752195}
{"epoch": 256, "train_mean_squared_relative_error": 1.934419366717199e-05, "wall_seconds": 2375.212219142355, "best_so_far": 0.02316628433752195}
{"epoch": 257, "train_mean_squared_relative_error": 1.9653225847252012e-05, "wall_seconds": 2384.4513844563626, "best_so_far": 0.02316628433752195}
{"epoch": 258, "train_mean_squared_relative_error": 1.9468120339343258e-05, "wall_seconds": 2393.710622700397, "best_so_far": 0.02316628433752195}
{"epoch": 259, "train_mean_squared_relative_error": 1.8935213755968916e-05, "wall_seconds": 2402.8290797714144, "best_so_far": 0.02316628433752195}
{"epoch": 260, "train_mean_squared_relative_error": 1.884856722602016e-05, "wall_seconds": 2411.826701448299, "best_so_far": 0.02316628433752195}
{"epoch": 261, "train_mean_squared_relative_error": 1.9508267388412193e-05, "wall_seconds": 2420.845905103255, "best_so_far": 0.02316628433752195}
{"epoch": 262, "train_mean_squared_relative_error": 1.9282030153448385e-05, "wall_seconds": 2430.0470465384424, "best_so_far": 0.023034016480298805}
{"epoch": 263, "train_mean_squared_relative_error": 1.915373985075545e-05, "wall_seconds": 2439.8155814572237, "best_so_far": 0.023034016480298805}
{"epoch": 264, "train_mean_squared_relative_error": 1.8678074790291225e-05, "wall_seconds": 2448.8990219421685, "best_so_far": 0.023034016480298805}
{"epoch": 265, "train_mean_squared_relative_error": 1.8868166809908635e-05, "wall_seconds": 2457.941443885211, "best_so_far": 0.023034016480298805}
{"epoch": 266, "train_mean_squared_relative_error": 1.8475255424282364e-05, "wall_seconds": 2467.0294958571903, "best_so_far": 0.023034016480298805}
{"epoch": 267, "train_mean_squared_relative_error": 1.8133502214325845e-05, "wall_seconds": 2476.2092089210637, "best_so_far": 0.023034016480298805}
{"epoch": 268, "train_mean_squared_relative_error": 1.8309415494794722e-05, "wall_seconds": 2485.360311440192, "best_so_far": 0.023034016480298805}
{"epoch": 269, "train_mean_squared_relative_error": 1.8808265971834014e-05, "wall_seconds": 2494.4496388351545, "best_so_far": 0.022927983861978668}
{"epoch": 270, "train_mean_squared_relative_error": 1.9117519758342916e-05, "wall_seconds": 2504.384364389349, "best_so_far": 0.022927983861978668}
{"epoch": 271, "train_mean_squared_relative_error": 1.8712746342341295e-05, "wall_seconds": 2513.4710309943184, "best_so_far": 0.022927983861978668}
{"epoch": 272, "train_mean_squared_relative_error": 1.8504723526631095e-05, "wall_seconds": 2522.5282322103158, "best_so_far": 0.022927983861978668}
{"epoch": 273, "train_mean_squared_relative_error": 1.807539886771306e-05, "wall_seconds": 2531.6583866979927, "best_so_far": 0.022927983861978668}
{"epoch": 274, "train_mean_squared_relative_error": 1.8300931160500998e-05, "wall_seconds": 2540.7423885371536, "best_so_far": 0.022927983861978668}
{"epoch": 275, "train_mean_squared_relative_error": 1.8531078036207636e-05, "wall_seconds": 2549.866762451362, "best_so_far": 0.022927983861978668}
{"epoch": 276, "train_mean_squared_relative_error": 1.8061862965987337e-05, "wall_seconds": 2558.9613266051747, "best_so_far": 0.022927983861978668}
{"epoch": 277, "train_mean_squared_relative_error": 1.807654227748118e-05, "wall_seconds": 2568.002638578415, "best_so_far": 0.022927983861978668}
{"epoch": 278, "train_mean_squared_relative_error": 1.7661296324599067e-05, "wall_seconds": 2577.021368757356, "best_so_far": 0.022927983861978668}
{"epoch": 279, "train_mean_squared_relative_error": 1.757171243217561e-05, "wall_seconds": 2586.062707663048, "best_so_far": 0.022927983861978668}
{"epoch": 280, "train_mean_squared_relative_error": 1.8392191931569995e-05, "wall_seconds": 2595.152379819192, "best_so_far": 0.022867966564887765}
{"epoch": 281, "train_mean_squared_relative_error": 1.8799073648977346e-05, "wall_seconds": 2605.0711869350635, "best_so_far": 0.022867966564887765}
{"epoch": 282, "train_mean_squared_relative_error": 2.05115907661902e-05, "wall_seconds": 2614.103676018305, "best_so_far": 0.022867966564887765}
{"epoch": 283, "train_mean_squared_relative_error": 1.8875734264752503e-05, "wall_seconds": 2623.169776739087, "best_so_far": 0.022867966564887765}
{"epoch": 284, "train_mean_squared_relative_error": 1.8134141146774335e-05, "wall_seconds": 2632.287384730298, "best_so_far": 0.022867966564887765}
{"epoch": 285, "train_mean_squared_relative_error": 1.7570009332102676e-05, "wall_seconds": 2641.4195992490277, "best_so_far": 0.022867966564887765}
{"epoch": 286, "train_mean_squared_relative_error": 1.787891036846475e-05, "wall_seconds": 2650.472757340409, "best_so_far": 0.02271522800029019}
{"epoch": 287, "train_mean_squared_relative_error": 1.749529139080985e-05, "wall_seconds": 2660.2200588891283, "best_so_far": 0.02271522800029019}
{"epoch": 288, "train_mean_squared_relative_error": 1.8344103789082112e-05, "wall_seconds": 2669.2667008922435, "best_so_far": 0.02271522800029019}
{"epoch": 289, "train_mean_squared_relative_error": 1.912496781718728e-05, "wall_seconds": 2678.345583684277, "best_so_far": 0.02271522800029019}
{"epoch": 290, "train_mean_squared_relative_error": 1.7769432915316492e-05, "wall_seconds": 2687.4690061942674, "best_so_far": 0.02271522800029019}
{"epoch": 291, "train_mean_squared_relative_error": 1.7351796097292066e-05, "wall_seconds": 2696.509244046174, "best_so_far": 0.02271522800029019}
{"epoch": 292, "train_mean_squared_relative_error": 1.8118772430964448e-05, "wall_seconds": 2705.6802215543576, "best_so_far": 0.02271522800029019}
{"epoch": 293, "train_mean_squared_relative_error": 1.912481366390136e-05, "wall_seconds": 2714.7438839813694, "best_so_far": 0.02271522800029019}
{"epoch": 294, "train_mean_squared_relative_error": 2.052846118548206e-05, "wall_seconds": 2723.8356469292194, "best_so_far": 0.02271522800029019}
{"epoch": 295, "train_mean_squared_relative_error": 1.9029990476075907e-05, "wall_seconds": 2732.977470974438, "best_so_far": 0.022564190438599568}
{"epoch": 296, "train_mean_squared_relative_error": 1.9217157186995346e-05, "wall_seconds": 2742.742456318345, "best_so_far": 0.022564190438599568}
{"epoch": 297, "train_mean_squared_relative_error": 1.7486109233147502e-05, "wall_seconds": 2751.7913936632685, "best_so_far": 0.022564190438599568}
{"epoch": 298, "train_mean_squared_relative_error": 1.8233127027765937e-05, "wall_seconds": 2760.823917346075, "best_so_far": 0.022564190438599568}
{"epoch": 299, "train_mean_squared_relative_error": 1.9339707503512288e-05, "wall_seconds": 2769.88100767741, "best_so_far": 0.022564190438599568}
{"epoch": 300, "train_mean_squared_relative_error": 1.9451426808650492e-05, "wall_seconds": 2778.9047348820604, "best_so_far": 0.022564190438599568}
{"epoch": 301, "train_mean_squared_relative_error": 1.7551962342144976e-05, "wall_seconds": 2788.0497549483553, "best_so_far": 0.022564190438599568}
{"epoch": 302, "train_mean_squared_relative_error": 1.789468294900068e-05, "wall_seconds": 2797.0967701771297, "best_so_far": 0.022564190438599568}
{"epoch": 303, "train_mean_squared_relative_error": 1.8029528873166506e-05, "wall_seconds": 2806.1469869441353, "best_so_far": 0.022564190438599568}
{"epoch": 304, "train_mean_squared_relative_error": 1.7845677419059787e-05, "wall_seconds": 2815.193381809164, "best_so_far": 0.022564190438599568}
{"epoch": 305, "train_mean_squared_relative_error": 1.827026997690701e-05, "wall_seconds": 2824.2399293039925, "best_so_far": 0.022564190438599568}
{"epoch": 306, "train_mean_squared_relative_error": 1.6910469354590386e-05, "wall_seconds": 2833.311855040025, "best_so_far": 0.022564190438599568}
{"epoch": 307, "train_mean_squared_relative_error": 1.7432620970587774e-05, "wall_seconds": 2842.360487758182, "best_so_far": 0.022564190438599568}
{"epoch": 308, "train_mean_squared_relative_error": 1.6990179761539284e-05, "wall_seconds": 2851.4157305792905, "best_so_far": 0.022564190438599568}
{"epoch": 309, "train_mean_squared_relative_error": 1.6469965129985125e-05, "wall_seconds": 2860.520736228209, "best_so_far": 0.022564190438599568}
{"epoch": 310, "train_mean_squared_relative_error": 1.7113047682857727e-05, "wall_seconds": 2869.6145610674284, "best_so_far": 0.022564190438599568}
{"epoch": 311, "train_mean_squared_relative_error": 1.7891461339090755e-05, "wall_seconds": 2878.6432895981707, "best_so_far": 0.022564190438599568}
{"epoch": 312, "train_mean_squared_relative_error": 2.027433669836219e-05, "wall_seconds": 2887.7952136243694, "best_so_far": 0.022564190438599568}
{"epoch": 313, "train_mean_squared_relative_error": 3.080663739982158e-05, "wall_seconds": 2896.8447963162325, "best_so_far": 0.022564190438599568}
{"epoch": 314, "train_mean_squared_relative_error": 5.069940444732248e-05, "wall_seconds": 2905.9595669531263, "best_so_far": 0.022564190438599568}
{"epoch": 315, "train_mean_squared_relative_error": 5.807974994849728e-05, "wall_seconds": 2914.992934024427, "best_so_far": 0.022564190438599568}
{"epoch": 316, "train_mean_squared_relative_error": 7.45980649580998e-05, "wall_seconds": 2924.0321509232745, "best_so_far": 0.022564190438599568}
{"epoch": 317, "train_mean_squared_relative_error": 4.44999248939667e-05, "wall_seconds": 2933.140545817092, "best_so_far": 0.022564190438599568}
{"epoch": 318, "train_mean_squared_relative_error": 2.7636623443018606e-05, "wall_seconds": 2942.2222792552784, "best_so_far": 0.022564190438599568}
{"epoch": 319, "train_mean_squared_relative_error": 2.1508425172319686e-05, "wall_seconds": 2951.402660495136, "best_so_far": 0.022564190438599568}
{"epoch": 320, "train_mean_squared_relative_error": 1.81800309418918e-05, "wall_seconds": 2960.4722050162964, "best_so_far": 0.022564190438599568}
{"epoch": 321, "train_mean_squared_relative_error": 1.631941342243072e-05, "wall_seconds": 2969.5514138634317, "best_so_far": 0.022554173206312055}
{"epoch": 322, "train_mean_squared_relative_error": 1.5379406394705607e-05, "wall_seconds": 2979.229432913009, "best_so_far": 0.022554173206312055}
{"epoch": 323, "train_mean_squared_relative_error": 1.4796576520948864e-05, "wall_seconds": 2988.2656101873145, "best_so_far": 0.022554173206312055}
{"epoch": 324, "train_mean_squared_relative_error": 1.4423214119910634e-05, "wall_seconds": 2997.354439001996, "best_so_far": 0.022499554844384435}
{"epoch": 325, "train_mean_squared_relative_error": 1.4433674107489502e-05, "wall_seconds": 3007.024459930137, "best_so_far": 0.022499554844384435}
ARM {"arm": "fno-w96f32", "config": "inputs/opconfigs/fno-w96f32.json", "job_id": "4298069", "started_unix": 1790285607.1139212, "ok": true, "epochs": 326, "stop_reason": "wall_budget", "validation_mean_case_max": 0.022499554775756797, "validation_worst_case_max": 0.05972749467528961, "micro_batch_final": 8, "best_checkpoint_sha256": "1fa062954a36b5c83e687da4bc838bec842472f1258924954b9d84cc51ca3b78", "ended_unix": 1790288618.8459325}
TRAIN_MEM FINISHED
run_exit=0
