13:06:27 queue [('p2d_s256d', 'PENDING'), ('p2d_l256a', 'PENDING'), ('p2d_s256f', 'RUNNING'), ('p2d_s256u', 'RUNNING'), ('p2d_s256t', 'RUNNING')] free 0 todo 15
13:08:28 queue [('p2d_s256d', 'PENDING'), ('p2d_l256a', 'PENDING'), ('p2d_s256f', 'RUNNING'), ('p2d_s256u', 'RUNNING'), ('p2d_s256t', 'RUNNING')] free 0 todo 15
13:10:28 queue [('p2d_l256a', 'PENDING'), ('p2d_s256d', 'PENDING'), ('p2d_s256f', 'RUNNING'), ('p2d_s256u', 'RUNNING'), ('p2d_s256t', 'RUNNING')] free 0 todo 15
13:12:29 queue [('p2d_l256a', 'PENDING'), ('p2d_s256d', 'PENDING'), ('p2d_s256f', 'RUNNING'), ('p2d_s256u', 'RUNNING'), ('p2d_s256t', 'RUNNING')] free 0 todo 15
13:14:30 queue [('p2d_l256a', 'PENDING'), ('p2d_s256d', 'PENDING'), ('p2d_s256f', 'RUNNING'), ('p2d_s256u', 'RUNNING'), ('p2d_s256t', 'RUNNING')] free 0 todo 15
13:16:30 queue [('p2d_l256a', 'PENDING'), ('p2d_s256d', 'PENDING'), ('p2d_s256f', 'RUNNING'), ('p2d_s256u', 'RUNNING'), ('p2d_s256t', 'RUNNING')] free 0 todo 15
13:18:31 queue [('p2d_l256a', 'PENDING'), ('p2d_s256d', 'PENDING'), ('p2d_s256f', 'RUNNING'), ('p2d_s256u', 'RUNNING'), ('p2d_s256t', 'RUNNING')] free 0 todo 15
13:20:32 queue [('p2d_l256a', 'PENDING'), ('p2d_s256d', 'PENDING'), ('p2d_s256f', 'RUNNING'), ('p2d_s256u', 'RUNNING'), ('p2d_s256t', 'RUNNING')] free 0 todo 15
13:22:32 queue [('p2d_l256a', 'PENDING'), ('p2d_s256d', 'PENDING'), ('p2d_s256f', 'RUNNING'), ('p2d_s256u', 'RUNNING'), ('p2d_s256t', 'RUNNING')] free 0 todo 15
13:24:33 queue [('p2d_l256a', 'PENDING'), ('p2d_s256d', 'PENDING'), ('p2d_s256f', 'RUNNING'), ('p2d_s256u', 'RUNNING'), ('p2d_s256t', 'RUNNING')] free 0 todo 15
13:26:34 queue [('p2d_s256d', 'PENDING'), ('p2d_l256a', 'PENDING'), ('p2d_s256f', 'RUNNING'), ('p2d_s256u', 'RUNNING'), ('p2d_s256t', 'RUNNING')] free 0 todo 15
13:28:34 queue [('p2d_s256d', 'PENDING'), ('p2d_l256a', 'PENDING'), ('p2d_s256f', 'RUNNING'), ('p2d_s256u', 'RUNNING'), ('p2d_s256t', 'RUNNING')] free 0 todo 15
13:30:35 queue [('p2d_l256a', 'PENDING'), ('p2d_s256d', 'PENDING'), ('p2d_s256f', 'RUNNING'), ('p2d_s256u', 'RUNNING'), ('p2d_s256t', 'RUNNING')] free 0 todo 15
13:32:35 queue [('p2d_l256a', 'PENDING'), ('p2d_s256d', 'PENDING'), ('p2d_s256f', 'RUNNING'), ('p2d_s256u', 'RUNNING'), ('p2d_s256t', 'RUNNING')] free 0 todo 15
13:34:36 queue [('p2d_l256a', 'PENDING'), ('p2d_s256d', 'PENDING'), ('p2d_s256f', 'RUNNING'), ('p2d_s256u', 'RUNNING'), ('p2d_s256t', 'RUNNING')] free 0 todo 15
13:36:37 queue [('p2d_l256a', 'PENDING'), ('p2d_s256d', 'PENDING'), ('p2d_s256f', 'RUNNING'), ('p2d_s256u', 'RUNNING'), ('p2d_s256t', 'RUNNING')] free 0 todo 15
13:38:37 queue [('p2d_l256a', 'PENDING'), ('p2d_s256d', 'PENDING'), ('p2d_s256f', 'RUNNING'), ('p2d_s256u', 'RUNNING'), ('p2d_s256t', 'RUNNING')] free 0 todo 15
13:40:38 queue [('p2d_l256a', 'PENDING'), ('p2d_s256d', 'PENDING'), ('p2d_s256f', 'RUNNING'), ('p2d_s256u', 'RUNNING'), ('p2d_s256t', 'RUNNING')] free 0 todo 15
13:42:38 queue [('p2d_l256a', 'PENDING'), ('p2d_s256d', 'PENDING'), ('p2d_s256f', 'RUNNING'), ('p2d_s256u', 'RUNNING'), ('p2d_s256t', 'RUNNING')] free 0 todo 15
13:44:39 queue [('p2d_l256a', 'PENDING'), ('p2d_s256d', 'PENDING'), ('p2d_s256f', 'RUNNING'), ('p2d_s256u', 'RUNNING'), ('p2d_s256t', 'RUNNING')] free 0 todo 15
13:46:40 queue [('p2d_s256d', 'PENDING'), ('p2d_l256a', 'PENDING'), ('p2d_s256f', 'RUNNING'), ('p2d_s256u', 'RUNNING'), ('p2d_s256t', 'RUNNING')] free 0 todo 15
13:48:40 queue [('p2d_s256d', 'PENDING'), ('p2d_l256a', 'PENDING'), ('p2d_s256f', 'RUNNING'), ('p2d_s256u', 'RUNNING'), ('p2d_s256t', 'RUNNING')] free 0 todo 15
13:50:41 queue [('p2d_s256d', 'RUNNING'), ('p2d_l256a', 'RUNNING'), ('p2d_s256f', 'RUNNING'), ('p2d_s256u', 'RUNNING'), ('p2d_s256t', 'RUNNING')] free 0 todo 15
13:52:41 queue [('p2d_s256d', 'RUNNING'), ('p2d_l256a', 'RUNNING'), ('p2d_s256f', 'RUNNING'), ('p2d_s256u', 'RUNNING'), ('p2d_s256t', 'RUNNING')] free 0 todo 15
13:54:42 queue [('p2d_s256d', 'RUNNING'), ('p2d_l256a', 'RUNNING'), ('p2d_s256f', 'RUNNING'), ('p2d_s256u', 'RUNNING'), ('p2d_s256t', 'RUNNING')] free 0 todo 15
13:56:43 pulled s256t
13:56:44 pulled s256u
13:56:44 pulled s256f
13:56:46 submit l512a 0 ['submitted l512a -> 4288826'] 
13:56:48 submit s1024a 0 ['submitted s1024a -> 4288828'] 
13:56:50 submit s1024b 0 ['submitted s1024b -> 4288830'] 
13:56:50 queue [('p2d_s256d', 'RUNNING'), ('p2d_l256a', 'RUNNING')] free 0 todo 15
13:58:51 queue [('p2d_s1024b', 'PENDING'), ('p2d_s256d', 'RUNNING'), ('p2d_l256a', 'RUNNING'), ('p2d_s1024a', 'RUNNING'), ('p2d_l512a', 'RUNNING')] free 0 todo 12
14:00:51 queue [('p2d_s256d', 'RUNNING'), ('p2d_l256a', 'RUNNING'), ('p2d_s1024b', 'RUNNING'), ('p2d_s1024a', 'RUNNING'), ('p2d_l512a', 'RUNNING')] free 0 todo 12
14:02:52 queue [('p2d_s256d', 'RUNNING'), ('p2d_l256a', 'RUNNING'), ('p2d_s1024b', 'RUNNING'), ('p2d_s1024a', 'RUNNING'), ('p2d_l512a', 'RUNNING')] free 0 todo 12
14:04:53 queue [('p2d_s256d', 'RUNNING'), ('p2d_l256a', 'RUNNING'), ('p2d_s1024b', 'RUNNING'), ('p2d_s1024a', 'RUNNING'), ('p2d_l512a', 'RUNNING')] free 0 todo 12
14:06:53 queue [('p2d_s256d', 'RUNNING'), ('p2d_l256a', 'RUNNING'), ('p2d_s1024b', 'RUNNING'), ('p2d_s1024a', 'RUNNING'), ('p2d_l512a', 'RUNNING')] free 0 todo 12
14:08:54 queue [('p2d_s256d', 'RUNNING'), ('p2d_l256a', 'RUNNING'), ('p2d_s1024b', 'RUNNING'), ('p2d_s1024a', 'RUNNING'), ('p2d_l512a', 'RUNNING')] free 0 todo 12
14:10:54 queue [('p2d_s256d', 'RUNNING'), ('p2d_l256a', 'RUNNING'), ('p2d_s1024b', 'RUNNING'), ('p2d_s1024a', 'RUNNING'), ('p2d_l512a', 'RUNNING')] free 0 todo 12
14:12:55 queue [('p2d_s256d', 'RUNNING'), ('p2d_l256a', 'RUNNING'), ('p2d_s1024b', 'RUNNING'), ('p2d_s1024a', 'RUNNING'), ('p2d_l512a', 'RUNNING')] free 0 todo 12
14:14:56 queue [('p2d_s256d', 'RUNNING'), ('p2d_l256a', 'RUNNING'), ('p2d_s1024b', 'RUNNING'), ('p2d_s1024a', 'RUNNING'), ('p2d_l512a', 'RUNNING')] free 0 todo 12
14:16:56 queue [('p2d_s256d', 'RUNNING'), ('p2d_l256a', 'RUNNING'), ('p2d_s1024b', 'RUNNING'), ('p2d_s1024a', 'RUNNING'), ('p2d_l512a', 'RUNNING')] free 0 todo 12
14:18:56 queue [('p2d_s256d', 'RUNNING'), ('p2d_l256a', 'RUNNING'), ('p2d_s1024b', 'RUNNING'), ('p2d_s1024a', 'RUNNING'), ('p2d_l512a', 'RUNNING')] free 0 todo 12
14:20:57 queue [('p2d_s256d', 'RUNNING'), ('p2d_l256a', 'RUNNING'), ('p2d_s1024b', 'RUNNING'), ('p2d_s1024a', 'RUNNING'), ('p2d_l512a', 'RUNNING')] free 0 todo 12
14:22:58 queue [('p2d_s256d', 'RUNNING'), ('p2d_l256a', 'RUNNING'), ('p2d_s1024b', 'RUNNING'), ('p2d_s1024a', 'RUNNING'), ('p2d_l512a', 'RUNNING')] free 0 todo 12
14:24:58 queue [('p2d_s256d', 'RUNNING'), ('p2d_l256a', 'RUNNING'), ('p2d_s1024b', 'RUNNING'), ('p2d_s1024a', 'RUNNING'), ('p2d_l512a', 'RUNNING')] free 0 todo 12
14:26:59 queue [('p2d_s256d', 'RUNNING'), ('p2d_l256a', 'RUNNING'), ('p2d_s1024b', 'RUNNING'), ('p2d_s1024a', 'RUNNING'), ('p2d_l512a', 'RUNNING')] free 0 todo 12
14:29:00 queue [('p2d_s256d', 'RUNNING'), ('p2d_l256a', 'RUNNING'), ('p2d_s1024b', 'RUNNING'), ('p2d_s1024a', 'RUNNING'), ('p2d_l512a', 'RUNNING')] free 0 todo 12
14:31:01 queue [('p2d_s256d', 'RUNNING'), ('p2d_l256a', 'RUNNING'), ('p2d_s1024b', 'RUNNING'), ('p2d_s1024a', 'RUNNING'), ('p2d_l512a', 'RUNNING')] free 0 todo 12
14:33:01 queue [('p2d_s256d', 'RUNNING'), ('p2d_l256a', 'RUNNING'), ('p2d_s1024b', 'RUNNING'), ('p2d_s1024a', 'RUNNING'), ('p2d_l512a', 'RUNNING')] free 0 todo 12
14:35:02 queue [('p2d_s256d', 'RUNNING'), ('p2d_l256a', 'RUNNING'), ('p2d_s1024b', 'RUNNING'), ('p2d_s1024a', 'RUNNING'), ('p2d_l512a', 'RUNNING')] free 0 todo 12
14:37:02 queue [('p2d_s256d', 'RUNNING'), ('p2d_l256a', 'RUNNING'), ('p2d_s1024b', 'RUNNING'), ('p2d_s1024a', 'RUNNING'), ('p2d_l512a', 'RUNNING')] free 0 todo 12
14:39:37 error CalledProcessError(255, 'ssh tufts-login "squeue -u tawal01 -h -o \'%i %j %T\'"')
14:44:08 error CalledProcessError(255, 'ssh tufts-login "squeue -u tawal01 -h -o \'%i %j %T\'"')
14:46:10 pulled l256a
14:46:10 pulled s256d
14:46:13 submit s256p 0 ['submitted s256p -> 4290446'] 
14:46:15 submit l256p 0 ['submitted l256p -> 4290447'] 
14:46:15 queue [('p2d_s1024b', 'RUNNING'), ('p2d_s1024a', 'RUNNING'), ('p2d_l512a', 'RUNNING')] free 0 todo 14
14:48:16 pulled s256p
14:48:18 submit l1024a 0 ['submitted l1024a -> 4290516'] 
14:48:18 queue [('p2d_l256p', 'RUNNING'), ('p2d_s1024b', 'RUNNING'), ('p2d_s1024a', 'RUNNING'), ('p2d_l512a', 'RUNNING')] free 0 todo 12
14:50:07 pulled s1024a
14:50:10 submit s256q 0 ['submitted s256q -> 4290576'] 
14:50:10 queue [('p2d_l1024a', 'RUNNING'), ('p2d_l256p', 'RUNNING'), ('p2d_s1024b', 'RUNNING'), ('p2d_l512a', 'RUNNING')] free 0 todo 12
14:52:11 pulled s1024b
14:52:14 submit s1024p 0 ['submitted s1024p -> 4290645'] 
14:52:14 queue [('p2d_s256q', 'RUNNING'), ('p2d_l1024a', 'RUNNING'), ('p2d_l256p', 'RUNNING'), ('p2d_l512a', 'RUNNING')] free 0 todo 12
14:54:15 pulled l256p
14:54:16 pulled s256q
14:54:18 submit l1024b 0 ['submitted l1024b -> 4290707'] 
14:54:20 submit s4096f 0 ['submitted s4096f -> 4290709'] 
14:54:20 queue [('p2d_s1024p', 'RUNNING'), ('p2d_l1024a', 'RUNNING'), ('p2d_l512a', 'RUNNING')] free 0 todo 11
14:56:21 queue [('p2d_s4096f', 'PENDING'), ('p2d_l1024b', 'RUNNING'), ('p2d_s1024p', 'RUNNING'), ('p2d_l1024a', 'RUNNING'), ('p2d_l512a', 'RUNNING')] free 0 todo 9
14:58:22 pulled s1024p
14:58:24 submit s4096u 0 ['submitted s4096u -> 4290832'] 
14:58:24 queue [('p2d_s4096f', 'PENDING'), ('p2d_l1024b', 'RUNNING'), ('p2d_l1024a', 'RUNNING'), ('p2d_l512a', 'RUNNING')] free 0 todo 9
15:00:25 queue [('p2d_s4096f', 'PENDING'), ('p2d_s4096u', 'PENDING'), ('p2d_l1024b', 'RUNNING'), ('p2d_l1024a', 'RUNNING'), ('p2d_l512a', 'RUNNING')] free 0 todo 8
15:02:25 queue [('p2d_s4096f', 'PENDING'), ('p2d_s4096u', 'PENDING'), ('p2d_l1024b', 'RUNNING'), ('p2d_l1024a', 'RUNNING'), ('p2d_l512a', 'RUNNING')] free 0 todo 8
15:04:26 queue [('p2d_s4096u', 'PENDING'), ('p2d_s4096f', 'PENDING'), ('p2d_l1024b', 'RUNNING'), ('p2d_l1024a', 'RUNNING'), ('p2d_l512a', 'RUNNING')] free 0 todo 8
15:06:26 queue [('p2d_s4096u', 'PENDING'), ('p2d_s4096f', 'PENDING'), ('p2d_l1024b', 'RUNNING'), ('p2d_l1024a', 'RUNNING'), ('p2d_l512a', 'RUNNING')] free 0 todo 8
15:08:27 pulled l512a
15:08:30 submit l512p 0 ['submitted l512p -> 4291515'] 
15:08:30 queue [('p2d_s4096u', 'PENDING'), ('p2d_s4096f', 'PENDING'), ('p2d_l1024b', 'RUNNING'), ('p2d_l1024a', 'RUNNING')] free 0 todo 9
15:10:30 queue [('p2d_s4096u', 'PENDING'), ('p2d_s4096f', 'PENDING'), ('p2d_l512p', 'RUNNING'), ('p2d_l1024b', 'RUNNING'), ('p2d_l1024a', 'RUNNING')] free 0 todo 8
15:12:31 queue [('p2d_s4096u', 'PENDING'), ('p2d_s4096f', 'PENDING'), ('p2d_l512p', 'RUNNING'), ('p2d_l1024b', 'RUNNING'), ('p2d_l1024a', 'RUNNING')] free 0 todo 8
15:14:31 queue [('p2d_s4096u', 'PENDING'), ('p2d_s4096f', 'PENDING'), ('p2d_l512p', 'RUNNING'), ('p2d_l1024b', 'RUNNING'), ('p2d_l1024a', 'RUNNING')] free 0 todo 8
15:16:32 queue [('p2d_s4096f', 'PENDING'), ('p2d_s4096u', 'PENDING'), ('p2d_l512p', 'RUNNING'), ('p2d_l1024b', 'RUNNING'), ('p2d_l1024a', 'RUNNING')] free 0 todo 8
15:18:32 queue [('p2d_s4096f', 'PENDING'), ('p2d_s4096u', 'PENDING'), ('p2d_l512p', 'RUNNING'), ('p2d_l1024b', 'RUNNING'), ('p2d_l1024a', 'RUNNING')] free 0 todo 8
15:20:33 queue [('p2d_s4096u', 'PENDING'), ('p2d_s4096f', 'PENDING'), ('p2d_l512p', 'RUNNING'), ('p2d_l1024b', 'RUNNING'), ('p2d_l1024a', 'RUNNING')] free 0 todo 8
15:22:34 pulled l512p
15:22:36 submit s2048u 0 ['submitted s2048u -> 4292114'] 
15:22:36 queue [('p2d_s4096u', 'PENDING'), ('p2d_s4096f', 'PENDING'), ('p2d_l1024b', 'RUNNING'), ('p2d_l1024a', 'RUNNING')] free 0 todo 8
15:23:30 submit s4096fa 0 ['submitted s4096fa -> 4292145'] 
15:23:32 submit s4096ua 0 ['submitted s4096ua -> 4292146'] 
15:23:32 queue [('p2d_s2048u', 'RUNNING'), ('p2d_l1024b', 'RUNNING'), ('p2d_l1024a', 'RUNNING')] free 0 todo 9
15:25:33 pulled s4096fa
15:25:35 submit s4096t 0 ['submitted s4096t -> 4292219'] 
15:25:35 queue [('p2d_s4096ua', 'RUNNING'), ('p2d_s2048u', 'RUNNING'), ('p2d_l1024b', 'RUNNING'), ('p2d_l1024a', 'RUNNING')] free 0 todo 7
15:25:50 queue [('p2d_s4096t', 'RUNNING'), ('p2d_s4096ua', 'RUNNING'), ('p2d_s2048u', 'RUNNING'), ('p2d_l1024b', 'RUNNING'), ('p2d_l1024a', 'RUNNING')] free 0 todo 6
15:26:39 submit s4096fb 0 ['submitted s4096fb -> 4292263'] 
15:26:41 submit s4096ub 0 ['submitted s4096ub -> 4292268'] 
15:26:43 submit s4096tb 0 ['submitted s4096tb -> 4292269'] 
15:26:43 queue [('p2d_l1024b', 'RUNNING'), ('p2d_l1024a', 'RUNNING')] free 0 todo 10
15:28:44 pulled s4096fb
15:28:46 submit s4096d 0 ['submitted s4096d -> 4292346'] 
15:28:46 queue [('p2d_s4096ub', 'RUNNING'), ('p2d_s4096tb', 'RUNNING'), ('p2d_l1024b', 'RUNNING'), ('p2d_l1024a', 'RUNNING')] free 0 todo 7
15:30:47 pulled s4096d
15:30:49 submit s2048f 0 ['submitted s2048f -> 4292408'] 
15:30:49 queue [('p2d_s4096ub', 'RUNNING'), ('p2d_s4096tb', 'RUNNING'), ('p2d_l1024b', 'RUNNING'), ('p2d_l1024a', 'RUNNING')] free 0 todo 6
15:32:51 pulled s2048f
15:32:53 submit s2048ub 0 ['submitted s2048ub -> 4292541'] 
15:32:53 queue [('p2d_s4096ub', 'RUNNING'), ('p2d_s4096tb', 'RUNNING'), ('p2d_l1024b', 'RUNNING'), ('p2d_l1024a', 'RUNNING')] free 0 todo 5
15:34:23 queue [('p2d_s2048ub', 'RUNNING'), ('p2d_s4096ub', 'RUNNING'), ('p2d_s4096tb', 'RUNNING'), ('p2d_l1024b', 'RUNNING'), ('p2d_l1024a', 'RUNNING')] free 0 todo 5
15:36:24 queue [('p2d_s2048ub', 'RUNNING'), ('p2d_s4096ub', 'RUNNING'), ('p2d_s4096tb', 'RUNNING'), ('p2d_l1024b', 'RUNNING'), ('p2d_l1024a', 'RUNNING')] free 0 todo 5
15:38:24 queue [('p2d_s2048ub', 'RUNNING'), ('p2d_s4096ub', 'RUNNING'), ('p2d_s4096tb', 'RUNNING'), ('p2d_l1024b', 'RUNNING'), ('p2d_l1024a', 'RUNNING')] free 0 todo 5
15:40:25 queue [('p2d_s2048ub', 'RUNNING'), ('p2d_s4096ub', 'RUNNING'), ('p2d_s4096tb', 'RUNNING'), ('p2d_l1024b', 'RUNNING'), ('p2d_l1024a', 'RUNNING')] free 0 todo 5
15:48:06 error CalledProcessError(255, 'ssh tufts-login "squeue -u tawal01 -h -o \'%i %j %T\'"')
16:01:42 error CalledProcessError(143, 'ssh tufts-login "squeue -u tawal01 -h -o \'%i %j %T\'"')
16:03:43 queue [('p2d_s2048ub', 'RUNNING'), ('p2d_s4096ub', 'RUNNING'), ('p2d_s4096tb', 'RUNNING'), ('p2d_l1024b', 'RUNNING'), ('p2d_l1024a', 'RUNNING')] free 0 todo 5
16:06:24 error CalledProcessError(255, 'ssh tufts-login "squeue -u tawal01 -h -o \'%i %j %T\'"')
16:06:51 queue [('p2d_s2048ub', 'RUNNING'), ('p2d_s4096ub', 'RUNNING'), ('p2d_s4096tb', 'RUNNING'), ('p2d_l1024b', 'RUNNING'), ('p2d_l1024a', 'RUNNING')] free 0 todo 5
16:08:52 queue [('p2d_s2048ub', 'RUNNING'), ('p2d_s4096ub', 'RUNNING'), ('p2d_s4096tb', 'RUNNING'), ('p2d_l1024b', 'RUNNING'), ('p2d_l1024a', 'RUNNING')] free 0 todo 5
16:10:53 queue [('p2d_s2048ub', 'RUNNING'), ('p2d_s4096ub', 'RUNNING'), ('p2d_s4096tb', 'RUNNING'), ('p2d_l1024b', 'RUNNING'), ('p2d_l1024a', 'RUNNING')] free 0 todo 5
16:12:54 pulled l1024a
16:12:56 submit s2048fc 0 ['submitted s2048fc -> 4293930'] 
16:12:56 queue [('p2d_s2048ub', 'RUNNING'), ('p2d_s4096ub', 'RUNNING'), ('p2d_s4096tb', 'RUNNING'), ('p2d_l1024b', 'RUNNING')] free 0 todo 5
16:14:57 queue [('p2d_s2048fc', 'RUNNING'), ('p2d_s2048ub', 'RUNNING'), ('p2d_s4096ub', 'RUNNING'), ('p2d_s4096tb', 'RUNNING'), ('p2d_l1024b', 'RUNNING')] free 0 todo 4
16:16:57 queue [('p2d_s2048fc', 'RUNNING'), ('p2d_s2048ub', 'RUNNING'), ('p2d_s4096ub', 'RUNNING'), ('p2d_s4096tb', 'RUNNING'), ('p2d_l1024b', 'RUNNING')] free 0 todo 4
16:18:59 pulled l1024b
16:18:59 pulled s4096tb
16:19:00 pulled s4096ub
16:19:02 submit l1024p 0 ['submitted l1024p -> 4294144'] 
16:19:05 submit s4096p 0 ['submitted s4096p -> 4294147'] 
16:19:07 submit s2048b 0 ['submitted s2048b -> 4294149'] 
16:19:07 queue [('p2d_s2048fc', 'RUNNING'), ('p2d_s2048ub', 'RUNNING')] free 0 todo 6
16:19:38 queue [('p2d_l1024p', 'RUNNING'), ('p2d_s4096p', 'RUNNING'), ('p2d_s2048b', 'RUNNING'), ('p2d_s2048fc', 'RUNNING'), ('p2d_s2048ub', 'RUNNING')] free 0 todo 3
16:21:38 queue [('p2d_l1024p', 'RUNNING'), ('p2d_s4096p', 'RUNNING'), ('p2d_s2048b', 'RUNNING'), ('p2d_s2048fc', 'RUNNING'), ('p2d_s2048ub', 'RUNNING')] free 0 todo 3
16:23:40 pulled s2048ub
16:23:42 submit l2048fc 0 ['submitted l2048fc -> 4294296'] 
16:23:42 queue [('p2d_l1024p', 'RUNNING'), ('p2d_s4096p', 'RUNNING'), ('p2d_s2048b', 'RUNNING'), ('p2d_s2048fc', 'RUNNING')] free 0 todo 3
16:25:42 queue [('p2d_l2048fc', 'RUNNING'), ('p2d_l1024p', 'RUNNING'), ('p2d_s4096p', 'RUNNING'), ('p2d_s2048b', 'RUNNING'), ('p2d_s2048fc', 'RUNNING')] free 0 todo 2
16:27:43 queue [('p2d_l2048fc', 'RUNNING'), ('p2d_l1024p', 'RUNNING'), ('p2d_s4096p', 'RUNNING'), ('p2d_s2048b', 'RUNNING'), ('p2d_s2048fc', 'RUNNING')] free 0 todo 2
16:29:44 queue [('p2d_l2048fc', 'RUNNING'), ('p2d_l1024p', 'RUNNING'), ('p2d_s4096p', 'RUNNING'), ('p2d_s2048b', 'RUNNING'), ('p2d_s2048fc', 'RUNNING')] free 0 todo 2
16:31:44 pulled s4096p
16:31:45 pulled l1024p
16:31:47 submit l2048u 0 ['submitted l2048u -> 4294557'] 
16:31:49 submit l2048b 0 ['submitted l2048b -> 4294560'] 
16:31:49 queue [('p2d_l2048fc', 'RUNNING'), ('p2d_s2048b', 'RUNNING'), ('p2d_s2048fc', 'RUNNING')] free 0 todo 2
16:33:50 queue [('p2d_l2048u', 'RUNNING'), ('p2d_l2048b', 'RUNNING'), ('p2d_l2048fc', 'RUNNING'), ('p2d_s2048b', 'RUNNING'), ('p2d_s2048fc', 'RUNNING')] free 0 todo 0
16:35:51 queue [('p2d_l2048u', 'RUNNING'), ('p2d_l2048b', 'RUNNING'), ('p2d_l2048fc', 'RUNNING'), ('p2d_s2048b', 'RUNNING'), ('p2d_s2048fc', 'RUNNING')] free 0 todo 0
16:37:51 queue [('p2d_l2048u', 'RUNNING'), ('p2d_l2048b', 'RUNNING'), ('p2d_l2048fc', 'RUNNING'), ('p2d_s2048b', 'RUNNING'), ('p2d_s2048fc', 'RUNNING')] free 0 todo 0
16:39:52 queue [('p2d_l2048u', 'RUNNING'), ('p2d_l2048b', 'RUNNING'), ('p2d_l2048fc', 'RUNNING'), ('p2d_s2048b', 'RUNNING'), ('p2d_s2048fc', 'RUNNING')] free 0 todo 0
16:41:52 queue [('p2d_l2048u', 'RUNNING'), ('p2d_l2048b', 'RUNNING'), ('p2d_l2048fc', 'RUNNING'), ('p2d_s2048b', 'RUNNING'), ('p2d_s2048fc', 'RUNNING')] free 0 todo 0
16:43:53 queue [('p2d_l2048u', 'RUNNING'), ('p2d_l2048b', 'RUNNING'), ('p2d_l2048fc', 'RUNNING'), ('p2d_s2048b', 'RUNNING'), ('p2d_s2048fc', 'RUNNING')] free 0 todo 0
16:45:54 queue [('p2d_l2048u', 'RUNNING'), ('p2d_l2048b', 'RUNNING'), ('p2d_l2048fc', 'RUNNING'), ('p2d_s2048b', 'RUNNING'), ('p2d_s2048fc', 'RUNNING')] free 0 todo 0
16:47:54 queue [('p2d_l2048u', 'RUNNING'), ('p2d_l2048b', 'RUNNING'), ('p2d_l2048fc', 'RUNNING'), ('p2d_s2048b', 'RUNNING'), ('p2d_s2048fc', 'RUNNING')] free 0 todo 0
16:49:55 queue [('p2d_l2048u', 'RUNNING'), ('p2d_l2048b', 'RUNNING'), ('p2d_l2048fc', 'RUNNING'), ('p2d_s2048b', 'RUNNING'), ('p2d_s2048fc', 'RUNNING')] free 0 todo 0
16:51:55 queue [('p2d_l2048u', 'RUNNING'), ('p2d_l2048b', 'RUNNING'), ('p2d_l2048fc', 'RUNNING'), ('p2d_s2048b', 'RUNNING'), ('p2d_s2048fc', 'RUNNING')] free 0 todo 0
16:53:56 queue [('p2d_l2048u', 'RUNNING'), ('p2d_l2048b', 'RUNNING'), ('p2d_l2048fc', 'RUNNING'), ('p2d_s2048b', 'RUNNING'), ('p2d_s2048fc', 'RUNNING')] free 0 todo 0
16:55:57 queue [('p2d_l2048u', 'RUNNING'), ('p2d_l2048b', 'RUNNING'), ('p2d_l2048fc', 'RUNNING'), ('p2d_s2048b', 'RUNNING'), ('p2d_s2048fc', 'RUNNING')] free 0 todo 0
16:57:57 queue [('p2d_l2048u', 'RUNNING'), ('p2d_l2048b', 'RUNNING'), ('p2d_l2048fc', 'RUNNING'), ('p2d_s2048b', 'RUNNING'), ('p2d_s2048fc', 'RUNNING')] free 0 todo 0
16:59:58 queue [('p2d_l2048u', 'RUNNING'), ('p2d_l2048b', 'RUNNING'), ('p2d_l2048fc', 'RUNNING'), ('p2d_s2048b', 'RUNNING'), ('p2d_s2048fc', 'RUNNING')] free 0 todo 0
17:01:58 queue [('p2d_l2048u', 'RUNNING'), ('p2d_l2048b', 'RUNNING'), ('p2d_l2048fc', 'RUNNING'), ('p2d_s2048b', 'RUNNING'), ('p2d_s2048fc', 'RUNNING')] free 0 todo 0
17:03:59 queue [('p2d_l2048u', 'RUNNING'), ('p2d_l2048b', 'RUNNING'), ('p2d_l2048fc', 'RUNNING'), ('p2d_s2048b', 'RUNNING'), ('p2d_s2048fc', 'RUNNING')] free 0 todo 0
17:06:00 pulled s2048fc
17:06:00 queue [('p2d_l2048u', 'RUNNING'), ('p2d_l2048b', 'RUNNING'), ('p2d_l2048fc', 'RUNNING'), ('p2d_s2048b', 'RUNNING')] free 1 todo 0
17:08:01 queue [('p2d_l2048u', 'RUNNING'), ('p2d_l2048b', 'RUNNING'), ('p2d_l2048fc', 'RUNNING'), ('p2d_s2048b', 'RUNNING')] free 1 todo 0
17:10:02 pulled s2048b
17:10:05 submit s2048p 0 ['submitted s2048p -> 4296977'] 
17:10:05 queue [('p2d_l2048u', 'RUNNING'), ('p2d_l2048b', 'RUNNING'), ('p2d_l2048fc', 'RUNNING')] free 1 todo 1
17:12:05 queue [('p2d_s2048p', 'PENDING'), ('p2d_l2048u', 'RUNNING'), ('p2d_l2048b', 'RUNNING'), ('p2d_l2048fc', 'RUNNING')] free 1 todo 0
17:14:06 queue [('p2d_s2048p', 'RUNNING'), ('p2d_l2048u', 'RUNNING'), ('p2d_l2048b', 'RUNNING'), ('p2d_l2048fc', 'RUNNING')] free 1 todo 0
17:16:06 queue [('p2d_s2048p', 'RUNNING'), ('p2d_l2048u', 'RUNNING'), ('p2d_l2048b', 'RUNNING'), ('p2d_l2048fc', 'RUNNING')] free 1 todo 0
17:18:07 queue [('p2d_s2048p', 'RUNNING'), ('p2d_l2048u', 'RUNNING'), ('p2d_l2048b', 'RUNNING'), ('p2d_l2048fc', 'RUNNING')] free 1 todo 0
17:20:07 queue [('p2d_s2048p', 'RUNNING'), ('p2d_l2048u', 'RUNNING'), ('p2d_l2048b', 'RUNNING'), ('p2d_l2048fc', 'RUNNING')] free 1 todo 0
17:22:08 queue [('p2d_s2048p', 'RUNNING'), ('p2d_l2048u', 'RUNNING'), ('p2d_l2048b', 'RUNNING'), ('p2d_l2048fc', 'RUNNING')] free 1 todo 0
17:24:09 pulled s2048p
17:24:09 queue [('p2d_l2048u', 'RUNNING'), ('p2d_l2048b', 'RUNNING'), ('p2d_l2048fc', 'RUNNING')] free 2 todo 0
17:24:48 queue [('p2d_l2048u', 'RUNNING'), ('p2d_l2048b', 'RUNNING'), ('p2d_l2048fc', 'RUNNING')] free 2 todo 0
17:26:48 queue [('p2d_l2048u', 'RUNNING'), ('p2d_l2048b', 'RUNNING'), ('p2d_l2048fc', 'RUNNING')] free 2 todo 0
17:28:48 queue [('p2d_l2048u', 'RUNNING'), ('p2d_l2048b', 'RUNNING'), ('p2d_l2048fc', 'RUNNING')] free 2 todo 0
17:30:49 queue [('p2d_l2048u', 'RUNNING'), ('p2d_l2048b', 'RUNNING'), ('p2d_l2048fc', 'RUNNING')] free 2 todo 0
17:32:49 queue [('p2d_l2048u', 'RUNNING'), ('p2d_l2048b', 'RUNNING'), ('p2d_l2048fc', 'RUNNING')] free 2 todo 0
17:34:50 queue [('p2d_l2048u', 'RUNNING'), ('p2d_l2048b', 'RUNNING'), ('p2d_l2048fc', 'RUNNING')] free 2 todo 0
17:35:08 queue [('p2d_l2048u', 'RUNNING'), ('p2d_l2048b', 'RUNNING'), ('p2d_l2048fc', 'RUNNING')] free -1 todo 0
17:37:08 queue [('p2d_l2048u', 'RUNNING'), ('p2d_l2048b', 'RUNNING'), ('p2d_l2048fc', 'RUNNING')] free -1 todo 0
17:39:09 queue [('p2d_l2048u', 'RUNNING'), ('p2d_l2048b', 'RUNNING'), ('p2d_l2048fc', 'RUNNING')] free -1 todo 0
17:41:10 queue [('p2d_l2048u', 'RUNNING'), ('p2d_l2048b', 'RUNNING'), ('p2d_l2048fc', 'RUNNING')] free -1 todo 0
17:43:10 queue [('p2d_l2048u', 'RUNNING'), ('p2d_l2048b', 'RUNNING'), ('p2d_l2048fc', 'RUNNING')] free -1 todo 0
17:45:11 queue [('p2d_l2048fc', 'COMPLETING'), ('p2d_l2048u', 'RUNNING'), ('p2d_l2048b', 'RUNNING')] free -1 todo 0
17:47:12 pulled l2048fc
17:47:12 queue [('p2d_l2048u', 'RUNNING'), ('p2d_l2048b', 'RUNNING')] free 0 todo 0
17:49:13 queue [('p2d_l2048u', 'RUNNING'), ('p2d_l2048b', 'RUNNING')] free 0 todo 0
17:51:13 queue [('p2d_l2048u', 'RUNNING'), ('p2d_l2048b', 'RUNNING')] free 0 todo 0
17:53:14 queue [('p2d_l2048u', 'RUNNING'), ('p2d_l2048b', 'RUNNING')] free 0 todo 0
17:55:15 pulled l2048u
17:55:15 queue [('p2d_l2048b', 'RUNNING')] free 1 todo 0
17:57:16 queue [('p2d_l2048b', 'RUNNING')] free 1 todo 0
17:59:16 queue [('p2d_l2048b', 'RUNNING')] free 1 todo 0
18:01:17 queue [('p2d_l2048b', 'RUNNING')] free 1 todo 0
18:03:17 queue [('p2d_l2048b', 'RUNNING')] free 1 todo 0
18:05:18 queue [('p2d_l2048b', 'RUNNING')] free 1 todo 0
18:07:19 queue [('p2d_l2048b', 'RUNNING')] free 1 todo 0
18:09:19 queue [('p2d_l2048b', 'RUNNING')] free 1 todo 0
18:11:20 queue [('p2d_l2048b', 'RUNNING')] free 1 todo 0
18:13:20 queue [('p2d_l2048b', 'RUNNING')] free 1 todo 0
18:15:21 queue [('p2d_l2048b', 'RUNNING')] free 1 todo 0
18:17:22 queue [('p2d_l2048b', 'RUNNING')] free 1 todo 0
18:19:22 queue [('p2d_l2048b', 'RUNNING')] free 1 todo 0
18:21:23 queue [('p2d_l2048b', 'RUNNING')] free 1 todo 0
18:23:23 queue [('p2d_l2048b', 'RUNNING')] free 1 todo 0
18:25:24 queue [('p2d_l2048b', 'RUNNING')] free 1 todo 0
18:26:33 submit s1024rf 0 ['submitted s1024rf -> 4301491'] 
18:26:33 queue [('p2d_l2048b', 'RUNNING')] free 0 todo 4
18:28:34 queue [('p2d_s1024rf', 'RUNNING'), ('p2d_l2048b', 'RUNNING')] free 0 todo 3
18:30:34 queue [('p2d_s1024rf', 'RUNNING'), ('p2d_l2048b', 'RUNNING')] free 0 todo 3
18:32:35 queue [('p2d_s1024rf', 'RUNNING'), ('p2d_l2048b', 'RUNNING')] free 0 todo 3
18:34:36 pulled l2048b
18:34:39 submit l2048p 0 ['submitted l2048p -> 4301745'] 
18:34:39 queue [('p2d_s1024rf', 'RUNNING')] free 0 todo 4
18:36:39 queue [('p2d_l2048p', 'RUNNING'), ('p2d_s1024rf', 'RUNNING')] free 0 todo 3
18:38:40 queue [('p2d_l2048p', 'RUNNING'), ('p2d_s1024rf', 'RUNNING')] free 0 todo 3
18:40:41 queue [('p2d_l2048p', 'RUNNING'), ('p2d_s1024rf', 'RUNNING')] free 0 todo 3
18:42:41 queue [('p2d_l2048p', 'RUNNING'), ('p2d_s1024rf', 'RUNNING')] free 0 todo 3
18:44:42 queue [('p2d_l2048p', 'RUNNING'), ('p2d_s1024rf', 'RUNNING')] free 0 todo 3
18:46:42 queue [('p2d_l2048p', 'RUNNING'), ('p2d_s1024rf', 'RUNNING')] free 0 todo 3
18:48:43 queue [('p2d_l2048p', 'RUNNING'), ('p2d_s1024rf', 'RUNNING')] free 0 todo 3
18:50:44 queue [('p2d_l2048p', 'RUNNING'), ('p2d_s1024rf', 'RUNNING')] free 0 todo 3
18:52:45 pulled l2048p
18:52:47 submit s1024ru 0 ['submitted s1024ru -> 4302300'] 
18:52:47 queue [('p2d_s1024rf', 'RUNNING')] free 0 todo 3
18:53:31 queue [('p2d_s1024ru', 'RUNNING'), ('p2d_s1024rf', 'RUNNING')] free 0 todo 3
18:55:32 queue [('p2d_s1024ru', 'RUNNING'), ('p2d_s1024rf', 'RUNNING')] free 0 todo 3
18:57:32 queue [('p2d_s1024ru', 'RUNNING'), ('p2d_s1024rf', 'RUNNING')] free 0 todo 3
18:59:33 queue [('p2d_s1024ru', 'RUNNING'), ('p2d_s1024rf', 'RUNNING')] free 0 todo 3
19:01:33 queue [('p2d_s1024ru', 'RUNNING'), ('p2d_s1024rf', 'RUNNING')] free 0 todo 3
19:03:34 queue [('p2d_s1024ru', 'RUNNING'), ('p2d_s1024rf', 'RUNNING')] free 0 todo 3
19:05:34 queue [('p2d_s1024ru', 'RUNNING'), ('p2d_s1024rf', 'RUNNING')] free 0 todo 3
19:07:35 queue [('p2d_s1024ru', 'RUNNING'), ('p2d_s1024rf', 'RUNNING')] free 0 todo 3
19:09:35 queue [('p2d_s1024ru', 'RUNNING'), ('p2d_s1024rf', 'RUNNING')] free 0 todo 3
19:11:36 queue [('p2d_s1024ru', 'RUNNING'), ('p2d_s1024rf', 'RUNNING')] free 0 todo 3
19:13:36 queue [('p2d_s1024ru', 'RUNNING'), ('p2d_s1024rf', 'RUNNING')] free 0 todo 3
19:15:37 queue [('p2d_s1024ru', 'RUNNING'), ('p2d_s1024rf', 'RUNNING')] free 0 todo 3
19:17:38 pulled s1024rf
19:17:41 submit l2048q 0 ['submitted l2048q -> 4303032'] 
19:17:41 queue [('p2d_s1024ru', 'RUNNING')] free 0 todo 3
19:19:41 queue [('p2d_l2048q', 'RUNNING'), ('p2d_s1024ru', 'RUNNING')] free 0 todo 2
19:21:42 queue [('p2d_l2048q', 'RUNNING'), ('p2d_s1024ru', 'RUNNING')] free 0 todo 2
19:23:42 queue [('p2d_l2048q', 'RUNNING'), ('p2d_s1024ru', 'RUNNING')] free 0 todo 2
19:25:43 queue [('p2d_l2048q', 'RUNNING'), ('p2d_s1024ru', 'RUNNING')] free 0 todo 2
19:27:43 queue [('p2d_l2048q', 'RUNNING'), ('p2d_s1024ru', 'RUNNING')] free 0 todo 2
19:29:44 queue [('p2d_l2048q', 'RUNNING'), ('p2d_s1024ru', 'RUNNING')] free 0 todo 2
19:31:45 queue [('p2d_l2048q', 'RUNNING'), ('p2d_s1024ru', 'RUNNING')] free 0 todo 2
19:33:45 queue [('p2d_l2048q', 'RUNNING'), ('p2d_s1024ru', 'RUNNING')] free 0 todo 2
19:35:47 pulled l2048q
19:35:49 submit s1024rt 0 ['submitted s1024rt -> 4303538'] 
19:35:49 queue [('p2d_s1024ru', 'RUNNING')] free 0 todo 2
19:37:02 queue [('p2d_s1024rt', 'RUNNING'), ('p2d_s1024ru', 'RUNNING')] free 0 todo 2
19:39:03 queue [('p2d_s1024rt', 'RUNNING'), ('p2d_s1024ru', 'RUNNING')] free 0 todo 2
19:41:04 queue [('p2d_s1024rt', 'RUNNING'), ('p2d_s1024ru', 'RUNNING')] free 0 todo 2
19:43:04 queue [('p2d_s1024rt', 'RUNNING'), ('p2d_s1024ru', 'RUNNING')] free 0 todo 2
19:45:05 pulled s1024ru
19:45:08 submit l2048r 0 ['submitted l2048r -> 4303797'] 
19:45:08 queue [('p2d_s1024rt', 'RUNNING')] free 0 todo 2
19:47:08 queue [('p2d_l2048r', 'RUNNING'), ('p2d_s1024rt', 'RUNNING')] free 0 todo 1
19:49:09 queue [('p2d_l2048r', 'RUNNING'), ('p2d_s1024rt', 'RUNNING')] free 0 todo 1
19:51:09 queue [('p2d_l2048r', 'RUNNING'), ('p2d_s1024rt', 'RUNNING')] free 0 todo 1
19:53:10 queue [('p2d_l2048r', 'RUNNING'), ('p2d_s1024rt', 'RUNNING')] free 0 todo 1
19:55:11 queue [('p2d_l2048r', 'RUNNING'), ('p2d_s1024rt', 'RUNNING')] free 0 todo 1
19:57:11 queue [('p2d_l2048r', 'RUNNING'), ('p2d_s1024rt', 'RUNNING')] free 0 todo 1
19:59:12 queue [('p2d_l2048r', 'RUNNING'), ('p2d_s1024rt', 'RUNNING')] free 0 todo 1
20:01:12 queue [('p2d_l2048r', 'RUNNING'), ('p2d_s1024rt', 'RUNNING')] free 0 todo 1
20:03:13 queue [('p2d_l2048r', 'RUNNING'), ('p2d_s1024rt', 'RUNNING')] free 0 todo 1
20:05:14 queue [('p2d_l2048r', 'RUNNING'), ('p2d_s1024rt', 'RUNNING')] free 0 todo 1
20:07:14 queue [('p2d_l2048r', 'RUNNING'), ('p2d_s1024rt', 'RUNNING')] free 0 todo 1
20:09:14 queue [('p2d_l2048r', 'RUNNING'), ('p2d_s1024rt', 'RUNNING')] free 0 todo 1
20:11:15 queue [('p2d_l2048r', 'RUNNING'), ('p2d_s1024rt', 'RUNNING')] free 0 todo 1
20:13:16 queue [('p2d_l2048r', 'RUNNING'), ('p2d_s1024rt', 'RUNNING')] free 0 todo 1
20:15:16 queue [('p2d_l2048r', 'RUNNING'), ('p2d_s1024rt', 'RUNNING')] free 0 todo 1
20:17:17 queue [('p2d_l2048r', 'RUNNING'), ('p2d_s1024rt', 'RUNNING')] free 0 todo 1
20:19:18 pulled l2048r
20:19:20 submit s1024rd 0 ['submitted s1024rd -> 4305123'] 
20:19:20 queue [('p2d_s1024rt', 'RUNNING')] free 0 todo 1
20:20:11 queue [('p2d_s1024rd', 'RUNNING'), ('p2d_s1024rt', 'RUNNING')] free 0 todo 1
20:22:11 queue [('p2d_s1024rd', 'RUNNING'), ('p2d_s1024rt', 'RUNNING')] free 0 todo 1
20:24:12 queue [('p2d_s1024rd', 'RUNNING'), ('p2d_s1024rt', 'RUNNING')] free 0 todo 1
20:26:12 queue [('p2d_s1024rd', 'RUNNING'), ('p2d_s1024rt', 'RUNNING')] free 0 todo 1
20:28:14 pulled s1024rt
20:28:16 submit l2048s 0 ['submitted l2048s -> 4305415'] 
20:28:16 queue [('p2d_s1024rd', 'RUNNING')] free 0 todo 1
20:30:17 queue [('p2d_l2048s', 'RUNNING'), ('p2d_s1024rd', 'RUNNING')] free 0 todo 0
20:32:18 queue [('p2d_l2048s', 'RUNNING'), ('p2d_s1024rd', 'RUNNING')] free 0 todo 0
20:34:18 queue [('p2d_l2048s', 'RUNNING'), ('p2d_s1024rd', 'RUNNING')] free 0 todo 0
20:36:19 queue [('p2d_l2048s', 'RUNNING'), ('p2d_s1024rd', 'RUNNING')] free 0 todo 0
20:38:19 queue [('p2d_l2048s', 'RUNNING'), ('p2d_s1024rd', 'RUNNING')] free 0 todo 0
20:40:20 queue [('p2d_l2048s', 'RUNNING'), ('p2d_s1024rd', 'RUNNING')] free 0 todo 0
20:42:20 queue [('p2d_l2048s', 'RUNNING'), ('p2d_s1024rd', 'RUNNING')] free 0 todo 0
20:44:22 pulled l2048s
20:44:22 queue [('p2d_s1024rd', 'RUNNING')] free 1 todo 0
20:44:50 queue [('p2d_s1024rd', 'RUNNING')] free 1 todo 0
20:46:51 queue [('p2d_s1024rd', 'RUNNING')] free 1 todo 0
20:48:51 queue [('p2d_s1024rd', 'RUNNING')] free 1 todo 0
20:50:52 queue [('p2d_s1024rd', 'RUNNING')] free 1 todo 0
20:52:52 queue [('p2d_s1024rd', 'RUNNING')] free 1 todo 0
20:54:53 queue [('p2d_s1024rd', 'RUNNING')] free 1 todo 0
20:56:53 queue [('p2d_s1024rd', 'RUNNING')] free 1 todo 0
20:58:54 queue [('p2d_s1024rd', 'RUNNING')] free 1 todo 0
21:00:55 queue [('p2d_s1024rd', 'RUNNING')] free 1 todo 0
21:02:55 queue [('p2d_s1024rd', 'RUNNING')] free 1 todo 0
21:04:56 queue [('p2d_s1024rd', 'RUNNING')] free 1 todo 0
21:06:56 queue [('p2d_s1024rd', 'RUNNING')] free 1 todo 0
21:08:57 queue [('p2d_s1024rd', 'RUNNING')] free 1 todo 0
21:10:58 pulled s1024rd
21:11:01 submit s1024rp 0 ['submitted s1024rp -> 4306883'] 
21:11:01 queue [] free 1 todo 1
21:13:01 queue [('p2d_s1024rp', 'RUNNING')] free 1 todo 0
21:15:02 queue [('p2d_s1024rp', 'RUNNING')] free 1 todo 0
21:17:03 pulled s1024rp
21:17:03 queue [] free 2 todo 0
