E0825 16:29:16.547414    5093 slow_operation_alarm.cc:73] Constant folding an instruction is taking > 1s:

  %dot = f64[1280,1024]{1,0} dot(%constant.14, %constant.15), lhs_contracting_dims={1}, rhs_contracting_dims={0}, operand_precision={highest,highest}, metadata={op_name="jit(prev_of)/dot_general" stack_frame_id=13}

This isn't necessarily a bug; constant-folding is inherently a trade-off between compilation time and speed at runtime. XLA has some guards that attempt to keep constant folding from taking too long, but fundamentally you'll always be able to come up with an input program that takes a long time.

If you'd like to file a bug, run with envvar XLA_FLAGS=--xla_dump_to=/tmp/foo and attach the results.
E0825 16:29:16.666639    5040 slow_operation_alarm.cc:140] The operation took 1.119306644s
Constant folding an instruction is taking > 1s:

  %dot = f64[1280,1024]{1,0} dot(%constant.14, %constant.15), lhs_contracting_dims={1}, rhs_contracting_dims={0}, operand_precision={highest,highest}, metadata={op_name="jit(prev_of)/dot_general" stack_frame_id=13}

This isn't necessarily a bug; constant-folding is inherently a trade-off between compilation time and speed at runtime. XLA has some guards that attempt to keep constant folding from taking too long, but fundamentally you'll always be able to come up with an input program that takes a long time.

If you'd like to file a bug, run with envvar XLA_FLAGS=--xla_dump_to=/tmp/foo and attach the results.
E0825 16:29:19.882559    5093 slow_operation_alarm.cc:73] Constant folding an instruction is taking > 2s:

  %dot_general.11 = f64[1280,1024]{1,0} dot(%constant.46, %constant.29), lhs_contracting_dims={1}, rhs_contracting_dims={0}, operand_precision={highest,highest}, metadata={op_name="jit(prev_of)/dot_general" stack_frame_id=13}

This isn't necessarily a bug; constant-folding is inherently a trade-off between compilation time and speed at runtime. XLA has some guards that attempt to keep constant folding from taking too long, but fundamentally you'll always be able to come up with an input program that takes a long time.

If you'd like to file a bug, run with envvar XLA_FLAGS=--xla_dump_to=/tmp/foo and attach the results.
E0825 16:29:28.724956    5040 slow_operation_alarm.cc:140] The operation took 10.842484788s
Constant folding an instruction is taking > 2s:

  %dot_general.11 = f64[1280,1024]{1,0} dot(%constant.46, %constant.29), lhs_contracting_dims={1}, rhs_contracting_dims={0}, operand_precision={highest,highest}, metadata={op_name="jit(prev_of)/dot_general" stack_frame_id=13}

This isn't necessarily a bug; constant-folding is inherently a trade-off between compilation time and speed at runtime. XLA has some guards that attempt to keep constant folding from taking too long, but fundamentally you'll always be able to come up with an input program that takes a long time.

If you'd like to file a bug, run with envvar XLA_FLAGS=--xla_dump_to=/tmp/foo and attach the results.
E0825 16:29:32.794070    5093 slow_operation_alarm.cc:73] Constant folding an instruction is taking > 4s:

  %dot_general.12 = f64[1280,512]{1,0} dot(%constant.54, %constant.30), lhs_contracting_dims={1}, rhs_contracting_dims={0}, operand_precision={highest,highest}, metadata={op_name="jit(prev_of)/dot_general" stack_frame_id=15}

This isn't necessarily a bug; constant-folding is inherently a trade-off between compilation time and speed at runtime. XLA has some guards that attempt to keep constant folding from taking too long, but fundamentally you'll always be able to come up with an input program that takes a long time.

If you'd like to file a bug, run with envvar XLA_FLAGS=--xla_dump_to=/tmp/foo and attach the results.
E0825 16:29:34.142054    5040 slow_operation_alarm.cc:140] The operation took 5.348066545s
Constant folding an instruction is taking > 4s:

  %dot_general.12 = f64[1280,512]{1,0} dot(%constant.54, %constant.30), lhs_contracting_dims={1}, rhs_contracting_dims={0}, operand_precision={highest,highest}, metadata={op_name="jit(prev_of)/dot_general" stack_frame_id=15}

This isn't necessarily a bug; constant-folding is inherently a trade-off between compilation time and speed at runtime. XLA has some guards that attempt to keep constant folding from taking too long, but fundamentally you'll always be able to come up with an input program that takes a long time.

If you'd like to file a bug, run with envvar XLA_FLAGS=--xla_dump_to=/tmp/foo and attach the results.
E0825 16:29:44.886681    5093 slow_operation_alarm.cc:73] Constant folding an instruction is taking > 8s:

  %dot_general.43 = f64[1280,1024]{1,0} dot(%constant.96, %constant.54), lhs_contracting_dims={1}, rhs_contracting_dims={0}, operand_precision={highest,highest}, metadata={op_name="jit(rJ)/dot_general" stack_frame_id=18}

This isn't necessarily a bug; constant-folding is inherently a trade-off between compilation time and speed at runtime. XLA has some guards that attempt to keep constant folding from taking too long, but fundamentally you'll always be able to come up with an input program that takes a long time.

If you'd like to file a bug, run with envvar XLA_FLAGS=--xla_dump_to=/tmp/foo and attach the results.
E0825 16:29:47.588464    5040 slow_operation_alarm.cc:140] The operation took 10.701877738s
Constant folding an instruction is taking > 8s:

  %dot_general.43 = f64[1280,1024]{1,0} dot(%constant.96, %constant.54), lhs_contracting_dims={1}, rhs_contracting_dims={0}, operand_precision={highest,highest}, metadata={op_name="jit(rJ)/dot_general" stack_frame_id=18}

This isn't necessarily a bug; constant-folding is inherently a trade-off between compilation time and speed at runtime. XLA has some guards that attempt to keep constant folding from taking too long, but fundamentally you'll always be able to come up with an input program that takes a long time.

If you'd like to file a bug, run with envvar XLA_FLAGS=--xla_dump_to=/tmp/foo and attach the results.
E0825 16:47:28.593195    5093 slow_operation_alarm.cc:73] Constant folding an instruction is taking > 16s:

  %dot_general.11 = f64[5120,1024]{1,0} dot(%constant.46, %constant.29), lhs_contracting_dims={1}, rhs_contracting_dims={0}, operand_precision={highest,highest}, metadata={op_name="jit(prev_of)/dot_general" stack_frame_id=13}

This isn't necessarily a bug; constant-folding is inherently a trade-off between compilation time and speed at runtime. XLA has some guards that attempt to keep constant folding from taking too long, but fundamentally you'll always be able to come up with an input program that takes a long time.

If you'd like to file a bug, run with envvar XLA_FLAGS=--xla_dump_to=/tmp/foo and attach the results.
E0825 16:47:55.541103    5040 slow_operation_alarm.cc:140] The operation took 42.947998853s
Constant folding an instruction is taking > 16s:

  %dot_general.11 = f64[5120,1024]{1,0} dot(%constant.46, %constant.29), lhs_contracting_dims={1}, rhs_contracting_dims={0}, operand_precision={highest,highest}, metadata={op_name="jit(prev_of)/dot_general" stack_frame_id=13}

This isn't necessarily a bug; constant-folding is inherently a trade-off between compilation time and speed at runtime. XLA has some guards that attempt to keep constant folding from taking too long, but fundamentally you'll always be able to come up with an input program that takes a long time.

If you'd like to file a bug, run with envvar XLA_FLAGS=--xla_dump_to=/tmp/foo and attach the results.
E0825 16:48:59.504213    5093 slow_operation_alarm.cc:73] Constant folding an instruction is taking > 32s:

  %dot_general.43 = f64[5120,1024]{1,0} dot(%constant.96, %constant.54), lhs_contracting_dims={1}, rhs_contracting_dims={0}, operand_precision={highest,highest}, metadata={op_name="jit(rJ)/dot_general" stack_frame_id=18}

This isn't necessarily a bug; constant-folding is inherently a trade-off between compilation time and speed at runtime. XLA has some guards that attempt to keep constant folding from taking too long, but fundamentally you'll always be able to come up with an input program that takes a long time.

If you'd like to file a bug, run with envvar XLA_FLAGS=--xla_dump_to=/tmp/foo and attach the results.
E0825 16:49:10.391524    5040 slow_operation_alarm.cc:140] The operation took 42.887379868s
Constant folding an instruction is taking > 32s:

  %dot_general.43 = f64[5120,1024]{1,0} dot(%constant.96, %constant.54), lhs_contracting_dims={1}, rhs_contracting_dims={0}, operand_precision={highest,highest}, metadata={op_name="jit(rJ)/dot_general" stack_frame_id=18}

This isn't necessarily a bug; constant-folding is inherently a trade-off between compilation time and speed at runtime. XLA has some guards that attempt to keep constant folding from taking too long, but fundamentally you'll always be able to come up with an input program that takes a long time.

If you'd like to file a bug, run with envvar XLA_FLAGS=--xla_dump_to=/tmp/foo and attach the results.
E0825 16:54:52.942092    5093 slow_operation_alarm.cc:73] 
********************************
[Compiling module input_reduce_fusion.2 for GPU] Very slow compile? If you want to file a bug, run with envvar XLA_FLAGS=--xla_dump_to=/tmp/foo and attach the results.
********************************
E0825 16:58:46.520633    5086 slow_operation_alarm.cc:140] The operation took 5m53.578679472s

********************************
[Compiling module input_reduce_fusion.2 for GPU] Very slow compile? If you want to file a bug, run with envvar XLA_FLAGS=--xla_dump_to=/tmp/foo and attach the results.
********************************
