host=pax003 job_id=4285933
NVIDIA A100-PCIE-40GB, GPU-2fc936dd-00cf-5e71-6e66-7ab04fc8ac30, 40960 MiB, 575.57.08
10.235.106.30:/projects/paralab  4.6T  4.2T  373G  92% /cluster/tufts/paralab
jax_backend=gpu
torch_cuda True NVIDIA A100-PCIE-40GB
jax_backend=gpu x64=True
CASE train burgers-train-00000 1.52
CASE train burgers-train-00001 0.12
CASE train burgers-train-00002 0.13
CASE train burgers-train-00003 0.18
CASE train burgers-train-00004 0.22
CASE train burgers-train-00005 0.14
CASE train burgers-train-00006 0.21
CASE train burgers-train-00007 0.21
CASE train burgers-train-00008 0.13
CASE train burgers-train-00009 0.21
CASE train burgers-train-00010 0.21
CASE train burgers-train-00011 0.08
CASE train burgers-train-00012 0.12
CASE train burgers-train-00013 0.19
CASE train burgers-train-00014 0.18
CASE train burgers-train-00015 0.09
CASE train burgers-train-00016 0.15
CASE train burgers-train-00017 0.18
CASE train burgers-train-00018 0.11
CASE train burgers-train-00019 0.16
CASE train burgers-train-00020 0.23
CASE train burgers-train-00021 0.14
CASE train burgers-train-00022 0.15
CASE train burgers-train-00023 0.23
CASE train burgers-train-00024 0.12
CASE train burgers-train-00025 0.29
CASE train burgers-train-00026 0.28
CASE train burgers-train-00027 0.14
CASE train burgers-train-00028 0.25
CASE train burgers-train-00029 0.25
CASE train burgers-train-00030 0.27
CASE train burgers-train-00031 0.21
CASE train burgers-train-00032 0.11
CASE train burgers-train-00033 0.1
CASE train burgers-train-00034 0.16
CASE train burgers-train-00035 0.07
CASE train burgers-train-00036 0.16
CASE train burgers-train-00037 0.16
CASE train burgers-train-00038 0.15
CASE train burgers-train-00039 0.24
CASE train burgers-train-00040 0.15
CASE train burgers-train-00041 0.19
CASE train burgers-train-00042 0.19
CASE train burgers-train-00043 0.22
CASE train burgers-train-00044 0.09
CASE train burgers-train-00045 0.14
CASE train burgers-train-00046 0.2
CASE train burgers-train-00047 0.09
CASE train burgers-train-00048 0.16
CASE train burgers-train-00049 0.16
CASE train burgers-train-00050 0.12
CASE train burgers-train-00051 0.21
CASE train burgers-train-00052 0.21
CASE train burgers-train-00053 0.18
CASE train burgers-train-00054 0.13
CASE train burgers-train-00055 0.14
CASE train burgers-train-00056 0.23
CASE train burgers-train-00057 0.21
CASE train burgers-train-00058 0.15
CASE train burgers-train-00059 0.17
CASE train burgers-train-00060 0.31
CASE train burgers-train-00061 0.14
CASE train burgers-train-00062 0.14
CASE train burgers-train-00063 0.17
CASE train burgers-train-00064 0.15
CASE train burgers-train-00065 0.15
CASE train burgers-train-00066 0.16
CASE train burgers-train-00067 0.14
CASE train burgers-train-00068 0.08
CASE train burgers-train-00069 0.12
CASE train burgers-train-00070 0.16
CASE train burgers-train-00071 0.15
CASE train burgers-train-00072 0.14
CASE train burgers-train-00073 0.13
CASE train burgers-train-00074 0.12
CASE train burgers-train-00075 0.23
CASE train burgers-train-00076 0.11
CASE train burgers-train-00077 0.15
CASE train burgers-train-00078 0.11
CASE train burgers-train-00079 0.25
CASE train burgers-train-00080 0.2
CASE train burgers-train-00081 0.17
CASE train burgers-train-00082 0.12
CASE train burgers-train-00083 0.16
CASE train burgers-train-00084 0.22
CASE train burgers-train-00085 0.15
CASE train burgers-train-00086 0.21
CASE train burgers-train-00087 0.19
CASE train burgers-train-00088 0.18
CASE train burgers-train-00089 0.19
CASE train burgers-train-00090 0.15
CASE train burgers-train-00091 0.14
CASE train burgers-train-00092 0.21
CASE train burgers-train-00093 0.23
CASE train burgers-train-00094 0.16
CASE train burgers-train-00095 0.13
CASE train burgers-train-00096 0.15
CASE train burgers-train-00097 0.14
CASE train burgers-train-00098 0.17
CASE train burgers-train-00099 0.23
CASE train burgers-train-00100 0.21
CASE train burgers-train-00101 0.19
CASE train burgers-train-00102 0.15
CASE train burgers-train-00103 0.15
CASE train burgers-train-00104 0.13
CASE train burgers-train-00105 0.12
CASE train burgers-train-00106 0.13
CASE train burgers-train-00107 0.13
CASE train burgers-train-00108 0.16
CASE train burgers-train-00109 0.23
CASE train burgers-train-00110 0.14
CASE train burgers-train-00111 0.18
CASE train burgers-train-00112 0.17
CASE train burgers-train-00113 0.18
CASE train burgers-train-00114 0.18
CASE train burgers-train-00115 0.17
CASE train burgers-train-00116 0.13
CASE train burgers-train-00117 0.16
CASE train burgers-train-00118 0.09
CASE train burgers-train-00119 0.2
CASE train burgers-train-00120 0.21
CASE train burgers-train-00121 0.13
CASE train burgers-train-00122 0.19
CASE train burgers-train-00123 0.11
CASE train burgers-train-00124 0.18
CASE train burgers-train-00125 0.18
CASE train burgers-train-00126 0.12
CASE train burgers-train-00127 0.21
CASE validation burgers-validation-00000 0.15
CASE validation burgers-validation-00001 0.16
CASE validation burgers-validation-00002 0.11
CASE validation burgers-validation-00003 0.11
CASE validation burgers-validation-00004 0.13
CASE validation burgers-validation-00005 0.26
CASE validation burgers-validation-00006 0.25
CASE validation burgers-validation-00007 0.15
CASE validation burgers-validation-00008 0.15
CASE validation burgers-validation-00009 0.13
CASE validation burgers-validation-00010 0.2
CASE validation burgers-validation-00011 0.09
CASE validation burgers-validation-00012 0.17
CASE validation burgers-validation-00013 0.13
CASE validation burgers-validation-00014 0.18
CASE validation burgers-validation-00015 0.09
CASE validation burgers-validation-00016 0.09
CASE validation burgers-validation-00017 0.18
CASE validation burgers-validation-00018 0.29
CASE validation burgers-validation-00019 0.28
CASE validation burgers-validation-00020 0.2
CASE validation burgers-validation-00021 0.14
CASE validation burgers-validation-00022 0.12
CASE validation burgers-validation-00023 0.12
CASE validation burgers-validation-00024 0.14
CASE validation burgers-validation-00025 0.11
CASE validation burgers-validation-00026 0.1
CASE validation burgers-validation-00027 0.1
CASE validation burgers-validation-00028 0.16
CASE validation burgers-validation-00029 0.1
CASE validation burgers-validation-00030 0.17
CASE validation burgers-validation-00031 0.18
OPDATA DONE {"mesh": 512, "dt": 0.005, "ntol": 1e-06, "ltol": 1e-08, "solver": "iterative_paths.make_fom(L, dt, \"fft\") = fft_tight", "dev6_sha256": "108f12dc8f9e6a64daf94f55861c616a29810134a52726e8a683a2a43892dc8a", "splits": {"train": {"cases": 128, "source_index_sha256": "5333584b7162df622ec7bc2b08e68d8003036b1b05abbea520249ed408fc8d49", "index_sha256": "961dac84c934e100241c69baf4e9801959a03aac8e999449c29e81b02849969a", "median_seconds": 0.16085323900915682, "max_seconds": 1.516772614326328, "worst_relative_residual": 9.962369501547947e-07}, "validation": {"cases": 32, "source_index_sha256": "468b9e70df3392c4b5bbb41381c9062d3d697ac4772b7236c4ee59d0ca73ebad", "index_sha256": "23e377ba154b002faf0bce9592fc9e9976623da66a8a818bbf1e02fcd7b4d4af", "median_seconds": 0.14537759963423014, "max_seconds": 0.29082845989614725, "worst_relative_residual": 9.932654698543207e-07}}}
{"arm": "fno-large", "config": "inputs/opconfigs/fno-large.json", "exit_code": 0, "started_unix": 1790269099.2144957, "ended_unix": 1790272132.2131581, "job_id": "4285933", "epochs": 201, "stop_reason": "wall_budget", "validation_mean_case_max": 0.024580123225250064, "validation_worst_case_max": 0.06550171738134944, "micro_batch_final": 8, "best_checkpoint_sha256": "1d6ab5c66d374ca83c8e751276f1243c5c3713a36290a52685b025620838c207"}
WORKER FINISHED
worker_exit=0
run_exit=0
