[exp/2026-09-14-no-poisson 6b906b12] Add fresh matched-data Poisson r128 versus r256 capacity screen
 102 files changed, 8402 insertions(+), 11 deletions(-)
 create mode 100644 experiments/neural-operator-poisson/checks/matched-diagnosis-r256-smoke.log
 create mode 100644 experiments/neural-operator-poisson/checks/matched-diagnosis-r256-smoke/fields/060793cd815b84c6e5b5700132cafc6d088b9df1afa69e441b5aca12084802a6.npz
 create mode 100644 experiments/neural-operator-poisson/checks/matched-diagnosis-r256-smoke/fields/1d2c05076ae273ad91a516c9a7d9364ef9681da1a3b58f621e54e0f3682ed3c1.npz
 create mode 100644 experiments/neural-operator-poisson/checks/matched-diagnosis-r256-smoke/fields/21f7d9356002962f9c5d41314ac979b9c4a782843e53bf320cc2c221fc787676.npz
 create mode 100644 experiments/neural-operator-poisson/checks/matched-diagnosis-r256-smoke/fields/2329e9c8a6087c569f3cb4973b831435116817a318a28d6e496eb51d072c14e1.npz
 create mode 100644 experiments/neural-operator-poisson/checks/matched-diagnosis-r256-smoke/fields/2692d0fa3ddc7183a3fc5b310b831bfe4a57732f6b0730651d64a7c645cc4b58.npz
 create mode 100644 experiments/neural-operator-poisson/checks/matched-diagnosis-r256-smoke/fields/45fae3a8f282dfef2826646cd29e76530eb5bb88ee9ee95498a3971c697abe22.npz
 create mode 100644 experiments/neural-operator-poisson/checks/matched-diagnosis-r256-smoke/fields/5597304bb1c5746baa780493e2aed210b1403d6bb74909aa88cf96c74653039e.npz
 create mode 100644 experiments/neural-operator-poisson/checks/matched-diagnosis-r256-smoke/fields/770991ee803bc3cc01fce73e92221b3328b55549770ea32e66de2b1219d106be.npz
 create mode 100644 experiments/neural-operator-poisson/checks/matched-diagnosis-r256-smoke/fields/779fe688c4eb0d99ed43b81fa1045d66feb12ee31446d8c96b7e266673c86fb5.npz
 create mode 100644 experiments/neural-operator-poisson/checks/matched-diagnosis-r256-smoke/fields/7eb3c1a5293e050ac7111dda99effe25bc8e8ecc4b9b6f48f0566a26567cef06.npz
 create mode 100644 experiments/neural-operator-poisson/checks/matched-diagnosis-r256-smoke/fields/9e1e356935ef55876241c5a4a6894dc66715fa5dd45fedf4de3981bb892f26d2.npz
 create mode 100644 experiments/neural-operator-poisson/checks/matched-diagnosis-r256-smoke/fields/a00894ccb21ea9e15916cf7a4dff948d4048e892c880a2853f63925230d3830c.npz
 create mode 100644 experiments/neural-operator-poisson/checks/matched-diagnosis-r256-smoke/fields/bb6ba205d1812e53841b98cc9d59469f690c6a69ee63666c540cc0553010faa5.npz
 create mode 100644 experiments/neural-operator-poisson/checks/matched-diagnosis-r256-smoke/fields/d46f70ce7d8b4bb64991cb564fe92c2892692aa43c08ae400a7be64ccce0977f.npz
 create mode 100644 experiments/neural-operator-poisson/checks/matched-diagnosis-r256-smoke/fields/fe34266840d616af2ee9d9a0e7fdb9c6cf618a8c9d2703be7a2d1ee7b29c22d0.npz
 create mode 100644 experiments/neural-operator-poisson/checks/matched-diagnosis-r256-smoke/result.json
 create mode 100644 experiments/neural-operator-poisson/checks/matched-diagnosis-smoke.log
 create mode 100644 experiments/neural-operator-poisson/checks/matched-diagnosis-smoke/fields/1027eee0dec501a7089b2401424140980ad307753a07e22a6bad373a08421610.npz
 create mode 100644 experiments/neural-operator-poisson/checks/matched-diagnosis-smoke/fields/21f7d9356002962f9c5d41314ac979b9c4a782843e53bf320cc2c221fc787676.npz
 create mode 100644 experiments/neural-operator-poisson/checks/matched-diagnosis-smoke/fields/2329e9c8a6087c569f3cb4973b831435116817a318a28d6e496eb51d072c14e1.npz
 create mode 100644 experiments/neural-operator-poisson/checks/matched-diagnosis-smoke/fields/2b9f59b4a76763aee0ad1ee83857dc88dd6430b65774e4c9d37a24e82fc3bb27.npz
 create mode 100644 experiments/neural-operator-poisson/checks/matched-diagnosis-smoke/fields/42cbae2e8cb268462085e09a764963ae6ea3f4e727d2346a5ee363160bf87dee.npz
 create mode 100644 experiments/neural-operator-poisson/checks/matched-diagnosis-smoke/fields/5597304bb1c5746baa780493e2aed210b1403d6bb74909aa88cf96c74653039e.npz
 create mode 100644 experiments/neural-operator-poisson/checks/matched-diagnosis-smoke/fields/779fe688c4eb0d99ed43b81fa1045d66feb12ee31446d8c96b7e266673c86fb5.npz
 create mode 100644 experiments/neural-operator-poisson/checks/matched-diagnosis-smoke/fields/9f49369d9520eba1dadc8cd72fe333bf314315a86d016ddfd7352d6f5f5ac173.npz
 create mode 100644 experiments/neural-operator-poisson/checks/matched-diagnosis-smoke/fields/bb6ba205d1812e53841b98cc9d59469f690c6a69ee63666c540cc0553010faa5.npz
 create mode 100644 experiments/neural-operator-poisson/checks/matched-diagnosis-smoke/fields/cb40563d33c6ffbc98edec42b301c6ec222fe0b013e9b8ff66d8b77d6dcb3e34.npz
 create mode 100644 experiments/neural-operator-poisson/checks/matched-diagnosis-smoke/fields/d46f70ce7d8b4bb64991cb564fe92c2892692aa43c08ae400a7be64ccce0977f.npz
 create mode 100644 experiments/neural-operator-poisson/checks/matched-diagnosis-smoke/fields/d6d3ee7cc24db34624460496633ff34f28ed61e1b6590ed3a9b6eba2858f63dc.npz
 create mode 100644 experiments/neural-operator-poisson/checks/matched-diagnosis-smoke/fields/d7c7d55be45365f4eb9fd01d2885880e6a09ed3087384210a2333595059350b9.npz
 create mode 100644 experiments/neural-operator-poisson/checks/matched-diagnosis-smoke/fields/dbb3cc53f67ceb7ac31c274983676610c73837d14fb49318582557cf0c304c8c.npz
 create mode 100644 experiments/neural-operator-poisson/checks/matched-diagnosis-smoke/fields/e5cb6c2c57c6f8d4179c3a48f1ad9cb5d1323249ceb124f85bb4f5869eb0572c.npz
 create mode 100644 experiments/neural-operator-poisson/checks/matched-diagnosis-smoke/result.json
 create mode 100644 experiments/neural-operator-poisson/checks/matched-training-r256-smoke.log
 create mode 100644 experiments/neural-operator-poisson/checks/matched-training-smoke.log
 create mode 100644 experiments/neural-operator-poisson/checks/matched-training-smoke/calibration/calibration.json
 create mode 100644 experiments/neural-operator-poisson/checks/matched-training-smoke/calibration/case-00000-references.npz
 create mode 100644 experiments/neural-operator-poisson/checks/matched-training-smoke/calibration/checksums.json
 create mode 100644 experiments/neural-operator-poisson/checks/matched-training-smoke/r128/bank.pkl
 create mode 100644 experiments/neural-operator-poisson/checks/matched-training-smoke/r128/basis.npz
 create mode 100644 experiments/neural-operator-poisson/checks/matched-training-smoke/r128/evaluation-protocol.json
 create mode 100644 experiments/neural-operator-poisson/checks/matched-training-smoke/r128/final.pkl
 create mode 100644 experiments/neural-operator-poisson/checks/matched-training-smoke/r128/head.pkl
 create mode 100644 experiments/neural-operator-poisson/checks/matched-training-smoke/r128/initial.pkl
 create mode 100644 experiments/neural-operator-poisson/checks/matched-training-smoke/r128/joint.pkl
 create mode 100644 experiments/neural-operator-poisson/checks/matched-training-smoke/r128/training.json
 create mode 100644 experiments/neural-operator-poisson/checks/matched-training-smoke/r128/warm_joint.pkl
 create mode 100644 experiments/neural-operator-poisson/checks/matched-training-smoke/r256/bank.pkl
 create mode 100644 experiments/neural-operator-poisson/checks/matched-training-smoke/r256/basis.npz
 create mode 100644 experiments/neural-operator-poisson/checks/matched-training-smoke/r256/evaluation-protocol.json
 create mode 100644 experiments/neural-operator-poisson/checks/matched-training-smoke/r256/final.pkl
 create mode 100644 experiments/neural-operator-poisson/checks/matched-training-smoke/r256/head.pkl
 create mode 100644 experiments/neural-operator-poisson/checks/matched-training-smoke/r256/initial.pkl
 create mode 100644 experiments/neural-operator-poisson/checks/matched-training-smoke/r256/joint.pkl
 create mode 100644 experiments/neural-operator-poisson/checks/matched-training-smoke/r256/training.json
 create mode 100644 experiments/neural-operator-poisson/checks/matched-training-smoke/r256/warm_joint.pkl
 create mode 100644 experiments/neural-operator-poisson/checks/matched-training-smoke/train/calibration/calibration.json
 create mode 100644 experiments/neural-operator-poisson/checks/matched-training-smoke/train/calibration/case-00000-references.npz
 create mode 100644 experiments/neural-operator-poisson/checks/matched-training-smoke/train/calibration/checksums.json
 create mode 100644 experiments/neural-operator-poisson/checks/matched-training-smoke/train/cases/poisson-train-00000.npz
 create mode 100644 experiments/neural-operator-poisson/checks/matched-training-smoke/train/cases/poisson-train-00001.npz
 create mode 100644 experiments/neural-operator-poisson/checks/matched-training-smoke/train/cases/poisson-train-00002.npz
 create mode 100644 experiments/neural-operator-poisson/checks/matched-training-smoke/train/cases/poisson-train-00003.npz
 create mode 100644 experiments/neural-operator-poisson/checks/matched-training-smoke/train/cases/poisson-train-00004.npz
 create mode 100644 experiments/neural-operator-poisson/checks/matched-training-smoke/train/cases/poisson-train-00005.npz
 create mode 100644 experiments/neural-operator-poisson/checks/matched-training-smoke/train/cases/poisson-train-00006.npz
 create mode 100644 experiments/neural-operator-poisson/checks/matched-training-smoke/train/cases/poisson-train-00007.npz
 create mode 100644 experiments/neural-operator-poisson/checks/matched-training-smoke/train/cases/poisson-train-00008.npz
 create mode 100644 experiments/neural-operator-poisson/checks/matched-training-smoke/train/cases/poisson-train-00009.npz
 create mode 100644 experiments/neural-operator-poisson/checks/matched-training-smoke/train/cases/poisson-train-00010.npz
 create mode 100644 experiments/neural-operator-poisson/checks/matched-training-smoke/train/cases/poisson-train-00011.npz
 create mode 100644 experiments/neural-operator-poisson/checks/matched-training-smoke/train/cases/poisson-train-00012.npz
 create mode 100644 experiments/neural-operator-poisson/checks/matched-training-smoke/train/cases/poisson-train-00013.npz
 create mode 100644 experiments/neural-operator-poisson/checks/matched-training-smoke/train/cases/poisson-train-00014.npz
 create mode 100644 experiments/neural-operator-poisson/checks/matched-training-smoke/train/cases/poisson-train-00015.npz
 create mode 100644 experiments/neural-operator-poisson/checks/matched-training-smoke/train/cases/poisson-train-00016.npz
 create mode 100644 experiments/neural-operator-poisson/checks/matched-training-smoke/train/cases/poisson-train-00017.npz
 create mode 100644 experiments/neural-operator-poisson/checks/matched-training-smoke/train/cases/poisson-train-00018.npz
 create mode 100644 experiments/neural-operator-poisson/checks/matched-training-smoke/train/cases/poisson-train-00019.npz
 create mode 100644 experiments/neural-operator-poisson/checks/matched-training-smoke/train/cases/poisson-train-00020.npz
 create mode 100644 experiments/neural-operator-poisson/checks/matched-training-smoke/train/cases/poisson-train-00021.npz
 create mode 100644 experiments/neural-operator-poisson/checks/matched-training-smoke/train/cases/poisson-train-00022.npz
 create mode 100644 experiments/neural-operator-poisson/checks/matched-training-smoke/train/cases/poisson-train-00023.npz
 create mode 100644 experiments/neural-operator-poisson/checks/matched-training-smoke/train/cases/poisson-train-00024.npz
 create mode 100644 experiments/neural-operator-poisson/checks/matched-training-smoke/train/cases/poisson-train-00025.npz
 create mode 100644 experiments/neural-operator-poisson/checks/matched-training-smoke/train/cases/poisson-train-00026.npz
 create mode 100644 experiments/neural-operator-poisson/checks/matched-training-smoke/train/cases/poisson-train-00027.npz
 create mode 100644 experiments/neural-operator-poisson/checks/matched-training-smoke/train/cases/poisson-train-00028.npz
 create mode 100644 experiments/neural-operator-poisson/checks/matched-training-smoke/train/cases/poisson-train-00029.npz
 create mode 100644 experiments/neural-operator-poisson/checks/matched-training-smoke/train/cases/poisson-train-00030.npz
 create mode 100644 experiments/neural-operator-poisson/checks/matched-training-smoke/train/cases/poisson-train-00031.npz
 create mode 100644 experiments/neural-operator-poisson/checks/matched-training-smoke/train/checksums.json
 create mode 100644 experiments/neural-operator-poisson/checks/matched-training-smoke/train/index.json
 create mode 100644 experiments/neural-operator-poisson/matched_cluster.py
 create mode 100644 experiments/neural-operator-poisson/smoke_training.py
 create mode 100644 experiments/neural-operator-poisson/train_matched.py
 create mode 100644 experiments/neural-operator-poisson/training-protocol.json
