host=pax051 source_commit=ed431edb498a3d38aeca6a6b9ea4b0e2481686bb
NVIDIA A100-PCIE-40GB, 40960 MiB
10.235.106.24:/projects/paralab  4.6T  4.2T  434G  91% /cluster/tufts/paralab
jax_backend=gpu
jax_backend=gpu x64=True precision=highest
REFERENCE 0 90.5
REFERENCE 1 165.8
REFERENCE 2 269.7
REFERENCE 3 365.6
REFERENCE 4 447.6
REFERENCE 5 521.4
SNAPSHOTS 16.4
DIRECTIONS 1826.6 rank 512 hash f270e5bf682a matches {'btq101': False, 'btq102': False, 'btq201': False, 'cclad01': False}
ARM q0_M256_dense M 256 sigma None 1.6
ARM q0_M1088_dense M 1088 sigma None 4.2
ARM q64_M256_dense M 256 sigma 0.9984263805118286 0.9
ARM q64_M320_dense M 320 sigma 0.9990727118044287 2.7
ARM q64_M576_dense M 576 sigma 0.9996973484424003 3.6
ARM q64_M640_dense M 640 sigma 0.9997533247494741 3.8
ARM q64_M1088_dense M 1088 sigma 0.9999061962775386 0.8
ARM q64_M1280_dense M 1280 sigma 0.9999310063100936 5.8
ARM q128_M256_dense M 256 sigma 0.9996508749100589 0.9
ARM q128_M576_dense M 576 sigma 0.9999459352927059 0.8
ARM q128_M1088_dense M 1088 sigma 0.999984535832984 0.8
ARM q128_M1152_dense M 1152 sigma 0.9999867004322456 5.1
ARM q256_M544_dense M 544 sigma 0.9999933890013711 3.3
ARM q256_M1088_dense M 1088 sigma 0.9999985776021545 0.7
ARM q256_M2176_dense M 2176 sigma 0.9999997659357792 8.8
RECON q 0 2.54466
RECON q 64 2.13863
RECON q 128 1.81053
RECON q 256 0.90164
WARM q0_M256_dense 7.3 device_MB 4956
WARM q0_M1088_dense 12.6 device_MB 4956
WARM q64_M256_dense 24.9 device_MB 4956
WARM q64_M320_dense 32.6 device_MB 4956
WARM q64_M576_dense 40.9 device_MB 4956
WARM q64_M640_dense 49.0 device_MB 4956
WARM q64_M1088_dense 57.3 device_MB 4956
WARM q64_M1280_dense 66.3 device_MB 4956
WARM q128_M256_dense 78.4 device_MB 4956
WARM q128_M576_dense 86.3 device_MB 4956
WARM q128_M1088_dense 94.5 device_MB 4956
WARM q128_M1152_dense 103.8 device_MB 4956
WARM q256_M544_dense 124.9 device_MB 4956
WARM q256_M1088_dense 143.3 device_MB 4956
WARM q256_M2176_dense 167.1 device_MB 4956
WARM fft_tight 168.2 device_MB 4956
WARM fft_loose 168.2 device_MB 4956
WARM nt1e-2_dt01 169.1 device_MB 4956
TIMED 0 3279.8
TIMED 1 3496.6
TIMED 2 3713.5
Q-XM COMPLETE
ALL-DONE
