torch_backend=cuda NVIDIA A100 80GB PCIe
CG data 64 / 1024 127.5
CG data 128 / 1024 251.9
CG data 192 / 1024 375.9
CG data 256 / 1024 500.1
CG data 320 / 1024 624.7
CG data 384 / 1024 749.1
CG data 448 / 1024 873.0
CG data 512 / 1024 996.7
CG data 576 / 1024 1120.9
CG data 640 / 1024 1244.6
CG data 704 / 1024 1369.2
CG data 768 / 1024 1492.9
CG data 832 / 1024 1617.1
CG data 896 / 1024 1740.7
CG data 960 / 1024 1864.7
CG data 1024 / 1024 1988.3
DATA READY {"seconds": 2019.9013697910123, "data_seconds": 2019.437341617886} [0.03194863482390429, 0.1517897745599483, 0.0018159422476291553]
{"arm": "deeponet", "epoch": 0, "steps": 128, "train": 0.50277081547287, "val_mean": 0.7019868741919753, "val_worst": 3.116054630550588, "lr": 0.0009963827244066558, "wall": 118.4}
{"arm": "deeponet", "epoch": 1, "steps": 256, "train": 0.24256318454978198, "val_mean": 0.4755784977833605, "val_worst": 1.0224742004255283, "lr": 0.0009852594890907532, "wall": 236.5}
{"arm": "deeponet", "epoch": 2, "steps": 384, "train": 0.18048131506694604, "val_mean": 0.4018673577273433, "val_worst": 0.6500607465690319, "lr": 0.0009667683831945564, "wall": 354.8}
{"arm": "deeponet", "epoch": 3, "steps": 512, "train": 0.14223796093241514, "val_mean": 0.4003141875358168, "val_worst": 1.011628339648866, "lr": 0.0009411351736976378, "wall": 473.3}
{"arm": "deeponet", "epoch": 4, "steps": 640, "train": 0.12238943994212478, "val_mean": 0.43129269984822105, "val_worst": 1.452670147918283, "lr": 0.0009088829213349052, "wall": 591.5}
{"arm": "deeponet", "epoch": 5, "steps": 768, "train": 0.10161689973061785, "val_mean": 0.38280280102523323, "val_worst": 0.8239683305861712, "lr": 0.0008704954056221336, "wall": 709.7}
{"arm": "deeponet", "epoch": 6, "steps": 896, "train": 0.08771043682257765, "val_mean": 0.3502803149874082, "val_worst": 0.9753025888273851, "lr": 0.0008264431613170803, "wall": 827.9}
{"arm": "deeponet", "epoch": 7, "steps": 1024, "train": 0.07584055873040076, "val_mean": 0.3259466028014711, "val_worst": 1.0427243992014188, "lr": 0.000777423388406007, "wall": 946.4}
{"arm": "deeponet", "epoch": 8, "steps": 1152, "train": 0.07162093071891165, "val_mean": 0.3109848024736555, "val_worst": 0.7619193947453877, "lr": 0.0007242505125620805, "wall": 1064.7}
{"arm": "deeponet", "epoch": 9, "steps": 1280, "train": 0.0600087438707891, "val_mean": 0.298950330059471, "val_worst": 0.7708090028688854, "lr": 0.0006677893222841836, "wall": 1182.9}
{"arm": "deeponet", "epoch": 10, "steps": 1408, "train": 0.05541092355068211, "val_mean": 0.27270800835008235, "val_worst": 0.7777536408678012, "lr": 0.0006087412993342935, "wall": 1301.2}
{"arm": "deeponet", "epoch": 11, "steps": 1536, "train": 0.05267696002739149, "val_mean": 0.27218557658948855, "val_worst": 0.6922745557095759, "lr": 0.0005481241043390137, "wall": 1419.6}
{"arm": "deeponet", "epoch": 12, "steps": 1664, "train": 0.04457230190522614, "val_mean": 0.24534027079849519, "val_worst": 0.6337709498239522, "lr": 0.0004869279261873866, "wall": 1537.8}
{"arm": "deeponet", "epoch": 13, "steps": 1792, "train": 0.04164211024542972, "val_mean": 0.2350611017493488, "val_worst": 0.6093583029256794, "lr": 0.00042600890147212044, "wall": 1655.9}
{"arm": "deeponet", "epoch": 14, "steps": 1920, "train": 0.035948973893561983, "val_mean": 0.23183740282409915, "val_worst": 0.7940954476099369, "lr": 0.0003661610486972379, "wall": 1774.4}
{"arm": "deeponet", "epoch": 15, "steps": 2048, "train": 0.03391909859152763, "val_mean": 0.23007922743998266, "val_worst": 0.7257417163906005, "lr": 0.00030853674809433647, "wall": 1892.6}
{"arm": "deeponet", "epoch": 16, "steps": 2176, "train": 0.030247075856794627, "val_mean": 0.22402897546414782, "val_worst": 0.6776578148490882, "lr": 0.0002539166771304213, "wall": 2010.9}
{"arm": "deeponet", "epoch": 17, "steps": 2304, "train": 0.028444700313753582, "val_mean": 0.21638537079022763, "val_worst": 0.7516451814280574, "lr": 0.00020315757225096597, "wall": 2129.1}
{"arm": "deeponet", "epoch": 18, "steps": 2432, "train": 0.02661071142293179, "val_mean": 0.2031749179424768, "val_worst": 0.5591741439331689, "lr": 0.00015692930948086958, "wall": 2247.6}
{"arm": "deeponet", "epoch": 19, "steps": 2560, "train": 0.025820794908483144, "val_mean": 0.20037606064886132, "val_worst": 0.6422758285370052, "lr": 0.00011610461375407551, "wall": 2365.9}
{"arm": "deeponet", "epoch": 20, "steps": 2688, "train": 0.02397509205010288, "val_mean": 0.19766524624810364, "val_worst": 0.6083889689626548, "lr": 8.123101603468021e-05, "wall": 2484.2}
{"arm": "deeponet", "epoch": 21, "steps": 2816, "train": 0.02287207087047622, "val_mean": 0.1973716117125739, "val_worst": 0.6313917399887405, "lr": 5.2798999184322275e-05, "wall": 2602.8}
{"arm": "deeponet", "epoch": 22, "steps": 2944, "train": 0.022284845263260942, "val_mean": 0.1942479899779671, "val_worst": 0.6349833156757835, "lr": 3.137719804359887e-05, "wall": 2721.2}
{"arm": "deeponet", "epoch": 23, "steps": 3072, "train": 0.02169489015225253, "val_mean": 0.193367952764708, "val_worst": 0.642841978872423, "lr": 1.722712786725005e-05, "wall": 2839.5}
{"arm": "deeponet", "epoch": 24, "steps": 3200, "train": 0.021345309050958845, "val_mean": 0.19171986952871758, "val_worst": 0.6256890007144117, "lr": 1.0549253235576994e-05, "wall": 2957.9}
{"arm": "deeponet", "epoch": 25, "steps": 3247, "train": 0.021309399091087693, "val_mean": 0.19093113616530338, "val_worst": 0.6132153588215374, "lr": 1.000000366844892e-05, "wall": 3002.6}
TRAIN OP COMPLETE
