./ckpt/variant/blat_ad_N64_K16.pkl: OK
./code/deps/burgers2d-rom-latent-stepping/deps/multistage-precision/ms_autodecoder.py: OK
./code/ctol_tol.py: OK
./code/ctol_tables.py: OK
./configs.json: OK
./code/ctol_figs.py: OK
./code/deps/burgers2d-rom-latent-stepping/followup/fu_common.py: OK
./code/deps/burgers2d-rom-latent-stepping/deps/burgers2d-coord-rom/burgers2d_film.py: OK
./run.sbatch: OK
./code/deps/burgers2d-rom-latent-stepping/blat_common.py: OK
./ckpt/control/blat_ad_N64_K16.pkl: OK
./code/deps/burgers2d-rom-latent-stepping/followup/fu_style.py: OK
./code/ctol_poisson.py: OK
./code/deps/burgers2d-rom-latent-stepping/deps/nonlinear-decoder-architecture/nda_arch.py: OK
./code/ctol_pick_configs.py: OK
./code/ctol_eq.py: OK
./code/ctol_burgers.py: OK
./code/deps/burgers2d-rom-latent-stepping/deps/multistage-precision/ms_parametric.py: OK
cell=nda_be2e_g160_r12 commit=7fa70504afdd2513c01ef95c0269c5e699c2453b host=pax008 gpu=NVIDIA H200
Filesystem                       Size  Used Avail Use% Mounted on
10.246.194.76:/projects/paralab  4.6T  4.1T  478G  90% /cluster/tufts/paralab
jax_backend=gpu
jax_backend=gpu device=cuda:0 gpu=NVIDIA H200 KS=[16] NS=[64] TAUS=[0.01, 0.001] M=96 m=384 reps=9 warm=3 ckpt_N=64 n_test=16 n_pod_traj=512
  plan: 1 mesh(es) [64], k values [16], 2 (arm, method) cells  [CONFIGS=../configs.json]
  ckpt k=16: blat_ad_N64_K16.pkl train_seed=None
== N=  64: test trajectories regenerated, FOM Newton residual 9.99e-13
   FOM Newton=3:     85.9 ms  err 3.463e-13  residual 1.08e-10
   FOM rollout (batch 1, median over 16 sources, reference Newton=8) 260.5 ms -- ladder above is iso-accuracy
   POD basis: 6656 snapshots from 512 trajectories x 13 slices (stride 4), orthonormality dev 1.33e-15, sv0 8.053e+02 sv[15] 5.368e+01 (train FOM residual 1.00e-12)
   POD projection floor (held-out): k=16:9.092e-02
   EQ candidate pool: 3844 of 3844 interior nodes (cap 4096)
  NNLS-EQ burgers coord N=64 k=16 M=96 m=384: pool 3844 support 384 (+0 pad) rel fit 5.24e-03 (row p95 1.1e+00, max 2.9e+03) [33s]
   coord N=  64 k=16 M= 96 m= 384 tau=1e-02  e2e    375.2 ms  solve    372.0 ms  jac  405.2  err 1.067e-02  fomres 4.90e-03  cens 99.9%  blowups 0
   coord N=  64 k=16 M= 96 m= 384 tau=1e-03  e2e    375.4 ms  solve    372.2 ms  jac  407.3  err 1.067e-02  fomres 4.90e-03  cens 100.0%  blowups 0
   [cell coord N=64 k=16 M=96 m=384: 189s]
  NNLS-EQ burgers coord N=64 k=16 M=128 m=512: pool 3844 support 512 (+0 pad) rel fit 4.22e-03 (row p95 1.2e+00, max 1.8e+03) [71s]
   coord N=  64 k=16 M=128 m= 512 tau=1e-02  e2e    472.5 ms  solve    469.3 ms  jac  412.9  err 9.658e-03  fomres 4.47e-03  cens 100.0%  blowups 0
   coord N=  64 k=16 M=128 m= 512 tau=1e-03  e2e    473.4 ms  solve    470.1 ms  jac  414.6  err 9.658e-03  fomres 4.47e-03  cens 100.0%  blowups 0
   [cell coord N=64 k=16 M=128 m=512: 262s]
== N=64 done [538s]
DONE
jax_backend=gpu device=cuda:0 gpu=NVIDIA H200 KS=[16] NS=[64] TAUS=[0.01, 0.001] M=96 m=384 reps=9 warm=3 ckpt_N=64 n_test=16 n_pod_traj=512
  plan: 1 mesh(es) [64], k values [16], 2 (arm, method) cells  [CONFIGS=../configs.json]
  ckpt k=16: blat_ad_N64_K16.pkl train_seed=0
== N=  64: test trajectories regenerated, FOM Newton residual 9.99e-13
   FOM Newton=3:     85.9 ms  err 3.463e-13  residual 1.08e-10
   FOM rollout (batch 1, median over 16 sources, reference Newton=8) 260.7 ms -- ladder above is iso-accuracy
   POD basis: 6656 snapshots from 512 trajectories x 13 slices (stride 4), orthonormality dev 1.33e-15, sv0 8.053e+02 sv[15] 5.368e+01 (train FOM residual 1.00e-12)
   POD projection floor (held-out): k=16:9.092e-02
   EQ candidate pool: 3844 of 3844 interior nodes (cap 4096)
