host=pax009 source_commit=814c58b6bcd0d259e40d160edce59fb9bbcf6222 job=4232899 mesh=96 arm=fno-l
NVIDIA H200, GPU-ff5d079b-3cd9-8094-02d4-f80e11943f20, 143771 MiB
10.235.106.26:/projects/paralab  4.6T  4.3T  326G  94% /cluster/tufts/paralab
jax_backend=gpu
generated 64/512 (38s)
generated 128/512 (93s)
generated 192/512 (142s)
generated 256/512 (191s)
generated 320/512 (245s)
generated 384/512 (299s)
generated 448/512 (349s)
generated 512/512 (415s)
torch_backend=cuda NVIDIA H200
{"arm": "fno-l", "mesh": 96, "micro_batch": 8, "real_parameter_count": 18888495}
{"arm": "fno-l", "epoch": 0, "steps": 56, "train": 0.37277473688519186, "val_mean": 0.23508778480878612, "val_worst": 0.30682439524805455, "lr": 0.000999830038702634, "wall": 27.6}
{"arm": "fno-l", "epoch": 1, "steps": 112, "train": 0.024382841868384988, "val_mean": 0.14996319327341365, "val_worst": 0.20926036707522142, "lr": 0.0009992493685350816, "wall": 55.0}
{"arm": "fno-l", "epoch": 2, "steps": 168, "train": 0.010652837208271307, "val_mean": 0.1090943124111616, "val_worst": 0.15804098592797255, "lr": 0.0009982610550102228, "wall": 82.5}
{"arm": "fno-l", "epoch": 3, "steps": 224, "train": 0.005612890024695416, "val_mean": 0.08126172554584454, "val_worst": 0.12398597032626481, "lr": 0.0009968655803754508, "wall": 110.0}
{"arm": "fno-l", "epoch": 4, "steps": 280, "train": 0.0031689677721700657, "val_mean": 0.0619329007150257, "val_worst": 0.09771794815372795, "lr": 0.000995063925139589, "wall": 137.4}
{"arm": "fno-l", "epoch": 5, "steps": 336, "train": 0.0020507824985147483, "val_mean": 0.05150646427448025, "val_worst": 0.08058956959082683, "lr": 0.0009928546308175911, "wall": 164.9}
{"arm": "fno-l", "epoch": 6, "steps": 392, "train": 0.0014824621104043442, "val_mean": 0.04389034750951976, "val_worst": 0.07140573416830823, "lr": 0.0009902438923142067, "wall": 192.3}
{"arm": "fno-l", "epoch": 7, "steps": 448, "train": 0.0011383408623412523, "val_mean": 0.0383069087522109, "val_worst": 0.06421510416888149, "lr": 0.000987231613363802, "wall": 219.8}
{"arm": "fno-l", "epoch": 8, "steps": 504, "train": 0.0009124370965393926, "val_mean": 0.03423931539363938, "val_worst": 0.058594196456087266, "lr": 0.0009838151930858755, "wall": 247.3}
{"arm": "fno-l", "epoch": 9, "steps": 560, "train": 0.0007616798832702471, "val_mean": 0.031158709420546302, "val_worst": 0.05240048979380399, "lr": 0.0009800068743261107, "wall": 274.8}
{"arm": "fno-l", "epoch": 10, "steps": 616, "train": 0.0006406737118996237, "val_mean": 0.0292334091299001, "val_worst": 0.04822896798170913, "lr": 0.0009758019355589996, "wall": 302.3}
{"arm": "fno-l", "epoch": 11, "steps": 672, "train": 0.0005604803617121569, "val_mean": 0.02685071717178071, "val_worst": 0.04617044060135184, "lr": 0.0009712104185356289, "wall": 329.7}
{"arm": "fno-l", "epoch": 12, "steps": 728, "train": 0.0004879498705326035, "val_mean": 0.02504993689239663, "val_worst": 0.04276941448120831, "lr": 0.0009662402473701834, "wall": 357.2}
{"arm": "fno-l", "epoch": 13, "steps": 784, "train": 0.00043944468042150537, "val_mean": 0.0236602006392975, "val_worst": 0.04024816651524551, "lr": 0.000960884288698074, "wall": 384.6}
{"arm": "fno-l", "epoch": 14, "steps": 840, "train": 0.0003949474312489515, "val_mean": 0.02251962516690879, "val_worst": 0.039133049757486396, "lr": 0.0009551511444623505, "wall": 412.1}
{"arm": "fno-l", "epoch": 15, "steps": 896, "train": 0.0003559461813063765, "val_mean": 0.0212087479698124, "val_worst": 0.0364501158958664, "lr": 0.0009490343913107327, "wall": 439.6}
{"arm": "fno-l", "epoch": 16, "steps": 952, "train": 0.00032899360601721907, "val_mean": 0.020143407391658083, "val_worst": 0.03472374828798536, "lr": 0.0009425560918305575, "wall": 467.1}
{"arm": "fno-l", "epoch": 17, "steps": 1008, "train": 0.00030246876488968443, "val_mean": 0.01970964531475527, "val_worst": 0.03443764513536973, "lr": 0.0009357208961964771, "wall": 494.5}
{"arm": "fno-l", "epoch": 18, "steps": 1064, "train": 0.00028158122284925927, "val_mean": 0.0187297183221998, "val_worst": 0.03243638891816086, "lr": 0.0009285265079417206, "wall": 522.0}
{"arm": "fno-l", "epoch": 19, "steps": 1120, "train": 0.0002589389205101989, "val_mean": 0.017979234502887503, "val_worst": 0.030571641066827707, "lr": 0.0009209829035165397, "wall": 549.4}
{"arm": "fno-l", "epoch": 20, "steps": 1176, "train": 0.0002453764532864906, "val_mean": 0.01741419659901626, "val_worst": 0.030318315351058295, "lr": 0.0009131023129342952, "wall": 576.9}
{"arm": "fno-l", "epoch": 21, "steps": 1232, "train": 0.00023186680693965863, "val_mean": 0.017006759433047757, "val_worst": 0.029292958903809323, "lr": 0.000904865751650615, "wall": 604.4}
{"arm": "fno-l", "epoch": 22, "steps": 1288, "train": 0.0002178929791515218, "val_mean": 0.016715368610936733, "val_worst": 0.028349291737366788, "lr": 0.0008963053626432264, "wall": 631.9}
{"arm": "fno-l", "epoch": 23, "steps": 1344, "train": 0.00022298655714938335, "val_mean": 0.017940695531474565, "val_worst": 0.029919172044583487, "lr": 0.0008874126887423534, "wall": 659.1}
{"arm": "fno-l", "epoch": 24, "steps": 1400, "train": 0.00019798169909694227, "val_mean": 0.015487946429616133, "val_worst": 0.027386441259105714, "lr": 0.0008783001738273049, "wall": 686.6}
{"arm": "fno-l", "epoch": 25, "steps": 1456, "train": 0.00018492430881505336, "val_mean": 0.01498726580514662, "val_worst": 0.02630758124679625, "lr": 0.0008687949526858941, "wall": 714.1}
{"arm": "fno-l", "epoch": 26, "steps": 1512, "train": 0.00017194148949449339, "val_mean": 0.014643385326546961, "val_worst": 0.02488029939599434, "lr": 0.0008589821194942784, "wall": 741.6}
{"arm": "fno-l", "epoch": 27, "steps": 1568, "train": 0.00016646505863999707, "val_mean": 0.014461388817480103, "val_worst": 0.025491955480002534, "lr": 0.0008488893589864905, "wall": 769.0}
{"arm": "fno-l", "epoch": 28, "steps": 1624, "train": 0.00016308127849427173, "val_mean": 0.013905483195228927, "val_worst": 0.02383014431694983, "lr": 0.0008385104822735093, "wall": 796.5}
{"arm": "fno-l", "epoch": 29, "steps": 1680, "train": 0.0001532416065805093, "val_mean": 0.013994637649684474, "val_worst": 0.024363166220672465, "lr": 0.0008278516146598607, "wall": 823.7}
{"arm": "fno-l", "epoch": 30, "steps": 1736, "train": 0.00014954684866392312, "val_mean": 0.013387932692576605, "val_worst": 0.023531550512835623, "lr": 0.000817029627427992, "wall": 851.2}
{"arm": "fno-l", "epoch": 31, "steps": 1792, "train": 0.00014063709080478835, "val_mean": 0.012990755970135093, "val_worst": 0.022602517740441662, "lr": 0.0008058333207342956, "wall": 878.7}
{"arm": "fno-l", "epoch": 32, "steps": 1848, "train": 0.0001365129501392839, "val_mean": 0.012752432282812896, "val_worst": 0.022089471808283537, "lr": 0.0007944008172743376, "wall": 906.2}
{"arm": "fno-l", "epoch": 33, "steps": 1904, "train": 0.00013136544171061618, "val_mean": 0.012594232607059705, "val_worst": 0.021807281456321406, "lr": 0.0007827301382362252, "wall": 933.6}
{"arm": "fno-l", "epoch": 34, "steps": 1960, "train": 0.0001250766427296064, "val_mean": 0.012602015439333002, "val_worst": 0.021051790001313676, "lr": 0.0007708420747235237, "wall": 960.8}
{"arm": "fno-l", "epoch": 35, "steps": 2016, "train": 0.00012537194672953636, "val_mean": 0.013074746652746461, "val_worst": 0.022047084058931014, "lr": 0.0007588354986713736, "wall": 988.0}
{"arm": "fno-l", "epoch": 36, "steps": 2072, "train": 0.0001195043415179464, "val_mean": 0.011870239133539302, "val_worst": 0.02084506917880085, "lr": 0.0007466211552125062, "wall": 1015.5}
{"arm": "fno-l", "epoch": 37, "steps": 2128, "train": 0.00011891330236023562, "val_mean": 0.012341507446295679, "val_worst": 0.020379051241890583, "lr": 0.0007340861158822979, "wall": 1042.7}
{"arm": "fno-l", "epoch": 38, "steps": 2184, "train": 0.0001116444197423739, "val_mean": 0.011455153917350793, "val_worst": 0.019682812278795214, "lr": 0.0007214887859298276, "wall": 1070.2}
{"arm": "fno-l", "epoch": 39, "steps": 2240, "train": 0.00010666776419604779, "val_mean": 0.011640066282583142, "val_worst": 0.01967382095819135, "lr": 0.0007085823084654461, "wall": 1097.4}
{"arm": "fno-l", "epoch": 40, "steps": 2296, "train": 0.00010538011687843844, "val_mean": 0.01158742249997622, "val_worst": 0.019798047099096407, "lr": 0.0006956419604165163, "wall": 1124.7}
{"arm": "fno-l", "epoch": 41, "steps": 2352, "train": 0.00010275174751397176, "val_mean": 0.010980720909908384, "val_worst": 0.019090007823863397, "lr": 0.0006825456181946382, "wall": 1152.1}
{"arm": "fno-l", "epoch": 42, "steps": 2408, "train": 9.743404819742041e-05, "val_mean": 0.011076567399874004, "val_worst": 0.018724991663938168, "lr": 0.0006691746592677015, "wall": 1179.4}
{"arm": "fno-l", "epoch": 43, "steps": 2464, "train": 0.00010053939199185778, "val_mean": 0.011048032982126293, "val_worst": 0.018570502130320434, "lr": 0.0006557989352352187, "wall": 1206.6}
{"arm": "fno-l", "epoch": 44, "steps": 2520, "train": 9.367283167782487e-05, "val_mean": 0.010834093981149179, "val_worst": 0.018288903333202187, "lr": 0.0006423012314889639, "wall": 1234.1}
{"arm": "fno-l", "epoch": 45, "steps": 2576, "train": 9.104337682041741e-05, "val_mean": 0.010912845222192899, "val_worst": 0.018474195011112162, "lr": 0.0006285363507680636, "wall": 1261.3}
{"arm": "fno-l", "epoch": 46, "steps": 2632, "train": 9.2757135169406e-05, "val_mean": 0.010543020564766256, "val_worst": 0.018197792965677796, "lr": 0.0006148250895362977, "wall": 1288.8}
{"arm": "fno-l", "epoch": 47, "steps": 2688, "train": 8.654504100540746e-05, "val_mean": 0.010900232744067831, "val_worst": 0.01835398938850074, "lr": 0.0006008838358352221, "wall": 1316.0}
{"arm": "fno-l", "epoch": 48, "steps": 2744, "train": 8.820111083436675e-05, "val_mean": 0.010135212252791874, "val_worst": 0.017933802422566262, "lr": 0.0005870040619440661, "wall": 1343.5}
{"arm": "fno-l", "epoch": 49, "steps": 2800, "train": 8.440511342056446e-05, "val_mean": 0.01071553855563772, "val_worst": 0.018298027676542077, "lr": 0.0005729289434486897, "wall": 1370.7}
{"arm": "fno-l", "epoch": 50, "steps": 2856, "train": 8.102830677647987e-05, "val_mean": 0.009940455174655336, "val_worst": 0.017246151107501072, "lr": 0.0005588974545112707, "wall": 1398.3}
{"arm": "fno-l", "epoch": 51, "steps": 2912, "train": 7.973335371603518e-05, "val_mean": 0.009726162811054937, "val_worst": 0.016944139547369126, "lr": 0.0005447183504613229, "wall": 1425.8}
{"arm": "fno-l", "epoch": 52, "steps": 2968, "train": 8.282205659121582e-05, "val_mean": 0.009677675810844676, "val_worst": 0.017044333559334126, "lr": 0.0005305038384342894, "wall": 1453.2}
{"arm": "fno-l", "epoch": 53, "steps": 3024, "train": 7.596781389951689e-05, "val_mean": 0.009687975818801414, "val_worst": 0.017071391843011485, "lr": 0.0005162644249534184, "wall": 1480.5}
{"arm": "fno-l", "epoch": 54, "steps": 3080, "train": 7.44566991415274e-05, "val_mean": 0.009367631154378723, "val_worst": 0.01636994189907045, "lr": 0.0005021550087526755, "wall": 1507.9}
{"arm": "fno-l", "epoch": 55, "steps": 3136, "train": 7.431925504557616e-05, "val_mean": 0.009767991569618599, "val_worst": 0.016271644770144752, "lr": 0.0004879138717206587, "wall": 1535.2}
{"arm": "fno-l", "epoch": 56, "steps": 3192, "train": 7.404686745231357e-05, "val_mean": 0.009915292297423654, "val_worst": 0.01685036857792418, "lr": 0.0004738198633944298, "wall": 1562.4}
{"arm": "fno-l", "epoch": 57, "steps": 3248, "train": 7.001780963248785e-05, "val_mean": 0.009301663093019715, "val_worst": 0.01605408678506715, "lr": 0.00045975130465508257, "wall": 1589.9}
{"arm": "fno-l", "epoch": 58, "steps": 3304, "train": 6.964966962063062e-05, "val_mean": 0.009218582891318515, "val_worst": 0.015931348834560002, "lr": 0.0004455490919181777, "wall": 1617.4}
{"arm": "fno-l", "epoch": 59, "steps": 3360, "train": 7.018823171294432e-05, "val_mean": 0.009085132383616029, "val_worst": 0.01601008469359997, "lr": 0.00043143977468715073, "wall": 1644.9}
{"arm": "fno-l", "epoch": 60, "steps": 3416, "train": 6.65484407024167e-05, "val_mean": 0.009038891876464504, "val_worst": 0.015335067097406176, "lr": 0.00041735729960037574, "wall": 1672.4}
{"arm": "fno-l", "epoch": 61, "steps": 3472, "train": 6.583359489571565e-05, "val_mean": 0.009481845122652016, "val_worst": 0.01607799055681399, "lr": 0.0004033806715987219, "wall": 1699.6}
{"arm": "fno-l", "epoch": 62, "steps": 3528, "train": 6.846401576014368e-05, "val_mean": 0.009243360510562286, "val_worst": 0.015485394216969244, "lr": 0.0003896187865754616, "wall": 1726.9}
{"arm": "fno-l", "epoch": 63, "steps": 3584, "train": 6.416682030286946e-05, "val_mean": 0.008811556378785097, "val_worst": 0.015352985831379635, "lr": 0.0003759514758709589, "wall": 1754.3}
{"arm": "fno-l", "epoch": 64, "steps": 3640, "train": 6.341789497984955e-05, "val_mean": 0.008948311327055534, "val_worst": 0.015174577347495312, "lr": 0.0003622709409339122, "wall": 1781.5}
{"arm": "fno-l", "epoch": 65, "steps": 3696, "train": 6.290421576746159e-05, "val_mean": 0.008676538179588019, "val_worst": 0.015090073036968354, "lr": 0.0003488175772204948, "wall": 1809.0}
{"arm": "fno-l", "epoch": 66, "steps": 3752, "train": 6.171857210500488e-05, "val_mean": 0.008628859725117538, "val_worst": 0.01484543514955704, "lr": 0.0003353745990154273, "wall": 1836.4}
{"arm": "fno-l", "epoch": 67, "steps": 3808, "train": 6.141402994035813e-05, "val_mean": 0.008899689158345787, "val_worst": 0.015071674803559634, "lr": 0.00032207177076174035, "wall": 1863.7}
{"arm": "fno-l", "epoch": 68, "steps": 3864, "train": 6.053407829842789e-05, "val_mean": 0.008586081777247116, "val_worst": 0.014834871358809242, "lr": 0.000309037476949, "wall": 1891.1}
{"arm": "fno-l", "epoch": 69, "steps": 3920, "train": 5.840589393328565e-05, "val_mean": 0.008426451385473939, "val_worst": 0.014886902665677748, "lr": 0.00029603686582636444, "wall": 1918.6}
{"arm": "fno-l", "epoch": 70, "steps": 3976, "train": 5.833900151607853e-05, "val_mean": 0.008345576367207615, "val_worst": 0.014639357599794607, "lr": 0.00028321460904573626, "wall": 1946.1}
{"arm": "fno-l", "epoch": 71, "steps": 4032, "train": 5.703839715374121e-05, "val_mean": 0.008316313852185734, "val_worst": 0.01459688849137972, "lr": 0.0002705795528076353, "wall": 1973.6}
{"arm": "fno-l", "epoch": 72, "steps": 4088, "train": 5.703874589591669e-05, "val_mean": 0.008393882911305502, "val_worst": 0.0148221952633318, "lr": 0.00025813602870265474, "wall": 2000.8}
{"arm": "fno-l", "epoch": 73, "steps": 4144, "train": 5.677935799053333e-05, "val_mean": 0.008209423820954697, "val_worst": 0.014397777563042674, "lr": 0.0002460075838614577, "wall": 2028.2}
{"arm": "fno-l", "epoch": 74, "steps": 4200, "train": 5.5861196578261e-05, "val_mean": 0.008272033181591143, "val_worst": 0.01445925821983827, "lr": 0.00023399100241936036, "wall": 2055.5}
{"arm": "fno-l", "epoch": 75, "steps": 4256, "train": 5.491209620086505e-05, "val_mean": 0.008327091512597456, "val_worst": 0.014210576170581538, "lr": 0.00022229645350099958, "wall": 2082.7}
{"arm": "fno-l", "epoch": 76, "steps": 4312, "train": 5.419109308624385e-05, "val_mean": 0.00809146438565816, "val_worst": 0.014313266080883492, "lr": 0.00021083162565033775, "wall": 2110.1}
{"arm": "fno-l", "epoch": 77, "steps": 4368, "train": 5.407562949457998e-05, "val_mean": 0.008060431469102812, "val_worst": 0.014383642515263473, "lr": 0.00019950358502026516, "wall": 2137.6}
{"arm": "fno-l", "epoch": 78, "steps": 4424, "train": 5.3073685489932834e-05, "val_mean": 0.008111332535101459, "val_worst": 0.014343402853139599, "lr": 0.00018842331722008208, "wall": 2164.8}
{"arm": "fno-l", "epoch": 79, "steps": 4480, "train": 5.308919675594248e-05, "val_mean": 0.00796859463323317, "val_worst": 0.013981415108908978, "lr": 0.00017770806573870907, "wall": 2192.3}
{"arm": "fno-l", "epoch": 80, "steps": 4536, "train": 5.2408417746543206e-05, "val_mean": 0.008005874030007399, "val_worst": 0.01402719959063192, "lr": 0.00016714686676402385, "wall": 2219.6}
{"arm": "fno-l", "epoch": 81, "steps": 4592, "train": 5.188416766541271e-05, "val_mean": 0.008037118874655514, "val_worst": 0.014039372172687909, "lr": 0.00015697491026862444, "wall": 2246.8}
{"arm": "fno-l", "epoch": 82, "steps": 4648, "train": 5.1687738565705286e-05, "val_mean": 0.007929057070807268, "val_worst": 0.01397231035081259, "lr": 0.00014708571989987848, "wall": 2274.2}
{"arm": "fno-l", "epoch": 83, "steps": 4704, "train": 5.1313806330858875e-05, "val_mean": 0.007888367830514487, "val_worst": 0.013759758814673364, "lr": 0.00013739791161136868, "wall": 2301.7}
{"arm": "fno-l", "epoch": 84, "steps": 4760, "train": 5.125474828001014e-05, "val_mean": 0.007962605844791191, "val_worst": 0.013738629026331538, "lr": 0.00012802036955225803, "wall": 2328.9}
{"arm": "fno-l", "epoch": 85, "steps": 4816, "train": 5.0645587506266774e-05, "val_mean": 0.00788326388077117, "val_worst": 0.013818788719271946, "lr": 0.00011903588725110492, "wall": 2356.3}
{"arm": "fno-l", "epoch": 86, "steps": 4872, "train": 5.042984727670489e-05, "val_mean": 0.007862150058578196, "val_worst": 0.01383418605272873, "lr": 0.00011029330802425341, "wall": 2383.8}
{"arm": "fno-l", "epoch": 87, "steps": 4928, "train": 5.009035822549416e-05, "val_mean": 0.007894366585511348, "val_worst": 0.01398372235591155, "lr": 0.00010184685022083437, "wall": 2411.1}
{"arm": "fno-l", "epoch": 88, "steps": 4984, "train": 4.993200620098563e-05, "val_mean": 0.007827716979467103, "val_worst": 0.01374009848335425, "lr": 9.382865083044856e-05, "wall": 2438.6}
{"arm": "fno-l", "epoch": 89, "steps": 5040, "train": 4.9499108689806946e-05, "val_mean": 0.007806007526490207, "val_worst": 0.01390108581058287, "lr": 8.606984197212576e-05, "wall": 2466.0}
{"arm": "fno-l", "epoch": 90, "steps": 5096, "train": 4.9443870205518356e-05, "val_mean": 0.007754246010398241, "val_worst": 0.013766662114596255, "lr": 7.865551371805823e-05, "wall": 2493.5}
{"arm": "fno-l", "epoch": 91, "steps": 5152, "train": 4.906323391948003e-05, "val_mean": 0.007780620212338221, "val_worst": 0.013869646208080868, "lr": 7.16022695305863e-05, "wall": 2520.7}
{"arm": "fno-l", "epoch": 92, "steps": 5208, "train": 4.8923979034280884e-05, "val_mean": 0.007698865128228429, "val_worst": 0.013657928297725027, "lr": 6.496616239923513e-05, "wall": 2548.1}
{"arm": "fno-l", "epoch": 93, "steps": 5264, "train": 4.853253218291919e-05, "val_mean": 0.007693328661090995, "val_worst": 0.013669207841402567, "lr": 5.86353947718354e-05, "wall": 2575.6}
{"arm": "fno-l", "epoch": 94, "steps": 5320, "train": 4.844567337994236e-05, "val_mean": 0.007712304983974926, "val_worst": 0.0137730661254124, "lr": 5.264722934659708e-05, "wall": 2602.9}
{"arm": "fno-l", "epoch": 95, "steps": 5376, "train": 4.832536010533989e-05, "val_mean": 0.00768109501681381, "val_worst": 0.013699167422986807, "lr": 4.710514492478603e-05, "wall": 2630.4}
{"arm": "fno-l", "epoch": 96, "steps": 5432, "train": 4.8068666276499645e-05, "val_mean": 0.00768878169374597, "val_worst": 0.01349373712563951, "lr": 4.1872233877373246e-05, "wall": 2657.6}
{"arm": "fno-l", "epoch": 97, "steps": 5488, "train": 4.802370908720317e-05, "val_mean": 0.0077008270135229305, "val_worst": 0.013600469111601236, "lr": 3.707325177287244e-05, "wall": 2684.9}
{"arm": "fno-l", "epoch": 98, "steps": 5544, "train": 4.783297487988219e-05, "val_mean": 0.0076924981602094, "val_worst": 0.013736802979941155, "lr": 3.266324672649163e-05, "wall": 2712.1}
{"arm": "fno-l", "epoch": 99, "steps": 5600, "train": 4.7736778958623114e-05, "val_mean": 0.0076895802335747426, "val_worst": 0.013766566580156271, "lr": 2.863747603008116e-05, "wall": 2739.3}
{"arm": "fno-l", "epoch": 100, "steps": 5656, "train": 4.7667324071640985e-05, "val_mean": 0.007636260544188778, "val_worst": 0.01362653116184995, "lr": 2.4998147256917787e-05, "wall": 2766.8}
{"arm": "fno-l", "epoch": 101, "steps": 5712, "train": 4.760290679881078e-05, "val_mean": 0.0076500065036827665, "val_worst": 0.013534976042594165, "lr": 2.1720745980205222e-05, "wall": 2794.0}
{"arm": "fno-l", "epoch": 102, "steps": 5768, "train": 4.750101259495524e-05, "val_mean": 0.007643391548481832, "val_worst": 0.01349381295647442, "lr": 1.8866328407261626e-05, "wall": 2821.2}
{"arm": "fno-l", "epoch": 103, "steps": 5824, "train": 4.743423123076176e-05, "val_mean": 0.0076377598877237895, "val_worst": 0.013578758190945051, "lr": 1.6406059645796957e-05, "wall": 2848.4}
{"arm": "fno-l", "epoch": 104, "steps": 5880, "train": 4.7332677530312175e-05, "val_mean": 0.00762635227206168, "val_worst": 0.013569484829038582, "lr": 1.4342843142092032e-05, "wall": 2875.8}
{"arm": "fno-l", "epoch": 105, "steps": 5936, "train": 4.731107681923378e-05, "val_mean": 0.007632700405915045, "val_worst": 0.013581117329935713, "lr": 1.2665549007456719e-05, "wall": 2903.1}
{"arm": "fno-l", "epoch": 106, "steps": 5992, "train": 4.723545140751576e-05, "val_mean": 0.007617180105870234, "val_worst": 0.013597579749033204, "lr": 1.1403679028305713e-05, "wall": 2930.6}
{"arm": "fno-l", "epoch": 107, "steps": 6048, "train": 4.720436936439803e-05, "val_mean": 0.007607184844755787, "val_worst": 0.013536838710570154, "lr": 1.0534954558065419e-05, "wall": 2958.0}
{"arm": "fno-l", "epoch": 108, "steps": 6104, "train": 4.7182406821683e-05, "val_mean": 0.007603863340061587, "val_worst": 0.013553817689451728, "lr": 1.00778637478628e-05, "wall": 2985.5}
{"arm": "fno-l", "epoch": 109, "steps": 6136, "train": 4.828819680351627e-05, "val_mean": 0.007622281342636639, "val_worst": 0.013595705303662858, "lr": 1.0000046651555454e-05, "wall": 3001.8}
TRAIN DONE {"arm": "fno-l", "mesh": 96, "stop_reason": "wall_budget", "epochs_completed": 110, "optimisation_steps": 6136, "best_epoch": 108} val_mean_case_max 0.007603863340061587 val_worst 0.013553817689451728
RUN_EXIT=0
