host=pax106 job=4286509
NVIDIA A100 80GB PCIe, GPU-9732c808-acc9-5c43-f0ce-4a81a2bf1719, 81920 MiB
10.235.106.30:/projects/paralab  4.6T  4.2T  365G  93% /cluster/tufts/paralab
jax_backend=gpu
torch_cuda=True
torch_backend=cuda NVIDIA A100 80GB PCIe
DATA READY {"seconds": 0.32019893219694495} [0.02126182643724136, 0.11623014438131317, 0.0024425211230707368]
{"arm": "unet", "epoch": 0, "steps": 327, "train": 0.23247186496470174, "val_mean": 0.19594922837137585, "val_worst": 0.35975835976524784, "lr": 0.0009998701347796082, "wall": 22.2}
{"arm": "unet", "epoch": 1, "steps": 654, "train": 0.037012489424261434, "val_mean": 0.1071102166032068, "val_worst": 0.15664783387494594, "lr": 0.0009994728654329024, "wall": 44.3}
{"arm": "unet", "epoch": 2, "steps": 981, "train": 0.020322939451679817, "val_mean": 0.09367249304876914, "val_worst": 0.16270281429568176, "lr": 0.0009988116051269042, "wall": 66.4}
{"arm": "unet", "epoch": 3, "steps": 1308, "train": 0.009574601184478459, "val_mean": 0.05773679738085644, "val_worst": 0.0817544395428155, "lr": 0.0009978813630570514, "wall": 88.6}
{"arm": "unet", "epoch": 4, "steps": 1635, "train": 0.007474642933285072, "val_mean": 0.07764288025996591, "val_worst": 0.1099311943387284, "lr": 0.000996683193860175, "wall": 110.8}
{"arm": "unet", "epoch": 5, "steps": 1962, "train": 0.00790023720455048, "val_mean": 0.06160944805685885, "val_worst": 0.08299735851543436, "lr": 0.0009952221700961913, "wall": 132.9}
{"arm": "unet", "epoch": 6, "steps": 2289, "train": 0.005910980193552552, "val_mean": 0.05920046624714505, "val_worst": 0.10687934462056473, "lr": 0.0009934958972203781, "wall": 155.1}
{"arm": "unet", "epoch": 7, "steps": 2616, "train": 0.004404218311386691, "val_mean": 0.04484331481689285, "val_worst": 0.07918329899429827, "lr": 0.0009915029545076925, "wall": 177.4}
{"arm": "unet", "epoch": 8, "steps": 2943, "train": 0.003952940958778134, "val_mean": 0.05752252703437009, "val_worst": 0.0959772848903808, "lr": 0.000989238204120455, "wall": 199.6}
{"arm": "unet", "epoch": 9, "steps": 3270, "train": 0.003564834291623803, "val_mean": 0.036798019060614084, "val_worst": 0.056599145052406076, "lr": 0.0009867168054621656, "wall": 222.0}
{"arm": "unet", "epoch": 10, "steps": 3597, "train": 0.003918403507403703, "val_mean": 0.05834151295002393, "val_worst": 0.08110971085011653, "lr": 0.000983923482147886, "wall": 244.2}
{"arm": "unet", "epoch": 11, "steps": 3924, "train": 0.0022535184382195205, "val_mean": 0.07325323003195378, "val_worst": 0.12466559866668873, "lr": 0.0009808786374344279, "wall": 266.4}
{"arm": "unet", "epoch": 12, "steps": 4251, "train": 0.006529012125254931, "val_mean": 0.06098837376471909, "val_worst": 0.11789989640990522, "lr": 0.0009775770722271365, "wall": 288.7}
{"arm": "unet", "epoch": 13, "steps": 4578, "train": 0.003111020463023827, "val_mean": 0.07886752769243052, "val_worst": 0.14744838333290444, "lr": 0.0009740200465275045, "wall": 310.9}
{"arm": "unet", "epoch": 14, "steps": 4905, "train": 0.002383388971566122, "val_mean": 0.039989426891880564, "val_worst": 0.05307964264893899, "lr": 0.000970207250111249, "wall": 333.2}
{"arm": "unet", "epoch": 15, "steps": 5232, "train": 0.0029972275530939624, "val_mean": 0.04050074631973313, "val_worst": 0.07055675420269779, "lr": 0.0009661477748453433, "wall": 355.4}
{"arm": "unet", "epoch": 16, "steps": 5559, "train": 0.002059630221183302, "val_mean": 0.030837015432022084, "val_worst": 0.047145376270463585, "lr": 0.0009618318735338357, "wall": 377.7}
{"arm": "unet", "epoch": 17, "steps": 5886, "train": 0.0021080909633876613, "val_mean": 0.06600314977242558, "val_worst": 0.11567179338449632, "lr": 0.0009572510298708794, "wall": 399.9}
{"arm": "unet", "epoch": 18, "steps": 6213, "train": 0.003411102517565356, "val_mean": 0.030751120398895285, "val_worst": 0.043126781571027874, "lr": 0.0009524399496366854, "wall": 422.3}
{"arm": "unet", "epoch": 19, "steps": 6540, "train": 0.0016532403329939725, "val_mean": 0.029887410582805633, "val_worst": 0.04698551863659083, "lr": 0.0009473729879048469, "wall": 444.6}
{"arm": "unet", "epoch": 20, "steps": 6867, "train": 0.0015618037580763448, "val_mean": 0.08144399351309181, "val_worst": 0.10081729244596417, "lr": 0.0009420624709654533, "wall": 466.8}
{"arm": "unet", "epoch": 21, "steps": 7194, "train": 0.001981677217308187, "val_mean": 0.06643829637584431, "val_worst": 0.08620849217834796, "lr": 0.0009365314844979936, "wall": 489.1}
{"arm": "unet", "epoch": 22, "steps": 7521, "train": 0.002737663450422042, "val_mean": 0.03342378650387947, "val_worst": 0.050523644572432774, "lr": 0.0009307649692971002, "wall": 511.3}
{"arm": "unet", "epoch": 23, "steps": 7848, "train": 0.0018107801490329953, "val_mean": 0.03654554212090925, "val_worst": 0.05236226292011656, "lr": 0.0009247675849507109, "wall": 533.5}
{"arm": "unet", "epoch": 24, "steps": 8175, "train": 0.0014397007314807205, "val_mean": 0.04326562860372647, "val_worst": 0.07444095493103421, "lr": 0.0009185424024586283, "wall": 555.8}
{"arm": "unet", "epoch": 25, "steps": 8502, "train": 0.0019201568503698658, "val_mean": 0.032718830245257145, "val_worst": 0.06749428488418797, "lr": 0.0009120950143841639, "wall": 578.0}
{"arm": "unet", "epoch": 26, "steps": 8829, "train": 0.001494236269535088, "val_mean": 0.033178089959899404, "val_worst": 0.05398882026890162, "lr": 0.0009054231721928216, "wall": 600.3}
{"arm": "unet", "epoch": 27, "steps": 9156, "train": 0.0014956160173899397, "val_mean": 0.027201975888654847, "val_worst": 0.04889148861941127, "lr": 0.0008985339207501365, "wall": 622.6}
{"arm": "unet", "epoch": 28, "steps": 9483, "train": 0.0014447878273489072, "val_mean": 0.03289768988177404, "val_worst": 0.044397026369486274, "lr": 0.0008914340379408456, "wall": 644.8}
{"arm": "unet", "epoch": 29, "steps": 9810, "train": 0.0012548521592255894, "val_mean": 0.025848448283627985, "val_worst": 0.03931100300556883, "lr": 0.00088412946375854, "wall": 667.1}
{"arm": "unet", "epoch": 30, "steps": 10137, "train": 0.0016288226270188113, "val_mean": 0.02457532616650633, "val_worst": 0.04767713609308698, "lr": 0.000876595908999971, "wall": 689.4}
{"arm": "unet", "epoch": 31, "steps": 10464, "train": 0.0010277337069272924, "val_mean": 0.029442212816051708, "val_worst": 0.04987914838057738, "lr": 0.0008688516462977531, "wall": 711.6}
{"arm": "unet", "epoch": 32, "steps": 10791, "train": 0.001298027513452725, "val_mean": 0.030067465925415284, "val_worst": 0.05068659986239911, "lr": 0.0008609496758786236, "wall": 733.8}
{"arm": "unet", "epoch": 33, "steps": 11118, "train": 0.001565700870922547, "val_mean": 0.028999748807760135, "val_worst": 0.05144901830381545, "lr": 0.000852839749580088, "wall": 756.1}
{"arm": "unet", "epoch": 34, "steps": 11445, "train": 0.0013304200994819129, "val_mean": 0.030217739228449003, "val_worst": 0.05197945222711122, "lr": 0.0008445433088793077, "wall": 778.3}
{"arm": "unet", "epoch": 35, "steps": 11772, "train": 0.001244601760196191, "val_mean": 0.029256716209767268, "val_worst": 0.044328237924557035, "lr": 0.0008360587407570563, "wall": 800.6}
{"arm": "unet", "epoch": 36, "steps": 12099, "train": 0.0008422530914082129, "val_mean": 0.03650244026291738, "val_worst": 0.0483399796063059, "lr": 0.0008273969525832552, "wall": 822.8}
{"arm": "unet", "epoch": 37, "steps": 12426, "train": 0.0010574662068871406, "val_mean": 0.025859835853649905, "val_worst": 0.04647673826456004, "lr": 0.0008185575246203445, "wall": 845.1}
{"arm": "unet", "epoch": 38, "steps": 12753, "train": 0.0010357052985139443, "val_mean": 0.031927508551763684, "val_worst": 0.0631785296326479, "lr": 0.0008095514688906528, "wall": 867.3}
{"arm": "unet", "epoch": 39, "steps": 13080, "train": 0.001079206758068079, "val_mean": 0.023909115087662025, "val_worst": 0.040174352130293856, "lr": 0.0008003792165828249, "wall": 889.6}
{"arm": "unet", "epoch": 40, "steps": 13407, "train": 0.0010478573828114329, "val_mean": 0.03297641514197102, "val_worst": 0.04991919845431592, "lr": 0.0007910112252303047, "wall": 911.9}
{"arm": "unet", "epoch": 41, "steps": 13734, "train": 0.0014668546615937209, "val_mean": 0.026138542452812285, "val_worst": 0.04196846672039804, "lr": 0.0007815188511260323, "wall": 934.1}
{"arm": "unet", "epoch": 42, "steps": 14061, "train": 0.0008086589506438448, "val_mean": 0.034887969258093704, "val_worst": 0.04663888632476206, "lr": 0.0007718823290914112, "wall": 956.4}
{"arm": "unet", "epoch": 43, "steps": 14388, "train": 0.0010721103381947678, "val_mean": 0.028054398057176723, "val_worst": 0.03711701244560327, "lr": 0.0007621002275245673, "wall": 978.6}
{"arm": "unet", "epoch": 44, "steps": 14715, "train": 0.000754821421681747, "val_mean": 0.02484293080765467, "val_worst": 0.03538192713341846, "lr": 0.0007521744162205559, "wall": 1000.9}
{"arm": "unet", "epoch": 45, "steps": 15042, "train": 0.0014035437269187764, "val_mean": 0.02127033840217478, "val_worst": 0.037464121826965485, "lr": 0.0007421446405318026, "wall": 1023.2}
{"arm": "unet", "epoch": 46, "steps": 15369, "train": 0.0010369041894770083, "val_mean": 0.02170139672912945, "val_worst": 0.030025666046027834, "lr": 0.0007319063348693682, "wall": 1045.4}
{"arm": "unet", "epoch": 47, "steps": 15696, "train": 0.00044181469354160165, "val_mean": 0.015780517131781982, "val_worst": 0.02745678812131213, "lr": 0.0007215907730249545, "wall": 1067.8}
{"arm": "unet", "epoch": 48, "steps": 16023, "train": 0.0006372640461441029, "val_mean": 0.03514621610933447, "val_worst": 0.062176983489557996, "lr": 0.0007111230954032549, "wall": 1090.0}
{"arm": "unet", "epoch": 49, "steps": 16350, "train": 0.0007990427367062005, "val_mean": 0.022499203586705242, "val_worst": 0.037465604549045205, "lr": 0.000700585938391834, "wall": 1112.3}
{"arm": "unet", "epoch": 50, "steps": 16677, "train": 0.0006075925953539611, "val_mean": 0.016036557454253364, "val_worst": 0.028807249222084275, "lr": 0.0006899410506180368, "wall": 1134.5}
{"arm": "unet", "epoch": 51, "steps": 17004, "train": 0.0006442347315309836, "val_mean": 0.026458585076817476, "val_worst": 0.05007262174746573, "lr": 0.0006791964423800973, "wall": 1156.8}
{"arm": "unet", "epoch": 52, "steps": 17331, "train": 0.0007428422095503327, "val_mean": 0.0176822611650971, "val_worst": 0.031154622186757824, "lr": 0.0006683535161205592, "wall": 1179.0}
{"arm": "unet", "epoch": 53, "steps": 17658, "train": 0.0006474775156356848, "val_mean": 0.021541623808449185, "val_worst": 0.04192385224498098, "lr": 0.0006574215290502266, "wall": 1201.3}
{"arm": "unet", "epoch": 54, "steps": 17985, "train": 0.00041808037911077243, "val_mean": 0.0138585883550143, "val_worst": 0.02291792649545875, "lr": 0.0006464060719176241, "wall": 1223.6}
{"arm": "unet", "epoch": 55, "steps": 18312, "train": 0.0006301688791164789, "val_mean": 0.022558156854910583, "val_worst": 0.031535374831949584, "lr": 0.0006352794160157725, "wall": 1245.8}
{"arm": "unet", "epoch": 56, "steps": 18639, "train": 0.000636053816095032, "val_mean": 0.014548803910853402, "val_worst": 0.02447964563036021, "lr": 0.0006241172010250654, "wall": 1268.1}
{"arm": "unet", "epoch": 57, "steps": 18966, "train": 0.0005912500742816203, "val_mean": 0.021574328981681924, "val_worst": 0.04065664825219223, "lr": 0.0006128868976074168, "wall": 1290.3}
{"arm": "unet", "epoch": 58, "steps": 19293, "train": 0.0006369430478778075, "val_mean": 0.032496789056258274, "val_worst": 0.05260360461611893, "lr": 0.0006016451094122532, "wall": 1312.5}
{"arm": "unet", "epoch": 59, "steps": 19620, "train": 0.0007211193342936007, "val_mean": 0.016513944314452654, "val_worst": 0.03200740066106869, "lr": 0.0005903311636513617, "wall": 1334.7}
{"arm": "unet", "epoch": 60, "steps": 19947, "train": 0.00041901329358116023, "val_mean": 0.02798550865767156, "val_worst": 0.04411894267032843, "lr": 0.0005789540712153241, "wall": 1357.0}
{"arm": "unet", "epoch": 61, "steps": 20274, "train": 0.0004389007476076701, "val_mean": 0.012294043809565837, "val_worst": 0.025605865890577947, "lr": 0.0005675340364055966, "wall": 1379.3}
{"arm": "unet", "epoch": 62, "steps": 20601, "train": 0.00028461479643237516, "val_mean": 0.0164946763464413, "val_worst": 0.0334092792075442, "lr": 0.0005560642608276516, "wall": 1401.5}
{"arm": "unet", "epoch": 63, "steps": 20928, "train": 0.0005868155766109465, "val_mean": 0.013918749484673698, "val_worst": 0.02518138620579947, "lr": 0.000544569602715595, "wall": 1423.7}
{"arm": "unet", "epoch": 64, "steps": 21255, "train": 0.00031068633706739696, "val_mean": 0.015719572732534652, "val_worst": 0.022984993927316653, "lr": 0.0005330638173363782, "wall": 1446.0}
{"arm": "unet", "epoch": 65, "steps": 21582, "train": 0.0006399399343874823, "val_mean": 0.017305021659509697, "val_worst": 0.02896494885967135, "lr": 0.0005215447874721615, "wall": 1468.2}
{"arm": "unet", "epoch": 66, "steps": 21909, "train": 0.0002789907799493897, "val_mean": 0.014751748405506929, "val_worst": 0.023583239979335268, "lr": 0.000510015117523706, "wall": 1490.5}
{"arm": "unet", "epoch": 67, "steps": 22236, "train": 0.00041517622626503466, "val_mean": 0.015796597558352568, "val_worst": 0.02728239601068898, "lr": 0.0004984827192985324, "wall": 1512.7}
{"arm": "unet", "epoch": 68, "steps": 22563, "train": 0.0004157103452667915, "val_mean": 0.022528149387822514, "val_worst": 0.03537391350584316, "lr": 0.00048694833814235674, "wall": 1535.0}
{"arm": "unet", "epoch": 69, "steps": 22890, "train": 0.0004220643343612022, "val_mean": 0.010985464171560776, "val_worst": 0.022595705442806886, "lr": 0.0004754286843612657, "wall": 1557.3}
{"arm": "unet", "epoch": 70, "steps": 23217, "train": 0.00026625638034393406, "val_mean": 0.035303920253184615, "val_worst": 0.06606568113788863, "lr": 0.0004638884567079093, "wall": 1579.6}
{"arm": "unet", "epoch": 71, "steps": 23544, "train": 0.00043763572265524247, "val_mean": 0.01683233238344066, "val_worst": 0.03456526306676586, "lr": 0.0004524030245059465, "wall": 1601.8}
{"arm": "unet", "epoch": 72, "steps": 23871, "train": 0.00022754325439534436, "val_mean": 0.010230323366844915, "val_worst": 0.020388087627241088, "lr": 0.00044095083646977844, "wall": 1624.1}
{"arm": "unet", "epoch": 73, "steps": 24198, "train": 0.0002441661878856042, "val_mean": 0.015073997119226993, "val_worst": 0.02436674260077768, "lr": 0.00042949635033347563, "wall": 1646.4}
{"arm": "unet", "epoch": 74, "steps": 24525, "train": 0.00038716154107910775, "val_mean": 0.015367431473414902, "val_worst": 0.03777936574774073, "lr": 0.0004180677955769468, "wall": 1668.7}
{"arm": "unet", "epoch": 75, "steps": 24852, "train": 0.0001822941897396449, "val_mean": 0.016586615706949654, "val_worst": 0.03152665201535068, "lr": 0.000406761622823052, "wall": 1690.9}
{"arm": "unet", "epoch": 76, "steps": 25179, "train": 0.00028567446440094194, "val_mean": 0.027055512907050737, "val_worst": 0.05252381298953269, "lr": 0.0003954844285940001, "wall": 1713.2}
{"arm": "unet", "epoch": 77, "steps": 25506, "train": 0.0003202748620192047, "val_mean": 0.015211928112096679, "val_worst": 0.021774303522110836, "lr": 0.0003842654500329179, "wall": 1735.4}
{"arm": "unet", "epoch": 78, "steps": 25833, "train": 0.00019364536045879708, "val_mean": 0.01017543958982532, "val_worst": 0.020691992828754394, "lr": 0.00037310346221015167, "wall": 1757.8}
{"arm": "unet", "epoch": 79, "steps": 26160, "train": 0.00034095672165825795, "val_mean": 0.01657769794196008, "val_worst": 0.02728751615604913, "lr": 0.00036199059179518596, "wall": 1780.0}
{"arm": "unet", "epoch": 80, "steps": 26487, "train": 0.00021007622059844211, "val_mean": 0.013159083547454537, "val_worst": 0.020052490596042225, "lr": 0.00035098166926351016, "wall": 1802.3}
{"arm": "unet", "epoch": 81, "steps": 26814, "train": 0.0001453766672433495, "val_mean": 0.008851745580941442, "val_worst": 0.018664641693676858, "lr": 0.00034005993994757597, "wall": 1824.6}
{"arm": "unet", "epoch": 82, "steps": 27141, "train": 0.00016724341373770306, "val_mean": 0.01976335058804299, "val_worst": 0.031552683110465815, "lr": 0.0003291885291331284, "wall": 1846.9}
{"arm": "unet", "epoch": 83, "steps": 27468, "train": 0.00017965979581962554, "val_mean": 0.01672156280527381, "val_worst": 0.030798678033781446, "lr": 0.0003184414255535488, "wall": 1869.2}
{"arm": "unet", "epoch": 84, "steps": 27795, "train": 0.00022758710483702737, "val_mean": 0.011015005084507857, "val_worst": 0.02070213622863596, "lr": 0.0003078074623058176, "wall": 1891.4}
{"arm": "unet", "epoch": 85, "steps": 28122, "train": 0.00018499621970476316, "val_mean": 0.01205465202644208, "val_worst": 0.020921243709859715, "lr": 0.00029727909797937674, "wall": 1913.7}
{"arm": "unet", "epoch": 86, "steps": 28449, "train": 0.0001846020497016776, "val_mean": 0.009377274030213448, "val_worst": 0.01764392391084766, "lr": 0.0002868550513829847, "wall": 1936.0}
{"arm": "unet", "epoch": 87, "steps": 28776, "train": 9.591998307290557e-05, "val_mean": 0.01535099446551103, "val_worst": 0.025502640614710095, "lr": 0.00027654842177381135, "wall": 1958.2}
{"arm": "unet", "epoch": 88, "steps": 29103, "train": 0.00012478557840530228, "val_mean": 0.0086253865455672, "val_worst": 0.015244438866042903, "lr": 0.000266415623711503, "wall": 1980.5}
{"arm": "unet", "epoch": 89, "steps": 29430, "train": 0.0001416849465201065, "val_mean": 0.01168361804371203, "val_worst": 0.016655620218746357, "lr": 0.0002563709004156195, "wall": 2002.7}
{"arm": "unet", "epoch": 90, "steps": 29757, "train": 0.00013392372081252174, "val_mean": 0.008231451837405897, "val_worst": 0.012205533373535993, "lr": 0.00024649557801472794, "wall": 2024.9}
{"arm": "unet", "epoch": 91, "steps": 30084, "train": 9.310410010124726e-05, "val_mean": 0.02160210362198358, "val_worst": 0.02761080263318401, "lr": 0.00023673023311483664, "wall": 2047.1}
{"arm": "unet", "epoch": 92, "steps": 30411, "train": 0.00012819171919129402, "val_mean": 0.010804453866435637, "val_worst": 0.02151577523922731, "lr": 0.00022716670194880968, "wall": 2069.2}
{"arm": "unet", "epoch": 93, "steps": 30738, "train": 0.00013698918950266203, "val_mean": 0.008149811410548675, "val_worst": 0.013127377300609078, "lr": 0.0002176914969644012, "wall": 2091.6}
{"arm": "unet", "epoch": 94, "steps": 31065, "train": 9.332712912730466e-05, "val_mean": 0.007712408235887605, "val_worst": 0.012988759549785036, "lr": 0.00020835402479314844, "wall": 2113.9}
{"arm": "unet", "epoch": 95, "steps": 31392, "train": 6.815665891997475e-05, "val_mean": 0.008010184331261846, "val_worst": 0.013385481231527652, "lr": 0.0001991765094199308, "wall": 2136.1}
{"arm": "unet", "epoch": 96, "steps": 31719, "train": 8.484806917258385e-05, "val_mean": 0.013679917766976458, "val_worst": 0.022975066794444516, "lr": 0.00019019627774055335, "wall": 2158.4}
{"arm": "unet", "epoch": 97, "steps": 32046, "train": 0.00014256262331338544, "val_mean": 0.00908700349036828, "val_worst": 0.016085686716304653, "lr": 0.00018138263944226355, "wall": 2180.6}
{"arm": "unet", "epoch": 98, "steps": 32373, "train": 8.995228615111633e-05, "val_mean": 0.00951758840504677, "val_worst": 0.01413349952154556, "lr": 0.000172742699043035, "wall": 2202.9}
{"arm": "unet", "epoch": 99, "steps": 32700, "train": 7.97446531925564e-05, "val_mean": 0.008980765301721684, "val_worst": 0.014529657856942992, "lr": 0.00016428340501267779, "wall": 2225.1}
{"arm": "unet", "epoch": 100, "steps": 33027, "train": 5.965428763894578e-05, "val_mean": 0.006990167875495176, "val_worst": 0.013020826833833276, "lr": 0.00015601003089760706, "wall": 2247.4}
{"arm": "unet", "epoch": 101, "steps": 33354, "train": 5.783227767069969e-05, "val_mean": 0.012760233670671048, "val_worst": 0.019551967938258297, "lr": 0.00014789391476988082, "wall": 2269.7}
{"arm": "unet", "epoch": 102, "steps": 33681, "train": 9.524931645492063e-05, "val_mean": 0.006570016470260936, "val_worst": 0.010673822732183093, "lr": 0.00014000106963136695, "wall": 2292.0}
{"arm": "unet", "epoch": 103, "steps": 34008, "train": 5.451342333286125e-05, "val_mean": 0.0060015607929738805, "val_worst": 0.011203331554913421, "lr": 0.00013228481951557222, "wall": 2314.4}
{"arm": "unet", "epoch": 104, "steps": 34335, "train": 7.681310246122483e-05, "val_mean": 0.006863576379155219, "val_worst": 0.010901076476669071, "lr": 0.0001247724196642126, "wall": 2336.6}
{"arm": "unet", "epoch": 105, "steps": 34662, "train": 6.152745316865785e-05, "val_mean": 0.005729122759248849, "val_worst": 0.009013705292941446, "lr": 0.00011750604383315616, "wall": 2358.9}
{"arm": "unet", "epoch": 106, "steps": 34989, "train": 4.703403395283057e-05, "val_mean": 0.007179102310790152, "val_worst": 0.011448201013750364, "lr": 0.00011040575009937314, "wall": 2381.2}
{"arm": "unet", "epoch": 107, "steps": 35316, "train": 4.319214899649108e-05, "val_mean": 0.005843109218951685, "val_worst": 0.010231510963333988, "lr": 0.000103546531018593, "wall": 2403.4}
{"arm": "unet", "epoch": 108, "steps": 35643, "train": 5.033448382638471e-05, "val_mean": 0.006517921550012682, "val_worst": 0.011162023637903092, "lr": 9.69078087818959e-05, "wall": 2425.7}
{"arm": "unet", "epoch": 109, "steps": 35970, "train": 4.558119390231585e-05, "val_mean": 0.005668333383567997, "val_worst": 0.009143307820283029, "lr": 9.04902363000139e-05, "wall": 2448.0}
{"arm": "unet", "epoch": 110, "steps": 36297, "train": 4.140832407200962e-05, "val_mean": 0.005674433914448419, "val_worst": 0.010545126545810373, "lr": 8.428026441220272e-05, "wall": 2470.2}
{"arm": "unet", "epoch": 111, "steps": 36624, "train": 3.854202944897178e-05, "val_mean": 0.00550166814051563, "val_worst": 0.009631022914002215, "lr": 7.831678579317968e-05, "wall": 2492.6}
{"arm": "unet", "epoch": 112, "steps": 36951, "train": 4.168742386834219e-05, "val_mean": 0.006622816316922952, "val_worst": 0.011966495000629953, "lr": 7.256504303149236e-05, "wall": 2514.8}
{"arm": "unet", "epoch": 113, "steps": 37278, "train": 3.869917902321376e-05, "val_mean": 0.005371195508566581, "val_worst": 0.009480875620592449, "lr": 6.706800282956146e-05, "wall": 2537.2}
{"arm": "unet", "epoch": 114, "steps": 37605, "train": 4.061107456266672e-05, "val_mean": 0.006204394455823394, "val_worst": 0.0101487964720786, "lr": 6.179351129657428e-05, "wall": 2559.4}
{"arm": "unet", "epoch": 115, "steps": 37932, "train": 3.285299586916674e-05, "val_mean": 0.005520994369539156, "val_worst": 0.01015830655294654, "lr": 5.677665390581622e-05, "wall": 2581.7}
{"arm": "unet", "epoch": 116, "steps": 38259, "train": 3.509366971443166e-05, "val_mean": 0.005312973191563122, "val_worst": 0.008603897728765178, "lr": 5.2003949323874593e-05, "wall": 2604.0}
{"arm": "unet", "epoch": 117, "steps": 38586, "train": 3.2018130815002626e-05, "val_mean": 0.005272199410719113, "val_worst": 0.00916054473690613, "lr": 4.746246297942434e-05, "wall": 2626.3}
{"arm": "unet", "epoch": 118, "steps": 38913, "train": 3.5045032133794304e-05, "val_mean": 0.0054265133504954426, "val_worst": 0.00994990417316905, "lr": 4.3179268525689824e-05, "wall": 2648.5}
{"arm": "unet", "epoch": 119, "steps": 39240, "train": 3.219257252164413e-05, "val_mean": 0.005471440877036417, "val_worst": 0.008599147690515719, "lr": 3.916294572435494e-05, "wall": 2670.7}
{"arm": "unet", "epoch": 120, "steps": 39567, "train": 2.9014835518775525e-05, "val_mean": 0.0050939353022905805, "val_worst": 0.009129211731589336, "lr": 3.540104939055794e-05, "wall": 2693.0}
{"arm": "unet", "epoch": 121, "steps": 39894, "train": 3.041143444512703e-05, "val_mean": 0.005284281067625254, "val_worst": 0.009568584819828339, "lr": 3.187989632759213e-05, "wall": 2715.2}
{"arm": "unet", "epoch": 122, "steps": 40221, "train": 2.922526432898686e-05, "val_mean": 0.005008384227836312, "val_worst": 0.009089723712823657, "lr": 2.8627876608843913e-05, "wall": 2737.4}
{"arm": "unet", "epoch": 123, "steps": 40548, "train": 2.881983792919841e-05, "val_mean": 0.005175807718955773, "val_worst": 0.007713901280384719, "lr": 2.5616316836270612e-05, "wall": 2759.7}
{"arm": "unet", "epoch": 124, "steps": 40875, "train": 2.85694458900783e-05, "val_mean": 0.004967986508779014, "val_worst": 0.008797659459424281, "lr": 2.2872505501844187e-05, "wall": 2782.0}
{"arm": "unet", "epoch": 125, "steps": 41202, "train": 2.7079271787201576e-05, "val_mean": 0.004913328037742238, "val_worst": 0.008505587196075734, "lr": 2.0384012937566708e-05, "wall": 2804.3}
{"arm": "unet", "epoch": 126, "steps": 41529, "train": 2.6802862646475793e-05, "val_mean": 0.00575774224221726, "val_worst": 0.010901073632539834, "lr": 1.816022319176434e-05, "wall": 2826.5}
{"arm": "unet", "epoch": 127, "steps": 41856, "train": 2.7267982765445912e-05, "val_mean": 0.005037992977683772, "val_worst": 0.008667705714977639, "lr": 1.620733541863711e-05, "wall": 2848.8}
{"arm": "unet", "epoch": 128, "steps": 42183, "train": 2.6178341433437484e-05, "val_mean": 0.004909570763354612, "val_worst": 0.008674133316956262, "lr": 1.4518985652794025e-05, "wall": 2871.1}
{"arm": "unet", "epoch": 129, "steps": 42510, "train": 2.542766935220721e-05, "val_mean": 0.0049745982024298864, "val_worst": 0.008537245447611334, "lr": 1.3092806358285532e-05, "wall": 2893.4}
{"arm": "unet", "epoch": 130, "steps": 42837, "train": 2.5254562726519583e-05, "val_mean": 0.004842478099174326, "val_worst": 0.00868337639374544, "lr": 1.1939044921125309e-05, "wall": 2915.7}
{"arm": "unet", "epoch": 131, "steps": 43164, "train": 2.5404012108429683e-05, "val_mean": 0.004813083597127734, "val_worst": 0.008332469471221291, "lr": 1.1050937457368898e-05, "wall": 2938.0}
{"arm": "unet", "epoch": 132, "steps": 43491, "train": 2.5251194312018023e-05, "val_mean": 0.0047904145931086176, "val_worst": 0.008194490314416368, "lr": 1.0432356876340343e-05, "wall": 2960.3}
{"arm": "unet", "epoch": 133, "steps": 43818, "train": 2.519929352426741e-05, "val_mean": 0.004845686900471862, "val_worst": 0.0076507152311811825, "lr": 1.0084174609523916e-05, "wall": 2982.5}
{"arm": "unet", "epoch": 134, "steps": 44076, "train": 2.4937069063504924e-05, "val_mean": 0.004812350673351222, "val_worst": 0.007587583930877388, "lr": 1.0000000977617332e-05, "wall": 3000.1}
TRAIN OP COMPLETE
ALL-DONE
