host=pax050 job=4296977
NVIDIA A100 80GB PCIe, GPU-3821cf96-084c-f51d-914c-38d8195c5979, 81920 MiB
10.235.106.26:/projects/paralab  4.6T  4.2T  371G  93% /cluster/tufts/paralab
jax_backend=gpu
torch_cuda=True
jax_backend=gpu x64=True precision=highest
NM-ROM + CG BUILT 26.3
torch_backend=cuda NVIDIA A100 80GB PCIe
WARMUP 13.9 ['op_fno', 'op_unet', 'op_transolver', 'op_deeponet']
PHASE A1 0 95.9
PHASE A1 1 139.2
PHASE A1 2 182.5
PHASE B 0 320.0
PHASE B 1 450.3
PHASE A2 0 500.8
PHASE A2 1 544.0
PHASE A2 2 587.2
GATES {'nmrom_reproduces_table1': True, 'nmrom_cg_deterministic': True, 'cg_converged': True, 'device_guard': True, 'drift_A2_over_A1': True}
R512_linear    worst    0.742% median    0.058% gpu     11.573 ms
R128_linear    worst    2.306% median    0.218% gpu      3.278 ms
op_fno         worst   47.722% median   26.272% gpu    889.495 ms
op_unet        worst   22.333% median   10.059% gpu    213.667 ms
op_transolver  worst   44.953% median   15.903% gpu     16.199 ms
op_deeponet    worst   41.805% median   25.153% gpu    198.331 ms
cg_0.7         worst    8.901% median    2.071% gpu    485.895 ms
cg_0.5         worst    6.750% median    1.363% gpu    514.379 ms
cg_0.4         worst    5.154% median    1.017% gpu    539.958 ms
cg_0.3         worst    2.502% median    0.690% gpu    564.948 ms
cg_0.2         worst    1.178% median    0.363% gpu    600.691 ms
cg_0.1         worst    0.609% median    0.210% gpu    651.418 ms
cg_0.03        worst    0.162% median    0.072% gpu    747.580 ms
cg_0.01        worst    0.049% median    0.022% gpu    838.865 ms
cg_0.001       worst    0.005% median    0.002% gpu   1024.122 ms
cg_0.0001      worst    0.000% median    0.000% gpu   1163.167 ms
P2D PANEL COMPLETE
ALL-DONE
