host=pax050 job_id=4303050
NVIDIA A100 80GB PCIe, GPU-2fa16ce0-8cbb-a4bf-cedd-ac0436db49e7, 81920 MiB, 575.57.08
10.235.106.34:/projects/paralab  4.6T  4.2T  363G  93% /cluster/tufts/paralab
jax_backend=gpu
torch_cuda True NVIDIA A100 80GB PCIe
torch_backend=cuda NVIDIA A100 80GB PCIe
{"arm": "unet-b64", "epoch": 0, "steps": 64, "train": 0.06336069378544085, "val_mean_case_max": 0.17181236640673775, "val_worst": 0.3635228089929092, "lr": 0.0009966222788676013, "wall": 115.8}
{"arm": "unet-b64", "epoch": 1, "steps": 128, "train": 0.0057493165092185345, "val_mean_case_max": 0.0841084377320584, "val_worst": 0.17742336322320063, "lr": 0.000985923348563176, "wall": 232.5}
{"arm": "unet-b64", "epoch": 2, "steps": 192, "train": 0.002455024997319257, "val_mean_case_max": 0.058918169122507705, "val_worst": 0.12562457491900253, "lr": 0.000968033272937327, "wall": 349.3}
{"arm": "unet-b64", "epoch": 3, "steps": 256, "train": 0.0013395557905000331, "val_mean_case_max": 0.035083956347088566, "val_worst": 0.0784146484237897, "lr": 0.0009432325828265087, "wall": 466.0}
{"arm": "unet-b64", "epoch": 4, "steps": 320, "train": 0.0006649491102940565, "val_mean_case_max": 0.026352025584250705, "val_worst": 0.0629637168880035, "lr": 0.0009118849929301347, "wall": 582.8}
{"arm": "unet-b64", "epoch": 5, "steps": 384, "train": 0.0005035666068553046, "val_mean_case_max": 0.02471539650039314, "val_worst": 0.055919522516173596, "lr": 0.0008744616981090055, "wall": 699.6}
{"arm": "unet-b64", "epoch": 6, "steps": 448, "train": 0.0003461655624343016, "val_mean_case_max": 0.02859675677243513, "val_worst": 0.07267611619047906, "lr": 0.0008315177794314309, "wall": 816.1}
{"arm": "unet-b64", "epoch": 7, "steps": 512, "train": 0.00028409653818295964, "val_mean_case_max": 0.019627541142877857, "val_worst": 0.03182733172025817, "lr": 0.0007837918615143434, "wall": 932.9}
{"arm": "unet-b64", "epoch": 8, "steps": 576, "train": 0.00025968271141203585, "val_mean_case_max": 0.02161667655305488, "val_worst": 0.03009081150072991, "lr": 0.0007318033347770061, "wall": 1049.5}
{"arm": "unet-b64", "epoch": 9, "steps": 640, "train": 0.00029335792398079135, "val_mean_case_max": 0.023481850008043495, "val_worst": 0.050274616128159394, "lr": 0.0006765397423232445, "wall": 1166.0}
{"arm": "unet-b64", "epoch": 10, "steps": 704, "train": 0.0003126578762861192, "val_mean_case_max": 0.0196729161904297, "val_worst": 0.04626988642814426, "lr": 0.0006187319752228323, "wall": 1282.6}
{"arm": "unet-b64", "epoch": 11, "steps": 768, "train": 0.00017126286573559247, "val_mean_case_max": 0.013954403112189361, "val_worst": 0.03486475265972338, "lr": 0.0005592115012951783, "wall": 1399.4}
{"arm": "unet-b64", "epoch": 12, "steps": 832, "train": 0.0001601672847597768, "val_mean_case_max": 0.013474540065931113, "val_worst": 0.02479124718090826, "lr": 0.0004987920943317086, "wall": 1516.2}
{"arm": "unet-b64", "epoch": 13, "steps": 896, "train": 0.00013929414285413842, "val_mean_case_max": 0.01328985138365732, "val_worst": 0.022133116302568753, "lr": 0.00043846098872049095, "wall": 1633.0}
{"arm": "unet-b64", "epoch": 14, "steps": 960, "train": 0.00011302600539221602, "val_mean_case_max": 0.012576239323036703, "val_worst": 0.02172007132468914, "lr": 0.00037911376250225024, "wall": 1749.7}
{"arm": "unet-b64", "epoch": 15, "steps": 1024, "train": 0.00011565988942768257, "val_mean_case_max": 0.012171096173892216, "val_worst": 0.02718772717630131, "lr": 0.0003216509644058383, "wall": 1866.6}
{"arm": "unet-b64", "epoch": 16, "steps": 1088, "train": 9.330224080200245e-05, "val_mean_case_max": 0.011758522400490188, "val_worst": 0.02329709295995492, "lr": 0.0002668979603449974, "wall": 1983.4}
{"arm": "unet-b64", "epoch": 17, "steps": 1152, "train": 9.354082518477288e-05, "val_mean_case_max": 0.01113067073076747, "val_worst": 0.018231496359789687, "lr": 0.00021573279917517932, "wall": 2100.2}
{"arm": "unet-b64", "epoch": 18, "steps": 1216, "train": 8.120649988221641e-05, "val_mean_case_max": 0.011097032230188694, "val_worst": 0.017990243142956438, "lr": 0.00016887716690667723, "wall": 2217.0}
{"arm": "unet-b64", "epoch": 19, "steps": 1280, "train": 7.496732772882948e-05, "val_mean_case_max": 0.012387167890268714, "val_worst": 0.01583140969161895, "lr": 0.0001270274035869934, "wall": 2333.7}
{"arm": "unet-b64", "epoch": 20, "steps": 1344, "train": 7.204911736300048e-05, "val_mean_case_max": 0.010098826796681962, "val_worst": 0.018037328326340873, "lr": 9.090613984807229e-05, "wall": 2450.5}
{"arm": "unet-b64", "epoch": 21, "steps": 1408, "train": 7.045934776666479e-05, "val_mean_case_max": 0.010099371508835822, "val_worst": 0.01630056888360359, "lr": 6.0904244686646695e-05, "wall": 2567.1}
{"arm": "unet-b64", "epoch": 22, "steps": 1472, "train": 6.859763432621389e-05, "val_mean_case_max": 0.010115240256187654, "val_worst": 0.015636948214507236, "lr": 3.7579373693084805e-05, "wall": 2683.7}
{"arm": "unet-b64", "epoch": 23, "steps": 1536, "train": 6.67628096168447e-05, "val_mean_case_max": 0.009866094379946984, "val_worst": 0.016241276336369313, "lr": 2.1216679152821256e-05, "wall": 2800.5}
{"arm": "unet-b64", "epoch": 24, "steps": 1600, "train": 6.47450891874641e-05, "val_mean_case_max": 0.009794632102949272, "val_worst": 0.01726381415090798, "lr": 1.2046967421874185e-05, "wall": 2917.3}
{"arm": "unet-b64", "epoch": 25, "steps": 1647, "train": 6.461427984343085e-05, "val_mean_case_max": 0.00977927136429685, "val_worst": 0.01619740918958693, "lr": 1.0000052793027205e-05, "wall": 3003.9}
ARM DONE unet-b64 {"stop_reason": "wall_budget", "epochs_completed": 26, "optimisation_steps": 1647, "micro_batch": 8} val_mean_case_max 0.00977927136429685
TRAIN OPS COMPLETE
run_exit=0
