host=pax050 job_id=4301751
NVIDIA A100 80GB PCIe, GPU-3821cf96-084c-f51d-914c-38d8195c5979, 81920 MiB, 575.57.08
10.235.106.34:/projects/paralab  4.6T  4.2T  366G  93% /cluster/tufts/paralab
jax_backend=gpu
torch_cuda True NVIDIA A100 80GB PCIe
CASE train burgers-train-00000 1.63
CASE train burgers-train-00001 0.34
CASE train burgers-train-00002 0.37
CASE train burgers-train-00003 0.56
CASE train burgers-train-00004 0.67
CASE train burgers-train-00005 0.45
CASE train burgers-train-00006 0.67
CASE train burgers-train-00007 0.66
CASE train burgers-train-00008 0.39
CASE train burgers-train-00009 0.65
CASE train burgers-train-00010 0.65
CASE train burgers-train-00011 0.27
CASE train burgers-train-00012 0.36
CASE train burgers-train-00013 0.57
CASE train burgers-train-00014 0.54
CASE train burgers-train-00015 0.28
CASE train burgers-train-00016 0.45
CASE train burgers-train-00017 0.55
CASE train burgers-train-00018 0.34
CASE train burgers-train-00019 0.48
CASE train burgers-train-00020 0.71
CASE train burgers-train-00021 0.42
CASE train burgers-train-00022 0.47
CASE train burgers-train-00023 0.71
CASE train burgers-train-00024 0.36
CASE train burgers-train-00025 0.91
CASE train burgers-train-00026 0.86
CASE train burgers-train-00027 0.44
CASE train burgers-train-00028 0.79
CASE train burgers-train-00029 0.78
CASE train burgers-train-00030 0.83
CASE train burgers-train-00031 0.64
CASE train burgers-train-00032 0.33
CASE train burgers-train-00033 0.31
CASE train burgers-train-00034 0.48
CASE train burgers-train-00035 0.22
CASE train burgers-train-00036 0.48
CASE train burgers-train-00037 0.5
CASE train burgers-train-00038 0.47
CASE train burgers-train-00039 0.75
CASE train burgers-train-00040 0.45
CASE train burgers-train-00041 0.57
CASE train burgers-train-00042 0.58
CASE train burgers-train-00043 0.67
CASE train burgers-train-00044 0.29
CASE train burgers-train-00045 0.43
CASE train burgers-train-00046 0.62
CASE train burgers-train-00047 0.27
CASE train burgers-train-00048 0.49
CASE train burgers-train-00049 0.49
CASE train burgers-train-00050 0.38
CASE train burgers-train-00051 0.65
CASE train burgers-train-00052 0.66
CASE train burgers-train-00053 0.55
CASE train burgers-train-00054 0.41
CASE train burgers-train-00055 0.43
CASE train burgers-train-00056 0.72
CASE train burgers-train-00057 0.64
CASE train burgers-train-00058 0.47
CASE train burgers-train-00059 0.53
CASE train burgers-train-00060 0.99
CASE train burgers-train-00061 0.43
CASE train burgers-train-00062 0.42
CASE train burgers-train-00063 0.53
CASE train burgers-train-00064 0.45
CASE train burgers-train-00065 0.45
CASE train burgers-train-00066 0.5
CASE train burgers-train-00067 0.42
CASE train burgers-train-00068 0.27
CASE train burgers-train-00069 0.36
CASE train burgers-train-00070 0.49
CASE train burgers-train-00071 0.45
CASE train burgers-train-00072 0.41
CASE train burgers-train-00073 0.41
CASE train burgers-train-00074 0.38
CASE train burgers-train-00075 0.71
CASE train burgers-train-00076 0.34
CASE train burgers-train-00077 0.46
CASE train burgers-train-00078 0.34
CASE train burgers-train-00079 0.78
CASE train burgers-train-00080 0.62
CASE train burgers-train-00081 0.52
CASE train burgers-train-00082 0.36
CASE train burgers-train-00083 0.5
CASE train burgers-train-00084 0.66
CASE train burgers-train-00085 0.45
CASE train burgers-train-00086 0.63
CASE train burgers-train-00087 0.57
CASE train burgers-train-00088 0.54
CASE train burgers-train-00089 0.56
CASE train burgers-train-00090 0.47
CASE train burgers-train-00091 0.42
CASE train burgers-train-00092 0.65
CASE train burgers-train-00093 0.72
CASE train burgers-train-00094 0.49
CASE train burgers-train-00095 0.4
CASE train burgers-train-00096 0.47
CASE train burgers-train-00097 0.43
CASE train burgers-train-00098 0.53
CASE train burgers-train-00099 0.7
CASE train burgers-train-00100 0.64
CASE train burgers-train-00101 0.59
CASE train burgers-train-00102 0.45
CASE train burgers-train-00103 0.45
CASE train burgers-train-00104 0.41
CASE train burgers-train-00105 0.36
CASE train burgers-train-00106 0.39
CASE train burgers-train-00107 0.39
CASE train burgers-train-00108 0.47
CASE train burgers-train-00109 0.71
CASE train burgers-train-00110 0.42
CASE train burgers-train-00111 0.55
CASE train burgers-train-00112 0.53
CASE train burgers-train-00113 0.55
CASE train burgers-train-00114 0.54
CASE train burgers-train-00115 0.51
CASE train burgers-train-00116 0.4
CASE train burgers-train-00117 0.52
CASE train burgers-train-00118 0.29
CASE train burgers-train-00119 0.59
CASE train burgers-train-00120 0.63
CASE train burgers-train-00121 0.39
CASE train burgers-train-00122 0.59
CASE train burgers-train-00123 0.32
CASE train burgers-train-00124 0.54
CASE train burgers-train-00125 0.56
CASE train burgers-train-00126 0.38
CASE train burgers-train-00127 0.65
CASE validation burgers-validation-00000 0.46
CASE validation burgers-validation-00001 0.48
CASE validation burgers-validation-00002 0.35
CASE validation burgers-validation-00003 0.32
CASE validation burgers-validation-00004 0.4
CASE validation burgers-validation-00005 0.78
CASE validation burgers-validation-00006 0.75
CASE validation burgers-validation-00007 0.47
CASE validation burgers-validation-00008 0.45
CASE validation burgers-validation-00009 0.38
CASE validation burgers-validation-00010 0.62
CASE validation burgers-validation-00011 0.29
CASE validation burgers-validation-00012 0.51
CASE validation burgers-validation-00013 0.39
CASE validation burgers-validation-00014 0.55
CASE validation burgers-validation-00015 0.28
CASE validation burgers-validation-00016 0.27
CASE validation burgers-validation-00017 0.57
CASE validation burgers-validation-00018 0.91
CASE validation burgers-validation-00019 0.86
CASE validation burgers-validation-00020 0.6
CASE validation burgers-validation-00021 0.44
CASE validation burgers-validation-00022 0.36
CASE validation burgers-validation-00023 0.36
CASE validation burgers-validation-00024 0.41
CASE validation burgers-validation-00025 0.34
CASE validation burgers-validation-00026 0.32
CASE validation burgers-validation-00027 0.32
CASE validation burgers-validation-00028 0.48
CASE validation burgers-validation-00029 0.3
CASE validation burgers-validation-00030 0.53
CASE validation burgers-validation-00031 0.56
DATA DONE {"train": {"cases": 128, "source_index_sha256": "5333584b7162df622ec7bc2b08e68d8003036b1b05abbea520249ed408fc8d49", "median_seconds": 0.4905491415411234, "host_bytes": 6455040000}, "validation": {"cases": 32, "source_index_sha256": "468b9e70df3392c4b5bbb41381c9062d3d697ac4772b7236c4ee59d0ca73ebad", "median_seconds": 0.4436990243848413, "host_bytes": 1613760000}, "mesh": 1024, "seconds": 94.44170695310459, "solver": "iterative_paths.make_fom(L, dt, \"fft\") = fft_tight", "storage": "host memory only (no per-case files)"}
torch_backend=cuda NVIDIA A100 80GB PCIe
{"epoch": 0, "train_mean_squared_relative_error": 0.252312640241527, "wall_seconds": 33.3800829090178, "best_so_far": 0.38336479868320794}
{"epoch": 1, "train_mean_squared_relative_error": 0.08308958349826859, "wall_seconds": 66.29723259015009, "best_so_far": 0.30528240674167056}
{"epoch": 2, "train_mean_squared_relative_error": 0.061582630801172544, "wall_seconds": 99.35628620209172, "best_so_far": 0.26517928184713213}
{"epoch": 3, "train_mean_squared_relative_error": 0.04809753320515709, "wall_seconds": 132.3902736431919, "best_so_far": 0.2611349162778662}
{"epoch": 4, "train_mean_squared_relative_error": 0.04781719980524034, "wall_seconds": 165.39340525120497, "best_so_far": 0.2337225293013085}
{"epoch": 5, "train_mean_squared_relative_error": 0.04293886372673295, "wall_seconds": 198.427805992309, "best_so_far": 0.21151547071755328}
{"epoch": 6, "train_mean_squared_relative_error": 0.030634706159378907, "wall_seconds": 231.48433402134106, "best_so_far": 0.19829460673997726}
{"epoch": 7, "train_mean_squared_relative_error": 0.029522053154440373, "wall_seconds": 264.5475781932473, "best_so_far": 0.19197009353649935}
{"epoch": 8, "train_mean_squared_relative_error": 0.026449123281324247, "wall_seconds": 297.62316644610837, "best_so_far": 0.17960689035720862}
{"epoch": 9, "train_mean_squared_relative_error": 0.026876892144864953, "wall_seconds": 330.6818565702997, "best_so_far": 0.17290339547508218}
{"epoch": 10, "train_mean_squared_relative_error": 0.019335153653997773, "wall_seconds": 363.74612919520587, "best_so_far": 0.158810595957595}
{"epoch": 11, "train_mean_squared_relative_error": 0.018247237041478646, "wall_seconds": 396.83201386220753, "best_so_far": 0.14124851752256373}
{"epoch": 12, "train_mean_squared_relative_error": 0.017713487907523837, "wall_seconds": 429.89715400198475, "best_so_far": 0.14124851752256373}
{"epoch": 13, "train_mean_squared_relative_error": 0.02140746350330401, "wall_seconds": 462.36951203038916, "best_so_far": 0.14124851752256373}
{"epoch": 14, "train_mean_squared_relative_error": 0.01723612849541244, "wall_seconds": 494.8602221561596, "best_so_far": 0.14124851752256373}
{"epoch": 15, "train_mean_squared_relative_error": 0.01508037959308151, "wall_seconds": 527.3445691163652, "best_so_far": 0.13315566079851374}
{"epoch": 16, "train_mean_squared_relative_error": 0.01390450119851138, "wall_seconds": 560.4752946393564, "best_so_far": 0.13315566079851374}
{"epoch": 17, "train_mean_squared_relative_error": 0.012053241925964433, "wall_seconds": 592.926069966983, "best_so_far": 0.12951885411755462}
{"epoch": 18, "train_mean_squared_relative_error": 0.017358585916048747, "wall_seconds": 626.014076394029, "best_so_far": 0.12951885411755462}
{"epoch": 19, "train_mean_squared_relative_error": 0.013576335680095487, "wall_seconds": 658.4872995433398, "best_so_far": 0.12951885411755462}
{"epoch": 20, "train_mean_squared_relative_error": 0.013036300154702193, "wall_seconds": 690.9405561443418, "best_so_far": 0.12774829368111879}
{"epoch": 21, "train_mean_squared_relative_error": 0.013633510050948695, "wall_seconds": 724.0440413900651, "best_so_far": 0.12774829368111879}
{"epoch": 22, "train_mean_squared_relative_error": 0.01036661784757648, "wall_seconds": 756.5133972940966, "best_so_far": 0.11221352207794104}
{"epoch": 23, "train_mean_squared_relative_error": 0.008459164144125203, "wall_seconds": 789.6941450992599, "best_so_far": 0.10745940383819638}
{"epoch": 24, "train_mean_squared_relative_error": 0.006894626068996398, "wall_seconds": 822.7828627903946, "best_so_far": 0.10430727776343361}
{"epoch": 25, "train_mean_squared_relative_error": 0.007723293907313597, "wall_seconds": 856.0308587304316, "best_so_far": 0.10430727776343361}
{"epoch": 26, "train_mean_squared_relative_error": 0.00796968170596436, "wall_seconds": 888.5260602980852, "best_so_far": 0.10430727776343361}
{"epoch": 27, "train_mean_squared_relative_error": 0.008443094560279108, "wall_seconds": 921.2280062413774, "best_so_far": 0.10430727776343361}
{"epoch": 28, "train_mean_squared_relative_error": 0.008128554948508877, "wall_seconds": 953.6716828071512, "best_so_far": 0.10430727776343361}
{"epoch": 29, "train_mean_squared_relative_error": 0.008596933139572749, "wall_seconds": 986.1392818992026, "best_so_far": 0.10430727776343361}
{"epoch": 30, "train_mean_squared_relative_error": 0.007456310884420115, "wall_seconds": 1018.6047015101649, "best_so_far": 0.10149683431987423}
{"epoch": 31, "train_mean_squared_relative_error": 0.006461738668882748, "wall_seconds": 1051.6864511184394, "best_so_far": 0.10149683431987423}
{"epoch": 32, "train_mean_squared_relative_error": 0.00974189498158661, "wall_seconds": 1084.1733053931966, "best_so_far": 0.10149683431987423}
{"epoch": 33, "train_mean_squared_relative_error": 0.007468975207119151, "wall_seconds": 1116.6382976733148, "best_so_far": 0.10149683431987423}
{"epoch": 34, "train_mean_squared_relative_error": 0.006241351502762407, "wall_seconds": 1149.1201202874072, "best_so_far": 0.1005625049200485}
{"epoch": 35, "train_mean_squared_relative_error": 0.005118384619735671, "wall_seconds": 1182.2249239832163, "best_so_far": 0.08822633992355478}
{"epoch": 36, "train_mean_squared_relative_error": 0.007039251933441653, "wall_seconds": 1215.3527967841364, "best_so_far": 0.08822633992355478}
{"epoch": 37, "train_mean_squared_relative_error": 0.006844804118428934, "wall_seconds": 1247.8136620554142, "best_so_far": 0.08822633992355478}
{"epoch": 38, "train_mean_squared_relative_error": 0.004985018209751758, "wall_seconds": 1280.2896526283585, "best_so_far": 0.08565197427020022}
{"epoch": 39, "train_mean_squared_relative_error": 0.004897686650700779, "wall_seconds": 1313.3817486953922, "best_so_far": 0.08565197427020022}
{"epoch": 40, "train_mean_squared_relative_error": 0.005174440137219199, "wall_seconds": 1345.8550994819961, "best_so_far": 0.07665263300257422}
{"epoch": 41, "train_mean_squared_relative_error": 0.0058067714848380695, "wall_seconds": 1378.949417129159, "best_so_far": 0.07665263300257422}
{"epoch": 42, "train_mean_squared_relative_error": 0.004083254954742953, "wall_seconds": 1411.4251613412052, "best_so_far": 0.07665263300257422}
{"epoch": 43, "train_mean_squared_relative_error": 0.0044534028393454815, "wall_seconds": 1443.8914375221357, "best_so_far": 0.07665263300257422}
{"epoch": 44, "train_mean_squared_relative_error": 0.0047165804215556035, "wall_seconds": 1476.3755563711748, "best_so_far": 0.07665263300257422}
{"epoch": 45, "train_mean_squared_relative_error": 0.004364139216322838, "wall_seconds": 1508.8857291303575, "best_so_far": 0.07665263300257422}
{"epoch": 46, "train_mean_squared_relative_error": 0.003983539665014688, "wall_seconds": 1541.3582778950222, "best_so_far": 0.07212225371987795}
{"epoch": 47, "train_mean_squared_relative_error": 0.003636472695711137, "wall_seconds": 1574.474908129312, "best_so_far": 0.0720628823910479}
{"epoch": 48, "train_mean_squared_relative_error": 0.0036833058858987697, "wall_seconds": 1607.5304553913884, "best_so_far": 0.0720628823910479}
{"epoch": 49, "train_mean_squared_relative_error": 0.003853126016633769, "wall_seconds": 1640.0188317643479, "best_so_far": 0.0720628823910479}
{"epoch": 50, "train_mean_squared_relative_error": 0.0035662919336084827, "wall_seconds": 1672.5030401051044, "best_so_far": 0.0720628823910479}
{"epoch": 51, "train_mean_squared_relative_error": 0.004137711357669425, "wall_seconds": 1705.0380189390853, "best_so_far": 0.0720628823910479}
{"epoch": 52, "train_mean_squared_relative_error": 0.0045822881966535445, "wall_seconds": 1737.5279028750956, "best_so_far": 0.0720628823910479}
{"epoch": 53, "train_mean_squared_relative_error": 0.004445368633995359, "wall_seconds": 1769.9861077452078, "best_so_far": 0.0720628823910479}
{"epoch": 54, "train_mean_squared_relative_error": 0.0054991965938432814, "wall_seconds": 1802.462739448063, "best_so_far": 0.0720628823910479}
{"epoch": 55, "train_mean_squared_relative_error": 0.0042007038515458, "wall_seconds": 1834.9559514652938, "best_so_far": 0.0720628823910479}
{"epoch": 56, "train_mean_squared_relative_error": 0.004068183788752606, "wall_seconds": 1867.4665875742212, "best_so_far": 0.0720628823910479}
{"epoch": 57, "train_mean_squared_relative_error": 0.0045500240606427345, "wall_seconds": 1899.9579691602848, "best_so_far": 0.0720628823910479}
{"epoch": 58, "train_mean_squared_relative_error": 0.0042612547987138346, "wall_seconds": 1932.4448970174417, "best_so_far": 0.0720628823910479}
{"epoch": 59, "train_mean_squared_relative_error": 0.0045762028380527155, "wall_seconds": 1964.9271722333506, "best_so_far": 0.0720628823910479}
{"epoch": 60, "train_mean_squared_relative_error": 0.004183548451793061, "wall_seconds": 1997.3966515171342, "best_so_far": 0.0720628823910479}
{"epoch": 61, "train_mean_squared_relative_error": 0.003594923872444689, "wall_seconds": 2029.8793861363083, "best_so_far": 0.0720628823910479}
{"epoch": 62, "train_mean_squared_relative_error": 0.003318492441960449, "wall_seconds": 2062.414165662136, "best_so_far": 0.07156595593410131}
{"epoch": 63, "train_mean_squared_relative_error": 0.0027997345914715643, "wall_seconds": 2095.54277336644, "best_so_far": 0.06918315104264186}
{"epoch": 64, "train_mean_squared_relative_error": 0.0029515975452046313, "wall_seconds": 2128.6736714304425, "best_so_far": 0.06918315104264186}
{"epoch": 65, "train_mean_squared_relative_error": 0.002797759089223368, "wall_seconds": 2161.137337237131, "best_so_far": 0.06918315104264186}
{"epoch": 66, "train_mean_squared_relative_error": 0.0027046846153033787, "wall_seconds": 2193.6287285061553, "best_so_far": 0.06782936716215521}
{"epoch": 67, "train_mean_squared_relative_error": 0.0027952972872637696, "wall_seconds": 2226.7505040271208, "best_so_far": 0.0631097401416712}
{"epoch": 68, "train_mean_squared_relative_error": 0.0021637920723703154, "wall_seconds": 2259.862429731991, "best_so_far": 0.0630616153053343}
{"epoch": 69, "train_mean_squared_relative_error": 0.003070112295365772, "wall_seconds": 2293.0963890273124, "best_so_far": 0.0630616153053343}
{"epoch": 70, "train_mean_squared_relative_error": 0.003621898215930524, "wall_seconds": 2325.6215843413956, "best_so_far": 0.0630616153053343}
{"epoch": 71, "train_mean_squared_relative_error": 0.003299307747890638, "wall_seconds": 2358.186731011141, "best_so_far": 0.0630616153053343}
{"epoch": 72, "train_mean_squared_relative_error": 0.0037357964121028328, "wall_seconds": 2390.744246594142, "best_so_far": 0.0630616153053343}
{"epoch": 73, "train_mean_squared_relative_error": 0.0046868022410665455, "wall_seconds": 2423.301394191105, "best_so_far": 0.0630616153053343}
{"epoch": 74, "train_mean_squared_relative_error": 0.0036539040238391263, "wall_seconds": 2455.8546386552043, "best_so_far": 0.0630616153053343}
{"epoch": 75, "train_mean_squared_relative_error": 0.0028591782195358417, "wall_seconds": 2488.4119301270694, "best_so_far": 0.0630616153053343}
{"epoch": 76, "train_mean_squared_relative_error": 0.002455128508255355, "wall_seconds": 2520.975743016228, "best_so_far": 0.0630616153053343}
{"epoch": 77, "train_mean_squared_relative_error": 0.0030635329783550535, "wall_seconds": 2553.4742478081025, "best_so_far": 0.0630616153053343}
{"epoch": 78, "train_mean_squared_relative_error": 0.003060890512496944, "wall_seconds": 2585.9835655144416, "best_so_far": 0.06225154482617961}
{"epoch": 79, "train_mean_squared_relative_error": 0.0026361721610238726, "wall_seconds": 2619.1656348882243, "best_so_far": 0.06225154482617961}
{"epoch": 80, "train_mean_squared_relative_error": 0.002973124988356464, "wall_seconds": 2651.687050683424, "best_so_far": 0.06225154482617961}
{"epoch": 81, "train_mean_squared_relative_error": 0.002783190257664412, "wall_seconds": 2684.208960573189, "best_so_far": 0.06225154482617961}
{"epoch": 82, "train_mean_squared_relative_error": 0.0030859037488530014, "wall_seconds": 2716.7827333970927, "best_so_far": 0.06225154482617961}
{"epoch": 83, "train_mean_squared_relative_error": 0.002686404917825928, "wall_seconds": 2749.3338030441664, "best_so_far": 0.06225154482617961}
{"epoch": 84, "train_mean_squared_relative_error": 0.0024655454060020935, "wall_seconds": 2781.869868870359, "best_so_far": 0.06151294955948954}
{"epoch": 85, "train_mean_squared_relative_error": 0.001958814913364078, "wall_seconds": 2815.03241103841, "best_so_far": 0.05790829884666502}
{"epoch": 86, "train_mean_squared_relative_error": 0.002168755309857726, "wall_seconds": 2848.1860455190763, "best_so_far": 0.05790829884666502}
{"epoch": 87, "train_mean_squared_relative_error": 0.0021584194843701668, "wall_seconds": 2880.713374695275, "best_so_far": 0.05790829884666502}
{"epoch": 88, "train_mean_squared_relative_error": 0.001997044888851349, "wall_seconds": 2913.2213848433457, "best_so_far": 0.05790829884666502}
{"epoch": 89, "train_mean_squared_relative_error": 0.0022244569310139544, "wall_seconds": 2945.7155765700154, "best_so_far": 0.05790829884666502}
{"epoch": 90, "train_mean_squared_relative_error": 0.002739366170205432, "wall_seconds": 2978.227435448207, "best_so_far": 0.05790829884666502}
{"epoch": 91, "train_mean_squared_relative_error": 0.0028204221435131583, "wall_seconds": 3010.7375802714378, "best_so_far": 0.05790829884666502}
ARM {"arm": "unet-b64", "config": "inputs/opconfigs/unet-b64.json", "job_id": "4301751", "started_unix": 1790289422.876395, "ok": true, "epochs": 92, "stop_reason": "wall_budget", "validation_mean_case_max": 0.05790829884666502, "validation_worst_case_max": 0.14331021189022966, "micro_batch_final": 8, "best_checkpoint_sha256": "5c9a851742be6cccc93e6ec2357f4d69f9eff3344cd522af88d68191e2ce6916", "ended_unix": 1790292445.820147}
TRAIN_MEM FINISHED
run_exit=0
