./ckpt/variant.pkl: OK
./ckpt/control.pkl: OK
./code/nda_arch.py: OK
./code/nda_benchmark.py: OK
./run.sbatch: OK
./code/deps/multistage-precision/ms_parametric.py: OK
cell=nda_bbench_g160_r12 commit=e57d614091576ffb4ed42eb37304995c1c23ead5 host=pax008 gpu=NVIDIA H200
jax_backend=gpu
{
  "pde": "burgers",
  "backend": "gpu",
  "device": "cuda:0",
  "precision": "f64/highest",
  "reps": 9,
  "warm": 3,
  "burn_seconds": 1.0,
  "points": [
    256,
    1280,
    2560,
    4096,
    65536,
    262144
  ],
  "jac_points": [
    256,
    1280,
    2560,
    4096
  ],
  "models": {
    "control": {
      "path": "control.pkl",
      "sha256": "64c5252477bb32dc7e3eb6ef6eed2e58bcb7d98fadb24c98fc0855fce7b36e6e",
      "architecture": {
        "name": "film",
        "hidden": 256,
        "n_layers": 5,
        "z_ff": 0
      },
      "n_freq": 31,
      "k": 16,
      "n_params": 463425,
      "hard_bc": true
    },
    "variant": {
      "path": "variant.pkl",
      "sha256": "0f2b936db4391a47886ebf6f6df57f8ef9e3f19092b4e7dfcdc6a21fd9550e2f",
      "architecture": {
        "name": "groupfilm",
        "hidden": 160,
        "n_layers": 4,
        "group_size": 2,
        "film_start": 0,
        "z_width": 64,
        "residual_scale": 0.5773502691896258,
        "warp_max_shift": 0.15,
        "warp_max_log_scale": 0.25,
        "z_ff": 0
      },
      "n_freq": 31,
      "k": 16,
      "n_params": 140449,
      "hard_bc": true
    }
  },
  "timings": {
    "control": {
      "forward_p256": {
        "all_s": [
          0.00012258067727088928,
          0.00011956971138715744,
          0.00011620484292507172,
          0.0001164507120847702,
          0.00011646375060081482,
          0.00011461134999990463,
          0.00011384207755327225,
          0.00011561717838048935,
          0.00011497270315885544
        ],
        "median_s": 0.00011620484292507172,
        "mean_s": 0.0001167014448179139,
        "outliers_gt_1p5_median": 0
      },
      "forward_p1280": {
        "all_s": [
          0.00014415662735700607,
          0.00014059897512197495,
          0.00013973191380500793,
          0.00013986602425575256,
          0.00013937614858150482,
          0.00013748183846473694,
          0.00013939011842012405,
          0.00013694725930690765,
          0.00013920199126005173
        ],
        "median_s": 0.00013939011842012405,
        "mean_s": 0.00013963898850811852,
        "outliers_gt_1p5_median": 0
      },
      "forward_p2560": {
        "all_s": [
          0.00016938988119363785,
          0.00016712583601474762,
          0.00016897358000278473,
          0.00016495678573846817,
          0.0001647667959332466,
          0.00016795750707387924,
          0.00016432255506515503,
          0.00016504526138305664,
          0.00016620568931102753
        ],
        "median_s": 0.00016620568931102753,
        "mean_s": 0.00016652709907955595,
        "outliers_gt_1p5_median": 0
      },
      "forward_p4096": {
        "all_s": [
          0.0001920824870467186,
          0.00018932577222585678,
          0.00019153952598571777,
          0.00018744170665740967,
          0.00018767360597848892,
          0.00018814671784639359,
          0.00018784776329994202,
          0.0001895921304821968,
          0.00018740445375442505
        ],
        "median_s": 0.00018814671784639359,
        "mean_s": 0.00018900601814190546,
        "outliers_gt_1p5_median": 0
      },
      "forward_p65536": {
        "all_s": [
          0.001314396969974041,
          0.001315401867032051,
          0.0013184938579797745,
          0.001310388557612896,
          0.0013043228536844254,
          0.0013109799474477768,
          0.0013094143941998482,
          0.001306203193962574,
          0.0013183476403355598
        ],
        "median_s": 0.0013109799474477768,
        "mean_s": 0.0013119943646921052,
        "outliers_gt_1p5_median": 0
      },
      "forward_p262144": {
        "all_s": [
          0.004789498634636402,
          0.004790080711245537,
          0.004787301644682884,
          0.005585119128227234,
          0.004792827181518078,
          0.004786185920238495,
          0.004793597385287285,
          0.0047955019399523735,
          0.004888011142611504
        ],
        "median_s": 0.004792827181518078,
        "mean_s": 0.0048897915209333105,
        "outliers_gt_1p5_median": 0
      },
      "jacobian_p256": {
        "all_s": [
          0.00024254526942968369,
          0.00023837201297283173,
          0.0002401871606707573,
          0.00023616570979356766,
          0.00023717712610960007,
          0.00023571867495775223,
          0.00023715011775493622,
          0.00023559946566820145,
          0.00023494847118854523
        ],
        "median_s": 0.00023715011775493622,
        "mean_s": 0.00023754044539398618,
        "outliers_gt_1p5_median": 0
      },
      "jacobian_p1280": {
        "all_s": [
          0.0006549414247274399,
          0.0006543174386024475,
          0.0006592879071831703,
          0.0006518373265862465,
          0.0006451467052102089,
          0.00064823217689991,
          0.000660761259496212,
          0.0006459485739469528,
          0.0006470419466495514
        ],
        "median_s": 0.0006518373265862465,
        "mean_s": 0.0006519460843669043,
        "outliers_gt_1p5_median": 0
      },
      "jacobian_p2560": {
        "all_s": [
          0.001110878773033619,
          0.001107015646994114,
          0.0011043818667531013,
          0.0011190082877874374,
          0.0011034728959202766,
          0.0011133914813399315,
          0.0011064307764172554,
          0.0011122096329927444,
          0.0011086063459515572
        ],
        "median_s": 0.0011086063459515572,
        "mean_s": 0.001109488411910004,
        "outliers_gt_1p5_median": 0
      },
      "jacobian_p4096": {
        "all_s": [
          0.0016591157764196396,
          0.001650421880185604,
          0.0016517611220479012,
          0.0016586612910032272,
          0.0016614962369203568,
          0.001656295731663704,
          0.0016479818150401115,
          0.0016556940972805023,
          0.001651957631111145
        ],
        "median_s": 0.0016556940972805023,
        "mean_s": 0.001654820620185799,
        "outliers_gt_1p5_median": 0
      }
    },
    "variant": {
      "forward_p256": {
        "all_s": [
          0.00011099502444267273,
          0.00010720640420913696,
          0.00010947231203317642,
          0.00010758824646472931,
          0.00011003203690052032,
          0.000109158456325531,
          0.00010760687291622162,
          0.00010594353079795837,
          0.00010799523442983627
        ],
        "median_s": 0.00010799523442983627,
        "mean_s": 0.000108444235391087,
        "outliers_gt_1p5_median": 0
      },
      "forward_p1280": {
        "all_s": [
          0.00013047922402620316,
          0.00011740811169147491,
          0.00011592172086238861,
          0.00011643301695585251,
          0.00011522788554430008,
          0.00011655688285827637,
          0.00011479388922452927,
          0.00011488702148199081,
          0.00011629797518253326
        ],
        "median_s": 0.00011629797518253326,
        "mean_s": 0.00011755619198083878,
        "outliers_gt_1p5_median": 0
      },
      "forward_p2560": {
        "all_s": [
          0.00013417191803455353,
          0.00013244524598121643,
          0.00012901239097118378,
          0.00012990273535251617,
          0.000131300650537014,
          0.00013005640357732773,
          0.00012937095016241074,
          0.0001294175162911415,
          0.00012792367488145828
        ],
        "median_s": 0.00012990273535251617,
        "mean_s": 0.00013040016508764692,
        "outliers_gt_1p5_median": 0
      },
      "forward_p4096": {
        "all_s": [
          0.00014682207256555557,
          0.00014390423893928528,
          0.00014432240277528763,
          0.00014440715312957764,
          0.00014195870608091354,
          0.00014060735702514648,
          0.00014076102524995804,
          0.00014043506234884262,
          0.00014608632773160934
        ],
        "median_s": 0.00014390423893928528,
        "mean_s": 0.0001432560384273529,
        "outliers_gt_1p5_median": 0
      },
      "forward_p65536": {
        "all_s": [
          0.0007259901612997055,
          0.0007186662405729294,
          0.0007201675325632095,
          0.0007209843024611473,
          0.0007169852033257484,
          0.0007161833345890045,
          0.0007229680195450783,
          0.0007198788225650787,
          0.0007161125540733337
        ],
        "median_s": 0.0007198788225650787,
        "mean_s": 0.0007197706856661373,
        "outliers_gt_1p5_median": 0
      },
      "forward_p262144": {
        "all_s": [
          0.002473777160048485,
          0.002470356412231922,
          0.0024637049064040184,
          0.002462434582412243,
          0.0024732621386647224,
          0.0024661459028720856,
          0.002468762919306755,
          0.002475266344845295,
          0.0024744197726249695
        ],
        "median_s": 0.002470356412231922,
        "mean_s": 0.002469792237712277,
        "outliers_gt_1p5_median": 0
      },
      "jacobian_p256": {
        "all_s": [
          0.00016267970204353333,
          0.00015984848141670227,
          0.00016003847122192383,
          0.0001592487096786499,
          0.00015961937606334686,
          0.00015823915600776672,
          0.00015806034207344055,
          0.0001579737290740013,
          0.0001584850251674652
        ],
        "median_s": 0.0001592487096786499,
        "mean_s": 0.00015935477697187,
        "outliers_gt_1p5_median": 0
      },
      "jacobian_p1280": {
        "all_s": [
          0.00031943898648023605,
          0.0003250790759921074,
          0.00031449180096387863,
          0.00031418725848197937,
          0.0003158906474709511,
          0.00031116604804992676,
          0.00031466782093048096,
          0.0003108121454715729,
          0.00031175557523965836
        ],
        "median_s": 0.00031449180096387863,
        "mean_s": 0.0003152765954534213,
        "outliers_gt_1p5_median": 0
      },
      "jacobian_p2560": {
        "all_s": [
          0.0005379253998398781,
          0.0005386164411902428,
          0.0005369856953620911,
          0.0005284547805786133,
          0.0005389731377363205,
          0.0005327425897121429,
          0.0005354182794690132,
          0.0005463836714625359,
          0.0005379552021622658
        ],
        "median_s": 0.0005379253998398781,
        "mean_s": 0.0005370505775014559,
        "outliers_gt_1p5_median": 0
      },
      "jacobian_p4096": {
        "all_s": [
          0.0007913932204246521,
          0.0007958421483635902,
          0.0007878867909312248,
          0.0007853200659155846,
          0.0007872693240642548,
          0.0007848441600799561,
          0.0007856208831071854,
          0.0008004354313015938,
          0.000787876546382904
        ],
        "median_s": 0.000787876546382904,
        "mean_s": 0.0007896098411745495,
        "outliers_gt_1p5_median": 0
      }
    },
    "variant_cached": {
      "forward_p256": {
        "all_s": [
          0.00010645296424627304,
          0.0001035863533616066,
          0.00010047294199466705,
          0.00010129623115062714,
          0.00010041147470474243,
          9.95434820652008e-05,
          9.95611771941185e-05,
          0.00010137353092432022,
          0.00010273419320583344
        ],
        "median_s": 0.00010129623115062714,
        "mean_s": 0.00010171470542748769,
        "outliers_gt_1p5_median": 0
      },
      "jacobian_p256": {
        "all_s": [
          0.00016176700592041016,
          0.00015844963490962982,
          0.000158822163939476,
          0.0001552598550915718,
          0.00015685893595218658,
          0.0001554517075419426,
          0.00015466008335351944,
          0.00015730876475572586,
          0.00015506241470575333
        ],
        "median_s": 0.00015685893595218658,
        "mean_s": 0.00015707117401891283,
        "outliers_gt_1p5_median": 0
      },
      "forward_p1280": {
        "all_s": [
          0.00012142118066549301,
          0.00011135730892419815,
          0.00010808836668729782,
          0.00010852236300706863,
          0.00011481437832117081,
          0.00010801851749420166,
          0.00011399202048778534,
          0.0001133996993303299,
          9.984243661165237e-05
        ],
        "median_s": 0.00011135730892419815,
        "mean_s": 0.00011105069683657752,
        "outliers_gt_1p5_median": 0
      },
      "jacobian_p1280": {
        "all_s": [
          0.00031020957976579666,
          0.0003063315525650978,
          0.00030333828181028366,
          0.0003027701750397682,
          0.00030537135899066925,
          0.0003089951351284981,
          0.0003055473789572716,
          0.0003076186403632164,
          0.0003045089542865753
        ],
        "median_s": 0.0003055473789572716,
        "mean_s": 0.00030607678410079744,
        "outliers_gt_1p5_median": 0
      },
      "forward_p2560": {
        "all_s": [
          0.00012212898582220078,
          0.00011865794658660889,
          0.0001167934387922287,
          0.00011460110545158386,
          0.00011500343680381775,
          0.00011501368135213852,
          0.00011882651597261429,
          0.00011682789772748947,
          0.00011542625725269318
        ],
        "median_s": 0.0001167934387922287,
        "mean_s": 0.00011703102952904171,
        "outliers_gt_1p5_median": 0
      },
      "jacobian_p2560": {
        "all_s": [
          0.0005323132500052452,
          0.000527622178196907,
          0.0005300398916006088,
          0.0005260640755295753,
          0.0005268845707178116,
          0.0005283141508698463,
          0.0005305903032422066,
          0.000525057315826416,
          0.0005274610593914986
        ],
        "median_s": 0.000527622178196907,
        "mean_s": 0.000528260755042235,
        "outliers_gt_1p5_median": 0
      },
      "forward_p4096": {
        "all_s": [
          0.0001287553459405899,
          0.00012536998838186264,
          0.00012624170631170273,
          0.00012476276606321335,
          0.00012469850480556488,
          0.0001241937279701233,
          0.00012371595948934555,
          0.00012527499347925186,
          0.0001246696338057518
        ],
        "median_s": 0.00012476276606321335,
        "mean_s": 0.00012529806958304511,
        "outliers_gt_1p5_median": 0
      },
      "jacobian_p4096": {
        "all_s": [
          0.0007689893245697021,
          0.0007758140563964844,
          0.0007674656808376312,
          0.0007660714909434319,
          0.0007798336446285248,
          0.0007708417251706123,
          0.0007660090923309326,
          0.0007642777636647224,
          0.0007678242400288582
        ],
        "median_s": 0.0007678242400288582,
        "mean_s": 0.0007696807798412112,
        "outliers_gt_1p5_median": 0
      },
      "forward_p65536": {
        "all_s": [
          0.0005475077778100967,
          0.0005462616682052612,
          0.0005419626832008362,
          0.0005424944683909416,
          0.0005415882915258408,
          0.000543513335287571,
          0.0005448441952466965,
          0.0005430830642580986,
          0.0005429312586784363
        ],
        "median_s": 0.0005430830642580986,
        "mean_s": 0.0005437985269559755,
        "outliers_gt_1p5_median": 0
      },
      "forward_p262144": {
        "all_s": [
          0.0018127774819731712,
          0.0018102610483765602,
          0.0018171994015574455,
          0.0018044300377368927,
          0.0018124189227819443,
          0.0018132682889699936,
          0.0018124449998140335,
          0.0018148273229599,
          0.001809420995414257
        ],
        "median_s": 0.0018124449998140335,
        "mean_s": 0.0018118942777315776,
        "outliers_gt_1p5_median": 0
      }
    }
  },
  "checks": {
    "raw_vs_cached_max_relative": 2.4723306771022795e-16
  }
}
ALL-DONE
