source_commit=3f017cf92b191f605c08dc1c33d144d1d8f64f1d job_id=4141159
name, uuid, memory.total [MiB], driver_version
NVIDIA H200, GPU-fd4f0a46-c358-45d3-3aa1-bffac2aeb85e, 143771 MiB, 575.57.08
10.235.106.33:/projects/paralab  4.6T  4.2T  432G  91% /cluster/tufts/paralab
jax_backend=gpu
jax_backend=gpu x64=True precision=highest (varpro training)
POD modes 1536 dropped tail mean 9.239116047955626e-14 validation POD floor (worst) by rank {'128': 0.012769156667589836, '256': 0.0014250492188559566, '320': 0.0007018181798428977, '384': 0.0003806567163513632} seconds 19.84179633995518
BANK {'step': 2000, 'objective': -20.81049856974128, 'train_mean_sq': 7.58244471217624e-07, 'train_tail': 1.4605667516967107e-06, 'whitening': 0.10441790388137881, 'validation_projection_worst': 0.0028605885176147166, 'validation_projection_rms': 0.0009280457817122679, 'condition': 362.99189694194837, 'seconds': 63.91859337920323}
BANK {'step': 4000, 'objective': -21.6575099434829, 'train_mean_sq': 3.7834036667746673e-07, 'train_tail': 1.0780848818279698e-06, 'whitening': 0.12383629057306325, 'validation_projection_worst': 0.002482670274162125, 'validation_projection_rms': 0.0006764493481683831, 'condition': 544.513638661159, 'seconds': 95.91429976932704}
BANK {'step': 6000, 'objective': -22.43325155155735, 'train_mean_sq': 2.5643261976823543e-07, 'train_tail': 4.973483852672326e-07, 'whitening': 0.13588626267507553, 'validation_projection_worst': 0.001696693334445521, 'validation_projection_rms': 0.0005210034165537392, 'condition': 775.8605919152068, 'seconds': 127.91493241628632}
BANK {'step': 8000, 'objective': -22.766275875353067, 'train_mean_sq': 2.0466330468897268e-07, 'train_tail': 4.011051970762558e-07, 'whitening': 0.14480244814799648, 'validation_projection_worst': 0.0016739999317593969, 'validation_projection_rms': 0.00047146409166493356, 'condition': 1001.1314094651274, 'seconds': 159.91828689910471}
BANK {'step': 10000, 'objective': -22.14289826400541, 'train_mean_sq': 3.005868534919041e-07, 'train_tail': 6.469232836182511e-07, 'whitening': 0.14989177168935539, 'validation_projection_worst': 0.002342359251708954, 'validation_projection_rms': 0.000562441805134999, 'condition': 1226.6636163610942, 'seconds': 191.9243303379044}
BANK {'step': 12000, 'objective': -23.15193607824569, 'train_mean_sq': 1.567539427752239e-07, 'train_tail': 3.1616528121904287e-07, 'whitening': 0.15278536595427789, 'validation_projection_worst': 0.001956409283379516, 'validation_projection_rms': 0.00042186630965906577, 'condition': 1445.0326650067827, 'seconds': 223.93087619915605}
BANK {'step': 14000, 'objective': -23.602343758560846, 'train_mean_sq': 1.18821270567875e-07, 'train_tail': 2.2353316041477183e-07, 'whitening': 0.1546748756418912, 'validation_projection_worst': 0.0015630494369088237, 'validation_projection_rms': 0.0003681858953799283, 'condition': 1595.6574745972346, 'seconds': 255.93914470123127}
BANK {'step': 16000, 'objective': -23.291449343233, 'train_mean_sq': 1.1927696558009636e-07, 'train_tail': 4.130997886454523e-07, 'whitening': 0.1565901370084171, 'validation_projection_worst': 0.0017586011423132467, 'validation_projection_rms': 0.0003672143100259748, 'condition': 1800.8207477698668, 'seconds': 287.94543139403686}
BANK {'step': 18000, 'objective': -24.17486333105428, 'train_mean_sq': 7.60300040513014e-08, 'train_tail': 1.7372947652636548e-07, 'whitening': 0.1576934611649816, 'validation_projection_worst': 0.0013360090951485585, 'validation_projection_rms': 0.00030437530421998266, 'condition': 2003.9512389250954, 'seconds': 319.95245511690155}
BANK {'step': 20000, 'objective': -24.125847178520292, 'train_mean_sq': 7.599098650492765e-08, 'train_tail': 1.9181986650133283e-07, 'whitening': 0.1584740949673989, 'validation_projection_worst': 0.001294976962469398, 'validation_projection_rms': 0.0002982951173974254, 'condition': 2144.3393428024797, 'seconds': 351.9541263980791}
BANK {'step': 22000, 'objective': -24.660273795195547, 'train_mean_sq': 5.233805783355337e-08, 'train_tail': 1.3886252654080332e-07, 'whitening': 0.15895752537127442, 'validation_projection_worst': 0.0013263659572592293, 'validation_projection_rms': 0.00026245286129334035, 'condition': 2334.4158055342073, 'seconds': 383.95002142433077}
BANK {'step': 24000, 'objective': -24.843514849377854, 'train_mean_sq': 4.357163417074471e-08, 'train_tail': 1.388836092030799e-07, 'whitening': 0.15944057808721096, 'validation_projection_worst': 0.001379393155756906, 'validation_projection_rms': 0.0002481875124215899, 'condition': 2511.435040350896, 'seconds': 415.9223918840289}
BANK {'step': 26000, 'objective': -25.077794953962407, 'train_mean_sq': 3.848373886552273e-08, 'train_tail': 1.114322602404563e-07, 'whitening': 0.15957911366138922, 'validation_projection_worst': 0.0012299523994450325, 'validation_projection_rms': 0.00022975954471972655, 'condition': 2778.2021207845014, 'seconds': 447.8961848281324}
BANK {'step': 28000, 'objective': -25.06120053302771, 'train_mean_sq': 3.714753745271436e-08, 'train_tail': 1.2362871302459357e-07, 'whitening': 0.15932799329468836, 'validation_projection_worst': 0.00134971574303516, 'validation_projection_rms': 0.00023134149396269289, 'condition': 2961.0724993015288, 'seconds': 479.86055769305676}
BANK {'step': 30000, 'objective': -25.38559789490306, 'train_mean_sq': 3.194777185942416e-08, 'train_tail': 8.736361533598212e-08, 'whitening': 0.15897274365670916, 'validation_projection_worst': 0.0013482588602533735, 'validation_projection_rms': 0.00021400155935218175, 'condition': 3170.997492952983, 'seconds': 511.8273032400757}
BANK {'step': 32000, 'objective': -25.506109028227204, 'train_mean_sq': 2.653629273389008e-08, 'train_tail': 9.950767363036209e-08, 'whitening': 0.1590124809158559, 'validation_projection_worst': 0.0012286226196578263, 'validation_projection_rms': 0.00020399349996768617, 'condition': 3343.400930392552, 'seconds': 543.7935055033304}
BANK {'step': 34000, 'objective': -25.606760538792862, 'train_mean_sq': 2.4799590273145354e-08, 'train_tail': 9.315871553164947e-08, 'whitening': 0.1587562592646662, 'validation_projection_worst': 0.0012212936682924524, 'validation_projection_rms': 0.00019866467919329872, 'condition': 3461.2663872388466, 'seconds': 575.7616518442519}
BANK {'step': 36000, 'objective': -25.739150481928398, 'train_mean_sq': 2.3037251799502842e-08, 'train_tail': 8.284355047019128e-08, 'whitening': 0.15877682400831794, 'validation_projection_worst': 0.0013089809888604017, 'validation_projection_rms': 0.0001934047090734352, 'condition': 3522.4116638726355, 'seconds': 607.7287885779515}
BANK {'step': 38000, 'objective': -25.818421472882516, 'train_mean_sq': 2.2004443727785487e-08, 'train_tail': 7.748995279340613e-08, 'whitening': 0.1587186590632929, 'validation_projection_worst': 0.0012781525548090189, 'validation_projection_rms': 0.00019109958210230968, 'condition': 3550.883729608774, 'seconds': 639.6970274532214}
BANK {'step': 40000, 'objective': -25.779604143955442, 'train_mean_sq': 2.1721993984808503e-08, 'train_tail': 8.593758588714373e-08, 'whitening': 0.15867288617483294, 'validation_projection_worst': 0.0012560534031327564, 'validation_projection_rms': 0.00019048353372198287, 'condition': 3563.5658332892663, 'seconds': 671.665193432942}
BANK FLOORS [{"intervals": 64, "seed": 921777, "count": 256, "worst": 0.0012218870896113943, "worst_t0": 0.0012218870896113943, "rms": 0.0001995649747492117}, {"intervals": 128, "seed": 921777, "count": 256, "worst": 0.0012219264088669424, "worst_t0": 0.0012219264088669424, "rms": 0.0001999025697697922}]
