START train.py ['--config', 'config-confirmation.json', '--out', '../training']
DONE train.py ['--config', 'config-confirmation.json', '--out', '../training']
START operator_panel.py ['--config', 'config-confirmation.json', '--training', '../training', '--out', '../out/original', '--mode', 'train']
DONE operator_panel.py ['--config', 'config-confirmation.json', '--training', '../training', '--out', '../out/original', '--mode', 'train']
START operator_diagnostic.py ['--config', 'config-confirmation.json', '--training', '../training', '--out', '../out/original']
DONE operator_diagnostic.py ['--config', 'config-confirmation.json', '--training', '../training', '--out', '../out/original']
START reference_stream.py ['--config', 'config-confirmation.json', '--out', '../out/reference-profile']
DONE reference_stream.py ['--config', 'config-confirmation.json', '--out', '../out/reference-profile']
START operator_panel.py ['--config', PosixPath('../out/seed0-training-config.json'), '--training', PosixPath('../training'), '--out', PosixPath('../out/seed0'), '--mode', 'train']
DONE operator_panel.py ['--config', PosixPath('../out/seed0-training-config.json'), '--training', PosixPath('../training'), '--out', PosixPath('../out/seed0'), '--mode', 'train']
START operator_diagnostic.py ['--config', PosixPath('../out/seed0-training-config.json'), '--training', PosixPath('../training'), '--out', PosixPath('../out/seed0')]
DONE operator_diagnostic.py ['--config', PosixPath('../out/seed0-training-config.json'), '--training', PosixPath('../training'), '--out', PosixPath('../out/seed0')]
START train.py ['--config', PosixPath('../out/seed1-training-config.json'), '--out', PosixPath('../training/seed1')]
DONE train.py ['--config', PosixPath('../out/seed1-training-config.json'), '--out', PosixPath('../training/seed1')]
START operator_panel.py ['--config', PosixPath('../out/seed1-training-config.json'), '--training', PosixPath('../training/seed1'), '--out', PosixPath('../out/seed1'), '--mode', 'train']
DONE operator_panel.py ['--config', PosixPath('../out/seed1-training-config.json'), '--training', PosixPath('../training/seed1'), '--out', PosixPath('../out/seed1'), '--mode', 'train']
START operator_diagnostic.py ['--config', PosixPath('../out/seed1-training-config.json'), '--training', PosixPath('../training/seed1'), '--out', PosixPath('../out/seed1')]
DONE operator_diagnostic.py ['--config', PosixPath('../out/seed1-training-config.json'), '--training', PosixPath('../training/seed1'), '--out', PosixPath('../out/seed1')]
START run.py ['--config', PosixPath('../out/seed0-panel-config.json'), '--checkpoint', PosixPath('../training/checkpoint.pkl'), '--out', PosixPath('../out/seed0')]
DONE run.py ['--config', PosixPath('../out/seed0-panel-config.json'), '--checkpoint', PosixPath('../training/checkpoint.pkl'), '--out', PosixPath('../out/seed0')]
START operator_panel.py ['--config', PosixPath('../out/seed0-panel-config.json'), '--training', PosixPath('../training'), '--out', PosixPath('../out/seed0'), '--mode', 'evaluate']
DONE operator_panel.py ['--config', PosixPath('../out/seed0-panel-config.json'), '--training', PosixPath('../training'), '--out', PosixPath('../out/seed0'), '--mode', 'evaluate']
START audit.py [PosixPath('../out/seed0'), '--checkpoint', PosixPath('../training/checkpoint.pkl')]
DONE audit.py [PosixPath('../out/seed0'), '--checkpoint', PosixPath('../training/checkpoint.pkl')]
START run.py ['--config', PosixPath('../out/seed1-panel-config.json'), '--checkpoint', PosixPath('../training/seed1/checkpoint.pkl'), '--out', PosixPath('../out/seed1')]
DONE run.py ['--config', PosixPath('../out/seed1-panel-config.json'), '--checkpoint', PosixPath('../training/seed1/checkpoint.pkl'), '--out', PosixPath('../out/seed1')]
START operator_panel.py ['--config', PosixPath('../out/seed1-panel-config.json'), '--training', PosixPath('../training/seed1'), '--out', PosixPath('../out/seed1'), '--mode', 'evaluate']
DONE operator_panel.py ['--config', PosixPath('../out/seed1-panel-config.json'), '--training', PosixPath('../training/seed1'), '--out', PosixPath('../out/seed1'), '--mode', 'evaluate']
START audit.py [PosixPath('../out/seed1'), '--checkpoint', PosixPath('../training/seed1/checkpoint.pkl')]
DONE audit.py [PosixPath('../out/seed1'), '--checkpoint', PosixPath('../training/seed1/checkpoint.pkl')]
