OPERATOR TIMING fno3d 15 0 5.599658004939556 0.011471660874813237
OPERATOR TIMING fno3d 15 1 5.755712045356631 0.011471660874813237
OPERATOR TIMING fno3d 15 2 6.041488843038678 0.011471660874813237
OPERATOR TIMING fno3d 10 0 6.204752949997783 0.017646943393710188
OPERATOR TIMING fno3d 10 1 6.053660064935684 0.017646943393710188
OPERATOR TIMING fno3d 10 2 5.7648830115795135 0.017646943393710188
OPERATOR TIMING fno3d 6 0 5.924088880419731 0.009359993142163322
OPERATOR TIMING fno3d 6 1 6.074609002098441 0.009359993142163322
OPERATOR TIMING fno3d 6 2 5.916505120694637 0.009359993142163322
OPERATOR TIMING fno3d 11 0 6.259685847908258 0.02011695690330362
OPERATOR TIMING fno3d 11 1 6.44530588760972 0.02011695690330362
OPERATOR TIMING fno3d 11 2 5.80194010399282 0.02011695690330362
OPERATOR TIMING fno3d 14 0 5.967675009742379 0.011325392071685467
OPERATOR TIMING fno3d 14 1 5.9707018081098795 0.011325392071685467
OPERATOR TIMING fno3d 14 2 6.357159931212664 0.011325392071685467
OPERATOR TIMING fno3d 9 0 6.40558497980237 0.016378476878738245
OPERATOR TIMING fno3d 9 1 6.527387071400881 0.016378476878738245
OPERATOR TIMING fno3d 9 2 5.88727998547256 0.016378476878738245
OPERATOR TIMING fno3d 12 0 5.892944987863302 0.0070090633335164534
OPERATOR TIMING fno3d 12 1 6.203472847118974 0.0070090633335164534
OPERATOR TIMING fno3d 12 2 6.330185104161501 0.0070090633335164534
OPERATOR TIMING fno3d 0 0 6.121412850916386 0.019119636460182603
OPERATOR TIMING fno3d 0 1 6.0279760509729385 0.019119636460182603
OPERATOR TIMING fno3d 0 2 5.965579999610782 0.019119636460182603
OPERATOR TIMING fno3d 3 0 6.184709956869483 0.01808494126097495
OPERATOR TIMING fno3d 3 1 6.256662076339126 0.01808494126097495
OPERATOR TIMING fno3d 3 2 6.3735018484294415 0.01808494126097495
OPERATOR TIMING fno3d 13 0 6.570280995219946 0.02469130099202376
OPERATOR TIMING fno3d 13 1 5.794567056000233 0.02469130099202376
OPERATOR TIMING fno3d 13 2 6.028374889865518 0.02469130099202376
OPERATOR TIMING fno3d 5 0 6.23130495660007 0.019596816200734522
OPERATOR TIMING fno3d 5 1 6.304614944383502 0.019596816200734522
OPERATOR TIMING fno3d 5 2 6.494041066616774 0.019596816200734522
OPERATOR TIMING fno3d 7 0 6.114733871072531 0.012329804923962188
OPERATOR TIMING fno3d 7 1 5.771321011707187 0.012329804923962188
OPERATOR TIMING fno3d 7 2 5.990277044475079 0.012329804923962188
OPERATOR TIMING fno3d 2 0 6.125893909484148 0.017356448443545433
OPERATOR TIMING fno3d 2 1 6.03921408765018 0.017356448443545433
OPERATOR TIMING fno3d 2 2 6.464537000283599 0.017356448443545433
OPERATOR TIMING fno3d 4 0 5.901777185499668 0.013559124163908864
OPERATOR TIMING fno3d 4 1 5.905180936679244 0.013559124163908864
OPERATOR TIMING fno3d 4 2 6.108728935942054 0.013559124163908864
OPERATOR TIMING fno3d 8 0 5.816636839881539 0.014995140952786843
OPERATOR TIMING fno3d 8 1 6.1148409731686115 0.014995140952786843
OPERATOR TIMING fno3d 8 2 6.3142969738692045 0.014995140952786843
OPERATOR TIMING fno3d 1 0 5.673763109371066 0.013760399286441996
OPERATOR TIMING fno3d 1 1 5.9318270068615675 0.013760399286441996
OPERATOR TIMING fno3d 1 2 6.274990038946271 0.013760399286441996
OPERATOR TIMING unet3d 6 0 1.9268060568720102 0.009494421904141894
OPERATOR TIMING unet3d 6 1 1.8602609634399414 0.009494421904141894
OPERATOR TIMING unet3d 6 2 2.186506986618042 0.009494421904141894
OPERATOR TIMING unet3d 9 0 2.1999930031597614 0.01570402447244539
OPERATOR TIMING unet3d 9 1 2.2334521636366844 0.01570402447244539
OPERATOR TIMING unet3d 9 2 2.3491319734603167 0.01570402447244539
OPERATOR TIMING unet3d 0 0 2.268715063109994 0.014822199305092492
OPERATOR TIMING unet3d 0 1 1.943028997629881 0.014822199305092492
OPERATOR TIMING unet3d 0 2 1.849998952820897 0.014822199305092492
OPERATOR TIMING unet3d 12 0 2.5651981122791767 0.008917529348134088
OPERATOR TIMING unet3d 12 1 2.3026838898658752 0.008917529348134088
OPERATOR TIMING unet3d 12 2 2.3460611701011658 0.008917529348134088
OPERATOR TIMING unet3d 3 0 2.408267930150032 0.01755164276387995
OPERATOR TIMING unet3d 3 1 1.8718051724135876 0.01755164276387995
OPERATOR TIMING unet3d 3 2 2.0851721055805683 0.01755164276387995
OPERATOR TIMING unet3d 10 0 2.2855729330331087 0.017649623262545495
OPERATOR TIMING unet3d 10 1 2.308652037754655 0.017649623262545495
OPERATOR TIMING unet3d 10 2 2.3036680649966 0.017649623262545495
OPERATOR TIMING unet3d 4 0 1.781534869223833 0.01525828732965983
OPERATOR TIMING unet3d 4 1 2.1560571622103453 0.01525828732965983
OPERATOR TIMING unet3d 4 2 2.245767042040825 0.01525828732965983
OPERATOR TIMING unet3d 8 0 2.3395060561597347 0.015370958488289087
OPERATOR TIMING unet3d 8 1 2.389786997810006 0.015370958488289087
OPERATOR TIMING unet3d 8 2 2.1059270948171616 0.015370958488289087
OPERATOR TIMING unet3d 15 0 1.9559809006750584 0.014116121861452993
OPERATOR TIMING unet3d 15 1 1.8684810493141413 0.014116121861452993
OPERATOR TIMING unet3d 15 2 1.9212719053030014 0.014116121861452993
OPERATOR TIMING unet3d 13 0 2.2254260256886482 0.0235417845519564
OPERATOR TIMING unet3d 13 1 2.2433858830481768 0.0235417845519564
OPERATOR TIMING unet3d 13 2 2.4856640957295895 0.0235417845519564
OPERATOR TIMING unet3d 1 0 1.9049379043281078 0.014025717218593204
OPERATOR TIMING unet3d 1 1 1.8979159649461508 0.014025717218593204
OPERATOR TIMING unet3d 1 2 1.851120963692665 0.014025717218593204
OPERATOR TIMING unet3d 5 0 2.2610840387642384 0.01626184850995661
OPERATOR TIMING unet3d 5 1 2.2645301651209593 0.01626184850995661
OPERATOR TIMING unet3d 5 2 2.1658209152519703 0.01626184850995661
OPERATOR TIMING unet3d 2 0 2.0948247984051704 0.018635964338272592
OPERATOR TIMING unet3d 2 1 1.822801074013114 0.018635964338272592
OPERATOR TIMING unet3d 2 2 2.150480169802904 0.018635964338272592
OPERATOR TIMING unet3d 14 0 2.6535221841186285 0.014296931363472685
OPERATOR TIMING unet3d 14 1 2.3470891173928976 0.014296931363472685
OPERATOR TIMING unet3d 14 2 1.8547121435403824 0.014296931363472685
OPERATOR TIMING unet3d 7 0 1.909069949761033 0.015284917625095876
OPERATOR TIMING unet3d 7 1 2.1226529497653246 0.015284917625095876
OPERATOR TIMING unet3d 7 2 1.888353144749999 0.015284917625095876
OPERATOR TIMING unet3d 11 0 2.400944009423256 0.022384067917298796
OPERATOR TIMING unet3d 11 1 2.5808289647102356 0.022384067917298796
OPERATOR TIMING unet3d 11 2 2.0056599751114845 0.022384067917298796
OPERATOR TIMING deeponet3d 15 0 2.4262769147753716 0.0872424635328962
OPERATOR TIMING deeponet3d 15 1 2.518900204449892 0.0872424635328962
OPERATOR TIMING deeponet3d 15 2 2.536915009841323 0.0872424635328962
OPERATOR TIMING deeponet3d 5 0 2.5934039149433374 0.07893991641971154
OPERATOR TIMING deeponet3d 5 1 2.671679016202688 0.07893991641971154
OPERATOR TIMING deeponet3d 5 2 2.768656937405467 0.07893991641971154
OPERATOR TIMING deeponet3d 8 0 2.8468919917941093 0.12127461801667842
OPERATOR TIMING deeponet3d 8 1 2.1609009709209204 0.12127461801667842
OPERATOR TIMING deeponet3d 8 2 2.4131459649652243 0.12127461801667842
OPERATOR TIMING deeponet3d 3 0 2.7307039126753807 0.05780733614651479
OPERATOR TIMING deeponet3d 3 1 2.823048969730735 0.05780733614651479
OPERATOR TIMING deeponet3d 3 2 2.9056931380182505 0.05780733614651479
OPERATOR TIMING deeponet3d 0 0 3.0838281381875277 0.10923719514673057
OPERATOR TIMING deeponet3d 0 1 2.2336081601679325 0.10923719514673057
OPERATOR TIMING deeponet3d 0 2 2.5174468755722046 0.10923719514673057
OPERATOR TIMING deeponet3d 1 0 2.570867072790861 0.03917469537141824
OPERATOR TIMING deeponet3d 1 1 2.7463450096547604 0.03917469537141824
OPERATOR TIMING deeponet3d 1 2 3.004112048074603 0.03917469537141824
OPERATOR TIMING deeponet3d 7 0 2.465202007442713 0.05254091148100427
OPERATOR TIMING deeponet3d 7 1 2.2716810926795006 0.05254091148100427
OPERATOR TIMING deeponet3d 7 2 2.5872120168060064 0.05254091148100427
OPERATOR TIMING deeponet3d 9 0 2.6636880356818438 0.1078979689579205
OPERATOR TIMING deeponet3d 9 1 2.742077922448516 0.1078979689579205
OPERATOR TIMING deeponet3d 9 2 2.7628280222415924 0.1078979689579205
OPERATOR TIMING deeponet3d 14 0 2.525107003748417 0.08401764476916534
OPERATOR TIMING deeponet3d 14 1 2.5998991914093494 0.08401764476916534
OPERATOR TIMING deeponet3d 14 2 2.696752082556486 0.08401764476916534
OPERATOR TIMING deeponet3d 12 0 2.744009019806981 0.04125892794636093
OPERATOR TIMING deeponet3d 12 1 2.9312509577721357 0.04125892794636093
OPERATOR TIMING deeponet3d 12 2 2.3604680318385363 0.04125892794636093
OPERATOR TIMING deeponet3d 2 0 2.253820886835456 0.13880042620263605
OPERATOR TIMING deeponet3d 2 1 2.4585521314293146 0.13880042620263605
OPERATOR TIMING deeponet3d 2 2 2.466548001393676 0.13880042620263605
OPERATOR TIMING deeponet3d 4 0 2.660176018252969 0.07239035525086766
OPERATOR TIMING deeponet3d 4 1 2.8368919156491756 0.07239035525086766
OPERATOR TIMING deeponet3d 4 2 2.863785019144416 0.07239035525086766
OPERATOR TIMING deeponet3d 6 0 2.2475039586424828 0.03892581516142987
OPERATOR TIMING deeponet3d 6 1 2.6202271692454815 0.03892581516142987
OPERATOR TIMING deeponet3d 6 2 2.607060829177499 0.03892581516142987
OPERATOR TIMING deeponet3d 13 0 2.498638117685914 0.07361532008092947
OPERATOR TIMING deeponet3d 13 1 2.8587738052010536 0.07361532008092947
OPERATOR TIMING deeponet3d 13 2 2.178535098209977 0.07361532008092947
OPERATOR TIMING deeponet3d 10 0 2.3318431340157986 0.049096467802388744
OPERATOR TIMING deeponet3d 10 1 2.6943611446768045 0.049096467802388744
OPERATOR TIMING deeponet3d 10 2 2.853815909475088 0.049096467802388744
OPERATOR TIMING deeponet3d 11 0 2.818073146045208 0.1136155259584372
OPERATOR TIMING deeponet3d 11 1 2.815298968926072 0.1136155259584372
OPERATOR TIMING deeponet3d 11 2 2.3157710675150156 0.1136155259584372
OPERATOR TIMING transolver3d 7 0 3.1780139543116093 0.013133716626993095
OPERATOR TIMING transolver3d 7 1 3.4723710268735886 0.013133716626993095
OPERATOR TIMING transolver3d 7 2 3.211033996194601 0.013133716626993095
OPERATOR TIMING transolver3d 11 0 3.560021985322237 0.019029471873812882
OPERATOR TIMING transolver3d 11 1 3.735822159796953 0.019029471873812882
OPERATOR TIMING transolver3d 11 2 3.829467110335827 0.019029471873812882
OPERATOR TIMING transolver3d 3 0 3.1743140425533056 0.0146981502379242
OPERATOR TIMING transolver3d 3 1 3.2275659032166004 0.0146981502379242
OPERATOR TIMING transolver3d 3 2 3.668848192319274 0.0146981502379242
OPERATOR TIMING transolver3d 4 0 3.734356025233865 0.014656639877265992
OPERATOR TIMING transolver3d 4 1 3.744813147932291 0.014656639877265992
OPERATOR TIMING transolver3d 4 2 3.9354439359158278 0.014656639877265992
OPERATOR TIMING transolver3d 15 0 3.2258809078484774 0.015963505669196125
OPERATOR TIMING transolver3d 15 1 3.896361915394664 0.015963505669196125
OPERATOR TIMING transolver3d 15 2 3.559598932042718 0.015963505669196125
OPERATOR TIMING transolver3d 0 0 3.8567879237234592 0.01716318733810451
OPERATOR TIMING transolver3d 0 1 3.9009389001876116 0.01716318733810451
OPERATOR TIMING transolver3d 0 2 3.076036926358938 0.01716318733810451
OPERATOR TIMING transolver3d 14 0 3.2131869811564684 0.013392077845379057
OPERATOR TIMING transolver3d 14 1 3.4418480936437845 0.013392077845379057
OPERATOR TIMING transolver3d 14 2 3.7086019292473793 0.013392077845379057
OPERATOR TIMING transolver3d 12 0 3.732621204108 0.009601536017998406
OPERATOR TIMING transolver3d 12 1 3.594724927097559 0.009601536017998406
OPERATOR TIMING transolver3d 12 2 3.276093862950802 0.009601536017998406
OPERATOR TIMING transolver3d 10 0 3.5458269994705915 0.015113193804767468
OPERATOR TIMING transolver3d 10 1 3.344014985486865 0.015113193804767468
OPERATOR TIMING transolver3d 10 2 3.6028679460287094 0.015113193804767468
OPERATOR TIMING transolver3d 13 0 3.900951938703656 0.025350519788836293
OPERATOR TIMING transolver3d 13 1 3.6175381392240524 0.025350519788836293
OPERATOR TIMING transolver3d 13 2 3.123939037322998 0.025350519788836293
OPERATOR TIMING transolver3d 2 0 3.4243471454828978 0.017698149953343668
OPERATOR TIMING transolver3d 2 1 3.552644047886133 0.017698149953343668
OPERATOR TIMING transolver3d 2 2 3.789540147408843 0.017698149953343668
OPERATOR TIMING transolver3d 6 0 3.7936691660434008 0.011799558254368875
OPERATOR TIMING transolver3d 6 1 3.24858701787889 0.011799558254368875
OPERATOR TIMING transolver3d 6 2 3.158807987347245 0.011799558254368875
OPERATOR TIMING transolver3d 1 0 3.628344973549247 0.012486512462898593
OPERATOR TIMING transolver3d 1 1 3.7772199138998985 0.012486512462898593
OPERATOR TIMING transolver3d 1 2 3.19845718331635 0.012486512462898593
OPERATOR TIMING transolver3d 8 0 3.8218251429498196 0.01690112252085898
OPERATOR TIMING transolver3d 8 1 3.2476671040058136 0.01690112252085898
OPERATOR TIMING transolver3d 8 2 3.205787856131792 0.01690112252085898
OPERATOR TIMING transolver3d 9 0 3.550443099811673 0.019449235526970865
OPERATOR TIMING transolver3d 9 1 3.543259110301733 0.019449235526970865
OPERATOR TIMING transolver3d 9 2 3.962406888604164 0.019449235526970865
OPERATOR TIMING transolver3d 5 0 4.019575193524361 0.026686865506907295
OPERATOR TIMING transolver3d 5 1 3.1977840699255466 0.026686865506907295
OPERATOR TIMING transolver3d 5 2 3.5390749108046293 0.026686865506907295
