OPERATOR TIMING fno3d 15 0 5.586483981460333 0.013304825711798833
OPERATOR TIMING fno3d 15 1 5.79649698920548 0.013304825711798833
OPERATOR TIMING fno3d 15 2 6.021373905241489 0.013304825711798833
OPERATOR TIMING fno3d 10 0 6.121159065514803 0.018762126127734712
OPERATOR TIMING fno3d 10 1 6.2449779361486435 0.018762126127734712
OPERATOR TIMING fno3d 10 2 6.051796954125166 0.018762126127734712
OPERATOR TIMING fno3d 6 0 6.038211984559894 0.009246993581576367
OPERATOR TIMING fno3d 6 1 6.0271210968494415 0.009246993581576367
OPERATOR TIMING fno3d 6 2 6.07848702929914 0.009246993581576367
OPERATOR TIMING fno3d 11 0 6.368245929479599 0.02119501847322986
OPERATOR TIMING fno3d 11 1 6.6173921804875135 0.02119501847322986
OPERATOR TIMING fno3d 11 2 5.6627849116921425 0.02119501847322986
OPERATOR TIMING fno3d 14 0 5.7910659816116095 0.012546237743334307
OPERATOR TIMING fno3d 14 1 6.285709096118808 0.012546237743334307
OPERATOR TIMING fno3d 14 2 6.3613050151616335 0.012546237743334307
OPERATOR TIMING fno3d 9 0 6.377501180395484 0.015898572001437117
OPERATOR TIMING fno3d 9 1 6.575071020051837 0.015898572001437117
OPERATOR TIMING fno3d 9 2 5.719035165384412 0.015898572001437117
OPERATOR TIMING fno3d 12 0 5.886270897462964 0.009840509163902179
OPERATOR TIMING fno3d 12 1 6.355347810313106 0.009840509163902179
OPERATOR TIMING fno3d 12 2 6.417618133127689 0.009840509163902179
OPERATOR TIMING fno3d 0 0 5.791619187220931 0.017300396751979755
OPERATOR TIMING fno3d 0 1 5.684256087988615 0.017300396751979755
OPERATOR TIMING fno3d 0 2 6.02622888982296 0.017300396751979755
OPERATOR TIMING fno3d 3 0 5.892162909731269 0.019979193614205998
OPERATOR TIMING fno3d 3 1 6.047896109521389 0.019979193614205998
OPERATOR TIMING fno3d 3 2 6.046358961611986 0.019979193614205998
OPERATOR TIMING fno3d 13 0 6.200578995049 0.02499540991317356
OPERATOR TIMING fno3d 13 1 6.023953901603818 0.02499540991317356
OPERATOR TIMING fno3d 13 2 6.095248972997069 0.02499540991317356
OPERATOR TIMING fno3d 5 0 5.995952989906073 0.019503786906315018
OPERATOR TIMING fno3d 5 1 6.290301913395524 0.019503786906315018
OPERATOR TIMING fno3d 5 2 6.507348036393523 0.019503786906315018
OPERATOR TIMING fno3d 7 0 6.438451120629907 0.013075250127198628
OPERATOR TIMING fno3d 7 1 5.777284968644381 0.013075250127198628
OPERATOR TIMING fno3d 7 2 5.885397084057331 0.013075250127198628
OPERATOR TIMING fno3d 2 0 6.193369859829545 0.01734774289606002
OPERATOR TIMING fno3d 2 1 6.319831823930144 0.01734774289606002
OPERATOR TIMING fno3d 2 2 6.436921888962388 0.01734774289606002
OPERATOR TIMING fno3d 4 0 6.489936960861087 0.013871090546324837
OPERATOR TIMING fno3d 4 1 5.712858866900206 0.013871090546324837
OPERATOR TIMING fno3d 4 2 5.66864712163806 0.013871090546324837
OPERATOR TIMING fno3d 8 0 6.248845020309091 0.01911730276377115
OPERATOR TIMING fno3d 8 1 6.299606058746576 0.01911730276377115
OPERATOR TIMING fno3d 8 2 6.154963979497552 0.01911730276377115
OPERATOR TIMING fno3d 1 0 5.967817036435008 0.015524675566567812
OPERATOR TIMING fno3d 1 1 6.0500348918139935 0.015524675566567812
OPERATOR TIMING fno3d 1 2 6.214478053152561 0.015524675566567812
OPERATOR TIMING unet3d 6 0 1.889524981379509 0.01140177106119667
OPERATOR TIMING unet3d 6 1 2.1005740854889154 0.01140177106119667
OPERATOR TIMING unet3d 6 2 2.2548330016434193 0.01140177106119667
OPERATOR TIMING unet3d 9 0 2.2177500650286674 0.017557933380210236
OPERATOR TIMING unet3d 9 1 2.1918751299381256 0.017557933380210236
OPERATOR TIMING unet3d 9 2 2.3503799457103014 0.017557933380210236
OPERATOR TIMING unet3d 0 0 2.417986048385501 0.016352453386319063
OPERATOR TIMING unet3d 0 1 1.8672109581530094 0.016352453386319063
OPERATOR TIMING unet3d 0 2 2.063484163954854 0.016352453386319063
OPERATOR TIMING unet3d 12 0 2.159789903089404 0.010468701691285436
OPERATOR TIMING unet3d 12 1 2.2162271197885275 0.010468701691285436
OPERATOR TIMING unet3d 12 2 2.2433819249272346 0.010468701691285436
OPERATOR TIMING unet3d 3 0 2.3255550768226385 0.019129032996640885
OPERATOR TIMING unet3d 3 1 1.8201798666268587 0.019129032996640885
OPERATOR TIMING unet3d 3 2 1.8287929706275463 0.019129032996640885
OPERATOR TIMING unet3d 10 0 1.9177098292857409 0.019080457442309955
OPERATOR TIMING unet3d 10 1 2.160636940971017 0.019080457442309955
OPERATOR TIMING unet3d 10 2 2.3670820519328117 0.019080457442309955
OPERATOR TIMING unet3d 4 0 2.263456117361784 0.015048401316983614
OPERATOR TIMING unet3d 4 1 1.8669480923563242 0.015048401316983614
OPERATOR TIMING unet3d 4 2 1.8387038726359606 0.015048401316983614
OPERATOR TIMING unet3d 8 0 1.9449370447546244 0.016169694072794404
OPERATOR TIMING unet3d 8 1 2.1952339448034763 0.016169694072794404
OPERATOR TIMING unet3d 8 2 2.133381087332964 0.016169694072794404
OPERATOR TIMING unet3d 15 0 2.178593073040247 0.013731582941583668
OPERATOR TIMING unet3d 15 1 2.24487017840147 0.013731582941583668
OPERATOR TIMING unet3d 15 2 2.3199189454317093 0.013731582941583668
OPERATOR TIMING unet3d 13 0 2.2963089868426323 0.026574527172689197
OPERATOR TIMING unet3d 13 1 2.479954157024622 0.026574527172689197
OPERATOR TIMING unet3d 13 2 2.453970955684781 0.026574527172689197
OPERATOR TIMING unet3d 1 0 1.845404040068388 0.014829449247724565
OPERATOR TIMING unet3d 1 1 1.8832269124686718 0.014829449247724565
OPERATOR TIMING unet3d 1 2 2.170256106182933 0.014829449247724565
OPERATOR TIMING unet3d 5 0 1.9345390610396862 0.01643540104475815
OPERATOR TIMING unet3d 5 1 2.44518811814487 0.01643540104475815
OPERATOR TIMING unet3d 5 2 2.2988109849393368 0.01643540104475815
OPERATOR TIMING unet3d 2 0 1.8307678401470184 0.018855493631238
OPERATOR TIMING unet3d 2 1 1.815736060962081 0.018855493631238
OPERATOR TIMING unet3d 2 2 2.4768710136413574 0.018855493631238
OPERATOR TIMING unet3d 14 0 2.1668460685759783 0.014067106831076367
OPERATOR TIMING unet3d 14 1 2.146276878193021 0.014067106831076367
OPERATOR TIMING unet3d 14 2 2.342183142900467 0.014067106831076367
OPERATOR TIMING unet3d 7 0 1.943445997312665 0.016126117923795664
OPERATOR TIMING unet3d 7 1 1.8564099445939064 0.016126117923795664
OPERATOR TIMING unet3d 7 2 2.2136950865387917 0.016126117923795664
OPERATOR TIMING unet3d 11 0 2.194381784647703 0.021437555302876627
OPERATOR TIMING unet3d 11 1 2.4429771583527327 0.021437555302876627
OPERATOR TIMING unet3d 11 2 1.8824981525540352 0.021437555302876627
OPERATOR TIMING deeponet3d 15 0 2.5340442080050707 0.07234802771122174
OPERATOR TIMING deeponet3d 15 1 2.5646628346294165 0.07234802771122174
OPERATOR TIMING deeponet3d 15 2 2.658251905813813 0.07234802771122174
OPERATOR TIMING deeponet3d 5 0 2.549941884353757 0.06580946163748407
OPERATOR TIMING deeponet3d 5 1 2.6074969209730625 0.06580946163748407
OPERATOR TIMING deeponet3d 5 2 2.6330959517508745 0.06580946163748407
OPERATOR TIMING deeponet3d 8 0 2.6411290746182203 0.12618489797767038
OPERATOR TIMING deeponet3d 8 1 2.646172884851694 0.12618489797767038
OPERATOR TIMING deeponet3d 8 2 2.557584084570408 0.12618489797767038
OPERATOR TIMING deeponet3d 3 0 2.5761628057807684 0.04100458246276535
OPERATOR TIMING deeponet3d 3 1 2.5760240387171507 0.04100458246276535
OPERATOR TIMING deeponet3d 3 2 2.5958160404115915 0.04100458246276535
OPERATOR TIMING deeponet3d 0 0 2.6545419823378325 0.10382977880148804
OPERATOR TIMING deeponet3d 0 1 2.8198598884046078 0.10382977880148804
OPERATOR TIMING deeponet3d 0 2 2.278760075569153 0.10382977880148804
OPERATOR TIMING deeponet3d 1 0 2.4402940180152655 0.03660639195949598
OPERATOR TIMING deeponet3d 1 1 2.6382419746369123 0.03660639195949598
OPERATOR TIMING deeponet3d 1 2 2.401838079094887 0.03660639195949598
OPERATOR TIMING deeponet3d 7 0 2.6689651422202587 0.04837065822790352
OPERATOR TIMING deeponet3d 7 1 2.3971139453351498 0.04837065822790352
OPERATOR TIMING deeponet3d 7 2 2.63683102093637 0.04837065822790352
OPERATOR TIMING deeponet3d 9 0 2.673693932592869 0.09172371815298162
OPERATOR TIMING deeponet3d 9 1 2.5936549063771963 0.09172371815298162
OPERATOR TIMING deeponet3d 9 2 2.834451850503683 0.09172371815298162
OPERATOR TIMING deeponet3d 14 0 2.6837869081646204 0.09032574461353614
OPERATOR TIMING deeponet3d 14 1 2.2961681243032217 0.09032574461353614
OPERATOR TIMING deeponet3d 14 2 2.545354887843132 0.09032574461353614
OPERATOR TIMING deeponet3d 12 0 2.7229851111769676 0.04048965240660963
OPERATOR TIMING deeponet3d 12 1 2.5680719409137964 0.04048965240660963
OPERATOR TIMING deeponet3d 12 2 2.6019210927188396 0.04048965240660963
OPERATOR TIMING deeponet3d 2 0 2.4055850226432085 0.14953015691062435
OPERATOR TIMING deeponet3d 2 1 2.286880975589156 0.14953015691062435
OPERATOR TIMING deeponet3d 2 2 2.594836987555027 0.14953015691062435
OPERATOR TIMING deeponet3d 4 0 2.696228912100196 0.07393019108593875
OPERATOR TIMING deeponet3d 4 1 2.8379589784890413 0.07393019108593875
OPERATOR TIMING deeponet3d 4 2 2.8526789974421263 0.07393019108593875
OPERATOR TIMING deeponet3d 6 0 2.3519580718129873 0.032290992142149734
OPERATOR TIMING deeponet3d 6 1 2.527305856347084 0.032290992142149734
OPERATOR TIMING deeponet3d 6 2 2.406809013336897 0.032290992142149734
OPERATOR TIMING deeponet3d 13 0 2.729166066274047 0.07970098710927677
OPERATOR TIMING deeponet3d 13 1 2.7593630366027355 0.07970098710927677
OPERATOR TIMING deeponet3d 13 2 3.188205184414983 0.07970098710927677
OPERATOR TIMING deeponet3d 10 0 2.288576913997531 0.03973001509058923
OPERATOR TIMING deeponet3d 10 1 2.4702290538698435 0.03973001509058923
OPERATOR TIMING deeponet3d 10 2 2.7412730269134045 0.03973001509058923
OPERATOR TIMING deeponet3d 11 0 2.822353970259428 0.11205839205690064
OPERATOR TIMING deeponet3d 11 1 2.730962121859193 0.11205839205690064
OPERATOR TIMING deeponet3d 11 2 3.001775126904249 0.11205839205690064
OPERATOR TIMING transolver3d 7 0 3.2060130033642054 0.012407174219444378
OPERATOR TIMING transolver3d 7 1 3.252331865951419 0.012407174219444378
OPERATOR TIMING transolver3d 7 2 3.4359670244157314 0.012407174219444378
OPERATOR TIMING transolver3d 11 0 3.5430968273431063 0.017305032610808912
OPERATOR TIMING transolver3d 11 1 3.4827920608222485 0.017305032610808912
OPERATOR TIMING transolver3d 11 2 3.7352091167122126 0.017305032610808912
OPERATOR TIMING transolver3d 3 0 3.8553359918296337 0.01480206835418497
OPERATOR TIMING transolver3d 3 1 3.326192032545805 0.01480206835418497
OPERATOR TIMING transolver3d 3 2 3.184214001521468 0.01480206835418497
OPERATOR TIMING transolver3d 4 0 3.6681790370494127 0.013858046357350056
OPERATOR TIMING transolver3d 4 1 3.6887910682708025 0.013858046357350056
OPERATOR TIMING transolver3d 4 2 3.815446048974991 0.013858046357350056
OPERATOR TIMING transolver3d 15 0 3.9127247873693705 0.012464184522052493
OPERATOR TIMING transolver3d 15 1 3.1978250481188297 0.012464184522052493
OPERATOR TIMING transolver3d 15 2 3.4409731160849333 0.012464184522052493
OPERATOR TIMING transolver3d 0 0 3.333596047013998 0.014976006334025892
OPERATOR TIMING transolver3d 0 1 3.8665970787405968 0.014976006334025892
OPERATOR TIMING transolver3d 0 2 3.859186079353094 0.014976006334025892
OPERATOR TIMING transolver3d 14 0 3.396187908947468 0.012483222786442295
OPERATOR TIMING transolver3d 14 1 3.8066899869590998 0.012483222786442295
OPERATOR TIMING transolver3d 14 2 3.552180016413331 0.012483222786442295
OPERATOR TIMING transolver3d 12 0 3.503900021314621 0.009418371225661191
OPERATOR TIMING transolver3d 12 1 3.899445990100503 0.009418371225661191
OPERATOR TIMING transolver3d 12 2 3.8597621023654938 0.009418371225661191
OPERATOR TIMING transolver3d 10 0 3.240915946662426 0.01454861439493621
OPERATOR TIMING transolver3d 10 1 3.539784112945199 0.01454861439493621
OPERATOR TIMING transolver3d 10 2 3.6087599582970142 0.01454861439493621
OPERATOR TIMING transolver3d 13 0 3.8611870259046555 0.021487322828748334
OPERATOR TIMING transolver3d 13 1 3.5745040513575077 0.021487322828748334
OPERATOR TIMING transolver3d 13 2 3.9090870413929224 0.021487322828748334
OPERATOR TIMING transolver3d 2 0 3.5761920735239983 0.016837922050678397
OPERATOR TIMING transolver3d 2 1 3.4829198848456144 0.016837922050678397
OPERATOR TIMING transolver3d 2 2 3.4092338755726814 0.016837922050678397
OPERATOR TIMING transolver3d 6 0 3.7492590490728617 0.010209542457470508
OPERATOR TIMING transolver3d 6 1 3.5902808886021376 0.010209542457470508
OPERATOR TIMING transolver3d 6 2 3.595486981794238 0.010209542457470508
OPERATOR TIMING transolver3d 1 0 3.474232042208314 0.01216147829115855
OPERATOR TIMING transolver3d 1 1 3.6034679505974054 0.01216147829115855
OPERATOR TIMING transolver3d 1 2 3.503014100715518 0.01216147829115855
OPERATOR TIMING transolver3d 8 0 3.8343961350619793 0.015963673218543417
OPERATOR TIMING transolver3d 8 1 3.6151879467070103 0.015963673218543417
OPERATOR TIMING transolver3d 8 2 3.464170964434743 0.015963673218543417
OPERATOR TIMING transolver3d 9 0 3.3316609915345907 0.01842271103991365
OPERATOR TIMING transolver3d 9 1 3.4540430642664433 0.01842271103991365
OPERATOR TIMING transolver3d 9 2 3.7728589959442616 0.01842271103991365
OPERATOR TIMING transolver3d 5 0 4.0138280019164085 0.015948559438255742
OPERATOR TIMING transolver3d 5 1 3.9748181588947773 0.015948559438255742
OPERATOR TIMING transolver3d 5 2 3.2233051024377346 0.015948559438255742
