DESIGN.md: OK
HANDOFF.md: OK
VENDOR.json: OK
audit.py: OK
audit_partial.py: OK
audit_stationarity.py: OK
cluster/collect.py: OK
cluster/stage.py: OK
config-confirmation.json: OK
config-extra.json: OK
config-operators.json: OK
config-pilot.json: OK
config-train.json: OK
confirmation.py: OK
core.py: OK
final-reference-protocol.json: OK
head_candidate.py: OK
inputs/refined_checkpoint.pkl: OK
operator_diagnostic.py: OK
operator_panel.py: OK
operators/README.md: OK
operators/VENDOR.json: OK
operators/__init__.py: OK
operators/extra_models3d.py: OK
operators/models3d.py: OK
operators/training.py: OK
operators/upstream/LICENSE: OK
operators/upstream/PROVENANCE.json: OK
operators/upstream/Physics_Attention.py: OK
operators/upstream/prior_families.py: OK
reference_diagnostic.py: OK
reference_stream.py: OK
run.py: OK
smoke.py: OK
smoke_extra.py: OK
smoke_fit_tiles.py: OK
smoke_operators.py: OK
smoke_training.py: OK
summarize_attempt.py: OK
train.py: OK
vendor/b3d_common.py: OK
vendor/block_lm.py: OK
reuse/training/checkpoint.pkl: OK
reuse/operators/operator_metadata.json: OK
reuse/operators/fno3d/best.pkl: OK
reuse/operators/fno3d/training.json: OK
reuse/operators/fno3d/curve.json: OK
reuse/operators/unet3d/best.pkl: OK
reuse/operators/unet3d/training.json: OK
reuse/operators/unet3d/curve.json: OK
reuse/operators/deeponet3d/best.pkl: OK
reuse/operators/deeponet3d/training.json: OK
reuse/operators/deeponet3d/curve.json: OK
reuse/operators/transolver3d/best.pkl: OK
reuse/operators/transolver3d/training.json: OK
reuse/operators/transolver3d/curve.json: OK
reuse/REUSE.json: OK
jax_backend=gpu
