host=pax050 source_commit=10e2cdbf49daa83efbfa31145b3c71e297a4dfc9
NVIDIA A100 80GB PCIe, GPU-2fa16ce0-8cbb-a4bf-cedd-ac0436db49e7, 81920 MiB
10.235.106.34:/projects/paralab  4.6T  4.2T  367G  93% /cluster/tufts/paralab
jax_backend=gpu
jax_backend=gpu x64=True precision=highest
BANK 16769025 rows 24 row blocks 20.4
TRUTH done 75.6
QUICK fft_tight evolved% 0.0 median% 0.0 stalled 0 iters [None, None, None, None, None, None] sec 7.7665 63.0 148.9
QUICK nt1e-4_dt005 evolved% 0.0318 median% 0.0167 stalled 0 iters [None, None, None, None, None, None] sec 2.9867 32.3 181.3
QUICK nt1e-3_dt005 evolved% 0.0544 median% 0.0311 stalled 0 iters [None, None, None, None, None, None] sec 2.3571 27.4 208.6
QUICK nt1e-2_dt005 evolved% 4.4283 median% 1.5288 stalled 0 iters [None, None, None, None, None, None] sec 0.9877 17.1 225.7
QUICK nt1e-4_dt01 evolved% 1.6619 median% 1.2019 stalled 0 iters [None, None, None, None, None, None] sec 2.4969 31.8 257.5
QUICK nt1e-3_dt01 evolved% 1.6598 median% 1.2246 stalled 0 iters [None, None, None, None, None, None] sec 1.5888 21.9 279.4
QUICK nt1e-2_dt01 evolved% 3.5411 median% 1.482 stalled 0 iters [None, None, None, None, None, None] sec 0.5749 14.5 293.9
QUICK lean_tight evolved% 0.0 median% 0.0 stalled 0 iters [None, None, None, None, None, None] sec 7.7066 62.4 356.4
QUICK lean_nt1e-4_dt005 evolved% 0.0318 median% 0.0167 stalled 0 iters [None, None, None, None, None, None] sec 2.9551 31.1 387.5
QUICK lean_nt1e-3_l1e-3_dt005 evolved% 0.055 median% 0.032 stalled 0 iters [None, None, None, None, None, None] sec 1.6023 20.1 407.6
QUICK lean_nt3e-3_l3e-3_dt005 evolved% 0.0499 median% 0.0385 stalled 0 iters [None, None, None, None, None, None] sec 1.307 18.4 426.0
QUICK lean_nt1e-2_l1e-2_dt005 evolved% 2.1635 median% 0.1844 stalled 0 iters [None, None, None, None, None, None] sec 1.0083 16.7 442.7
QUICK lean_nt1e-3_l1e-3_dt01 evolved% 1.6607 median% 1.2251 stalled 0 iters [None, None, None, None, None, None] sec 0.9982 17.7 460.4
QUICK lean_nt3e-3_l3e-3_dt01 evolved% 1.6765 median% 1.245 stalled 0 iters [None, None, None, None, None, None] sec 0.863 15.4 475.8
QUICK lean_nt1e-2_l1e-2_dt01 evolved% 1.6883 median% 1.2491 stalled 0 iters [None, None, None, None, None, None] sec 0.6662 14.4 490.2
QUICK R384_lin_M1536_lat64_g0p001_fast_chol_clip_lamcarry_pred2__parent evolved% 0.224 median% 0.0654 stalled 0 iters [56, 55, 53, 57, 52, 52] sec 0.1299 16.8 515.8
QUICK R384_lin_M1536_lat32_g0p001_fast_chol_clip_lamcarry_pred2__parent evolved% 0.2606 median% 0.0682 stalled 0 iters [54, 55, 53, 54, 51, 52] sec 0.0932 13.4 533.2
QUICK R384_lin_M1536_lat32x64_g0p001_fast_chol_clip_lamcarry_pred2__parent evolved% 0.2433 median% 0.0661 stalled 0 iters [55, 55, 53, 54, 52, 52] sec 0.106 13.4 550.7
QUICK R384_lin_M1536_lat64x128_g0p001_fast_chol_clip_lamcarry_pred2__parent evolved% 0.2239 median% 0.0654 stalled 0 iters [56, 55, 53, 57, 53, 52] sec 0.1947 14.3 569.5
QUICK R384_lin_M1536_lat128_g0p001_fast_chol_clip_lamcarry_pred2__parent evolved% 0.224 median% 0.0654 stalled 0 iters [56, 56, 53, 59, 53, 52] sec 0.3007 14.7 589.1
QUICK R384_lin_M1536_lat64_g0p1_fast_chol_clip_lamcarry_pred2__parent evolved% 81.0967 median% 74.4006 stalled 0 iters [0, 0, 0, 0, 0, 0] sec 0.0858 11.8 600.9
QUICK R384_lin_M1536_lat64_g0p01_fast_chol_clip_lamcarry_pred2__parent evolved% 0.224 median% 0.0654 stalled 0 iters [53, 53, 49, 54, 45, 51] sec 0.13 12.1 613.1
QUICK R384_lin_M1536_lat64_g0p0001_fast_chol_clip_lamcarry_pred2__parent evolved% 0.224 median% 0.0654 stalled 0 iters [58, 58, 55, 60, 54, 54] sec 0.1318 12.1 625.2
QUICK R64_lin_M256_lat64_g0p001_fast_chol_clip_lamcarry_pred2__parent evolved% 4.8304 median% 2.1825 stalled 0 iters [51, 53, 51, 51, 43, 51] sec 0.0425 13.5 644.7
QUICK R64_lin_M256_lat32_g0p001_fast_chol_clip_lamcarry_pred2__parent evolved% 4.8305 median% 2.1833 stalled 0 iters [51, 53, 51, 51, 43, 51] sec 0.0367 12.4 657.2
QUICK R64_lin_M256_lat32x64_g0p001_fast_chol_clip_lamcarry_pred2__parent evolved% 4.8307 median% 2.1829 stalled 0 iters [51, 53, 51, 51, 43, 51] sec 0.0386 12.5 669.7
QUICK R64_lin_M256_lat64x128_g0p001_fast_chol_clip_lamcarry_pred2__parent evolved% 4.8304 median% 2.1826 stalled 0 iters [51, 53, 51, 51, 43, 51] sec 0.0472 12.5 682.4
QUICK R64_lin_M256_lat128_g0p001_fast_chol_clip_lamcarry_pred2__parent evolved% 4.8304 median% 2.1826 stalled 0 iters [51, 53, 51, 51, 43, 51] sec 0.0574 12.6 695.3
QUICK R64_lin_M256_lat64_g0p1_fast_chol_clip_lamcarry_pred2__parent evolved% 12.3392 median% 2.7367 stalled 0 iters [18, 26, 12, 14, 10, 17] sec 0.0348 11.3 706.6
QUICK R64_lin_M256_lat64_g0p01_fast_chol_clip_lamcarry_pred2__parent evolved% 4.8211 median% 2.1843 stalled 0 iters [29, 40, 28, 24, 24, 31] sec 0.0374 11.4 718.0
QUICK R64_lin_M256_lat64_g0p0001_fast_chol_clip_lamcarry_pred2__parent evolved% 4.8305 median% 2.1824 stalled 0 iters [51, 55, 52, 52, 51, 52] sec 0.0428 11.3 729.4
CERT R384_lin_M1536_lat64_g0p001_fast_chol_clip_lamcarry_pred2__parent confirmed rho_max 0.0488 conf 0.0462 128.8 858.2
CERT R384_lin_M1536_lat32_g0p001_fast_chol_clip_lamcarry_pred2__parent fails rho_max 0.5596 conf 0.4885 125.6 983.9
CERT R384_lin_M1536_lat32x64_g0p001_fast_chol_clip_lamcarry_pred2__parent fails rho_max 0.2197 conf 0.1851 126.6 1110.5
CERT R384_lin_M1536_lat64x128_g0p001_fast_chol_clip_lamcarry_pred2__parent confirmed rho_max 0.0575 conf 0.0289 132.1 1242.6
CERT R384_lin_M1536_lat128_g0p001_fast_chol_clip_lamcarry_pred2__parent confirmed rho_max 0.0576 conf 0.0681 138.9 1381.5
CERT R384_lin_M1536_lat64_g0p1_fast_chol_clip_lamcarry_pred2__parent not confirmed (3/5 draws, confirmation True) rho_max 0.1558 conf 0.1008 124.1 1505.6
CERT R384_lin_M1536_lat64_g0p01_fast_chol_clip_lamcarry_pred2__parent confirmed rho_max 0.0488 conf 0.0463 126.8 1632.4
CERT R384_lin_M1536_lat64_g0p0001_fast_chol_clip_lamcarry_pred2__parent confirmed rho_max 0.0488 conf 0.0462 127.1 1759.6
CERT R64_lin_M256_lat64_g0p001_fast_chol_clip_lamcarry_pred2__parent confirmed rho_max 0.0039 conf 0.0096 41.3 1801.0
CERT R64_lin_M256_lat32_g0p001_fast_chol_clip_lamcarry_pred2__parent confirmed rho_max 0.0759 conf 0.0792 40.1 1841.0
CERT R64_lin_M256_lat32x64_g0p001_fast_chol_clip_lamcarry_pred2__parent confirmed rho_max 0.0234 conf 0.0219 40.2 1881.2
CERT R64_lin_M256_lat64x128_g0p001_fast_chol_clip_lamcarry_pred2__parent confirmed rho_max 0.0084 conf 0.0092 40.8 1922.1
CERT R64_lin_M256_lat128_g0p001_fast_chol_clip_lamcarry_pred2__parent confirmed rho_max 0.0085 conf 0.0157 41.7 1963.8
CERT R64_lin_M256_lat64_g0p1_fast_chol_clip_lamcarry_pred2__parent confirmed rho_max 0.0041 conf 0.0097 39.4 2003.3
CERT R64_lin_M256_lat64_g0p01_fast_chol_clip_lamcarry_pred2__parent confirmed rho_max 0.0039 conf 0.0096 39.8 2043.1
CERT R64_lin_M256_lat64_g0p0001_fast_chol_clip_lamcarry_pred2__parent confirmed rho_max 0.0039 conf 0.0096 39.9 2083.0
TIMED romA1 rep 0 2260.7
TIMED romA1 rep 1 2393.6
TIMED romA1 rep 2 2526.6
TIMED romA1 rep 3 2659.9
TIMED romA1 rep 4 2793.5
TIMED fomB rep 0 3160.3
TIMED fomB rep 1 3520.3
TIMED fomB rep 2 3880.3
TIMED romA2 rep 0 4021.2
TIMED romA2 rep 1 4154.6
TIMED romA2 rep 2 4288.6
TIMED romA2 rep 3 4422.6
TIMED romA2 rep 4 4556.4
DRIFT True 0.9803222245997788 1.0033650363653412 NEIGHBOUR True 1.0105993983692658
EQTOL COMPLETE
ALL-DONE
