E0825 04:55:05.121091  364104 slow_operation_alarm.cc:73] Constant folding an instruction is taking > 1s:

  %dot = f64[5120,1024]{1,0} dot(%constant.14, %constant.15), lhs_contracting_dims={1}, rhs_contracting_dims={0}, operand_precision={highest,highest}, metadata={op_name="jit(prev_of)/dot_general" stack_frame_id=13}

This isn't necessarily a bug; constant-folding is inherently a trade-off between compilation time and speed at runtime. XLA has some guards that attempt to keep constant folding from taking too long, but fundamentally you'll always be able to come up with an input program that takes a long time.

If you'd like to file a bug, run with envvar XLA_FLAGS=--xla_dump_to=/tmp/foo and attach the results.
E0825 04:55:08.579098  364052 slow_operation_alarm.cc:140] The operation took 4.458090404s
Constant folding an instruction is taking > 1s:

  %dot = f64[5120,1024]{1,0} dot(%constant.14, %constant.15), lhs_contracting_dims={1}, rhs_contracting_dims={0}, operand_precision={highest,highest}, metadata={op_name="jit(prev_of)/dot_general" stack_frame_id=13}

This isn't necessarily a bug; constant-folding is inherently a trade-off between compilation time and speed at runtime. XLA has some guards that attempt to keep constant folding from taking too long, but fundamentally you'll always be able to come up with an input program that takes a long time.

If you'd like to file a bug, run with envvar XLA_FLAGS=--xla_dump_to=/tmp/foo and attach the results.
E0825 04:55:10.583646  364104 slow_operation_alarm.cc:73] Constant folding an instruction is taking > 2s:

  %dot.1 = f64[5120,1024]{1,0} dot(%constant.17, %constant.19), lhs_contracting_dims={1}, rhs_contracting_dims={0}, operand_precision={highest,highest}, metadata={op_name="jit(prev_of)/dot_general" stack_frame_id=13}

This isn't necessarily a bug; constant-folding is inherently a trade-off between compilation time and speed at runtime. XLA has some guards that attempt to keep constant folding from taking too long, but fundamentally you'll always be able to come up with an input program that takes a long time.

If you'd like to file a bug, run with envvar XLA_FLAGS=--xla_dump_to=/tmp/foo and attach the results.
E0825 04:55:13.038507  364052 slow_operation_alarm.cc:140] The operation took 4.454938644s
Constant folding an instruction is taking > 2s:

  %dot.1 = f64[5120,1024]{1,0} dot(%constant.17, %constant.19), lhs_contracting_dims={1}, rhs_contracting_dims={0}, operand_precision={highest,highest}, metadata={op_name="jit(prev_of)/dot_general" stack_frame_id=13}

This isn't necessarily a bug; constant-folding is inherently a trade-off between compilation time and speed at runtime. XLA has some guards that attempt to keep constant folding from taking too long, but fundamentally you'll always be able to come up with an input program that takes a long time.

If you'd like to file a bug, run with envvar XLA_FLAGS=--xla_dump_to=/tmp/foo and attach the results.
E0825 04:55:17.385066  364104 slow_operation_alarm.cc:73] Constant folding an instruction is taking > 4s:

  %dot_general.11 = f64[5120,1024]{1,0} dot(%constant.46, %constant.29), lhs_contracting_dims={1}, rhs_contracting_dims={0}, operand_precision={highest,highest}, metadata={op_name="jit(prev_of)/dot_general" stack_frame_id=13}

This isn't necessarily a bug; constant-folding is inherently a trade-off between compilation time and speed at runtime. XLA has some guards that attempt to keep constant folding from taking too long, but fundamentally you'll always be able to come up with an input program that takes a long time.

If you'd like to file a bug, run with envvar XLA_FLAGS=--xla_dump_to=/tmp/foo and attach the results.
E0825 04:55:56.014460  364052 slow_operation_alarm.cc:140] The operation took 42.629473455s
Constant folding an instruction is taking > 4s:

  %dot_general.11 = f64[5120,1024]{1,0} dot(%constant.46, %constant.29), lhs_contracting_dims={1}, rhs_contracting_dims={0}, operand_precision={highest,highest}, metadata={op_name="jit(prev_of)/dot_general" stack_frame_id=13}

This isn't necessarily a bug; constant-folding is inherently a trade-off between compilation time and speed at runtime. XLA has some guards that attempt to keep constant folding from taking too long, but fundamentally you'll always be able to come up with an input program that takes a long time.

If you'd like to file a bug, run with envvar XLA_FLAGS=--xla_dump_to=/tmp/foo and attach the results.
E0825 04:56:04.333825  364104 slow_operation_alarm.cc:73] Constant folding an instruction is taking > 8s:

  %dot_general.12 = f64[5120,512]{1,0} dot(%constant.54, %constant.30), lhs_contracting_dims={1}, rhs_contracting_dims={0}, operand_precision={highest,highest}, metadata={op_name="jit(prev_of)/dot_general" stack_frame_id=15}

This isn't necessarily a bug; constant-folding is inherently a trade-off between compilation time and speed at runtime. XLA has some guards that attempt to keep constant folding from taking too long, but fundamentally you'll always be able to come up with an input program that takes a long time.

If you'd like to file a bug, run with envvar XLA_FLAGS=--xla_dump_to=/tmp/foo and attach the results.
E0825 04:56:17.599525  364052 slow_operation_alarm.cc:140] The operation took 21.265782482s
Constant folding an instruction is taking > 8s:

  %dot_general.12 = f64[5120,512]{1,0} dot(%constant.54, %constant.30), lhs_contracting_dims={1}, rhs_contracting_dims={0}, operand_precision={highest,highest}, metadata={op_name="jit(prev_of)/dot_general" stack_frame_id=15}

This isn't necessarily a bug; constant-folding is inherently a trade-off between compilation time and speed at runtime. XLA has some guards that attempt to keep constant folding from taking too long, but fundamentally you'll always be able to come up with an input program that takes a long time.

If you'd like to file a bug, run with envvar XLA_FLAGS=--xla_dump_to=/tmp/foo and attach the results.
E0825 04:56:44.108431  364104 slow_operation_alarm.cc:73] Constant folding an instruction is taking > 16s:

  %dot_general.43 = f64[5120,1024]{1,0} dot(%constant.96, %constant.54), lhs_contracting_dims={1}, rhs_contracting_dims={0}, operand_precision={highest,highest}, metadata={op_name="jit(rJ)/dot_general" stack_frame_id=18}

This isn't necessarily a bug; constant-folding is inherently a trade-off between compilation time and speed at runtime. XLA has some guards that attempt to keep constant folding from taking too long, but fundamentally you'll always be able to come up with an input program that takes a long time.

If you'd like to file a bug, run with envvar XLA_FLAGS=--xla_dump_to=/tmp/foo and attach the results.
E0825 04:57:09.813105  364052 slow_operation_alarm.cc:140] The operation took 41.70475972s
Constant folding an instruction is taking > 16s:

  %dot_general.43 = f64[5120,1024]{1,0} dot(%constant.96, %constant.54), lhs_contracting_dims={1}, rhs_contracting_dims={0}, operand_precision={highest,highest}, metadata={op_name="jit(rJ)/dot_general" stack_frame_id=18}

This isn't necessarily a bug; constant-folding is inherently a trade-off between compilation time and speed at runtime. XLA has some guards that attempt to keep constant folding from taking too long, but fundamentally you'll always be able to come up with an input program that takes a long time.

If you'd like to file a bug, run with envvar XLA_FLAGS=--xla_dump_to=/tmp/foo and attach the results.
E0825 04:58:12.887533  364104 slow_operation_alarm.cc:73] Constant folding an instruction is taking > 32s:

  %dot_general.55 = f64[5120,1024]{1,0} dot(%constant.131, %constant.54), lhs_contracting_dims={1}, rhs_contracting_dims={0}, operand_precision={highest,highest}, metadata={op_name="jit(rJ)/vmap(jvp())/dot_general" stack_frame_id=70}

This isn't necessarily a bug; constant-folding is inherently a trade-off between compilation time and speed at runtime. XLA has some guards that attempt to keep constant folding from taking too long, but fundamentally you'll always be able to come up with an input program that takes a long time.

If you'd like to file a bug, run with envvar XLA_FLAGS=--xla_dump_to=/tmp/foo and attach the results.
E0825 04:58:22.530423  364052 slow_operation_alarm.cc:140] The operation took 41.642982715s
Constant folding an instruction is taking > 32s:

  %dot_general.55 = f64[5120,1024]{1,0} dot(%constant.131, %constant.54), lhs_contracting_dims={1}, rhs_contracting_dims={0}, operand_precision={highest,highest}, metadata={op_name="jit(rJ)/vmap(jvp())/dot_general" stack_frame_id=70}

This isn't necessarily a bug; constant-folding is inherently a trade-off between compilation time and speed at runtime. XLA has some guards that attempt to keep constant folding from taking too long, but fundamentally you'll always be able to come up with an input program that takes a long time.

If you'd like to file a bug, run with envvar XLA_FLAGS=--xla_dump_to=/tmp/foo and attach the results.
