host=pax144 source_commit=c23e267ac4af17bf694db7f4ba511e3772ee9fef
NVIDIA A100-PCIE-40GB, 40960 MiB
10.235.106.32:/projects/paralab  4.6T  4.2T  443G  91% /cluster/tufts/paralab
jax_backend=gpu
jax_backend=gpu x64=True precision=highest
GATE {'nnz': 242185, 'interior_unknowns': 48641, 'symmetry_max_abs': 0.0, 'symmetric': True, 'independent_assembly_nnz_difference': 0, 'independent_assembly_agrees': True, 'diagonal_constant': True, 'intervals': 256, 'lambda_min': 38.57123825668064, 'lambda1_reference': 38.5588953760876, 'lambda1_relative_difference': 0.000320104621064774, 'positive_definite': True, 'lambda1_within_1pct': True, 'factor_seconds': 0.1781248210463673, 'lu_nnz': 4001780, 'passed': True}
GATE {'nnz': 975881, 'interior_unknowns': 195585, 'symmetry_max_abs': 0.0, 'symmetric': True, 'independent_assembly_nnz_difference': 0, 'independent_assembly_agrees': True, 'diagonal_constant': True, 'intervals': 512, 'lambda_min': 38.56398234992788, 'lambda1_reference': 38.5588953760876, 'lambda1_relative_difference': 0.0001319273747515061, 'positive_definite': True, 'lambda1_within_1pct': True, 'factor_seconds': 1.0390703279990703, 'lu_nnz': 20516256, 'passed': True}
FIELDS done 77.4
train smooth_R256/j1 {'updates': 250, 'loss': 2.035496102393091, 'reconstruction': 2.035495724998547, 'orth': 0.0037739454419534815, 'seconds': 0.3256491899956018}
train smooth_R256/j1 {'updates': 10000, 'loss': 0.014338138726666968, 'reconstruction': 0.014337749945997517, 'orth': 0.003887806694507193, 'seconds': 9.149493118049577}
train smooth_R256/j1 {'updates': 20000, 'loss': 0.004078391741675143, 'reconstruction': 0.004078002087198019, 'orth': 0.003896544771246482, 'seconds': 18.243573165033013}
train smooth_R256/j1 {'updates': 30000, 'loss': 0.003213943283383895, 'reconstruction': 0.0032135533822594095, 'orth': 0.003899011244853146, 'seconds': 27.389305741060525}
train smooth_R256/j1 {'updates': 40000, 'loss': 0.0013265588305303138, 'reconstruction': 0.0013261688110613988, 'orth': 0.003900194689149766, 'seconds': 36.5739492259454}
train smooth_R256/j1 {'updates': 50000, 'loss': 0.0009596630061343494, 'reconstruction': 0.0009592729609577943, 'orth': 0.003900451765550352, 'seconds': 45.79495338187553}
train smooth_R256/j1 {'updates': 60000, 'loss': 0.0007583662405653646, 'reconstruction': 0.0007579761895248796, 'orth': 0.003900510404851076, 'seconds': 55.040361993946135}
train smooth_R256/j1 {'updates': 70000, 'loss': 0.0004902392056494296, 'reconstruction': 0.0004898491920726712, 'orth': 0.003900135767583635, 'seconds': 64.3065820899792}
train smooth_R256/j1 {'updates': 80000, 'loss': 0.0003361488017467984, 'reconstruction': 0.0003357588143584372, 'orth': 0.003899873883611628, 'seconds': 73.57885506306775}
train smooth_R256/j1 {'updates': 90000, 'loss': 0.00030131480814423513, 'reconstruction': 0.0003009248612936617, 'orth': 0.0038994685057341816, 'seconds': 82.85096789291129}
train smooth_R256/j1 {'updates': 100000, 'loss': 0.00037627997213111756, 'reconstruction': 0.0003758900460610809, 'orth': 0.0038992607003667306, 'seconds': 92.13635352207348}
train smooth_R256/b {'updates': 250, 'loss': 0.00035860906258051057, 'reconstruction': 0.00035821914373565907, 'orth': 0.003899188448515039, 'seconds': 0.27254280517809093}
train smooth_R256/b {'updates': 10000, 'loss': 0.00038609314158499303, 'reconstruction': 0.000385703037099389, 'orth': 0.0039010448560405026, 'seconds': 8.865622318116948}
train smooth_R256/b {'updates': 20000, 'loss': 7.822129881220439e-05, 'reconstruction': 7.78311478018117e-05, 'orth': 0.0039015101039267773, 'seconds': 17.70800907816738}
train smooth_R256/b {'updates': 30000, 'loss': 1.6627263272508366e-05, 'reconstruction': 1.623711085341487e-05, 'orth': 0.0039015241909349362, 'seconds': 26.571002159034833}
train smooth_R256/b {'updates': 40000, 'loss': 3.35582661640632e-05, 'reconstruction': 3.316810858351934e-05, 'orth': 0.003901575805438617, 'seconds': 35.44903315114789}
head smooth_R256/h {'updates': 250, 'loss': 0.0005988912477097378, 'seconds': 0.1428758988622576}
head smooth_R256/h {'updates': 10000, 'loss': 0.00027269242569386996, 'seconds': 3.5065911968704313}
head smooth_R256/h {'updates': 20000, 'loss': 0.00024498709065122026, 'seconds': 6.9240123520139605}
head smooth_R256/h {'updates': 30000, 'loss': 0.00023170154977791531, 'seconds': 10.34084759093821}
train smooth_R256/j2 {'updates': 250, 'loss': 0.00028475683939439324, 'reconstruction': 0.0002843666915210974, 'orth': 0.0039014787329579334, 'seconds': 0.2976601591799408}
train smooth_R256/j2 {'updates': 10000, 'loss': 0.00030298932735062863, 'reconstruction': 0.0003025991603879827, 'orth': 0.0039016696264594477, 'seconds': 9.289433836005628}
train smooth_R256/j2 {'updates': 20000, 'loss': 0.000232602317461371, 'reconstruction': 0.0002322121651934611, 'orth': 0.0039015226790990115, 'seconds': 18.53641080018133}
train smooth_R256/j2 {'updates': 30000, 'loss': 0.00022986640540162366, 'reconstruction': 0.00022947624413972243, 'orth': 0.00390161261901234, 'seconds': 27.80473035410978}
FLOOR smooth_R256 256 dev 0.015849462536611954 common 0.0321414897158652 bf dev 0.038424813270299334
FLOOR smooth_R256 512 dev 0.01578980383655632 common 0.03209437957830297 bf dev 0.03833415105861684
train smooth_R512/j1 {'updates': 250, 'loss': 2.0992764054192405, 'reconstruction': 2.099276214836509, 'orth': 0.0019058273135346877, 'seconds': 0.6454624440521002}
train smooth_R512/j1 {'updates': 10000, 'loss': 0.02496673702013915, 'reconstruction': 0.024966542843506946, 'orth': 0.001941766322041473, 'seconds': 22.35937219299376}
train smooth_R512/j1 {'updates': 20000, 'loss': 0.004497416405397587, 'reconstruction': 0.004497221475604553, 'orth': 0.0019492979303326603, 'seconds': 44.8649721511174}
train smooth_R512/j1 {'updates': 30000, 'loss': 0.002810040950031269, 'reconstruction': 0.0028098459170815306, 'orth': 0.001950329497386946, 'seconds': 67.47843261412345}
train smooth_R512/j1 {'updates': 40000, 'loss': 0.003378407180382925, 'reconstruction': 0.003378212105368689, 'orth': 0.001950750142362101, 'seconds': 90.14655417413451}
train smooth_R512/j1 {'updates': 50000, 'loss': 0.0009679923443095497, 'reconstruction': 0.0009677972470195947, 'orth': 0.0019509728995501694, 'seconds': 112.88253567297943}
train smooth_R512/j1 {'updates': 60000, 'loss': 0.0008560572718506178, 'reconstruction': 0.0008558621640198819, 'orth': 0.0019510783073590872, 'seconds': 135.64793729712255}
train smooth_R512/j1 {'updates': 70000, 'loss': 0.0005083922942361991, 'reconstruction': 0.0005081971940134911, 'orth': 0.0019510022270802334, 'seconds': 158.43135855696164}
train smooth_R512/j1 {'updates': 80000, 'loss': 0.0003368886251456058, 'reconstruction': 0.0003366935324153411, 'orth': 0.0019509273026466992, 'seconds': 181.22135730995797}
train smooth_R512/j1 {'updates': 90000, 'loss': 0.0003008325678903337, 'reconstruction': 0.0003006374885044538, 'orth': 0.0019507938587992528, 'seconds': 204.0216146169696}
train smooth_R512/j1 {'updates': 100000, 'loss': 0.000338027605954544, 'reconstruction': 0.0003378325376042713, 'orth': 0.001950683502727145, 'seconds': 226.83715509413742}
train smooth_R512/b {'updates': 250, 'loss': 0.0006344001220978697, 'reconstruction': 0.0006342050497323534, 'orth': 0.0019507236551628972, 'seconds': 0.6160505639854819}
train smooth_R512/b {'updates': 10000, 'loss': 0.0025496790735399333, 'reconstruction': 0.002549483890492376, 'orth': 0.0019518304755726473, 'seconds': 22.60891534690745}
train smooth_R512/b {'updates': 20000, 'loss': 0.0003376806949760722, 'reconstruction': 0.00033748548625979897, 'orth': 0.0019520871627324633, 'seconds': 45.24562114593573}
train smooth_R512/b {'updates': 30000, 'loss': 0.0001353052687724282, 'reconstruction': 0.00013511005578358977, 'orth': 0.001952129888384311, 'seconds': 67.92590668099001}
train smooth_R512/b {'updates': 40000, 'loss': 4.120086509312885e-05, 'reconstruction': 4.10056514789945e-05, 'orth': 0.0019521361413434857, 'seconds': 90.62656115391292}
head smooth_R512/h {'updates': 250, 'loss': 0.0071883645768050135, 'seconds': 0.25049850111827254}
head smooth_R512/h {'updates': 10000, 'loss': 0.00031629568004723746, 'seconds': 6.209134473931044}
head smooth_R512/h {'updates': 20000, 'loss': 0.0002716378920560064, 'seconds': 12.337705300888047}
head smooth_R512/h {'updates': 30000, 'loss': 0.00025453024452393316, 'seconds': 18.47469487809576}
train smooth_R512/j2 {'updates': 250, 'loss': 0.0004514605369847454, 'reconstruction': 0.00045126532555029225, 'orth': 0.0019521143445314722, 'seconds': 0.6394742669072002}
train smooth_R512/j2 {'updates': 10000, 'loss': 0.00029090081512348127, 'reconstruction': 0.0002907055980595928, 'orth': 0.0019521706388846496, 'seconds': 22.74595283390954}
train smooth_R512/j2 {'updates': 20000, 'loss': 0.0002522555783636668, 'reconstruction': 0.0002520603653899636, 'orth': 0.0019521297370322468, 'seconds': 45.48178099305369}
train smooth_R512/j2 {'updates': 30000, 'loss': 0.00023505015521310354, 'reconstruction': 0.00023485494045312385, 'orth': 0.0019521475997970295, 'seconds': 68.25956851290539}
FLOOR smooth_R512 256 dev 0.006755656961584518 common 0.016413566587053962 bf dev 0.03792094432427163
FLOOR smooth_R512 512 dev 0.006727890433568449 common 0.01639665865175933 bf dev 0.037831771543730845
train sdf_R256/j1 {'updates': 250, 'loss': 7.548767115240038, 'reconstruction': 7.548766746318524, 'orth': 0.003689215134823955, 'seconds': 0.2866307799704373}
train sdf_R256/j1 {'updates': 10000, 'loss': 0.028387575188590128, 'reconstruction': 0.028387192048525123, 'orth': 0.0038314006500520907, 'seconds': 9.108294430887327}
train sdf_R256/j1 {'updates': 20000, 'loss': 0.004200668202457514, 'reconstruction': 0.004200280210069778, 'orth': 0.0038799238773535, 'seconds': 18.196933483937755}
train sdf_R256/j1 {'updates': 30000, 'loss': 0.0032757107913498878, 'reconstruction': 0.003275322092351476, 'orth': 0.0038869899841171836, 'seconds': 27.330003243871033}
train sdf_R256/j1 {'updates': 40000, 'loss': 0.0017051933330974238, 'reconstruction': 0.0017048042464284988, 'orth': 0.003890866689249206, 'seconds': 36.50808071298525}
train sdf_R256/j1 {'updates': 50000, 'loss': 0.0011727715375340893, 'reconstruction': 0.0011723823368297527, 'orth': 0.003892007043364607, 'seconds': 45.716287925839424}
train sdf_R256/j1 {'updates': 60000, 'loss': 0.0010790646511774358, 'reconstruction': 0.0010786754129239592, 'orth': 0.003892382534765212, 'seconds': 54.94246042892337}
train sdf_R256/j1 {'updates': 70000, 'loss': 0.000481889948738417, 'reconstruction': 0.00048150078316050774, 'orth': 0.0038916557790924446, 'seconds': 64.19493081490509}
train sdf_R256/j1 {'updates': 80000, 'loss': 0.00037185487796070416, 'reconstruction': 0.0003714657799096223, 'orth': 0.0038909805108185923, 'seconds': 73.45856831897981}
train sdf_R256/j1 {'updates': 90000, 'loss': 0.0003209404182868077, 'reconstruction': 0.00032055141084662595, 'orth': 0.003890074401817472, 'seconds': 82.73319521383382}
train sdf_R256/j1 {'updates': 100000, 'loss': 0.0003735807881589158, 'reconstruction': 0.0003731918462616788, 'orth': 0.003889418972369947, 'seconds': 92.02674092585221}
train sdf_R256/b {'updates': 250, 'loss': 0.00010871922185298284, 'reconstruction': 0.00010833028603168015, 'orth': 0.003889358213026874, 'seconds': 0.28779668896459043}
train sdf_R256/b {'updates': 10000, 'loss': 0.0003756343257343613, 'reconstruction': 0.00037524484485209134, 'orth': 0.0038948088226995812, 'seconds': 8.88590403785929}
train sdf_R256/b {'updates': 20000, 'loss': 6.395127387406714e-05, 'reconstruction': 6.3561700954092e-05, 'orth': 0.00389572919975147, 'seconds': 17.720797150861472}
train sdf_R256/b {'updates': 30000, 'loss': 2.776039076258456e-05, 'reconstruction': 2.7370822269883554e-05, 'orth': 0.003895684927010071, 'seconds': 26.589120254851878}
train sdf_R256/b {'updates': 40000, 'loss': 4.0187507939288307e-05, 'reconstruction': 3.979792970729098e-05, 'orth': 0.003895782319973269, 'seconds': 35.46089864196256}
head sdf_R256/h {'updates': 250, 'loss': 0.0006763273954817317, 'seconds': 0.154434995027259}
head sdf_R256/h {'updates': 10000, 'loss': 0.00028247434663102565, 'seconds': 3.5094305109232664}
head sdf_R256/h {'updates': 20000, 'loss': 0.0002541187776296697, 'seconds': 6.952994578052312}
head sdf_R256/h {'updates': 30000, 'loss': 0.00024052515800009104, 'seconds': 10.396752361906692}
train sdf_R256/j2 {'updates': 250, 'loss': 0.0002887010223320175, 'reconstruction': 0.00028831146779260665, 'orth': 0.003895545394108583, 'seconds': 0.3199940309859812}
train sdf_R256/j2 {'updates': 10000, 'loss': 0.0002992209889278043, 'reconstruction': 0.0002988314005366663, 'orth': 0.0038958839113797843, 'seconds': 9.335142329800874}
train sdf_R256/j2 {'updates': 20000, 'loss': 0.00023935085075834235, 'reconstruction': 0.0002389612991197002, 'orth': 0.0038955163864216537, 'seconds': 18.59988031978719}
train sdf_R256/j2 {'updates': 30000, 'loss': 0.0002337481326733568, 'reconstruction': 0.00023335856139313158, 'orth': 0.003895712802252073, 'seconds': 27.879136903909966}
FLOOR sdf_R256 256 dev 0.01420005530254452 common 0.030232304456367733 bf dev 0.036827263101419344
FLOOR sdf_R256 512 dev 0.014129415209977125 common 0.030171595256276714 bf dev 0.036737836989194216
train sdf_R512/j1 {'updates': 250, 'loss': 7.070441657242487, 'reconstruction': 7.070441405175966, 'orth': 0.0025206652066504906, 'seconds': 0.6369491759687662}
train sdf_R512/j1 {'updates': 10000, 'loss': 0.340265362619993, 'reconstruction': 0.3402651718581534, 'orth': 0.0019076183958332991, 'seconds': 22.561047898838297}
train sdf_R512/j1 {'updates': 20000, 'loss': 0.007801549300341662, 'reconstruction': 0.007801356910065196, 'orth': 0.0019239027646614346, 'seconds': 45.176702533848584}
train sdf_R512/j1 {'updates': 30000, 'loss': 0.0042405733662154756, 'reconstruction': 0.004240379249100411, 'orth': 0.0019411711506467661, 'seconds': 67.86078851297498}
train sdf_R512/j1 {'updates': 40000, 'loss': 0.0023934297748247754, 'reconstruction': 0.0023932352747903438, 'orth': 0.00194500034431804, 'seconds': 90.59900530590676}
train sdf_R512/j1 {'updates': 50000, 'loss': 0.02492675297955723, 'reconstruction': 0.02492655840984328, 'orth': 0.0019456971395145426, 'seconds': 113.36937990179285}
train sdf_R512/j1 {'updates': 60000, 'loss': 0.0011342615785538035, 'reconstruction': 0.0011340669292967912, 'orth': 0.0019464925701239233, 'seconds': 136.16488108388148}
train sdf_R512/j1 {'updates': 70000, 'loss': 0.0006781157619228571, 'reconstruction': 0.0006779211152590288, 'orth': 0.0019464666382830143, 'seconds': 158.97427590796724}
train sdf_R512/j1 {'updates': 80000, 'loss': 0.0004094257268500277, 'reconstruction': 0.00040923111001518004, 'orth': 0.0019461683484764392, 'seconds': 181.79711306584068}
train sdf_R512/j1 {'updates': 90000, 'loss': 0.0003523763119507604, 'reconstruction': 0.0003521817545590046, 'orth': 0.0019455739175579321, 'seconds': 204.63265477889217}
train sdf_R512/j1 {'updates': 100000, 'loss': 0.0004291453675115712, 'reconstruction': 0.0004289508595537307, 'orth': 0.0019450795784050961, 'seconds': 227.45038054487668}
train sdf_R512/b {'updates': 250, 'loss': 0.0008477679995786703, 'reconstruction': 0.0008475734602115546, 'orth': 0.0019453936711567453, 'seconds': 0.6307829641737044}
train sdf_R512/b {'updates': 10000, 'loss': 0.013133162782621378, 'reconstruction': 0.013132967832142238, 'orth': 0.0019495047913985126, 'seconds': 22.687543585198}
train sdf_R512/b {'updates': 20000, 'loss': 0.00014520654790610416, 'reconstruction': 0.00014501152785143074, 'orth': 0.0019502005467343453, 'seconds': 45.372440692037344}
train sdf_R512/b {'updates': 30000, 'loss': 5.27122119049221e-05, 'reconstruction': 5.251717719719137e-05, 'orth': 0.0019503470773073626, 'seconds': 68.08211652119644}
train sdf_R512/b {'updates': 40000, 'loss': 5.0414951790595905e-05, 'reconstruction': 5.021991617382198e-05, 'orth': 0.0019503561677392182, 'seconds': 90.79836002620868}
head sdf_R512/h {'updates': 250, 'loss': 0.007330767426607138, 'seconds': 0.22674014582298696}
head sdf_R512/h {'updates': 10000, 'loss': 0.0003620447281533593, 'seconds': 6.225447568809614}
head sdf_R512/h {'updates': 20000, 'loss': 0.00030963731320108765, 'seconds': 12.373919456033036}
head sdf_R512/h {'updates': 30000, 'loss': 0.0002889000643642696, 'seconds': 18.52359540690668}
train sdf_R512/j2 {'updates': 250, 'loss': 0.00039208217242157905, 'reconstruction': 0.0003918871428488488, 'orth': 0.0019502957273024844, 'seconds': 0.6229474390856922}
train sdf_R512/j2 {'updates': 10000, 'loss': 0.00037809491417480545, 'reconstruction': 0.00037789986947248306, 'orth': 0.0019504470232236603, 'seconds': 22.77965902793221}
train sdf_R512/j2 {'updates': 20000, 'loss': 0.0002797895852596875, 'reconstruction': 0.0002795945522864107, 'orth': 0.001950329732768063, 'seconds': 45.53979254094884}
train sdf_R512/j2 {'updates': 30000, 'loss': 0.00026947328141705177, 'reconstruction': 0.0002692782435961986, 'orth': 0.0019503782085314404, 'seconds': 68.32873778091744}
FLOOR sdf_R512 256 dev 0.008517586799332677 common 0.019040694131865144 bf dev 0.037418858010567574
FLOOR sdf_R512 512 dev 0.008451159784959106 common 0.01899265900027019 bf dev 0.037330503436497534
train enrich_R512/j1 {'updates': 250, 'loss': 2.3761027899550813, 'reconstruction': 2.376102600226927, 'orth': 0.0018972815408865216, 'seconds': 0.6845709451008588}
train enrich_R512/j1 {'updates': 10000, 'loss': 0.01956789004462009, 'reconstruction': 0.019567697435302095, 'orth': 0.0019260931799418956, 'seconds': 23.848853945964947}
train enrich_R512/j1 {'updates': 20000, 'loss': 0.004459381068777254, 'reconstruction': 0.004459187799158783, 'orth': 0.0019326961847110538, 'seconds': 47.80502267112024}
train enrich_R512/j1 {'updates': 30000, 'loss': 0.004401115141406788, 'reconstruction': 0.004400921762775912, 'orth': 0.001933786308756441, 'seconds': 71.81454546516761}
train enrich_R512/j1 {'updates': 40000, 'loss': 0.0026181585316532585, 'reconstruction': 0.0026179650909166656, 'orth': 0.0019344073659289288, 'seconds': 95.89180254912935}
train enrich_R512/j1 {'updates': 50000, 'loss': 0.001078097639280353, 'reconstruction': 0.0010779041864638623, 'orth': 0.0019345281649068111, 'seconds': 120.00695185409859}
train enrich_R512/j1 {'updates': 60000, 'loss': 0.00103204767458981, 'reconstruction': 0.0010318542182248436, 'orth': 0.0019345636496639498, 'seconds': 144.1214384729974}
train enrich_R512/j1 {'updates': 70000, 'loss': 0.0005305009464929882, 'reconstruction': 0.0005303075027912416, 'orth': 0.0019344370174654184, 'seconds': 168.24072832195088}
train enrich_R512/j1 {'updates': 80000, 'loss': 0.0003553205976401588, 'reconstruction': 0.0003551271687727677, 'orth': 0.001934288673910825, 'seconds': 192.38183862203732}
train enrich_R512/j1 {'updates': 90000, 'loss': 0.0002966969506502271, 'reconstruction': 0.0002965035435542856, 'orth': 0.0019340709594146256, 'seconds': 216.5163006100338}
train enrich_R512/j1 {'updates': 100000, 'loss': 0.0003663112181245136, 'reconstruction': 0.00036611782969366106, 'orth': 0.001933884308525179, 'seconds': 240.64906205516309}
train enrich_R512/b {'updates': 250, 'loss': 0.008628886938773417, 'reconstruction': 0.008628693536912, 'orth': 0.0019340186141722708, 'seconds': 0.6634022549260408}
train enrich_R512/b {'updates': 10000, 'loss': 0.0035708523452826313, 'reconstruction': 0.003570658715326926, 'orth': 0.0019362995570530266, 'seconds': 23.800805737031624}
train enrich_R512/b {'updates': 20000, 'loss': 0.0002963976356753329, 'reconstruction': 0.0002962039695098939, 'orth': 0.0019366616543902491, 'seconds': 47.62623472395353}
train enrich_R512/b {'updates': 30000, 'loss': 9.324198129410428e-05, 'reconstruction': 9.304830180986178e-05, 'orth': 0.0019367948424250715, 'seconds': 71.48842390603386}
train enrich_R512/b {'updates': 40000, 'loss': 7.416133449548075e-05, 'reconstruction': 7.396765507036494e-05, 'orth': 0.0019367942511581244, 'seconds': 95.3805727660656}
head enrich_R512/h {'updates': 250, 'loss': 0.010981993331911228, 'seconds': 0.23897207714617252}
head enrich_R512/h {'updates': 10000, 'loss': 0.00037271324723703704, 'seconds': 6.638466860167682}
head enrich_R512/h {'updates': 20000, 'loss': 0.0003172025022300064, 'seconds': 13.22381966211833}
head enrich_R512/h {'updates': 30000, 'loss': 0.00029614547971052634, 'seconds': 19.81789454095997}
train enrich_R512/j2 {'updates': 250, 'loss': 0.0004985013665453685, 'reconstruction': 0.0004983076900931525, 'orth': 0.0019367645221605946, 'seconds': 0.6808458261657506}
train enrich_R512/j2 {'updates': 10000, 'loss': 0.00035963797817006144, 'reconstruction': 0.0003594443009283736, 'orth': 0.0019367724168787995, 'seconds': 24.111100536072627}
train enrich_R512/j2 {'updates': 20000, 'loss': 0.0002878789457110026, 'reconstruction': 0.00028768527488185174, 'orth': 0.0019367082915086732, 'seconds': 48.186609535012394}
train enrich_R512/j2 {'updates': 30000, 'loss': 0.0002738392340407134, 'reconstruction': 0.000273645561646079, 'orth': 0.0019367239463439292, 'seconds': 72.29950518696569}
FLOOR enrich_R512 256 dev 0.006208572729620779 common 0.017067498862751426 bf dev 0.03729673631684346
FLOOR enrich_R512 512 dev 0.006185246287397058 common 0.0170497920837363 bf dev 0.037202680538223204
train smooth_ff128s2_R512/j1 {'updates': 250, 'loss': 1.4868183170027154, 'reconstruction': 1.4868181259292066, 'orth': 0.001910735088912006, 'seconds': 0.6568717639893293}
train smooth_ff128s2_R512/j1 {'updates': 10000, 'loss': 0.15862135420442974, 'reconstruction': 0.158621159861629, 'orth': 0.0019434280073334547, 'seconds': 23.923931680154055}
train smooth_ff128s2_R512/j1 {'updates': 20000, 'loss': 0.008146181750936425, 'reconstruction': 0.008145986691985949, 'orth': 0.001950589504762715, 'seconds': 48.014375027036294}
train smooth_ff128s2_R512/j1 {'updates': 30000, 'loss': 0.0038395969668435148, 'reconstruction': 0.0038394017626130214, 'orth': 0.0019520423049333682, 'seconds': 72.2343699480407}
train smooth_ff128s2_R512/j1 {'updates': 40000, 'loss': 0.002053784193591637, 'reconstruction': 0.002053588962289509, 'orth': 0.001952313021278791, 'seconds': 96.50844947900623}
train smooth_ff128s2_R512/j1 {'updates': 50000, 'loss': 0.001114507544132523, 'reconstruction': 0.0011143123080191268, 'orth': 0.0019523611339622828, 'seconds': 120.82628722512163}
train smooth_ff128s2_R512/j1 {'updates': 60000, 'loss': 0.0009701633205793372, 'reconstruction': 0.000969968082070096, 'orth': 0.0019523850924116112, 'seconds': 145.1544597351458}
train smooth_ff128s2_R512/j1 {'updates': 70000, 'loss': 0.0004518114100250531, 'reconstruction': 0.00045161617577808854, 'orth': 0.0019523424696460511, 'seconds': 169.4996452559717}
train smooth_ff128s2_R512/j1 {'updates': 80000, 'loss': 0.0003810608114630812, 'reconstruction': 0.0003808655810196679, 'orth': 0.0019523044341328336, 'seconds': 193.8573114350438}
train smooth_ff128s2_R512/j1 {'updates': 90000, 'loss': 0.00032202234735214644, 'reconstruction': 0.00032182712054826647, 'orth': 0.0019522680387998907, 'seconds': 218.21278636413626}
train smooth_ff128s2_R512/j1 {'updates': 100000, 'loss': 0.0003729593704842681, 'reconstruction': 0.00037276414656818086, 'orth': 0.0019522391608723585, 'seconds': 242.59065786306746}
train smooth_ff128s2_R512/b {'updates': 250, 'loss': 0.38460004746321236, 'reconstruction': 0.38459985219784826, 'orth': 0.0019526536408793506, 'seconds': 0.6413944910746068}
train smooth_ff128s2_R512/b {'updates': 10000, 'loss': 1.978791090280125, 'reconstruction': 1.9787908949814743, 'orth': 0.0019529865050270886, 'seconds': 24.120212346082553}
train smooth_ff128s2_R512/b {'updates': 20000, 'loss': 0.35725931726944765, 'reconstruction': 0.35725912197350485, 'orth': 0.0019529594280998778, 'seconds': 48.286003730027005}
train smooth_ff128s2_R512/b {'updates': 30000, 'loss': 0.06596805951318549, 'reconstruction': 0.0659678642222106, 'orth': 0.0019529097488712236, 'seconds': 72.50024099298753}
train smooth_ff128s2_R512/b {'updates': 40000, 'loss': 0.04894024627905979, 'reconstruction': 0.04894005098939305, 'orth': 0.0019528966673858766, 'seconds': 96.73402265203185}
head smooth_ff128s2_R512/h {'updates': 250, 'loss': 0.0564097073116897, 'seconds': 0.15371112315915525}
head smooth_ff128s2_R512/h {'updates': 10000, 'loss': 0.009259636142854067, 'seconds': 6.121399192139506}
head smooth_ff128s2_R512/h {'updates': 20000, 'loss': 0.008089662789701016, 'seconds': 12.249563740100712}
head smooth_ff128s2_R512/h {'updates': 30000, 'loss': 0.007642185562921652, 'seconds': 18.381880006054416}
train smooth_ff128s2_R512/j2 {'updates': 250, 'loss': 0.0065905587387779544, 'reconstruction': 0.00659036344948796, 'orth': 0.001952892899943957, 'seconds': 0.6843645460903645}
train smooth_ff128s2_R512/j2 {'updates': 10000, 'loss': 0.002975451944213574, 'reconstruction': 0.0029752566533122185, 'orth': 0.001952909013557914, 'seconds': 24.339401900069788}
train smooth_ff128s2_R512/j2 {'updates': 20000, 'loss': 0.002088339835164456, 'reconstruction': 0.0020881445443737975, 'orth': 0.001952907906587747, 'seconds': 48.66735777305439}
train smooth_ff128s2_R512/j2 {'updates': 30000, 'loss': 0.0017806438943488447, 'reconstruction': 0.0017804486029124227, 'orth': 0.0019529143642204772, 'seconds': 73.01367166894488}
FLOOR smooth_ff128s2_R512 256 dev 0.035287175312352766 common 0.030034925901724862 bf dev 0.10642252544656736
FLOOR smooth_ff128s2_R512 512 dev 0.03521027279182443 common 0.029970957745354625 bf dev 0.10629759277402193
BANK SELECTED smooth_R512
head head_smooth_R256_K16 {'updates': 250, 'loss': 0.9624934026510588, 'seconds': 0.14345605485141277}
head head_smooth_R256_K16 {'updates': 10000, 'loss': 0.0005489378300266963, 'seconds': 3.5443251319229603}
head head_smooth_R256_K16 {'updates': 20000, 'loss': 0.0003498524884925927, 'seconds': 6.980293715838343}
head head_smooth_R256_K16 {'updates': 30000, 'loss': 0.00030016987494800145, 'seconds': 10.412521193968132}
head head_smooth_R256_K16 {'updates': 40000, 'loss': 0.0002662852456670653, 'seconds': 13.842703365022317}
head head_smooth_R256_K16 {'updates': 50000, 'loss': 0.00024378959880081284, 'seconds': 17.27438314096071}
head head_smooth_R256_K16 {'updates': 60000, 'loss': 0.0002336980876021481, 'seconds': 20.704468092881143}
head head_smooth_R256_K16 {'updates': 70000, 'loss': 0.00022547274707327957, 'seconds': 24.13428531982936}
head head_smooth_R256_K16 {'updates': 80000, 'loss': 0.00021658614069338276, 'seconds': 27.564521479886025}
head head_smooth_R256_K16 {'updates': 90000, 'loss': 0.00020888754242058931, 'seconds': 30.995592850027606}
head head_smooth_R256_K16 {'updates': 100000, 'loss': 0.00020350024629738468, 'seconds': 34.425334895029664}
head head_smooth_R256_K16 {'updates': 110000, 'loss': 0.00019805504792386227, 'seconds': 37.856436274945736}
head head_smooth_R256_K16 {'updates': 120000, 'loss': 0.0001947107334561115, 'seconds': 41.2883753660135}
head head_smooth_R256_K16 {'updates': 130000, 'loss': 0.00019156919700393034, 'seconds': 44.720506853889674}
head head_smooth_R256_K16 {'updates': 140000, 'loss': 0.00018895794281326982, 'seconds': 48.15319586102851}
head head_smooth_R256_K16 {'updates': 150000, 'loss': 0.00018668205668494097, 'seconds': 51.58635233785026}
HEAD head_smooth_R256_K16 floor 0.015849462536611954 val 0.11263575313305882 dev 0.036108626854562245 solved 0.036113848003864885 stationary 32
head head_smooth_R512_K16 {'updates': 250, 'loss': 0.9085936375500414, 'seconds': 0.21784671396017075}
head head_smooth_R512_K16 {'updates': 10000, 'loss': 0.0005992171348689754, 'seconds': 6.122173500945792}
head head_smooth_R512_K16 {'updates': 20000, 'loss': 0.00043015381282705985, 'seconds': 12.170408674981445}
head head_smooth_R512_K16 {'updates': 30000, 'loss': 0.0003285852877950464, 'seconds': 18.233428999083117}
head head_smooth_R512_K16 {'updates': 40000, 'loss': 0.000309284670138211, 'seconds': 24.31570630101487}
head head_smooth_R512_K16 {'updates': 50000, 'loss': 0.0002715865132671214, 'seconds': 30.41773800808005}
head head_smooth_R512_K16 {'updates': 60000, 'loss': 0.00024851299241819585, 'seconds': 36.52810936397873}
head head_smooth_R512_K16 {'updates': 70000, 'loss': 0.0002408754139098518, 'seconds': 42.64083868009038}
head head_smooth_R512_K16 {'updates': 80000, 'loss': 0.00023169827254925927, 'seconds': 48.76125236810185}
head head_smooth_R512_K16 {'updates': 90000, 'loss': 0.00021990365365185318, 'seconds': 54.89184270100668}
head head_smooth_R512_K16 {'updates': 100000, 'loss': 0.00021488248662045133, 'seconds': 61.02716310787946}
head head_smooth_R512_K16 {'updates': 110000, 'loss': 0.00020920085227966008, 'seconds': 67.1654984750785}
head head_smooth_R512_K16 {'updates': 120000, 'loss': 0.00020391363453010672, 'seconds': 73.3033753130585}
head head_smooth_R512_K16 {'updates': 130000, 'loss': 0.000200262618530453, 'seconds': 79.44334577396512}
head head_smooth_R512_K16 {'updates': 140000, 'loss': 0.00019718230880594293, 'seconds': 85.5868368849624}
head head_smooth_R512_K16 {'updates': 150000, 'loss': 0.00019455766697268418, 'seconds': 91.73172779590823}
HEAD head_smooth_R512_K16 floor 0.006755656961584518 val 0.11778917223655438 dev 0.03744730841625088 solved 0.037451390432022245 stationary 32
head head_smooth_R512_K32 {'updates': 250, 'loss': 0.9518116256053113, 'seconds': 0.21430407697334886}
head head_smooth_R512_K32 {'updates': 10000, 'loss': 0.0003667243600205622, 'seconds': 6.222870549885556}
head head_smooth_R512_K32 {'updates': 20000, 'loss': 0.00023819266281536664, 'seconds': 12.396020447835326}
head head_smooth_R512_K32 {'updates': 30000, 'loss': 0.00019318874810528335, 'seconds': 18.58069986384362}
head head_smooth_R512_K32 {'updates': 40000, 'loss': 0.00017778637350414147, 'seconds': 24.776986924931407}
head head_smooth_R512_K32 {'updates': 50000, 'loss': 0.00015989890890889658, 'seconds': 30.982789919013157}
head head_smooth_R512_K32 {'updates': 60000, 'loss': 0.00015045692483978522, 'seconds': 37.194741162937135}
head head_smooth_R512_K32 {'updates': 70000, 'loss': 0.0001476025927196838, 'seconds': 43.41263861791231}
head head_smooth_R512_K32 {'updates': 80000, 'loss': 0.00014055512249868787, 'seconds': 49.63416778994724}
head head_smooth_R512_K32 {'updates': 90000, 'loss': 0.0001352865636660701, 'seconds': 55.861402767011896}
head head_smooth_R512_K32 {'updates': 100000, 'loss': 0.00013082947217451152, 'seconds': 62.08923707692884}
head head_smooth_R512_K32 {'updates': 110000, 'loss': 0.0001281305199088184, 'seconds': 68.32048911880702}
head head_smooth_R512_K32 {'updates': 120000, 'loss': 0.00012524351301904983, 'seconds': 74.552058840869}
head head_smooth_R512_K32 {'updates': 130000, 'loss': 0.00012314903577096667, 'seconds': 80.7868010730017}
head head_smooth_R512_K32 {'updates': 140000, 'loss': 0.00012139440843854158, 'seconds': 87.02451303880662}
head head_smooth_R512_K32 {'updates': 150000, 'loss': 0.00011993342935832505, 'seconds': 93.26111601782031}
HEAD head_smooth_R512_K32 floor 0.006755656961584518 val 0.12938372642163462 dev 0.02787746130719176 solved 0.027943007402475385 stationary 32
head head_sdf_R256_K16 {'updates': 250, 'loss': 1.0182479848121533, 'seconds': 0.14877298194915056}
head head_sdf_R256_K16 {'updates': 10000, 'loss': 0.0005370735515730435, 'seconds': 3.4847525279037654}
head head_sdf_R256_K16 {'updates': 20000, 'loss': 0.00034865226603818255, 'seconds': 6.883317393949255}
head head_sdf_R256_K16 {'updates': 30000, 'loss': 0.00030539772501198383, 'seconds': 10.28172804787755}
head head_sdf_R256_K16 {'updates': 40000, 'loss': 0.00027527694009682593, 'seconds': 13.681046760873869}
head head_sdf_R256_K16 {'updates': 50000, 'loss': 0.00025426042299049595, 'seconds': 17.08008730178699}
head head_sdf_R256_K16 {'updates': 60000, 'loss': 0.00023882555516864645, 'seconds': 20.47987357294187}
head head_sdf_R256_K16 {'updates': 70000, 'loss': 0.00022757197339345948, 'seconds': 23.879455409012735}
head head_sdf_R256_K16 {'updates': 80000, 'loss': 0.00022515634610129496, 'seconds': 27.279829842969775}
head head_sdf_R256_K16 {'updates': 90000, 'loss': 0.00021630453849268594, 'seconds': 30.68074349500239}
head head_sdf_R256_K16 {'updates': 100000, 'loss': 0.0002107575504941728, 'seconds': 34.08194204000756}
head head_sdf_R256_K16 {'updates': 110000, 'loss': 0.00020632368631085443, 'seconds': 37.48473208886571}
head head_sdf_R256_K16 {'updates': 120000, 'loss': 0.0002022024295981795, 'seconds': 40.88634409988299}
head head_sdf_R256_K16 {'updates': 130000, 'loss': 0.00019913378796996038, 'seconds': 44.28801227081567}
head head_sdf_R256_K16 {'updates': 140000, 'loss': 0.00019657886955744408, 'seconds': 47.68862253590487}
head head_sdf_R256_K16 {'updates': 150000, 'loss': 0.00019435198014725911, 'seconds': 51.09024646389298}
HEAD head_sdf_R256_K16 floor 0.01420005530254452 val 0.09389416279121751 dev 0.034370584576294036 solved 0.03438702284354396 stationary 32
head head_sdf_R512_K16 {'updates': 250, 'loss': 0.9655601168024256, 'seconds': 0.23703827010467649}
head head_sdf_R512_K16 {'updates': 10000, 'loss': 0.0006437152025801184, 'seconds': 6.106237984029576}
head head_sdf_R512_K16 {'updates': 20000, 'loss': 0.00039267024303425127, 'seconds': 12.14592759613879}
head head_sdf_R512_K16 {'updates': 30000, 'loss': 0.0003713231148296902, 'seconds': 18.201549560995772}
head head_sdf_R512_K16 {'updates': 40000, 'loss': 0.00029285362803288545, 'seconds': 24.272326816106215}
head head_sdf_R512_K16 {'updates': 50000, 'loss': 0.000273675579199265, 'seconds': 30.349584442097694}
head head_sdf_R512_K16 {'updates': 60000, 'loss': 0.0002590122763454366, 'seconds': 36.4267851409968}
head head_sdf_R512_K16 {'updates': 70000, 'loss': 0.00024750143530382295, 'seconds': 42.51398895611055}
head head_sdf_R512_K16 {'updates': 80000, 'loss': 0.00023493803156349302, 'seconds': 48.6075869880151}
head head_sdf_R512_K16 {'updates': 90000, 'loss': 0.00023162547320029934, 'seconds': 54.70596476411447}
head head_sdf_R512_K16 {'updates': 100000, 'loss': 0.00022140657815016463, 'seconds': 60.80768826906569}
head head_sdf_R512_K16 {'updates': 110000, 'loss': 0.00021709911782831736, 'seconds': 66.91213445016183}
head head_sdf_R512_K16 {'updates': 120000, 'loss': 0.0002120463271851163, 'seconds': 73.02140537207015}
head head_sdf_R512_K16 {'updates': 130000, 'loss': 0.000208359147907586, 'seconds': 79.1342601121869}
head head_sdf_R512_K16 {'updates': 140000, 'loss': 0.0002053757636678131, 'seconds': 85.24970791209489}
head head_sdf_R512_K16 {'updates': 150000, 'loss': 0.00020280063258191176, 'seconds': 91.36615888215601}
HEAD head_sdf_R512_K16 floor 0.008517586799332677 val 0.10215164009474939 dev 0.03691842404117384 solved 0.036922634720154286 stationary 32
head head_enrich_R512_K16 {'updates': 250, 'loss': 1.1587375282119077, 'seconds': 0.24618513695895672}
head head_enrich_R512_K16 {'updates': 10000, 'loss': 0.0009643368016752712, 'seconds': 6.58520775497891}
head head_enrich_R512_K16 {'updates': 20000, 'loss': 0.0005198348756128216, 'seconds': 13.114391325972974}
head head_enrich_R512_K16 {'updates': 30000, 'loss': 0.00042663425449675555, 'seconds': 19.66674140212126}
head head_enrich_R512_K16 {'updates': 40000, 'loss': 0.0004175728494426167, 'seconds': 26.245072646066546}
head head_enrich_R512_K16 {'updates': 50000, 'loss': 0.00031890701612586757, 'seconds': 32.829505532979965}
head head_enrich_R512_K16 {'updates': 60000, 'loss': 0.00029169662006938514, 'seconds': 39.42132557602599}
head head_enrich_R512_K16 {'updates': 70000, 'loss': 0.00029150191297434315, 'seconds': 46.017153406050056}
head head_enrich_R512_K16 {'updates': 80000, 'loss': 0.00026271365547860936, 'seconds': 52.61858850414865}
head head_enrich_R512_K16 {'updates': 90000, 'loss': 0.000256030781145831, 'seconds': 59.22507007513195}
head head_enrich_R512_K16 {'updates': 100000, 'loss': 0.0002464563488895434, 'seconds': 65.83538222895004}
head head_enrich_R512_K16 {'updates': 110000, 'loss': 0.0002377571024236312, 'seconds': 72.45056245708838}
head head_enrich_R512_K16 {'updates': 120000, 'loss': 0.00023202896737202993, 'seconds': 79.06745250313543}
head head_enrich_R512_K16 {'updates': 130000, 'loss': 0.00022726460179737154, 'seconds': 85.68277689116076}
head head_enrich_R512_K16 {'updates': 140000, 'loss': 0.00022339173329983487, 'seconds': 92.30194805702195}
head head_enrich_R512_K16 {'updates': 150000, 'loss': 0.00022013614438108414, 'seconds': 98.9226269221399}
HEAD head_enrich_R512_K16 floor 0.006208572729620779 val 0.12287962877465923 dev 0.038753048805339155 solved 0.038755374272125054 stationary 32
head head_smooth_ff128s2_R512_K16 {'updates': 250, 'loss': 0.8674804534456741, 'seconds': 0.23915512999519706}
head head_smooth_ff128s2_R512_K16 {'updates': 10000, 'loss': 0.0026746017003034758, 'seconds': 6.144194573862478}
head head_smooth_ff128s2_R512_K16 {'updates': 20000, 'loss': 0.0017585230673429191, 'seconds': 12.208187294891104}
head head_smooth_ff128s2_R512_K16 {'updates': 30000, 'loss': 0.001436292388033384, 'seconds': 18.28264233493246}
head head_smooth_ff128s2_R512_K16 {'updates': 40000, 'loss': 0.0017423148475600992, 'seconds': 24.36984676285647}
head head_smooth_ff128s2_R512_K16 {'updates': 50000, 'loss': 0.0011633497031369637, 'seconds': 30.457553387852386}
head head_smooth_ff128s2_R512_K16 {'updates': 60000, 'loss': 0.0010844651923628229, 'seconds': 36.555663904873654}
head head_smooth_ff128s2_R512_K16 {'updates': 70000, 'loss': 0.0010252785810224041, 'seconds': 42.659776164917275}
head head_smooth_ff128s2_R512_K16 {'updates': 80000, 'loss': 0.0009736019678137288, 'seconds': 48.768005003919825}
head head_smooth_ff128s2_R512_K16 {'updates': 90000, 'loss': 0.0009334585192547184, 'seconds': 54.88310395204462}
head head_smooth_ff128s2_R512_K16 {'updates': 100000, 'loss': 0.0009125470476565388, 'seconds': 61.00119503890164}
head head_smooth_ff128s2_R512_K16 {'updates': 110000, 'loss': 0.00087571597073028, 'seconds': 67.12422507698648}
head head_smooth_ff128s2_R512_K16 {'updates': 120000, 'loss': 0.0008545774379127544, 'seconds': 73.24890396604314}
head head_smooth_ff128s2_R512_K16 {'updates': 130000, 'loss': 0.0008295291338141676, 'seconds': 79.37424443894997}
head head_smooth_ff128s2_R512_K16 {'updates': 140000, 'loss': 0.0008123606420235314, 'seconds': 85.48885119287297}
head head_smooth_ff128s2_R512_K16 {'updates': 150000, 'loss': 0.0007965166693352871, 'seconds': 91.6051116338931}
