This is pdfTeX, Version 3.141592653-2.6-1.40.25 (TeX Live 2023/Debian) (preloaded format=pdflatex 2026.5.13)  20 SEP 2026 13:53
entering extended mode
 restricted \write18 enabled.
 %&-line parsing enabled.
**main.tex
(./main.tex
LaTeX2e <2023-11-01> patch level 1
L3 programming layer <2024-01-22>
(/usr/share/texlive/texmf-dist/tex/latex/base/article.cls
Document Class: article 2023/05/17 v1.4n Standard LaTeX document class
(/usr/share/texlive/texmf-dist/tex/latex/base/size10.clo
File: size10.clo 2023/05/17 v1.4n Standard LaTeX file (size option)
)
\c@part=\count187
\c@section=\count188
\c@subsection=\count189
\c@subsubsection=\count190
\c@paragraph=\count191
\c@subparagraph=\count192
\c@figure=\count193
\c@table=\count194
\abovecaptionskip=\skip48
\belowcaptionskip=\skip49
\bibindent=\dimen140
)
(./iclr2027_conference.sty
(/usr/share/texlive/texmf-dist/tex/latex/eso-pic/eso-pic.sty
Package: eso-pic 2023/05/03 v3.0c eso-pic (RN)
\ESO@tempdima=\dimen141
\ESO@tempdimb=\dimen142

(/usr/share/texlive/texmf-dist/tex/latex/graphics/keyval.sty
Package: keyval 2022/05/29 v1.15 key=value parser (DPC)
\KV@toks@=\toks17
)
(/usr/share/texlive/texmf-dist/tex/latex/xcolor/xcolor.sty
Package: xcolor 2023/11/15 v3.01 LaTeX color extensions (UK)

(/usr/share/texlive/texmf-dist/tex/latex/graphics-cfg/color.cfg
File: color.cfg 2016/01/02 v1.6 sample color configuration
)
Package xcolor Info: Driver file: pdftex.def on input line 274.

(/usr/share/texlive/texmf-dist/tex/latex/graphics-def/pdftex.def
File: pdftex.def 2022/09/22 v1.2b Graphics/color driver for pdftex
)
(/usr/share/texlive/texmf-dist/tex/latex/graphics/mathcolor.ltx)
Package xcolor Info: Model `cmy' substituted by `cmy0' on input line 1350.
Package xcolor Info: Model `hsb' substituted by `rgb' on input line 1354.
Package xcolor Info: Model `RGB' extended on input line 1366.
Package xcolor Info: Model `HTML' substituted by `rgb' on input line 1368.
Package xcolor Info: Model `Hsb' substituted by `hsb' on input line 1369.
Package xcolor Info: Model `tHsb' substituted by `hsb' on input line 1370.
Package xcolor Info: Model `HSB' substituted by `hsb' on input line 1371.
Package xcolor Info: Model `Gray' substituted by `gray' on input line 1372.
Package xcolor Info: Model `wave' substituted by `hsb' on input line 1373.
))
(./fancyhdr.sty
\fancy@headwidth=\skip50
\f@ncyO@elh=\skip51
\f@ncyO@erh=\skip52
\f@ncyO@olh=\skip53
\f@ncyO@orh=\skip54
\f@ncyO@elf=\skip55
\f@ncyO@erf=\skip56
\f@ncyO@olf=\skip57
\f@ncyO@orf=\skip58
) (./natbib.sty
Package: natbib 2009/07/16 8.31 (PWD, AO)
\bibhang=\skip59
\bibsep=\skip60
LaTeX Info: Redefining \cite on input line 694.
\c@NAT@ctr=\count195
)
\iclrrulerbox=\box51
\iclrrulercount=\count196
\iclrruleroffset=\dimen143
\cv@lineheight=\dimen144
\cv@boxheight=\dimen145
\cv@tmpbox=\box52
\cv@refno=\count197
\cv@tot=\count198
\cv@tmpc@=\count199
\cv@tmpc=\count266
)
(/usr/share/texlive/texmf-dist/tex/latex/psnfss/times.sty
Package: times 2020/03/25 PSNFSS-v9.3 (SPQR) 
)
(/usr/share/texlive/texmf-dist/tex/latex/base/inputenc.sty
Package: inputenc 2021/02/14 v1.3d Input encoding file
\inpenc@prehook=\toks18
\inpenc@posthook=\toks19
)
(/usr/share/texlive/texmf-dist/tex/latex/base/fontenc.sty
Package: fontenc 2021/04/29 v2.0v Standard LaTeX package
LaTeX Font Info:    Trying to load font information for T1+ptm on input line 11
2.

(/usr/share/texlive/texmf-dist/tex/latex/psnfss/t1ptm.fd
File: t1ptm.fd 2001/06/04 font definitions for T1/ptm.
))
(/usr/share/texlive/texmf-dist/tex/latex/amsmath/amsmath.sty
Package: amsmath 2023/05/13 v2.17o AMS math features
\@mathmargin=\skip61

For additional information on amsmath, use the `?' option.
(/usr/share/texlive/texmf-dist/tex/latex/amsmath/amstext.sty
Package: amstext 2021/08/26 v2.01 AMS text

(/usr/share/texlive/texmf-dist/tex/latex/amsmath/amsgen.sty
File: amsgen.sty 1999/11/30 v2.0 generic functions
\@emptytoks=\toks20
\ex@=\dimen146
))
(/usr/share/texlive/texmf-dist/tex/latex/amsmath/amsbsy.sty
Package: amsbsy 1999/11/29 v1.2d Bold Symbols
\pmbraise@=\dimen147
)
(/usr/share/texlive/texmf-dist/tex/latex/amsmath/amsopn.sty
Package: amsopn 2022/04/08 v2.04 operator names
)
\inf@bad=\count267
LaTeX Info: Redefining \frac on input line 234.
\uproot@=\count268
\leftroot@=\count269
LaTeX Info: Redefining \overline on input line 399.
LaTeX Info: Redefining \colon on input line 410.
\classnum@=\count270
\DOTSCASE@=\count271
LaTeX Info: Redefining \ldots on input line 496.
LaTeX Info: Redefining \dots on input line 499.
LaTeX Info: Redefining \cdots on input line 620.
\Mathstrutbox@=\box53
\strutbox@=\box54
LaTeX Info: Redefining \big on input line 722.
LaTeX Info: Redefining \Big on input line 723.
LaTeX Info: Redefining \bigg on input line 724.
LaTeX Info: Redefining \Bigg on input line 725.
\big@size=\dimen148
LaTeX Font Info:    Redeclaring font encoding OML on input line 743.
LaTeX Font Info:    Redeclaring font encoding OMS on input line 744.
\macc@depth=\count272
LaTeX Info: Redefining \bmod on input line 905.
LaTeX Info: Redefining \pmod on input line 910.
LaTeX Info: Redefining \smash on input line 940.
LaTeX Info: Redefining \relbar on input line 970.
LaTeX Info: Redefining \Relbar on input line 971.
\c@MaxMatrixCols=\count273
\dotsspace@=\muskip16
\c@parentequation=\count274
\dspbrk@lvl=\count275
\tag@help=\toks21
\row@=\count276
\column@=\count277
\maxfields@=\count278
\andhelp@=\toks22
\eqnshift@=\dimen149
\alignsep@=\dimen150
\tagshift@=\dimen151
\tagwidth@=\dimen152
\totwidth@=\dimen153
\lineht@=\dimen154
\@envbody=\toks23
\multlinegap=\skip62
\multlinetaggap=\skip63
\mathdisplay@stack=\toks24
LaTeX Info: Redefining \[ on input line 2953.
LaTeX Info: Redefining \] on input line 2954.
)
(/usr/share/texlive/texmf-dist/tex/latex/amsfonts/amssymb.sty
Package: amssymb 2013/01/14 v3.01 AMS font symbols

(/usr/share/texlive/texmf-dist/tex/latex/amsfonts/amsfonts.sty
Package: amsfonts 2013/01/14 v3.01 Basic AMSFonts support
\symAMSa=\mathgroup4
\symAMSb=\mathgroup5
LaTeX Font Info:    Redeclaring math symbol \hbar on input line 98.
LaTeX Font Info:    Overwriting math alphabet `\mathfrak' in version `bold'
(Font)                  U/euf/m/n --> U/euf/b/n on input line 106.
))
(/usr/share/texlive/texmf-dist/tex/latex/graphics/graphicx.sty
Package: graphicx 2021/09/16 v1.2d Enhanced LaTeX Graphics (DPC,SPQR)

(/usr/share/texlive/texmf-dist/tex/latex/graphics/graphics.sty
Package: graphics 2022/03/10 v1.4e Standard LaTeX Graphics (DPC,SPQR)

(/usr/share/texlive/texmf-dist/tex/latex/graphics/trig.sty
Package: trig 2021/08/11 v1.11 sin cos tan (DPC)
)
(/usr/share/texlive/texmf-dist/tex/latex/graphics-cfg/graphics.cfg
File: graphics.cfg 2016/06/04 v1.11 sample graphics configuration
)
Package graphics Info: Driver file: pdftex.def on input line 107.
)
\Gin@req@height=\dimen155
\Gin@req@width=\dimen156
)
(/usr/share/texlive/texmf-dist/tex/latex/booktabs/booktabs.sty
Package: booktabs 2020/01/12 v1.61803398 Publication quality tables
\heavyrulewidth=\dimen157
\lightrulewidth=\dimen158
\cmidrulewidth=\dimen159
\belowrulesep=\dimen160
\belowbottomsep=\dimen161
\aboverulesep=\dimen162
\abovetopsep=\dimen163
\cmidrulesep=\dimen164
\cmidrulekern=\dimen165
\defaultaddspace=\dimen166
\@cmidla=\count279
\@cmidlb=\count280
\@aboverulesep=\dimen167
\@belowrulesep=\dimen168
\@thisruleclass=\count281
\@lastruleclass=\count282
\@thisrulewidth=\dimen169
)
(/usr/share/texlive/texmf-dist/tex/latex/multirow/multirow.sty
Package: multirow 2021/03/15 v2.8 Span multiple rows of a table
\multirow@colwidth=\skip64
\multirow@cntb=\count283
\multirow@dima=\skip65
\bigstrutjot=\dimen170
)
(/usr/share/texlive/texmf-dist/tex/latex/tools/array.sty
Package: array 2023/10/16 v2.5g Tabular extension package (FMi)
\col@sep=\dimen171
\ar@mcellbox=\box55
\extrarowheight=\dimen172
\NC@list=\toks25
\extratabsurround=\skip66
\backup@length=\skip67
\ar@cellbox=\box56
)
(/usr/share/texlive/texmf-dist/tex/latex/pgf/frontendlayer/tikz.sty
(/usr/share/texlive/texmf-dist/tex/latex/pgf/basiclayer/pgf.sty
(/usr/share/texlive/texmf-dist/tex/latex/pgf/utilities/pgfrcs.sty
(/usr/share/texlive/texmf-dist/tex/generic/pgf/utilities/pgfutil-common.tex
\pgfutil@everybye=\toks26
\pgfutil@tempdima=\dimen173
\pgfutil@tempdimb=\dimen174
)
(/usr/share/texlive/texmf-dist/tex/generic/pgf/utilities/pgfutil-latex.def
\pgfutil@abb=\box57
)
(/usr/share/texlive/texmf-dist/tex/generic/pgf/utilities/pgfrcs.code.tex
(/usr/share/texlive/texmf-dist/tex/generic/pgf/pgf.revision.tex)
Package: pgfrcs 2023-01-15 v3.1.10 (3.1.10)
))
Package: pgf 2023-01-15 v3.1.10 (3.1.10)

(/usr/share/texlive/texmf-dist/tex/latex/pgf/basiclayer/pgfcore.sty
(/usr/share/texlive/texmf-dist/tex/latex/pgf/systemlayer/pgfsys.sty
(/usr/share/texlive/texmf-dist/tex/generic/pgf/systemlayer/pgfsys.code.tex
Package: pgfsys 2023-01-15 v3.1.10 (3.1.10)

(/usr/share/texlive/texmf-dist/tex/generic/pgf/utilities/pgfkeys.code.tex
\pgfkeys@pathtoks=\toks27
\pgfkeys@temptoks=\toks28

(/usr/share/texlive/texmf-dist/tex/generic/pgf/utilities/pgfkeyslibraryfiltered
.code.tex
\pgfkeys@tmptoks=\toks29
))
\pgf@x=\dimen175
\pgf@y=\dimen176
\pgf@xa=\dimen177
\pgf@ya=\dimen178
\pgf@xb=\dimen179
\pgf@yb=\dimen180
\pgf@xc=\dimen181
\pgf@yc=\dimen182
\pgf@xd=\dimen183
\pgf@yd=\dimen184
\w@pgf@writea=\write3
\r@pgf@reada=\read2
\c@pgf@counta=\count284
\c@pgf@countb=\count285
\c@pgf@countc=\count286
\c@pgf@countd=\count287
\t@pgf@toka=\toks30
\t@pgf@tokb=\toks31
\t@pgf@tokc=\toks32
\pgf@sys@id@count=\count288
 (/usr/share/texlive/texmf-dist/tex/generic/pgf/systemlayer/pgf.cfg
File: pgf.cfg 2023-01-15 v3.1.10 (3.1.10)
)
Driver file for pgf: pgfsys-pdftex.def
(/usr/share/texlive/texmf-dist/tex/generic/pgf/systemlayer/pgfsys-pdftex.def
File: pgfsys-pdftex.def 2023-01-15 v3.1.10 (3.1.10)

(/usr/share/texlive/texmf-dist/tex/generic/pgf/systemlayer/pgfsys-common-pdf.de
f
File: pgfsys-common-pdf.def 2023-01-15 v3.1.10 (3.1.10)
)))
(/usr/share/texlive/texmf-dist/tex/generic/pgf/systemlayer/pgfsyssoftpath.code.
tex
File: pgfsyssoftpath.code.tex 2023-01-15 v3.1.10 (3.1.10)
\pgfsyssoftpath@smallbuffer@items=\count289
\pgfsyssoftpath@bigbuffer@items=\count290
)
(/usr/share/texlive/texmf-dist/tex/generic/pgf/systemlayer/pgfsysprotocol.code.
tex
File: pgfsysprotocol.code.tex 2023-01-15 v3.1.10 (3.1.10)
))
(/usr/share/texlive/texmf-dist/tex/generic/pgf/basiclayer/pgfcore.code.tex
Package: pgfcore 2023-01-15 v3.1.10 (3.1.10)

(/usr/share/texlive/texmf-dist/tex/generic/pgf/math/pgfmath.code.tex
(/usr/share/texlive/texmf-dist/tex/generic/pgf/math/pgfmathutil.code.tex)
(/usr/share/texlive/texmf-dist/tex/generic/pgf/math/pgfmathparser.code.tex
\pgfmath@dimen=\dimen185
\pgfmath@count=\count291
\pgfmath@box=\box58
\pgfmath@toks=\toks33
\pgfmath@stack@operand=\toks34
\pgfmath@stack@operation=\toks35
)
(/usr/share/texlive/texmf-dist/tex/generic/pgf/math/pgfmathfunctions.code.tex)
(/usr/share/texlive/texmf-dist/tex/generic/pgf/math/pgfmathfunctions.basic.code
.tex)
(/usr/share/texlive/texmf-dist/tex/generic/pgf/math/pgfmathfunctions.trigonomet
ric.code.tex)
(/usr/share/texlive/texmf-dist/tex/generic/pgf/math/pgfmathfunctions.random.cod
e.tex)
(/usr/share/texlive/texmf-dist/tex/generic/pgf/math/pgfmathfunctions.comparison
.code.tex)
(/usr/share/texlive/texmf-dist/tex/generic/pgf/math/pgfmathfunctions.base.code.
tex)
(/usr/share/texlive/texmf-dist/tex/generic/pgf/math/pgfmathfunctions.round.code
.tex)
(/usr/share/texlive/texmf-dist/tex/generic/pgf/math/pgfmathfunctions.misc.code.
tex)
(/usr/share/texlive/texmf-dist/tex/generic/pgf/math/pgfmathfunctions.integerari
thmetics.code.tex)
(/usr/share/texlive/texmf-dist/tex/generic/pgf/math/pgfmathcalc.code.tex)
(/usr/share/texlive/texmf-dist/tex/generic/pgf/math/pgfmathfloat.code.tex
\c@pgfmathroundto@lastzeros=\count292
))
(/usr/share/texlive/texmf-dist/tex/generic/pgf/math/pgfint.code.tex)
(/usr/share/texlive/texmf-dist/tex/generic/pgf/basiclayer/pgfcorepoints.code.te
x
File: pgfcorepoints.code.tex 2023-01-15 v3.1.10 (3.1.10)
\pgf@picminx=\dimen186
\pgf@picmaxx=\dimen187
\pgf@picminy=\dimen188
\pgf@picmaxy=\dimen189
\pgf@pathminx=\dimen190
\pgf@pathmaxx=\dimen191
\pgf@pathminy=\dimen192
\pgf@pathmaxy=\dimen193
\pgf@xx=\dimen194
\pgf@xy=\dimen195
\pgf@yx=\dimen196
\pgf@yy=\dimen197
\pgf@zx=\dimen198
\pgf@zy=\dimen199
)
(/usr/share/texlive/texmf-dist/tex/generic/pgf/basiclayer/pgfcorepathconstruct.
code.tex
File: pgfcorepathconstruct.code.tex 2023-01-15 v3.1.10 (3.1.10)
\pgf@path@lastx=\dimen256
\pgf@path@lasty=\dimen257
)
(/usr/share/texlive/texmf-dist/tex/generic/pgf/basiclayer/pgfcorepathusage.code
.tex
File: pgfcorepathusage.code.tex 2023-01-15 v3.1.10 (3.1.10)
\pgf@shorten@end@additional=\dimen258
\pgf@shorten@start@additional=\dimen259
)
(/usr/share/texlive/texmf-dist/tex/generic/pgf/basiclayer/pgfcorescopes.code.te
x
File: pgfcorescopes.code.tex 2023-01-15 v3.1.10 (3.1.10)
\pgfpic=\box59
\pgf@hbox=\box60
\pgf@layerbox@main=\box61
\pgf@picture@serial@count=\count293
)
(/usr/share/texlive/texmf-dist/tex/generic/pgf/basiclayer/pgfcoregraphicstate.c
ode.tex
File: pgfcoregraphicstate.code.tex 2023-01-15 v3.1.10 (3.1.10)
\pgflinewidth=\dimen260
)
(/usr/share/texlive/texmf-dist/tex/generic/pgf/basiclayer/pgfcoretransformation
s.code.tex
File: pgfcoretransformations.code.tex 2023-01-15 v3.1.10 (3.1.10)
\pgf@pt@x=\dimen261
\pgf@pt@y=\dimen262
\pgf@pt@temp=\dimen263
)
(/usr/share/texlive/texmf-dist/tex/generic/pgf/basiclayer/pgfcorequick.code.tex
File: pgfcorequick.code.tex 2023-01-15 v3.1.10 (3.1.10)
)
(/usr/share/texlive/texmf-dist/tex/generic/pgf/basiclayer/pgfcoreobjects.code.t
ex
File: pgfcoreobjects.code.tex 2023-01-15 v3.1.10 (3.1.10)
)
(/usr/share/texlive/texmf-dist/tex/generic/pgf/basiclayer/pgfcorepathprocessing
.code.tex
File: pgfcorepathprocessing.code.tex 2023-01-15 v3.1.10 (3.1.10)
)
(/usr/share/texlive/texmf-dist/tex/generic/pgf/basiclayer/pgfcorearrows.code.te
x
File: pgfcorearrows.code.tex 2023-01-15 v3.1.10 (3.1.10)
\pgfarrowsep=\dimen264
)
(/usr/share/texlive/texmf-dist/tex/generic/pgf/basiclayer/pgfcoreshade.code.tex
File: pgfcoreshade.code.tex 2023-01-15 v3.1.10 (3.1.10)
\pgf@max=\dimen265
\pgf@sys@shading@range@num=\count294
\pgf@shadingcount=\count295
)
(/usr/share/texlive/texmf-dist/tex/generic/pgf/basiclayer/pgfcoreimage.code.tex
File: pgfcoreimage.code.tex 2023-01-15 v3.1.10 (3.1.10)
)
(/usr/share/texlive/texmf-dist/tex/generic/pgf/basiclayer/pgfcoreexternal.code.
tex
File: pgfcoreexternal.code.tex 2023-01-15 v3.1.10 (3.1.10)
\pgfexternal@startupbox=\box62
)
(/usr/share/texlive/texmf-dist/tex/generic/pgf/basiclayer/pgfcorelayers.code.te
x
File: pgfcorelayers.code.tex 2023-01-15 v3.1.10 (3.1.10)
)
(/usr/share/texlive/texmf-dist/tex/generic/pgf/basiclayer/pgfcoretransparency.c
ode.tex
File: pgfcoretransparency.code.tex 2023-01-15 v3.1.10 (3.1.10)
)
(/usr/share/texlive/texmf-dist/tex/generic/pgf/basiclayer/pgfcorepatterns.code.
tex
File: pgfcorepatterns.code.tex 2023-01-15 v3.1.10 (3.1.10)
)
(/usr/share/texlive/texmf-dist/tex/generic/pgf/basiclayer/pgfcorerdf.code.tex
File: pgfcorerdf.code.tex 2023-01-15 v3.1.10 (3.1.10)
)))
(/usr/share/texlive/texmf-dist/tex/generic/pgf/modules/pgfmoduleshapes.code.tex
File: pgfmoduleshapes.code.tex 2023-01-15 v3.1.10 (3.1.10)
\pgfnodeparttextbox=\box63
) (/usr/share/texlive/texmf-dist/tex/generic/pgf/modules/pgfmoduleplot.code.tex
File: pgfmoduleplot.code.tex 2023-01-15 v3.1.10 (3.1.10)
)
(/usr/share/texlive/texmf-dist/tex/latex/pgf/compatibility/pgfcomp-version-0-65
.sty
Package: pgfcomp-version-0-65 2023-01-15 v3.1.10 (3.1.10)
\pgf@nodesepstart=\dimen266
\pgf@nodesepend=\dimen267
)
(/usr/share/texlive/texmf-dist/tex/latex/pgf/compatibility/pgfcomp-version-1-18
.sty
Package: pgfcomp-version-1-18 2023-01-15 v3.1.10 (3.1.10)
)) (/usr/share/texlive/texmf-dist/tex/latex/pgf/utilities/pgffor.sty
(/usr/share/texlive/texmf-dist/tex/latex/pgf/utilities/pgfkeys.sty
(/usr/share/texlive/texmf-dist/tex/generic/pgf/utilities/pgfkeys.code.tex))
(/usr/share/texlive/texmf-dist/tex/latex/pgf/math/pgfmath.sty
(/usr/share/texlive/texmf-dist/tex/generic/pgf/math/pgfmath.code.tex))
(/usr/share/texlive/texmf-dist/tex/generic/pgf/utilities/pgffor.code.tex
Package: pgffor 2023-01-15 v3.1.10 (3.1.10)
\pgffor@iter=\dimen268
\pgffor@skip=\dimen269
\pgffor@stack=\toks36
\pgffor@toks=\toks37
))
(/usr/share/texlive/texmf-dist/tex/generic/pgf/frontendlayer/tikz/tikz.code.tex
Package: tikz 2023-01-15 v3.1.10 (3.1.10)

(/usr/share/texlive/texmf-dist/tex/generic/pgf/libraries/pgflibraryplothandlers
.code.tex
File: pgflibraryplothandlers.code.tex 2023-01-15 v3.1.10 (3.1.10)
\pgf@plot@mark@count=\count296
\pgfplotmarksize=\dimen270
)
\tikz@lastx=\dimen271
\tikz@lasty=\dimen272
\tikz@lastxsaved=\dimen273
\tikz@lastysaved=\dimen274
\tikz@lastmovetox=\dimen275
\tikz@lastmovetoy=\dimen276
\tikzleveldistance=\dimen277
\tikzsiblingdistance=\dimen278
\tikz@figbox=\box64
\tikz@figbox@bg=\box65
\tikz@tempbox=\box66
\tikz@tempbox@bg=\box67
\tikztreelevel=\count297
\tikznumberofchildren=\count298
\tikznumberofcurrentchild=\count299
\tikz@fig@count=\count300

(/usr/share/texlive/texmf-dist/tex/generic/pgf/modules/pgfmodulematrix.code.tex
File: pgfmodulematrix.code.tex 2023-01-15 v3.1.10 (3.1.10)
\pgfmatrixcurrentrow=\count301
\pgfmatrixcurrentcolumn=\count302
\pgf@matrix@numberofcolumns=\count303
)
\tikz@expandcount=\count304

(/usr/share/texlive/texmf-dist/tex/generic/pgf/frontendlayer/tikz/libraries/tik
zlibrarytopaths.code.tex
File: tikzlibrarytopaths.code.tex 2023-01-15 v3.1.10 (3.1.10)
)))
(/usr/share/texlive/texmf-dist/tex/generic/pgf/frontendlayer/tikz/libraries/tik
zlibrarypositioning.code.tex
File: tikzlibrarypositioning.code.tex 2023-01-15 v3.1.10 (3.1.10)
)
(/usr/share/texlive/texmf-dist/tex/generic/pgf/libraries/pgflibraryarrows.meta.
code.tex
File: pgflibraryarrows.meta.code.tex 2023-01-15 v3.1.10 (3.1.10)
\pgfarrowinset=\dimen279
\pgfarrowlength=\dimen280
\pgfarrowwidth=\dimen281
\pgfarrowlinewidth=\dimen282
)
(/usr/share/texlive/texmf-dist/tex/generic/pgf/frontendlayer/tikz/libraries/tik
zlibrarycalc.code.tex
File: tikzlibrarycalc.code.tex 2023-01-15 v3.1.10 (3.1.10)
)
(/usr/share/texlive/texmf-dist/tex/generic/pgf/frontendlayer/tikz/libraries/tik
zlibraryfit.code.tex
File: tikzlibraryfit.code.tex 2023-01-15 v3.1.10 (3.1.10)
)
(/usr/share/texlive/texmf-dist/tex/generic/pgf/frontendlayer/tikz/libraries/tik
zlibrarybackgrounds.code.tex
File: tikzlibrarybackgrounds.code.tex 2023-01-15 v3.1.10 (3.1.10)
\pgf@layerbox@background=\box68
\pgf@layerboxsaved@background=\box69
)
(/usr/share/texlive/texmf-dist/tex/generic/pgf/frontendlayer/tikz/libraries/tik
zlibraryshapes.geometric.code.tex
File: tikzlibraryshapes.geometric.code.tex 2023-01-15 v3.1.10 (3.1.10)

(/usr/share/texlive/texmf-dist/tex/generic/pgf/libraries/shapes/pgflibraryshape
s.geometric.code.tex
File: pgflibraryshapes.geometric.code.tex 2023-01-15 v3.1.10 (3.1.10)
))
(/usr/share/texlive/texmf-dist/tex/latex/caption/caption.sty
Package: caption 2023/08/05 v3.6o Customizing captions (AR)

(/usr/share/texlive/texmf-dist/tex/latex/caption/caption3.sty
Package: caption3 2023/07/31 v2.4d caption3 kernel (AR)
\caption@tempdima=\dimen283
\captionmargin=\dimen284
\caption@leftmargin=\dimen285
\caption@rightmargin=\dimen286
\caption@width=\dimen287
\caption@indent=\dimen288
\caption@parindent=\dimen289
\caption@hangindent=\dimen290
Package caption Info: Standard document class detected.
)
\c@caption@flags=\count305
\c@continuedfloat=\count306
)
(/usr/share/texlive/texmf-dist/tex/latex/hyperref/hyperref.sty
Package: hyperref 2024-01-20 v7.01h Hypertext links for LaTeX

(/usr/share/texlive/texmf-dist/tex/generic/iftex/iftex.sty
Package: iftex 2022/02/03 v1.0f TeX engine tests
)
(/usr/share/texlive/texmf-dist/tex/latex/kvsetkeys/kvsetkeys.sty
Package: kvsetkeys 2022-10-05 v1.19 Key value parser (HO)
)
(/usr/share/texlive/texmf-dist/tex/generic/kvdefinekeys/kvdefinekeys.sty
Package: kvdefinekeys 2019-12-19 v1.6 Define keys (HO)
)
(/usr/share/texlive/texmf-dist/tex/generic/pdfescape/pdfescape.sty
Package: pdfescape 2019/12/09 v1.15 Implements pdfTeX's escape features (HO)

(/usr/share/texlive/texmf-dist/tex/generic/ltxcmds/ltxcmds.sty
Package: ltxcmds 2023-12-04 v1.26 LaTeX kernel commands for general use (HO)
)
(/usr/share/texlive/texmf-dist/tex/generic/pdftexcmds/pdftexcmds.sty
Package: pdftexcmds 2020-06-27 v0.33 Utility functions of pdfTeX for LuaTeX (HO
)

(/usr/share/texlive/texmf-dist/tex/generic/infwarerr/infwarerr.sty
Package: infwarerr 2019/12/03 v1.5 Providing info/warning/error messages (HO)
)
Package pdftexcmds Info: \pdf@primitive is available.
Package pdftexcmds Info: \pdf@ifprimitive is available.
Package pdftexcmds Info: \pdfdraftmode found.
))
(/usr/share/texlive/texmf-dist/tex/latex/hycolor/hycolor.sty
Package: hycolor 2020-01-27 v1.10 Color options for hyperref/bookmark (HO)
)
(/usr/share/texlive/texmf-dist/tex/latex/auxhook/auxhook.sty
Package: auxhook 2019-12-17 v1.6 Hooks for auxiliary files (HO)
)
(/usr/share/texlive/texmf-dist/tex/latex/hyperref/nameref.sty
Package: nameref 2023-11-26 v2.56 Cross-referencing by name of section

(/usr/share/texlive/texmf-dist/tex/latex/refcount/refcount.sty
Package: refcount 2019/12/15 v3.6 Data extraction from label references (HO)
)
(/usr/share/texlive/texmf-dist/tex/generic/gettitlestring/gettitlestring.sty
Package: gettitlestring 2019/12/15 v1.6 Cleanup title references (HO)

(/usr/share/texlive/texmf-dist/tex/latex/kvoptions/kvoptions.sty
Package: kvoptions 2022-06-15 v3.15 Key value format for package options (HO)
))
\c@section@level=\count307
)
(/usr/share/texlive/texmf-dist/tex/latex/etoolbox/etoolbox.sty
Package: etoolbox 2020/10/05 v2.5k e-TeX tools for LaTeX (JAW)
\etb@tempcnta=\count308
)
\@linkdim=\dimen291
\Hy@linkcounter=\count309
\Hy@pagecounter=\count310

(/usr/share/texlive/texmf-dist/tex/latex/hyperref/pd1enc.def
File: pd1enc.def 2024-01-20 v7.01h Hyperref: PDFDocEncoding definition (HO)
Now handling font encoding PD1 ...
... no UTF-8 mapping file for font encoding PD1
)
(/usr/share/texlive/texmf-dist/tex/generic/intcalc/intcalc.sty
Package: intcalc 2019/12/15 v1.3 Expandable calculations with integers (HO)
)
\Hy@SavedSpaceFactor=\count311

(/usr/share/texlive/texmf-dist/tex/latex/hyperref/puenc.def
File: puenc.def 2024-01-20 v7.01h Hyperref: PDF Unicode definition (HO)
Now handling font encoding PU ...
... no UTF-8 mapping file for font encoding PU
)
Package hyperref Info: Hyper figures OFF on input line 4179.
Package hyperref Info: Link nesting OFF on input line 4184.
Package hyperref Info: Hyper index ON on input line 4187.
Package hyperref Info: Plain pages OFF on input line 4194.
Package hyperref Info: Backreferencing OFF on input line 4199.
Package hyperref Info: Implicit mode ON; LaTeX internals redefined.
Package hyperref Info: Bookmarks ON on input line 4446.
\c@Hy@tempcnt=\count312

(/usr/share/texlive/texmf-dist/tex/latex/url/url.sty
\Urlmuskip=\muskip17
Package: url 2013/09/16  ver 3.4  Verb mode for urls, etc.
)
LaTeX Info: Redefining \url on input line 4784.
\XeTeXLinkMargin=\dimen292

(/usr/share/texlive/texmf-dist/tex/generic/bitset/bitset.sty
Package: bitset 2019/12/09 v1.3 Handle bit-vector datatype (HO)

(/usr/share/texlive/texmf-dist/tex/generic/bigintcalc/bigintcalc.sty
Package: bigintcalc 2019/12/15 v1.5 Expandable calculations on big integers (HO
)
))
\Fld@menulength=\count313
\Field@Width=\dimen293
\Fld@charsize=\dimen294
Package hyperref Info: Hyper figures OFF on input line 6063.
Package hyperref Info: Link nesting OFF on input line 6068.
Package hyperref Info: Hyper index ON on input line 6071.
Package hyperref Info: backreferencing OFF on input line 6078.
Package hyperref Info: Link coloring OFF on input line 6083.
Package hyperref Info: Link coloring with OCG OFF on input line 6088.
Package hyperref Info: PDF/A mode OFF on input line 6093.

(/usr/share/texlive/texmf-dist/tex/latex/base/atbegshi-ltx.sty
Package: atbegshi-ltx 2021/01/10 v1.0c Emulation of the original atbegshi
package with kernel methods
)
\Hy@abspage=\count314
\c@Item=\count315
\c@Hfootnote=\count316
)
Package hyperref Info: Driver (autodetected): hpdftex.

(/usr/share/texlive/texmf-dist/tex/latex/hyperref/hpdftex.def
File: hpdftex.def 2024-01-20 v7.01h Hyperref driver for pdfTeX

(/usr/share/texlive/texmf-dist/tex/latex/base/atveryend-ltx.sty
Package: atveryend-ltx 2020/08/19 v1.0a Emulation of the original atveryend pac
kage
with kernel methods
)
\Fld@listcount=\count317
\c@bookmark@seq@number=\count318

(/usr/share/texlive/texmf-dist/tex/latex/rerunfilecheck/rerunfilecheck.sty
Package: rerunfilecheck 2022-07-10 v1.10 Rerun checks for auxiliary files (HO)

(/usr/share/texlive/texmf-dist/tex/generic/uniquecounter/uniquecounter.sty
Package: uniquecounter 2019/12/15 v1.4 Provide unlimited unique counter (HO)
)
Package uniquecounter Info: New unique counter `rerunfilecheck' on input line 2
85.
)
\Hy@SectionHShift=\skip68
)
(/usr/share/texlive/texmf-dist/tex/latex/microtype/microtype.sty
Package: microtype 2023/03/13 v3.1a Micro-typographical refinements (RS)
\MT@toks=\toks38
\MT@tempbox=\box70
\MT@count=\count319
LaTeX Info: Redefining \noprotrusionifhmode on input line 1059.
LaTeX Info: Redefining \leftprotrusion on input line 1060.
\MT@prot@toks=\toks39
LaTeX Info: Redefining \rightprotrusion on input line 1078.
LaTeX Info: Redefining \textls on input line 1368.
\MT@outer@kern=\dimen295
LaTeX Info: Redefining \textmicrotypecontext on input line 1988.
\MT@listname@count=\count320

(/usr/share/texlive/texmf-dist/tex/latex/microtype/microtype-pdftex.def
File: microtype-pdftex.def 2023/03/13 v3.1a Definitions specific to pdftex (RS)

LaTeX Info: Redefining \lsstyle on input line 902.
LaTeX Info: Redefining \lslig on input line 902.
\MT@outer@space=\skip69
)
Package microtype Info: Loading configuration file microtype.cfg.

(/usr/share/texlive/texmf-dist/tex/latex/microtype/microtype.cfg
File: microtype.cfg 2023/03/13 v3.1a microtype main configuration file (RS)
))
(/usr/share/texlive/texmf-dist/tex/latex/placeins/placeins.sty
Package: placeins 2005/04/18  v 2.2
)
(/usr/share/texlive/texmf-dist/tex/latex/enumitem/enumitem.sty
Package: enumitem 2019/06/20 v3.9 Customized lists
\labelindent=\skip70
\enit@outerparindent=\dimen296
\enit@toks=\toks40
\enit@inbox=\box71
\enit@count@id=\count321
\enitdp@description=\count322
) (./macros.tex)
(./tables/numbers.tex) (./tables/campaign-numbers.tex)
(/usr/share/texlive/texmf-dist/tex/latex/l3backend/l3backend-pdftex.def
File: l3backend-pdftex.def 2024-01-04 L3 backend support: PDF output (pdfTeX)
\l__color_backend_stack_int=\count323
\l__pdf_internal_box=\box72
)
(./main.aux)
\openout1 = `main.aux'.

LaTeX Font Info:    Checking defaults for OML/cmm/m/it on input line 40.
LaTeX Font Info:    ... okay on input line 40.
LaTeX Font Info:    Checking defaults for OMS/cmsy/m/n on input line 40.
LaTeX Font Info:    ... okay on input line 40.
LaTeX Font Info:    Checking defaults for OT1/cmr/m/n on input line 40.
LaTeX Font Info:    ... okay on input line 40.
LaTeX Font Info:    Checking defaults for T1/cmr/m/n on input line 40.
LaTeX Font Info:    ... okay on input line 40.
LaTeX Font Info:    Checking defaults for TS1/cmr/m/n on input line 40.
LaTeX Font Info:    ... okay on input line 40.
LaTeX Font Info:    Checking defaults for OMX/cmex/m/n on input line 40.
LaTeX Font Info:    ... okay on input line 40.
LaTeX Font Info:    Checking defaults for U/cmr/m/n on input line 40.
LaTeX Font Info:    ... okay on input line 40.
LaTeX Font Info:    Checking defaults for PD1/pdf/m/n on input line 40.
LaTeX Font Info:    ... okay on input line 40.
LaTeX Font Info:    Checking defaults for PU/pdf/m/n on input line 40.
LaTeX Font Info:    ... okay on input line 40.
 (/usr/share/texlive/texmf-dist/tex/context/base/mkii/supp-pdf.mkii
[Loading MPS to PDF converter (version 2006.09.02).]
\scratchcounter=\count324
\scratchdimen=\dimen297
\scratchbox=\box73
\nofMPsegments=\count325
\nofMParguments=\count326
\everyMPshowfont=\toks41
\MPscratchCnt=\count327
\MPscratchDim=\dimen298
\MPnumerator=\count328
\makeMPintoPDFobject=\count329
\everyMPtoPDFconversion=\toks42
) (/usr/share/texlive/texmf-dist/tex/latex/epstopdf-pkg/epstopdf-base.sty
Package: epstopdf-base 2020-01-24 v2.11 Base part for package epstopdf
Package epstopdf-base Info: Redefining graphics rule for `.eps' on input line 4
85.

(/usr/share/texlive/texmf-dist/tex/latex/latexconfig/epstopdf-sys.cfg
File: epstopdf-sys.cfg 2010/07/13 v1.3 Configuration of (r)epstopdf for TeX Liv
e
))
Package caption Info: Begin \AtBeginDocument code.
Package caption Info: hyperref package is loaded.
Package caption Info: End \AtBeginDocument code.
Package hyperref Info: Link coloring OFF on input line 40.

(./main.out) (./main.out)
\@outlinefile=\write4
\openout4 = `main.out'.

LaTeX Info: Redefining \microtypecontext on input line 40.
Package microtype Info: Applying patch `item' on input line 40.
Package microtype Info: Applying patch `toc' on input line 40.
Package microtype Info: Applying patch `eqnum' on input line 40.
Package microtype Info: Applying patch `footnote' on input line 40.
Package microtype Info: Applying patch `verbatim' on input line 40.
Package microtype Info: Generating PDF output.
Package microtype Info: Character protrusion enabled (level 2).
Package microtype Info: Using default protrusion set `alltext'.
Package microtype Info: Automatic font expansion enabled (level 2),
(microtype)             stretch: 20, shrink: 20, step: 1, non-selected.
Package microtype Info: Using default expansion set `alltext-nott'.
LaTeX Info: Redefining \showhyphens on input line 40.
Package microtype Info: No adjustment of tracking.
Package microtype Info: No adjustment of interword spacing.
Package microtype Info: No adjustment of character kerning.

(/usr/share/texlive/texmf-dist/tex/latex/microtype/mt-ptm.cfg
File: mt-ptm.cfg 2006/04/20 v1.7 microtype config. file: Times (RS)
)
(/usr/share/texlive/texmf-dist/tex/latex/microtype/mt-cmr.cfg
File: mt-cmr.cfg 2013/05/19 v2.2 microtype config. file: Computer Modern Roman 
(RS)
)
LaTeX Font Info:    Trying to load font information for U+msa on input line 42.


(/usr/share/texlive/texmf-dist/tex/latex/amsfonts/umsa.fd
File: umsa.fd 2013/01/14 v3.01 AMS symbols A
)
(/usr/share/texlive/texmf-dist/tex/latex/microtype/mt-msa.cfg
File: mt-msa.cfg 2006/02/04 v1.1 microtype config. file: AMS symbols (a) (RS)
)
LaTeX Font Info:    Trying to load font information for U+msb on input line 42.


(/usr/share/texlive/texmf-dist/tex/latex/amsfonts/umsb.fd
File: umsb.fd 2013/01/14 v3.01 AMS symbols B
)
(/usr/share/texlive/texmf-dist/tex/latex/microtype/mt-msb.cfg
File: mt-msb.cfg 2005/06/01 v1.0 microtype config. file: AMS symbols (b) (RS)
) [1{/var/lib/texmf/fonts/map/pdftex/updmap/pdftex.map}{/usr/share/texlive/texm
f-dist/fonts/enc/dvips/base/8r.enc}

] [2] [3] [4] [5] (./tables/TR_cg_main.tex)
(./tables/TR_burgers_comparison.tex)
<figures/fig_tunability_family.pdf, id=564, 520.34402pt x 158.99399pt>
File: figures/fig_tunability_family.pdf Graphic file (type pdf)
<use figures/fig_tunability_family.pdf>
Package pdftex.def Info: figures/fig_tunability_family.pdf  used on input line 
538.
(pdftex.def)             Requested size: 373.63686pt x 114.17232pt.
 [6] (./tables/TR_correction_main.tex)
[7 <./figures/fig_tunability_family.pdf>] (./tables/TR_lshape_main.tex)
[8] (./bib-inline.tex [9] [10] [11] [12]) [13] (./sections/appendix.tex
(./tables/T00_glance.tex
Underfull \hbox (badness 3989) in paragraph at lines 10--10
[]|\T1/ptm/m/n/7 (+20) Three-seed re-train-
 []


Underfull \hbox (badness 10000) in paragraph at lines 12--12
[]|\T1/ptm/m/n/7 (+20) Burgers $\OT1/cmr/m/n/7 256[]$\T1/ptm/m/n/7 (+20) --
 []


Underfull \hbox (badness 1168) in paragraph at lines 14--14
[]|\T1/ptm/m/n/7 (+20) Burgers, Pois-son
 []


Underfull \hbox (badness 10000) in paragraph at lines 18--18
[]|\T1/ptm/m/n/7 (+20) Burgers $\OT1/cmr/m/n/7 256[]$\T1/ptm/m/n/7 (+20) ,
 []


Underfull \hbox (badness 10000) in paragraph at lines 19--19
[]|\T1/ptm/m/n/7 (+20) Burgers $\OT1/cmr/m/n/7 256[]$\T1/ptm/m/n/7 (+20) ;
 []


Underfull \hbox (badness 10000) in paragraph at lines 20--20
[]|\T1/ptm/m/n/7 (+20) Head ab-la-tion,
 []


Underfull \hbox (badness 10000) in paragraph at lines 20--20
[]|\T1/ptm/m/n/7 (+20) Burgers $\OT1/cmr/m/n/7 256[]$\T1/ptm/m/n/7 (+20) ;
 []


Underfull \hbox (badness 10000) in paragraph at lines 20--20
[]|\T1/ptm/m/n/7 (+20) 2 (head-
 []


Underfull \hbox (badness 10000) in paragraph at lines 20--21
[]|\T1/ptm/m/n/7 (+20) Tables []F.17[], []F.18[], []F.28[];
 []


Underfull \hbox (badness 10000) in paragraph at lines 22--22
[]|\T1/ptm/m/n/7 (+20) Poisson, heat,
 []


Underfull \hbox (badness 10000) in paragraph at lines 22--22
\T1/ptm/m/n/7 (+20) waves $\OT1/cmr/m/n/7 64[]$\T1/ptm/m/n/7 (+20) --
 []


Underfull \hbox (badness 10000) in paragraph at lines 24--24
[]|\T1/ptm/m/n/7 (+20) L-shape $\OT1/cmr/m/n/7 64[]$\T1/ptm/m/n/7 (+20) --
 []


Underfull \hbox (badness 10000) in paragraph at lines 27--27
[]|\T1/ptm/m/n/7 (+20) SMA-NM-ROM
 []

) (./sections/method-details.tex [14

] [15]) (./figures/architecture.tex)
[16]
Underfull \hbox (badness 2253) in paragraph at lines 72--72
[]|$\OML/cmm/m/it/7 R$ \T1/ptm/m/n/7 (+20) out-puts per
 []

LaTeX Font Info:    Trying to load font information for T1+pcr on input line 96
.
(/usr/share/texlive/texmf-dist/tex/latex/psnfss/t1pcr.fd
File: t1pcr.fd 2001/06/04 font definitions for T1/pcr.
)
Package microtype Info: Loading generic protrusion settings for font family
(microtype)             `pcr' (encoding: T1).
(microtype)             For optimal results, create family-specific settings.
(microtype)             See the microtype manual for details.

(./tables/T02_provenance.tex
Underfull \hbox (badness 10000) in paragraph at lines 8--8
[]|\T1/ptm/m/n/6 (+20) NVIDIA A100 80GB
 []


Underfull \hbox (badness 10000) in paragraph at lines 8--8
[]|\T1/ptm/m/n/6 (+20) f3c5fbed8a21.../
 []


Underfull \hbox (badness 10000) in paragraph at lines 8--9
[]|\T1/ptm/m/n/6 (+20) incumbent (gate check-
 []


Underfull \hbox (badness 10000) in paragraph at lines 9--9
[]|\T1/ptm/m/n/6 (+20) NVIDIA A100 80GB
 []


Underfull \hbox (badness 10000) in paragraph at lines 9--9
[]|\T1/ptm/m/n/6 (+20) f3c5fbed8a21.../
 []


Underfull \hbox (badness 10000) in paragraph at lines 9--10
[]|\T1/ptm/m/n/6 (+20) incumbent (gate check-
 []


Underfull \hbox (badness 10000) in paragraph at lines 10--10
[]|\T1/ptm/m/n/6 (+20) f3c5fbed8a21.../
 []


Underfull \hbox (badness 10000) in paragraph at lines 10--11
[]|\T1/ptm/m/n/6 (+20) incumbent (gate check-
 []


Underfull \hbox (badness 1292) in paragraph at lines 11--11
[]|\T1/ptm/m/n/6 (+20) G1 = 3780175 (NVIDIA A100 80GB
 []


Underfull \hbox (badness 1107) in paragraph at lines 11--11
\T1/ptm/m/n/6 (+20) PCIE-40GB), S1 = 3780178 (NVIDIA
 []


Underfull \hbox (badness 10000) in paragraph at lines 11--11
\T1/ptm/m/n/6 (+20) A100-PCIE-40GB), E1 = 3783898
 []


Underfull \hbox (badness 10000) in paragraph at lines 11--11
\T1/ptm/m/n/6 (+20) (NVIDIA A100-PCIE-40GB), E2 =
 []


Underfull \hbox (badness 10000) in paragraph at lines 11--11
[]|\T1/ptm/m/n/6 (+20) ed431edb498a /
 []


Underfull \hbox (badness 10000) in paragraph at lines 12--12
[]|\T1/ptm/m/n/6 (+20) NVIDIA A100 80GB
 []


Underfull \hbox (badness 10000) in paragraph at lines 13--13
[]|\T1/ptm/m/n/6 (+20) NVIDIA A100 80GB
 []


Underfull \hbox (badness 10000) in paragraph at lines 14--14
[]|\T1/ptm/m/n/6 (+20) NVIDIA A100 80GB
 []


Underfull \hbox (badness 6608) in paragraph at lines 15--15
\T1/ptm/m/n/6 (+20) com-mit ace8936e42b3...); bet301 =
 []


Underfull \hbox (badness 10000) in paragraph at lines 15--15
\T1/ptm/m/n/6 (+20) 3783811 (NVIDIA A100-PCIE-40GB,
 []


Underfull \hbox (badness 10000) in paragraph at lines 16--16
[]|\T1/ptm/m/n/6 (+20) NVIDIA A100-PCIE-
 []


Underfull \hbox (badness 10000) in paragraph at lines 17--17
[]|\T1/ptm/m/n/6 (+20) NVIDIA A100 80GB
 []


Underfull \hbox (badness 10000) in paragraph at lines 18--18
[]|\T1/ptm/m/n/6 (+20) p-linear + lshape (sec-
 []


Underfull \hbox (badness 1721) in paragraph at lines 19--19
[]|\T1/ptm/m/n/6 (+20) b-lowvisc (ap-pendix; F4
 []


Underfull \hbox (badness 10000) in paragraph at lines 19--19
[]|\T1/ptm/m/n/6 (+20) NVIDIA A100-PCIE-
 []


Underfull \hbox (badness 4569) in paragraph at lines 19--19
[]|\T1/ptm/m/n/6 (+20) gate 2cf5dc34; train
 []


Underfull \hbox (badness 10000) in paragraph at lines 19--19
\T1/ptm/m/n/6 (+20) 98aadc39; panel
 []


Underfull \hbox (badness 10000) in paragraph at lines 19--20
[]|\T1/ptm/m/n/6 (+20) low-viscosity check-point
 []


Underfull \hbox (badness 2088) in paragraph at lines 20--20
\T1/ptm/m/n/6 (+20) ($\OML/cmm/m/it/6 K[]\OT1/cmr/m/n/6 16$\T1/ptm/m/n/6 (+20) 
, $\OML/cmm/m/it/6 R[]\OT1/cmr/m/n/6 256$\T1/ptm/m/n/6 (+20) , 2048 tra-jec-to-
ries);
 []


Underfull \hbox (badness 5970) in paragraph at lines 21--22
[]|\T1/ptm/m/n/6 (+20) frozen K=16 bank; heads
 []


Underfull \hbox (badness 10000) in paragraph at lines 22--22
[]|\T1/ptm/m/n/6 (+20) NVIDIA A100 80GB
 []


Underfull \hbox (badness 4927) in paragraph at lines 23--23
[]|$\OT1/cmr/m/n/6 64[]$\T1/ptm/m/n/6 (+20) : job 3780447 (NVIDIA A100
 []


Underfull \hbox (badness 3199) in paragraph at lines 23--23
\T1/ptm/m/n/6 (+20) (NVIDIA A100 80GB PCIe, com-mit
 []


Underfull \hbox (badness 10000) in paragraph at lines 24--24
[]|\T1/ptm/m/n/6 (+20) NVIDIA A100-PCIE-
 []


Underfull \hbox (badness 1565) in paragraph at lines 25--25
\T1/ptm/m/n/6 (+20) job 3783813 (NVIDIA H200, com-mit
 []


Underfull \hbox (badness 10000) in paragraph at lines 25--26
[]|\T1/ptm/m/n/6 (+20) R=512/K=32 check-point
 []


Underfull \hbox (badness 10000) in paragraph at lines 26--26
[]|\T1/ptm/m/n/6 (+20) pinned in ta-
 []


Underfull \hbox (badness 2717) in paragraph at lines 27--27
[]|\T1/ptm/m/n/6 (+20) no-second (5 of 8 jobs
 []


Underfull \hbox (badness 7451) in paragraph at lines 27--27
\T1/ptm/m/n/6 (+20) counted; two pream-ble
 []


Underfull \hbox (badness 10000) in paragraph at lines 27--28
[]|\T1/ptm/m/n/6 (+20) operator check-points hash-
 []


Underfull \hbox (badness 10000) in paragraph at lines 28--28
[]|\T1/ptm/m/n/6 (+20) 3745655 (spd01), 3745656 (fine01),
 []


Underfull \hbox (badness 10000) in paragraph at lines 30--30
[]|\T1/ptm/m/n/6 (+20) training 3783786; solves 3784662,
 []


Underfull \hbox (badness 10000) in paragraph at lines 30--30
[]|\T1/ptm/m/n/6 (+20) NVIDIA A100 80GB
 []


Underfull \hbox (badness 10000) in paragraph at lines 32--32
[]|\T1/ptm/m/n/6 (+20) NVIDIA A100-PCIE-
 []

)

LaTeX Warning: `h' float specifier changed to `ht'.

(./tables/T02b_retracted.tex)

LaTeX Warning: `h' float specifier changed to `ht'.

(./tables/T02c_inflight.tex)

LaTeX Warning: `h' float specifier changed to `ht'.

(./tables/T01_problems.tex
Underfull \hbox (badness 10000) in paragraph at lines 8--8
[]|$\OT1/cmr/m/n/6 256[]$ \T1/ptm/m/n/6 (+20) (lad-der
 []


Underfull \hbox (badness 10000) in paragraph at lines 8--8
[]|$\OT1/cmr/m/n/6 ^^A\OML/cmm/m/it/6 t \OT1/cmr/m/n/6 = 0\OML/cmm/m/it/6 :\OT1
/cmr/m/n/6 005$\T1/ptm/m/n/6 (+20) ,
 []


Underfull \hbox (badness 1014) in paragraph at lines 8--8
\T1/ptm/m/n/6 (+20) back-ward Eu-ler, sign-
 []


Underfull \hbox (badness 10000) in paragraph at lines 8--8
[]|\T1/ptm/m/n/6 (+20) refined $\OT1/cmr/m/n/6 4096[]$\T1/ptm/m/n/6 (+20) ,
 []


Underfull \hbox (badness 1325) in paragraph at lines 8--9
\T1/ptm/m/n/6 (+20) held-out (tun-ing); sealed
 []


Underfull \hbox (badness 1215) in paragraph at lines 8--9
\T1/ptm/m/n/6 (+20) co-hort opened once (job
 []


Underfull \hbox (badness 7649) in paragraph at lines 11--11
[]|$\OML/cmm/m/it/6 u[] \OT1/cmr/m/n/6 = \OML/cmm/m/it/6 c[]\OT1/cmr/m/n/6 ^^A\
OML/cmm/m/it/6 u$\T1/ptm/m/n/6 (+20) , $\OT1/cmr/m/n/6 (0\OML/cmm/m/it/6 ; \OT1
/cmr/m/n/6 1)[]$\T1/ptm/m/n/6 (+20) ,
 []


Underfull \hbox (badness 10000) in paragraph at lines 11--11
[]|$\OT1/cmr/m/n/6 64[]$\T1/ptm/m/n/6 (+20) , $\OT1/cmr/m/n/6 256[]$\T1/ptm/m/n
/6 (+20) ,
 []


Underfull \hbox (badness 2213) in paragraph at lines 11--11
\T1/ptm/m/n/6 (+20) ex-act modal prop-a-ga-
 []


Underfull \hbox (badness 1997) in paragraph at lines 12--12
[]|$\OML/cmm/m/it/6 K \OMS/cmsy/m/n/6 2 f\OT1/cmr/m/n/6 16\OML/cmm/m/it/6 ; \OT
1/cmr/m/n/6 32\OMS/cmsy/m/n/6 g$\T1/ptm/m/n/6 (+20) ,
 []


Underfull \hbox (badness 10000) in paragraph at lines 12--12
\OML/cmm/m/it/6 R \OMS/cmsy/m/n/6 2
 []


Underfull \hbox (badness 10000) in paragraph at lines 12--12
[]|\T1/ptm/m/n/6 (+20) sparse di-rect (Su-
 []

)

LaTeX Warning: `h' float specifier changed to `ht'.

(./tables/T01b_spec.tex
Underfull \hbox (badness 2762) in paragraph at lines 8--8
\OML/cmm/m/it/7 w \OMS/cmsy/m/n/7 ^^X \OML/cmm/m/it/7 U\OT1/cmr/m/n/7 (0\OML/cm
m/m/it/7 :\OT1/cmr/m/n/7 05\OML/cmm/m/it/7 ; \OT1/cmr/m/n/7 0\OML/cmm/m/it/7 :\
OT1/cmr/m/n/7 20)$\T1/ptm/m/n/7 (+20) , $\OML/cmm/m/it/7 a \OMS/cmsy/m/n/7 ^^X 
\OML/cmm/m/it/7 U\OT1/cmr/m/n/7 (0\OML/cmm/m/it/7 :\OT1/cmr/m/n/7 5\OML/cmm/m/i
t/7 ; \OT1/cmr/m/n/7 2)$\T1/ptm/m/n/7 (+20) ; $\OML/cmm/m/it/7 ^^W \OMS/cmsy/m/
n/7 ^^X
 []


Underfull \hbox (badness 10000) in paragraph at lines 8--9
[]|$\T1/pcr/m/n/7 experiments /
 []


Underfull \hbox (badness 10000) in paragraph at lines 8--9
\T1/pcr/m/n/7 mr -[] burgers2d /
 []


Underfull \hbox (badness 10000) in paragraph at lines 8--9
\T1/pcr/m/n/7 engines . py :
 []


Underfull \hbox (badness 10000) in paragraph at lines 9--10
[]|$\T1/pcr/m/n/7 multistage -[]
 []


Underfull \hbox (badness 10000) in paragraph at lines 9--10
\T1/pcr/m/n/7 precision / ms _
 []


Underfull \hbox (badness 10000) in paragraph at lines 9--10
\T1/pcr/m/n/7 parametric . py :
 []


Underfull \hbox (badness 10000) in paragraph at lines 10--10
[]|\T1/ptm/m/n/7 (+20) Poisson, L-
 []


Underfull \hbox (badness 6316) in paragraph at lines 10--10
[]|\T1/ptm/m/n/7 (+20) same source fam-ily on
 []


Underfull \hbox (badness 10000) in paragraph at lines 10--11
[]|$\T1/pcr/m/n/7 experiments /
 []


Underfull \hbox (badness 10000) in paragraph at lines 11--11
[]|\T1/ptm/m/n/7 (+20) polynomial-boundary Gaus-sian fam-ily (sin-
 []


Underfull \hbox (badness 3428) in paragraph at lines 11--12
[]|\T1/ptm/m/n/7 (+20) heat linear-bank re-port,
 []


Underfull \hbox (badness 10000) in paragraph at lines 12--12
[]|\T1/ptm/m/n/7 (+20) compact bump $\OMS/cmsy/m/n/7 ^^B$ \T1/ptm/m/n/7 (+20) G
aus-sian: half-widths
 []


Underfull \hbox (badness 10000) in paragraph at lines 12--12
\OML/cmm/m/it/7 s[] \OMS/cmsy/m/n/7 ^^X \OML/cmm/m/it/7 U\OT1/cmr/m/n/7 (0\OML/
cmm/m/it/7 :\OT1/cmr/m/n/7 36\OML/cmm/m/it/7 ; \OT1/cmr/m/n/7 0\OML/cmm/m/it/7 
:\OT1/cmr/m/n/7 42)$\T1/ptm/m/n/7 (+20) , cen-tre $\OML/cmm/m/it/7 c[] \OMS/cms
y/m/n/7 ^^X
 []


Underfull \hbox (badness 3861) in paragraph at lines 12--12
\OML/cmm/m/it/7 ^^[[] \OMS/cmsy/m/n/7 ^^X \OML/cmm/m/it/7 U\OT1/cmr/m/n/7 (0\OM
L/cmm/m/it/7 :\OT1/cmr/m/n/7 12\OML/cmm/m/it/7 ; \OT1/cmr/m/n/7 0\OML/cmm/m/it/
7 :\OT1/cmr/m/n/7 16)$\T1/ptm/m/n/7 (+20) , ad-vec-tive ve-loc-ity $\OML/cmm/m/
it/7 v[] \OMS/cmsy/m/n/7 ^^X
 []


Underfull \hbox (badness 10000) in paragraph at lines 12--12
\OML/cmm/m/it/7 U\OT1/cmr/m/n/7 (\OMS/cmsy/m/n/7 ^^@\OT1/cmr/m/n/7 0\OML/cmm/m/
it/7 :\OT1/cmr/m/n/7 5\OML/cmm/m/it/7 ; \OT1/cmr/m/n/7 0\OML/cmm/m/it/7 :\OT1/c
mr/m/n/7 5)$ \T1/ptm/m/n/7 (+20) (zero ev-ery fourth case); speed
 []


Underfull \hbox (badness 10000) in paragraph at lines 12--13
[]|$\T1/pcr/m/n/7 experiments /
 []


Underfull \hbox (badness 10000) in paragraph at lines 12--13
\T1/pcr/m/n/7 multiresolution -[]
 []


Underfull \hbox (badness 10000) in paragraph at lines 12--13
\T1/pcr/m/n/7 wave / audit _
 []


Underfull \hbox (badness 10000) in paragraph at lines 12--13
\T1/pcr/m/n/7 dynamics . py :
 []

)

LaTeX Warning: `h' float specifier changed to `ht'.

(./tables/T17_offline_cost.tex
Underfull \hbox (badness 2111) in paragraph at lines 8--9
[]|\T1/ptm/m/n/7 (+20) b-head-train job 3745912 (A100-
 []


Underfull \hbox (badness 2111) in paragraph at lines 9--10
[]|\T1/ptm/m/n/7 (+20) b-head-train job 3745912 (A100-
 []


Underfull \hbox (badness 1546) in paragraph at lines 11--11
[]|\T1/ptm/m/n/7 (+20) certified EQ rule, $\OML/cmm/m/it/7 q \OT1/cmr/m/n/7 = 0
$\T1/ptm/m/n/7 (+20) , $\OML/cmm/m/it/7 m \OT1/cmr/m/n/7 = 1024$ \T1/ptm/m/n/7 
(+20) (reach-able,
 []


Underfull \hbox (badness 1102) in paragraph at lines 12--12
[]|\T1/ptm/m/n/7 (+20) certified EQ rule, $\OML/cmm/m/it/7 q \OT1/cmr/m/n/7 = 1
6$\T1/ptm/m/n/7 (+20) , $\OML/cmm/m/it/7 m \OT1/cmr/m/n/7 = 1024$ \T1/ptm/m/n/7
 (+20) (reach-able,
 []


Underfull \hbox (badness 1102) in paragraph at lines 13--13
[]|\T1/ptm/m/n/7 (+20) certified EQ rule, $\OML/cmm/m/it/7 q \OT1/cmr/m/n/7 = 3
2$\T1/ptm/m/n/7 (+20) , $\OML/cmm/m/it/7 m \OT1/cmr/m/n/7 = 1024$ \T1/ptm/m/n/7
 (+20) (reach-able,
 []


Underfull \hbox (badness 1102) in paragraph at lines 14--14
[]|\T1/ptm/m/n/7 (+20) certified EQ rule, $\OML/cmm/m/it/7 q \OT1/cmr/m/n/7 = 6
4$\T1/ptm/m/n/7 (+20) , $\OML/cmm/m/it/7 m \OT1/cmr/m/n/7 = 1024$ \T1/ptm/m/n/7
 (+20) (reach-able,
 []


Underfull \hbox (badness 2617) in paragraph at lines 15--15
[]|\T1/ptm/m/n/7 (+20) certified EQ rule, $\OML/cmm/m/it/7 q \OT1/cmr/m/n/7 = 1
28$\T1/ptm/m/n/7 (+20) , $\OML/cmm/m/it/7 m \OT1/cmr/m/n/7 = 2048$ \T1/ptm/m/n/
7 (+20) (fs64,
 []


Underfull \hbox (badness 2617) in paragraph at lines 16--16
[]|\T1/ptm/m/n/7 (+20) certified EQ rule, $\OML/cmm/m/it/7 q \OT1/cmr/m/n/7 = 2
56$\T1/ptm/m/n/7 (+20) , $\OML/cmm/m/it/7 m \OT1/cmr/m/n/7 = 2048$ \T1/ptm/m/n/
7 (+20) (fs64,
 []

)

LaTeX Warning: `h' float specifier changed to `ht'.

(./tables/T19_solver_variants.tex)

LaTeX Warning: `h' float specifier changed to `ht'.

<figures/fig_eq_certification.pdf, id=870, 260.17201pt x 187.902pt>
File: figures/fig_eq_certification.pdf Graphic file (type pdf)
<use figures/fig_eq_certification.pdf>
Package pdftex.def Info: figures/fig_eq_certification.pdf  used on input line 1
61.
(pdftex.def)             Requested size: 238.49341pt x 172.25262pt.

LaTeX Warning: `h' float specifier changed to `ht'.

(./tables/T04_rank_vs_tests.tex)

LaTeX Warning: `h' float specifier changed to `ht'.

(./tables/T07_three_layers.tex)

LaTeX Warning: `h' float specifier changed to `ht'.

(./tables/T11b_poisson.tex)

LaTeX Warning: `h' float specifier changed to `ht'.

(./tables/T11d_heat.tex)

LaTeX Warning: `h' float specifier changed to `ht'.

(./tables/T14_operators.tex)

LaTeX Warning: `h' float specifier changed to `ht'.

(./tables/T03_tunability.tex)

LaTeX Warning: `h' float specifier changed to `ht'.

(./tables/T03b_tunability.tex)

LaTeX Warning: `h' float specifier changed to `ht'.

(./tables/T03c_tunability.tex)

LaTeX Warning: `h' float specifier changed to `ht'.

(./tables/T05_panel_all.tex)

LaTeX Warning: `h' float specifier changed to `ht'.

(./tables/T05b_panel_all.tex)

LaTeX Warning: `h' float specifier changed to `ht'.

(./tables/T05c_panel_all.tex)

LaTeX Warning: `h' float specifier changed to `ht'.

(./tables/T04b_fixed_q.tex)

LaTeX Warning: `h' float specifier changed to `ht'.

(./tables/T06a_head_burgers.tex)

LaTeX Warning: `h' float specifier changed to `ht'.

(./tables/T06b_head_poisson.tex)

LaTeX Warning: `h' float specifier changed to `ht'.

(./tables/T08_solver_knobs.tex)

LaTeX Warning: `h' float specifier changed to `ht'.

(./tables/T08b_cold_start.tex)

LaTeX Warning: `h' float specifier changed to `ht'.

(./tables/T09b_eq_certification.tex
Underfull \hbox (badness 10000) in paragraph at lines 8--8
[]|\T1/ptm/m/n/7 (+20) this_job/std, $\OML/cmm/m/it/7 m[]\OT1/cmr/m/n/7 512$\T1
/ptm/m/n/7 (+20) , 64 states,
 []


Underfull \hbox (badness 10000) in paragraph at lines 8--8
[]|\T1/ptm/m/n/7 (+20) this_job/rhow64, $\OML/cmm/m/it/7 m[]\OT1/cmr/m/n/7 622$
\T1/ptm/m/n/7 (+20) , 64 states,
 []


Underfull \hbox (badness 10000) in paragraph at lines 9--9
[]|\T1/ptm/m/n/7 (+20) this_job/std, $\OML/cmm/m/it/7 m[]\OT1/cmr/m/n/7 512$\T1
/ptm/m/n/7 (+20) , 64 states,
 []


Underfull \hbox (badness 10000) in paragraph at lines 9--9
[]|\T1/ptm/m/n/7 (+20) this_job/std, $\OML/cmm/m/it/7 m[]\OT1/cmr/m/n/7 1024$\T
1/ptm/m/n/7 (+20) , 64 states,
 []


Underfull \hbox (badness 2671) in paragraph at lines 10--10
[]|\T1/ptm/m/n/7 (+20) qrg304/reachable, $\OML/cmm/m/it/7 m[]\OT1/cmr/m/n/7 102
4$\T1/ptm/m/n/7 (+20) , 42 states,
 []


Underfull \hbox (badness 2671) in paragraph at lines 10--10
[]|\T1/ptm/m/n/7 (+20) qrg304/reachable, $\OML/cmm/m/it/7 m[]\OT1/cmr/m/n/7 102
4$\T1/ptm/m/n/7 (+20) , 42 states,
 []


Underfull \hbox (badness 2671) in paragraph at lines 11--11
[]|\T1/ptm/m/n/7 (+20) qrg304/reachable, $\OML/cmm/m/it/7 m[]\OT1/cmr/m/n/7 102
4$\T1/ptm/m/n/7 (+20) , 25 states,
 []


Underfull \hbox (badness 2671) in paragraph at lines 11--11
[]|\T1/ptm/m/n/7 (+20) qrg304/reachable, $\OML/cmm/m/it/7 m[]\OT1/cmr/m/n/7 102
4$\T1/ptm/m/n/7 (+20) , 25 states,
 []


Underfull \hbox (badness 10000) in paragraph at lines 12--12
[]|\T1/ptm/m/n/7 (+20) this_job/fs64, $\OML/cmm/m/it/7 m[]\OT1/cmr/m/n/7 2048$\
T1/ptm/m/n/7 (+20) , 64 states,
 []


Underfull \hbox (badness 5288) in paragraph at lines 12--12
[]|\T1/ptm/m/n/7 (+20) this_job/rhow64, $\OML/cmm/m/it/7 m[]\OT1/cmr/m/n/7 2048
$\T1/ptm/m/n/7 (+20) , 64 states,
 []


Underfull \hbox (badness 10000) in paragraph at lines 13--13
[]|\T1/ptm/m/n/7 (+20) this_job/fs64, $\OML/cmm/m/it/7 m[]\OT1/cmr/m/n/7 2048$\
T1/ptm/m/n/7 (+20) , 64 states,
 []

)

LaTeX Warning: `h' float specifier changed to `ht'.

(./tables/T09c_eq_rules_full.tex)

LaTeX Warning: `h' float specifier changed to `ht'.

(./tables/T09c_eq_rules_full_b.tex)

LaTeX Warning: `h' float specifier changed to `ht'.

(./tables/T09_eq_ladder.tex)

LaTeX Warning: `h' float specifier changed to `ht'.

(./tables/T09d_replication.tex
Underfull \hbox (badness 10000) in paragraph at lines 6--7
[]|\T1/ptm/m/n/7 (+20) construction sta-tus (all
 []


Underfull \hbox (badness 1087) in paragraph at lines 8--9
[]|\T1/ptm/m/n/7 (+20) marginal (2 of 6 draws
 []


Underfull \hbox (badness 1087) in paragraph at lines 9--10
[]|\T1/ptm/m/n/7 (+20) marginal (4 of 5 draws
 []


Underfull \hbox (badness 1087) in paragraph at lines 10--11
[]|\T1/ptm/m/n/7 (+20) marginal (0 of 6 draws
 []


Underfull \hbox (badness 1087) in paragraph at lines 11--12
[]|\T1/ptm/m/n/7 (+20) marginal (4 of 5 draws
 []


Underfull \hbox (badness 1087) in paragraph at lines 12--13
[]|\T1/ptm/m/n/7 (+20) marginal (0 of 6 draws
 []


Underfull \hbox (badness 1087) in paragraph at lines 13--14
[]|\T1/ptm/m/n/7 (+20) marginal (1 of 5 draws
 []

)

LaTeX Warning: `h' float specifier changed to `ht'.

(./tables/T10_mesh_ladder.tex)

LaTeX Warning: `h' float specifier changed to `ht'.

(./tables/T11a_waves.tex)

LaTeX Warning: `h' float specifier changed to `ht'.

(./tables/T11c_head_capacity.tex)

LaTeX Warning: `h' float specifier changed to `ht'.

(./tables/T12_seeds.tex) (./tables/T12b_seeds_verdicts.tex)

LaTeX Warning: `h' float specifier changed to `ht'.

(./tables/T13_sealed.tex) (./tables/T13b_sealed_verdicts.tex)

LaTeX Warning: `h' float specifier changed to `ht'.

(./tables/T14c_resolution.tex)

LaTeX Warning: `h' float specifier changed to `ht'.

(./tables/T14d_controls.tex)

LaTeX Warning: `h' float specifier changed to `ht'.

(./tables/T14b_operators_poisson.tex)

LaTeX Warning: `h' float specifier changed to `ht'.

(./tables/T15_speed.tex)

LaTeX Warning: `h' float specifier changed to `ht'.

(./tables/T16_training.tex)

LaTeX Warning: `h' float specifier changed to `ht'.

(./tables/T11e_ns.tex)

LaTeX Warning: `h' float specifier changed to `ht'.

(./tables/T18c_lshape_solve.tex)

LaTeX Warning: `h' float specifier changed to `ht'.

(./tables/T18d_lshape_free.tex)

LaTeX Warning: `h' float specifier changed to `ht'.

(./tables/T18a_lshape_bank.tex) (./tables/T18b_lshape_head.tex)

LaTeX Warning: `h' float specifier changed to `ht'.

(./sections/extended-results.tex [17]
Underfull \vbox (badness 1648) has occurred while \output is active []

 [18]
(./tables/T11f_ns_scaling.tex)

LaTeX Warning: `h' float specifier changed to `ht'.

[19] (./tables/T11g_ns_ladder.tex)

LaTeX Warning: `h' float specifier changed to `ht'.

(./tables/T11h_ns_fom.tex)

LaTeX Warning: `h' float specifier changed to `ht'.


Underfull \vbox (badness 5431) has occurred while \output is active []

 [20]
(./tables/T11i_linear_protocol.tex)

LaTeX Warning: `h' float specifier changed to `ht'.

[21] (./tables/T21_cg_comparator.tex)

LaTeX Warning: `h' float specifier changed to `ht'.


Underfull \vbox (badness 10000) has occurred while \output is active []

 [22 <./figures/fig_eq_certification.pdf>] [23] (./tables/T20_lowvisc_ladder.te
x)

LaTeX Warning: `h' float specifier changed to `ht'.

(./tables/T20b_lowvisc_panel.tex)

LaTeX Warning: `h' float specifier changed to `ht'.

) (./sections/campaign-supplement.tex [24] [25] [26] [27] [28] [29] [30]
[31] [32] [33] [34] [35] [36] [37] [38] [39] [40]
(./tables/TC_oracle_confirmation.tex) [41

] (./tables/TC_development_sources.tex) (./tables/TC_development_setup.tex)

LaTeX Warning: `h' float specifier changed to `ht'.

[42

] [43] (./tables/TC_development_training.tex) [44

]
(./tables/TC_development_nmrom.tex) (./sections/campaign-panels-generated.tex
[45

] (./tables/TC_development_0.tex)
<evidence/campaign-2026-09-20/burgers3d-b3d004-n33.pdf, id=1125, 722.7pt x 303.
534pt>
File: evidence/campaign-2026-09-20/burgers3d-b3d004-n33.pdf Graphic file (type 
pdf)
<use evidence/campaign-2026-09-20/burgers3d-b3d004-n33.pdf>
Package pdftex.def Info: evidence/campaign-2026-09-20/burgers3d-b3d004-n33.pdf 
 used on input line 17.
(pdftex.def)             Requested size: 397.48499pt x 166.9442pt.
 [46

 <./evidence/campaign-2026-09-20/burgers3d-b3d004-n33.pdf>] (./tables/TC_develo
pment_1.tex)
<evidence/campaign-2026-09-20/heat3d-extra03-n64.pdf, id=1193, 722.7pt x 303.53
4pt>
File: evidence/campaign-2026-09-20/heat3d-extra03-n64.pdf Graphic file (type pd
f)
<use evidence/campaign-2026-09-20/heat3d-extra03-n64.pdf>
Package pdftex.def Info: evidence/campaign-2026-09-20/heat3d-extra03-n64.pdf  u
sed on input line 37.
(pdftex.def)             Requested size: 397.48499pt x 166.9442pt.
 [47

 <./evidence/campaign-2026-09-20/heat3d-extra03-n64.pdf>] (./tables/TC_developm
ent_2.tex)
<evidence/campaign-2026-09-20/poisson3d-extra03-n64.pdf, id=1264, 722.7pt x 303
.534pt>
File: evidence/campaign-2026-09-20/poisson3d-extra03-n64.pdf Graphic file (type
 pdf)
<use evidence/campaign-2026-09-20/poisson3d-extra03-n64.pdf>
Package pdftex.def Info: evidence/campaign-2026-09-20/poisson3d-extra03-n64.pdf
  used on input line 57.
(pdftex.def)             Requested size: 397.48499pt x 166.9442pt.
 [48

 <./evidence/campaign-2026-09-20/poisson3d-extra03-n64.pdf>]
(./tables/TC_development_3.tex)
<evidence/campaign-2026-09-20/ns3d-extra03-n32.pdf, id=1333, 722.7pt x 303.534p
t>
File: evidence/campaign-2026-09-20/ns3d-extra03-n32.pdf Graphic file (type pdf)

<use evidence/campaign-2026-09-20/ns3d-extra03-n32.pdf>
Package pdftex.def Info: evidence/campaign-2026-09-20/ns3d-extra03-n32.pdf  use
d on input line 77.
(pdftex.def)             Requested size: 397.48499pt x 166.9442pt.


LaTeX Warning: `h' float specifier changed to `ht'.

) [49

])

Package enumitem Warning: Negative labelwidth. This does not make much
(enumitem)                sense, on input line 626.


Underfull \vbox (badness 10000) has occurred while \output is active []

 [50 <./evidence/campaign-2026-09-20/ns3d-extra03-n32.pdf>] (./tables/TR_cg_all
.tex)
Underfull \vbox (badness 1939) has occurred while \output is active []

 [51]
(./tables/T05m_panel_summary.tex) (./tables/T04m_fixedM_main.tex))
(./sections/extended-interpretation.tex [52]
Underfull \vbox (badness 3168) has occurred while \output is active []

 [53])
[54] (./main.aux)
 ***********
LaTeX2e <2023-11-01> patch level 1
L3 programming layer <2024-01-22>
 ***********
Package rerunfilecheck Info: File `main.out' has not changed.
(rerunfilecheck)             Checksum: 57CC6F39FE008FFACF0E8C66556FDFC3;11829.
 ) 
Here is how much of TeX's memory you used:
 29539 strings out of 476182
 559037 string characters out of 5795595
 2369975 words of memory out of 5000000
 49959 multiletter control sequences out of 15000+600000
 642993 words of font info for 485 fonts, out of 8000000 for 9000
 14 hyphenation exceptions out of 8191
 84i,14n,87p,2643b,1040s stack positions out of 10000i,1000n,20000p,200000b,200000s
</usr/share/texlive/texmf-dist/fonts/type1/public/amsfonts/cm/cmex10.pfb></us
r/share/texlive/texmf-dist/fonts/type1/public/amsfonts/cm/cmmi10.pfb></usr/shar
e/texlive/texmf-dist/fonts/type1/public/amsfonts/cm/cmmi5.pfb></usr/share/texli
ve/texmf-dist/fonts/type1/public/amsfonts/cm/cmmi6.pfb></usr/share/texlive/texm
f-dist/fonts/type1/public/amsfonts/cm/cmmi7.pfb></usr/share/texlive/texmf-dist/
fonts/type1/public/amsfonts/cm/cmmi9.pfb></usr/share/texlive/texmf-dist/fonts/t
ype1/public/amsfonts/cm/cmr10.pfb></usr/share/texlive/texmf-dist/fonts/type1/pu
blic/amsfonts/cm/cmr5.pfb></usr/share/texlive/texmf-dist/fonts/type1/public/ams
fonts/cm/cmr6.pfb></usr/share/texlive/texmf-dist/fonts/type1/public/amsfonts/cm
/cmr7.pfb></usr/share/texlive/texmf-dist/fonts/type1/public/amsfonts/cm/cmr9.pf
b></usr/share/texlive/texmf-dist/fonts/type1/public/amsfonts/cm/cmsy10.pfb></us
r/share/texlive/texmf-dist/fonts/type1/public/amsfonts/cm/cmsy5.pfb></usr/share
/texlive/texmf-dist/fonts/type1/public/amsfonts/cm/cmsy6.pfb></usr/share/texliv
e/texmf-dist/fonts/type1/public/amsfonts/cm/cmsy7.pfb></usr/share/texlive/texmf
-dist/fonts/type1/public/amsfonts/cm/cmsy9.pfb></usr/share/texlive/texmf-dist/f
onts/type1/public/amsfonts/symbols/msbm10.pfb></usr/share/texlive/texmf-dist/fo
nts/type1/urw/courier/ucrr8a.pfb></usr/share/texlive/texmf-dist/fonts/type1/urw
/helvetic/uhvb8a.pfb></usr/share/texlive/texmf-dist/fonts/type1/urw/times/utmb8
a.pfb></usr/share/texlive/texmf-dist/fonts/type1/urw/times/utmr8a.pfb></usr/sha
re/texlive/texmf-dist/fonts/type1/urw/times/utmri8a.pfb>
Output written on main.pdf (54 pages, 682314 bytes).
PDF statistics:
 1615 PDF objects out of 1728 (max. 8388607)
 1133 compressed objects within 12 object streams
 299 named destinations out of 1000 (max. 500000)
 64443 words of extra memory for PDF output out of 74296 (max. 10000000)

