[jaxrun-slot] slot 2 acquired at 15:20:47
[   30.3s] bank (65536, 512) cond Rb 141.3131792249013
[   39.7s] FOM case 1 nu=0.001123 Re=890 in 8.9s, value check vs ns304 reference 7.861114277235161e-16, newton max 2
[   46.3s] FOM case 0 nu=0.008446 Re=118 in 6.7s, value check vs ns304 reference 4.0366957982293153e-16, newton max 2
[   89.3s] q0_weakM_case1 {"fixed_per_time": [0.018207026908694194, 0.16309675241786967, 0.38259727863789744, 0.49092943262298033, 0.6333236626973319, 0.6876538694125551], "worst_evolved": 0.6876538694125551, "worst_gradient": 8.659285945349073e-07, "seconds": 42.9324049949646}
[  116.9s] q0_weakM_case0 {"fixed_per_time": [0.022046563688844133, 0.14196394480865518, 0.20099587029319804, 0.18602475285149045, 0.1541118191021129, 0.12192994561111999], "worst_evolved": 0.20099587029319804, "worst_gradient": 9.356563247604408e-07, "seconds": 27.641891479492188}
[  167.5s] q0_window_case1 {"fixed_per_time": [0.018207026908694194, 0.16309675241786967, 0.3373423609555836, 0.38934594151361984, 0.41804817097689484, 0.31900749629631076], "worst_evolved": 0.41804817097689484, "worst_gradient": 9.684840144657484e-07, "manifold_at_restarts": [0.018207026894874793, 0.14026438197334498, 0.23740366675688143, 0.23941448405092766, 0.28971242361646177, 0.22476925992938518], "window_excess": [1.381940048506003e-11, 0.022832370444524686, 0.09993869419870219, 0.14993145746269218, 0.12833574736043307, 0.09423823636692558], "seconds": 50.53614592552185}
[  192.5s] q0_window_case0 {"fixed_per_time": [0.022046563688844133, 0.14196394480865518, 0.15222601858035043, 0.10840521934538067, 0.051170088892937324, 0.03320319943621204], "worst_evolved": 0.15222601858035043, "worst_gradient": 9.972511383885937e-07, "manifold_at_restarts": [0.022046563678143664, 0.09210473457095578, 0.12207461794520841, 0.08202583576026402, 0.040020963719373526, 0.027648650471144842], "window_excess": [1.0700468289215337e-11, 0.0498592102376994, 0.030151400635142017, 0.026379383585116642, 0.011149125173563798, 0.005554548965067199], "seconds": 25.070042610168457}
[  223.3s] q0_full_case1 {"fixed_per_time": [0.018207026908694194, 0.16309661589609142, 0.38259717288680695, 0.49092904607420035, 0.6333255205364703, 0.687655234024627], "worst_evolved": 0.687655234024627, "worst_gradient": 8.657994393129338e-07, "seconds": 30.776941537857056}
[  250.5s] q0_full_case0 {"fixed_per_time": [0.022046563688844133, 0.14196364773383863, 0.2009954027804556, 0.18602422870231924, 0.15411167569726386, 0.12192997408647063], "worst_evolved": 0.2009954027804556, "worst_gradient": 9.351712911670824e-07, "seconds": 27.21484351158142}
[  293.0s] q0_weakM_g10_case1 {"fixed_per_time": [0.018207026908694194, 0.16309636069122274, 0.382597920585525, 0.49092725136975685, 0.6333393377700379, 0.6876660588364343], "worst_evolved": 0.6876660588364343, "worst_gradient": 6.590945081688096e-09, "seconds": 42.44303297996521}
[  333.3s] q0_weakM_g10_case0 {"fixed_per_time": [0.022046563688844133, 0.14196477756217446, 0.20099631065986537, 0.18602554921189238, 0.15411161760660996, 0.12193273643635193], "worst_evolved": 0.20099631065986537, "worst_gradient": 3.927517330126679e-09, "seconds": 40.30819296836853}
[  376.0s] q0_weakM_dt_case1 {"fixed_per_time": [0.018207026908694194, 0.1640223592040758, 0.3839297646820979, 0.48929134872747265, 0.6143544823220313, 0.6588380702814283], "worst_evolved": 0.6588380702814283, "worst_gradient": 9.971016969198602e-07, "seconds": 42.7399959564209}
[  412.4s] q0_weakM_dt_case0 {"fixed_per_time": [0.022046563688844133, 0.1433321903572866, 0.20107610573490303, 0.18565444226003414, 0.1537170017287364, 0.12287946234025127], "worst_evolved": 0.20107610573490303, "worst_gradient": 9.984896727908303e-07, "seconds": 36.345593214035034}
[  448.9s] q0_galerkin_case1 {"fixed_per_time": [0.018207026908694194, 0.16599941438073965, 0.38040563254168436, 0.4830428233489142, 0.6034322099654806, 0.706581194161249], "worst_evolved": 0.706581194161249, "worst_gradient": 0.5006504022384966, "seconds": 36.55220341682434}
[  483.1s] q0_galerkin_case0 {"fixed_per_time": [0.022046563688844133, 0.14612689527125458, 0.20098350865932013, 0.18475724924811388, 0.15355345432748183, 0.12973238349637684], "worst_evolved": 0.20098350865932013, "worst_gradient": 0.4297076371947922, "seconds": 34.14699125289917}
[  669.0s] q512_weakM_case1 {"fixed_per_time": [0.0006263345424869222, 0.004227241837785633, 0.031512300267029884, 0.06014870622506888, 0.04610865415517746, 0.05741341149613453], "worst_evolved": 0.06014870622506888, "worst_gradient": 4.0413624984914096e-07, "seconds": 185.91756391525269}
[  842.6s] q512_weakM_case0 {"fixed_per_time": [0.0005488644671304717, 0.0017893351629622166, 0.002440645749005221, 0.0017794505214961825, 0.0008110368098631533, 0.0004447185223983564], "worst_evolved": 0.002440645749005221, "worst_gradient": 3.3113353901312806e-07, "seconds": 173.66214156150818}
[  842.7s] done
[jaxrun-slot] slot 2 released rc=0
