E0827 12:29:30.618664   29416 slow_operation_alarm.cc:73] Constant folding an instruction is taking > 1s:

  %dot_general.62 = f64[256,64516]{1,0} dot(%constant.178, %constant.128), lhs_contracting_dims={1}, rhs_contracting_dims={0}, operand_precision={highest,highest}, metadata={op_name="jit(loss_fn)/jvp()/dot_general" stack_frame_id=35}

This isn't necessarily a bug; constant-folding is inherently a trade-off between compilation time and speed at runtime. XLA has some guards that attempt to keep constant folding from taking too long, but fundamentally you'll always be able to come up with an input program that takes a long time.

If you'd like to file a bug, run with envvar XLA_FLAGS=--xla_dump_to=/tmp/foo and attach the results.
E0827 12:29:35.441051   29298 slow_operation_alarm.cc:140] The operation took 5.822472087s
Constant folding an instruction is taking > 1s:

  %dot_general.62 = f64[256,64516]{1,0} dot(%constant.178, %constant.128), lhs_contracting_dims={1}, rhs_contracting_dims={0}, operand_precision={highest,highest}, metadata={op_name="jit(loss_fn)/jvp()/dot_general" stack_frame_id=35}

This isn't necessarily a bug; constant-folding is inherently a trade-off between compilation time and speed at runtime. XLA has some guards that attempt to keep constant folding from taking too long, but fundamentally you'll always be able to come up with an input program that takes a long time.

If you'd like to file a bug, run with envvar XLA_FLAGS=--xla_dump_to=/tmp/foo and attach the results.
E0827 12:29:37.676003   29416 slow_operation_alarm.cc:73] Constant folding an instruction is taking > 2s:

  %dot_general.73 = f64[128,64516]{1,0} dot(%constant.211, %constant.128), lhs_contracting_dims={1}, rhs_contracting_dims={0}, operand_precision={highest,highest}, metadata={op_name="jit(loss_fn)/jvp()/dot_general" stack_frame_id=105}

This isn't necessarily a bug; constant-folding is inherently a trade-off between compilation time and speed at runtime. XLA has some guards that attempt to keep constant folding from taking too long, but fundamentally you'll always be able to come up with an input program that takes a long time.

If you'd like to file a bug, run with envvar XLA_FLAGS=--xla_dump_to=/tmp/foo and attach the results.
E0827 12:29:38.588833   29298 slow_operation_alarm.cc:140] The operation took 2.912908204s
Constant folding an instruction is taking > 2s:

  %dot_general.73 = f64[128,64516]{1,0} dot(%constant.211, %constant.128), lhs_contracting_dims={1}, rhs_contracting_dims={0}, operand_precision={highest,highest}, metadata={op_name="jit(loss_fn)/jvp()/dot_general" stack_frame_id=105}

This isn't necessarily a bug; constant-folding is inherently a trade-off between compilation time and speed at runtime. XLA has some guards that attempt to keep constant folding from taking too long, but fundamentally you'll always be able to come up with an input program that takes a long time.

If you'd like to file a bug, run with envvar XLA_FLAGS=--xla_dump_to=/tmp/foo and attach the results.
E0827 12:30:04.970293   29416 slow_operation_alarm.cc:73] Constant folding an instruction is taking > 4s:

  %dot_general.47 = f64[256,64516]{1,0} dot(%constant.146, %constant.112), lhs_contracting_dims={1}, rhs_contracting_dims={0}, operand_precision={highest,highest}, metadata={op_name="jit(<lambda>)/dot_general" stack_frame_id=19}

This isn't necessarily a bug; constant-folding is inherently a trade-off between compilation time and speed at runtime. XLA has some guards that attempt to keep constant folding from taking too long, but fundamentally you'll always be able to come up with an input program that takes a long time.

If you'd like to file a bug, run with envvar XLA_FLAGS=--xla_dump_to=/tmp/foo and attach the results.
E0827 12:30:06.778752   29298 slow_operation_alarm.cc:140] The operation took 5.808535573s
Constant folding an instruction is taking > 4s:

  %dot_general.47 = f64[256,64516]{1,0} dot(%constant.146, %constant.112), lhs_contracting_dims={1}, rhs_contracting_dims={0}, operand_precision={highest,highest}, metadata={op_name="jit(<lambda>)/dot_general" stack_frame_id=19}

This isn't necessarily a bug; constant-folding is inherently a trade-off between compilation time and speed at runtime. XLA has some guards that attempt to keep constant folding from taking too long, but fundamentally you'll always be able to come up with an input program that takes a long time.

If you'd like to file a bug, run with envvar XLA_FLAGS=--xla_dump_to=/tmp/foo and attach the results.
