NVIDIA H200, GPU-82ad2379-97ca-7878-e8f3-7e960c158cff, 143771 MiB
jax_backend=gpu
jax_backend=gpu x64=True precision=highest
REPAIR {'case': 0, 'true_residual_history': [4.604551639130353e-09, 8.137899939427991e-11], 'roundoff_floor': 3.1972724593318424e-10, 'reference_change_relative': 9.284459626745729e-14, 'seconds': 3.3359529697336257}
REPAIR {'case': 1, 'true_residual_history': [3.804866002438427e-09, 6.73768655880775e-11], 'roundoff_floor': 2.632032375218373e-10, 'reference_change_relative': 9.455916240421246e-14, 'seconds': 1.31152524612844}
REPAIR {'case': 2, 'true_residual_history': [3.869704171369722e-09, 6.8963645645388e-11], 'roundoff_floor': 2.746842013854009e-10, 'reference_change_relative': 9.93839665849688e-14, 'seconds': 1.2975308718159795}
REPAIR {'case': 3, 'true_residual_history': [5.39932823493181e-09, 9.713044660621846e-11], 'roundoff_floor': 3.8616919490261727e-10, 'reference_change_relative': 8.731630822767592e-14, 'seconds': 1.5857158862054348}
REPAIR {'case': 4, 'true_residual_history': [3.982027254102881e-09, 7.080533877982217e-11], 'roundoff_floor': 2.776409407348422e-10, 'reference_change_relative': 1.1176248965338276e-13, 'seconds': 1.305833465885371}
REPAIR {'case': 5, 'true_residual_history': [4.8124332609970125e-09, 8.694551852612578e-11], 'roundoff_floor': 3.484557264315186e-10, 'reference_change_relative': 9.436377728912085e-14, 'seconds': 1.3833925579674542}
REPAIR {'case': 6, 'true_residual_history': [3.926356948396229e-09, 6.896456789820135e-11], 'roundoff_floor': 2.707381527440845e-10, 'reference_change_relative': 1.3756062520714733e-13, 'seconds': 1.5802109749056399}
REPAIR {'case': 7, 'true_residual_history': [4.778517918797057e-09, 8.615713659960908e-11], 'roundoff_floor': 3.5473065825819986e-10, 'reference_change_relative': 7.131630797549375e-14, 'seconds': 1.2889541052281857}
REPAIR {'case': 8, 'true_residual_history': [6.4013107792673345e-09, 1.1419235534300681e-10], 'roundoff_floor': 4.481803969902668e-10, 'reference_change_relative': 1.843580103667772e-13, 'seconds': 1.847283090930432}
REPAIR {'case': 9, 'true_residual_history': [3.9927574984476634e-09, 7.009314065591278e-11], 'roundoff_floor': 2.737001561314792e-10, 'reference_change_relative': 1.2226810964989168e-13, 'seconds': 1.6776302787475288}
REPAIR {'case': 10, 'true_residual_history': [1.0129194776976503e-09, 1.7592982301329567e-11], 'roundoff_floor': 6.919419201342005e-11, 'reference_change_relative': 4.4389136189753036e-13, 'seconds': 1.4633418750017881}
REPAIR {'case': 11, 'true_residual_history': [4.8539351743858296e-09, 8.742557386944353e-11], 'roundoff_floor': 3.4950529125788857e-10, 'reference_change_relative': 9.838443684054547e-14, 'seconds': 1.3646081215701997}
REPAIR {'case': 12, 'true_residual_history': [7.086401886603734e-09, 1.2778263909943743e-10], 'roundoff_floor': 5.087404292421883e-10, 'reference_change_relative': 7.043910040914157e-14, 'seconds': 1.440747476182878}
REPAIR {'case': 13, 'true_residual_history': [5.431142954036605e-09, 9.633218001830253e-11], 'roundoff_floor': 3.7612403476111357e-10, 'reference_change_relative': 9.08788376374322e-14, 'seconds': 1.3172647408209741}
REPAIR {'case': 14, 'true_residual_history': [6.9221047850963546e-09, 1.2261307586644372e-10], 'roundoff_floor': 4.797125181034481e-10, 'reference_change_relative': 2.1722091327190573e-13, 'seconds': 1.8136729812249541}
REPAIR {'case': 15, 'true_residual_history': [2.3800309623276828e-09, 4.252965334264299e-11], 'roundoff_floor': 1.674938185564625e-10, 'reference_change_relative': 1.9844708505382413e-13, 'seconds': 1.586445061955601}
REPAIR {'case': 16, 'true_residual_history': [5.301264727559772e-09, 9.549746279310668e-11], 'roundoff_floor': 3.880067898470136e-10, 'reference_change_relative': 1.106293206295283e-13, 'seconds': 1.5954591552726924}
REPAIR {'case': 17, 'true_residual_history': [3.4938207514035134e-09, 6.208966974190303e-11], 'roundoff_floor': 2.4538779700972026e-10, 'reference_change_relative': 1.3066445210083526e-13, 'seconds': 1.2724937130697072}
REPAIR {'case': 18, 'true_residual_history': [2.1977981199199e-09, 3.9383032908498505e-11], 'roundoff_floor': 1.6008958241064373e-10, 'reference_change_relative': 2.2143954929690956e-13, 'seconds': 1.6475262236781418}
REPAIR {'case': 19, 'true_residual_history': [2.298719780027111e-09, 4.079518519758376e-11], 'roundoff_floor': 1.6098962675595554e-10, 'reference_change_relative': 1.9111709394745422e-13, 'seconds': 1.3092452250421047}
REPAIR {'case': 20, 'true_residual_history': [2.081065890122561e-09, 3.684296855107176e-11], 'roundoff_floor': 1.446561171939527e-10, 'reference_change_relative': 2.02889792313751e-13, 'seconds': 1.712003078777343}
REPAIR {'case': 21, 'true_residual_history': [1.9298189131215478e-09, 3.389736239970962e-11], 'roundoff_floor': 1.3359691803879247e-10, 'reference_change_relative': 2.019222971051101e-13, 'seconds': 1.6207955526188016}
REPAIR {'case': 22, 'true_residual_history': [3.4997862345287257e-09, 6.238165158966232e-11], 'roundoff_floor': 2.471313641339584e-10, 'reference_change_relative': 1.230706620189222e-13, 'seconds': 1.2839405252598226}
REPAIR {'case': 23, 'true_residual_history': [2.173596528420711e-09, 3.8786656785695034e-11], 'roundoff_floor': 1.546596975825973e-10, 'reference_change_relative': 2.445244943477364e-13, 'seconds': 1.6872183703817427}
REPAIR {'case': 24, 'true_residual_history': [5.307029390544482e-09, 9.420206218797267e-11], 'roundoff_floor': 3.7072938957138405e-10, 'reference_change_relative': 9.111402645987403e-14, 'seconds': 1.2328844550065696}
REPAIR {'case': 25, 'true_residual_history': [2.676811734352995e-09, 4.686217840573036e-11], 'roundoff_floor': 1.8317998493327733e-10, 'reference_change_relative': 1.3088858934553837e-13, 'seconds': 1.2981752981431782}
REPAIR {'case': 26, 'true_residual_history': [5.446394236782925e-09, 9.673077873293646e-11], 'roundoff_floor': 3.7776392944634473e-10, 'reference_change_relative': 6.822483163545437e-14, 'seconds': 1.1749028102494776}
REPAIR {'case': 27, 'true_residual_history': [2.3240174434297586e-09, 4.0966070556395195e-11], 'roundoff_floor': 1.6123317029764422e-10, 'reference_change_relative': 1.996353696658973e-13, 'seconds': 1.6104516834020615}
REPAIR {'case': 28, 'true_residual_history': [1.7391662350370726e-09, 3.145876298068207e-11], 'roundoff_floor': 1.2506843228448345e-10, 'reference_change_relative': 3.093818902072318e-13, 'seconds': 1.7693034312687814}
REPAIR {'case': 29, 'true_residual_history': [4.454405243979256e-09, 8.036388521340208e-11], 'roundoff_floor': 3.2395417157502356e-10, 'reference_change_relative': 1.1846744849253221e-13, 'seconds': 1.5602592299692333}
REPAIR {'case': 30, 'true_residual_history': [3.072358145519332e-09, 5.474338677772786e-11], 'roundoff_floor': 2.1787220681575814e-10, 'reference_change_relative': 1.5087151276024257e-13, 'seconds': 1.2524368148297071}
REPAIR {'case': 31, 'true_residual_history': [2.359708476687757e-09, 4.2149795516032705e-11], 'roundoff_floor': 1.6937071189841418e-10, 'reference_change_relative': 1.7951857862810165e-13, 'seconds': 1.6988711240701377}
REPAIR COMPLETE 4.4389136189753036e-13 1.411995520506082e-13
AUDIT PASSED {'driver_gates': True, 'coverage': True, 'final_uuid_matches': True, 'parity': True} 10370 0.0
VERDICT {'arm': 'rom_q128_lean@head_sdf_R512_K16', 'comparator': 'cg_0.01', 'worst_same_grid': 0.021950989738306295, 'speedup_total': 19.317471308306086, 'accuracy_bar_1pct': False, 'stretch_bar_0p5pct': False, 'speed_bar_5x': True, 'fast_arm': {'arm': 'rom_q0_lean@head_sdf_R512_K16', 'worst_same_grid': 0.03849360094871094, 'speedup_total': 19.420073438055997}, 'bar_met': False}
ALL-DONE
