host=pax003 gpu=NVIDIA A100-PCIE-40GB
jax_backend=gpu
stage MANIFEST OK
jax_backend=gpu device=cuda:0 x64=True HFIT arms=['k48_wd4', 'k48_wd3', 'k48_wd2', 'k48_short'] steps=120000
  whitening round-trip 1.183e-14   q == L^T h deviation 2.312e-15
  span LS floor: train 4.1422e-04  fresh test 2.1236e-04  (S=16384, R=512, K_ckpt=16)
   hfit[k48_wd4]       1/120000 loss 1.0426e+00 recon 1.0204e+00 [7s]
   hfit[k48_wd4]    5000/120000 loss 9.7610e-04 recon 2.7455e-02 [37s]
   hfit[k48_wd4]   10000/120000 loss 3.3588e-04 recon 1.6493e-02 [68s]
   hfit[k48_wd4]   15000/120000 loss 2.5066e-04 recon 1.5125e-02 [100s]
   hfit[k48_wd4]   20000/120000 loss 2.3696e-04 recon 1.2900e-02 [131s]
   hfit[k48_wd4]   25000/120000 loss 1.3003e-04 recon 1.0393e-02 [163s]
   hfit[k48_wd4]   30000/120000 loss 9.9170e-05 recon 9.0458e-03 [194s]
   hfit[k48_wd4]   35000/120000 loss 6.0981e-05 recon 7.0325e-03 [226s]
   hfit[k48_wd4]   40000/120000 loss 7.1837e-05 recon 7.1260e-03 [257s]
   hfit[k48_wd4]   45000/120000 loss 5.2885e-05 recon 6.3698e-03 [289s]
   hfit[k48_wd4]   50000/120000 loss 3.0957e-05 recon 5.0505e-03 [321s]
   hfit[k48_wd4]   55000/120000 loss 2.9698e-05 recon 5.1256e-03 [352s]
   hfit[k48_wd4]   60000/120000 loss 2.0410e-05 recon 4.6757e-03 [384s]
   hfit[k48_wd4]   65000/120000 loss 1.2100e-05 recon 3.2254e-03 [415s]
   hfit[k48_wd4]   70000/120000 loss 9.7165e-06 recon 2.9647e-03 [447s]
   hfit[k48_wd4]   75000/120000 loss 9.0499e-06 recon 2.8453e-03 [479s]
   hfit[k48_wd4]   80000/120000 loss 6.2847e-06 recon 2.5316e-03 [510s]
   hfit[k48_wd4]   85000/120000 loss 4.6974e-06 recon 2.1632e-03 [542s]
   hfit[k48_wd4]   90000/120000 loss 3.3154e-06 recon 1.9021e-03 [573s]
   hfit[k48_wd4]   95000/120000 loss 2.3115e-06 recon 1.6167e-03 [605s]
   hfit[k48_wd4]  100000/120000 loss 1.7628e-06 recon 1.4507e-03 [636s]
   hfit[k48_wd4]  105000/120000 loss 1.6065e-06 recon 1.3919e-03 [668s]
   hfit[k48_wd4]  110000/120000 loss 1.4569e-06 recon 1.3445e-03 [700s]
   hfit[k48_wd4]  115000/120000 loss 1.4163e-06 recon 1.3217e-03 [731s]
   hfit[k48_wd4]  120000/120000 loss 1.3793e-06 recon 1.3100e-03 [763s]
  ARM k48_wd4: recon 1.3100e-03  oracle 3.9578e-03  oracle/floor 18.6x  oracle_nn 3.9573e-03  code-refit gain 1.209x
   hfit[k48_wd3]       1/120000 loss 1.0426e+00 recon 1.0204e+00 [1s]
   hfit[k48_wd3]    5000/120000 loss 1.0809e-03 recon 2.9050e-02 [32s]
   hfit[k48_wd3]   10000/120000 loss 3.6050e-04 recon 1.7329e-02 [64s]
   hfit[k48_wd3]   15000/120000 loss 2.4020e-04 recon 1.4028e-02 [95s]
   hfit[k48_wd3]   20000/120000 loss 1.7206e-04 recon 1.1128e-02 [127s]
   hfit[k48_wd3]   25000/120000 loss 1.2548e-04 recon 9.4345e-03 [158s]
   hfit[k48_wd3]   30000/120000 loss 8.4256e-05 recon 8.2015e-03 [190s]
   hfit[k48_wd3]   35000/120000 loss 5.7163e-05 recon 6.6932e-03 [222s]
   hfit[k48_wd3]   40000/120000 loss 6.1074e-05 recon 6.8050e-03 [253s]
   hfit[k48_wd3]   45000/120000 loss 5.8878e-05 recon 6.7503e-03 [285s]
   hfit[k48_wd3]   50000/120000 loss 5.5764e-05 recon 6.4280e-03 [316s]
   hfit[k48_wd3]   55000/120000 loss 3.1025e-05 recon 5.2852e-03 [348s]
   hfit[k48_wd3]   60000/120000 loss 2.5584e-05 recon 5.0734e-03 [380s]
   hfit[k48_wd3]   65000/120000 loss 1.9247e-05 recon 3.9417e-03 [411s]
   hfit[k48_wd3]   70000/120000 loss 1.1404e-05 recon 3.1737e-03 [443s]
   hfit[k48_wd3]   75000/120000 loss 8.2684e-06 recon 2.7739e-03 [474s]
   hfit[k48_wd3]   80000/120000 loss 6.4615e-06 recon 2.4878e-03 [506s]
   hfit[k48_wd3]   85000/120000 loss 3.8605e-06 recon 1.9903e-03 [538s]
   hfit[k48_wd3]   90000/120000 loss 3.0356e-06 recon 1.8335e-03 [569s]
   hfit[k48_wd3]   95000/120000 loss 2.3561e-06 recon 1.6206e-03 [601s]
   hfit[k48_wd3]  100000/120000 loss 1.8677e-06 recon 1.4818e-03 [632s]
   hfit[k48_wd3]  105000/120000 loss 1.6273e-06 recon 1.3949e-03 [664s]
   hfit[k48_wd3]  110000/120000 loss 1.4487e-06 recon 1.3403e-03 [696s]
   hfit[k48_wd3]  115000/120000 loss 1.4107e-06 recon 1.3186e-03 [727s]
   hfit[k48_wd3]  120000/120000 loss 1.3735e-06 recon 1.3067e-03 [759s]
  ARM k48_wd3: recon 1.3067e-03  oracle 3.9575e-03  oracle/floor 18.6x  oracle_nn 3.9573e-03  code-refit gain 1.212x
   hfit[k48_wd2]       1/120000 loss 1.0426e+00 recon 1.0204e+00 [1s]
   hfit[k48_wd2]    5000/120000 loss 9.8128e-04 recon 2.7948e-02 [33s]
   hfit[k48_wd2]   10000/120000 loss 3.6030e-04 recon 1.7123e-02 [64s]
   hfit[k48_wd2]   15000/120000 loss 2.4318e-04 recon 1.4584e-02 [96s]
   hfit[k48_wd2]   20000/120000 loss 2.1650e-04 recon 1.2222e-02 [127s]
   hfit[k48_wd2]   25000/120000 loss 1.6466e-04 recon 1.1690e-02 [159s]
   hfit[k48_wd2]   30000/120000 loss 8.0096e-05 recon 7.8138e-03 [191s]
   hfit[k48_wd2]   35000/120000 loss 7.2816e-05 recon 7.5377e-03 [222s]
   hfit[k48_wd2]   40000/120000 loss 5.4881e-05 recon 6.3605e-03 [254s]
   hfit[k48_wd2]   45000/120000 loss 6.6371e-05 recon 7.1123e-03 [285s]
   hfit[k48_wd2]   50000/120000 loss 4.5392e-05 recon 6.2920e-03 [317s]
   hfit[k48_wd2]   55000/120000 loss 3.1727e-05 recon 4.8912e-03 [349s]
   hfit[k48_wd2]   60000/120000 loss 2.1884e-05 recon 4.3542e-03 [380s]
   hfit[k48_wd2]   65000/120000 loss 1.4532e-05 recon 3.5124e-03 [412s]
   hfit[k48_wd2]   70000/120000 loss 1.1576e-05 recon 3.1646e-03 [443s]
   hfit[k48_wd2]   75000/120000 loss 1.0747e-05 recon 3.0215e-03 [475s]
   hfit[k48_wd2]   80000/120000 loss 6.7942e-06 recon 2.4868e-03 [507s]
   hfit[k48_wd2]   85000/120000 loss 4.9723e-06 recon 2.2279e-03 [538s]
   hfit[k48_wd2]   90000/120000 loss 3.5807e-06 recon 1.9607e-03 [570s]
   hfit[k48_wd2]   95000/120000 loss 2.1419e-06 recon 1.5483e-03 [602s]
   hfit[k48_wd2]  100000/120000 loss 1.8901e-06 recon 1.4866e-03 [633s]
   hfit[k48_wd2]  105000/120000 loss 1.5467e-06 recon 1.3579e-03 [665s]
   hfit[k48_wd2]  110000/120000 loss 1.4134e-06 recon 1.3181e-03 [696s]
   hfit[k48_wd2]  115000/120000 loss 1.3756e-06 recon 1.2946e-03 [728s]
   hfit[k48_wd2]  120000/120000 loss 1.3371e-06 recon 1.2827e-03 [760s]
  ARM k48_wd2: recon 1.2827e-03  oracle 3.9796e-03  oracle/floor 18.7x  oracle_nn 3.9795e-03  code-refit gain 1.216x
   hfit[k48_short]       1/25000 loss 1.0426e+00 recon 1.0204e+00 [1s]
   hfit[k48_short]    5000/25000 loss 9.1378e-04 recon 2.6906e-02 [33s]
   hfit[k48_short]   10000/25000 loss 3.0743e-04 recon 1.5987e-02 [64s]
   hfit[k48_short]   15000/25000 loss 1.1264e-04 recon 1.0157e-02 [96s]
   hfit[k48_short]   20000/25000 loss 5.3998e-05 recon 7.0591e-03 [127s]
   hfit[k48_short]   25000/25000 loss 4.2761e-05 recon 6.3063e-03 [159s]
  ARM k48_short: recon 6.3063e-03  oracle 7.3157e-03  oracle/floor 34.4x  oracle_nn 7.3102e-03  code-refit gain 1.381x
HFIT done in 2557s -> /cluster/tufts/paralab/tawal01/burgacc/hf8/out/hfit_hf8.json
ALL-DONE
